[2025-03-16T15:58:20.649+0100][0.005s][info][gc,init] CardTable entry size: 512
[2025-03-16T15:58:20.649+0100][0.005s][info][gc     ] Using G1
[2025-03-16T15:58:20.650+0100][0.005s][info][gc,init] Version: 21.0.1+12-LTS-29 (release)
[2025-03-16T15:58:20.650+0100][0.005s][info][gc,init] CPUs: 10 total, 10 available
[2025-03-16T15:58:20.650+0100][0.005s][info][gc,init] Memory: 32768M
[2025-03-16T15:58:20.650+0100][0.005s][info][gc,init] Large Page Support: Disabled
[2025-03-16T15:58:20.650+0100][0.005s][info][gc,init] NUMA Support: Disabled
[2025-03-16T15:58:20.650+0100][0.005s][info][gc,init] Compressed Oops: Enabled (Zero based)
[2025-03-16T15:58:20.650+0100][0.005s][info][gc,init] Heap Region Size: 4M
[2025-03-16T15:58:20.650+0100][0.005s][info][gc,init] Heap Min Capacity: 1G
[2025-03-16T15:58:20.650+0100][0.005s][info][gc,init] Heap Initial Capacity: 1G
[2025-03-16T15:58:20.650+0100][0.005s][info][gc,init] Heap Max Capacity: 2G
[2025-03-16T15:58:20.650+0100][0.005s][info][gc,init] Pre-touch: Disabled
[2025-03-16T15:58:20.650+0100][0.005s][info][gc,init] Parallel Workers: 9
[2025-03-16T15:58:20.650+0100][0.005s][info][gc,init] Concurrent Workers: 2
[2025-03-16T15:58:20.650+0100][0.005s][info][gc,init] Concurrent Refinement Workers: 9
[2025-03-16T15:58:20.650+0100][0.005s][info][gc,init] Periodic GC: Disabled
[2025-03-16T15:58:20.653+0100][0.009s][info][gc,metaspace] CDS archive(s) mapped at: [0x0000007000000000-0x0000007000ca4000-0x0000007000ca4000), size 13254656, SharedBaseAddress: 0x0000007000000000, ArchiveRelocationMode: 1.
[2025-03-16T15:58:20.653+0100][0.009s][info][gc,metaspace] Compressed class space mapped at: 0x0000007001000000-0x0000007041000000, reserved size: 1073741824
[2025-03-16T15:58:20.653+0100][0.009s][info][gc,metaspace] Narrow klass base: 0x0000007000000000, Narrow klass shift: 0, Narrow klass range: 0x100000000
[2025-03-16T15:58:21.167+0100][0.522s][info][gc,start    ] GC(0) Pause Young (Normal) (G1 Evacuation Pause)
[2025-03-16T15:58:21.167+0100][0.523s][info][gc,task     ] GC(0) Using 9 workers of 9 for evacuation
[2025-03-16T15:58:21.169+0100][0.524s][info][gc,phases   ] GC(0)   Pre Evacuate Collection Set: 0.1ms
[2025-03-16T15:58:21.169+0100][0.524s][info][gc,phases   ] GC(0)   Merge Heap Roots: 0.0ms
[2025-03-16T15:58:21.169+0100][0.524s][info][gc,phases   ] GC(0)   Evacuate Collection Set: 1.3ms
[2025-03-16T15:58:21.169+0100][0.524s][info][gc,phases   ] GC(0)   Post Evacuate Collection Set: 0.2ms
[2025-03-16T15:58:21.169+0100][0.524s][info][gc,phases   ] GC(0)   Other: 0.3ms
[2025-03-16T15:58:21.169+0100][0.524s][info][gc,heap     ] GC(0) Eden regions: 12->0(10)
[2025-03-16T15:58:21.169+0100][0.524s][info][gc,heap     ] GC(0) Survivor regions: 0->2(2)
[2025-03-16T15:58:21.169+0100][0.524s][info][gc,heap     ] GC(0) Old regions: 1->1
[2025-03-16T15:58:21.169+0100][0.524s][info][gc,heap     ] GC(0) Humongous regions: 3->1
[2025-03-16T15:58:21.169+0100][0.524s][info][gc,metaspace] GC(0) Metaspace: 8821K(9088K)->8821K(9088K) NonClass: 7424K(7552K)->7424K(7552K) Class: 1396K(1536K)->1396K(1536K)
[2025-03-16T15:58:21.169+0100][0.524s][info][gc          ] GC(0) Pause Young (Normal) (G1 Evacuation Pause) 61M->10M(1028M) 2.071ms
[2025-03-16T15:58:21.169+0100][0.524s][info][gc,cpu      ] GC(0) User=0.01s Sys=0.01s Real=0.00s
[2025-03-16T15:58:21.519+0100][0.874s][info][gc,start    ] GC(1) Pause Young (Normal) (G1 Evacuation Pause)
[2025-03-16T15:58:21.519+0100][0.874s][info][gc,task     ] GC(1) Using 9 workers of 9 for evacuation
[2025-03-16T15:58:21.522+0100][0.877s][info][gc,phases   ] GC(1)   Pre Evacuate Collection Set: 0.1ms
[2025-03-16T15:58:21.522+0100][0.877s][info][gc,phases   ] GC(1)   Merge Heap Roots: 0.0ms
[2025-03-16T15:58:21.522+0100][0.877s][info][gc,phases   ] GC(1)   Evacuate Collection Set: 2.4ms
[2025-03-16T15:58:21.522+0100][0.877s][info][gc,phases   ] GC(1)   Post Evacuate Collection Set: 0.4ms
[2025-03-16T15:58:21.522+0100][0.877s][info][gc,phases   ] GC(1)   Other: 0.0ms
[2025-03-16T15:58:21.522+0100][0.877s][info][gc,heap     ] GC(1) Eden regions: 10->0(13)
[2025-03-16T15:58:21.522+0100][0.877s][info][gc,heap     ] GC(1) Survivor regions: 2->1(2)
[2025-03-16T15:58:21.522+0100][0.877s][info][gc,heap     ] GC(1) Old regions: 1->3
[2025-03-16T15:58:21.522+0100][0.877s][info][gc,heap     ] GC(1) Humongous regions: 1->1
[2025-03-16T15:58:21.522+0100][0.877s][info][gc,metaspace] GC(1) Metaspace: 17391K(17664K)->17391K(17664K) NonClass: 14706K(14848K)->14706K(14848K) Class: 2685K(2816K)->2685K(2816K)
[2025-03-16T15:58:21.522+0100][0.877s][info][gc          ] GC(1) Pause Young (Normal) (G1 Evacuation Pause) 50M->13M(1028M) 3.115ms
[2025-03-16T15:58:21.522+0100][0.877s][info][gc,cpu      ] GC(1) User=0.02s Sys=0.00s Real=0.01s
[2025-03-16T15:58:26.149+0100][5.504s][info][gc,start    ] GC(2) Pause Young (Concurrent Start) (Metadata GC Threshold)
[2025-03-16T15:58:26.149+0100][5.505s][info][gc,task     ] GC(2) Using 9 workers of 9 for evacuation
[2025-03-16T15:58:26.151+0100][5.506s][info][gc,phases   ] GC(2)   Pre Evacuate Collection Set: 0.1ms
[2025-03-16T15:58:26.151+0100][5.507s][info][gc,phases   ] GC(2)   Merge Heap Roots: 0.0ms
[2025-03-16T15:58:26.151+0100][5.507s][info][gc,phases   ] GC(2)   Evacuate Collection Set: 1.5ms
[2025-03-16T15:58:26.151+0100][5.507s][info][gc,phases   ] GC(2)   Post Evacuate Collection Set: 0.2ms
[2025-03-16T15:58:26.151+0100][5.507s][info][gc,phases   ] GC(2)   Other: 0.0ms
[2025-03-16T15:58:26.151+0100][5.507s][info][gc,heap     ] GC(2) Eden regions: 5->0(19)
[2025-03-16T15:58:26.151+0100][5.507s][info][gc,heap     ] GC(2) Survivor regions: 1->2(2)
[2025-03-16T15:58:26.151+0100][5.507s][info][gc,heap     ] GC(2) Old regions: 3->3
[2025-03-16T15:58:26.151+0100][5.507s][info][gc,heap     ] GC(2) Humongous regions: 1->1
[2025-03-16T15:58:26.151+0100][5.507s][info][gc,metaspace] GC(2) Metaspace: 21233K(21504K)->21233K(21504K) NonClass: 18139K(18240K)->18139K(18240K) Class: 3094K(3264K)->3094K(3264K)
[2025-03-16T15:58:26.151+0100][5.507s][info][gc          ] GC(2) Pause Young (Concurrent Start) (Metadata GC Threshold) 32M->15M(1028M) 2.079ms
[2025-03-16T15:58:26.151+0100][5.507s][info][gc,cpu      ] GC(2) User=0.01s Sys=0.00s Real=0.01s
[2025-03-16T15:58:26.151+0100][5.507s][info][gc          ] GC(3) Concurrent Mark Cycle
[2025-03-16T15:58:26.151+0100][5.507s][info][gc,marking  ] GC(3) Concurrent Scan Root Regions
[2025-03-16T15:58:26.153+0100][5.508s][info][gc,marking  ] GC(3) Concurrent Scan Root Regions 1.605ms
[2025-03-16T15:58:26.153+0100][5.508s][info][gc,marking  ] GC(3) Concurrent Mark
[2025-03-16T15:58:26.153+0100][5.508s][info][gc,marking  ] GC(3) Concurrent Mark From Roots
[2025-03-16T15:58:26.153+0100][5.508s][info][gc,task     ] GC(3) Using 2 workers of 2 for marking
[2025-03-16T15:58:26.155+0100][5.511s][info][gc,marking  ] GC(3) Concurrent Mark From Roots 2.738ms
[2025-03-16T15:58:26.155+0100][5.511s][info][gc,marking  ] GC(3) Concurrent Preclean
[2025-03-16T15:58:26.155+0100][5.511s][info][gc,marking  ] GC(3) Concurrent Preclean 0.012ms
[2025-03-16T15:58:26.155+0100][5.511s][info][gc,start    ] GC(3) Pause Remark
[2025-03-16T15:58:26.156+0100][5.512s][info][gc          ] GC(3) Pause Remark 16M->16M(1024M) 0.865ms
[2025-03-16T15:58:26.156+0100][5.512s][info][gc,cpu      ] GC(3) User=0.00s Sys=0.00s Real=0.00s
[2025-03-16T15:58:26.156+0100][5.512s][info][gc,marking  ] GC(3) Concurrent Mark 3.715ms
[2025-03-16T15:58:26.156+0100][5.512s][info][gc,marking  ] GC(3) Concurrent Rebuild Remembered Sets and Scrub Regions
[2025-03-16T15:58:26.158+0100][5.514s][info][gc,marking  ] GC(3) Concurrent Rebuild Remembered Sets and Scrub Regions 1.713ms
[2025-03-16T15:58:26.158+0100][5.514s][info][gc,start    ] GC(3) Pause Cleanup
[2025-03-16T15:58:26.158+0100][5.514s][info][gc          ] GC(3) Pause Cleanup 16M->16M(1024M) 0.051ms
[2025-03-16T15:58:26.158+0100][5.514s][info][gc,cpu      ] GC(3) User=0.00s Sys=0.00s Real=0.00s
[2025-03-16T15:58:26.158+0100][5.514s][info][gc,marking  ] GC(3) Concurrent Clear Claimed Marks
[2025-03-16T15:58:26.158+0100][5.514s][info][gc,marking  ] GC(3) Concurrent Clear Claimed Marks 0.009ms
[2025-03-16T15:58:26.158+0100][5.514s][info][gc,marking  ] GC(3) Concurrent Cleanup for Next Mark
[2025-03-16T15:58:26.159+0100][5.515s][info][gc,marking  ] GC(3) Concurrent Cleanup for Next Mark 1.328ms
[2025-03-16T15:58:26.160+0100][5.515s][info][gc          ] GC(3) Concurrent Mark Cycle 8.560ms
[2025-03-16T15:58:26.668+0100][6.024s][info][gc,start    ] GC(4) Pause Young (Prepare Mixed) (G1 Evacuation Pause)
[2025-03-16T15:58:26.668+0100][6.024s][info][gc,task     ] GC(4) Using 9 workers of 9 for evacuation
[2025-03-16T15:58:26.673+0100][6.029s][info][gc,phases   ] GC(4)   Pre Evacuate Collection Set: 0.1ms
[2025-03-16T15:58:26.673+0100][6.029s][info][gc,phases   ] GC(4)   Merge Heap Roots: 0.0ms
[2025-03-16T15:58:26.673+0100][6.029s][info][gc,phases   ] GC(4)   Evacuate Collection Set: 4.4ms
[2025-03-16T15:58:26.673+0100][6.029s][info][gc,phases   ] GC(4)   Post Evacuate Collection Set: 0.4ms
[2025-03-16T15:58:26.673+0100][6.029s][info][gc,phases   ] GC(4)   Other: 0.0ms
[2025-03-16T15:58:26.673+0100][6.029s][info][gc,heap     ] GC(4) Eden regions: 14->0(15)
[2025-03-16T15:58:26.673+0100][6.029s][info][gc,heap     ] GC(4) Survivor regions: 2->2(2)
[2025-03-16T15:58:26.673+0100][6.029s][info][gc,heap     ] GC(4) Old regions: 3->6
[2025-03-16T15:58:26.673+0100][6.029s][info][gc,heap     ] GC(4) Humongous regions: 1->1
[2025-03-16T15:58:26.673+0100][6.029s][info][gc,metaspace] GC(4) Metaspace: 25589K(25984K)->25589K(25984K) NonClass: 22017K(22208K)->22017K(22208K) Class: 3571K(3776K)->3571K(3776K)
[2025-03-16T15:58:26.673+0100][6.029s][info][gc          ] GC(4) Pause Young (Prepare Mixed) (G1 Evacuation Pause) 71M->27M(1024M) 5.193ms
[2025-03-16T15:58:26.673+0100][6.029s][info][gc,cpu      ] GC(4) User=0.03s Sys=0.01s Real=0.01s
[2025-03-16T15:58:26.799+0100][6.155s][info][gc,start    ] GC(5) Pause Young (Mixed) (G1 Evacuation Pause)
[2025-03-16T15:58:26.799+0100][6.155s][info][gc,task     ] GC(5) Using 9 workers of 9 for evacuation
[2025-03-16T15:58:26.805+0100][6.161s][info][gc,phases   ] GC(5)   Pre Evacuate Collection Set: 0.1ms
[2025-03-16T15:58:26.805+0100][6.161s][info][gc,phases   ] GC(5)   Merge Heap Roots: 0.0ms
[2025-03-16T15:58:26.805+0100][6.161s][info][gc,phases   ] GC(5)   Evacuate Collection Set: 4.9ms
[2025-03-16T15:58:26.805+0100][6.161s][info][gc,phases   ] GC(5)   Post Evacuate Collection Set: 0.5ms
[2025-03-16T15:58:26.805+0100][6.161s][info][gc,phases   ] GC(5)   Other: 0.0ms
[2025-03-16T15:58:26.805+0100][6.161s][info][gc,heap     ] GC(5) Eden regions: 12->0(14)
[2025-03-16T15:58:26.805+0100][6.161s][info][gc,heap     ] GC(5) Survivor regions: 2->2(2)
[2025-03-16T15:58:26.805+0100][6.161s][info][gc,heap     ] GC(5) Old regions: 6->8
[2025-03-16T15:58:26.805+0100][6.161s][info][gc,heap     ] GC(5) Humongous regions: 1->1
[2025-03-16T15:58:26.805+0100][6.161s][info][gc,metaspace] GC(5) Metaspace: 25953K(26368K)->25953K(26368K) NonClass: 22355K(22592K)->22355K(22592K) Class: 3597K(3776K)->3597K(3776K)
[2025-03-16T15:58:26.805+0100][6.161s][info][gc          ] GC(5) Pause Young (Mixed) (G1 Evacuation Pause) 75M->37M(1024M) 5.725ms
[2025-03-16T15:58:26.805+0100][6.161s][info][gc,cpu      ] GC(5) User=0.03s Sys=0.00s Real=0.01s
[2025-03-16T15:58:26.916+0100][6.272s][info][gc,start    ] GC(6) Pause Young (Normal) (G1 Evacuation Pause)
[2025-03-16T15:58:26.916+0100][6.272s][info][gc,task     ] GC(6) Using 9 workers of 9 for evacuation
[2025-03-16T15:58:26.920+0100][6.276s][info][gc,phases   ] GC(6)   Pre Evacuate Collection Set: 0.1ms
[2025-03-16T15:58:26.920+0100][6.276s][info][gc,phases   ] GC(6)   Merge Heap Roots: 0.1ms
[2025-03-16T15:58:26.920+0100][6.276s][info][gc,phases   ] GC(6)   Evacuate Collection Set: 3.6ms
[2025-03-16T15:58:26.920+0100][6.276s][info][gc,phases   ] GC(6)   Post Evacuate Collection Set: 0.3ms
[2025-03-16T15:58:26.920+0100][6.276s][info][gc,phases   ] GC(6)   Other: 0.0ms
[2025-03-16T15:58:26.920+0100][6.276s][info][gc,heap     ] GC(6) Eden regions: 11->0(20)
[2025-03-16T15:58:26.920+0100][6.276s][info][gc,heap     ] GC(6) Survivor regions: 2->2(2)
[2025-03-16T15:58:26.920+0100][6.276s][info][gc,heap     ] GC(6) Old regions: 8->9
[2025-03-16T15:58:26.920+0100][6.276s][info][gc,heap     ] GC(6) Humongous regions: 1->1
[2025-03-16T15:58:26.920+0100][6.276s][info][gc,metaspace] GC(6) Metaspace: 26108K(26496K)->26108K(26496K) NonClass: 22511K(22720K)->22511K(22720K) Class: 3597K(3776K)->3597K(3776K)
[2025-03-16T15:58:26.920+0100][6.276s][info][gc          ] GC(6) Pause Young (Normal) (G1 Evacuation Pause) 81M->44M(1024M) 4.146ms
[2025-03-16T15:58:26.920+0100][6.276s][info][gc,cpu      ] GC(6) User=0.02s Sys=0.00s Real=0.01s
[2025-03-16T15:58:27.084+0100][6.440s][info][gc,start    ] GC(7) Pause Young (Normal) (G1 Evacuation Pause)
[2025-03-16T15:58:27.084+0100][6.440s][info][gc,task     ] GC(7) Using 9 workers of 9 for evacuation
[2025-03-16T15:58:27.090+0100][6.446s][info][gc,phases   ] GC(7)   Pre Evacuate Collection Set: 0.1ms
[2025-03-16T15:58:27.090+0100][6.446s][info][gc,phases   ] GC(7)   Merge Heap Roots: 0.1ms
[2025-03-16T15:58:27.090+0100][6.446s][info][gc,phases   ] GC(7)   Evacuate Collection Set: 5.2ms
[2025-03-16T15:58:27.090+0100][6.446s][info][gc,phases   ] GC(7)   Post Evacuate Collection Set: 0.5ms
[2025-03-16T15:58:27.090+0100][6.446s][info][gc,phases   ] GC(7)   Other: 0.0ms
[2025-03-16T15:58:27.090+0100][6.446s][info][gc,heap     ] GC(7) Eden regions: 18->0(102)
[2025-03-16T15:58:27.090+0100][6.446s][info][gc,heap     ] GC(7) Survivor regions: 2->3(3)
[2025-03-16T15:58:27.090+0100][6.446s][info][gc,heap     ] GC(7) Old regions: 9->11
[2025-03-16T15:58:27.090+0100][6.446s][info][gc,heap     ] GC(7) Humongous regions: 1->1
[2025-03-16T15:58:27.090+0100][6.446s][info][gc,metaspace] GC(7) Metaspace: 26183K(26560K)->26183K(26560K) NonClass: 22586K(22784K)->22586K(22784K) Class: 3597K(3776K)->3597K(3776K)
[2025-03-16T15:58:27.090+0100][6.446s][info][gc          ] GC(7) Pause Young (Normal) (G1 Evacuation Pause) 116M->54M(1024M) 5.976ms
[2025-03-16T15:58:27.090+0100][6.446s][info][gc,cpu      ] GC(7) User=0.03s Sys=0.00s Real=0.01s
[2025-03-16T15:58:28.057+0100][7.413s][info][gc,start    ] GC(8) Pause Young (Normal) (GCLocker Initiated GC)
[2025-03-16T15:58:28.057+0100][7.413s][info][gc,task     ] GC(8) Using 9 workers of 9 for evacuation
[2025-03-16T15:58:28.074+0100][7.429s][info][gc,phases   ] GC(8)   Pre Evacuate Collection Set: 0.1ms
[2025-03-16T15:58:28.074+0100][7.429s][info][gc,phases   ] GC(8)   Merge Heap Roots: 0.1ms
[2025-03-16T15:58:28.074+0100][7.429s][info][gc,phases   ] GC(8)   Evacuate Collection Set: 15.2ms
[2025-03-16T15:58:28.074+0100][7.429s][info][gc,phases   ] GC(8)   Post Evacuate Collection Set: 0.8ms
[2025-03-16T15:58:28.074+0100][7.429s][info][gc,phases   ] GC(8)   Other: 0.0ms
[2025-03-16T15:58:28.074+0100][7.429s][info][gc,heap     ] GC(8) Eden regions: 103->0(74)
[2025-03-16T15:58:28.074+0100][7.429s][info][gc,heap     ] GC(8) Survivor regions: 3->9(14)
[2025-03-16T15:58:28.074+0100][7.429s][info][gc,heap     ] GC(8) Old regions: 11->11
[2025-03-16T15:58:28.074+0100][7.429s][info][gc,heap     ] GC(8) Humongous regions: 1->1
[2025-03-16T15:58:28.074+0100][7.429s][info][gc,metaspace] GC(8) Metaspace: 26581K(26944K)->26581K(26944K) NonClass: 22983K(23168K)->22983K(23168K) Class: 3597K(3776K)->3597K(3776K)
[2025-03-16T15:58:28.074+0100][7.429s][info][gc          ] GC(8) Pause Young (Normal) (GCLocker Initiated GC) 466M->75M(1024M) 16.402ms
[2025-03-16T15:58:28.074+0100][7.429s][info][gc,cpu      ] GC(8) User=0.06s Sys=0.02s Real=0.02s
[2025-03-16T15:58:28.751+0100][8.107s][info][gc,start    ] GC(9) Pause Young (Normal) (G1 Evacuation Pause)
[2025-03-16T15:58:28.751+0100][8.107s][info][gc,task     ] GC(9) Using 9 workers of 9 for evacuation
[2025-03-16T15:58:28.763+0100][8.119s][info][gc,phases   ] GC(9)   Pre Evacuate Collection Set: 0.1ms
[2025-03-16T15:58:28.763+0100][8.119s][info][gc,phases   ] GC(9)   Merge Heap Roots: 0.1ms
[2025-03-16T15:58:28.763+0100][8.119s][info][gc,phases   ] GC(9)   Evacuate Collection Set: 11.1ms
[2025-03-16T15:58:28.763+0100][8.119s][info][gc,phases   ] GC(9)   Post Evacuate Collection Set: 0.8ms
[2025-03-16T15:58:28.763+0100][8.119s][info][gc,phases   ] GC(9)   Other: 0.0ms
[2025-03-16T15:58:28.763+0100][8.119s][info][gc,heap     ] GC(9) Eden regions: 81->0(36)
[2025-03-16T15:58:28.763+0100][8.119s][info][gc,heap     ] GC(9) Survivor regions: 9->12(12)
[2025-03-16T15:58:28.763+0100][8.119s][info][gc,heap     ] GC(9) Old regions: 11->15
[2025-03-16T15:58:28.763+0100][8.119s][info][gc,heap     ] GC(9) Humongous regions: 1->1
[2025-03-16T15:58:28.763+0100][8.119s][info][gc,metaspace] GC(9) Metaspace: 26737K(27136K)->26737K(27136K) NonClass: 23139K(23360K)->23139K(23360K) Class: 3597K(3776K)->3597K(3776K)
[2025-03-16T15:58:28.763+0100][8.119s][info][gc          ] GC(9) Pause Young (Normal) (G1 Evacuation Pause) 399M->108M(1024M) 12.339ms
[2025-03-16T15:58:28.764+0100][8.119s][info][gc,cpu      ] GC(9) User=0.08s Sys=0.01s Real=0.01s
[2025-03-16T15:58:29.017+0100][8.373s][info][gc,start    ] GC(10) Pause Young (Normal) (G1 Evacuation Pause)
[2025-03-16T15:58:29.017+0100][8.373s][info][gc,task     ] GC(10) Using 9 workers of 9 for evacuation
[2025-03-16T15:58:29.030+0100][8.385s][info][gc,phases   ] GC(10)   Pre Evacuate Collection Set: 0.1ms
[2025-03-16T15:58:29.030+0100][8.385s][info][gc,phases   ] GC(10)   Merge Heap Roots: 0.1ms
[2025-03-16T15:58:29.030+0100][8.385s][info][gc,phases   ] GC(10)   Evacuate Collection Set: 11.6ms
[2025-03-16T15:58:29.030+0100][8.385s][info][gc,phases   ] GC(10)   Post Evacuate Collection Set: 0.9ms
[2025-03-16T15:58:29.030+0100][8.385s][info][gc,phases   ] GC(10)   Other: 0.0ms
[2025-03-16T15:58:29.030+0100][8.385s][info][gc,heap     ] GC(10) Eden regions: 30->0(66)
[2025-03-16T15:58:29.030+0100][8.385s][info][gc,heap     ] GC(10) Survivor regions: 12->6(6)
[2025-03-16T15:58:29.030+0100][8.385s][info][gc,heap     ] GC(10) Old regions: 15->25
[2025-03-16T15:58:29.030+0100][8.385s][info][gc,heap     ] GC(10) Humongous regions: 1->1
[2025-03-16T15:58:29.030+0100][8.386s][info][gc,metaspace] GC(10) Metaspace: 26764K(27136K)->26764K(27136K) NonClass: 23166K(23360K)->23166K(23360K) Class: 3597K(3776K)->3597K(3776K)
[2025-03-16T15:58:29.030+0100][8.386s][info][gc          ] GC(10) Pause Young (Normal) (G1 Evacuation Pause) 228M->123M(1024M) 12.940ms
[2025-03-16T15:58:29.030+0100][8.386s][info][gc,cpu      ] GC(10) User=0.09s Sys=0.01s Real=0.02s
[2025-03-16T15:58:29.365+0100][8.721s][info][gc,start    ] GC(11) Pause Young (Normal) (G1 Evacuation Pause)
[2025-03-16T15:58:29.365+0100][8.721s][info][gc,task     ] GC(11) Using 9 workers of 9 for evacuation
[2025-03-16T15:58:29.371+0100][8.726s][info][gc,phases   ] GC(11)   Pre Evacuate Collection Set: 0.1ms
[2025-03-16T15:58:29.371+0100][8.726s][info][gc,phases   ] GC(11)   Merge Heap Roots: 0.1ms
[2025-03-16T15:58:29.371+0100][8.726s][info][gc,phases   ] GC(11)   Evacuate Collection Set: 4.8ms
[2025-03-16T15:58:29.371+0100][8.726s][info][gc,phases   ] GC(11)   Post Evacuate Collection Set: 0.6ms
[2025-03-16T15:58:29.371+0100][8.726s][info][gc,phases   ] GC(11)   Other: 0.0ms
[2025-03-16T15:58:29.371+0100][8.726s][info][gc,heap     ] GC(11) Eden regions: 55->0(127)
[2025-03-16T15:58:29.371+0100][8.726s][info][gc,heap     ] GC(11) Survivor regions: 6->7(8)
[2025-03-16T15:58:29.371+0100][8.726s][info][gc,heap     ] GC(11) Old regions: 25->27
[2025-03-16T15:58:29.371+0100][8.726s][info][gc,heap     ] GC(11) Humongous regions: 1->1
[2025-03-16T15:58:29.371+0100][8.726s][info][gc,metaspace] GC(11) Metaspace: 26797K(27136K)->26797K(27136K) NonClass: 23199K(23360K)->23199K(23360K) Class: 3597K(3776K)->3597K(3776K)
[2025-03-16T15:58:29.371+0100][8.726s][info][gc          ] GC(11) Pause Young (Normal) (G1 Evacuation Pause) 343M->131M(1024M) 5.797ms
[2025-03-16T15:58:29.371+0100][8.727s][info][gc,cpu      ] GC(11) User=0.05s Sys=0.01s Real=0.01s
[2025-03-16T15:58:30.157+0100][9.513s][info][gc,start    ] GC(12) Pause Young (Normal) (G1 Evacuation Pause)
[2025-03-16T15:58:30.157+0100][9.513s][info][gc,task     ] GC(12) Using 9 workers of 9 for evacuation
[2025-03-16T15:58:30.165+0100][9.521s][info][gc,phases   ] GC(12)   Pre Evacuate Collection Set: 0.1ms
[2025-03-16T15:58:30.165+0100][9.521s][info][gc,phases   ] GC(12)   Merge Heap Roots: 0.0ms
[2025-03-16T15:58:30.165+0100][9.521s][info][gc,phases   ] GC(12)   Evacuate Collection Set: 7.1ms
[2025-03-16T15:58:30.165+0100][9.521s][info][gc,phases   ] GC(12)   Post Evacuate Collection Set: 1.0ms
[2025-03-16T15:58:30.165+0100][9.521s][info][gc,phases   ] GC(12)   Other: 0.0ms
[2025-03-16T15:58:30.165+0100][9.521s][info][gc,heap     ] GC(12) Eden regions: 144->0(145)
[2025-03-16T15:58:30.165+0100][9.521s][info][gc,heap     ] GC(12) Survivor regions: 7->8(19)
[2025-03-16T15:58:30.165+0100][9.521s][info][gc,heap     ] GC(12) Old regions: 27->27
[2025-03-16T15:58:30.165+0100][9.521s][info][gc,heap     ] GC(12) Humongous regions: 1->1
[2025-03-16T15:58:30.165+0100][9.521s][info][gc,metaspace] GC(12) Metaspace: 26852K(27264K)->26852K(27264K) NonClass: 23254K(23488K)->23254K(23488K) Class: 3597K(3776K)->3597K(3776K)
[2025-03-16T15:58:30.165+0100][9.521s][info][gc          ] GC(12) Pause Young (Normal) (G1 Evacuation Pause) 707M->135M(1024M) 8.423ms
[2025-03-16T15:58:30.165+0100][9.521s][info][gc,cpu      ] GC(12) User=0.04s Sys=0.01s Real=0.01s
[2025-03-16T15:58:30.845+0100][10.200s][info][gc,start    ] GC(13) Pause Young (Normal) (G1 Evacuation Pause)
[2025-03-16T15:58:30.845+0100][10.200s][info][gc,task     ] GC(13) Using 9 workers of 9 for evacuation
[2025-03-16T15:58:30.853+0100][10.209s][info][gc,phases   ] GC(13)   Pre Evacuate Collection Set: 0.1ms
[2025-03-16T15:58:30.853+0100][10.209s][info][gc,phases   ] GC(13)   Merge Heap Roots: 0.1ms
[2025-03-16T15:58:30.853+0100][10.209s][info][gc,phases   ] GC(13)   Evacuate Collection Set: 7.1ms
[2025-03-16T15:58:30.853+0100][10.209s][info][gc,phases   ] GC(13)   Post Evacuate Collection Set: 0.9ms
[2025-03-16T15:58:30.853+0100][10.209s][info][gc,phases   ] GC(13)   Other: 0.0ms
[2025-03-16T15:58:30.853+0100][10.209s][info][gc,heap     ] GC(13) Eden regions: 145->0(141)
[2025-03-16T15:58:30.853+0100][10.209s][info][gc,heap     ] GC(13) Survivor regions: 8->12(20)
[2025-03-16T15:58:30.853+0100][10.209s][info][gc,heap     ] GC(13) Old regions: 27->27
[2025-03-16T15:58:30.853+0100][10.209s][info][gc,heap     ] GC(13) Humongous regions: 1->1
[2025-03-16T15:58:30.853+0100][10.209s][info][gc,metaspace] GC(13) Metaspace: 26985K(27392K)->26985K(27392K) NonClass: 23387K(23616K)->23387K(23616K) Class: 3597K(3776K)->3597K(3776K)
[2025-03-16T15:58:30.853+0100][10.209s][info][gc          ] GC(13) Pause Young (Normal) (G1 Evacuation Pause) 715M->151M(1024M) 8.362ms
[2025-03-16T15:58:30.853+0100][10.209s][info][gc,cpu      ] GC(13) User=0.06s Sys=0.01s Real=0.01s
[2025-03-16T15:58:31.533+0100][10.888s][info][gc,start    ] GC(14) Pause Young (Normal) (GCLocker Initiated GC)
[2025-03-16T15:58:31.533+0100][10.888s][info][gc,task     ] GC(14) Using 9 workers of 9 for evacuation
[2025-03-16T15:58:31.540+0100][10.896s][info][gc,phases   ] GC(14)   Pre Evacuate Collection Set: 0.1ms
[2025-03-16T15:58:31.540+0100][10.896s][info][gc,phases   ] GC(14)   Merge Heap Roots: 0.1ms
[2025-03-16T15:58:31.540+0100][10.896s][info][gc,phases   ] GC(14)   Evacuate Collection Set: 6.4ms
[2025-03-16T15:58:31.540+0100][10.896s][info][gc,phases   ] GC(14)   Post Evacuate Collection Set: 0.7ms
[2025-03-16T15:58:31.540+0100][10.896s][info][gc,phases   ] GC(14)   Other: 0.0ms
[2025-03-16T15:58:31.540+0100][10.896s][info][gc,heap     ] GC(14) Eden regions: 142->0(142)
[2025-03-16T15:58:31.540+0100][10.896s][info][gc,heap     ] GC(14) Survivor regions: 12->11(20)
[2025-03-16T15:58:31.540+0100][10.896s][info][gc,heap     ] GC(14) Old regions: 27->27
[2025-03-16T15:58:31.540+0100][10.896s][info][gc,heap     ] GC(14) Humongous regions: 1->1
[2025-03-16T15:58:31.540+0100][10.896s][info][gc,metaspace] GC(14) Metaspace: 27025K(27392K)->27025K(27392K) NonClass: 23426K(23616K)->23426K(23616K) Class: 3599K(3776K)->3599K(3776K)
[2025-03-16T15:58:31.540+0100][10.896s][info][gc          ] GC(14) Pause Young (Normal) (GCLocker Initiated GC) 717M->148M(1024M) 7.515ms
[2025-03-16T15:58:31.540+0100][10.896s][info][gc,cpu      ] GC(14) User=0.06s Sys=0.01s Real=0.01s
[2025-03-16T15:58:32.157+0100][11.513s][info][gc,start    ] GC(15) Pause Young (Normal) (G1 Evacuation Pause)
[2025-03-16T15:58:32.157+0100][11.513s][info][gc,task     ] GC(15) Using 9 workers of 9 for evacuation
[2025-03-16T15:58:32.177+0100][11.533s][info][gc,phases   ] GC(15)   Pre Evacuate Collection Set: 0.1ms
[2025-03-16T15:58:32.177+0100][11.533s][info][gc,phases   ] GC(15)   Merge Heap Roots: 0.1ms
[2025-03-16T15:58:32.177+0100][11.533s][info][gc,phases   ] GC(15)   Evacuate Collection Set: 17.9ms
[2025-03-16T15:58:32.177+0100][11.533s][info][gc,phases   ] GC(15)   Post Evacuate Collection Set: 1.8ms
[2025-03-16T15:58:32.177+0100][11.533s][info][gc,phases   ] GC(15)   Other: 0.0ms
[2025-03-16T15:58:32.177+0100][11.533s][info][gc,heap     ] GC(15) Eden regions: 142->0(133)
[2025-03-16T15:58:32.177+0100][11.533s][info][gc,heap     ] GC(15) Survivor regions: 11->20(20)
[2025-03-16T15:58:32.177+0100][11.533s][info][gc,heap     ] GC(15) Old regions: 27->27
[2025-03-16T15:58:32.177+0100][11.533s][info][gc,heap     ] GC(15) Humongous regions: 1->1
[2025-03-16T15:58:32.177+0100][11.533s][info][gc,metaspace] GC(15) Metaspace: 27054K(27456K)->27054K(27456K) NonClass: 23454K(23680K)->23454K(23680K) Class: 3599K(3776K)->3599K(3776K)
[2025-03-16T15:58:32.177+0100][11.533s][info][gc          ] GC(15) Pause Young (Normal) (G1 Evacuation Pause) 716M->187M(1024M) 20.003ms
[2025-03-16T15:58:32.177+0100][11.533s][info][gc,cpu      ] GC(15) User=0.13s Sys=0.01s Real=0.02s
[2025-03-16T15:58:32.833+0100][12.188s][info][gc,start    ] GC(16) Pause Young (Normal) (G1 Evacuation Pause)
[2025-03-16T15:58:32.833+0100][12.189s][info][gc,task     ] GC(16) Using 9 workers of 9 for evacuation
[2025-03-16T15:58:32.982+0100][12.337s][info][gc,mmu      ] GC(16) MMU target violated: 101.0ms (100.0ms/101.0ms)
[2025-03-16T15:58:32.982+0100][12.337s][info][gc,phases   ] GC(16)   Pre Evacuate Collection Set: 0.3ms
[2025-03-16T15:58:32.982+0100][12.338s][info][gc,phases   ] GC(16)   Merge Heap Roots: 0.9ms
[2025-03-16T15:58:32.982+0100][12.338s][info][gc,phases   ] GC(16)   Evacuate Collection Set: 146.1ms
[2025-03-16T15:58:32.982+0100][12.338s][info][gc,phases   ] GC(16)   Post Evacuate Collection Set: 1.3ms
[2025-03-16T15:58:32.982+0100][12.338s][info][gc,phases   ] GC(16)   Other: 0.2ms
[2025-03-16T15:58:32.982+0100][12.338s][info][gc,heap     ] GC(16) Eden regions: 133->0(144)
[2025-03-16T15:58:32.982+0100][12.338s][info][gc,heap     ] GC(16) Survivor regions: 20->9(20)
[2025-03-16T15:58:32.982+0100][12.338s][info][gc,heap     ] GC(16) Old regions: 27->39
[2025-03-16T15:58:32.982+0100][12.338s][info][gc,heap     ] GC(16) Humongous regions: 1->1
[2025-03-16T15:58:32.982+0100][12.338s][info][gc,metaspace] GC(16) Metaspace: 27089K(27456K)->27089K(27456K) NonClass: 23490K(23680K)->23490K(23680K) Class: 3599K(3776K)->3599K(3776K)
[2025-03-16T15:58:32.982+0100][12.338s][info][gc          ] GC(16) Pause Young (Normal) (G1 Evacuation Pause) 719M->192M(1024M) 149.120ms
[2025-03-16T15:58:32.982+0100][12.338s][info][gc,cpu      ] GC(16) User=0.15s Sys=0.05s Real=0.15s
[2025-03-16T15:58:33.545+0100][12.901s][info][gc,start    ] GC(17) Pause Young (Normal) (GCLocker Initiated GC)
[2025-03-16T15:58:33.545+0100][12.901s][info][gc,task     ] GC(17) Using 9 workers of 9 for evacuation
[2025-03-16T15:58:33.559+0100][12.915s][info][gc,phases   ] GC(17)   Pre Evacuate Collection Set: 0.1ms
[2025-03-16T15:58:33.559+0100][12.915s][info][gc,phases   ] GC(17)   Merge Heap Roots: 0.1ms
[2025-03-16T15:58:33.559+0100][12.915s][info][gc,phases   ] GC(17)   Evacuate Collection Set: 12.6ms
[2025-03-16T15:58:33.559+0100][12.915s][info][gc,phases   ] GC(17)   Post Evacuate Collection Set: 1.4ms
[2025-03-16T15:58:33.559+0100][12.915s][info][gc,phases   ] GC(17)   Other: 0.0ms
[2025-03-16T15:58:33.559+0100][12.915s][info][gc,heap     ] GC(17) Eden regions: 144->0(93)
[2025-03-16T15:58:33.559+0100][12.915s][info][gc,heap     ] GC(17) Survivor regions: 9->20(20)
[2025-03-16T15:58:33.559+0100][12.915s][info][gc,heap     ] GC(17) Old regions: 39->41
[2025-03-16T15:58:33.559+0100][12.915s][info][gc,heap     ] GC(17) Humongous regions: 1->1
[2025-03-16T15:58:33.559+0100][12.915s][info][gc,metaspace] GC(17) Metaspace: 27128K(27520K)->27128K(27520K) NonClass: 23528K(23744K)->23528K(23744K) Class: 3599K(3776K)->3599K(3776K)
[2025-03-16T15:58:33.559+0100][12.915s][info][gc          ] GC(17) Pause Young (Normal) (GCLocker Initiated GC) 768M->242M(1024M) 14.336ms
[2025-03-16T15:58:33.559+0100][12.915s][info][gc,cpu      ] GC(17) User=0.11s Sys=0.01s Real=0.01s
[2025-03-16T15:58:33.968+0100][13.324s][info][gc,start    ] GC(18) Pause Young (Normal) (G1 Evacuation Pause)
[2025-03-16T15:58:33.969+0100][13.324s][info][gc,task     ] GC(18) Using 9 workers of 9 for evacuation
[2025-03-16T15:58:33.983+0100][13.339s][info][gc,phases   ] GC(18)   Pre Evacuate Collection Set: 0.1ms
[2025-03-16T15:58:33.983+0100][13.339s][info][gc,phases   ] GC(18)   Merge Heap Roots: 0.1ms
[2025-03-16T15:58:33.983+0100][13.339s][info][gc,phases   ] GC(18)   Evacuate Collection Set: 13.4ms
[2025-03-16T15:58:33.983+0100][13.339s][info][gc,phases   ] GC(18)   Post Evacuate Collection Set: 1.0ms
[2025-03-16T15:58:33.983+0100][13.339s][info][gc,phases   ] GC(18)   Other: 0.0ms
[2025-03-16T15:58:33.983+0100][13.339s][info][gc,heap     ] GC(18) Eden regions: 94->0(143)
[2025-03-16T15:58:33.983+0100][13.339s][info][gc,heap     ] GC(18) Survivor regions: 20->10(15)
[2025-03-16T15:58:33.983+0100][13.339s][info][gc,heap     ] GC(18) Old regions: 41->54
[2025-03-16T15:58:33.983+0100][13.339s][info][gc,heap     ] GC(18) Humongous regions: 1->1
[2025-03-16T15:58:33.983+0100][13.339s][info][gc,metaspace] GC(18) Metaspace: 27133K(27520K)->27133K(27520K) NonClass: 23533K(23744K)->23533K(23744K) Class: 3599K(3776K)->3599K(3776K)
[2025-03-16T15:58:33.983+0100][13.339s][info][gc          ] GC(18) Pause Young (Normal) (G1 Evacuation Pause) 618M->254M(1024M) 14.804ms
[2025-03-16T15:58:33.983+0100][13.339s][info][gc,cpu      ] GC(18) User=0.11s Sys=0.01s Real=0.02s
[2025-03-16T15:58:34.521+0100][13.877s][info][gc,start    ] GC(19) Pause Young (Normal) (GCLocker Initiated GC)
[2025-03-16T15:58:34.521+0100][13.877s][info][gc,task     ] GC(19) Using 9 workers of 9 for evacuation
[2025-03-16T15:58:34.529+0100][13.885s][info][gc,phases   ] GC(19)   Pre Evacuate Collection Set: 0.1ms
[2025-03-16T15:58:34.529+0100][13.885s][info][gc,phases   ] GC(19)   Merge Heap Roots: 0.1ms
[2025-03-16T15:58:34.529+0100][13.885s][info][gc,phases   ] GC(19)   Evacuate Collection Set: 6.6ms
[2025-03-16T15:58:34.529+0100][13.885s][info][gc,phases   ] GC(19)   Post Evacuate Collection Set: 0.8ms
[2025-03-16T15:58:34.529+0100][13.885s][info][gc,phases   ] GC(19)   Other: 0.0ms
[2025-03-16T15:58:34.529+0100][13.885s][info][gc,heap     ] GC(19) Eden regions: 144->0(143)
[2025-03-16T15:58:34.529+0100][13.885s][info][gc,heap     ] GC(19) Survivor regions: 10->10(20)
[2025-03-16T15:58:34.529+0100][13.885s][info][gc,heap     ] GC(19) Old regions: 54->54
[2025-03-16T15:58:34.529+0100][13.885s][info][gc,heap     ] GC(19) Humongous regions: 1->1
[2025-03-16T15:58:34.529+0100][13.885s][info][gc,metaspace] GC(19) Metaspace: 27137K(27520K)->27137K(27520K) NonClass: 23538K(23744K)->23538K(23744K) Class: 3599K(3776K)->3599K(3776K)
[2025-03-16T15:58:34.529+0100][13.885s][info][gc          ] GC(19) Pause Young (Normal) (GCLocker Initiated GC) 828M->254M(1024M) 7.833ms
[2025-03-16T15:58:34.529+0100][13.885s][info][gc,cpu      ] GC(19) User=0.06s Sys=0.00s Real=0.00s
[2025-03-16T15:58:35.064+0100][14.419s][info][gc,start    ] GC(20) Pause Young (Normal) (G1 Evacuation Pause)
[2025-03-16T15:58:35.064+0100][14.419s][info][gc,task     ] GC(20) Using 9 workers of 9 for evacuation
[2025-03-16T15:58:35.076+0100][14.431s][info][gc,phases   ] GC(20)   Pre Evacuate Collection Set: 0.1ms
[2025-03-16T15:58:35.076+0100][14.432s][info][gc,phases   ] GC(20)   Merge Heap Roots: 0.0ms
[2025-03-16T15:58:35.076+0100][14.432s][info][gc,phases   ] GC(20)   Evacuate Collection Set: 10.8ms
[2025-03-16T15:58:35.076+0100][14.432s][info][gc,phases   ] GC(20)   Post Evacuate Collection Set: 1.3ms
[2025-03-16T15:58:35.076+0100][14.432s][info][gc,phases   ] GC(20)   Other: 0.0ms
[2025-03-16T15:58:35.076+0100][14.432s][info][gc,heap     ] GC(20) Eden regions: 143->0(136)
[2025-03-16T15:58:35.076+0100][14.432s][info][gc,heap     ] GC(20) Survivor regions: 10->17(20)
[2025-03-16T15:58:35.076+0100][14.432s][info][gc,heap     ] GC(20) Old regions: 54->54
[2025-03-16T15:58:35.076+0100][14.432s][info][gc,heap     ] GC(20) Humongous regions: 1->1
[2025-03-16T15:58:35.076+0100][14.432s][info][gc,metaspace] GC(20) Metaspace: 27150K(27520K)->27150K(27520K) NonClass: 23550K(23744K)->23550K(23744K) Class: 3599K(3776K)->3599K(3776K)
[2025-03-16T15:58:35.076+0100][14.432s][info][gc          ] GC(20) Pause Young (Normal) (G1 Evacuation Pause) 826M->284M(1024M) 12.403ms
[2025-03-16T15:58:35.076+0100][14.432s][info][gc,cpu      ] GC(20) User=0.10s Sys=0.00s Real=0.01s
[2025-03-16T15:58:35.635+0100][14.990s][info][gc,start    ] GC(21) Pause Young (Normal) (G1 Evacuation Pause)
[2025-03-16T15:58:35.635+0100][14.991s][info][gc,task     ] GC(21) Using 9 workers of 9 for evacuation
[2025-03-16T15:58:35.646+0100][15.002s][info][gc,phases   ] GC(21)   Pre Evacuate Collection Set: 0.1ms
[2025-03-16T15:58:35.646+0100][15.002s][info][gc,phases   ] GC(21)   Merge Heap Roots: 0.1ms
[2025-03-16T15:58:35.646+0100][15.002s][info][gc,phases   ] GC(21)   Evacuate Collection Set: 9.9ms
[2025-03-16T15:58:35.646+0100][15.002s][info][gc,phases   ] GC(21)   Post Evacuate Collection Set: 1.2ms
[2025-03-16T15:58:35.646+0100][15.002s][info][gc,phases   ] GC(21)   Other: 0.0ms
[2025-03-16T15:58:35.646+0100][15.002s][info][gc,heap     ] GC(21) Eden regions: 136->0(138)
[2025-03-16T15:58:35.646+0100][15.002s][info][gc,heap     ] GC(21) Survivor regions: 17->15(20)
[2025-03-16T15:58:35.646+0100][15.002s][info][gc,heap     ] GC(21) Old regions: 54->57
[2025-03-16T15:58:35.646+0100][15.002s][info][gc,heap     ] GC(21) Humongous regions: 1->1
[2025-03-16T15:58:35.646+0100][15.002s][info][gc,metaspace] GC(21) Metaspace: 27190K(27584K)->27190K(27584K) NonClass: 23591K(23808K)->23591K(23808K) Class: 3599K(3776K)->3599K(3776K)
[2025-03-16T15:58:35.646+0100][15.002s][info][gc          ] GC(21) Pause Young (Normal) (G1 Evacuation Pause) 828M->288M(1024M) 11.517ms
[2025-03-16T15:58:35.646+0100][15.002s][info][gc,cpu      ] GC(21) User=0.09s Sys=0.01s Real=0.01s
[2025-03-16T15:58:36.221+0100][15.577s][info][gc,start    ] GC(22) Pause Young (Normal) (G1 Evacuation Pause)
[2025-03-16T15:58:36.221+0100][15.577s][info][gc,task     ] GC(22) Using 9 workers of 9 for evacuation
[2025-03-16T15:58:36.230+0100][15.586s][info][gc,phases   ] GC(22)   Pre Evacuate Collection Set: 0.1ms
[2025-03-16T15:58:36.231+0100][15.586s][info][gc,phases   ] GC(22)   Merge Heap Roots: 0.1ms
[2025-03-16T15:58:36.231+0100][15.586s][info][gc,phases   ] GC(22)   Evacuate Collection Set: 8.1ms
[2025-03-16T15:58:36.231+0100][15.586s][info][gc,phases   ] GC(22)   Post Evacuate Collection Set: 1.0ms
[2025-03-16T15:58:36.231+0100][15.586s][info][gc,phases   ] GC(22)   Other: 0.0ms
[2025-03-16T15:58:36.231+0100][15.586s][info][gc,heap     ] GC(22) Eden regions: 138->0(141)
[2025-03-16T15:58:36.231+0100][15.586s][info][gc,heap     ] GC(22) Survivor regions: 15->12(20)
[2025-03-16T15:58:36.231+0100][15.586s][info][gc,heap     ] GC(22) Old regions: 57->58
[2025-03-16T15:58:36.231+0100][15.586s][info][gc,heap     ] GC(22) Humongous regions: 1->1
[2025-03-16T15:58:36.231+0100][15.586s][info][gc,metaspace] GC(22) Metaspace: 27192K(27584K)->27192K(27584K) NonClass: 23592K(23808K)->23592K(23808K) Class: 3599K(3776K)->3599K(3776K)
[2025-03-16T15:58:36.231+0100][15.586s][info][gc          ] GC(22) Pause Young (Normal) (G1 Evacuation Pause) 840M->279M(1024M) 9.517ms
[2025-03-16T15:58:36.231+0100][15.586s][info][gc,cpu      ] GC(22) User=0.08s Sys=0.00s Real=0.01s
[2025-03-16T15:58:36.739+0100][16.095s][info][gc,start    ] GC(23) Pause Young (Normal) (G1 Evacuation Pause)
[2025-03-16T15:58:36.739+0100][16.095s][info][gc,task     ] GC(23) Using 9 workers of 9 for evacuation
[2025-03-16T15:58:36.745+0100][16.101s][info][gc,phases   ] GC(23)   Pre Evacuate Collection Set: 0.1ms
[2025-03-16T15:58:36.745+0100][16.101s][info][gc,phases   ] GC(23)   Merge Heap Roots: 0.1ms
[2025-03-16T15:58:36.745+0100][16.101s][info][gc,phases   ] GC(23)   Evacuate Collection Set: 5.2ms
[2025-03-16T15:58:36.745+0100][16.101s][info][gc,phases   ] GC(23)   Post Evacuate Collection Set: 0.6ms
[2025-03-16T15:58:36.745+0100][16.101s][info][gc,phases   ] GC(23)   Other: 0.0ms
[2025-03-16T15:58:36.745+0100][16.101s][info][gc,heap     ] GC(23) Eden regions: 141->0(146)
[2025-03-16T15:58:36.745+0100][16.101s][info][gc,heap     ] GC(23) Survivor regions: 12->7(20)
[2025-03-16T15:58:36.745+0100][16.101s][info][gc,heap     ] GC(23) Old regions: 58->60
[2025-03-16T15:58:36.745+0100][16.101s][info][gc,heap     ] GC(23) Humongous regions: 1->1
[2025-03-16T15:58:36.745+0100][16.101s][info][gc,metaspace] GC(23) Metaspace: 27206K(27584K)->27206K(27584K) NonClass: 23607K(23808K)->23607K(23808K) Class: 3599K(3776K)->3599K(3776K)
[2025-03-16T15:58:36.745+0100][16.101s][info][gc          ] GC(23) Pause Young (Normal) (G1 Evacuation Pause) 843M->265M(1024M) 6.165ms
[2025-03-16T15:58:36.745+0100][16.101s][info][gc,cpu      ] GC(23) User=0.04s Sys=0.01s Real=0.01s
[2025-03-16T15:58:37.278+0100][16.633s][info][gc,start    ] GC(24) Pause Young (Normal) (G1 Evacuation Pause)
[2025-03-16T15:58:37.278+0100][16.633s][info][gc,task     ] GC(24) Using 9 workers of 9 for evacuation
[2025-03-16T15:58:37.289+0100][16.645s][info][gc,phases   ] GC(24)   Pre Evacuate Collection Set: 0.1ms
[2025-03-16T15:58:37.289+0100][16.645s][info][gc,phases   ] GC(24)   Merge Heap Roots: 0.1ms
[2025-03-16T15:58:37.289+0100][16.645s][info][gc,phases   ] GC(24)   Evacuate Collection Set: 10.1ms
[2025-03-16T15:58:37.289+0100][16.645s][info][gc,phases   ] GC(24)   Post Evacuate Collection Set: 1.2ms
[2025-03-16T15:58:37.289+0100][16.645s][info][gc,phases   ] GC(24)   Other: 0.0ms
[2025-03-16T15:58:37.289+0100][16.645s][info][gc,heap     ] GC(24) Eden regions: 146->0(136)
[2025-03-16T15:58:37.289+0100][16.645s][info][gc,heap     ] GC(24) Survivor regions: 7->17(20)
[2025-03-16T15:58:37.289+0100][16.645s][info][gc,heap     ] GC(24) Old regions: 60->60
[2025-03-16T15:58:37.289+0100][16.645s][info][gc,heap     ] GC(24) Humongous regions: 1->1
[2025-03-16T15:58:37.289+0100][16.645s][info][gc,metaspace] GC(24) Metaspace: 27225K(27584K)->27225K(27584K) NonClass: 23626K(23808K)->23626K(23808K) Class: 3599K(3776K)->3599K(3776K)
[2025-03-16T15:58:37.289+0100][16.645s][info][gc          ] GC(24) Pause Young (Normal) (G1 Evacuation Pause) 849M->305M(1024M) 11.667ms
[2025-03-16T15:58:37.289+0100][16.645s][info][gc,cpu      ] GC(24) User=0.09s Sys=0.01s Real=0.01s
[2025-03-16T15:58:37.790+0100][17.145s][info][gc,start    ] GC(25) Pause Young (Normal) (G1 Evacuation Pause)
[2025-03-16T15:58:37.790+0100][17.145s][info][gc,task     ] GC(25) Using 9 workers of 9 for evacuation
[2025-03-16T15:58:37.796+0100][17.151s][info][gc,phases   ] GC(25)   Pre Evacuate Collection Set: 0.1ms
[2025-03-16T15:58:37.796+0100][17.151s][info][gc,phases   ] GC(25)   Merge Heap Roots: 0.1ms
[2025-03-16T15:58:37.796+0100][17.151s][info][gc,phases   ] GC(25)   Evacuate Collection Set: 5.0ms
[2025-03-16T15:58:37.796+0100][17.151s][info][gc,phases   ] GC(25)   Post Evacuate Collection Set: 0.7ms
[2025-03-16T15:58:37.796+0100][17.151s][info][gc,phases   ] GC(25)   Other: 0.0ms
[2025-03-16T15:58:37.796+0100][17.151s][info][gc,heap     ] GC(25) Eden regions: 136->0(145)
[2025-03-16T15:58:37.796+0100][17.151s][info][gc,heap     ] GC(25) Survivor regions: 17->8(20)
[2025-03-16T15:58:37.796+0100][17.151s][info][gc,heap     ] GC(25) Old regions: 60->61
[2025-03-16T15:58:37.796+0100][17.151s][info][gc,heap     ] GC(25) Humongous regions: 1->1
[2025-03-16T15:58:37.796+0100][17.151s][info][gc,metaspace] GC(25) Metaspace: 27240K(27584K)->27240K(27584K) NonClass: 23640K(23808K)->23640K(23808K) Class: 3599K(3776K)->3599K(3776K)
[2025-03-16T15:58:37.796+0100][17.151s][info][gc          ] GC(25) Pause Young (Normal) (G1 Evacuation Pause) 849M->272M(1024M) 6.094ms
[2025-03-16T15:58:37.796+0100][17.151s][info][gc,cpu      ] GC(25) User=0.04s Sys=0.00s Real=0.00s
[2025-03-16T15:58:38.327+0100][17.682s][info][gc,start    ] GC(26) Pause Young (Normal) (G1 Evacuation Pause)
[2025-03-16T15:58:38.327+0100][17.682s][info][gc,task     ] GC(26) Using 9 workers of 9 for evacuation
[2025-03-16T15:58:38.340+0100][17.696s][info][gc,phases   ] GC(26)   Pre Evacuate Collection Set: 0.1ms
[2025-03-16T15:58:38.340+0100][17.696s][info][gc,phases   ] GC(26)   Merge Heap Roots: 0.1ms
[2025-03-16T15:58:38.340+0100][17.696s][info][gc,phases   ] GC(26)   Evacuate Collection Set: 11.8ms
[2025-03-16T15:58:38.340+0100][17.696s][info][gc,phases   ] GC(26)   Post Evacuate Collection Set: 1.3ms
[2025-03-16T15:58:38.340+0100][17.696s][info][gc,phases   ] GC(26)   Other: 0.0ms
[2025-03-16T15:58:38.340+0100][17.696s][info][gc,heap     ] GC(26) Eden regions: 145->0(137)
[2025-03-16T15:58:38.340+0100][17.696s][info][gc,heap     ] GC(26) Survivor regions: 8->16(20)
[2025-03-16T15:58:38.340+0100][17.696s][info][gc,heap     ] GC(26) Old regions: 61->61
[2025-03-16T15:58:38.340+0100][17.696s][info][gc,heap     ] GC(26) Humongous regions: 1->1
[2025-03-16T15:58:38.340+0100][17.696s][info][gc,metaspace] GC(26) Metaspace: 27244K(27584K)->27244K(27584K) NonClass: 23644K(23808K)->23644K(23808K) Class: 3599K(3776K)->3599K(3776K)
[2025-03-16T15:58:38.340+0100][17.696s][info][gc          ] GC(26) Pause Young (Normal) (G1 Evacuation Pause) 852M->305M(1024M) 13.559ms
[2025-03-16T15:58:38.340+0100][17.696s][info][gc,cpu      ] GC(26) User=0.08s Sys=0.00s Real=0.02s
[2025-03-16T15:58:38.852+0100][18.208s][info][gc,start    ] GC(27) Pause Young (Normal) (G1 Evacuation Pause)
[2025-03-16T15:58:38.852+0100][18.208s][info][gc,task     ] GC(27) Using 9 workers of 9 for evacuation
[2025-03-16T15:58:38.879+0100][18.235s][info][gc,phases   ] GC(27)   Pre Evacuate Collection Set: 0.1ms
[2025-03-16T15:58:38.879+0100][18.235s][info][gc,phases   ] GC(27)   Merge Heap Roots: 0.1ms
[2025-03-16T15:58:38.879+0100][18.235s][info][gc,phases   ] GC(27)   Evacuate Collection Set: 22.4ms
[2025-03-16T15:58:38.879+0100][18.235s][info][gc,phases   ] GC(27)   Post Evacuate Collection Set: 4.3ms
[2025-03-16T15:58:38.879+0100][18.235s][info][gc,phases   ] GC(27)   Other: 0.0ms
[2025-03-16T15:58:38.879+0100][18.235s][info][gc,heap     ] GC(27) Eden regions: 137->0(112)
[2025-03-16T15:58:38.879+0100][18.235s][info][gc,heap     ] GC(27) Survivor regions: 16->20(20)
[2025-03-16T15:58:38.879+0100][18.235s][info][gc,heap     ] GC(27) Old regions: 61->80
[2025-03-16T15:58:38.879+0100][18.235s][info][gc,heap     ] GC(27) Humongous regions: 1->1
[2025-03-16T15:58:38.879+0100][18.235s][info][gc,metaspace] GC(27) Metaspace: 27251K(27584K)->27251K(27584K) NonClass: 23652K(23808K)->23652K(23808K) Class: 3599K(3776K)->3599K(3776K)
[2025-03-16T15:58:38.880+0100][18.235s][info][gc          ] GC(27) Pause Young (Normal) (G1 Evacuation Pause) 853M->397M(1024M) 27.097ms
[2025-03-16T15:58:38.880+0100][18.235s][info][gc,cpu      ] GC(27) User=0.18s Sys=0.02s Real=0.03s
[2025-03-16T15:58:39.297+0100][18.653s][info][gc,start    ] GC(28) Pause Young (Normal) (G1 Evacuation Pause)
[2025-03-16T15:58:39.297+0100][18.653s][info][gc,task     ] GC(28) Using 9 workers of 9 for evacuation
[2025-03-16T15:58:39.310+0100][18.666s][info][gc,phases   ] GC(28)   Pre Evacuate Collection Set: 0.1ms
[2025-03-16T15:58:39.311+0100][18.666s][info][gc,phases   ] GC(28)   Merge Heap Roots: 0.1ms
[2025-03-16T15:58:39.311+0100][18.666s][info][gc,phases   ] GC(28)   Evacuate Collection Set: 11.7ms
[2025-03-16T15:58:39.311+0100][18.666s][info][gc,phases   ] GC(28)   Post Evacuate Collection Set: 1.3ms
[2025-03-16T15:58:39.311+0100][18.666s][info][gc,phases   ] GC(28)   Other: 0.0ms
[2025-03-16T15:58:39.311+0100][18.666s][info][gc,heap     ] GC(28) Eden regions: 112->0(110)
[2025-03-16T15:58:39.311+0100][18.666s][info][gc,heap     ] GC(28) Survivor regions: 20->16(17)
[2025-03-16T15:58:39.311+0100][18.666s][info][gc,heap     ] GC(28) Old regions: 80->85
[2025-03-16T15:58:39.311+0100][18.666s][info][gc,heap     ] GC(28) Humongous regions: 1->1
[2025-03-16T15:58:39.311+0100][18.666s][info][gc,metaspace] GC(28) Metaspace: 27255K(27584K)->27255K(27584K) NonClass: 23655K(23808K)->23655K(23808K) Class: 3599K(3776K)->3599K(3776K)
[2025-03-16T15:58:39.311+0100][18.666s][info][gc          ] GC(28) Pause Young (Normal) (G1 Evacuation Pause) 845M->402M(1024M) 13.371ms
[2025-03-16T15:58:39.311+0100][18.666s][info][gc,cpu      ] GC(28) User=0.10s Sys=0.00s Real=0.02s
[2025-03-16T15:58:39.727+0100][19.083s][info][gc,start    ] GC(29) Pause Young (Normal) (G1 Evacuation Pause)
[2025-03-16T15:58:39.727+0100][19.083s][info][gc,task     ] GC(29) Using 9 workers of 9 for evacuation
[2025-03-16T15:58:39.745+0100][19.101s][info][gc,phases   ] GC(29)   Pre Evacuate Collection Set: 0.1ms
[2025-03-16T15:58:39.745+0100][19.101s][info][gc,phases   ] GC(29)   Merge Heap Roots: 0.1ms
[2025-03-16T15:58:39.745+0100][19.101s][info][gc,phases   ] GC(29)   Evacuate Collection Set: 16.2ms
[2025-03-16T15:58:39.745+0100][19.101s][info][gc,phases   ] GC(29)   Post Evacuate Collection Set: 1.5ms
[2025-03-16T15:58:39.745+0100][19.101s][info][gc,phases   ] GC(29)   Other: 0.0ms
[2025-03-16T15:58:39.745+0100][19.101s][info][gc,heap     ] GC(29) Eden regions: 110->0(88)
[2025-03-16T15:58:39.745+0100][19.101s][info][gc,heap     ] GC(29) Survivor regions: 16->16(16)
[2025-03-16T15:58:39.745+0100][19.101s][info][gc,heap     ] GC(29) Old regions: 85->97
[2025-03-16T15:58:39.745+0100][19.101s][info][gc,heap     ] GC(29) Humongous regions: 1->1
[2025-03-16T15:58:39.745+0100][19.101s][info][gc,metaspace] GC(29) Metaspace: 27256K(27584K)->27256K(27584K) NonClass: 23656K(23808K)->23656K(23808K) Class: 3599K(3776K)->3599K(3776K)
[2025-03-16T15:58:39.745+0100][19.101s][info][gc          ] GC(29) Pause Young (Normal) (G1 Evacuation Pause) 842M->452M(1024M) 18.054ms
[2025-03-16T15:58:39.745+0100][19.101s][info][gc,cpu      ] GC(29) User=0.14s Sys=0.00s Real=0.02s
[2025-03-16T15:58:40.089+0100][19.445s][info][gc,start    ] GC(30) Pause Young (Concurrent Start) (G1 Evacuation Pause)
[2025-03-16T15:58:40.089+0100][19.445s][info][gc,task     ] GC(30) Using 9 workers of 9 for evacuation
[2025-03-16T15:58:40.113+0100][19.469s][info][gc,phases   ] GC(30)   Pre Evacuate Collection Set: 0.1ms
[2025-03-16T15:58:40.113+0100][19.469s][info][gc,phases   ] GC(30)   Merge Heap Roots: 0.1ms
[2025-03-16T15:58:40.113+0100][19.469s][info][gc,phases   ] GC(30)   Evacuate Collection Set: 22.2ms
[2025-03-16T15:58:40.113+0100][19.469s][info][gc,phases   ] GC(30)   Post Evacuate Collection Set: 1.7ms
[2025-03-16T15:58:40.113+0100][19.469s][info][gc,phases   ] GC(30)   Other: 0.1ms
[2025-03-16T15:58:40.113+0100][19.469s][info][gc,heap     ] GC(30) Eden regions: 88->0(68)
[2025-03-16T15:58:40.113+0100][19.469s][info][gc,heap     ] GC(30) Survivor regions: 16->13(13)
[2025-03-16T15:58:40.113+0100][19.469s][info][gc,heap     ] GC(30) Old regions: 97->124
[2025-03-16T15:58:40.113+0100][19.469s][info][gc,heap     ] GC(30) Humongous regions: 1->1
[2025-03-16T15:58:40.113+0100][19.469s][info][gc,metaspace] GC(30) Metaspace: 27257K(27584K)->27257K(27584K) NonClass: 23657K(23808K)->23657K(23808K) Class: 3599K(3776K)->3599K(3776K)
[2025-03-16T15:58:40.113+0100][19.469s][info][gc          ] GC(30) Pause Young (Concurrent Start) (G1 Evacuation Pause) 804M->549M(1024M) 24.297ms
[2025-03-16T15:58:40.113+0100][19.469s][info][gc,cpu      ] GC(30) User=0.19s Sys=0.00s Real=0.03s
[2025-03-16T15:58:40.113+0100][19.469s][info][gc          ] GC(31) Concurrent Mark Cycle
[2025-03-16T15:58:40.113+0100][19.469s][info][gc,marking  ] GC(31) Concurrent Scan Root Regions
[2025-03-16T15:58:40.139+0100][19.495s][info][gc,marking  ] GC(31) Concurrent Scan Root Regions 25.943ms
[2025-03-16T15:58:40.139+0100][19.495s][info][gc,marking  ] GC(31) Concurrent Mark
[2025-03-16T15:58:40.139+0100][19.495s][info][gc,marking  ] GC(31) Concurrent Mark From Roots
[2025-03-16T15:58:40.139+0100][19.495s][info][gc,task     ] GC(31) Using 2 workers of 2 for marking
[2025-03-16T15:58:40.178+0100][19.533s][info][gc,marking  ] GC(31) Concurrent Mark From Roots 38.348ms
[2025-03-16T15:58:40.178+0100][19.533s][info][gc,marking  ] GC(31) Concurrent Preclean
[2025-03-16T15:58:40.179+0100][19.534s][info][gc,marking  ] GC(31) Concurrent Preclean 0.842ms
[2025-03-16T15:58:40.179+0100][19.534s][info][gc,start    ] GC(31) Pause Remark
[2025-03-16T15:58:40.182+0100][19.538s][info][gc          ] GC(31) Pause Remark 601M->501M(1024M) 3.447ms
[2025-03-16T15:58:40.182+0100][19.538s][info][gc,cpu      ] GC(31) User=0.02s Sys=0.00s Real=0.01s
[2025-03-16T15:58:40.182+0100][19.538s][info][gc,marking  ] GC(31) Concurrent Mark 42.894ms
[2025-03-16T15:58:40.182+0100][19.538s][info][gc,marking  ] GC(31) Concurrent Rebuild Remembered Sets and Scrub Regions
[2025-03-16T15:58:40.229+0100][19.585s][info][gc,marking  ] GC(31) Concurrent Rebuild Remembered Sets and Scrub Regions 47.201ms
[2025-03-16T15:58:40.230+0100][19.585s][info][gc,start    ] GC(31) Pause Cleanup
[2025-03-16T15:58:40.230+0100][19.585s][info][gc          ] GC(31) Pause Cleanup 547M->547M(1024M) 0.108ms
[2025-03-16T15:58:40.230+0100][19.585s][info][gc,cpu      ] GC(31) User=0.00s Sys=0.00s Real=0.00s
[2025-03-16T15:58:40.230+0100][19.585s][info][gc,marking  ] GC(31) Concurrent Clear Claimed Marks
[2025-03-16T15:58:40.230+0100][19.585s][info][gc,marking  ] GC(31) Concurrent Clear Claimed Marks 0.029ms
[2025-03-16T15:58:40.230+0100][19.585s][info][gc,marking  ] GC(31) Concurrent Cleanup for Next Mark
[2025-03-16T15:58:40.231+0100][19.587s][info][gc,marking  ] GC(31) Concurrent Cleanup for Next Mark 1.393ms
[2025-03-16T15:58:40.231+0100][19.587s][info][gc          ] GC(31) Concurrent Mark Cycle 117.880ms
[2025-03-16T15:58:40.394+0100][19.749s][info][gc,start    ] GC(32) Pause Young (Prepare Mixed) (G1 Evacuation Pause)
[2025-03-16T15:58:40.394+0100][19.749s][info][gc,task     ] GC(32) Using 9 workers of 9 for evacuation
[2025-03-16T15:58:40.409+0100][19.764s][info][gc,phases   ] GC(32)   Pre Evacuate Collection Set: 0.1ms
[2025-03-16T15:58:40.409+0100][19.764s][info][gc,phases   ] GC(32)   Merge Heap Roots: 0.1ms
[2025-03-16T15:58:40.409+0100][19.764s][info][gc,phases   ] GC(32)   Evacuate Collection Set: 13.5ms
[2025-03-16T15:58:40.409+0100][19.764s][info][gc,phases   ] GC(32)   Post Evacuate Collection Set: 1.1ms
[2025-03-16T15:58:40.409+0100][19.764s][info][gc,phases   ] GC(32)   Other: 0.0ms
[2025-03-16T15:58:40.409+0100][19.764s][info][gc,heap     ] GC(32) Eden regions: 68->0(77)
[2025-03-16T15:58:40.409+0100][19.764s][info][gc,heap     ] GC(32) Survivor regions: 13->11(11)
[2025-03-16T15:58:40.409+0100][19.764s][info][gc,heap     ] GC(32) Old regions: 99->110
[2025-03-16T15:58:40.409+0100][19.764s][info][gc,heap     ] GC(32) Humongous regions: 1->1
[2025-03-16T15:58:40.409+0100][19.764s][info][gc,metaspace] GC(32) Metaspace: 27257K(27584K)->27257K(27584K) NonClass: 23657K(23808K)->23657K(23808K) Class: 3599K(3776K)->3599K(3776K)
[2025-03-16T15:58:40.409+0100][19.764s][info][gc          ] GC(32) Pause Young (Prepare Mixed) (G1 Evacuation Pause) 721M->485M(1024M) 15.030ms
[2025-03-16T15:58:40.409+0100][19.764s][info][gc,cpu      ] GC(32) User=0.11s Sys=0.00s Real=0.01s
[2025-03-16T15:58:40.702+0100][20.058s][info][gc,start    ] GC(33) Pause Young (Mixed) (G1 Evacuation Pause)
[2025-03-16T15:58:40.702+0100][20.058s][info][gc,task     ] GC(33) Using 9 workers of 9 for evacuation
[2025-03-16T15:58:40.723+0100][20.078s][info][gc,phases   ] GC(33)   Pre Evacuate Collection Set: 0.1ms
[2025-03-16T15:58:40.723+0100][20.078s][info][gc,phases   ] GC(33)   Merge Heap Roots: 0.1ms
[2025-03-16T15:58:40.723+0100][20.078s][info][gc,phases   ] GC(33)   Evacuate Collection Set: 18.6ms
[2025-03-16T15:58:40.723+0100][20.078s][info][gc,phases   ] GC(33)   Post Evacuate Collection Set: 1.5ms
[2025-03-16T15:58:40.723+0100][20.078s][info][gc,phases   ] GC(33)   Other: 0.0ms
[2025-03-16T15:58:40.723+0100][20.078s][info][gc,heap     ] GC(33) Eden regions: 77->0(77)
[2025-03-16T15:58:40.723+0100][20.078s][info][gc,heap     ] GC(33) Survivor regions: 11->11(11)
[2025-03-16T15:58:40.723+0100][20.078s][info][gc,heap     ] GC(33) Old regions: 110->106
[2025-03-16T15:58:40.723+0100][20.078s][info][gc,heap     ] GC(33) Humongous regions: 1->1
[2025-03-16T15:58:40.723+0100][20.078s][info][gc,metaspace] GC(33) Metaspace: 27257K(27584K)->27257K(27584K) NonClass: 23657K(23808K)->23657K(23808K) Class: 3599K(3776K)->3599K(3776K)
[2025-03-16T15:58:40.723+0100][20.078s][info][gc          ] GC(33) Pause Young (Mixed) (G1 Evacuation Pause) 793M->469M(1024M) 20.576ms
[2025-03-16T15:58:40.723+0100][20.078s][info][gc,cpu      ] GC(33) User=0.16s Sys=0.00s Real=0.02s
[2025-03-16T15:58:41.024+0100][20.380s][info][gc,start    ] GC(34) Pause Young (Mixed) (G1 Evacuation Pause)
[2025-03-16T15:58:41.024+0100][20.380s][info][gc,task     ] GC(34) Using 9 workers of 9 for evacuation
[2025-03-16T15:58:41.044+0100][20.400s][info][gc,phases   ] GC(34)   Pre Evacuate Collection Set: 0.1ms
[2025-03-16T15:58:41.045+0100][20.400s][info][gc,phases   ] GC(34)   Merge Heap Roots: 0.2ms
[2025-03-16T15:58:41.045+0100][20.400s][info][gc,phases   ] GC(34)   Evacuate Collection Set: 18.1ms
[2025-03-16T15:58:41.045+0100][20.400s][info][gc,phases   ] GC(34)   Post Evacuate Collection Set: 1.7ms
[2025-03-16T15:58:41.045+0100][20.400s][info][gc,phases   ] GC(34)   Other: 0.0ms
[2025-03-16T15:58:41.045+0100][20.400s][info][gc,heap     ] GC(34) Eden regions: 77->0(78)
[2025-03-16T15:58:41.045+0100][20.400s][info][gc,heap     ] GC(34) Survivor regions: 11->11(11)
[2025-03-16T15:58:41.045+0100][20.400s][info][gc,heap     ] GC(34) Old regions: 106->104
[2025-03-16T15:58:41.045+0100][20.400s][info][gc,heap     ] GC(34) Humongous regions: 1->1
[2025-03-16T15:58:41.045+0100][20.400s][info][gc,metaspace] GC(34) Metaspace: 27257K(27584K)->27257K(27584K) NonClass: 23657K(23808K)->23657K(23808K) Class: 3599K(3776K)->3599K(3776K)
[2025-03-16T15:58:41.045+0100][20.400s][info][gc          ] GC(34) Pause Young (Mixed) (G1 Evacuation Pause) 777M->460M(1024M) 20.196ms
[2025-03-16T15:58:41.045+0100][20.400s][info][gc,cpu      ] GC(34) User=0.16s Sys=0.01s Real=0.02s
[2025-03-16T15:58:41.360+0100][20.716s][info][gc,start    ] GC(35) Pause Young (Concurrent Start) (G1 Evacuation Pause)
[2025-03-16T15:58:41.360+0100][20.716s][info][gc,task     ] GC(35) Using 9 workers of 9 for evacuation
[2025-03-16T15:58:41.381+0100][20.736s][info][gc,phases   ] GC(35)   Pre Evacuate Collection Set: 0.1ms
[2025-03-16T15:58:41.381+0100][20.736s][info][gc,phases   ] GC(35)   Merge Heap Roots: 0.1ms
[2025-03-16T15:58:41.381+0100][20.736s][info][gc,phases   ] GC(35)   Evacuate Collection Set: 18.6ms
[2025-03-16T15:58:41.381+0100][20.736s][info][gc,phases   ] GC(35)   Post Evacuate Collection Set: 1.5ms
[2025-03-16T15:58:41.381+0100][20.736s][info][gc,phases   ] GC(35)   Other: 0.1ms
[2025-03-16T15:58:41.381+0100][20.736s][info][gc,heap     ] GC(35) Eden regions: 78->0(63)
[2025-03-16T15:58:41.381+0100][20.736s][info][gc,heap     ] GC(35) Survivor regions: 11->12(12)
[2025-03-16T15:58:41.381+0100][20.736s][info][gc,heap     ] GC(35) Old regions: 104->125
[2025-03-16T15:58:41.381+0100][20.736s][info][gc,heap     ] GC(35) Humongous regions: 1->1
[2025-03-16T15:58:41.381+0100][20.736s][info][gc,metaspace] GC(35) Metaspace: 27257K(27584K)->27257K(27584K) NonClass: 23657K(23808K)->23657K(23808K) Class: 3599K(3776K)->3599K(3776K)
[2025-03-16T15:58:41.381+0100][20.736s][info][gc          ] GC(35) Pause Young (Concurrent Start) (G1 Evacuation Pause) 772M->548M(1024M) 20.516ms
[2025-03-16T15:58:41.381+0100][20.736s][info][gc,cpu      ] GC(35) User=0.15s Sys=0.01s Real=0.02s
[2025-03-16T15:58:41.381+0100][20.736s][info][gc          ] GC(36) Concurrent Mark Cycle
[2025-03-16T15:58:41.381+0100][20.736s][info][gc,marking  ] GC(36) Concurrent Scan Root Regions
[2025-03-16T15:58:41.402+0100][20.757s][info][gc,marking  ] GC(36) Concurrent Scan Root Regions 20.786ms
[2025-03-16T15:58:41.402+0100][20.757s][info][gc,marking  ] GC(36) Concurrent Mark
[2025-03-16T15:58:41.402+0100][20.757s][info][gc,marking  ] GC(36) Concurrent Mark From Roots
[2025-03-16T15:58:41.402+0100][20.757s][info][gc,task     ] GC(36) Using 2 workers of 2 for marking
[2025-03-16T15:58:41.456+0100][20.811s][info][gc,marking  ] GC(36) Concurrent Mark From Roots 53.871ms
[2025-03-16T15:58:41.456+0100][20.811s][info][gc,marking  ] GC(36) Concurrent Preclean
[2025-03-16T15:58:41.458+0100][20.813s][info][gc,marking  ] GC(36) Concurrent Preclean 2.233ms
[2025-03-16T15:58:41.458+0100][20.814s][info][gc,start    ] GC(36) Pause Remark
[2025-03-16T15:58:41.468+0100][20.823s][info][gc          ] GC(36) Pause Remark 622M->498M(1024M) 9.728ms
[2025-03-16T15:58:41.468+0100][20.823s][info][gc,cpu      ] GC(36) User=0.04s Sys=0.00s Real=0.01s
[2025-03-16T15:58:41.468+0100][20.823s][info][gc,marking  ] GC(36) Concurrent Mark 66.064ms
[2025-03-16T15:58:41.468+0100][20.823s][info][gc,marking  ] GC(36) Concurrent Rebuild Remembered Sets and Scrub Regions
[2025-03-16T15:58:41.525+0100][20.881s][info][gc,marking  ] GC(36) Concurrent Rebuild Remembered Sets and Scrub Regions 57.652ms
[2025-03-16T15:58:41.526+0100][20.881s][info][gc,start    ] GC(36) Pause Cleanup
[2025-03-16T15:58:41.526+0100][20.881s][info][gc          ] GC(36) Pause Cleanup 546M->546M(1024M) 0.141ms
[2025-03-16T15:58:41.526+0100][20.881s][info][gc,cpu      ] GC(36) User=0.00s Sys=0.00s Real=0.00s
[2025-03-16T15:58:41.526+0100][20.881s][info][gc,marking  ] GC(36) Concurrent Clear Claimed Marks
[2025-03-16T15:58:41.526+0100][20.881s][info][gc,marking  ] GC(36) Concurrent Clear Claimed Marks 0.057ms
[2025-03-16T15:58:41.526+0100][20.881s][info][gc,marking  ] GC(36) Concurrent Cleanup for Next Mark
[2025-03-16T15:58:41.526+0100][20.882s][info][gc,marking  ] GC(36) Concurrent Cleanup for Next Mark 0.394ms
[2025-03-16T15:58:41.526+0100][20.882s][info][gc          ] GC(36) Concurrent Mark Cycle 145.462ms
[2025-03-16T15:58:41.650+0100][21.006s][info][gc,start    ] GC(37) Pause Young (Prepare Mixed) (G1 Evacuation Pause)
[2025-03-16T15:58:41.650+0100][21.006s][info][gc,task     ] GC(37) Using 9 workers of 9 for evacuation
[2025-03-16T15:58:41.669+0100][21.025s][info][gc,phases   ] GC(37)   Pre Evacuate Collection Set: 0.1ms
[2025-03-16T15:58:41.669+0100][21.025s][info][gc,phases   ] GC(37)   Merge Heap Roots: 0.1ms
[2025-03-16T15:58:41.669+0100][21.025s][info][gc,phases   ] GC(37)   Evacuate Collection Set: 17.0ms
[2025-03-16T15:58:41.669+0100][21.025s][info][gc,phases   ] GC(37)   Post Evacuate Collection Set: 1.3ms
[2025-03-16T15:58:41.669+0100][21.025s][info][gc,phases   ] GC(37)   Other: 0.0ms
[2025-03-16T15:58:41.669+0100][21.025s][info][gc,heap     ] GC(37) Eden regions: 63->0(68)
[2025-03-16T15:58:41.669+0100][21.025s][info][gc,heap     ] GC(37) Survivor regions: 12->10(10)
[2025-03-16T15:58:41.669+0100][21.025s][info][gc,heap     ] GC(37) Old regions: 94->114
[2025-03-16T15:58:41.669+0100][21.025s][info][gc,heap     ] GC(37) Humongous regions: 1->1
[2025-03-16T15:58:41.669+0100][21.025s][info][gc,metaspace] GC(37) Metaspace: 27258K(27584K)->27258K(27584K) NonClass: 23658K(23808K)->23658K(23808K) Class: 3599K(3776K)->3599K(3776K)
[2025-03-16T15:58:41.669+0100][21.025s][info][gc          ] GC(37) Pause Young (Prepare Mixed) (G1 Evacuation Pause) 676M->496M(1024M) 18.752ms
[2025-03-16T15:58:41.669+0100][21.025s][info][gc,cpu      ] GC(37) User=0.14s Sys=0.00s Real=0.01s
[2025-03-16T15:58:41.917+0100][21.272s][info][gc,start    ] GC(38) Pause Young (Mixed) (G1 Evacuation Pause)
[2025-03-16T15:58:41.917+0100][21.272s][info][gc,task     ] GC(38) Using 9 workers of 9 for evacuation
[2025-03-16T15:58:41.932+0100][21.288s][info][gc,phases   ] GC(38)   Pre Evacuate Collection Set: 0.1ms
[2025-03-16T15:58:41.932+0100][21.288s][info][gc,phases   ] GC(38)   Merge Heap Roots: 0.1ms
[2025-03-16T15:58:41.933+0100][21.288s][info][gc,phases   ] GC(38)   Evacuate Collection Set: 14.4ms
[2025-03-16T15:58:41.933+0100][21.288s][info][gc,phases   ] GC(38)   Post Evacuate Collection Set: 1.1ms
[2025-03-16T15:58:41.933+0100][21.288s][info][gc,phases   ] GC(38)   Other: 0.0ms
[2025-03-16T15:58:41.933+0100][21.288s][info][gc,heap     ] GC(38) Eden regions: 68->0(72)
[2025-03-16T15:58:41.933+0100][21.288s][info][gc,heap     ] GC(38) Survivor regions: 10->10(10)
[2025-03-16T15:58:41.933+0100][21.288s][info][gc,heap     ] GC(38) Old regions: 114->106
[2025-03-16T15:58:41.933+0100][21.288s][info][gc,heap     ] GC(38) Humongous regions: 1->1
[2025-03-16T15:58:41.933+0100][21.288s][info][gc,metaspace] GC(38) Metaspace: 27258K(27584K)->27258K(27584K) NonClass: 23658K(23808K)->23658K(23808K) Class: 3599K(3776K)->3599K(3776K)
[2025-03-16T15:58:41.933+0100][21.288s][info][gc          ] GC(38) Pause Young (Mixed) (G1 Evacuation Pause) 768M->462M(1024M) 15.875ms
[2025-03-16T15:58:41.933+0100][21.288s][info][gc,cpu      ] GC(38) User=0.12s Sys=0.01s Real=0.02s
[2025-03-16T15:58:42.208+0100][21.563s][info][gc,start    ] GC(39) Pause Young (Mixed) (G1 Evacuation Pause)
[2025-03-16T15:58:42.208+0100][21.563s][info][gc,task     ] GC(39) Using 9 workers of 9 for evacuation
[2025-03-16T15:58:42.221+0100][21.577s][info][gc,phases   ] GC(39)   Pre Evacuate Collection Set: 0.1ms
[2025-03-16T15:58:42.221+0100][21.577s][info][gc,phases   ] GC(39)   Merge Heap Roots: 0.1ms
[2025-03-16T15:58:42.221+0100][21.577s][info][gc,phases   ] GC(39)   Evacuate Collection Set: 12.2ms
[2025-03-16T15:58:42.221+0100][21.577s][info][gc,phases   ] GC(39)   Post Evacuate Collection Set: 1.2ms
[2025-03-16T15:58:42.221+0100][21.577s][info][gc,phases   ] GC(39)   Other: 0.0ms
[2025-03-16T15:58:42.222+0100][21.577s][info][gc,heap     ] GC(39) Eden regions: 72->0(72)
[2025-03-16T15:58:42.222+0100][21.577s][info][gc,heap     ] GC(39) Survivor regions: 10->11(11)
[2025-03-16T15:58:42.222+0100][21.577s][info][gc,heap     ] GC(39) Old regions: 106->108
[2025-03-16T15:58:42.222+0100][21.577s][info][gc,heap     ] GC(39) Humongous regions: 1->1
[2025-03-16T15:58:42.222+0100][21.577s][info][gc,metaspace] GC(39) Metaspace: 27259K(27584K)->27259K(27584K) NonClass: 23660K(23808K)->23660K(23808K) Class: 3599K(3776K)->3599K(3776K)
[2025-03-16T15:58:42.222+0100][21.577s][info][gc          ] GC(39) Pause Young (Mixed) (G1 Evacuation Pause) 750M->474M(1024M) 13.854ms
[2025-03-16T15:58:42.222+0100][21.577s][info][gc,cpu      ] GC(39) User=0.11s Sys=0.00s Real=0.02s
[2025-03-16T15:58:42.485+0100][21.841s][info][gc,start    ] GC(40) Pause Young (Normal) (G1 Evacuation Pause)
[2025-03-16T15:58:42.485+0100][21.841s][info][gc,task     ] GC(40) Using 9 workers of 9 for evacuation
[2025-03-16T15:58:42.503+0100][21.858s][info][gc,phases   ] GC(40)   Pre Evacuate Collection Set: 0.1ms
[2025-03-16T15:58:42.503+0100][21.859s][info][gc,phases   ] GC(40)   Merge Heap Roots: 0.1ms
[2025-03-16T15:58:42.503+0100][21.859s][info][gc,phases   ] GC(40)   Evacuate Collection Set: 16.1ms
[2025-03-16T15:58:42.503+0100][21.859s][info][gc,phases   ] GC(40)   Post Evacuate Collection Set: 1.4ms
[2025-03-16T15:58:42.503+0100][21.859s][info][gc,phases   ] GC(40)   Other: 0.0ms
[2025-03-16T15:58:42.503+0100][21.859s][info][gc,heap     ] GC(40) Eden regions: 72->0(62)
[2025-03-16T15:58:42.503+0100][21.859s][info][gc,heap     ] GC(40) Survivor regions: 11->11(11)
[2025-03-16T15:58:42.503+0100][21.859s][info][gc,heap     ] GC(40) Old regions: 108->128
[2025-03-16T15:58:42.503+0100][21.859s][info][gc,heap     ] GC(40) Humongous regions: 1->1
[2025-03-16T15:58:42.503+0100][21.859s][info][gc,metaspace] GC(40) Metaspace: 27259K(27584K)->27259K(27584K) NonClass: 23660K(23808K)->23660K(23808K) Class: 3599K(3776K)->3599K(3776K)
[2025-03-16T15:58:42.503+0100][21.859s][info][gc          ] GC(40) Pause Young (Normal) (G1 Evacuation Pause) 762M->555M(1024M) 17.816ms
[2025-03-16T15:58:42.503+0100][21.859s][info][gc,cpu      ] GC(40) User=0.15s Sys=0.00s Real=0.02s
[2025-03-16T15:58:42.735+0100][22.091s][info][gc,start    ] GC(41) Pause Young (Normal) (G1 Evacuation Pause)
[2025-03-16T15:58:42.735+0100][22.091s][info][gc,task     ] GC(41) Using 9 workers of 9 for evacuation
[2025-03-16T15:58:42.752+0100][22.107s][info][gc,phases   ] GC(41)   Pre Evacuate Collection Set: 0.1ms
[2025-03-16T15:58:42.752+0100][22.107s][info][gc,phases   ] GC(41)   Merge Heap Roots: 0.1ms
[2025-03-16T15:58:42.752+0100][22.107s][info][gc,phases   ] GC(41)   Evacuate Collection Set: 15.1ms
[2025-03-16T15:58:42.752+0100][22.107s][info][gc,phases   ] GC(41)   Post Evacuate Collection Set: 1.3ms
[2025-03-16T15:58:42.752+0100][22.107s][info][gc,phases   ] GC(41)   Other: 0.0ms
[2025-03-16T15:58:42.752+0100][22.107s][info][gc,heap     ] GC(41) Eden regions: 62->0(53)
[2025-03-16T15:58:42.752+0100][22.107s][info][gc,heap     ] GC(41) Survivor regions: 11->10(10)
[2025-03-16T15:58:42.752+0100][22.108s][info][gc,heap     ] GC(41) Old regions: 128->146
[2025-03-16T15:58:42.752+0100][22.108s][info][gc,heap     ] GC(41) Humongous regions: 1->1
[2025-03-16T15:58:42.752+0100][22.108s][info][gc,metaspace] GC(41) Metaspace: 27259K(27584K)->27259K(27584K) NonClass: 23660K(23808K)->23660K(23808K) Class: 3599K(3776K)->3599K(3776K)
[2025-03-16T15:58:42.752+0100][22.108s][info][gc          ] GC(41) Pause Young (Normal) (G1 Evacuation Pause) 803M->625M(1024M) 16.709ms
[2025-03-16T15:58:42.752+0100][22.108s][info][gc,cpu      ] GC(41) User=0.14s Sys=0.00s Real=0.02s
[2025-03-16T15:58:42.947+0100][22.302s][info][gc,start    ] GC(42) Pause Young (Concurrent Start) (G1 Evacuation Pause)
[2025-03-16T15:58:42.947+0100][22.303s][info][gc,task     ] GC(42) Using 9 workers of 9 for evacuation
[2025-03-16T15:58:42.963+0100][22.319s][info][gc,phases   ] GC(42)   Pre Evacuate Collection Set: 0.1ms
[2025-03-16T15:58:42.963+0100][22.319s][info][gc,phases   ] GC(42)   Merge Heap Roots: 0.1ms
[2025-03-16T15:58:42.963+0100][22.319s][info][gc,phases   ] GC(42)   Evacuate Collection Set: 14.7ms
[2025-03-16T15:58:42.963+0100][22.319s][info][gc,phases   ] GC(42)   Post Evacuate Collection Set: 1.5ms
[2025-03-16T15:58:42.963+0100][22.319s][info][gc,phases   ] GC(42)   Other: 0.1ms
[2025-03-16T15:58:42.963+0100][22.319s][info][gc,heap     ] GC(42) Eden regions: 53->0(44)
[2025-03-16T15:58:42.963+0100][22.319s][info][gc,heap     ] GC(42) Survivor regions: 10->8(8)
[2025-03-16T15:58:42.963+0100][22.319s][info][gc,heap     ] GC(42) Old regions: 146->164
[2025-03-16T15:58:42.963+0100][22.319s][info][gc,heap     ] GC(42) Humongous regions: 1->1
[2025-03-16T15:58:42.963+0100][22.319s][info][gc,metaspace] GC(42) Metaspace: 27259K(27584K)->27259K(27584K) NonClass: 23660K(23808K)->23660K(23808K) Class: 3599K(3776K)->3599K(3776K)
[2025-03-16T15:58:42.963+0100][22.319s][info][gc          ] GC(42) Pause Young (Concurrent Start) (G1 Evacuation Pause) 837M->689M(1024M) 16.508ms
[2025-03-16T15:58:42.963+0100][22.319s][info][gc,cpu      ] GC(42) User=0.12s Sys=0.00s Real=0.02s
[2025-03-16T15:58:42.963+0100][22.319s][info][gc          ] GC(43) Concurrent Mark Cycle
[2025-03-16T15:58:42.963+0100][22.319s][info][gc,marking  ] GC(43) Concurrent Scan Root Regions
[2025-03-16T15:58:42.979+0100][22.335s][info][gc,marking  ] GC(43) Concurrent Scan Root Regions 15.774ms
[2025-03-16T15:58:42.979+0100][22.335s][info][gc,marking  ] GC(43) Concurrent Mark
[2025-03-16T15:58:42.979+0100][22.335s][info][gc,marking  ] GC(43) Concurrent Mark From Roots
[2025-03-16T15:58:42.979+0100][22.335s][info][gc,task     ] GC(43) Using 2 workers of 2 for marking
[2025-03-16T15:58:43.075+0100][22.430s][info][gc,marking  ] GC(43) Concurrent Mark From Roots 95.623ms
[2025-03-16T15:58:43.075+0100][22.431s][info][gc,marking  ] GC(43) Concurrent Preclean
[2025-03-16T15:58:43.076+0100][22.432s][info][gc,marking  ] GC(43) Concurrent Preclean 1.305ms
[2025-03-16T15:58:43.076+0100][22.432s][info][gc,start    ] GC(43) Pause Remark
[2025-03-16T15:58:43.078+0100][22.434s][info][gc          ] GC(43) Pause Remark 783M->619M(1040M) 2.085ms
[2025-03-16T15:58:43.078+0100][22.434s][info][gc,cpu      ] GC(43) User=0.02s Sys=0.00s Real=0.00s
[2025-03-16T15:58:43.078+0100][22.434s][info][gc,marking  ] GC(43) Concurrent Mark 99.204ms
[2025-03-16T15:58:43.078+0100][22.434s][info][gc,marking  ] GC(43) Concurrent Rebuild Remembered Sets and Scrub Regions
[2025-03-16T15:58:43.160+0100][22.516s][info][gc,marking  ] GC(43) Concurrent Rebuild Remembered Sets and Scrub Regions 81.470ms
[2025-03-16T15:58:43.160+0100][22.516s][info][gc,start    ] GC(43) Pause Cleanup
[2025-03-16T15:58:43.160+0100][22.516s][info][gc          ] GC(43) Pause Cleanup 697M->697M(1040M) 0.125ms
[2025-03-16T15:58:43.160+0100][22.516s][info][gc,cpu      ] GC(43) User=0.00s Sys=0.00s Real=0.00s
[2025-03-16T15:58:43.160+0100][22.516s][info][gc,marking  ] GC(43) Concurrent Clear Claimed Marks
[2025-03-16T15:58:43.160+0100][22.516s][info][gc,marking  ] GC(43) Concurrent Clear Claimed Marks 0.040ms
[2025-03-16T15:58:43.160+0100][22.516s][info][gc,marking  ] GC(43) Concurrent Cleanup for Next Mark
[2025-03-16T15:58:43.161+0100][22.516s][info][gc,marking  ] GC(43) Concurrent Cleanup for Next Mark 0.424ms
[2025-03-16T15:58:43.161+0100][22.516s][info][gc          ] GC(43) Concurrent Mark Cycle 197.319ms
[2025-03-16T15:58:43.164+0100][22.519s][info][gc,start    ] GC(44) Pause Young (Prepare Mixed) (G1 Evacuation Pause)
[2025-03-16T15:58:43.164+0100][22.519s][info][gc,task     ] GC(44) Using 9 workers of 9 for evacuation
[2025-03-16T15:58:43.174+0100][22.529s][info][gc,phases   ] GC(44)   Pre Evacuate Collection Set: 0.1ms
[2025-03-16T15:58:43.174+0100][22.529s][info][gc,phases   ] GC(44)   Merge Heap Roots: 0.1ms
[2025-03-16T15:58:43.174+0100][22.529s][info][gc,phases   ] GC(44)   Evacuate Collection Set: 8.8ms
[2025-03-16T15:58:43.174+0100][22.529s][info][gc,phases   ] GC(44)   Post Evacuate Collection Set: 0.8ms
[2025-03-16T15:58:43.174+0100][22.529s][info][gc,phases   ] GC(44)   Other: 0.0ms
[2025-03-16T15:58:43.174+0100][22.529s][info][gc,heap     ] GC(44) Eden regions: 44->0(67)
[2025-03-16T15:58:43.174+0100][22.529s][info][gc,heap     ] GC(44) Survivor regions: 8->7(7)
[2025-03-16T15:58:43.174+0100][22.529s][info][gc,heap     ] GC(44) Old regions: 123->130
[2025-03-16T15:58:43.174+0100][22.529s][info][gc,heap     ] GC(44) Humongous regions: 1->1
[2025-03-16T15:58:43.174+0100][22.529s][info][gc,metaspace] GC(44) Metaspace: 27259K(27584K)->27259K(27584K) NonClass: 23660K(23808K)->23660K(23808K) Class: 3599K(3776K)->3599K(3776K)
[2025-03-16T15:58:43.174+0100][22.529s][info][gc          ] GC(44) Pause Young (Prepare Mixed) (G1 Evacuation Pause) 701M->547M(1040M) 9.918ms
[2025-03-16T15:58:43.174+0100][22.529s][info][gc,cpu      ] GC(44) User=0.07s Sys=0.01s Real=0.01s
[2025-03-16T15:58:43.433+0100][22.788s][info][gc,start    ] GC(45) Pause Young (Mixed) (G1 Evacuation Pause)
[2025-03-16T15:58:43.433+0100][22.789s][info][gc,task     ] GC(45) Using 9 workers of 9 for evacuation
[2025-03-16T15:58:43.453+0100][22.808s][info][gc,phases   ] GC(45)   Pre Evacuate Collection Set: 0.1ms
[2025-03-16T15:58:43.453+0100][22.808s][info][gc,phases   ] GC(45)   Merge Heap Roots: 0.2ms
[2025-03-16T15:58:43.453+0100][22.808s][info][gc,phases   ] GC(45)   Evacuate Collection Set: 17.8ms
[2025-03-16T15:58:43.453+0100][22.808s][info][gc,phases   ] GC(45)   Post Evacuate Collection Set: 1.6ms
[2025-03-16T15:58:43.453+0100][22.808s][info][gc,phases   ] GC(45)   Other: 0.0ms
[2025-03-16T15:58:43.453+0100][22.808s][info][gc,heap     ] GC(45) Eden regions: 67->0(70)
[2025-03-16T15:58:43.453+0100][22.808s][info][gc,heap     ] GC(45) Survivor regions: 7->10(10)
[2025-03-16T15:58:43.453+0100][22.808s][info][gc,heap     ] GC(45) Old regions: 130->121
[2025-03-16T15:58:43.453+0100][22.808s][info][gc,heap     ] GC(45) Humongous regions: 1->1
[2025-03-16T15:58:43.453+0100][22.808s][info][gc,metaspace] GC(45) Metaspace: 27259K(27584K)->27259K(27584K) NonClass: 23660K(23808K)->23660K(23808K) Class: 3599K(3776K)->3599K(3776K)
[2025-03-16T15:58:43.453+0100][22.808s][info][gc          ] GC(45) Pause Young (Mixed) (G1 Evacuation Pause) 815M->522M(1040M) 20.051ms
[2025-03-16T15:58:43.453+0100][22.808s][info][gc,cpu      ] GC(45) User=0.14s Sys=0.00s Real=0.02s
[2025-03-16T15:58:43.710+0100][23.065s][info][gc,start    ] GC(46) Pause Young (Mixed) (G1 Evacuation Pause)
[2025-03-16T15:58:43.710+0100][23.065s][info][gc,task     ] GC(46) Using 9 workers of 9 for evacuation
[2025-03-16T15:58:43.727+0100][23.083s][info][gc,phases   ] GC(46)   Pre Evacuate Collection Set: 0.1ms
[2025-03-16T15:58:43.727+0100][23.083s][info][gc,phases   ] GC(46)   Merge Heap Roots: 0.1ms
[2025-03-16T15:58:43.727+0100][23.083s][info][gc,phases   ] GC(46)   Evacuate Collection Set: 16.1ms
[2025-03-16T15:58:43.727+0100][23.083s][info][gc,phases   ] GC(46)   Post Evacuate Collection Set: 1.3ms
[2025-03-16T15:58:43.727+0100][23.083s][info][gc,phases   ] GC(46)   Other: 0.0ms
[2025-03-16T15:58:43.727+0100][23.083s][info][gc,heap     ] GC(46) Eden regions: 70->0(62)
[2025-03-16T15:58:43.727+0100][23.083s][info][gc,heap     ] GC(46) Survivor regions: 10->10(10)
[2025-03-16T15:58:43.727+0100][23.083s][info][gc,heap     ] GC(46) Old regions: 121->135
[2025-03-16T15:58:43.727+0100][23.083s][info][gc,heap     ] GC(46) Humongous regions: 1->1
[2025-03-16T15:58:43.727+0100][23.083s][info][gc,metaspace] GC(46) Metaspace: 27267K(27584K)->27267K(27584K) NonClass: 23667K(23808K)->23667K(23808K) Class: 3599K(3776K)->3599K(3776K)
[2025-03-16T15:58:43.727+0100][23.083s][info][gc          ] GC(46) Pause Young (Mixed) (G1 Evacuation Pause) 802M->580M(1040M) 17.809ms
[2025-03-16T15:58:43.727+0100][23.083s][info][gc,cpu      ] GC(46) User=0.15s Sys=0.00s Real=0.01s
[2025-03-16T15:58:43.958+0100][23.314s][info][gc,start    ] GC(47) Pause Young (Normal) (G1 Evacuation Pause)
[2025-03-16T15:58:43.958+0100][23.314s][info][gc,task     ] GC(47) Using 9 workers of 9 for evacuation
[2025-03-16T15:58:43.975+0100][23.330s][info][gc,phases   ] GC(47)   Pre Evacuate Collection Set: 0.1ms
[2025-03-16T15:58:43.975+0100][23.330s][info][gc,phases   ] GC(47)   Merge Heap Roots: 0.1ms
[2025-03-16T15:58:43.975+0100][23.330s][info][gc,phases   ] GC(47)   Evacuate Collection Set: 15.1ms
[2025-03-16T15:58:43.975+0100][23.330s][info][gc,phases   ] GC(47)   Post Evacuate Collection Set: 1.1ms
[2025-03-16T15:58:43.975+0100][23.330s][info][gc,phases   ] GC(47)   Other: 0.0ms
[2025-03-16T15:58:43.975+0100][23.330s][info][gc,heap     ] GC(47) Eden regions: 62->0(50)
[2025-03-16T15:58:43.975+0100][23.330s][info][gc,heap     ] GC(47) Survivor regions: 10->9(9)
[2025-03-16T15:58:43.975+0100][23.330s][info][gc,heap     ] GC(47) Old regions: 135->154
[2025-03-16T15:58:43.975+0100][23.330s][info][gc,heap     ] GC(47) Humongous regions: 1->1
[2025-03-16T15:58:43.975+0100][23.330s][info][gc,metaspace] GC(47) Metaspace: 27267K(27584K)->27267K(27584K) NonClass: 23667K(23808K)->23667K(23808K) Class: 3599K(3776K)->3599K(3776K)
[2025-03-16T15:58:43.975+0100][23.330s][info][gc          ] GC(47) Pause Young (Normal) (G1 Evacuation Pause) 828M->653M(1040M) 16.553ms
[2025-03-16T15:58:43.975+0100][23.330s][info][gc,cpu      ] GC(47) User=0.13s Sys=0.00s Real=0.02s
[2025-03-16T15:58:44.176+0100][23.532s][info][gc,start    ] GC(48) Pause Young (Concurrent Start) (GCLocker Initiated GC)
[2025-03-16T15:58:44.176+0100][23.532s][info][gc,task     ] GC(48) Using 9 workers of 9 for evacuation
[2025-03-16T15:58:44.184+0100][23.540s][info][gc,phases   ] GC(48)   Pre Evacuate Collection Set: 0.1ms
[2025-03-16T15:58:44.185+0100][23.540s][info][gc,phases   ] GC(48)   Merge Heap Roots: 0.1ms
[2025-03-16T15:58:44.185+0100][23.540s][info][gc,phases   ] GC(48)   Evacuate Collection Set: 7.3ms
[2025-03-16T15:58:44.185+0100][23.540s][info][gc,phases   ] GC(48)   Post Evacuate Collection Set: 0.9ms
[2025-03-16T15:58:44.185+0100][23.540s][info][gc,phases   ] GC(48)   Other: 0.0ms
[2025-03-16T15:58:44.185+0100][23.540s][info][gc,heap     ] GC(48) Eden regions: 51->0(51)
[2025-03-16T15:58:44.185+0100][23.540s][info][gc,heap     ] GC(48) Survivor regions: 9->8(8)
[2025-03-16T15:58:44.185+0100][23.540s][info][gc,heap     ] GC(48) Old regions: 154->157
[2025-03-16T15:58:44.185+0100][23.540s][info][gc,heap     ] GC(48) Humongous regions: 1->1
[2025-03-16T15:58:44.185+0100][23.540s][info][gc,metaspace] GC(48) Metaspace: 27268K(27584K)->27268K(27584K) NonClass: 23668K(23808K)->23668K(23808K) Class: 3599K(3776K)->3599K(3776K)
[2025-03-16T15:58:44.185+0100][23.540s][info][gc          ] GC(48) Pause Young (Concurrent Start) (GCLocker Initiated GC) 855M->661M(1040M) 8.564ms
[2025-03-16T15:58:44.185+0100][23.540s][info][gc,cpu      ] GC(48) User=0.07s Sys=0.00s Real=0.01s
[2025-03-16T15:58:44.185+0100][23.540s][info][gc          ] GC(49) Concurrent Mark Cycle
[2025-03-16T15:58:44.185+0100][23.540s][info][gc,marking  ] GC(49) Concurrent Scan Root Regions
[2025-03-16T15:58:44.192+0100][23.548s][info][gc,marking  ] GC(49) Concurrent Scan Root Regions 7.839ms
[2025-03-16T15:58:44.193+0100][23.548s][info][gc,marking  ] GC(49) Concurrent Mark
[2025-03-16T15:58:44.193+0100][23.548s][info][gc,marking  ] GC(49) Concurrent Mark From Roots
[2025-03-16T15:58:44.193+0100][23.548s][info][gc,task     ] GC(49) Using 2 workers of 2 for marking
[2025-03-16T15:58:44.232+0100][23.587s][info][gc,marking  ] GC(49) Concurrent Mark From Roots 39.171ms
[2025-03-16T15:58:44.232+0100][23.587s][info][gc,marking  ] GC(49) Concurrent Preclean
[2025-03-16T15:58:44.232+0100][23.588s][info][gc,marking  ] GC(49) Concurrent Preclean 0.566ms
[2025-03-16T15:58:44.232+0100][23.588s][info][gc,start    ] GC(49) Pause Remark
[2025-03-16T15:58:44.234+0100][23.590s][info][gc          ] GC(49) Pause Remark 705M->429M(1040M) 1.833ms
[2025-03-16T15:58:44.234+0100][23.590s][info][gc,cpu      ] GC(49) User=0.01s Sys=0.00s Real=0.00s
[2025-03-16T15:58:44.234+0100][23.590s][info][gc,marking  ] GC(49) Concurrent Mark 41.806ms
[2025-03-16T15:58:44.234+0100][23.590s][info][gc,marking  ] GC(49) Concurrent Rebuild Remembered Sets and Scrub Regions
[2025-03-16T15:58:44.269+0100][23.624s][info][gc,marking  ] GC(49) Concurrent Rebuild Remembered Sets and Scrub Regions 34.220ms
[2025-03-16T15:58:44.269+0100][23.624s][info][gc,start    ] GC(49) Pause Cleanup
[2025-03-16T15:58:44.269+0100][23.624s][info][gc          ] GC(49) Pause Cleanup 465M->465M(1040M) 0.111ms
[2025-03-16T15:58:44.269+0100][23.624s][info][gc,cpu      ] GC(49) User=0.00s Sys=0.00s Real=0.00s
[2025-03-16T15:58:44.269+0100][23.625s][info][gc,marking  ] GC(49) Concurrent Clear Claimed Marks
[2025-03-16T15:58:44.269+0100][23.625s][info][gc,marking  ] GC(49) Concurrent Clear Claimed Marks 0.023ms
[2025-03-16T15:58:44.269+0100][23.625s][info][gc,marking  ] GC(49) Concurrent Cleanup for Next Mark
[2025-03-16T15:58:44.269+0100][23.625s][info][gc,marking  ] GC(49) Concurrent Cleanup for Next Mark 0.346ms
[2025-03-16T15:58:44.269+0100][23.625s][info][gc          ] GC(49) Concurrent Mark Cycle 84.624ms
[2025-03-16T15:58:44.381+0100][23.737s][info][gc,start    ] GC(50) Pause Young (Prepare Mixed) (G1 Evacuation Pause)
[2025-03-16T15:58:44.381+0100][23.737s][info][gc,task     ] GC(50) Using 9 workers of 9 for evacuation
[2025-03-16T15:58:44.395+0100][23.750s][info][gc,phases   ] GC(50)   Pre Evacuate Collection Set: 0.1ms
[2025-03-16T15:58:44.395+0100][23.751s][info][gc,phases   ] GC(50)   Merge Heap Roots: 0.1ms
[2025-03-16T15:58:44.395+0100][23.751s][info][gc,phases   ] GC(50)   Evacuate Collection Set: 12.4ms
[2025-03-16T15:58:44.395+0100][23.751s][info][gc,phases   ] GC(50)   Post Evacuate Collection Set: 1.1ms
[2025-03-16T15:58:44.395+0100][23.751s][info][gc,phases   ] GC(50)   Other: 0.1ms
[2025-03-16T15:58:44.395+0100][23.751s][info][gc,heap     ] GC(50) Eden regions: 51->0(84)
[2025-03-16T15:58:44.395+0100][23.751s][info][gc,heap     ] GC(50) Survivor regions: 8->8(8)
[2025-03-16T15:58:44.395+0100][23.751s][info][gc,heap     ] GC(50) Old regions: 88->103
[2025-03-16T15:58:44.395+0100][23.751s][info][gc,heap     ] GC(50) Humongous regions: 1->1
[2025-03-16T15:58:44.395+0100][23.751s][info][gc,metaspace] GC(50) Metaspace: 27268K(27584K)->27268K(27584K) NonClass: 23668K(23808K)->23668K(23808K) Class: 3599K(3776K)->3599K(3776K)
[2025-03-16T15:58:44.395+0100][23.751s][info][gc          ] GC(50) Pause Young (Prepare Mixed) (G1 Evacuation Pause) 589M->443M(1040M) 13.961ms
[2025-03-16T15:58:44.395+0100][23.751s][info][gc,cpu      ] GC(50) User=0.11s Sys=0.00s Real=0.01s
[2025-03-16T15:58:44.711+0100][24.067s][info][gc,start    ] GC(51) Pause Young (Mixed) (G1 Evacuation Pause)
[2025-03-16T15:58:44.711+0100][24.067s][info][gc,task     ] GC(51) Using 9 workers of 9 for evacuation
[2025-03-16T15:58:44.729+0100][24.085s][info][gc,phases   ] GC(51)   Pre Evacuate Collection Set: 0.1ms
[2025-03-16T15:58:44.729+0100][24.085s][info][gc,phases   ] GC(51)   Merge Heap Roots: 0.1ms
[2025-03-16T15:58:44.729+0100][24.085s][info][gc,phases   ] GC(51)   Evacuate Collection Set: 16.2ms
[2025-03-16T15:58:44.729+0100][24.085s][info][gc,phases   ] GC(51)   Post Evacuate Collection Set: 1.3ms
[2025-03-16T15:58:44.729+0100][24.085s][info][gc,phases   ] GC(51)   Other: 0.1ms
[2025-03-16T15:58:44.729+0100][24.085s][info][gc,heap     ] GC(51) Eden regions: 84->0(84)
[2025-03-16T15:58:44.729+0100][24.085s][info][gc,heap     ] GC(51) Survivor regions: 8->12(12)
[2025-03-16T15:58:44.729+0100][24.085s][info][gc,heap     ] GC(51) Old regions: 103->96
[2025-03-16T15:58:44.729+0100][24.085s][info][gc,heap     ] GC(51) Humongous regions: 1->1
[2025-03-16T15:58:44.729+0100][24.085s][info][gc,metaspace] GC(51) Metaspace: 27268K(27584K)->27268K(27584K) NonClass: 23668K(23808K)->23668K(23808K) Class: 3599K(3776K)->3599K(3776K)
[2025-03-16T15:58:44.729+0100][24.085s][info][gc          ] GC(51) Pause Young (Mixed) (G1 Evacuation Pause) 779M->431M(1040M) 17.926ms
[2025-03-16T15:58:44.729+0100][24.085s][info][gc,cpu      ] GC(51) User=0.15s Sys=0.01s Real=0.01s
[2025-03-16T15:58:45.049+0100][24.405s][info][gc,start    ] GC(52) Pause Young (Mixed) (G1 Evacuation Pause)
[2025-03-16T15:58:45.049+0100][24.405s][info][gc,task     ] GC(52) Using 9 workers of 9 for evacuation
[2025-03-16T15:58:45.069+0100][24.425s][info][gc,phases   ] GC(52)   Pre Evacuate Collection Set: 0.1ms
[2025-03-16T15:58:45.069+0100][24.425s][info][gc,phases   ] GC(52)   Merge Heap Roots: 0.1ms
[2025-03-16T15:58:45.069+0100][24.425s][info][gc,phases   ] GC(52)   Evacuate Collection Set: 18.3ms
[2025-03-16T15:58:45.069+0100][24.425s][info][gc,phases   ] GC(52)   Post Evacuate Collection Set: 1.3ms
[2025-03-16T15:58:45.069+0100][24.425s][info][gc,phases   ] GC(52)   Other: 0.0ms
[2025-03-16T15:58:45.069+0100][24.425s][info][gc,heap     ] GC(52) Eden regions: 84->0(83)
[2025-03-16T15:58:45.069+0100][24.425s][info][gc,heap     ] GC(52) Survivor regions: 12->12(12)
[2025-03-16T15:58:45.069+0100][24.425s][info][gc,heap     ] GC(52) Old regions: 96->96
[2025-03-16T15:58:45.069+0100][24.425s][info][gc,heap     ] GC(52) Humongous regions: 1->1
[2025-03-16T15:58:45.069+0100][24.425s][info][gc,metaspace] GC(52) Metaspace: 27268K(27584K)->27268K(27584K) NonClass: 23668K(23808K)->23668K(23808K) Class: 3599K(3776K)->3599K(3776K)
[2025-03-16T15:58:45.069+0100][24.425s][info][gc          ] GC(52) Pause Young (Mixed) (G1 Evacuation Pause) 767M->431M(1040M) 20.105ms
[2025-03-16T15:58:45.069+0100][24.425s][info][gc,cpu      ] GC(52) User=0.16s Sys=0.00s Real=0.02s
[2025-03-16T15:58:45.396+0100][24.751s][info][gc,start    ] GC(53) Pause Young (Mixed) (G1 Evacuation Pause)
[2025-03-16T15:58:45.396+0100][24.751s][info][gc,task     ] GC(53) Using 9 workers of 9 for evacuation
[2025-03-16T15:58:45.414+0100][24.769s][info][gc,phases   ] GC(53)   Pre Evacuate Collection Set: 0.1ms
[2025-03-16T15:58:45.414+0100][24.769s][info][gc,phases   ] GC(53)   Merge Heap Roots: 0.1ms
[2025-03-16T15:58:45.414+0100][24.769s][info][gc,phases   ] GC(53)   Evacuate Collection Set: 16.2ms
[2025-03-16T15:58:45.414+0100][24.769s][info][gc,phases   ] GC(53)   Post Evacuate Collection Set: 1.2ms
[2025-03-16T15:58:45.414+0100][24.769s][info][gc,phases   ] GC(53)   Other: 0.0ms
[2025-03-16T15:58:45.414+0100][24.769s][info][gc,heap     ] GC(53) Eden regions: 83->0(74)
[2025-03-16T15:58:45.414+0100][24.769s][info][gc,heap     ] GC(53) Survivor regions: 12->12(12)
[2025-03-16T15:58:45.414+0100][24.769s][info][gc,heap     ] GC(53) Old regions: 96->110
[2025-03-16T15:58:45.414+0100][24.769s][info][gc,heap     ] GC(53) Humongous regions: 1->1
[2025-03-16T15:58:45.414+0100][24.769s][info][gc,metaspace] GC(53) Metaspace: 27269K(27584K)->27269K(27584K) NonClass: 23669K(23808K)->23669K(23808K) Class: 3599K(3776K)->3599K(3776K)
[2025-03-16T15:58:45.414+0100][24.769s][info][gc          ] GC(53) Pause Young (Mixed) (G1 Evacuation Pause) 763M->488M(1040M) 17.872ms
[2025-03-16T15:58:45.414+0100][24.769s][info][gc,cpu      ] GC(53) User=0.14s Sys=0.00s Real=0.02s
[2025-03-16T15:58:45.690+0100][25.046s][info][gc,start    ] GC(54) Pause Young (Normal) (G1 Evacuation Pause)
[2025-03-16T15:58:45.690+0100][25.046s][info][gc,task     ] GC(54) Using 9 workers of 9 for evacuation
[2025-03-16T15:58:45.710+0100][25.065s][info][gc,phases   ] GC(54)   Pre Evacuate Collection Set: 0.1ms
[2025-03-16T15:58:45.710+0100][25.065s][info][gc,phases   ] GC(54)   Merge Heap Roots: 0.1ms
[2025-03-16T15:58:45.710+0100][25.065s][info][gc,phases   ] GC(54)   Evacuate Collection Set: 17.6ms
[2025-03-16T15:58:45.710+0100][25.065s][info][gc,phases   ] GC(54)   Post Evacuate Collection Set: 1.5ms
[2025-03-16T15:58:45.710+0100][25.065s][info][gc,phases   ] GC(54)   Other: 0.0ms
[2025-03-16T15:58:45.710+0100][25.065s][info][gc,heap     ] GC(54) Eden regions: 74->0(61)
[2025-03-16T15:58:45.710+0100][25.065s][info][gc,heap     ] GC(54) Survivor regions: 12->11(11)
[2025-03-16T15:58:45.710+0100][25.065s][info][gc,heap     ] GC(54) Old regions: 110->132
[2025-03-16T15:58:45.710+0100][25.065s][info][gc,heap     ] GC(54) Humongous regions: 1->1
[2025-03-16T15:58:45.710+0100][25.065s][info][gc,metaspace] GC(54) Metaspace: 27275K(27648K)->27275K(27648K) NonClass: 23675K(23872K)->23675K(23872K) Class: 3599K(3776K)->3599K(3776K)
[2025-03-16T15:58:45.710+0100][25.065s][info][gc          ] GC(54) Pause Young (Normal) (G1 Evacuation Pause) 784M->573M(1040M) 19.472ms
[2025-03-16T15:58:45.710+0100][25.065s][info][gc,cpu      ] GC(54) User=0.16s Sys=0.00s Real=0.02s
[2025-03-16T15:58:45.933+0100][25.289s][info][gc,start    ] GC(55) Pause Young (Concurrent Start) (G1 Evacuation Pause)
[2025-03-16T15:58:45.933+0100][25.289s][info][gc,task     ] GC(55) Using 9 workers of 9 for evacuation
[2025-03-16T15:58:45.950+0100][25.305s][info][gc,phases   ] GC(55)   Pre Evacuate Collection Set: 0.1ms
[2025-03-16T15:58:45.950+0100][25.305s][info][gc,phases   ] GC(55)   Merge Heap Roots: 0.1ms
[2025-03-16T15:58:45.950+0100][25.305s][info][gc,phases   ] GC(55)   Evacuate Collection Set: 15.0ms
[2025-03-16T15:58:45.950+0100][25.305s][info][gc,phases   ] GC(55)   Post Evacuate Collection Set: 1.1ms
[2025-03-16T15:58:45.950+0100][25.306s][info][gc,phases   ] GC(55)   Other: 0.1ms
[2025-03-16T15:58:45.950+0100][25.306s][info][gc,heap     ] GC(55) Eden regions: 61->0(52)
[2025-03-16T15:58:45.950+0100][25.306s][info][gc,heap     ] GC(55) Survivor regions: 11->9(9)
[2025-03-16T15:58:45.950+0100][25.306s][info][gc,heap     ] GC(55) Old regions: 132->152
[2025-03-16T15:58:45.950+0100][25.306s][info][gc,heap     ] GC(55) Humongous regions: 1->1
[2025-03-16T15:58:45.950+0100][25.306s][info][gc,metaspace] GC(55) Metaspace: 27275K(27648K)->27275K(27648K) NonClass: 23675K(23872K)->23675K(23872K) Class: 3599K(3776K)->3599K(3776K)
[2025-03-16T15:58:45.950+0100][25.306s][info][gc          ] GC(55) Pause Young (Concurrent Start) (G1 Evacuation Pause) 817M->645M(1040M) 16.634ms
[2025-03-16T15:58:45.950+0100][25.306s][info][gc,cpu      ] GC(55) User=0.14s Sys=0.00s Real=0.02s
[2025-03-16T15:58:45.950+0100][25.306s][info][gc          ] GC(56) Concurrent Mark Cycle
[2025-03-16T15:58:45.950+0100][25.306s][info][gc,marking  ] GC(56) Concurrent Scan Root Regions
[2025-03-16T15:58:45.968+0100][25.323s][info][gc,marking  ] GC(56) Concurrent Scan Root Regions 17.639ms
[2025-03-16T15:58:45.968+0100][25.323s][info][gc,marking  ] GC(56) Concurrent Mark
[2025-03-16T15:58:45.968+0100][25.323s][info][gc,marking  ] GC(56) Concurrent Mark From Roots
[2025-03-16T15:58:45.968+0100][25.323s][info][gc,task     ] GC(56) Using 2 workers of 2 for marking
[2025-03-16T15:58:46.060+0100][25.416s][info][gc,marking  ] GC(56) Concurrent Mark From Roots 92.556ms
[2025-03-16T15:58:46.060+0100][25.416s][info][gc,marking  ] GC(56) Concurrent Preclean
[2025-03-16T15:58:46.065+0100][25.421s][info][gc,marking  ] GC(56) Concurrent Preclean 4.587ms
[2025-03-16T15:58:46.065+0100][25.421s][info][gc,start    ] GC(56) Pause Remark
[2025-03-16T15:58:46.069+0100][25.425s][info][gc          ] GC(56) Pause Remark 751M->643M(1080M) 4.216ms
[2025-03-16T15:58:46.069+0100][25.425s][info][gc,cpu      ] GC(56) User=0.02s Sys=0.01s Real=0.00s
[2025-03-16T15:58:46.069+0100][25.425s][info][gc,marking  ] GC(56) Concurrent Mark 101.608ms
[2025-03-16T15:58:46.069+0100][25.425s][info][gc,marking  ] GC(56) Concurrent Rebuild Remembered Sets and Scrub Regions
[2025-03-16T15:58:46.156+0100][25.511s][info][gc,marking  ] GC(56) Concurrent Rebuild Remembered Sets and Scrub Regions 86.280ms
[2025-03-16T15:58:46.156+0100][25.511s][info][gc,start    ] GC(56) Pause Cleanup
[2025-03-16T15:58:46.156+0100][25.511s][info][gc          ] GC(56) Pause Cleanup 725M->725M(1080M) 0.101ms
[2025-03-16T15:58:46.156+0100][25.511s][info][gc,cpu      ] GC(56) User=0.00s Sys=0.00s Real=0.00s
[2025-03-16T15:58:46.156+0100][25.511s][info][gc,marking  ] GC(56) Concurrent Clear Claimed Marks
[2025-03-16T15:58:46.156+0100][25.511s][info][gc,marking  ] GC(56) Concurrent Clear Claimed Marks 0.030ms
[2025-03-16T15:58:46.156+0100][25.511s][info][gc,marking  ] GC(56) Concurrent Cleanup for Next Mark
[2025-03-16T15:58:46.156+0100][25.512s][info][gc,marking  ] GC(56) Concurrent Cleanup for Next Mark 0.424ms
[2025-03-16T15:58:46.156+0100][25.512s][info][gc          ] GC(56) Concurrent Mark Cycle 206.334ms
[2025-03-16T15:58:46.177+0100][25.532s][info][gc,start    ] GC(57) Pause Young (Prepare Mixed) (G1 Evacuation Pause)
[2025-03-16T15:58:46.177+0100][25.532s][info][gc,task     ] GC(57) Using 9 workers of 9 for evacuation
[2025-03-16T15:58:46.195+0100][25.550s][info][gc,phases   ] GC(57)   Pre Evacuate Collection Set: 0.1ms
[2025-03-16T15:58:46.195+0100][25.550s][info][gc,phases   ] GC(57)   Merge Heap Roots: 0.2ms
[2025-03-16T15:58:46.195+0100][25.550s][info][gc,phases   ] GC(57)   Evacuate Collection Set: 16.3ms
[2025-03-16T15:58:46.195+0100][25.550s][info][gc,phases   ] GC(57)   Post Evacuate Collection Set: 1.2ms
[2025-03-16T15:58:46.195+0100][25.550s][info][gc,phases   ] GC(57)   Other: 0.0ms
[2025-03-16T15:58:46.195+0100][25.550s][info][gc,heap     ] GC(57) Eden regions: 52->0(65)
[2025-03-16T15:58:46.195+0100][25.550s][info][gc,heap     ] GC(57) Survivor regions: 9->8(8)
[2025-03-16T15:58:46.195+0100][25.550s][info][gc,heap     ] GC(57) Old regions: 125->141
[2025-03-16T15:58:46.195+0100][25.550s][info][gc,heap     ] GC(57) Humongous regions: 1->1
[2025-03-16T15:58:46.195+0100][25.550s][info][gc,metaspace] GC(57) Metaspace: 27275K(27648K)->27275K(27648K) NonClass: 23675K(23872K)->23675K(23872K) Class: 3599K(3776K)->3599K(3776K)
[2025-03-16T15:58:46.195+0100][25.550s][info][gc          ] GC(57) Pause Young (Prepare Mixed) (G1 Evacuation Pause) 745M->596M(1080M) 18.006ms
[2025-03-16T15:58:46.195+0100][25.550s][info][gc,cpu      ] GC(57) User=0.14s Sys=0.00s Real=0.02s
[2025-03-16T15:58:46.433+0100][25.789s][info][gc,start    ] GC(58) Pause Young (Mixed) (G1 Evacuation Pause)
[2025-03-16T15:58:46.433+0100][25.789s][info][gc,task     ] GC(58) Using 9 workers of 9 for evacuation
[2025-03-16T15:58:46.449+0100][25.805s][info][gc,phases   ] GC(58)   Pre Evacuate Collection Set: 0.1ms
[2025-03-16T15:58:46.449+0100][25.805s][info][gc,phases   ] GC(58)   Merge Heap Roots: 0.1ms
[2025-03-16T15:58:46.449+0100][25.805s][info][gc,phases   ] GC(58)   Evacuate Collection Set: 14.5ms
[2025-03-16T15:58:46.449+0100][25.805s][info][gc,phases   ] GC(58)   Post Evacuate Collection Set: 1.2ms
[2025-03-16T15:58:46.449+0100][25.805s][info][gc,phases   ] GC(58)   Other: 0.1ms
[2025-03-16T15:58:46.449+0100][25.805s][info][gc,heap     ] GC(58) Eden regions: 65->0(68)
[2025-03-16T15:58:46.449+0100][25.805s][info][gc,heap     ] GC(58) Survivor regions: 8->10(10)
[2025-03-16T15:58:46.449+0100][25.805s][info][gc,heap     ] GC(58) Old regions: 141->132
[2025-03-16T15:58:46.449+0100][25.805s][info][gc,heap     ] GC(58) Humongous regions: 1->1
[2025-03-16T15:58:46.449+0100][25.805s][info][gc,metaspace] GC(58) Metaspace: 27276K(27648K)->27276K(27648K) NonClass: 23676K(23872K)->23676K(23872K) Class: 3599K(3776K)->3599K(3776K)
[2025-03-16T15:58:46.449+0100][25.805s][info][gc          ] GC(58) Pause Young (Mixed) (G1 Evacuation Pause) 856M->566M(1080M) 16.219ms
[2025-03-16T15:58:46.449+0100][25.805s][info][gc,cpu      ] GC(58) User=0.14s Sys=0.00s Real=0.01s
[2025-03-16T15:58:46.706+0100][26.061s][info][gc,start    ] GC(59) Pause Young (Mixed) (G1 Evacuation Pause)
[2025-03-16T15:58:46.706+0100][26.061s][info][gc,task     ] GC(59) Using 9 workers of 9 for evacuation
[2025-03-16T15:58:46.724+0100][26.080s][info][gc,phases   ] GC(59)   Pre Evacuate Collection Set: 0.1ms
[2025-03-16T15:58:46.725+0100][26.080s][info][gc,phases   ] GC(59)   Merge Heap Roots: 0.1ms
[2025-03-16T15:58:46.725+0100][26.080s][info][gc,phases   ] GC(59)   Evacuate Collection Set: 17.2ms
[2025-03-16T15:58:46.725+0100][26.080s][info][gc,phases   ] GC(59)   Post Evacuate Collection Set: 1.2ms
[2025-03-16T15:58:46.725+0100][26.080s][info][gc,phases   ] GC(59)   Other: 0.0ms
[2025-03-16T15:58:46.725+0100][26.080s][info][gc,heap     ] GC(59) Eden regions: 68->0(62)
[2025-03-16T15:58:46.725+0100][26.080s][info][gc,heap     ] GC(59) Survivor regions: 10->10(10)
[2025-03-16T15:58:46.725+0100][26.080s][info][gc,heap     ] GC(59) Old regions: 132->143
[2025-03-16T15:58:46.725+0100][26.080s][info][gc,heap     ] GC(59) Humongous regions: 1->1
[2025-03-16T15:58:46.725+0100][26.080s][info][gc,metaspace] GC(59) Metaspace: 27276K(27648K)->27276K(27648K) NonClass: 23676K(23872K)->23676K(23872K) Class: 3599K(3776K)->3599K(3776K)
[2025-03-16T15:58:46.725+0100][26.080s][info][gc          ] GC(59) Pause Young (Mixed) (G1 Evacuation Pause) 838M->611M(1080M) 18.893ms
[2025-03-16T15:58:46.725+0100][26.080s][info][gc,cpu      ] GC(59) User=0.15s Sys=0.01s Real=0.02s
[2025-03-16T15:58:46.971+0100][26.326s][info][gc,start    ] GC(60) Pause Young (Normal) (G1 Evacuation Pause)
[2025-03-16T15:58:46.971+0100][26.326s][info][gc,task     ] GC(60) Using 9 workers of 9 for evacuation
[2025-03-16T15:58:46.988+0100][26.343s][info][gc,phases   ] GC(60)   Pre Evacuate Collection Set: 0.1ms
[2025-03-16T15:58:46.988+0100][26.343s][info][gc,phases   ] GC(60)   Merge Heap Roots: 0.1ms
[2025-03-16T15:58:46.988+0100][26.343s][info][gc,phases   ] GC(60)   Evacuate Collection Set: 15.6ms
[2025-03-16T15:58:46.988+0100][26.343s][info][gc,phases   ] GC(60)   Post Evacuate Collection Set: 1.3ms
[2025-03-16T15:58:46.988+0100][26.343s][info][gc,phases   ] GC(60)   Other: 0.0ms
[2025-03-16T15:58:46.988+0100][26.343s][info][gc,heap     ] GC(60) Eden regions: 62->0(52)
[2025-03-16T15:58:46.988+0100][26.343s][info][gc,heap     ] GC(60) Survivor regions: 10->9(9)
[2025-03-16T15:58:46.988+0100][26.343s][info][gc,heap     ] GC(60) Old regions: 143->161
[2025-03-16T15:58:46.988+0100][26.343s][info][gc,heap     ] GC(60) Humongous regions: 1->1
[2025-03-16T15:58:46.988+0100][26.343s][info][gc,metaspace] GC(60) Metaspace: 27278K(27648K)->27278K(27648K) NonClass: 23679K(23872K)->23679K(23872K) Class: 3599K(3776K)->3599K(3776K)
[2025-03-16T15:58:46.988+0100][26.343s][info][gc          ] GC(60) Pause Young (Normal) (G1 Evacuation Pause) 859M->681M(1080M) 17.245ms
[2025-03-16T15:58:46.988+0100][26.343s][info][gc,cpu      ] GC(60) User=0.14s Sys=0.00s Real=0.01s
[2025-03-16T15:58:47.191+0100][26.547s][info][gc,start    ] GC(61) Pause Young (Concurrent Start) (G1 Evacuation Pause)
[2025-03-16T15:58:47.191+0100][26.547s][info][gc,task     ] GC(61) Using 9 workers of 9 for evacuation
[2025-03-16T15:58:47.207+0100][26.562s][info][gc,phases   ] GC(61)   Pre Evacuate Collection Set: 0.1ms
[2025-03-16T15:58:47.207+0100][26.562s][info][gc,phases   ] GC(61)   Merge Heap Roots: 0.1ms
[2025-03-16T15:58:47.207+0100][26.562s][info][gc,phases   ] GC(61)   Evacuate Collection Set: 14.2ms
[2025-03-16T15:58:47.207+0100][26.562s][info][gc,phases   ] GC(61)   Post Evacuate Collection Set: 1.1ms
[2025-03-16T15:58:47.207+0100][26.562s][info][gc,phases   ] GC(61)   Other: 0.0ms
[2025-03-16T15:58:47.207+0100][26.562s][info][gc,heap     ] GC(61) Eden regions: 52->0(44)
[2025-03-16T15:58:47.207+0100][26.562s][info][gc,heap     ] GC(61) Survivor regions: 9->8(8)
[2025-03-16T15:58:47.207+0100][26.562s][info][gc,heap     ] GC(61) Old regions: 161->177
[2025-03-16T15:58:47.207+0100][26.562s][info][gc,heap     ] GC(61) Humongous regions: 1->1
[2025-03-16T15:58:47.207+0100][26.562s][info][gc,metaspace] GC(61) Metaspace: 27278K(27648K)->27278K(27648K) NonClass: 23679K(23872K)->23679K(23872K) Class: 3599K(3776K)->3599K(3776K)
[2025-03-16T15:58:47.207+0100][26.562s][info][gc          ] GC(61) Pause Young (Concurrent Start) (G1 Evacuation Pause) 889M->741M(1080M) 15.736ms
[2025-03-16T15:58:47.207+0100][26.562s][info][gc,cpu      ] GC(61) User=0.13s Sys=0.01s Real=0.01s
[2025-03-16T15:58:47.207+0100][26.562s][info][gc          ] GC(62) Concurrent Mark Cycle
[2025-03-16T15:58:47.207+0100][26.562s][info][gc,marking  ] GC(62) Concurrent Scan Root Regions
[2025-03-16T15:58:47.222+0100][26.578s][info][gc,marking  ] GC(62) Concurrent Scan Root Regions 15.662ms
[2025-03-16T15:58:47.222+0100][26.578s][info][gc,marking  ] GC(62) Concurrent Mark
[2025-03-16T15:58:47.222+0100][26.578s][info][gc,marking  ] GC(62) Concurrent Mark From Roots
[2025-03-16T15:58:47.222+0100][26.578s][info][gc,task     ] GC(62) Using 2 workers of 2 for marking
[2025-03-16T15:58:47.284+0100][26.640s][info][gc,marking  ] GC(62) Concurrent Mark From Roots 61.809ms
[2025-03-16T15:58:47.284+0100][26.640s][info][gc,marking  ] GC(62) Concurrent Preclean
[2025-03-16T15:58:47.285+0100][26.641s][info][gc,marking  ] GC(62) Concurrent Preclean 0.892ms
[2025-03-16T15:58:47.285+0100][26.641s][info][gc,start    ] GC(62) Pause Remark
[2025-03-16T15:58:47.287+0100][26.643s][info][gc          ] GC(62) Pause Remark 811M->567M(1080M) 1.678ms
[2025-03-16T15:58:47.287+0100][26.643s][info][gc,cpu      ] GC(62) User=0.01s Sys=0.00s Real=0.00s
[2025-03-16T15:58:47.287+0100][26.643s][info][gc,marking  ] GC(62) Concurrent Mark 64.577ms
[2025-03-16T15:58:47.287+0100][26.643s][info][gc,marking  ] GC(62) Concurrent Rebuild Remembered Sets and Scrub Regions
[2025-03-16T15:58:47.341+0100][26.696s][info][gc,marking  ] GC(62) Concurrent Rebuild Remembered Sets and Scrub Regions 53.689ms
[2025-03-16T15:58:47.341+0100][26.696s][info][gc,start    ] GC(62) Pause Cleanup
[2025-03-16T15:58:47.341+0100][26.697s][info][gc          ] GC(62) Pause Cleanup 621M->621M(1080M) 0.103ms
[2025-03-16T15:58:47.341+0100][26.697s][info][gc,cpu      ] GC(62) User=0.00s Sys=0.00s Real=0.00s
[2025-03-16T15:58:47.341+0100][26.697s][info][gc,marking  ] GC(62) Concurrent Clear Claimed Marks
[2025-03-16T15:58:47.341+0100][26.697s][info][gc,marking  ] GC(62) Concurrent Clear Claimed Marks 0.034ms
[2025-03-16T15:58:47.341+0100][26.697s][info][gc,marking  ] GC(62) Concurrent Cleanup for Next Mark
[2025-03-16T15:58:47.341+0100][26.697s][info][gc,marking  ] GC(62) Concurrent Cleanup for Next Mark 0.404ms
[2025-03-16T15:58:47.341+0100][26.697s][info][gc          ] GC(62) Concurrent Mark Cycle 134.749ms
[2025-03-16T15:58:47.389+0100][26.744s][info][gc,start    ] GC(63) Pause Young (Prepare Mixed) (G1 Evacuation Pause)
[2025-03-16T15:58:47.389+0100][26.744s][info][gc,task     ] GC(63) Using 9 workers of 9 for evacuation
[2025-03-16T15:58:47.402+0100][26.757s][info][gc,phases   ] GC(63)   Pre Evacuate Collection Set: 0.1ms
[2025-03-16T15:58:47.402+0100][26.757s][info][gc,phases   ] GC(63)   Merge Heap Roots: 0.1ms
[2025-03-16T15:58:47.402+0100][26.757s][info][gc,phases   ] GC(63)   Evacuate Collection Set: 11.9ms
[2025-03-16T15:58:47.402+0100][26.758s][info][gc,phases   ] GC(63)   Post Evacuate Collection Set: 1.1ms
[2025-03-16T15:58:47.402+0100][26.758s][info][gc,phases   ] GC(63)   Other: 0.0ms
[2025-03-16T15:58:47.402+0100][26.758s][info][gc,heap     ] GC(63) Eden regions: 44->0(69)
[2025-03-16T15:58:47.402+0100][26.758s][info][gc,heap     ] GC(63) Survivor regions: 8->7(7)
[2025-03-16T15:58:47.402+0100][26.758s][info][gc,heap     ] GC(63) Old regions: 116->131
[2025-03-16T15:58:47.402+0100][26.758s][info][gc,heap     ] GC(63) Humongous regions: 1->1
[2025-03-16T15:58:47.402+0100][26.758s][info][gc,metaspace] GC(63) Metaspace: 27278K(27648K)->27278K(27648K) NonClass: 23679K(23872K)->23679K(23872K) Class: 3599K(3776K)->3599K(3776K)
[2025-03-16T15:58:47.402+0100][26.758s][info][gc          ] GC(63) Pause Young (Prepare Mixed) (G1 Evacuation Pause) 673M->551M(1080M) 13.394ms
[2025-03-16T15:58:47.402+0100][26.758s][info][gc,cpu      ] GC(63) User=0.11s Sys=0.00s Real=0.02s
[2025-03-16T15:58:47.656+0100][27.012s][info][gc,start    ] GC(64) Pause Young (Mixed) (G1 Evacuation Pause)
[2025-03-16T15:58:47.656+0100][27.012s][info][gc,task     ] GC(64) Using 9 workers of 9 for evacuation
[2025-03-16T15:58:47.672+0100][27.028s][info][gc,phases   ] GC(64)   Pre Evacuate Collection Set: 0.1ms
[2025-03-16T15:58:47.672+0100][27.028s][info][gc,phases   ] GC(64)   Merge Heap Roots: 0.1ms
[2025-03-16T15:58:47.673+0100][27.028s][info][gc,phases   ] GC(64)   Evacuate Collection Set: 14.7ms
[2025-03-16T15:58:47.673+0100][27.028s][info][gc,phases   ] GC(64)   Post Evacuate Collection Set: 1.3ms
[2025-03-16T15:58:47.673+0100][27.028s][info][gc,phases   ] GC(64)   Other: 0.1ms
[2025-03-16T15:58:47.673+0100][27.028s][info][gc,heap     ] GC(64) Eden regions: 69->0(73)
[2025-03-16T15:58:47.673+0100][27.028s][info][gc,heap     ] GC(64) Survivor regions: 7->10(10)
[2025-03-16T15:58:47.673+0100][27.028s][info][gc,heap     ] GC(64) Old regions: 131->120
[2025-03-16T15:58:47.673+0100][27.028s][info][gc,heap     ] GC(64) Humongous regions: 1->1
[2025-03-16T15:58:47.673+0100][27.028s][info][gc,metaspace] GC(64) Metaspace: 27278K(27648K)->27278K(27648K) NonClass: 23679K(23872K)->23679K(23872K) Class: 3599K(3776K)->3599K(3776K)
[2025-03-16T15:58:47.673+0100][27.028s][info][gc          ] GC(64) Pause Young (Mixed) (G1 Evacuation Pause) 827M->520M(1080M) 16.493ms
[2025-03-16T15:58:47.673+0100][27.028s][info][gc,cpu      ] GC(64) User=0.13s Sys=0.00s Real=0.02s
[2025-03-16T15:58:47.952+0100][27.308s][info][gc,start    ] GC(65) Pause Young (Mixed) (G1 Evacuation Pause)
[2025-03-16T15:58:47.952+0100][27.308s][info][gc,task     ] GC(65) Using 9 workers of 9 for evacuation
[2025-03-16T15:58:47.971+0100][27.327s][info][gc,phases   ] GC(65)   Pre Evacuate Collection Set: 0.1ms
[2025-03-16T15:58:47.971+0100][27.327s][info][gc,phases   ] GC(65)   Merge Heap Roots: 0.1ms
[2025-03-16T15:58:47.971+0100][27.327s][info][gc,phases   ] GC(65)   Evacuate Collection Set: 17.4ms
[2025-03-16T15:58:47.971+0100][27.327s][info][gc,phases   ] GC(65)   Post Evacuate Collection Set: 1.4ms
[2025-03-16T15:58:47.971+0100][27.327s][info][gc,phases   ] GC(65)   Other: 0.0ms
[2025-03-16T15:58:47.971+0100][27.327s][info][gc,heap     ] GC(65) Eden regions: 73->0(75)
[2025-03-16T15:58:47.971+0100][27.327s][info][gc,heap     ] GC(65) Survivor regions: 10->11(11)
[2025-03-16T15:58:47.971+0100][27.327s][info][gc,heap     ] GC(65) Old regions: 120->114
[2025-03-16T15:58:47.971+0100][27.327s][info][gc,heap     ] GC(65) Humongous regions: 1->1
[2025-03-16T15:58:47.971+0100][27.327s][info][gc,metaspace] GC(65) Metaspace: 27278K(27648K)->27278K(27648K) NonClass: 23679K(23872K)->23679K(23872K) Class: 3599K(3776K)->3599K(3776K)
[2025-03-16T15:58:47.971+0100][27.327s][info][gc          ] GC(65) Pause Young (Mixed) (G1 Evacuation Pause) 812M->499M(1080M) 19.226ms
[2025-03-16T15:58:47.972+0100][27.327s][info][gc,cpu      ] GC(65) User=0.16s Sys=0.00s Real=0.02s
[2025-03-16T15:58:48.255+0100][27.611s][info][gc,start    ] GC(66) Pause Young (Mixed) (G1 Evacuation Pause)
[2025-03-16T15:58:48.255+0100][27.611s][info][gc,task     ] GC(66) Using 9 workers of 9 for evacuation
[2025-03-16T15:58:48.277+0100][27.632s][info][gc,phases   ] GC(66)   Pre Evacuate Collection Set: 0.1ms
[2025-03-16T15:58:48.277+0100][27.632s][info][gc,phases   ] GC(66)   Merge Heap Roots: 0.1ms
[2025-03-16T15:58:48.277+0100][27.632s][info][gc,phases   ] GC(66)   Evacuate Collection Set: 19.4ms
[2025-03-16T15:58:48.277+0100][27.632s][info][gc,phases   ] GC(66)   Post Evacuate Collection Set: 1.6ms
[2025-03-16T15:58:48.277+0100][27.632s][info][gc,phases   ] GC(66)   Other: 0.0ms
[2025-03-16T15:58:48.277+0100][27.632s][info][gc,heap     ] GC(66) Eden regions: 75->0(69)
[2025-03-16T15:58:48.277+0100][27.632s][info][gc,heap     ] GC(66) Survivor regions: 11->11(11)
[2025-03-16T15:58:48.277+0100][27.632s][info][gc,heap     ] GC(66) Old regions: 114->126
[2025-03-16T15:58:48.277+0100][27.632s][info][gc,heap     ] GC(66) Humongous regions: 1->1
[2025-03-16T15:58:48.277+0100][27.632s][info][gc,metaspace] GC(66) Metaspace: 27278K(27648K)->27278K(27648K) NonClass: 23679K(23872K)->23679K(23872K) Class: 3599K(3776K)->3599K(3776K)
[2025-03-16T15:58:48.277+0100][27.632s][info][gc          ] GC(66) Pause Young (Mixed) (G1 Evacuation Pause) 799M->549M(1080M) 21.441ms
[2025-03-16T15:58:48.277+0100][27.632s][info][gc,cpu      ] GC(66) User=0.18s Sys=0.00s Real=0.02s
[2025-03-16T15:58:48.548+0100][27.904s][info][gc,start    ] GC(67) Pause Young (Normal) (G1 Evacuation Pause)
[2025-03-16T15:58:48.548+0100][27.904s][info][gc,task     ] GC(67) Using 9 workers of 9 for evacuation
[2025-03-16T15:58:48.566+0100][27.922s][info][gc,phases   ] GC(67)   Pre Evacuate Collection Set: 0.1ms
[2025-03-16T15:58:48.566+0100][27.922s][info][gc,phases   ] GC(67)   Merge Heap Roots: 0.1ms
[2025-03-16T15:58:48.566+0100][27.922s][info][gc,phases   ] GC(67)   Evacuate Collection Set: 16.3ms
[2025-03-16T15:58:48.566+0100][27.922s][info][gc,phases   ] GC(67)   Post Evacuate Collection Set: 1.3ms
[2025-03-16T15:58:48.566+0100][27.922s][info][gc,phases   ] GC(67)   Other: 0.0ms
[2025-03-16T15:58:48.566+0100][27.922s][info][gc,heap     ] GC(67) Eden regions: 69->0(57)
[2025-03-16T15:58:48.566+0100][27.922s][info][gc,heap     ] GC(67) Survivor regions: 11->10(10)
[2025-03-16T15:58:48.566+0100][27.922s][info][gc,heap     ] GC(67) Old regions: 126->148
[2025-03-16T15:58:48.566+0100][27.922s][info][gc,heap     ] GC(67) Humongous regions: 1->1
[2025-03-16T15:58:48.566+0100][27.922s][info][gc,metaspace] GC(67) Metaspace: 27278K(27648K)->27278K(27648K) NonClass: 23679K(23872K)->23679K(23872K) Class: 3599K(3776K)->3599K(3776K)
[2025-03-16T15:58:48.566+0100][27.922s][info][gc          ] GC(67) Pause Young (Normal) (G1 Evacuation Pause) 825M->632M(1080M) 18.079ms
[2025-03-16T15:58:48.566+0100][27.922s][info][gc,cpu      ] GC(67) User=0.15s Sys=0.01s Real=0.02s
[2025-03-16T15:58:48.782+0100][28.138s][info][gc,start    ] GC(68) Pause Young (Concurrent Start) (G1 Evacuation Pause)
[2025-03-16T15:58:48.782+0100][28.138s][info][gc,task     ] GC(68) Using 9 workers of 9 for evacuation
[2025-03-16T15:58:48.798+0100][28.153s][info][gc,phases   ] GC(68)   Pre Evacuate Collection Set: 0.1ms
[2025-03-16T15:58:48.798+0100][28.154s][info][gc,phases   ] GC(68)   Merge Heap Roots: 0.1ms
[2025-03-16T15:58:48.798+0100][28.154s][info][gc,phases   ] GC(68)   Evacuate Collection Set: 13.9ms
[2025-03-16T15:58:48.798+0100][28.154s][info][gc,phases   ] GC(68)   Post Evacuate Collection Set: 1.2ms
[2025-03-16T15:58:48.798+0100][28.154s][info][gc,phases   ] GC(68)   Other: 0.1ms
[2025-03-16T15:58:48.798+0100][28.154s][info][gc,heap     ] GC(68) Eden regions: 57->0(48)
[2025-03-16T15:58:48.798+0100][28.154s][info][gc,heap     ] GC(68) Survivor regions: 10->9(9)
[2025-03-16T15:58:48.798+0100][28.154s][info][gc,heap     ] GC(68) Old regions: 148->166
[2025-03-16T15:58:48.798+0100][28.154s][info][gc,heap     ] GC(68) Humongous regions: 1->1
[2025-03-16T15:58:48.798+0100][28.154s][info][gc,metaspace] GC(68) Metaspace: 27278K(27648K)->27278K(27648K) NonClass: 23679K(23872K)->23679K(23872K) Class: 3599K(3776K)->3599K(3776K)
[2025-03-16T15:58:48.798+0100][28.154s][info][gc          ] GC(68) Pause Young (Concurrent Start) (G1 Evacuation Pause) 860M->698M(1080M) 15.647ms
[2025-03-16T15:58:48.798+0100][28.154s][info][gc,cpu      ] GC(68) User=0.12s Sys=0.00s Real=0.01s
[2025-03-16T15:58:48.798+0100][28.154s][info][gc          ] GC(69) Concurrent Mark Cycle
[2025-03-16T15:58:48.798+0100][28.154s][info][gc,marking  ] GC(69) Concurrent Scan Root Regions
[2025-03-16T15:58:48.814+0100][28.170s][info][gc,marking  ] GC(69) Concurrent Scan Root Regions 16.118ms
[2025-03-16T15:58:48.814+0100][28.170s][info][gc,marking  ] GC(69) Concurrent Mark
[2025-03-16T15:58:48.814+0100][28.170s][info][gc,marking  ] GC(69) Concurrent Mark From Roots
[2025-03-16T15:58:48.814+0100][28.170s][info][gc,task     ] GC(69) Using 2 workers of 2 for marking
[2025-03-16T15:58:48.995+0100][28.350s][info][gc,marking  ] GC(69) Concurrent Mark From Roots 180.649ms
[2025-03-16T15:58:48.995+0100][28.351s][info][gc,marking  ] GC(69) Concurrent Preclean
[2025-03-16T15:58:48.998+0100][28.353s][info][gc,marking  ] GC(69) Concurrent Preclean 2.889ms
[2025-03-16T15:58:48.998+0100][28.354s][info][gc,start    ] GC(69) Pause Remark
[2025-03-16T15:58:49.001+0100][28.357s][info][gc          ] GC(69) Pause Remark 868M->864M(1456M) 2.954ms
[2025-03-16T15:58:49.001+0100][28.357s][info][gc,cpu      ] GC(69) User=0.02s Sys=0.00s Real=0.01s
[2025-03-16T15:58:49.001+0100][28.357s][info][gc,marking  ] GC(69) Concurrent Mark 186.747ms
[2025-03-16T15:58:49.001+0100][28.357s][info][gc,marking  ] GC(69) Concurrent Rebuild Remembered Sets and Scrub Regions
[2025-03-16T15:58:49.031+0100][28.386s][info][gc,start    ] GC(70) Pause Young (Normal) (G1 Evacuation Pause)
[2025-03-16T15:58:49.031+0100][28.386s][info][gc,task     ] GC(70) Using 9 workers of 9 for evacuation
[2025-03-16T15:58:49.042+0100][28.398s][info][gc,phases   ] GC(70)   Pre Evacuate Collection Set: 0.1ms
[2025-03-16T15:58:49.042+0100][28.398s][info][gc,phases   ] GC(70)   Merge Heap Roots: 0.1ms
[2025-03-16T15:58:49.042+0100][28.398s][info][gc,phases   ] GC(70)   Evacuate Collection Set: 10.0ms
[2025-03-16T15:58:49.042+0100][28.398s][info][gc,phases   ] GC(70)   Post Evacuate Collection Set: 1.2ms
[2025-03-16T15:58:49.042+0100][28.398s][info][gc,phases   ] GC(70)   Other: 0.0ms
[2025-03-16T15:58:49.042+0100][28.398s][info][gc,heap     ] GC(70) Eden regions: 48->0(105)
[2025-03-16T15:58:49.042+0100][28.398s][info][gc,heap     ] GC(70) Survivor regions: 9->8(8)
[2025-03-16T15:58:49.042+0100][28.398s][info][gc,heap     ] GC(70) Old regions: 165->168
[2025-03-16T15:58:49.042+0100][28.398s][info][gc,heap     ] GC(70) Humongous regions: 1->1
[2025-03-16T15:58:49.042+0100][28.398s][info][gc,metaspace] GC(70) Metaspace: 27278K(27648K)->27278K(27648K) NonClass: 23679K(23872K)->23679K(23872K) Class: 3599K(3776K)->3599K(3776K)
[2025-03-16T15:58:49.042+0100][28.398s][info][gc          ] GC(70) Pause Young (Normal) (G1 Evacuation Pause) 886M->703M(1456M) 11.762ms
[2025-03-16T15:58:49.042+0100][28.398s][info][gc,cpu      ] GC(70) User=0.08s Sys=0.01s Real=0.01s
[2025-03-16T15:58:49.161+0100][28.517s][info][gc,marking  ] GC(69) Concurrent Rebuild Remembered Sets and Scrub Regions 159.920ms
[2025-03-16T15:58:49.161+0100][28.517s][info][gc,start    ] GC(69) Pause Cleanup
[2025-03-16T15:58:49.161+0100][28.517s][info][gc          ] GC(69) Pause Cleanup 809M->809M(1456M) 0.123ms
[2025-03-16T15:58:49.161+0100][28.517s][info][gc,cpu      ] GC(69) User=0.00s Sys=0.01s Real=0.00s
[2025-03-16T15:58:49.161+0100][28.517s][info][gc,marking  ] GC(69) Concurrent Clear Claimed Marks
[2025-03-16T15:58:49.161+0100][28.517s][info][gc,marking  ] GC(69) Concurrent Clear Claimed Marks 0.031ms
[2025-03-16T15:58:49.161+0100][28.517s][info][gc,marking  ] GC(69) Concurrent Cleanup for Next Mark
[2025-03-16T15:58:49.162+0100][28.518s][info][gc,marking  ] GC(69) Concurrent Cleanup for Next Mark 0.834ms
[2025-03-16T15:58:49.162+0100][28.518s][info][gc          ] GC(69) Concurrent Mark Cycle 364.175ms
[2025-03-16T15:58:49.503+0100][28.859s][info][gc,start    ] GC(71) Pause Young (Prepare Mixed) (G1 Evacuation Pause)
[2025-03-16T15:58:49.503+0100][28.859s][info][gc,task     ] GC(71) Using 9 workers of 9 for evacuation
[2025-03-16T15:58:49.526+0100][28.882s][info][gc,phases   ] GC(71)   Pre Evacuate Collection Set: 0.1ms
[2025-03-16T15:58:49.526+0100][28.882s][info][gc,phases   ] GC(71)   Merge Heap Roots: 0.1ms
[2025-03-16T15:58:49.526+0100][28.882s][info][gc,phases   ] GC(71)   Evacuate Collection Set: 21.0ms
[2025-03-16T15:58:49.526+0100][28.882s][info][gc,phases   ] GC(71)   Post Evacuate Collection Set: 1.9ms
[2025-03-16T15:58:49.526+0100][28.882s][info][gc,phases   ] GC(71)   Other: 0.0ms
[2025-03-16T15:58:49.526+0100][28.882s][info][gc,heap     ] GC(71) Eden regions: 105->0(86)
[2025-03-16T15:58:49.526+0100][28.882s][info][gc,heap     ] GC(71) Survivor regions: 8->15(15)
[2025-03-16T15:58:49.526+0100][28.882s][info][gc,heap     ] GC(71) Old regions: 168->190
[2025-03-16T15:58:49.526+0100][28.882s][info][gc,heap     ] GC(71) Humongous regions: 1->1
[2025-03-16T15:58:49.526+0100][28.882s][info][gc,metaspace] GC(71) Metaspace: 27279K(27648K)->27279K(27648K) NonClass: 23679K(23872K)->23679K(23872K) Class: 3599K(3776K)->3599K(3776K)
[2025-03-16T15:58:49.526+0100][28.882s][info][gc          ] GC(71) Pause Young (Prepare Mixed) (G1 Evacuation Pause) 1123M->821M(1456M) 23.390ms
[2025-03-16T15:58:49.526+0100][28.882s][info][gc,cpu      ] GC(71) User=0.19s Sys=0.01s Real=0.02s
[2025-03-16T15:58:49.855+0100][29.211s][info][gc,start    ] GC(72) Pause Young (Mixed) (G1 Evacuation Pause)
[2025-03-16T15:58:49.855+0100][29.211s][info][gc,task     ] GC(72) Using 9 workers of 9 for evacuation
[2025-03-16T15:58:49.876+0100][29.231s][info][gc,phases   ] GC(72)   Pre Evacuate Collection Set: 0.1ms
[2025-03-16T15:58:49.876+0100][29.231s][info][gc,phases   ] GC(72)   Merge Heap Roots: 0.1ms
[2025-03-16T15:58:49.876+0100][29.231s][info][gc,phases   ] GC(72)   Evacuate Collection Set: 18.9ms
[2025-03-16T15:58:49.876+0100][29.231s][info][gc,phases   ] GC(72)   Post Evacuate Collection Set: 1.3ms
[2025-03-16T15:58:49.876+0100][29.231s][info][gc,phases   ] GC(72)   Other: 0.0ms
[2025-03-16T15:58:49.876+0100][29.231s][info][gc,heap     ] GC(72) Eden regions: 86->0(77)
[2025-03-16T15:58:49.876+0100][29.232s][info][gc,heap     ] GC(72) Survivor regions: 15->13(13)
[2025-03-16T15:58:49.876+0100][29.232s][info][gc,heap     ] GC(72) Old regions: 190->207
[2025-03-16T15:58:49.876+0100][29.232s][info][gc,heap     ] GC(72) Humongous regions: 1->1
[2025-03-16T15:58:49.876+0100][29.232s][info][gc,metaspace] GC(72) Metaspace: 27279K(27648K)->27279K(27648K) NonClass: 23680K(23872K)->23680K(23872K) Class: 3599K(3776K)->3599K(3776K)
[2025-03-16T15:58:49.876+0100][29.232s][info][gc          ] GC(72) Pause Young (Mixed) (G1 Evacuation Pause) 1165M->881M(1456M) 20.697ms
[2025-03-16T15:58:49.876+0100][29.232s][info][gc,cpu      ] GC(72) User=0.17s Sys=0.00s Real=0.02s
[2025-03-16T15:58:50.168+0100][29.524s][info][gc,start    ] GC(73) Pause Young (Concurrent Start) (G1 Evacuation Pause)
[2025-03-16T15:58:50.168+0100][29.524s][info][gc,task     ] GC(73) Using 9 workers of 9 for evacuation
[2025-03-16T15:58:50.189+0100][29.545s][info][gc,phases   ] GC(73)   Pre Evacuate Collection Set: 0.1ms
[2025-03-16T15:58:50.189+0100][29.545s][info][gc,phases   ] GC(73)   Merge Heap Roots: 0.1ms
[2025-03-16T15:58:50.189+0100][29.545s][info][gc,phases   ] GC(73)   Evacuate Collection Set: 19.0ms
[2025-03-16T15:58:50.189+0100][29.545s][info][gc,phases   ] GC(73)   Post Evacuate Collection Set: 1.6ms
[2025-03-16T15:58:50.189+0100][29.545s][info][gc,phases   ] GC(73)   Other: 0.1ms
[2025-03-16T15:58:50.189+0100][29.545s][info][gc,heap     ] GC(73) Eden regions: 77->0(63)
[2025-03-16T15:58:50.189+0100][29.545s][info][gc,heap     ] GC(73) Survivor regions: 13->12(12)
[2025-03-16T15:58:50.189+0100][29.545s][info][gc,heap     ] GC(73) Old regions: 207->231
[2025-03-16T15:58:50.189+0100][29.545s][info][gc,heap     ] GC(73) Humongous regions: 1->1
[2025-03-16T15:58:50.189+0100][29.545s][info][gc,metaspace] GC(73) Metaspace: 27279K(27648K)->27279K(27648K) NonClass: 23680K(23872K)->23680K(23872K) Class: 3599K(3776K)->3599K(3776K)
[2025-03-16T15:58:50.189+0100][29.545s][info][gc          ] GC(73) Pause Young (Concurrent Start) (G1 Evacuation Pause) 1189M->973M(1456M) 21.048ms
[2025-03-16T15:58:50.189+0100][29.545s][info][gc,cpu      ] GC(73) User=0.18s Sys=0.00s Real=0.02s
[2025-03-16T15:58:50.189+0100][29.545s][info][gc          ] GC(74) Concurrent Mark Cycle
[2025-03-16T15:58:50.189+0100][29.545s][info][gc,marking  ] GC(74) Concurrent Scan Root Regions
[2025-03-16T15:58:50.212+0100][29.567s][info][gc,marking  ] GC(74) Concurrent Scan Root Regions 22.481ms
[2025-03-16T15:58:50.212+0100][29.567s][info][gc,marking  ] GC(74) Concurrent Mark
[2025-03-16T15:58:50.212+0100][29.567s][info][gc,marking  ] GC(74) Concurrent Mark From Roots
[2025-03-16T15:58:50.212+0100][29.567s][info][gc,task     ] GC(74) Using 2 workers of 2 for marking
[2025-03-16T15:58:50.325+0100][29.680s][info][gc,marking  ] GC(74) Concurrent Mark From Roots 112.910ms
[2025-03-16T15:58:50.325+0100][29.680s][info][gc,marking  ] GC(74) Concurrent Preclean
[2025-03-16T15:58:50.327+0100][29.682s][info][gc,marking  ] GC(74) Concurrent Preclean 1.906ms
[2025-03-16T15:58:50.327+0100][29.682s][info][gc,start    ] GC(74) Pause Remark
[2025-03-16T15:58:50.328+0100][29.684s][info][gc          ] GC(74) Pause Remark 1097M->801M(1456M) 1.664ms
[2025-03-16T15:58:50.328+0100][29.684s][info][gc,cpu      ] GC(74) User=0.01s Sys=0.00s Real=0.00s
[2025-03-16T15:58:50.329+0100][29.684s][info][gc,marking  ] GC(74) Concurrent Mark 116.790ms
[2025-03-16T15:58:50.329+0100][29.684s][info][gc,marking  ] GC(74) Concurrent Rebuild Remembered Sets and Scrub Regions
[2025-03-16T15:58:50.414+0100][29.769s][info][gc,marking  ] GC(74) Concurrent Rebuild Remembered Sets and Scrub Regions 85.205ms
[2025-03-16T15:58:50.414+0100][29.770s][info][gc,start    ] GC(74) Pause Cleanup
[2025-03-16T15:58:50.414+0100][29.770s][info][gc          ] GC(74) Pause Cleanup 887M->887M(1456M) 0.145ms
[2025-03-16T15:58:50.414+0100][29.770s][info][gc,cpu      ] GC(74) User=0.00s Sys=0.00s Real=0.00s
[2025-03-16T15:58:50.414+0100][29.770s][info][gc,marking  ] GC(74) Concurrent Clear Claimed Marks
[2025-03-16T15:58:50.414+0100][29.770s][info][gc,marking  ] GC(74) Concurrent Clear Claimed Marks 0.029ms
[2025-03-16T15:58:50.414+0100][29.770s][info][gc,marking  ] GC(74) Concurrent Cleanup for Next Mark
[2025-03-16T15:58:50.415+0100][29.771s][info][gc,marking  ] GC(74) Concurrent Cleanup for Next Mark 0.730ms
[2025-03-16T15:58:50.415+0100][29.771s][info][gc          ] GC(74) Concurrent Mark Cycle 225.725ms
[2025-03-16T15:58:50.454+0100][29.810s][info][gc,start    ] GC(75) Pause Young (Prepare Mixed) (G1 Evacuation Pause)
[2025-03-16T15:58:50.454+0100][29.810s][info][gc,task     ] GC(75) Using 9 workers of 9 for evacuation
[2025-03-16T15:58:50.472+0100][29.828s][info][gc,phases   ] GC(75)   Pre Evacuate Collection Set: 0.1ms
[2025-03-16T15:58:50.473+0100][29.828s][info][gc,phases   ] GC(75)   Merge Heap Roots: 0.1ms
[2025-03-16T15:58:50.473+0100][29.828s][info][gc,phases   ] GC(75)   Evacuate Collection Set: 16.8ms
[2025-03-16T15:58:50.473+0100][29.828s][info][gc,phases   ] GC(75)   Post Evacuate Collection Set: 1.4ms
[2025-03-16T15:58:50.473+0100][29.828s][info][gc,phases   ] GC(75)   Other: 0.0ms
[2025-03-16T15:58:50.473+0100][29.828s][info][gc,heap     ] GC(75) Eden regions: 63->0(93)
[2025-03-16T15:58:50.473+0100][29.828s][info][gc,heap     ] GC(75) Survivor regions: 12->10(10)
[2025-03-16T15:58:50.473+0100][29.828s][info][gc,heap     ] GC(75) Old regions: 157->178
[2025-03-16T15:58:50.473+0100][29.828s][info][gc,heap     ] GC(75) Humongous regions: 1->1
[2025-03-16T15:58:50.473+0100][29.828s][info][gc,metaspace] GC(75) Metaspace: 27279K(27648K)->27279K(27648K) NonClass: 23680K(23872K)->23680K(23872K) Class: 3599K(3776K)->3599K(3776K)
[2025-03-16T15:58:50.473+0100][29.828s][info][gc          ] GC(75) Pause Young (Prepare Mixed) (G1 Evacuation Pause) 929M->752M(1456M) 18.651ms
[2025-03-16T15:58:50.473+0100][29.828s][info][gc,cpu      ] GC(75) User=0.15s Sys=0.00s Real=0.02s
[2025-03-16T15:58:50.834+0100][30.190s][info][gc,start    ] GC(76) Pause Young (Mixed) (G1 Evacuation Pause)
[2025-03-16T15:58:50.834+0100][30.190s][info][gc,task     ] GC(76) Using 9 workers of 9 for evacuation
[2025-03-16T15:58:50.855+0100][30.211s][info][gc,phases   ] GC(76)   Pre Evacuate Collection Set: 0.1ms
[2025-03-16T15:58:50.855+0100][30.211s][info][gc,phases   ] GC(76)   Merge Heap Roots: 0.1ms
[2025-03-16T15:58:50.855+0100][30.211s][info][gc,phases   ] GC(76)   Evacuate Collection Set: 19.4ms
[2025-03-16T15:58:50.855+0100][30.211s][info][gc,phases   ] GC(76)   Post Evacuate Collection Set: 1.5ms
[2025-03-16T15:58:50.855+0100][30.211s][info][gc,phases   ] GC(76)   Other: 0.0ms
[2025-03-16T15:58:50.855+0100][30.211s][info][gc,heap     ] GC(76) Eden regions: 93->0(97)
[2025-03-16T15:58:50.855+0100][30.211s][info][gc,heap     ] GC(76) Survivor regions: 10->13(13)
[2025-03-16T15:58:50.855+0100][30.211s][info][gc,heap     ] GC(76) Old regions: 178->165
[2025-03-16T15:58:50.855+0100][30.211s][info][gc,heap     ] GC(76) Humongous regions: 1->1
[2025-03-16T15:58:50.855+0100][30.211s][info][gc,metaspace] GC(76) Metaspace: 27279K(27648K)->27279K(27648K) NonClass: 23680K(23872K)->23680K(23872K) Class: 3599K(3776K)->3599K(3776K)
[2025-03-16T15:58:50.855+0100][30.211s][info][gc          ] GC(76) Pause Young (Mixed) (G1 Evacuation Pause) 1124M->712M(1456M) 21.307ms
[2025-03-16T15:58:50.855+0100][30.211s][info][gc,cpu      ] GC(76) User=0.17s Sys=0.00s Real=0.02s
[2025-03-16T15:58:51.244+0100][30.600s][info][gc,start    ] GC(77) Pause Young (Mixed) (G1 Evacuation Pause)
[2025-03-16T15:58:51.244+0100][30.600s][info][gc,task     ] GC(77) Using 9 workers of 9 for evacuation
[2025-03-16T15:58:51.257+0100][30.612s][info][gc,phases   ] GC(77)   Pre Evacuate Collection Set: 0.1ms
[2025-03-16T15:58:51.257+0100][30.612s][info][gc,phases   ] GC(77)   Merge Heap Roots: 0.1ms
[2025-03-16T15:58:51.257+0100][30.612s][info][gc,phases   ] GC(77)   Evacuate Collection Set: 10.7ms
[2025-03-16T15:58:51.257+0100][30.612s][info][gc,phases   ] GC(77)   Post Evacuate Collection Set: 1.3ms
[2025-03-16T15:58:51.257+0100][30.612s][info][gc,phases   ] GC(77)   Other: 0.0ms
[2025-03-16T15:58:51.257+0100][30.612s][info][gc,heap     ] GC(77) Eden regions: 97->0(106)
[2025-03-16T15:58:51.257+0100][30.612s][info][gc,heap     ] GC(77) Survivor regions: 13->12(14)
[2025-03-16T15:58:51.257+0100][30.612s][info][gc,heap     ] GC(77) Old regions: 165->161
[2025-03-16T15:58:51.257+0100][30.612s][info][gc,heap     ] GC(77) Humongous regions: 1->1
[2025-03-16T15:58:51.257+0100][30.612s][info][gc,metaspace] GC(77) Metaspace: 27279K(27648K)->27279K(27648K) NonClass: 23680K(23872K)->23680K(23872K) Class: 3599K(3776K)->3599K(3776K)
[2025-03-16T15:58:51.257+0100][30.612s][info][gc          ] GC(77) Pause Young (Mixed) (G1 Evacuation Pause) 1100M->691M(1456M) 12.408ms
[2025-03-16T15:58:51.257+0100][30.612s][info][gc,cpu      ] GC(77) User=0.10s Sys=0.00s Real=0.01s
[2025-03-16T15:58:51.658+0100][31.014s][info][gc,start    ] GC(78) Pause Young (Normal) (G1 Evacuation Pause)
[2025-03-16T15:58:51.658+0100][31.014s][info][gc,task     ] GC(78) Using 9 workers of 9 for evacuation
[2025-03-16T15:58:51.680+0100][31.036s][info][gc,phases   ] GC(78)   Pre Evacuate Collection Set: 0.1ms
[2025-03-16T15:58:51.680+0100][31.036s][info][gc,phases   ] GC(78)   Merge Heap Roots: 0.1ms
[2025-03-16T15:58:51.680+0100][31.036s][info][gc,phases   ] GC(78)   Evacuate Collection Set: 20.3ms
[2025-03-16T15:58:51.680+0100][31.036s][info][gc,phases   ] GC(78)   Post Evacuate Collection Set: 1.7ms
[2025-03-16T15:58:51.680+0100][31.036s][info][gc,phases   ] GC(78)   Other: 0.0ms
[2025-03-16T15:58:51.680+0100][31.036s][info][gc,heap     ] GC(78) Eden regions: 106->0(88)
[2025-03-16T15:58:51.680+0100][31.036s][info][gc,heap     ] GC(78) Survivor regions: 12->15(15)
[2025-03-16T15:58:51.680+0100][31.036s][info][gc,heap     ] GC(78) Old regions: 161->187
[2025-03-16T15:58:51.680+0100][31.036s][info][gc,heap     ] GC(78) Humongous regions: 1->1
[2025-03-16T15:58:51.680+0100][31.036s][info][gc,metaspace] GC(78) Metaspace: 27279K(27648K)->27279K(27648K) NonClass: 23680K(23872K)->23680K(23872K) Class: 3599K(3776K)->3599K(3776K)
[2025-03-16T15:58:51.680+0100][31.036s][info][gc          ] GC(78) Pause Young (Normal) (G1 Evacuation Pause) 1115M->806M(1456M) 22.385ms
[2025-03-16T15:58:51.680+0100][31.036s][info][gc,cpu      ] GC(78) User=0.18s Sys=0.01s Real=0.03s
[2025-03-16T15:58:52.019+0100][31.375s][info][gc,start    ] GC(79) Pause Young (Normal) (G1 Evacuation Pause)
[2025-03-16T15:58:52.019+0100][31.375s][info][gc,task     ] GC(79) Using 9 workers of 9 for evacuation
[2025-03-16T15:58:52.042+0100][31.398s][info][gc,phases   ] GC(79)   Pre Evacuate Collection Set: 0.1ms
[2025-03-16T15:58:52.042+0100][31.398s][info][gc,phases   ] GC(79)   Merge Heap Roots: 0.1ms
[2025-03-16T15:58:52.042+0100][31.398s][info][gc,phases   ] GC(79)   Evacuate Collection Set: 20.5ms
[2025-03-16T15:58:52.042+0100][31.398s][info][gc,phases   ] GC(79)   Post Evacuate Collection Set: 1.7ms
[2025-03-16T15:58:52.042+0100][31.398s][info][gc,phases   ] GC(79)   Other: 0.1ms
[2025-03-16T15:58:52.042+0100][31.398s][info][gc,heap     ] GC(79) Eden regions: 88->0(73)
[2025-03-16T15:58:52.042+0100][31.398s][info][gc,heap     ] GC(79) Survivor regions: 15->13(13)
[2025-03-16T15:58:52.042+0100][31.398s][info][gc,heap     ] GC(79) Old regions: 187->213
[2025-03-16T15:58:52.042+0100][31.398s][info][gc,heap     ] GC(79) Humongous regions: 1->1
[2025-03-16T15:58:52.042+0100][31.398s][info][gc,metaspace] GC(79) Metaspace: 27288K(27712K)->27288K(27712K) NonClass: 23688K(23936K)->23688K(23936K) Class: 3599K(3776K)->3599K(3776K)
[2025-03-16T15:58:52.042+0100][31.398s][info][gc          ] GC(79) Pause Young (Normal) (G1 Evacuation Pause) 1158M->905M(1456M) 22.648ms
[2025-03-16T15:58:52.042+0100][31.398s][info][gc,cpu      ] GC(79) User=0.18s Sys=0.00s Real=0.03s
[2025-03-16T15:58:52.328+0100][31.683s][info][gc,start    ] GC(80) Pause Young (Concurrent Start) (G1 Evacuation Pause)
[2025-03-16T15:58:52.328+0100][31.684s][info][gc,task     ] GC(80) Using 9 workers of 9 for evacuation
[2025-03-16T15:58:52.348+0100][31.704s][info][gc,phases   ] GC(80)   Pre Evacuate Collection Set: 0.1ms
[2025-03-16T15:58:52.348+0100][31.704s][info][gc,phases   ] GC(80)   Merge Heap Roots: 0.1ms
[2025-03-16T15:58:52.348+0100][31.704s][info][gc,phases   ] GC(80)   Evacuate Collection Set: 18.5ms
[2025-03-16T15:58:52.348+0100][31.704s][info][gc,phases   ] GC(80)   Post Evacuate Collection Set: 1.4ms
[2025-03-16T15:58:52.348+0100][31.704s][info][gc,phases   ] GC(80)   Other: 0.1ms
[2025-03-16T15:58:52.348+0100][31.704s][info][gc,heap     ] GC(80) Eden regions: 73->0(60)
[2025-03-16T15:58:52.348+0100][31.704s][info][gc,heap     ] GC(80) Survivor regions: 13->11(11)
[2025-03-16T15:58:52.348+0100][31.704s][info][gc,heap     ] GC(80) Old regions: 213->238
[2025-03-16T15:58:52.348+0100][31.704s][info][gc,heap     ] GC(80) Humongous regions: 1->1
[2025-03-16T15:58:52.348+0100][31.704s][info][gc,metaspace] GC(80) Metaspace: 27288K(27712K)->27288K(27712K) NonClass: 23688K(23936K)->23688K(23936K) Class: 3599K(3776K)->3599K(3776K)
[2025-03-16T15:58:52.348+0100][31.704s][info][gc          ] GC(80) Pause Young (Concurrent Start) (G1 Evacuation Pause) 1197M->995M(1456M) 20.304ms
[2025-03-16T15:58:52.348+0100][31.704s][info][gc,cpu      ] GC(80) User=0.16s Sys=0.00s Real=0.02s
[2025-03-16T15:58:52.348+0100][31.704s][info][gc          ] GC(81) Concurrent Mark Cycle
[2025-03-16T15:58:52.348+0100][31.704s][info][gc,marking  ] GC(81) Concurrent Scan Root Regions
[2025-03-16T15:58:52.369+0100][31.725s][info][gc,marking  ] GC(81) Concurrent Scan Root Regions 21.207ms
[2025-03-16T15:58:52.369+0100][31.725s][info][gc,marking  ] GC(81) Concurrent Mark
[2025-03-16T15:58:52.369+0100][31.725s][info][gc,marking  ] GC(81) Concurrent Mark From Roots
[2025-03-16T15:58:52.370+0100][31.725s][info][gc,task     ] GC(81) Using 2 workers of 2 for marking
[2025-03-16T15:58:52.486+0100][31.842s][info][gc,marking  ] GC(81) Concurrent Mark From Roots 116.756ms
[2025-03-16T15:58:52.486+0100][31.842s][info][gc,marking  ] GC(81) Concurrent Preclean
[2025-03-16T15:58:52.488+0100][31.844s][info][gc,marking  ] GC(81) Concurrent Preclean 1.884ms
[2025-03-16T15:58:52.488+0100][31.844s][info][gc,start    ] GC(81) Pause Remark
[2025-03-16T15:58:52.491+0100][31.846s][info][gc          ] GC(81) Pause Remark 1121M->833M(1456M) 2.291ms
[2025-03-16T15:58:52.491+0100][31.846s][info][gc,cpu      ] GC(81) User=0.01s Sys=0.00s Real=0.01s
[2025-03-16T15:58:52.491+0100][31.846s][info][gc,marking  ] GC(81) Concurrent Mark 121.134ms
[2025-03-16T15:58:52.491+0100][31.846s][info][gc,marking  ] GC(81) Concurrent Rebuild Remembered Sets and Scrub Regions
[2025-03-16T15:58:52.593+0100][31.949s][info][gc,marking  ] GC(81) Concurrent Rebuild Remembered Sets and Scrub Regions 102.279ms
[2025-03-16T15:58:52.593+0100][31.949s][info][gc,start    ] GC(81) Pause Cleanup
[2025-03-16T15:58:52.593+0100][31.949s][info][gc          ] GC(81) Pause Cleanup 931M->931M(1456M) 0.134ms
[2025-03-16T15:58:52.593+0100][31.949s][info][gc,cpu      ] GC(81) User=0.00s Sys=0.00s Real=0.00s
[2025-03-16T15:58:52.593+0100][31.949s][info][gc,marking  ] GC(81) Concurrent Clear Claimed Marks
[2025-03-16T15:58:52.593+0100][31.949s][info][gc,marking  ] GC(81) Concurrent Clear Claimed Marks 0.031ms
[2025-03-16T15:58:52.593+0100][31.949s][info][gc,marking  ] GC(81) Concurrent Cleanup for Next Mark
[2025-03-16T15:58:52.594+0100][31.949s][info][gc,marking  ] GC(81) Concurrent Cleanup for Next Mark 0.519ms
[2025-03-16T15:58:52.594+0100][31.949s][info][gc          ] GC(81) Concurrent Mark Cycle 245.653ms
[2025-03-16T15:58:52.608+0100][31.964s][info][gc,start    ] GC(82) Pause Young (Prepare Mixed) (G1 Evacuation Pause)
[2025-03-16T15:58:52.608+0100][31.964s][info][gc,task     ] GC(82) Using 9 workers of 9 for evacuation
[2025-03-16T15:58:52.625+0100][31.981s][info][gc,phases   ] GC(82)   Pre Evacuate Collection Set: 0.1ms
[2025-03-16T15:58:52.626+0100][31.981s][info][gc,phases   ] GC(82)   Merge Heap Roots: 0.1ms
[2025-03-16T15:58:52.626+0100][31.981s][info][gc,phases   ] GC(82)   Evacuate Collection Set: 16.0ms
[2025-03-16T15:58:52.626+0100][31.981s][info][gc,phases   ] GC(82)   Post Evacuate Collection Set: 1.2ms
[2025-03-16T15:58:52.626+0100][31.981s][info][gc,phases   ] GC(82)   Other: 0.0ms
[2025-03-16T15:58:52.626+0100][31.981s][info][gc,heap     ] GC(82) Eden regions: 60->0(94)
[2025-03-16T15:58:52.626+0100][31.981s][info][gc,heap     ] GC(82) Survivor regions: 11->9(9)
[2025-03-16T15:58:52.626+0100][31.981s][info][gc,heap     ] GC(82) Old regions: 166->187
[2025-03-16T15:58:52.626+0100][31.981s][info][gc,heap     ] GC(82) Humongous regions: 1->1
[2025-03-16T15:58:52.626+0100][31.981s][info][gc,metaspace] GC(82) Metaspace: 27288K(27712K)->27288K(27712K) NonClass: 23688K(23936K)->23688K(23936K) Class: 3599K(3776K)->3599K(3776K)
[2025-03-16T15:58:52.626+0100][31.981s][info][gc          ] GC(82) Pause Young (Prepare Mixed) (G1 Evacuation Pause) 947M->782M(1456M) 17.581ms
[2025-03-16T15:58:52.626+0100][31.981s][info][gc,cpu      ] GC(82) User=0.14s Sys=0.00s Real=0.02s
[2025-03-16T15:58:52.982+0100][32.337s][info][gc,start    ] GC(83) Pause Young (Mixed) (G1 Evacuation Pause)
[2025-03-16T15:58:52.982+0100][32.337s][info][gc,task     ] GC(83) Using 9 workers of 9 for evacuation
[2025-03-16T15:58:53.003+0100][32.359s][info][gc,phases   ] GC(83)   Pre Evacuate Collection Set: 0.1ms
[2025-03-16T15:58:53.003+0100][32.359s][info][gc,phases   ] GC(83)   Merge Heap Roots: 0.1ms
[2025-03-16T15:58:53.003+0100][32.359s][info][gc,phases   ] GC(83)   Evacuate Collection Set: 19.3ms
[2025-03-16T15:58:53.003+0100][32.359s][info][gc,phases   ] GC(83)   Post Evacuate Collection Set: 1.6ms
[2025-03-16T15:58:53.003+0100][32.359s][info][gc,phases   ] GC(83)   Other: 0.0ms
[2025-03-16T15:58:53.003+0100][32.359s][info][gc,heap     ] GC(83) Eden regions: 94->0(99)
[2025-03-16T15:58:53.003+0100][32.359s][info][gc,heap     ] GC(83) Survivor regions: 9->13(13)
[2025-03-16T15:58:53.003+0100][32.359s][info][gc,heap     ] GC(83) Old regions: 187->173
[2025-03-16T15:58:53.003+0100][32.359s][info][gc,heap     ] GC(83) Humongous regions: 1->1
[2025-03-16T15:58:53.003+0100][32.359s][info][gc,metaspace] GC(83) Metaspace: 27288K(27712K)->27288K(27712K) NonClass: 23688K(23936K)->23688K(23936K) Class: 3599K(3776K)->3599K(3776K)
[2025-03-16T15:58:53.003+0100][32.359s][info][gc          ] GC(83) Pause Young (Mixed) (G1 Evacuation Pause) 1158M->743M(1456M) 21.319ms
[2025-03-16T15:58:53.003+0100][32.359s][info][gc,cpu      ] GC(83) User=0.17s Sys=0.01s Real=0.02s
[2025-03-16T15:58:53.394+0100][32.750s][info][gc,start    ] GC(84) Pause Young (Mixed) (G1 Evacuation Pause)
[2025-03-16T15:58:53.394+0100][32.750s][info][gc,task     ] GC(84) Using 9 workers of 9 for evacuation
[2025-03-16T15:58:53.422+0100][32.778s][info][gc,phases   ] GC(84)   Pre Evacuate Collection Set: 0.1ms
[2025-03-16T15:58:53.422+0100][32.778s][info][gc,phases   ] GC(84)   Merge Heap Roots: 0.1ms
[2025-03-16T15:58:53.422+0100][32.778s][info][gc,phases   ] GC(84)   Evacuate Collection Set: 25.7ms
[2025-03-16T15:58:53.422+0100][32.778s][info][gc,phases   ] GC(84)   Post Evacuate Collection Set: 2.1ms
[2025-03-16T15:58:53.422+0100][32.778s][info][gc,phases   ] GC(84)   Other: 0.0ms
[2025-03-16T15:58:53.422+0100][32.778s][info][gc,heap     ] GC(84) Eden regions: 99->0(86)
[2025-03-16T15:58:53.422+0100][32.778s][info][gc,heap     ] GC(84) Survivor regions: 13->14(14)
[2025-03-16T15:58:53.422+0100][32.778s][info][gc,heap     ] GC(84) Old regions: 173->187
[2025-03-16T15:58:53.422+0100][32.778s][info][gc,heap     ] GC(84) Humongous regions: 1->1
[2025-03-16T15:58:53.422+0100][32.778s][info][gc,metaspace] GC(84) Metaspace: 27288K(27712K)->27288K(27712K) NonClass: 23688K(23936K)->23688K(23936K) Class: 3599K(3776K)->3599K(3776K)
[2025-03-16T15:58:53.422+0100][32.778s][info][gc          ] GC(84) Pause Young (Mixed) (G1 Evacuation Pause) 1139M->804M(1456M) 28.336ms
[2025-03-16T15:58:53.422+0100][32.778s][info][gc,cpu      ] GC(84) User=0.19s Sys=0.00s Real=0.03s
[2025-03-16T15:58:53.752+0100][33.108s][info][gc,start    ] GC(85) Pause Young (Normal) (G1 Evacuation Pause)
[2025-03-16T15:58:53.752+0100][33.108s][info][gc,task     ] GC(85) Using 9 workers of 9 for evacuation
[2025-03-16T15:58:53.775+0100][33.130s][info][gc,phases   ] GC(85)   Pre Evacuate Collection Set: 0.1ms
[2025-03-16T15:58:53.775+0100][33.130s][info][gc,phases   ] GC(85)   Merge Heap Roots: 0.1ms
[2025-03-16T15:58:53.775+0100][33.130s][info][gc,phases   ] GC(85)   Evacuate Collection Set: 20.4ms
[2025-03-16T15:58:53.775+0100][33.130s][info][gc,phases   ] GC(85)   Post Evacuate Collection Set: 1.8ms
[2025-03-16T15:58:53.775+0100][33.130s][info][gc,phases   ] GC(85)   Other: 0.0ms
[2025-03-16T15:58:53.775+0100][33.130s][info][gc,heap     ] GC(85) Eden regions: 86->0(71)
[2025-03-16T15:58:53.775+0100][33.130s][info][gc,heap     ] GC(85) Survivor regions: 14->13(13)
[2025-03-16T15:58:53.775+0100][33.130s][info][gc,heap     ] GC(85) Old regions: 187->214
[2025-03-16T15:58:53.775+0100][33.130s][info][gc,heap     ] GC(85) Humongous regions: 1->1
[2025-03-16T15:58:53.775+0100][33.130s][info][gc,metaspace] GC(85) Metaspace: 27288K(27712K)->27288K(27712K) NonClass: 23688K(23936K)->23688K(23936K) Class: 3599K(3776K)->3599K(3776K)
[2025-03-16T15:58:53.775+0100][33.130s][info][gc          ] GC(85) Pause Young (Normal) (G1 Evacuation Pause) 1148M->907M(1456M) 22.608ms
[2025-03-16T15:58:53.775+0100][33.130s][info][gc,cpu      ] GC(85) User=0.18s Sys=0.00s Real=0.02s
[2025-03-16T15:58:54.048+0100][33.404s][info][gc,start    ] GC(86) Pause Young (Concurrent Start) (G1 Evacuation Pause)
[2025-03-16T15:58:54.049+0100][33.404s][info][gc,task     ] GC(86) Using 9 workers of 9 for evacuation
[2025-03-16T15:58:54.068+0100][33.423s][info][gc,phases   ] GC(86)   Pre Evacuate Collection Set: 0.1ms
[2025-03-16T15:58:54.068+0100][33.423s][info][gc,phases   ] GC(86)   Merge Heap Roots: 0.1ms
[2025-03-16T15:58:54.068+0100][33.423s][info][gc,phases   ] GC(86)   Evacuate Collection Set: 17.4ms
[2025-03-16T15:58:54.068+0100][33.423s][info][gc,phases   ] GC(86)   Post Evacuate Collection Set: 1.3ms
[2025-03-16T15:58:54.068+0100][33.423s][info][gc,phases   ] GC(86)   Other: 0.1ms
[2025-03-16T15:58:54.068+0100][33.423s][info][gc,heap     ] GC(86) Eden regions: 71->0(59)
[2025-03-16T15:58:54.068+0100][33.423s][info][gc,heap     ] GC(86) Survivor regions: 13->11(11)
[2025-03-16T15:58:54.068+0100][33.423s][info][gc,heap     ] GC(86) Old regions: 214->237
[2025-03-16T15:58:54.068+0100][33.423s][info][gc,heap     ] GC(86) Humongous regions: 1->1
[2025-03-16T15:58:54.068+0100][33.423s][info][gc,metaspace] GC(86) Metaspace: 27288K(27712K)->27288K(27712K) NonClass: 23688K(23936K)->23688K(23936K) Class: 3599K(3776K)->3599K(3776K)
[2025-03-16T15:58:54.068+0100][33.423s][info][gc          ] GC(86) Pause Young (Concurrent Start) (G1 Evacuation Pause) 1191M->993M(1456M) 19.190ms
[2025-03-16T15:58:54.068+0100][33.423s][info][gc,cpu      ] GC(86) User=0.16s Sys=0.00s Real=0.02s
[2025-03-16T15:58:54.068+0100][33.423s][info][gc          ] GC(87) Concurrent Mark Cycle
[2025-03-16T15:58:54.068+0100][33.423s][info][gc,marking  ] GC(87) Concurrent Scan Root Regions
[2025-03-16T15:58:54.091+0100][33.446s][info][gc,marking  ] GC(87) Concurrent Scan Root Regions 22.879ms
[2025-03-16T15:58:54.091+0100][33.446s][info][gc,marking  ] GC(87) Concurrent Mark
[2025-03-16T15:58:54.091+0100][33.446s][info][gc,marking  ] GC(87) Concurrent Mark From Roots
[2025-03-16T15:58:54.091+0100][33.446s][info][gc,task     ] GC(87) Using 2 workers of 2 for marking
[2025-03-16T15:58:54.355+0100][33.711s][info][gc,start    ] GC(88) Pause Young (Normal) (G1 Evacuation Pause)
[2025-03-16T15:58:54.355+0100][33.711s][info][gc,task     ] GC(88) Using 9 workers of 9 for evacuation
[2025-03-16T15:58:54.380+0100][33.736s][info][gc,phases   ] GC(88)   Pre Evacuate Collection Set: 0.1ms
[2025-03-16T15:58:54.380+0100][33.736s][info][gc,phases   ] GC(88)   Merge Heap Roots: 0.3ms
[2025-03-16T15:58:54.380+0100][33.736s][info][gc,phases   ] GC(88)   Evacuate Collection Set: 23.4ms
[2025-03-16T15:58:54.380+0100][33.736s][info][gc,phases   ] GC(88)   Post Evacuate Collection Set: 1.2ms
[2025-03-16T15:58:54.380+0100][33.736s][info][gc,phases   ] GC(88)   Other: 0.0ms
[2025-03-16T15:58:54.380+0100][33.736s][info][gc,heap     ] GC(88) Eden regions: 59->0(50)
[2025-03-16T15:58:54.380+0100][33.736s][info][gc,heap     ] GC(88) Survivor regions: 11->9(9)
[2025-03-16T15:58:54.380+0100][33.736s][info][gc,heap     ] GC(88) Old regions: 237->256
[2025-03-16T15:58:54.380+0100][33.736s][info][gc,heap     ] GC(88) Humongous regions: 1->1
[2025-03-16T15:58:54.380+0100][33.736s][info][gc,metaspace] GC(88) Metaspace: 27289K(27712K)->27289K(27712K) NonClass: 23689K(23936K)->23689K(23936K) Class: 3599K(3776K)->3599K(3776K)
[2025-03-16T15:58:54.380+0100][33.736s][info][gc          ] GC(88) Pause Young (Normal) (G1 Evacuation Pause) 1229M->1058M(1456M) 25.237ms
[2025-03-16T15:58:54.380+0100][33.736s][info][gc,cpu      ] GC(88) User=0.21s Sys=0.00s Real=0.03s
[2025-03-16T15:58:54.404+0100][33.760s][info][gc,marking  ] GC(87) Concurrent Mark From Roots 313.610ms
[2025-03-16T15:58:54.404+0100][33.760s][info][gc,marking  ] GC(87) Concurrent Preclean
[2025-03-16T15:58:54.433+0100][33.789s][info][gc,marking  ] GC(87) Concurrent Preclean 28.985ms
[2025-03-16T15:58:54.433+0100][33.789s][info][gc,start    ] GC(87) Pause Remark
[2025-03-16T15:58:54.435+0100][33.791s][info][gc          ] GC(87) Pause Remark 1092M->1092M(1836M) 1.804ms
[2025-03-16T15:58:54.435+0100][33.791s][info][gc,cpu      ] GC(87) User=0.01s Sys=0.01s Real=0.00s
[2025-03-16T15:58:54.435+0100][33.791s][info][gc,marking  ] GC(87) Concurrent Mark 344.648ms
[2025-03-16T15:58:54.435+0100][33.791s][info][gc,marking  ] GC(87) Concurrent Rebuild Remembered Sets and Scrub Regions
[2025-03-16T15:58:54.630+0100][33.986s][info][gc,start    ] GC(89) Pause Young (Normal) (G1 Evacuation Pause)
[2025-03-16T15:58:54.631+0100][33.986s][info][gc,task     ] GC(89) Using 9 workers of 9 for evacuation
[2025-03-16T15:58:54.650+0100][34.006s][info][gc,phases   ] GC(89)   Pre Evacuate Collection Set: 0.1ms
[2025-03-16T15:58:54.650+0100][34.006s][info][gc,phases   ] GC(89)   Merge Heap Roots: 0.2ms
[2025-03-16T15:58:54.650+0100][34.006s][info][gc,phases   ] GC(89)   Evacuate Collection Set: 17.8ms
[2025-03-16T15:58:54.650+0100][34.006s][info][gc,phases   ] GC(89)   Post Evacuate Collection Set: 1.4ms
[2025-03-16T15:58:54.650+0100][34.006s][info][gc,phases   ] GC(89)   Other: 0.1ms
[2025-03-16T15:58:54.650+0100][34.006s][info][gc,heap     ] GC(89) Eden regions: 50->0(91)
[2025-03-16T15:58:54.650+0100][34.006s][info][gc,heap     ] GC(89) Survivor regions: 9->8(8)
[2025-03-16T15:58:54.650+0100][34.006s][info][gc,heap     ] GC(89) Old regions: 256->269
[2025-03-16T15:58:54.650+0100][34.006s][info][gc,heap     ] GC(89) Humongous regions: 1->1
[2025-03-16T15:58:54.650+0100][34.006s][info][gc,metaspace] GC(89) Metaspace: 27289K(27712K)->27289K(27712K) NonClass: 23690K(23936K)->23690K(23936K) Class: 3599K(3776K)->3599K(3776K)
[2025-03-16T15:58:54.650+0100][34.006s][info][gc          ] GC(89) Pause Young (Normal) (G1 Evacuation Pause) 1258M->1109M(1836M) 20.287ms
[2025-03-16T15:58:54.650+0100][34.006s][info][gc,cpu      ] GC(89) User=0.13s Sys=0.01s Real=0.02s
[2025-03-16T15:58:54.678+0100][34.033s][info][gc,marking  ] GC(87) Concurrent Rebuild Remembered Sets and Scrub Regions 242.510ms
[2025-03-16T15:58:54.678+0100][34.034s][info][gc,start    ] GC(87) Pause Cleanup
[2025-03-16T15:58:54.678+0100][34.034s][info][gc          ] GC(87) Pause Cleanup 1141M->1141M(1836M) 0.151ms
[2025-03-16T15:58:54.678+0100][34.034s][info][gc,cpu      ] GC(87) User=0.00s Sys=0.00s Real=0.00s
[2025-03-16T15:58:54.678+0100][34.034s][info][gc,marking  ] GC(87) Concurrent Clear Claimed Marks
[2025-03-16T15:58:54.678+0100][34.034s][info][gc,marking  ] GC(87) Concurrent Clear Claimed Marks 0.022ms
[2025-03-16T15:58:54.678+0100][34.034s][info][gc,marking  ] GC(87) Concurrent Cleanup for Next Mark
[2025-03-16T15:58:54.679+0100][34.035s][info][gc,marking  ] GC(87) Concurrent Cleanup for Next Mark 0.885ms
[2025-03-16T15:58:54.679+0100][34.035s][info][gc          ] GC(87) Concurrent Mark Cycle 611.498ms
[2025-03-16T15:58:55.028+0100][34.384s][info][gc,start    ] GC(90) Pause Young (Prepare Mixed) (G1 Evacuation Pause)
[2025-03-16T15:58:55.028+0100][34.384s][info][gc,task     ] GC(90) Using 9 workers of 9 for evacuation
[2025-03-16T15:58:55.050+0100][34.406s][info][gc,phases   ] GC(90)   Pre Evacuate Collection Set: 0.2ms
[2025-03-16T15:58:55.050+0100][34.406s][info][gc,phases   ] GC(90)   Merge Heap Roots: 0.2ms
[2025-03-16T15:58:55.050+0100][34.406s][info][gc,phases   ] GC(90)   Evacuate Collection Set: 20.3ms
[2025-03-16T15:58:55.050+0100][34.406s][info][gc,phases   ] GC(90)   Post Evacuate Collection Set: 1.5ms
[2025-03-16T15:58:55.050+0100][34.406s][info][gc,phases   ] GC(90)   Other: 0.0ms
[2025-03-16T15:58:55.050+0100][34.406s][info][gc,heap     ] GC(90) Eden regions: 91->0(79)
[2025-03-16T15:58:55.050+0100][34.406s][info][gc,heap     ] GC(90) Survivor regions: 8->13(13)
[2025-03-16T15:58:55.050+0100][34.406s][info][gc,heap     ] GC(90) Old regions: 269->290
[2025-03-16T15:58:55.050+0100][34.406s][info][gc,heap     ] GC(90) Humongous regions: 1->1
[2025-03-16T15:58:55.050+0100][34.406s][info][gc,metaspace] GC(90) Metaspace: 27352K(27840K)->27352K(27840K) NonClass: 23742K(24000K)->23742K(24000K) Class: 3610K(3840K)->3610K(3840K)
[2025-03-16T15:58:55.050+0100][34.406s][info][gc          ] GC(90) Pause Young (Prepare Mixed) (G1 Evacuation Pause) 1473M->1213M(1836M) 22.449ms
[2025-03-16T15:58:55.050+0100][34.406s][info][gc,cpu      ] GC(90) User=0.18s Sys=0.00s Real=0.03s
[2025-03-16T15:58:55.363+0100][34.719s][info][gc,start    ] GC(91) Pause Young (Mixed) (G1 Evacuation Pause)
[2025-03-16T15:58:55.363+0100][34.719s][info][gc,task     ] GC(91) Using 9 workers of 9 for evacuation
[2025-03-16T15:58:55.384+0100][34.740s][info][gc,phases   ] GC(91)   Pre Evacuate Collection Set: 0.1ms
[2025-03-16T15:58:55.384+0100][34.740s][info][gc,phases   ] GC(91)   Merge Heap Roots: 0.1ms
[2025-03-16T15:58:55.384+0100][34.740s][info][gc,phases   ] GC(91)   Evacuate Collection Set: 19.2ms
[2025-03-16T15:58:55.384+0100][34.740s][info][gc,phases   ] GC(91)   Post Evacuate Collection Set: 1.3ms
[2025-03-16T15:58:55.384+0100][34.740s][info][gc,phases   ] GC(91)   Other: 0.0ms
[2025-03-16T15:58:55.384+0100][34.740s][info][gc,heap     ] GC(91) Eden regions: 79->0(73)
[2025-03-16T15:58:55.384+0100][34.740s][info][gc,heap     ] GC(91) Survivor regions: 13->12(12)
[2025-03-16T15:58:55.384+0100][34.740s][info][gc,heap     ] GC(91) Old regions: 290->305
[2025-03-16T15:58:55.384+0100][34.740s][info][gc,heap     ] GC(91) Humongous regions: 1->1
[2025-03-16T15:58:55.384+0100][34.740s][info][gc,metaspace] GC(91) Metaspace: 27352K(27840K)->27352K(27840K) NonClass: 23742K(24000K)->23742K(24000K) Class: 3610K(3840K)->3610K(3840K)
[2025-03-16T15:58:55.384+0100][34.740s][info][gc          ] GC(91) Pause Young (Mixed) (G1 Evacuation Pause) 1529M->1269M(1836M) 20.998ms
[2025-03-16T15:58:55.384+0100][34.740s][info][gc,cpu      ] GC(91) User=0.17s Sys=0.00s Real=0.02s
[2025-03-16T15:58:55.664+0100][35.019s][info][gc,start    ] GC(92) Pause Young (Concurrent Start) (G1 Evacuation Pause)
[2025-03-16T15:58:55.664+0100][35.019s][info][gc,task     ] GC(92) Using 9 workers of 9 for evacuation
[2025-03-16T15:58:55.683+0100][35.039s][info][gc,phases   ] GC(92)   Pre Evacuate Collection Set: 0.1ms
[2025-03-16T15:58:55.683+0100][35.039s][info][gc,phases   ] GC(92)   Merge Heap Roots: 0.1ms
[2025-03-16T15:58:55.683+0100][35.039s][info][gc,phases   ] GC(92)   Evacuate Collection Set: 17.6ms
[2025-03-16T15:58:55.683+0100][35.039s][info][gc,phases   ] GC(92)   Post Evacuate Collection Set: 1.3ms
[2025-03-16T15:58:55.683+0100][35.039s][info][gc,phases   ] GC(92)   Other: 0.1ms
[2025-03-16T15:58:55.683+0100][35.039s][info][gc,heap     ] GC(92) Eden regions: 73->0(62)
[2025-03-16T15:58:55.683+0100][35.039s][info][gc,heap     ] GC(92) Survivor regions: 12->11(11)
[2025-03-16T15:58:55.683+0100][35.039s][info][gc,heap     ] GC(92) Old regions: 305->328
[2025-03-16T15:58:55.683+0100][35.039s][info][gc,heap     ] GC(92) Humongous regions: 1->1
[2025-03-16T15:58:55.683+0100][35.039s][info][gc,metaspace] GC(92) Metaspace: 27361K(27840K)->27361K(27840K) NonClass: 23751K(24000K)->23751K(24000K) Class: 3610K(3840K)->3610K(3840K)
[2025-03-16T15:58:55.683+0100][35.039s][info][gc          ] GC(92) Pause Young (Concurrent Start) (G1 Evacuation Pause) 1561M->1356M(1836M) 19.422ms
[2025-03-16T15:58:55.683+0100][35.039s][info][gc,cpu      ] GC(92) User=0.16s Sys=0.00s Real=0.02s
[2025-03-16T15:58:55.683+0100][35.039s][info][gc          ] GC(93) Concurrent Mark Cycle
[2025-03-16T15:58:55.683+0100][35.039s][info][gc,marking  ] GC(93) Concurrent Scan Root Regions
[2025-03-16T15:58:55.704+0100][35.059s][info][gc,marking  ] GC(93) Concurrent Scan Root Regions 20.352ms
[2025-03-16T15:58:55.704+0100][35.059s][info][gc,marking  ] GC(93) Concurrent Mark
[2025-03-16T15:58:55.704+0100][35.059s][info][gc,marking  ] GC(93) Concurrent Mark From Roots
[2025-03-16T15:58:55.704+0100][35.059s][info][gc,task     ] GC(93) Using 2 workers of 2 for marking
[2025-03-16T15:58:55.840+0100][35.196s][info][gc,marking  ] GC(93) Concurrent Mark From Roots 136.408ms
[2025-03-16T15:58:55.840+0100][35.196s][info][gc,marking  ] GC(93) Concurrent Preclean
[2025-03-16T15:58:55.849+0100][35.205s][info][gc,marking  ] GC(93) Concurrent Preclean 9.108ms
[2025-03-16T15:58:55.849+0100][35.205s][info][gc,start    ] GC(93) Pause Remark
[2025-03-16T15:58:55.851+0100][35.207s][info][gc          ] GC(93) Pause Remark 1506M->958M(1836M) 1.600ms
[2025-03-16T15:58:55.851+0100][35.207s][info][gc,cpu      ] GC(93) User=0.01s Sys=0.00s Real=0.01s
[2025-03-16T15:58:55.851+0100][35.207s][info][gc,marking  ] GC(93) Concurrent Mark 147.378ms
[2025-03-16T15:58:55.851+0100][35.207s][info][gc,marking  ] GC(93) Concurrent Rebuild Remembered Sets and Scrub Regions
[2025-03-16T15:58:55.951+0100][35.306s][info][gc,start    ] GC(94) Pause Young (Normal) (G1 Evacuation Pause)
[2025-03-16T15:58:55.951+0100][35.306s][info][gc,task     ] GC(94) Using 9 workers of 9 for evacuation
[2025-03-16T15:58:55.971+0100][35.326s][info][gc,phases   ] GC(94)   Pre Evacuate Collection Set: 0.1ms
[2025-03-16T15:58:55.971+0100][35.326s][info][gc,phases   ] GC(94)   Merge Heap Roots: 0.2ms
[2025-03-16T15:58:55.971+0100][35.327s][info][gc,phases   ] GC(94)   Evacuate Collection Set: 18.2ms
[2025-03-16T15:58:55.971+0100][35.327s][info][gc,phases   ] GC(94)   Post Evacuate Collection Set: 1.4ms
[2025-03-16T15:58:55.971+0100][35.327s][info][gc,phases   ] GC(94)   Other: 0.0ms
[2025-03-16T15:58:55.971+0100][35.327s][info][gc,heap     ] GC(94) Eden regions: 62->0(127)
[2025-03-16T15:58:55.971+0100][35.327s][info][gc,heap     ] GC(94) Survivor regions: 11->10(10)
[2025-03-16T15:58:55.971+0100][35.327s][info][gc,heap     ] GC(94) Old regions: 191->210
[2025-03-16T15:58:55.971+0100][35.327s][info][gc,heap     ] GC(94) Humongous regions: 1->1
[2025-03-16T15:58:55.971+0100][35.327s][info][gc,metaspace] GC(94) Metaspace: 27362K(27840K)->27362K(27840K) NonClass: 23751K(24000K)->23751K(24000K) Class: 3610K(3840K)->3610K(3840K)
[2025-03-16T15:58:55.971+0100][35.327s][info][gc          ] GC(94) Pause Young (Normal) (G1 Evacuation Pause) 1056M->878M(1836M) 20.165ms
[2025-03-16T15:58:55.971+0100][35.327s][info][gc,cpu      ] GC(94) User=0.17s Sys=0.00s Real=0.02s
[2025-03-16T15:58:55.981+0100][35.336s][info][gc,marking  ] GC(93) Concurrent Rebuild Remembered Sets and Scrub Regions 129.612ms
[2025-03-16T15:58:55.981+0100][35.336s][info][gc,start    ] GC(93) Pause Cleanup
[2025-03-16T15:58:55.981+0100][35.337s][info][gc          ] GC(93) Pause Cleanup 890M->890M(1836M) 0.147ms
[2025-03-16T15:58:55.981+0100][35.337s][info][gc,cpu      ] GC(93) User=0.00s Sys=0.00s Real=0.00s
[2025-03-16T15:58:55.981+0100][35.337s][info][gc,marking  ] GC(93) Concurrent Clear Claimed Marks
[2025-03-16T15:58:55.981+0100][35.337s][info][gc,marking  ] GC(93) Concurrent Clear Claimed Marks 0.022ms
[2025-03-16T15:58:55.981+0100][35.337s][info][gc,marking  ] GC(93) Concurrent Cleanup for Next Mark
[2025-03-16T15:58:55.982+0100][35.337s][info][gc,marking  ] GC(93) Concurrent Cleanup for Next Mark 0.803ms
[2025-03-16T15:58:55.982+0100][35.337s][info][gc          ] GC(93) Concurrent Mark Cycle 298.623ms
[2025-03-16T15:58:56.459+0100][35.815s][info][gc,start    ] GC(95) Pause Young (Prepare Mixed) (G1 Evacuation Pause)
[2025-03-16T15:58:56.459+0100][35.815s][info][gc,task     ] GC(95) Using 9 workers of 9 for evacuation
[2025-03-16T15:58:56.488+0100][35.844s][info][gc,phases   ] GC(95)   Pre Evacuate Collection Set: 0.1ms
[2025-03-16T15:58:56.488+0100][35.844s][info][gc,phases   ] GC(95)   Merge Heap Roots: 0.2ms
[2025-03-16T15:58:56.488+0100][35.844s][info][gc,phases   ] GC(95)   Evacuate Collection Set: 26.5ms
[2025-03-16T15:58:56.488+0100][35.844s][info][gc,phases   ] GC(95)   Post Evacuate Collection Set: 2.2ms
[2025-03-16T15:58:56.488+0100][35.844s][info][gc,phases   ] GC(95)   Other: 0.0ms
[2025-03-16T15:58:56.488+0100][35.844s][info][gc,heap     ] GC(95) Eden regions: 127->0(105)
[2025-03-16T15:58:56.488+0100][35.844s][info][gc,heap     ] GC(95) Survivor regions: 10->18(18)
[2025-03-16T15:58:56.488+0100][35.844s][info][gc,heap     ] GC(95) Old regions: 210->239
[2025-03-16T15:58:56.488+0100][35.844s][info][gc,heap     ] GC(95) Humongous regions: 1->1
[2025-03-16T15:58:56.488+0100][35.844s][info][gc,metaspace] GC(95) Metaspace: 27363K(27840K)->27363K(27840K) NonClass: 23753K(24000K)->23753K(24000K) Class: 3610K(3840K)->3610K(3840K)
[2025-03-16T15:58:56.488+0100][35.844s][info][gc          ] GC(95) Pause Young (Prepare Mixed) (G1 Evacuation Pause) 1386M->1029M(1836M) 29.163ms
[2025-03-16T15:58:56.488+0100][35.844s][info][gc,cpu      ] GC(95) User=0.23s Sys=0.00s Real=0.03s
[2025-03-16T15:58:56.879+0100][36.234s][info][gc,start    ] GC(96) Pause Young (Mixed) (G1 Evacuation Pause)
[2025-03-16T15:58:56.879+0100][36.234s][info][gc,task     ] GC(96) Using 9 workers of 9 for evacuation
[2025-03-16T15:58:56.906+0100][36.261s][info][gc,phases   ] GC(96)   Pre Evacuate Collection Set: 0.1ms
[2025-03-16T15:58:56.906+0100][36.261s][info][gc,phases   ] GC(96)   Merge Heap Roots: 0.1ms
[2025-03-16T15:58:56.906+0100][36.261s][info][gc,phases   ] GC(96)   Evacuate Collection Set: 24.5ms
[2025-03-16T15:58:56.906+0100][36.261s][info][gc,phases   ] GC(96)   Post Evacuate Collection Set: 1.9ms
[2025-03-16T15:58:56.906+0100][36.261s][info][gc,phases   ] GC(96)   Other: 0.0ms
[2025-03-16T15:58:56.906+0100][36.261s][info][gc,heap     ] GC(96) Eden regions: 105->0(114)
[2025-03-16T15:58:56.906+0100][36.261s][info][gc,heap     ] GC(96) Survivor regions: 18->16(16)
[2025-03-16T15:58:56.906+0100][36.261s][info][gc,heap     ] GC(96) Old regions: 239->225
[2025-03-16T15:58:56.906+0100][36.261s][info][gc,heap     ] GC(96) Humongous regions: 1->1
[2025-03-16T15:58:56.906+0100][36.261s][info][gc,metaspace] GC(96) Metaspace: 27368K(27840K)->27368K(27840K) NonClass: 23757K(24000K)->23757K(24000K) Class: 3610K(3840K)->3610K(3840K)
[2025-03-16T15:58:56.906+0100][36.261s][info][gc          ] GC(96) Pause Young (Mixed) (G1 Evacuation Pause) 1449M->965M(1836M) 26.849ms
[2025-03-16T15:58:56.906+0100][36.261s][info][gc,cpu      ] GC(96) User=0.22s Sys=0.01s Real=0.03s
[2025-03-16T15:58:57.349+0100][36.704s][info][gc,start    ] GC(97) Pause Young (Mixed) (G1 Evacuation Pause)
[2025-03-16T15:58:57.349+0100][36.704s][info][gc,task     ] GC(97) Using 9 workers of 9 for evacuation
[2025-03-16T15:58:57.377+0100][36.733s][info][gc,phases   ] GC(97)   Pre Evacuate Collection Set: 0.1ms
[2025-03-16T15:58:57.377+0100][36.733s][info][gc,phases   ] GC(97)   Merge Heap Roots: 0.1ms
[2025-03-16T15:58:57.377+0100][36.733s][info][gc,phases   ] GC(97)   Evacuate Collection Set: 26.1ms
[2025-03-16T15:58:57.377+0100][36.733s][info][gc,phases   ] GC(97)   Post Evacuate Collection Set: 2.1ms
[2025-03-16T15:58:57.377+0100][36.733s][info][gc,phases   ] GC(97)   Other: 0.0ms
[2025-03-16T15:58:57.377+0100][36.733s][info][gc,heap     ] GC(97) Eden regions: 114->0(106)
[2025-03-16T15:58:57.377+0100][36.733s][info][gc,heap     ] GC(97) Survivor regions: 16->17(17)
[2025-03-16T15:58:57.377+0100][36.733s][info][gc,heap     ] GC(97) Old regions: 225->238
[2025-03-16T15:58:57.377+0100][36.733s][info][gc,heap     ] GC(97) Humongous regions: 1->1
[2025-03-16T15:58:57.377+0100][36.733s][info][gc,metaspace] GC(97) Metaspace: 27387K(27840K)->27387K(27840K) NonClass: 23774K(24000K)->23774K(24000K) Class: 3612K(3840K)->3612K(3840K)
[2025-03-16T15:58:57.377+0100][36.733s][info][gc          ] GC(97) Pause Young (Mixed) (G1 Evacuation Pause) 1421M->1019M(1836M) 28.610ms
[2025-03-16T15:58:57.377+0100][36.733s][info][gc,cpu      ] GC(97) User=0.24s Sys=0.00s Real=0.03s
[2025-03-16T15:58:57.779+0100][37.135s][info][gc,start    ] GC(98) Pause Young (Normal) (G1 Evacuation Pause)
[2025-03-16T15:58:57.779+0100][37.135s][info][gc,task     ] GC(98) Using 9 workers of 9 for evacuation
[2025-03-16T15:58:57.806+0100][37.162s][info][gc,phases   ] GC(98)   Pre Evacuate Collection Set: 0.1ms
[2025-03-16T15:58:57.806+0100][37.162s][info][gc,phases   ] GC(98)   Merge Heap Roots: 0.1ms
[2025-03-16T15:58:57.806+0100][37.162s][info][gc,phases   ] GC(98)   Evacuate Collection Set: 24.5ms
[2025-03-16T15:58:57.806+0100][37.162s][info][gc,phases   ] GC(98)   Post Evacuate Collection Set: 1.9ms
[2025-03-16T15:58:57.806+0100][37.162s][info][gc,phases   ] GC(98)   Other: 0.0ms
[2025-03-16T15:58:57.806+0100][37.162s][info][gc,heap     ] GC(98) Eden regions: 106->0(88)
[2025-03-16T15:58:57.806+0100][37.162s][info][gc,heap     ] GC(98) Survivor regions: 17->16(16)
[2025-03-16T15:58:57.806+0100][37.162s][info][gc,heap     ] GC(98) Old regions: 238->271
[2025-03-16T15:58:57.806+0100][37.162s][info][gc,heap     ] GC(98) Humongous regions: 1->1
[2025-03-16T15:58:57.806+0100][37.162s][info][gc,metaspace] GC(98) Metaspace: 27388K(27840K)->27388K(27840K) NonClass: 23775K(24000K)->23775K(24000K) Class: 3612K(3840K)->3612K(3840K)
[2025-03-16T15:58:57.806+0100][37.162s][info][gc          ] GC(98) Pause Young (Normal) (G1 Evacuation Pause) 1443M->1147M(1836M) 26.941ms
[2025-03-16T15:58:57.806+0100][37.162s][info][gc,cpu      ] GC(98) User=0.21s Sys=0.00s Real=0.03s
[2025-03-16T15:58:58.150+0100][37.505s][info][gc,start    ] GC(99) Pause Young (Concurrent Start) (G1 Evacuation Pause)
[2025-03-16T15:58:58.150+0100][37.505s][info][gc,task     ] GC(99) Using 9 workers of 9 for evacuation
[2025-03-16T15:58:58.174+0100][37.530s][info][gc,phases   ] GC(99)   Pre Evacuate Collection Set: 0.1ms
[2025-03-16T15:58:58.174+0100][37.530s][info][gc,phases   ] GC(99)   Merge Heap Roots: 0.1ms
[2025-03-16T15:58:58.174+0100][37.530s][info][gc,phases   ] GC(99)   Evacuate Collection Set: 22.4ms
[2025-03-16T15:58:58.174+0100][37.530s][info][gc,phases   ] GC(99)   Post Evacuate Collection Set: 1.8ms
[2025-03-16T15:58:58.174+0100][37.530s][info][gc,phases   ] GC(99)   Other: 0.1ms
[2025-03-16T15:58:58.174+0100][37.530s][info][gc,heap     ] GC(99) Eden regions: 88->0(75)
[2025-03-16T15:58:58.174+0100][37.530s][info][gc,heap     ] GC(99) Survivor regions: 16->13(13)
[2025-03-16T15:58:58.174+0100][37.530s][info][gc,heap     ] GC(99) Old regions: 271->298
[2025-03-16T15:58:58.174+0100][37.530s][info][gc,heap     ] GC(99) Humongous regions: 1->1
[2025-03-16T15:58:58.174+0100][37.530s][info][gc,metaspace] GC(99) Metaspace: 27388K(27840K)->27388K(27840K) NonClass: 23775K(24000K)->23775K(24000K) Class: 3612K(3840K)->3612K(3840K)
[2025-03-16T15:58:58.174+0100][37.530s][info][gc          ] GC(99) Pause Young (Concurrent Start) (G1 Evacuation Pause) 1499M->1243M(1836M) 24.663ms
[2025-03-16T15:58:58.174+0100][37.530s][info][gc,cpu      ] GC(99) User=0.19s Sys=0.00s Real=0.02s
[2025-03-16T15:58:58.174+0100][37.530s][info][gc          ] GC(100) Concurrent Mark Cycle
[2025-03-16T15:58:58.174+0100][37.530s][info][gc,marking  ] GC(100) Concurrent Scan Root Regions
[2025-03-16T15:58:58.201+0100][37.557s][info][gc,marking  ] GC(100) Concurrent Scan Root Regions 26.646ms
[2025-03-16T15:58:58.201+0100][37.557s][info][gc,marking  ] GC(100) Concurrent Mark
[2025-03-16T15:58:58.201+0100][37.557s][info][gc,marking  ] GC(100) Concurrent Mark From Roots
[2025-03-16T15:58:58.201+0100][37.557s][info][gc,task     ] GC(100) Using 2 workers of 2 for marking
[2025-03-16T15:58:58.519+0100][37.875s][info][gc,start    ] GC(101) Pause Young (Normal) (G1 Evacuation Pause)
[2025-03-16T15:58:58.519+0100][37.875s][info][gc,task     ] GC(101) Using 9 workers of 9 for evacuation
[2025-03-16T15:58:58.544+0100][37.899s][info][gc,phases   ] GC(101)   Pre Evacuate Collection Set: 0.1ms
[2025-03-16T15:58:58.544+0100][37.899s][info][gc,phases   ] GC(101)   Merge Heap Roots: 0.2ms
[2025-03-16T15:58:58.544+0100][37.899s][info][gc,phases   ] GC(101)   Evacuate Collection Set: 22.6ms
[2025-03-16T15:58:58.544+0100][37.899s][info][gc,phases   ] GC(101)   Post Evacuate Collection Set: 1.4ms
[2025-03-16T15:58:58.544+0100][37.899s][info][gc,phases   ] GC(101)   Other: 0.0ms
[2025-03-16T15:58:58.544+0100][37.899s][info][gc,heap     ] GC(101) Eden regions: 75->0(64)
[2025-03-16T15:58:58.544+0100][37.899s][info][gc,heap     ] GC(101) Survivor regions: 13->11(11)
[2025-03-16T15:58:58.544+0100][37.899s][info][gc,heap     ] GC(101) Old regions: 298->323
[2025-03-16T15:58:58.544+0100][37.899s][info][gc,heap     ] GC(101) Humongous regions: 1->1
[2025-03-16T15:58:58.544+0100][37.899s][info][gc,metaspace] GC(101) Metaspace: 27388K(27840K)->27388K(27840K) NonClass: 23775K(24000K)->23775K(24000K) Class: 3612K(3840K)->3612K(3840K)
[2025-03-16T15:58:58.544+0100][37.899s][info][gc          ] GC(101) Pause Young (Normal) (G1 Evacuation Pause) 1543M->1335M(1836M) 24.578ms
[2025-03-16T15:58:58.544+0100][37.899s][info][gc,cpu      ] GC(101) User=0.21s Sys=0.00s Real=0.03s
[2025-03-16T15:58:58.565+0100][37.921s][info][gc,marking  ] GC(100) Concurrent Mark From Roots 364.282ms
[2025-03-16T15:58:58.565+0100][37.921s][info][gc,marking  ] GC(100) Concurrent Preclean
[2025-03-16T15:58:58.577+0100][37.933s][info][gc,marking  ] GC(100) Concurrent Preclean 12.052ms
[2025-03-16T15:58:58.578+0100][37.933s][info][gc,start    ] GC(100) Pause Remark
[2025-03-16T15:58:58.579+0100][37.935s][info][gc          ] GC(100) Pause Remark 1365M->1365M(2048M) 1.805ms
[2025-03-16T15:58:58.579+0100][37.935s][info][gc,cpu      ] GC(100) User=0.01s Sys=0.00s Real=0.00s
[2025-03-16T15:58:58.579+0100][37.935s][info][gc,marking  ] GC(100) Concurrent Mark 378.408ms
[2025-03-16T15:58:58.579+0100][37.935s][info][gc,marking  ] GC(100) Concurrent Rebuild Remembered Sets and Scrub Regions
[2025-03-16T15:58:58.835+0100][38.191s][info][gc,start    ] GC(102) Pause Young (Normal) (G1 Evacuation Pause)
[2025-03-16T15:58:58.835+0100][38.191s][info][gc,task     ] GC(102) Using 9 workers of 9 for evacuation
[2025-03-16T15:58:58.853+0100][38.209s][info][gc,phases   ] GC(102)   Pre Evacuate Collection Set: 0.1ms
[2025-03-16T15:58:58.853+0100][38.209s][info][gc,phases   ] GC(102)   Merge Heap Roots: 0.1ms
[2025-03-16T15:58:58.853+0100][38.209s][info][gc,phases   ] GC(102)   Evacuate Collection Set: 16.4ms
[2025-03-16T15:58:58.853+0100][38.209s][info][gc,phases   ] GC(102)   Post Evacuate Collection Set: 1.3ms
[2025-03-16T15:58:58.853+0100][38.209s][info][gc,phases   ] GC(102)   Other: 0.0ms
[2025-03-16T15:58:58.853+0100][38.209s][info][gc,heap     ] GC(102) Eden regions: 64->0(81)
[2025-03-16T15:58:58.853+0100][38.209s][info][gc,heap     ] GC(102) Survivor regions: 11->10(10)
[2025-03-16T15:58:58.853+0100][38.209s][info][gc,heap     ] GC(102) Old regions: 323->343
[2025-03-16T15:58:58.853+0100][38.209s][info][gc,heap     ] GC(102) Humongous regions: 1->1
[2025-03-16T15:58:58.853+0100][38.209s][info][gc,metaspace] GC(102) Metaspace: 27388K(27840K)->27388K(27840K) NonClass: 23775K(24000K)->23775K(24000K) Class: 3612K(3840K)->3612K(3840K)
[2025-03-16T15:58:58.853+0100][38.209s][info][gc          ] GC(102) Pause Young (Normal) (G1 Evacuation Pause) 1591M->1413M(2048M) 18.104ms
[2025-03-16T15:58:58.853+0100][38.209s][info][gc,cpu      ] GC(102) User=0.15s Sys=0.00s Real=0.02s
[2025-03-16T15:58:58.874+0100][38.229s][info][gc,marking  ] GC(100) Concurrent Rebuild Remembered Sets and Scrub Regions 294.247ms
[2025-03-16T15:58:58.874+0100][38.229s][info][gc,start    ] GC(100) Pause Cleanup
[2025-03-16T15:58:58.874+0100][38.230s][info][gc          ] GC(100) Pause Cleanup 1435M->1435M(2048M) 0.152ms
[2025-03-16T15:58:58.874+0100][38.230s][info][gc,cpu      ] GC(100) User=0.00s Sys=0.00s Real=0.00s
[2025-03-16T15:58:58.874+0100][38.230s][info][gc,marking  ] GC(100) Concurrent Clear Claimed Marks
[2025-03-16T15:58:58.874+0100][38.230s][info][gc,marking  ] GC(100) Concurrent Clear Claimed Marks 0.034ms
[2025-03-16T15:58:58.874+0100][38.230s][info][gc,marking  ] GC(100) Concurrent Cleanup for Next Mark
[2025-03-16T15:58:58.875+0100][38.231s][info][gc,marking  ] GC(100) Concurrent Cleanup for Next Mark 0.912ms
[2025-03-16T15:58:58.875+0100][38.231s][info][gc          ] GC(100) Concurrent Mark Cycle 700.699ms
[2025-03-16T15:58:59.203+0100][38.559s][info][gc,start    ] GC(103) Pause Young (Prepare Mixed) (G1 Evacuation Pause)
[2025-03-16T15:58:59.203+0100][38.559s][info][gc,task     ] GC(103) Using 9 workers of 9 for evacuation
[2025-03-16T15:58:59.221+0100][38.576s][info][gc,phases   ] GC(103)   Pre Evacuate Collection Set: 0.1ms
[2025-03-16T15:58:59.221+0100][38.576s][info][gc,phases   ] GC(103)   Merge Heap Roots: 0.2ms
[2025-03-16T15:58:59.221+0100][38.576s][info][gc,phases   ] GC(103)   Evacuate Collection Set: 15.8ms
[2025-03-16T15:58:59.221+0100][38.576s][info][gc,phases   ] GC(103)   Post Evacuate Collection Set: 1.1ms
[2025-03-16T15:58:59.221+0100][38.576s][info][gc,phases   ] GC(103)   Other: 0.0ms
[2025-03-16T15:58:59.221+0100][38.576s][info][gc,heap     ] GC(103) Eden regions: 81->0(78)
[2025-03-16T15:58:59.221+0100][38.576s][info][gc,heap     ] GC(103) Survivor regions: 10->12(12)
[2025-03-16T15:58:59.221+0100][38.576s][info][gc,heap     ] GC(103) Old regions: 343->355
[2025-03-16T15:58:59.221+0100][38.576s][info][gc,heap     ] GC(103) Humongous regions: 1->1
[2025-03-16T15:58:59.221+0100][38.576s][info][gc,metaspace] GC(103) Metaspace: 27389K(27840K)->27389K(27840K) NonClass: 23776K(24000K)->23776K(24000K) Class: 3612K(3840K)->3612K(3840K)
[2025-03-16T15:58:59.221+0100][38.576s][info][gc          ] GC(103) Pause Young (Prepare Mixed) (G1 Evacuation Pause) 1737M->1468M(2048M) 17.379ms
[2025-03-16T15:58:59.221+0100][38.576s][info][gc,cpu      ] GC(103) User=0.14s Sys=0.01s Real=0.02s
[2025-03-16T15:58:59.529+0100][38.884s][info][gc,start    ] GC(104) Pause Young (Mixed) (G1 Evacuation Pause)
[2025-03-16T15:58:59.529+0100][38.884s][info][gc,task     ] GC(104) Using 9 workers of 9 for evacuation
[2025-03-16T15:58:59.549+0100][38.904s][info][gc,phases   ] GC(104)   Pre Evacuate Collection Set: 0.1ms
[2025-03-16T15:58:59.549+0100][38.905s][info][gc,phases   ] GC(104)   Merge Heap Roots: 0.1ms
[2025-03-16T15:58:59.549+0100][38.905s][info][gc,phases   ] GC(104)   Evacuate Collection Set: 18.7ms
[2025-03-16T15:58:59.549+0100][38.905s][info][gc,phases   ] GC(104)   Post Evacuate Collection Set: 1.3ms
[2025-03-16T15:58:59.549+0100][38.905s][info][gc,phases   ] GC(104)   Other: 0.0ms
[2025-03-16T15:58:59.549+0100][38.905s][info][gc,heap     ] GC(104) Eden regions: 78->0(73)
[2025-03-16T15:58:59.549+0100][38.905s][info][gc,heap     ] GC(104) Survivor regions: 12->12(12)
[2025-03-16T15:58:59.549+0100][38.905s][info][gc,heap     ] GC(104) Old regions: 355->361
[2025-03-16T15:58:59.549+0100][38.905s][info][gc,heap     ] GC(104) Humongous regions: 1->1
[2025-03-16T15:58:59.549+0100][38.905s][info][gc,metaspace] GC(104) Metaspace: 27389K(27840K)->27389K(27840K) NonClass: 23776K(24000K)->23776K(24000K) Class: 3612K(3840K)->3612K(3840K)
[2025-03-16T15:58:59.549+0100][38.905s][info][gc          ] GC(104) Pause Young (Mixed) (G1 Evacuation Pause) 1780M->1493M(2048M) 20.418ms
[2025-03-16T15:58:59.549+0100][38.905s][info][gc,cpu      ] GC(104) User=0.17s Sys=0.00s Real=0.02s
[2025-03-16T15:58:59.830+0100][39.185s][info][gc,start    ] GC(105) Pause Young (Concurrent Start) (G1 Evacuation Pause)
[2025-03-16T15:58:59.830+0100][39.185s][info][gc,task     ] GC(105) Using 9 workers of 9 for evacuation
[2025-03-16T15:58:59.849+0100][39.204s][info][gc,phases   ] GC(105)   Pre Evacuate Collection Set: 0.2ms
[2025-03-16T15:58:59.849+0100][39.205s][info][gc,phases   ] GC(105)   Merge Heap Roots: 0.1ms
[2025-03-16T15:58:59.849+0100][39.205s][info][gc,phases   ] GC(105)   Evacuate Collection Set: 17.4ms
[2025-03-16T15:58:59.849+0100][39.205s][info][gc,phases   ] GC(105)   Post Evacuate Collection Set: 1.4ms
[2025-03-16T15:58:59.849+0100][39.205s][info][gc,phases   ] GC(105)   Other: 0.1ms
[2025-03-16T15:58:59.849+0100][39.205s][info][gc,heap     ] GC(105) Eden regions: 73->0(61)
[2025-03-16T15:58:59.849+0100][39.205s][info][gc,heap     ] GC(105) Survivor regions: 12->11(11)
[2025-03-16T15:58:59.849+0100][39.205s][info][gc,heap     ] GC(105) Old regions: 361->383
[2025-03-16T15:58:59.849+0100][39.205s][info][gc,heap     ] GC(105) Humongous regions: 1->1
[2025-03-16T15:58:59.849+0100][39.205s][info][gc,metaspace] GC(105) Metaspace: 27391K(27840K)->27391K(27840K) NonClass: 23778K(24000K)->23778K(24000K) Class: 3612K(3840K)->3612K(3840K)
[2025-03-16T15:58:59.849+0100][39.205s][info][gc          ] GC(105) Pause Young (Concurrent Start) (G1 Evacuation Pause) 1785M->1577M(2048M) 19.272ms
[2025-03-16T15:58:59.849+0100][39.205s][info][gc,cpu      ] GC(105) User=0.15s Sys=0.01s Real=0.01s
[2025-03-16T15:58:59.849+0100][39.205s][info][gc          ] GC(106) Concurrent Mark Cycle
[2025-03-16T15:58:59.849+0100][39.205s][info][gc,marking  ] GC(106) Concurrent Scan Root Regions
[2025-03-16T15:58:59.869+0100][39.225s][info][gc,marking  ] GC(106) Concurrent Scan Root Regions 19.945ms
[2025-03-16T15:58:59.869+0100][39.225s][info][gc,marking  ] GC(106) Concurrent Mark
[2025-03-16T15:58:59.869+0100][39.225s][info][gc,marking  ] GC(106) Concurrent Mark From Roots
[2025-03-16T15:58:59.869+0100][39.225s][info][gc,task     ] GC(106) Using 2 workers of 2 for marking
[2025-03-16T15:58:59.959+0100][39.315s][info][gc,marking  ] GC(106) Concurrent Mark From Roots 90.174ms
[2025-03-16T15:58:59.959+0100][39.315s][info][gc,marking  ] GC(106) Concurrent Preclean
[2025-03-16T15:58:59.963+0100][39.319s][info][gc,marking  ] GC(106) Concurrent Preclean 3.646ms
[2025-03-16T15:58:59.963+0100][39.319s][info][gc,start    ] GC(106) Pause Remark
[2025-03-16T15:58:59.965+0100][39.320s][info][gc          ] GC(106) Pause Remark 1677M->933M(2048M) 1.780ms
[2025-03-16T15:58:59.965+0100][39.320s][info][gc,cpu      ] GC(106) User=0.01s Sys=0.00s Real=0.00s
[2025-03-16T15:58:59.965+0100][39.320s][info][gc,marking  ] GC(106) Concurrent Mark 95.826ms
[2025-03-16T15:58:59.965+0100][39.320s][info][gc,marking  ] GC(106) Concurrent Rebuild Remembered Sets and Scrub Regions
[2025-03-16T15:59:00.040+0100][39.396s][info][gc,marking  ] GC(106) Concurrent Rebuild Remembered Sets and Scrub Regions 75.011ms
[2025-03-16T15:59:00.040+0100][39.396s][info][gc,start    ] GC(106) Pause Cleanup
[2025-03-16T15:59:00.040+0100][39.396s][info][gc          ] GC(106) Pause Cleanup 1009M->1009M(2048M) 0.189ms
[2025-03-16T15:59:00.040+0100][39.396s][info][gc,cpu      ] GC(106) User=0.00s Sys=0.00s Real=0.00s
[2025-03-16T15:59:00.040+0100][39.396s][info][gc,marking  ] GC(106) Concurrent Clear Claimed Marks
[2025-03-16T15:59:00.040+0100][39.396s][info][gc,marking  ] GC(106) Concurrent Clear Claimed Marks 0.027ms
[2025-03-16T15:59:00.040+0100][39.396s][info][gc,marking  ] GC(106) Concurrent Cleanup for Next Mark
[2025-03-16T15:59:00.041+0100][39.397s][info][gc,marking  ] GC(106) Concurrent Cleanup for Next Mark 0.774ms
[2025-03-16T15:59:00.041+0100][39.397s][info][gc          ] GC(106) Concurrent Mark Cycle 192.094ms
[2025-03-16T15:59:00.110+0100][39.466s][info][gc,start    ] GC(107) Pause Young (Prepare Mixed) (G1 Evacuation Pause)
[2025-03-16T15:59:00.110+0100][39.466s][info][gc,task     ] GC(107) Using 9 workers of 9 for evacuation
[2025-03-16T15:59:00.130+0100][39.485s][info][gc,phases   ] GC(107)   Pre Evacuate Collection Set: 0.2ms
[2025-03-16T15:59:00.130+0100][39.485s][info][gc,phases   ] GC(107)   Merge Heap Roots: 0.1ms
[2025-03-16T15:59:00.130+0100][39.485s][info][gc,phases   ] GC(107)   Evacuate Collection Set: 17.8ms
[2025-03-16T15:59:00.130+0100][39.485s][info][gc,phases   ] GC(107)   Post Evacuate Collection Set: 1.3ms
[2025-03-16T15:59:00.130+0100][39.485s][info][gc,phases   ] GC(107)   Other: 0.0ms
[2025-03-16T15:59:00.130+0100][39.485s][info][gc,heap     ] GC(107) Eden regions: 61->0(160)
[2025-03-16T15:59:00.130+0100][39.485s][info][gc,heap     ] GC(107) Survivor regions: 11->9(9)
[2025-03-16T15:59:00.130+0100][39.485s][info][gc,heap     ] GC(107) Old regions: 197->218
[2025-03-16T15:59:00.130+0100][39.485s][info][gc,heap     ] GC(107) Humongous regions: 1->1
[2025-03-16T15:59:00.130+0100][39.485s][info][gc,metaspace] GC(107) Metaspace: 27397K(27840K)->27397K(27840K) NonClass: 23784K(24000K)->23784K(24000K) Class: 3612K(3840K)->3612K(3840K)
[2025-03-16T15:59:00.130+0100][39.485s][info][gc          ] GC(107) Pause Young (Prepare Mixed) (G1 Evacuation Pause) 1077M->908M(2048M) 19.685ms
[2025-03-16T15:59:00.130+0100][39.485s][info][gc,cpu      ] GC(107) User=0.16s Sys=0.00s Real=0.02s
[2025-03-16T15:59:00.756+0100][40.112s][info][gc,start    ] GC(108) Pause Young (Mixed) (G1 Evacuation Pause)
[2025-03-16T15:59:00.756+0100][40.112s][info][gc,task     ] GC(108) Using 9 workers of 9 for evacuation
[2025-03-16T15:59:00.786+0100][40.142s][info][gc,phases   ] GC(108)   Pre Evacuate Collection Set: 0.1ms
[2025-03-16T15:59:00.786+0100][40.142s][info][gc,phases   ] GC(108)   Merge Heap Roots: 0.1ms
[2025-03-16T15:59:00.786+0100][40.142s][info][gc,phases   ] GC(108)   Evacuate Collection Set: 27.6ms
[2025-03-16T15:59:00.786+0100][40.142s][info][gc,phases   ] GC(108)   Post Evacuate Collection Set: 2.0ms
[2025-03-16T15:59:00.786+0100][40.142s][info][gc,phases   ] GC(108)   Other: 0.0ms
[2025-03-16T15:59:00.786+0100][40.142s][info][gc,heap     ] GC(108) Eden regions: 160->0(159)
[2025-03-16T15:59:00.786+0100][40.142s][info][gc,heap     ] GC(108) Survivor regions: 9->22(22)
[2025-03-16T15:59:00.786+0100][40.142s][info][gc,heap     ] GC(108) Old regions: 218->199
[2025-03-16T15:59:00.786+0100][40.142s][info][gc,heap     ] GC(108) Humongous regions: 1->1
[2025-03-16T15:59:00.786+0100][40.142s][info][gc,metaspace] GC(108) Metaspace: 27399K(27840K)->27399K(27840K) NonClass: 23786K(24000K)->23786K(24000K) Class: 3612K(3840K)->3612K(3840K)
[2025-03-16T15:59:00.786+0100][40.142s][info][gc          ] GC(108) Pause Young (Mixed) (G1 Evacuation Pause) 1548M->885M(2048M) 30.025ms
[2025-03-16T15:59:00.786+0100][40.142s][info][gc,cpu      ] GC(108) User=0.25s Sys=0.00s Real=0.03s
[2025-03-16T15:59:01.404+0100][40.760s][info][gc,start    ] GC(109) Pause Young (Mixed) (G1 Evacuation Pause)
[2025-03-16T15:59:01.405+0100][40.760s][info][gc,task     ] GC(109) Using 9 workers of 9 for evacuation
[2025-03-16T15:59:01.443+0100][40.799s][info][gc,phases   ] GC(109)   Pre Evacuate Collection Set: 0.1ms
[2025-03-16T15:59:01.443+0100][40.799s][info][gc,phases   ] GC(109)   Merge Heap Roots: 0.1ms
[2025-03-16T15:59:01.443+0100][40.799s][info][gc,phases   ] GC(109)   Evacuate Collection Set: 35.7ms
[2025-03-16T15:59:01.443+0100][40.799s][info][gc,phases   ] GC(109)   Post Evacuate Collection Set: 2.6ms
[2025-03-16T15:59:01.443+0100][40.799s][info][gc,phases   ] GC(109)   Other: 0.1ms
[2025-03-16T15:59:01.443+0100][40.799s][info][gc,heap     ] GC(109) Eden regions: 159->0(157)
[2025-03-16T15:59:01.443+0100][40.799s][info][gc,heap     ] GC(109) Survivor regions: 22->23(23)
[2025-03-16T15:59:01.443+0100][40.799s][info][gc,heap     ] GC(109) Old regions: 199->196
[2025-03-16T15:59:01.443+0100][40.799s][info][gc,heap     ] GC(109) Humongous regions: 1->1
[2025-03-16T15:59:01.443+0100][40.799s][info][gc,metaspace] GC(109) Metaspace: 27400K(27840K)->27400K(27840K) NonClass: 23787K(24000K)->23787K(24000K) Class: 3612K(3840K)->3612K(3840K)
[2025-03-16T15:59:01.443+0100][40.799s][info][gc          ] GC(109) Pause Young (Mixed) (G1 Evacuation Pause) 1521M->875M(2048M) 38.810ms
[2025-03-16T15:59:01.443+0100][40.799s][info][gc,cpu      ] GC(109) User=0.32s Sys=0.01s Real=0.04s
[2025-03-16T15:59:02.053+0100][41.408s][info][gc,start    ] GC(110) Pause Young (Normal) (G1 Evacuation Pause)
[2025-03-16T15:59:02.053+0100][41.408s][info][gc,task     ] GC(110) Using 9 workers of 9 for evacuation
[2025-03-16T15:59:02.090+0100][41.446s][info][gc,phases   ] GC(110)   Pre Evacuate Collection Set: 0.1ms
[2025-03-16T15:59:02.090+0100][41.446s][info][gc,phases   ] GC(110)   Merge Heap Roots: 0.1ms
[2025-03-16T15:59:02.090+0100][41.446s][info][gc,phases   ] GC(110)   Evacuate Collection Set: 34.2ms
[2025-03-16T15:59:02.090+0100][41.446s][info][gc,phases   ] GC(110)   Post Evacuate Collection Set: 3.0ms
[2025-03-16T15:59:02.090+0100][41.446s][info][gc,phases   ] GC(110)   Other: 0.0ms
[2025-03-16T15:59:02.090+0100][41.446s][info][gc,heap     ] GC(110) Eden regions: 157->0(131)
[2025-03-16T15:59:02.090+0100][41.446s][info][gc,heap     ] GC(110) Survivor regions: 23->23(23)
[2025-03-16T15:59:02.090+0100][41.446s][info][gc,heap     ] GC(110) Old regions: 196->241
[2025-03-16T15:59:02.090+0100][41.446s][info][gc,heap     ] GC(110) Humongous regions: 1->1
[2025-03-16T15:59:02.090+0100][41.446s][info][gc,metaspace] GC(110) Metaspace: 27400K(27840K)->27400K(27840K) NonClass: 23787K(24000K)->23787K(24000K) Class: 3612K(3840K)->3612K(3840K)
[2025-03-16T15:59:02.090+0100][41.446s][info][gc          ] GC(110) Pause Young (Normal) (G1 Evacuation Pause) 1503M->1057M(2048M) 37.705ms
[2025-03-16T15:59:02.090+0100][41.446s][info][gc,cpu      ] GC(110) User=0.31s Sys=0.00s Real=0.04s
[2025-03-16T15:59:02.605+0100][41.961s][info][gc,start    ] GC(111) Pause Young (Concurrent Start) (G1 Evacuation Pause)
[2025-03-16T15:59:02.605+0100][41.961s][info][gc,task     ] GC(111) Using 9 workers of 9 for evacuation
[2025-03-16T15:59:02.638+0100][41.994s][info][gc,phases   ] GC(111)   Pre Evacuate Collection Set: 0.2ms
[2025-03-16T15:59:02.638+0100][41.994s][info][gc,phases   ] GC(111)   Merge Heap Roots: 0.1ms
[2025-03-16T15:59:02.638+0100][41.994s][info][gc,phases   ] GC(111)   Evacuate Collection Set: 29.9ms
[2025-03-16T15:59:02.638+0100][41.994s][info][gc,phases   ] GC(111)   Post Evacuate Collection Set: 2.8ms
[2025-03-16T15:59:02.638+0100][41.994s][info][gc,phases   ] GC(111)   Other: 0.1ms
[2025-03-16T15:59:02.638+0100][41.994s][info][gc,heap     ] GC(111) Eden regions: 131->0(111)
[2025-03-16T15:59:02.638+0100][41.994s][info][gc,heap     ] GC(111) Survivor regions: 23->20(20)
[2025-03-16T15:59:02.638+0100][41.994s][info][gc,heap     ] GC(111) Old regions: 241->281
[2025-03-16T15:59:02.638+0100][41.994s][info][gc,heap     ] GC(111) Humongous regions: 1->1
[2025-03-16T15:59:02.638+0100][41.994s][info][gc,metaspace] GC(111) Metaspace: 27401K(27840K)->27401K(27840K) NonClass: 23788K(24000K)->23788K(24000K) Class: 3612K(3840K)->3612K(3840K)
[2025-03-16T15:59:02.638+0100][41.994s][info][gc          ] GC(111) Pause Young (Concurrent Start) (G1 Evacuation Pause) 1581M->1203M(2048M) 33.146ms
[2025-03-16T15:59:02.638+0100][41.994s][info][gc          ] GC(112) Concurrent Mark Cycle
[2025-03-16T15:59:02.638+0100][41.994s][info][gc,cpu      ] GC(111) User=0.26s Sys=0.00s Real=0.03s
[2025-03-16T15:59:02.638+0100][41.994s][info][gc,marking  ] GC(112) Concurrent Scan Root Regions
[2025-03-16T15:59:02.676+0100][42.031s][info][gc,marking  ] GC(112) Concurrent Scan Root Regions 37.582ms
[2025-03-16T15:59:02.676+0100][42.031s][info][gc,marking  ] GC(112) Concurrent Mark
[2025-03-16T15:59:02.676+0100][42.031s][info][gc,marking  ] GC(112) Concurrent Mark From Roots
[2025-03-16T15:59:02.676+0100][42.031s][info][gc,task     ] GC(112) Using 2 workers of 2 for marking
[2025-03-16T15:59:02.971+0100][42.326s][info][gc,marking  ] GC(112) Concurrent Mark From Roots 294.777ms
[2025-03-16T15:59:02.971+0100][42.326s][info][gc,marking  ] GC(112) Concurrent Preclean
[2025-03-16T15:59:02.973+0100][42.329s][info][gc,marking  ] GC(112) Concurrent Preclean 2.459ms
[2025-03-16T15:59:02.973+0100][42.329s][info][gc,start    ] GC(112) Pause Remark
[2025-03-16T15:59:02.975+0100][42.331s][info][gc          ] GC(112) Pause Remark 1491M->1491M(2048M) 1.786ms
[2025-03-16T15:59:02.975+0100][42.331s][info][gc,cpu      ] GC(112) User=0.01s Sys=0.00s Real=0.00s
[2025-03-16T15:59:02.975+0100][42.331s][info][gc,marking  ] GC(112) Concurrent Mark 299.281ms
[2025-03-16T15:59:02.975+0100][42.331s][info][gc,marking  ] GC(112) Concurrent Rebuild Remembered Sets and Scrub Regions
[2025-03-16T15:59:03.135+0100][42.491s][info][gc,start    ] GC(113) Pause Young (Normal) (G1 Evacuation Pause)
[2025-03-16T15:59:03.135+0100][42.491s][info][gc,task     ] GC(113) Using 9 workers of 9 for evacuation
[2025-03-16T15:59:03.165+0100][42.521s][info][gc,phases   ] GC(113)   Pre Evacuate Collection Set: 0.1ms
[2025-03-16T15:59:03.166+0100][42.521s][info][gc,phases   ] GC(113)   Merge Heap Roots: 0.1ms
[2025-03-16T15:59:03.166+0100][42.521s][info][gc,phases   ] GC(113)   Evacuate Collection Set: 27.3ms
[2025-03-16T15:59:03.166+0100][42.521s][info][gc,phases   ] GC(113)   Post Evacuate Collection Set: 2.5ms
[2025-03-16T15:59:03.166+0100][42.521s][info][gc,phases   ] GC(113)   Other: 0.0ms
[2025-03-16T15:59:03.166+0100][42.521s][info][gc,heap     ] GC(113) Eden regions: 111->0(93)
[2025-03-16T15:59:03.166+0100][42.521s][info][gc,heap     ] GC(113) Survivor regions: 20->17(17)
[2025-03-16T15:59:03.166+0100][42.521s][info][gc,heap     ] GC(113) Old regions: 281->315
[2025-03-16T15:59:03.166+0100][42.521s][info][gc,heap     ] GC(113) Humongous regions: 1->1
[2025-03-16T15:59:03.166+0100][42.521s][info][gc,metaspace] GC(113) Metaspace: 27409K(27840K)->27409K(27840K) NonClass: 23796K(24000K)->23796K(24000K) Class: 3612K(3840K)->3612K(3840K)
[2025-03-16T15:59:03.166+0100][42.521s][info][gc          ] GC(113) Pause Young (Normal) (G1 Evacuation Pause) 1647M->1327M(2048M) 30.282ms
[2025-03-16T15:59:03.166+0100][42.521s][info][gc,cpu      ] GC(113) User=0.24s Sys=0.00s Real=0.03s
[2025-03-16T15:59:03.249+0100][42.605s][info][gc,marking  ] GC(112) Concurrent Rebuild Remembered Sets and Scrub Regions 273.836ms
[2025-03-16T15:59:03.249+0100][42.605s][info][gc,start    ] GC(112) Pause Cleanup
[2025-03-16T15:59:03.249+0100][42.605s][info][gc          ] GC(112) Pause Cleanup 1411M->1411M(2048M) 0.194ms
[2025-03-16T15:59:03.249+0100][42.605s][info][gc,cpu      ] GC(112) User=0.00s Sys=0.00s Real=0.00s
[2025-03-16T15:59:03.249+0100][42.605s][info][gc,marking  ] GC(112) Concurrent Clear Claimed Marks
[2025-03-16T15:59:03.249+0100][42.605s][info][gc,marking  ] GC(112) Concurrent Clear Claimed Marks 0.026ms
[2025-03-16T15:59:03.249+0100][42.605s][info][gc,marking  ] GC(112) Concurrent Cleanup for Next Mark
[2025-03-16T15:59:03.250+0100][42.606s][info][gc,marking  ] GC(112) Concurrent Cleanup for Next Mark 0.752ms
[2025-03-16T15:59:03.250+0100][42.606s][info][gc          ] GC(112) Concurrent Mark Cycle 611.966ms
[2025-03-16T15:59:03.539+0100][42.894s][info][gc,start    ] GC(114) Pause Young (Prepare Mixed) (G1 Evacuation Pause)
[2025-03-16T15:59:03.539+0100][42.894s][info][gc,task     ] GC(114) Using 9 workers of 9 for evacuation
[2025-03-16T15:59:03.568+0100][42.923s][info][gc,phases   ] GC(114)   Pre Evacuate Collection Set: 0.1ms
[2025-03-16T15:59:03.568+0100][42.923s][info][gc,phases   ] GC(114)   Merge Heap Roots: 0.2ms
[2025-03-16T15:59:03.568+0100][42.923s][info][gc,phases   ] GC(114)   Evacuate Collection Set: 26.9ms
[2025-03-16T15:59:03.568+0100][42.923s][info][gc,phases   ] GC(114)   Post Evacuate Collection Set: 1.9ms
[2025-03-16T15:59:03.568+0100][42.923s][info][gc,phases   ] GC(114)   Other: 0.0ms
[2025-03-16T15:59:03.568+0100][42.923s][info][gc,heap     ] GC(114) Eden regions: 93->0(78)
[2025-03-16T15:59:03.568+0100][42.923s][info][gc,heap     ] GC(114) Survivor regions: 17->14(14)
[2025-03-16T15:59:03.568+0100][42.923s][info][gc,heap     ] GC(114) Old regions: 315->346
[2025-03-16T15:59:03.568+0100][42.923s][info][gc,heap     ] GC(114) Humongous regions: 1->1
[2025-03-16T15:59:03.568+0100][42.923s][info][gc,metaspace] GC(114) Metaspace: 27409K(27840K)->27409K(27840K) NonClass: 23796K(24000K)->23796K(24000K) Class: 3612K(3840K)->3612K(3840K)
[2025-03-16T15:59:03.568+0100][42.923s][info][gc          ] GC(114) Pause Young (Prepare Mixed) (G1 Evacuation Pause) 1699M->1441M(2048M) 29.281ms
[2025-03-16T15:59:03.568+0100][42.923s][info][gc,cpu      ] GC(114) User=0.24s Sys=0.00s Real=0.03s
[2025-03-16T15:59:03.875+0100][43.231s][info][gc,start    ] GC(115) Pause Young (Mixed) (G1 Evacuation Pause)
[2025-03-16T15:59:03.875+0100][43.231s][info][gc,task     ] GC(115) Using 9 workers of 9 for evacuation
[2025-03-16T15:59:03.898+0100][43.254s][info][gc,phases   ] GC(115)   Pre Evacuate Collection Set: 0.1ms
[2025-03-16T15:59:03.898+0100][43.254s][info][gc,phases   ] GC(115)   Merge Heap Roots: 0.1ms
[2025-03-16T15:59:03.898+0100][43.254s][info][gc,phases   ] GC(115)   Evacuate Collection Set: 20.9ms
[2025-03-16T15:59:03.898+0100][43.254s][info][gc,phases   ] GC(115)   Post Evacuate Collection Set: 1.6ms
[2025-03-16T15:59:03.898+0100][43.254s][info][gc,phases   ] GC(115)   Other: 0.0ms
[2025-03-16T15:59:03.898+0100][43.254s][info][gc,heap     ] GC(115) Eden regions: 78->0(72)
[2025-03-16T15:59:03.898+0100][43.254s][info][gc,heap     ] GC(115) Survivor regions: 14->12(12)
[2025-03-16T15:59:03.898+0100][43.254s][info][gc,heap     ] GC(115) Old regions: 346->359
[2025-03-16T15:59:03.898+0100][43.254s][info][gc,heap     ] GC(115) Humongous regions: 1->1
[2025-03-16T15:59:03.898+0100][43.254s][info][gc,metaspace] GC(115) Metaspace: 27409K(27840K)->27409K(27840K) NonClass: 23796K(24000K)->23796K(24000K) Class: 3612K(3840K)->3612K(3840K)
[2025-03-16T15:59:03.898+0100][43.254s][info][gc          ] GC(115) Pause Young (Mixed) (G1 Evacuation Pause) 1753M->1483M(2048M) 23.033ms
[2025-03-16T15:59:03.898+0100][43.254s][info][gc,cpu      ] GC(115) User=0.18s Sys=0.01s Real=0.02s
[2025-03-16T15:59:04.181+0100][43.536s][info][gc,start    ] GC(116) Pause Young (Concurrent Start) (G1 Evacuation Pause)
[2025-03-16T15:59:04.181+0100][43.536s][info][gc,task     ] GC(116) Using 9 workers of 9 for evacuation
[2025-03-16T15:59:04.202+0100][43.558s][info][gc,phases   ] GC(116)   Pre Evacuate Collection Set: 0.1ms
[2025-03-16T15:59:04.202+0100][43.558s][info][gc,phases   ] GC(116)   Merge Heap Roots: 0.1ms
[2025-03-16T15:59:04.202+0100][43.558s][info][gc,phases   ] GC(116)   Evacuate Collection Set: 19.7ms
[2025-03-16T15:59:04.202+0100][43.558s][info][gc,phases   ] GC(116)   Post Evacuate Collection Set: 1.5ms
[2025-03-16T15:59:04.202+0100][43.558s][info][gc,phases   ] GC(116)   Other: 0.1ms
[2025-03-16T15:59:04.202+0100][43.558s][info][gc,heap     ] GC(116) Eden regions: 72->0(60)
[2025-03-16T15:59:04.202+0100][43.558s][info][gc,heap     ] GC(116) Survivor regions: 12->11(11)
[2025-03-16T15:59:04.202+0100][43.558s][info][gc,heap     ] GC(116) Old regions: 359->382
[2025-03-16T15:59:04.202+0100][43.558s][info][gc,heap     ] GC(116) Humongous regions: 1->1
[2025-03-16T15:59:04.202+0100][43.558s][info][gc,metaspace] GC(116) Metaspace: 27410K(27840K)->27410K(27840K) NonClass: 23797K(24000K)->23797K(24000K) Class: 3612K(3840K)->3612K(3840K)
[2025-03-16T15:59:04.202+0100][43.558s][info][gc          ] GC(116) Pause Young (Concurrent Start) (G1 Evacuation Pause) 1771M->1573M(2048M) 21.687ms
[2025-03-16T15:59:04.202+0100][43.558s][info][gc,cpu      ] GC(116) User=0.17s Sys=0.00s Real=0.02s
[2025-03-16T15:59:04.202+0100][43.558s][info][gc          ] GC(117) Concurrent Mark Cycle
[2025-03-16T15:59:04.203+0100][43.558s][info][gc,marking  ] GC(117) Concurrent Scan Root Regions
[2025-03-16T15:59:04.223+0100][43.579s][info][gc,marking  ] GC(117) Concurrent Scan Root Regions 20.857ms
[2025-03-16T15:59:04.223+0100][43.579s][info][gc,marking  ] GC(117) Concurrent Mark
[2025-03-16T15:59:04.223+0100][43.579s][info][gc,marking  ] GC(117) Concurrent Mark From Roots
[2025-03-16T15:59:04.223+0100][43.579s][info][gc,task     ] GC(117) Using 2 workers of 2 for marking
[2025-03-16T15:59:04.484+0100][43.839s][info][gc,start    ] GC(118) Pause Young (Normal) (G1 Evacuation Pause)
[2025-03-16T15:59:04.484+0100][43.839s][info][gc,task     ] GC(118) Using 9 workers of 9 for evacuation
[2025-03-16T15:59:04.502+0100][43.857s][info][gc,phases   ] GC(118)   Pre Evacuate Collection Set: 0.1ms
[2025-03-16T15:59:04.502+0100][43.857s][info][gc,phases   ] GC(118)   Merge Heap Roots: 0.1ms
[2025-03-16T15:59:04.502+0100][43.857s][info][gc,phases   ] GC(118)   Evacuate Collection Set: 16.5ms
[2025-03-16T15:59:04.502+0100][43.857s][info][gc,phases   ] GC(118)   Post Evacuate Collection Set: 1.1ms
[2025-03-16T15:59:04.502+0100][43.857s][info][gc,phases   ] GC(118)   Other: 0.0ms
[2025-03-16T15:59:04.502+0100][43.857s][info][gc,heap     ] GC(118) Eden regions: 60->0(51)
[2025-03-16T15:59:04.502+0100][43.857s][info][gc,heap     ] GC(118) Survivor regions: 11->9(9)
[2025-03-16T15:59:04.502+0100][43.857s][info][gc,heap     ] GC(118) Old regions: 382->402
[2025-03-16T15:59:04.502+0100][43.857s][info][gc,heap     ] GC(118) Humongous regions: 1->1
[2025-03-16T15:59:04.502+0100][43.857s][info][gc,metaspace] GC(118) Metaspace: 27415K(27840K)->27415K(27840K) NonClass: 23802K(24000K)->23802K(24000K) Class: 3612K(3840K)->3612K(3840K)
[2025-03-16T15:59:04.502+0100][43.857s][info][gc          ] GC(118) Pause Young (Normal) (G1 Evacuation Pause) 1813M->1644M(2048M) 18.135ms
[2025-03-16T15:59:04.502+0100][43.857s][info][gc,cpu      ] GC(118) User=0.14s Sys=0.00s Real=0.02s
[2025-03-16T15:59:04.698+0100][44.053s][info][gc,marking  ] GC(117) Concurrent Mark From Roots 474.300ms
[2025-03-16T15:59:04.698+0100][44.053s][info][gc,marking  ] GC(117) Concurrent Preclean
[2025-03-16T15:59:04.700+0100][44.056s][info][gc,marking  ] GC(117) Concurrent Preclean 2.551ms
[2025-03-16T15:59:04.700+0100][44.056s][info][gc,start    ] GC(117) Pause Remark
[2025-03-16T15:59:04.702+0100][44.058s][info][gc          ] GC(117) Pause Remark 1818M->1818M(2048M) 1.727ms
[2025-03-16T15:59:04.702+0100][44.058s][info][gc,cpu      ] GC(117) User=0.01s Sys=0.00s Real=0.00s
[2025-03-16T15:59:04.702+0100][44.058s][info][gc,marking  ] GC(117) Concurrent Mark 478.796ms
[2025-03-16T15:59:04.702+0100][44.058s][info][gc,marking  ] GC(117) Concurrent Rebuild Remembered Sets and Scrub Regions
[2025-03-16T15:59:04.733+0100][44.089s][info][gc,start    ] GC(119) Pause Young (Normal) (G1 Evacuation Pause)
[2025-03-16T15:59:04.733+0100][44.089s][info][gc,task     ] GC(119) Using 9 workers of 9 for evacuation
[2025-03-16T15:59:04.748+0100][44.104s][info][gc,phases   ] GC(119)   Pre Evacuate Collection Set: 0.1ms
[2025-03-16T15:59:04.748+0100][44.104s][info][gc,phases   ] GC(119)   Merge Heap Roots: 0.1ms
[2025-03-16T15:59:04.748+0100][44.104s][info][gc,phases   ] GC(119)   Evacuate Collection Set: 13.4ms
[2025-03-16T15:59:04.748+0100][44.104s][info][gc,phases   ] GC(119)   Post Evacuate Collection Set: 1.1ms
[2025-03-16T15:59:04.748+0100][44.104s][info][gc,phases   ] GC(119)   Other: 0.0ms
[2025-03-16T15:59:04.748+0100][44.104s][info][gc,heap     ] GC(119) Eden regions: 51->0(43)
[2025-03-16T15:59:04.748+0100][44.104s][info][gc,heap     ] GC(119) Survivor regions: 9->8(8)
[2025-03-16T15:59:04.748+0100][44.104s][info][gc,heap     ] GC(119) Old regions: 402->419
[2025-03-16T15:59:04.748+0100][44.104s][info][gc,heap     ] GC(119) Humongous regions: 1->1
[2025-03-16T15:59:04.748+0100][44.104s][info][gc,metaspace] GC(119) Metaspace: 27417K(27840K)->27417K(27840K) NonClass: 23804K(24000K)->23804K(24000K) Class: 3612K(3840K)->3612K(3840K)
[2025-03-16T15:59:04.748+0100][44.104s][info][gc          ] GC(119) Pause Young (Normal) (G1 Evacuation Pause) 1848M->1707M(2048M) 14.916ms
[2025-03-16T15:59:04.748+0100][44.104s][info][gc,cpu      ] GC(119) User=0.12s Sys=0.00s Real=0.01s
[2025-03-16T15:59:04.921+0100][44.276s][info][gc,start    ] GC(120) Pause Young (Normal) (G1 Evacuation Pause)
[2025-03-16T15:59:04.921+0100][44.277s][info][gc,task     ] GC(120) Using 9 workers of 9 for evacuation
[2025-03-16T15:59:04.936+0100][44.291s][info][gc,phases   ] GC(120)   Pre Evacuate Collection Set: 0.1ms
[2025-03-16T15:59:04.936+0100][44.291s][info][gc,phases   ] GC(120)   Merge Heap Roots: 0.2ms
[2025-03-16T15:59:04.936+0100][44.291s][info][gc,phases   ] GC(120)   Evacuate Collection Set: 13.2ms
[2025-03-16T15:59:04.936+0100][44.291s][info][gc,phases   ] GC(120)   Post Evacuate Collection Set: 1.1ms
[2025-03-16T15:59:04.936+0100][44.291s][info][gc,phases   ] GC(120)   Other: 0.0ms
[2025-03-16T15:59:04.936+0100][44.291s][info][gc,heap     ] GC(120) Eden regions: 43->0(36)
[2025-03-16T15:59:04.936+0100][44.291s][info][gc,heap     ] GC(120) Survivor regions: 8->7(7)
[2025-03-16T15:59:04.936+0100][44.291s][info][gc,heap     ] GC(120) Old regions: 419->433
[2025-03-16T15:59:04.936+0100][44.291s][info][gc,heap     ] GC(120) Humongous regions: 1->1
[2025-03-16T15:59:04.936+0100][44.291s][info][gc,metaspace] GC(120) Metaspace: 27417K(27840K)->27417K(27840K) NonClass: 23804K(24000K)->23804K(24000K) Class: 3612K(3840K)->3612K(3840K)
[2025-03-16T15:59:04.936+0100][44.291s][info][gc          ] GC(120) Pause Young (Normal) (G1 Evacuation Pause) 1879M->1758M(2048M) 14.705ms
[2025-03-16T15:59:04.936+0100][44.291s][info][gc,cpu      ] GC(120) User=0.12s Sys=0.00s Real=0.01s
[2025-03-16T15:59:05.078+0100][44.433s][info][gc,start    ] GC(121) Pause Young (Normal) (G1 Evacuation Pause)
[2025-03-16T15:59:05.078+0100][44.433s][info][gc,task     ] GC(121) Using 9 workers of 9 for evacuation
[2025-03-16T15:59:05.092+0100][44.448s][info][gc,phases   ] GC(121)   Pre Evacuate Collection Set: 0.1ms
[2025-03-16T15:59:05.092+0100][44.448s][info][gc,phases   ] GC(121)   Merge Heap Roots: 0.2ms
[2025-03-16T15:59:05.092+0100][44.448s][info][gc,phases   ] GC(121)   Evacuate Collection Set: 12.9ms
[2025-03-16T15:59:05.092+0100][44.448s][info][gc,phases   ] GC(121)   Post Evacuate Collection Set: 1.1ms
[2025-03-16T15:59:05.092+0100][44.448s][info][gc,phases   ] GC(121)   Other: 0.0ms
[2025-03-16T15:59:05.092+0100][44.448s][info][gc,heap     ] GC(121) Eden regions: 36->0(27)
[2025-03-16T15:59:05.092+0100][44.448s][info][gc,heap     ] GC(121) Survivor regions: 7->6(6)
[2025-03-16T15:59:05.092+0100][44.448s][info][gc,heap     ] GC(121) Old regions: 433->445
[2025-03-16T15:59:05.092+0100][44.448s][info][gc,heap     ] GC(121) Humongous regions: 1->1
[2025-03-16T15:59:05.092+0100][44.448s][info][gc,metaspace] GC(121) Metaspace: 27417K(27840K)->27417K(27840K) NonClass: 23804K(24000K)->23804K(24000K) Class: 3612K(3840K)->3612K(3840K)
[2025-03-16T15:59:05.092+0100][44.448s][info][gc          ] GC(121) Pause Young (Normal) (G1 Evacuation Pause) 1902M->1805M(2048M) 14.530ms
[2025-03-16T15:59:05.092+0100][44.448s][info][gc,cpu      ] GC(121) User=0.12s Sys=0.00s Real=0.02s
[2025-03-16T15:59:05.127+0100][44.482s][info][gc,marking  ] GC(117) Concurrent Rebuild Remembered Sets and Scrub Regions 424.535ms
[2025-03-16T15:59:05.127+0100][44.482s][info][gc,start    ] GC(117) Pause Cleanup
[2025-03-16T15:59:05.127+0100][44.483s][info][gc          ] GC(117) Pause Cleanup 1839M->1839M(2048M) 0.199ms
[2025-03-16T15:59:05.127+0100][44.483s][info][gc,cpu      ] GC(117) User=0.00s Sys=0.00s Real=0.00s
[2025-03-16T15:59:05.127+0100][44.483s][info][gc,marking  ] GC(117) Concurrent Clear Claimed Marks
[2025-03-16T15:59:05.127+0100][44.483s][info][gc,marking  ] GC(117) Concurrent Clear Claimed Marks 0.031ms
[2025-03-16T15:59:05.127+0100][44.483s][info][gc,marking  ] GC(117) Concurrent Cleanup for Next Mark
[2025-03-16T15:59:05.128+0100][44.483s][info][gc,marking  ] GC(117) Concurrent Cleanup for Next Mark 0.738ms
[2025-03-16T15:59:05.128+0100][44.484s][info][gc          ] GC(117) Concurrent Mark Cycle 925.472ms
[2025-03-16T15:59:05.201+0100][44.557s][info][gc,start    ] GC(122) Pause Young (Prepare Mixed) (G1 Evacuation Pause)
[2025-03-16T15:59:05.201+0100][44.557s][info][gc,task     ] GC(122) Using 9 workers of 9 for evacuation
[2025-03-16T15:59:05.215+0100][44.571s][info][gc,phases   ] GC(122)   Pre Evacuate Collection Set: 0.1ms
[2025-03-16T15:59:05.215+0100][44.571s][info][gc,phases   ] GC(122)   Merge Heap Roots: 0.2ms
[2025-03-16T15:59:05.215+0100][44.571s][info][gc,phases   ] GC(122)   Evacuate Collection Set: 12.6ms
[2025-03-16T15:59:05.215+0100][44.571s][info][gc,phases   ] GC(122)   Post Evacuate Collection Set: 0.8ms
[2025-03-16T15:59:05.215+0100][44.571s][info][gc,phases   ] GC(122)   Other: 0.0ms
[2025-03-16T15:59:05.215+0100][44.571s][info][gc,heap     ] GC(122) Eden regions: 27->0(20)
[2025-03-16T15:59:05.215+0100][44.571s][info][gc,heap     ] GC(122) Survivor regions: 6->5(5)
[2025-03-16T15:59:05.215+0100][44.571s][info][gc,heap     ] GC(122) Old regions: 445->455
[2025-03-16T15:59:05.215+0100][44.571s][info][gc,heap     ] GC(122) Humongous regions: 1->1
[2025-03-16T15:59:05.215+0100][44.571s][info][gc,metaspace] GC(122) Metaspace: 27417K(27840K)->27417K(27840K) NonClass: 23804K(24000K)->23804K(24000K) Class: 3612K(3840K)->3612K(3840K)
[2025-03-16T15:59:05.215+0100][44.571s][info][gc          ] GC(122) Pause Young (Prepare Mixed) (G1 Evacuation Pause) 1913M->1839M(2048M) 14.131ms
[2025-03-16T15:59:05.215+0100][44.571s][info][gc,cpu      ] GC(122) User=0.11s Sys=0.00s Real=0.01s
[2025-03-16T15:59:05.301+0100][44.657s][info][gc,start    ] GC(123) Pause Young (Mixed) (G1 Evacuation Pause)
[2025-03-16T15:59:05.301+0100][44.657s][info][gc,task     ] GC(123) Using 9 workers of 9 for evacuation
[2025-03-16T15:59:05.312+0100][44.668s][info][gc,phases   ] GC(123)   Pre Evacuate Collection Set: 0.1ms
[2025-03-16T15:59:05.312+0100][44.668s][info][gc,phases   ] GC(123)   Merge Heap Roots: 0.1ms
[2025-03-16T15:59:05.312+0100][44.668s][info][gc,phases   ] GC(123)   Evacuate Collection Set: 9.7ms
[2025-03-16T15:59:05.312+0100][44.668s][info][gc,phases   ] GC(123)   Post Evacuate Collection Set: 0.8ms
[2025-03-16T15:59:05.312+0100][44.668s][info][gc,phases   ] GC(123)   Other: 0.0ms
[2025-03-16T15:59:05.312+0100][44.668s][info][gc,heap     ] GC(123) Eden regions: 20->0(21)
[2025-03-16T15:59:05.312+0100][44.668s][info][gc,heap     ] GC(123) Survivor regions: 5->4(4)
[2025-03-16T15:59:05.312+0100][44.668s][info][gc,heap     ] GC(123) Old regions: 455->455
[2025-03-16T15:59:05.312+0100][44.668s][info][gc,heap     ] GC(123) Humongous regions: 1->1
[2025-03-16T15:59:05.312+0100][44.668s][info][gc,metaspace] GC(123) Metaspace: 27417K(27840K)->27417K(27840K) NonClass: 23804K(24000K)->23804K(24000K) Class: 3612K(3840K)->3612K(3840K)
[2025-03-16T15:59:05.312+0100][44.668s][info][gc          ] GC(123) Pause Young (Mixed) (G1 Evacuation Pause) 1919M->1836M(2048M) 10.913ms
[2025-03-16T15:59:05.312+0100][44.668s][info][gc,cpu      ] GC(123) User=0.08s Sys=0.00s Real=0.01s
[2025-03-16T15:59:05.393+0100][44.748s][info][gc,start    ] GC(124) Pause Young (Concurrent Start) (G1 Evacuation Pause)
[2025-03-16T15:59:05.393+0100][44.748s][info][gc,task     ] GC(124) Using 9 workers of 9 for evacuation
[2025-03-16T15:59:05.400+0100][44.756s][info][gc,phases   ] GC(124)   Pre Evacuate Collection Set: 0.1ms
[2025-03-16T15:59:05.400+0100][44.756s][info][gc,phases   ] GC(124)   Merge Heap Roots: 0.1ms
[2025-03-16T15:59:05.400+0100][44.756s][info][gc,phases   ] GC(124)   Evacuate Collection Set: 6.4ms
[2025-03-16T15:59:05.400+0100][44.756s][info][gc,phases   ] GC(124)   Post Evacuate Collection Set: 0.7ms
[2025-03-16T15:59:05.400+0100][44.756s][info][gc,phases   ] GC(124)   Other: 0.1ms
[2025-03-16T15:59:05.400+0100][44.756s][info][gc,heap     ] GC(124) Eden regions: 21->0(21)
[2025-03-16T15:59:05.400+0100][44.756s][info][gc,heap     ] GC(124) Survivor regions: 4->4(4)
[2025-03-16T15:59:05.400+0100][44.756s][info][gc,heap     ] GC(124) Old regions: 455->463
[2025-03-16T15:59:05.400+0100][44.756s][info][gc,heap     ] GC(124) Humongous regions: 1->1
[2025-03-16T15:59:05.400+0100][44.756s][info][gc,metaspace] GC(124) Metaspace: 27417K(27840K)->27417K(27840K) NonClass: 23804K(24000K)->23804K(24000K) Class: 3612K(3840K)->3612K(3840K)
[2025-03-16T15:59:05.400+0100][44.756s][info][gc          ] GC(124) Pause Young (Concurrent Start) (G1 Evacuation Pause) 1920M->1865M(2048M) 7.579ms
[2025-03-16T15:59:05.400+0100][44.756s][info][gc,cpu      ] GC(124) User=0.05s Sys=0.00s Real=0.01s
[2025-03-16T15:59:05.400+0100][44.756s][info][gc          ] GC(125) Concurrent Mark Cycle
[2025-03-16T15:59:05.400+0100][44.756s][info][gc,marking  ] GC(125) Concurrent Scan Root Regions
[2025-03-16T15:59:05.407+0100][44.763s][info][gc,marking  ] GC(125) Concurrent Scan Root Regions 6.788ms
[2025-03-16T15:59:05.407+0100][44.763s][info][gc,marking  ] GC(125) Concurrent Mark
[2025-03-16T15:59:05.407+0100][44.763s][info][gc,marking  ] GC(125) Concurrent Mark From Roots
[2025-03-16T15:59:05.407+0100][44.763s][info][gc,task     ] GC(125) Using 2 workers of 2 for marking
[2025-03-16T15:59:05.501+0100][44.857s][info][gc,start    ] GC(126) Pause Young (Normal) (G1 Evacuation Pause)
[2025-03-16T15:59:05.501+0100][44.857s][info][gc,task     ] GC(126) Using 9 workers of 9 for evacuation
[2025-03-16T15:59:05.509+0100][44.865s][info][gc,phases   ] GC(126)   Pre Evacuate Collection Set: 0.1ms
[2025-03-16T15:59:05.509+0100][44.865s][info][gc,phases   ] GC(126)   Merge Heap Roots: 0.1ms
[2025-03-16T15:59:05.509+0100][44.865s][info][gc,phases   ] GC(126)   Evacuate Collection Set: 7.1ms
[2025-03-16T15:59:05.509+0100][44.865s][info][gc,phases   ] GC(126)   Post Evacuate Collection Set: 0.7ms
[2025-03-16T15:59:05.509+0100][44.865s][info][gc,phases   ] GC(126)   Other: 0.0ms
[2025-03-16T15:59:05.509+0100][44.865s][info][gc,heap     ] GC(126) Eden regions: 21->0(21)
[2025-03-16T15:59:05.509+0100][44.865s][info][gc,heap     ] GC(126) Survivor regions: 4->4(4)
[2025-03-16T15:59:05.509+0100][44.865s][info][gc,heap     ] GC(126) Old regions: 463->469
[2025-03-16T15:59:05.509+0100][44.865s][info][gc,heap     ] GC(126) Humongous regions: 1->1
[2025-03-16T15:59:05.509+0100][44.865s][info][gc,metaspace] GC(126) Metaspace: 27420K(27840K)->27420K(27840K) NonClass: 23807K(24000K)->23807K(24000K) Class: 3612K(3840K)->3612K(3840K)
[2025-03-16T15:59:05.509+0100][44.865s][info][gc          ] GC(126) Pause Young (Normal) (G1 Evacuation Pause) 1949M->1891M(2048M) 8.189ms
[2025-03-16T15:59:05.509+0100][44.865s][info][gc,cpu      ] GC(126) User=0.06s Sys=0.00s Real=0.00s
[2025-03-16T15:59:05.609+0100][44.964s][info][gc,start    ] GC(127) Pause Young (Normal) (G1 Evacuation Pause)
[2025-03-16T15:59:05.609+0100][44.964s][info][gc,task     ] GC(127) Using 9 workers of 9 for evacuation
[2025-03-16T15:59:05.616+0100][44.971s][info][gc,phases   ] GC(127)   Pre Evacuate Collection Set: 0.1ms
[2025-03-16T15:59:05.616+0100][44.971s][info][gc,phases   ] GC(127)   Merge Heap Roots: 0.1ms
[2025-03-16T15:59:05.616+0100][44.971s][info][gc,phases   ] GC(127)   Evacuate Collection Set: 5.9ms
[2025-03-16T15:59:05.616+0100][44.971s][info][gc,phases   ] GC(127)   Post Evacuate Collection Set: 0.6ms
[2025-03-16T15:59:05.616+0100][44.971s][info][gc,phases   ] GC(127)   Other: 0.0ms
[2025-03-16T15:59:05.616+0100][44.971s][info][gc,heap     ] GC(127) Eden regions: 21->0(21)
[2025-03-16T15:59:05.616+0100][44.971s][info][gc,heap     ] GC(127) Survivor regions: 4->4(4)
[2025-03-16T15:59:05.616+0100][44.971s][info][gc,heap     ] GC(127) Old regions: 469->475
[2025-03-16T15:59:05.616+0100][44.971s][info][gc,heap     ] GC(127) Humongous regions: 1->1
[2025-03-16T15:59:05.616+0100][44.971s][info][gc,metaspace] GC(127) Metaspace: 27420K(27840K)->27420K(27840K) NonClass: 23807K(24000K)->23807K(24000K) Class: 3612K(3840K)->3612K(3840K)
[2025-03-16T15:59:05.616+0100][44.971s][info][gc          ] GC(127) Pause Young (Normal) (G1 Evacuation Pause) 1975M->1915M(2048M) 6.917ms
[2025-03-16T15:59:05.616+0100][44.971s][info][gc,cpu      ] GC(127) User=0.05s Sys=0.01s Real=0.01s
[2025-03-16T15:59:05.719+0100][45.074s][info][gc,start    ] GC(128) Pause Young (Normal) (G1 Evacuation Pause)
[2025-03-16T15:59:05.719+0100][45.074s][info][gc,task     ] GC(128) Using 9 workers of 9 for evacuation
[2025-03-16T15:59:05.726+0100][45.082s][info][gc,phases   ] GC(128)   Pre Evacuate Collection Set: 0.1ms
[2025-03-16T15:59:05.726+0100][45.082s][info][gc,phases   ] GC(128)   Merge Heap Roots: 0.1ms
[2025-03-16T15:59:05.726+0100][45.082s][info][gc,phases   ] GC(128)   Evacuate Collection Set: 6.3ms
[2025-03-16T15:59:05.726+0100][45.082s][info][gc,phases   ] GC(128)   Post Evacuate Collection Set: 0.8ms
[2025-03-16T15:59:05.726+0100][45.082s][info][gc,phases   ] GC(128)   Other: 0.0ms
[2025-03-16T15:59:05.726+0100][45.082s][info][gc,heap     ] GC(128) Eden regions: 21->0(21)
[2025-03-16T15:59:05.726+0100][45.082s][info][gc,heap     ] GC(128) Survivor regions: 4->4(4)
[2025-03-16T15:59:05.726+0100][45.082s][info][gc,heap     ] GC(128) Old regions: 475->482
[2025-03-16T15:59:05.726+0100][45.082s][info][gc,heap     ] GC(128) Humongous regions: 1->1
[2025-03-16T15:59:05.726+0100][45.082s][info][gc,metaspace] GC(128) Metaspace: 27420K(27840K)->27420K(27840K) NonClass: 23807K(24000K)->23807K(24000K) Class: 3612K(3840K)->3612K(3840K)
[2025-03-16T15:59:05.726+0100][45.082s][info][gc          ] GC(128) Pause Young (Normal) (G1 Evacuation Pause) 1999M->1942M(2048M) 7.429ms
[2025-03-16T15:59:05.726+0100][45.082s][info][gc,cpu      ] GC(128) User=0.05s Sys=0.00s Real=0.01s
[2025-03-16T15:59:05.824+0100][45.180s][info][gc,start    ] GC(129) Pause Young (Normal) (G1 Evacuation Pause)
[2025-03-16T15:59:05.824+0100][45.180s][info][gc,task     ] GC(129) Using 9 workers of 9 for evacuation
[2025-03-16T15:59:05.833+0100][45.188s][info][gc,phases   ] GC(129)   Pre Evacuate Collection Set: 0.1ms
[2025-03-16T15:59:05.833+0100][45.188s][info][gc,phases   ] GC(129)   Merge Heap Roots: 0.1ms
[2025-03-16T15:59:05.833+0100][45.188s][info][gc,phases   ] GC(129)   Evacuate Collection Set: 6.5ms
[2025-03-16T15:59:05.833+0100][45.188s][info][gc,phases   ] GC(129)   Post Evacuate Collection Set: 1.6ms
[2025-03-16T15:59:05.833+0100][45.188s][info][gc,phases   ] GC(129)   Other: 0.0ms
[2025-03-16T15:59:05.833+0100][45.188s][info][gc,heap     ] GC(129) Eden regions: 21->0(8)
[2025-03-16T15:59:05.833+0100][45.188s][info][gc,heap     ] GC(129) Survivor regions: 4->3(4)
[2025-03-16T15:59:05.833+0100][45.188s][info][gc,heap     ] GC(129) Old regions: 482->497
[2025-03-16T15:59:05.833+0100][45.188s][info][gc,heap     ] GC(129) Humongous regions: 1->1
[2025-03-16T15:59:05.833+0100][45.188s][info][gc,metaspace] GC(129) Metaspace: 27420K(27840K)->27420K(27840K) NonClass: 23807K(24000K)->23807K(24000K) Class: 3612K(3840K)->3612K(3840K)
[2025-03-16T15:59:05.833+0100][45.188s][info][gc          ] GC(129) Pause Young (Normal) (G1 Evacuation Pause) (Evacuation Failure) 2026M->2001M(2048M) 8.444ms
[2025-03-16T15:59:05.833+0100][45.188s][info][gc,cpu      ] GC(129) User=0.06s Sys=0.00s Real=0.01s
[2025-03-16T15:59:05.865+0100][45.221s][info][gc,start    ] GC(130) Pause Young (Normal) (G1 Evacuation Pause)
[2025-03-16T15:59:05.865+0100][45.221s][info][gc,task     ] GC(130) Using 9 workers of 9 for evacuation
[2025-03-16T15:59:05.871+0100][45.227s][info][gc,phases   ] GC(130)   Pre Evacuate Collection Set: 0.1ms
[2025-03-16T15:59:05.871+0100][45.227s][info][gc,phases   ] GC(130)   Merge Heap Roots: 0.1ms
[2025-03-16T15:59:05.871+0100][45.227s][info][gc,phases   ] GC(130)   Evacuate Collection Set: 4.5ms
[2025-03-16T15:59:05.871+0100][45.227s][info][gc,phases   ] GC(130)   Post Evacuate Collection Set: 1.1ms
[2025-03-16T15:59:05.871+0100][45.227s][info][gc,phases   ] GC(130)   Other: 0.0ms
[2025-03-16T15:59:05.871+0100][45.227s][info][gc,heap     ] GC(130) Eden regions: 8->0(0)
[2025-03-16T15:59:05.871+0100][45.227s][info][gc,heap     ] GC(130) Survivor regions: 3->2(2)
[2025-03-16T15:59:05.871+0100][45.227s][info][gc,heap     ] GC(130) Old regions: 497->509
[2025-03-16T15:59:05.871+0100][45.227s][info][gc,heap     ] GC(130) Humongous regions: 1->1
[2025-03-16T15:59:05.871+0100][45.227s][info][gc,metaspace] GC(130) Metaspace: 27421K(27840K)->27421K(27840K) NonClass: 23808K(24000K)->23808K(24000K) Class: 3612K(3840K)->3612K(3840K)
[2025-03-16T15:59:05.871+0100][45.227s][info][gc          ] GC(130) Pause Young (Normal) (G1 Evacuation Pause) (Evacuation Failure) 2033M->2045M(2048M) 5.946ms
[2025-03-16T15:59:05.871+0100][45.227s][info][gc,cpu      ] GC(130) User=0.05s Sys=0.00s Real=0.01s
[2025-03-16T15:59:05.871+0100][45.227s][info][gc,ergo     ] Attempting full compaction
[2025-03-16T15:59:05.871+0100][45.227s][info][gc,start    ] GC(131) Pause Full (G1 Compaction Pause)
[2025-03-16T15:59:05.871+0100][45.227s][info][gc,task     ] GC(131) Using 9 workers of 9 for full compaction
[2025-03-16T15:59:05.875+0100][45.230s][info][gc,phases,start] GC(131) Phase 1: Mark live objects
[2025-03-16T15:59:06.070+0100][45.425s][info][gc,phases      ] GC(131) Phase 1: Mark live objects 195.157ms
[2025-03-16T15:59:06.070+0100][45.425s][info][gc,phases,start] GC(131) Phase 2: Prepare compaction
[2025-03-16T15:59:06.081+0100][45.436s][info][gc,phases      ] GC(131) Phase 2: Prepare compaction 10.697ms
[2025-03-16T15:59:06.081+0100][45.436s][info][gc,phases,start] GC(131) Phase 3: Adjust pointers
[2025-03-16T15:59:06.128+0100][45.483s][info][gc,phases      ] GC(131) Phase 3: Adjust pointers 47.211ms
[2025-03-16T15:59:06.128+0100][45.483s][info][gc,phases,start] GC(131) Phase 4: Compact heap
[2025-03-16T15:59:06.141+0100][45.496s][info][gc,phases      ] GC(131) Phase 4: Compact heap 12.570ms
[2025-03-16T15:59:06.141+0100][45.496s][info][gc,phases,start] GC(131) Phase 5: Reset Metadata
[2025-03-16T15:59:06.163+0100][45.519s][info][gc,phases      ] GC(131) Phase 5: Reset Metadata 22.556ms
[2025-03-16T15:59:06.168+0100][45.523s][info][gc,heap        ] GC(131) Eden regions: 0->0(30)
[2025-03-16T15:59:06.168+0100][45.523s][info][gc,heap        ] GC(131) Survivor regions: 2->0(2)
[2025-03-16T15:59:06.168+0100][45.523s][info][gc,heap        ] GC(131) Old regions: 509->454
[2025-03-16T15:59:06.168+0100][45.523s][info][gc,heap        ] GC(131) Humongous regions: 1->1
[2025-03-16T15:59:06.168+0100][45.523s][info][gc,metaspace   ] GC(131) Metaspace: 27421K(27840K)->27300K(27840K) NonClass: 23808K(24000K)->23721K(24000K) Class: 3612K(3840K)->3578K(3840K)
[2025-03-16T15:59:06.168+0100][45.523s][info][gc             ] GC(131) Pause Full (G1 Compaction Pause) 2045M->1800M(2048M) 296.399ms
[2025-03-16T15:59:06.168+0100][45.523s][info][gc,cpu         ] GC(131) User=2.21s Sys=0.13s Real=0.29s
[2025-03-16T15:59:06.168+0100][45.523s][info][gc,marking     ] GC(125) Concurrent Mark From Roots 760.848ms
[2025-03-16T15:59:06.168+0100][45.523s][info][gc,marking     ] GC(125) Concurrent Mark Abort
[2025-03-16T15:59:06.168+0100][45.523s][info][gc             ] GC(125) Concurrent Mark Cycle 767.727ms
[2025-03-16T15:59:06.287+0100][45.643s][info][gc,start       ] GC(132) Pause Young (Normal) (G1 Evacuation Pause)
[2025-03-16T15:59:06.287+0100][45.643s][info][gc,task        ] GC(132) Using 9 workers of 9 for evacuation
[2025-03-16T15:59:06.295+0100][45.650s][info][gc,phases      ] GC(132)   Pre Evacuate Collection Set: 0.2ms
[2025-03-16T15:59:06.295+0100][45.650s][info][gc,phases      ] GC(132)   Merge Heap Roots: 0.1ms
[2025-03-16T15:59:06.295+0100][45.650s][info][gc,phases      ] GC(132)   Evacuate Collection Set: 6.3ms
[2025-03-16T15:59:06.295+0100][45.650s][info][gc,phases      ] GC(132)   Post Evacuate Collection Set: 0.9ms
[2025-03-16T15:59:06.295+0100][45.650s][info][gc,phases      ] GC(132)   Other: 0.0ms
[2025-03-16T15:59:06.295+0100][45.650s][info][gc,heap        ] GC(132) Eden regions: 30->0(21)
[2025-03-16T15:59:06.295+0100][45.650s][info][gc,heap        ] GC(132) Survivor regions: 0->4(4)
[2025-03-16T15:59:06.295+0100][45.650s][info][gc,heap        ] GC(132) Old regions: 454->461
[2025-03-16T15:59:06.295+0100][45.650s][info][gc,heap        ] GC(132) Humongous regions: 1->1
[2025-03-16T15:59:06.295+0100][45.650s][info][gc,metaspace   ] GC(132) Metaspace: 27300K(27840K)->27300K(27840K) NonClass: 23722K(24000K)->23722K(24000K) Class: 3578K(3840K)->3578K(3840K)
[2025-03-16T15:59:06.295+0100][45.650s][info][gc             ] GC(132) Pause Young (Normal) (G1 Evacuation Pause) 1920M->1840M(2048M) 7.619ms
[2025-03-16T15:59:06.295+0100][45.650s][info][gc,cpu         ] GC(132) User=0.05s Sys=0.00s Real=0.01s
[2025-03-16T15:59:06.381+0100][45.737s][info][gc,start       ] GC(133) Pause Young (Concurrent Start) (G1 Evacuation Pause)
[2025-03-16T15:59:06.381+0100][45.737s][info][gc,task        ] GC(133) Using 9 workers of 9 for evacuation
[2025-03-16T15:59:06.388+0100][45.743s][info][gc,phases      ] GC(133)   Pre Evacuate Collection Set: 0.1ms
[2025-03-16T15:59:06.388+0100][45.743s][info][gc,phases      ] GC(133)   Merge Heap Roots: 0.1ms
[2025-03-16T15:59:06.388+0100][45.743s][info][gc,phases      ] GC(133)   Evacuate Collection Set: 5.5ms
[2025-03-16T15:59:06.388+0100][45.743s][info][gc,phases      ] GC(133)   Post Evacuate Collection Set: 0.5ms
[2025-03-16T15:59:06.388+0100][45.743s][info][gc,phases      ] GC(133)   Other: 0.1ms
[2025-03-16T15:59:06.388+0100][45.743s][info][gc,heap        ] GC(133) Eden regions: 21->0(21)
[2025-03-16T15:59:06.388+0100][45.743s][info][gc,heap        ] GC(133) Survivor regions: 4->4(4)
[2025-03-16T15:59:06.388+0100][45.743s][info][gc,heap        ] GC(133) Old regions: 461->466
[2025-03-16T15:59:06.388+0100][45.743s][info][gc,heap        ] GC(133) Humongous regions: 1->1
[2025-03-16T15:59:06.388+0100][45.743s][info][gc,metaspace   ] GC(133) Metaspace: 27300K(27840K)->27300K(27840K) NonClass: 23722K(24000K)->23722K(24000K) Class: 3578K(3840K)->3578K(3840K)
[2025-03-16T15:59:06.388+0100][45.743s][info][gc             ] GC(133) Pause Young (Concurrent Start) (G1 Evacuation Pause) 1924M->1862M(2048M) 6.484ms
[2025-03-16T15:59:06.388+0100][45.743s][info][gc,cpu         ] GC(133) User=0.05s Sys=0.00s Real=0.00s
[2025-03-16T15:59:06.388+0100][45.743s][info][gc             ] GC(134) Concurrent Mark Cycle
[2025-03-16T15:59:06.388+0100][45.743s][info][gc,marking     ] GC(134) Concurrent Scan Root Regions
[2025-03-16T15:59:06.394+0100][45.750s][info][gc,marking     ] GC(134) Concurrent Scan Root Regions 6.008ms
[2025-03-16T15:59:06.394+0100][45.750s][info][gc,marking     ] GC(134) Concurrent Mark
[2025-03-16T15:59:06.394+0100][45.750s][info][gc,marking     ] GC(134) Concurrent Mark From Roots
[2025-03-16T15:59:06.394+0100][45.750s][info][gc,task        ] GC(134) Using 2 workers of 2 for marking
[2025-03-16T15:59:06.476+0100][45.831s][info][gc,start       ] GC(135) Pause Young (Normal) (G1 Evacuation Pause)
[2025-03-16T15:59:06.476+0100][45.831s][info][gc,task        ] GC(135) Using 9 workers of 9 for evacuation
[2025-03-16T15:59:06.484+0100][45.840s][info][gc,phases      ] GC(135)   Pre Evacuate Collection Set: 0.1ms
[2025-03-16T15:59:06.484+0100][45.840s][info][gc,phases      ] GC(135)   Merge Heap Roots: 0.1ms
[2025-03-16T15:59:06.484+0100][45.840s][info][gc,phases      ] GC(135)   Evacuate Collection Set: 7.4ms
[2025-03-16T15:59:06.484+0100][45.840s][info][gc,phases      ] GC(135)   Post Evacuate Collection Set: 0.6ms
[2025-03-16T15:59:06.484+0100][45.840s][info][gc,phases      ] GC(135)   Other: 0.0ms
[2025-03-16T15:59:06.484+0100][45.840s][info][gc,heap        ] GC(135) Eden regions: 21->0(21)
[2025-03-16T15:59:06.484+0100][45.840s][info][gc,heap        ] GC(135) Survivor regions: 4->4(4)
[2025-03-16T15:59:06.484+0100][45.840s][info][gc,heap        ] GC(135) Old regions: 466->473
[2025-03-16T15:59:06.484+0100][45.840s][info][gc,heap        ] GC(135) Humongous regions: 1->1
[2025-03-16T15:59:06.484+0100][45.840s][info][gc,metaspace   ] GC(135) Metaspace: 27301K(27840K)->27301K(27840K) NonClass: 23722K(24000K)->23722K(24000K) Class: 3578K(3840K)->3578K(3840K)
[2025-03-16T15:59:06.484+0100][45.840s][info][gc             ] GC(135) Pause Young (Normal) (G1 Evacuation Pause) 1946M->1892M(2048M) 8.406ms
[2025-03-16T15:59:06.484+0100][45.840s][info][gc,cpu         ] GC(135) User=0.06s Sys=0.00s Real=0.01s
[2025-03-16T15:59:06.592+0100][45.947s][info][gc,start       ] GC(136) Pause Young (Normal) (G1 Evacuation Pause)
[2025-03-16T15:59:06.592+0100][45.947s][info][gc,task        ] GC(136) Using 9 workers of 9 for evacuation
[2025-03-16T15:59:06.599+0100][45.955s][info][gc,phases      ] GC(136)   Pre Evacuate Collection Set: 0.1ms
[2025-03-16T15:59:06.599+0100][45.955s][info][gc,phases      ] GC(136)   Merge Heap Roots: 0.1ms
[2025-03-16T15:59:06.599+0100][45.955s][info][gc,phases      ] GC(136)   Evacuate Collection Set: 6.3ms
[2025-03-16T15:59:06.599+0100][45.955s][info][gc,phases      ] GC(136)   Post Evacuate Collection Set: 0.6ms
[2025-03-16T15:59:06.599+0100][45.955s][info][gc,phases      ] GC(136)   Other: 0.0ms
[2025-03-16T15:59:06.599+0100][45.955s][info][gc,heap        ] GC(136) Eden regions: 21->0(21)
[2025-03-16T15:59:06.599+0100][45.955s][info][gc,heap        ] GC(136) Survivor regions: 4->4(4)
[2025-03-16T15:59:06.599+0100][45.955s][info][gc,heap        ] GC(136) Old regions: 473->479
[2025-03-16T15:59:06.599+0100][45.955s][info][gc,heap        ] GC(136) Humongous regions: 1->1
[2025-03-16T15:59:06.599+0100][45.955s][info][gc,metaspace   ] GC(136) Metaspace: 27301K(27840K)->27301K(27840K) NonClass: 23722K(24000K)->23722K(24000K) Class: 3578K(3840K)->3578K(3840K)
[2025-03-16T15:59:06.599+0100][45.955s][info][gc             ] GC(136) Pause Young (Normal) (G1 Evacuation Pause) 1976M->1916M(2048M) 7.330ms
[2025-03-16T15:59:06.599+0100][45.955s][info][gc,cpu         ] GC(136) User=0.05s Sys=0.01s Real=0.00s
[2025-03-16T15:59:06.703+0100][46.058s][info][gc,start       ] GC(137) Pause Young (Normal) (G1 Evacuation Pause)
[2025-03-16T15:59:06.703+0100][46.058s][info][gc,task        ] GC(137) Using 9 workers of 9 for evacuation
[2025-03-16T15:59:06.711+0100][46.067s][info][gc,phases      ] GC(137)   Pre Evacuate Collection Set: 0.1ms
[2025-03-16T15:59:06.711+0100][46.067s][info][gc,phases      ] GC(137)   Merge Heap Roots: 0.1ms
[2025-03-16T15:59:06.711+0100][46.067s][info][gc,phases      ] GC(137)   Evacuate Collection Set: 6.9ms
[2025-03-16T15:59:06.711+0100][46.067s][info][gc,phases      ] GC(137)   Post Evacuate Collection Set: 1.6ms
[2025-03-16T15:59:06.711+0100][46.067s][info][gc,phases      ] GC(137)   Other: 0.0ms
[2025-03-16T15:59:06.712+0100][46.067s][info][gc,heap        ] GC(137) Eden regions: 21->0(1)
[2025-03-16T15:59:06.712+0100][46.067s][info][gc,heap        ] GC(137) Survivor regions: 4->4(4)
[2025-03-16T15:59:06.712+0100][46.067s][info][gc,heap        ] GC(137) Old regions: 479->502
[2025-03-16T15:59:06.712+0100][46.067s][info][gc,heap        ] GC(137) Humongous regions: 1->1
[2025-03-16T15:59:06.712+0100][46.067s][info][gc,metaspace   ] GC(137) Metaspace: 27301K(27840K)->27301K(27840K) NonClass: 23722K(24000K)->23722K(24000K) Class: 3578K(3840K)->3578K(3840K)
[2025-03-16T15:59:06.712+0100][46.067s][info][gc             ] GC(137) Pause Young (Normal) (G1 Evacuation Pause) (Evacuation Failure) 2000M->2008M(2048M) 8.875ms
[2025-03-16T15:59:06.712+0100][46.067s][info][gc,cpu         ] GC(137) User=0.07s Sys=0.00s Real=0.01s
[2025-03-16T15:59:06.716+0100][46.072s][info][gc,start       ] GC(138) Pause Young (Normal) (G1 Evacuation Pause)
[2025-03-16T15:59:06.716+0100][46.072s][info][gc,task        ] GC(138) Using 9 workers of 9 for evacuation
[2025-03-16T15:59:06.720+0100][46.075s][info][gc,phases      ] GC(138)   Pre Evacuate Collection Set: 0.1ms
[2025-03-16T15:59:06.720+0100][46.075s][info][gc,phases      ] GC(138)   Merge Heap Roots: 0.0ms
[2025-03-16T15:59:06.720+0100][46.075s][info][gc,phases      ] GC(138)   Evacuate Collection Set: 2.8ms
[2025-03-16T15:59:06.720+0100][46.075s][info][gc,phases      ] GC(138)   Post Evacuate Collection Set: 0.5ms
[2025-03-16T15:59:06.720+0100][46.075s][info][gc,phases      ] GC(138)   Other: 0.0ms
[2025-03-16T15:59:06.720+0100][46.075s][info][gc,heap        ] GC(138) Eden regions: 1->0(0)
[2025-03-16T15:59:06.720+0100][46.075s][info][gc,heap        ] GC(138) Survivor regions: 4->1(1)
[2025-03-16T15:59:06.720+0100][46.075s][info][gc,heap        ] GC(138) Old regions: 502->509
[2025-03-16T15:59:06.720+0100][46.075s][info][gc,heap        ] GC(138) Humongous regions: 1->1
[2025-03-16T15:59:06.720+0100][46.075s][info][gc,metaspace   ] GC(138) Metaspace: 27301K(27840K)->27301K(27840K) NonClass: 23722K(24000K)->23722K(24000K) Class: 3578K(3840K)->3578K(3840K)
[2025-03-16T15:59:06.720+0100][46.075s][info][gc             ] GC(138) Pause Young (Normal) (G1 Evacuation Pause) (Evacuation Failure) 2012M->2022M(2048M) 3.625ms
[2025-03-16T15:59:06.720+0100][46.075s][info][gc,cpu         ] GC(138) User=0.02s Sys=0.00s Real=0.01s
[2025-03-16T15:59:06.720+0100][46.075s][info][gc,ergo        ] Attempting full compaction
[2025-03-16T15:59:06.720+0100][46.075s][info][gc,start       ] GC(139) Pause Full (G1 Compaction Pause)
[2025-03-16T15:59:06.720+0100][46.075s][info][gc,task        ] GC(139) Using 9 workers of 9 for full compaction
[2025-03-16T15:59:06.722+0100][46.078s][info][gc,phases,start] GC(139) Phase 1: Mark live objects
[2025-03-16T15:59:06.931+0100][46.287s][info][gc,phases      ] GC(139) Phase 1: Mark live objects 209.097ms
[2025-03-16T15:59:06.932+0100][46.287s][info][gc,phases,start] GC(139) Phase 2: Prepare compaction
[2025-03-16T15:59:06.934+0100][46.289s][info][gc,phases      ] GC(139) Phase 2: Prepare compaction 2.006ms
[2025-03-16T15:59:06.934+0100][46.289s][info][gc,phases,start] GC(139) Phase 3: Adjust pointers
[2025-03-16T15:59:06.980+0100][46.335s][info][gc,phases      ] GC(139) Phase 3: Adjust pointers 46.229ms
[2025-03-16T15:59:06.980+0100][46.335s][info][gc,phases,start] GC(139) Phase 4: Compact heap
[2025-03-16T15:59:06.982+0100][46.338s][info][gc,phases      ] GC(139) Phase 4: Compact heap 2.360ms
[2025-03-16T15:59:06.982+0100][46.338s][info][gc,phases,start] GC(139) Phase 5: Reset Metadata
[2025-03-16T15:59:07.010+0100][46.366s][info][gc,phases      ] GC(139) Phase 5: Reset Metadata 28.205ms
[2025-03-16T15:59:07.015+0100][46.370s][info][gc,heap        ] GC(139) Eden regions: 0->0(25)
[2025-03-16T15:59:07.015+0100][46.370s][info][gc,heap        ] GC(139) Survivor regions: 1->0(1)
[2025-03-16T15:59:07.015+0100][46.370s][info][gc,heap        ] GC(139) Old regions: 509->486
[2025-03-16T15:59:07.015+0100][46.370s][info][gc,heap        ] GC(139) Humongous regions: 1->1
[2025-03-16T15:59:07.015+0100][46.370s][info][gc,metaspace   ] GC(139) Metaspace: 27301K(27840K)->27301K(27840K) NonClass: 23722K(24000K)->23722K(24000K) Class: 3578K(3840K)->3578K(3840K)
[2025-03-16T15:59:07.015+0100][46.370s][info][gc             ] GC(139) Pause Full (G1 Compaction Pause) 2022M->1928M(2048M) 294.790ms
[2025-03-16T15:59:07.015+0100][46.370s][info][gc,cpu         ] GC(139) User=2.27s Sys=0.12s Real=0.29s
[2025-03-16T15:59:07.015+0100][46.370s][info][gc,marking     ] GC(134) Concurrent Mark From Roots 620.836ms
[2025-03-16T15:59:07.015+0100][46.370s][info][gc,marking     ] GC(134) Concurrent Mark Abort
[2025-03-16T15:59:07.015+0100][46.370s][info][gc             ] GC(134) Concurrent Mark Cycle 626.961ms
[2025-03-16T15:59:07.110+0100][46.465s][info][gc,start       ] GC(140) Pause Young (Normal) (G1 Evacuation Pause)
[2025-03-16T15:59:07.110+0100][46.465s][info][gc,task        ] GC(140) Using 9 workers of 9 for evacuation
[2025-03-16T15:59:07.118+0100][46.474s][info][gc,phases      ] GC(140)   Pre Evacuate Collection Set: 0.1ms
[2025-03-16T15:59:07.118+0100][46.474s][info][gc,phases      ] GC(140)   Merge Heap Roots: 0.1ms
[2025-03-16T15:59:07.118+0100][46.474s][info][gc,phases      ] GC(140)   Evacuate Collection Set: 5.8ms
[2025-03-16T15:59:07.118+0100][46.474s][info][gc,phases      ] GC(140)   Post Evacuate Collection Set: 1.9ms
[2025-03-16T15:59:07.118+0100][46.474s][info][gc,phases      ] GC(140)   Other: 0.0ms
[2025-03-16T15:59:07.118+0100][46.474s][info][gc,heap        ] GC(140) Eden regions: 25->0(1)
[2025-03-16T15:59:07.118+0100][46.474s][info][gc,heap        ] GC(140) Survivor regions: 0->0(0)
[2025-03-16T15:59:07.118+0100][46.474s][info][gc,heap        ] GC(140) Old regions: 486->510
[2025-03-16T15:59:07.118+0100][46.474s][info][gc,heap        ] GC(140) Humongous regions: 1->1
[2025-03-16T15:59:07.118+0100][46.474s][info][gc,metaspace   ] GC(140) Metaspace: 27302K(27840K)->27302K(27840K) NonClass: 23724K(24000K)->23724K(24000K) Class: 3578K(3840K)->3578K(3840K)
[2025-03-16T15:59:07.118+0100][46.474s][info][gc             ] GC(140) Pause Young (Normal) (G1 Evacuation Pause) (Evacuation Failure) 2028M->2024M(2048M) 8.214ms
[2025-03-16T15:59:07.118+0100][46.474s][info][gc,cpu         ] GC(140) User=0.06s Sys=0.00s Real=0.00s
[2025-03-16T15:59:07.123+0100][46.479s][info][gc,start       ] GC(141) Pause Young (Concurrent Start) (G1 Evacuation Pause)
[2025-03-16T15:59:07.123+0100][46.479s][info][gc,task        ] GC(141) Using 9 workers of 9 for evacuation
[2025-03-16T15:59:07.124+0100][46.480s][info][gc,phases      ] GC(141)   Pre Evacuate Collection Set: 0.1ms
[2025-03-16T15:59:07.124+0100][46.480s][info][gc,phases      ] GC(141)   Merge Heap Roots: 0.0ms
[2025-03-16T15:59:07.124+0100][46.480s][info][gc,phases      ] GC(141)   Evacuate Collection Set: 0.4ms
[2025-03-16T15:59:07.124+0100][46.480s][info][gc,phases      ] GC(141)   Post Evacuate Collection Set: 0.3ms
[2025-03-16T15:59:07.124+0100][46.480s][info][gc,phases      ] GC(141)   Other: 0.0ms
[2025-03-16T15:59:07.124+0100][46.480s][info][gc,heap        ] GC(141) Eden regions: 1->0(0)
[2025-03-16T15:59:07.124+0100][46.480s][info][gc,heap        ] GC(141) Survivor regions: 0->0(0)
[2025-03-16T15:59:07.124+0100][46.480s][info][gc,heap        ] GC(141) Old regions: 510->511
[2025-03-16T15:59:07.124+0100][46.480s][info][gc,heap        ] GC(141) Humongous regions: 1->1
[2025-03-16T15:59:07.124+0100][46.480s][info][gc,metaspace   ] GC(141) Metaspace: 27302K(27840K)->27302K(27840K) NonClass: 23724K(24000K)->23724K(24000K) Class: 3578K(3840K)->3578K(3840K)
[2025-03-16T15:59:07.124+0100][46.480s][info][gc             ] GC(141) Pause Young (Concurrent Start) (G1 Evacuation Pause) (Evacuation Failure) 2028M->2028M(2048M) 0.967ms
[2025-03-16T15:59:07.124+0100][46.480s][info][gc,cpu         ] GC(141) User=0.01s Sys=0.01s Real=0.00s
[2025-03-16T15:59:07.124+0100][46.480s][info][gc,ergo        ] Attempting full compaction
[2025-03-16T15:59:07.124+0100][46.480s][info][gc,start       ] GC(142) Pause Full (G1 Compaction Pause)
[2025-03-16T15:59:07.124+0100][46.480s][info][gc             ] GC(143) Concurrent Mark Cycle
[2025-03-16T15:59:07.124+0100][46.480s][info][gc,task        ] GC(142) Using 9 workers of 9 for full compaction
[2025-03-16T15:59:07.124+0100][46.480s][info][gc,marking     ] GC(143) Concurrent Scan Root Regions
[2025-03-16T15:59:07.124+0100][46.480s][info][gc,marking     ] GC(143) Concurrent Scan Root Regions 0.051ms
[2025-03-16T15:59:07.125+0100][46.480s][info][gc,phases,start] GC(142) Phase 1: Mark live objects
[2025-03-16T15:59:07.441+0100][46.796s][info][gc,phases      ] GC(142) Phase 1: Mark live objects 316.154ms
[2025-03-16T15:59:07.441+0100][46.796s][info][gc,phases,start] GC(142) Phase 2: Prepare compaction
[2025-03-16T15:59:07.444+0100][46.799s][info][gc,phases      ] GC(142) Phase 2: Prepare compaction 2.688ms
[2025-03-16T15:59:07.444+0100][46.799s][info][gc,phases,start] GC(142) Phase 3: Adjust pointers
[2025-03-16T15:59:07.493+0100][46.849s][info][gc,phases      ] GC(142) Phase 3: Adjust pointers 49.817ms
[2025-03-16T15:59:07.493+0100][46.849s][info][gc,phases,start] GC(142) Phase 4: Compact heap
[2025-03-16T15:59:07.496+0100][46.852s][info][gc,phases      ] GC(142) Phase 4: Compact heap 2.596ms
[2025-03-16T15:59:07.496+0100][46.852s][info][gc,phases,start] GC(142) Phase 5: Reset Metadata
[2025-03-16T15:59:07.525+0100][46.881s][info][gc,phases      ] GC(142) Phase 5: Reset Metadata 29.299ms
[2025-03-16T15:59:07.530+0100][46.885s][info][gc,heap        ] GC(142) Eden regions: 0->0(19)
[2025-03-16T15:59:07.530+0100][46.885s][info][gc,heap        ] GC(142) Survivor regions: 0->0(0)
[2025-03-16T15:59:07.530+0100][46.885s][info][gc,heap        ] GC(142) Old regions: 511->492
[2025-03-16T15:59:07.530+0100][46.885s][info][gc,heap        ] GC(142) Humongous regions: 1->1
[2025-03-16T15:59:07.530+0100][46.885s][info][gc,metaspace   ] GC(142) Metaspace: 27302K(27840K)->27302K(27840K) NonClass: 23724K(24000K)->23724K(24000K) Class: 3578K(3840K)->3578K(3840K)
[2025-03-16T15:59:07.530+0100][46.885s][info][gc             ] GC(142) Pause Full (G1 Compaction Pause) 2028M->1952M(2048M) 405.561ms
[2025-03-16T15:59:07.530+0100][46.885s][info][gc,cpu         ] GC(142) User=3.13s Sys=0.10s Real=0.41s
[2025-03-16T15:59:07.530+0100][46.886s][info][gc,marking     ] GC(143) Concurrent Mark Abort
[2025-03-16T15:59:07.530+0100][46.886s][info][gc             ] GC(143) Concurrent Mark Cycle 405.667ms
[2025-03-16T15:59:07.586+0100][46.941s][info][gc,start       ] GC(144) Pause Young (Normal) (G1 Evacuation Pause)
[2025-03-16T15:59:07.586+0100][46.942s][info][gc,task        ] GC(144) Using 9 workers of 9 for evacuation
[2025-03-16T15:59:07.592+0100][46.947s][info][gc,phases      ] GC(144)   Pre Evacuate Collection Set: 0.1ms
[2025-03-16T15:59:07.592+0100][46.947s][info][gc,phases      ] GC(144)   Merge Heap Roots: 0.1ms
[2025-03-16T15:59:07.592+0100][46.947s][info][gc,phases      ] GC(144)   Evacuate Collection Set: 4.0ms
[2025-03-16T15:59:07.592+0100][46.947s][info][gc,phases      ] GC(144)   Post Evacuate Collection Set: 1.7ms
[2025-03-16T15:59:07.592+0100][46.947s][info][gc,phases      ] GC(144)   Other: 0.0ms
[2025-03-16T15:59:07.592+0100][46.948s][info][gc,heap        ] GC(144) Eden regions: 19->0(0)
[2025-03-16T15:59:07.592+0100][46.948s][info][gc,heap        ] GC(144) Survivor regions: 0->0(0)
[2025-03-16T15:59:07.592+0100][46.948s][info][gc,heap        ] GC(144) Old regions: 492->511
[2025-03-16T15:59:07.592+0100][46.948s][info][gc,heap        ] GC(144) Humongous regions: 1->1
[2025-03-16T15:59:07.592+0100][46.948s][info][gc,metaspace   ] GC(144) Metaspace: 27302K(27840K)->27302K(27840K) NonClass: 23724K(24000K)->23724K(24000K) Class: 3578K(3840K)->3578K(3840K)
[2025-03-16T15:59:07.592+0100][46.948s][info][gc             ] GC(144) Pause Young (Normal) (G1 Evacuation Pause) (Evacuation Failure) 2028M->2028M(2048M) 6.054ms
[2025-03-16T15:59:07.592+0100][46.948s][info][gc,cpu         ] GC(144) User=0.04s Sys=0.00s Real=0.01s
[2025-03-16T15:59:07.592+0100][46.948s][info][gc,ergo        ] Attempting full compaction
[2025-03-16T15:59:07.592+0100][46.948s][info][gc,start       ] GC(145) Pause Full (G1 Compaction Pause)
[2025-03-16T15:59:07.592+0100][46.948s][info][gc,task        ] GC(145) Using 9 workers of 9 for full compaction
[2025-03-16T15:59:07.592+0100][46.948s][info][gc,phases,start] GC(145) Phase 1: Mark live objects
[2025-03-16T15:59:07.930+0100][47.285s][info][gc,phases      ] GC(145) Phase 1: Mark live objects 337.741ms
[2025-03-16T15:59:07.930+0100][47.285s][info][gc,phases,start] GC(145) Phase 2: Prepare compaction
[2025-03-16T15:59:07.932+0100][47.287s][info][gc,phases      ] GC(145) Phase 2: Prepare compaction 1.654ms
[2025-03-16T15:59:07.932+0100][47.287s][info][gc,phases,start] GC(145) Phase 3: Adjust pointers
[2025-03-16T15:59:07.978+0100][47.334s][info][gc,phases      ] GC(145) Phase 3: Adjust pointers 46.521ms
[2025-03-16T15:59:07.978+0100][47.334s][info][gc,phases,start] GC(145) Phase 4: Compact heap
[2025-03-16T15:59:07.980+0100][47.335s][info][gc,phases      ] GC(145) Phase 4: Compact heap 1.615ms
[2025-03-16T15:59:07.980+0100][47.335s][info][gc,phases,start] GC(145) Phase 5: Reset Metadata
[2025-03-16T15:59:08.009+0100][47.364s][info][gc,phases      ] GC(145) Phase 5: Reset Metadata 28.950ms
[2025-03-16T15:59:08.013+0100][47.369s][info][gc,heap        ] GC(145) Eden regions: 0->0(14)
[2025-03-16T15:59:08.013+0100][47.369s][info][gc,heap        ] GC(145) Survivor regions: 0->0(0)
[2025-03-16T15:59:08.013+0100][47.369s][info][gc,heap        ] GC(145) Old regions: 511->497
[2025-03-16T15:59:08.013+0100][47.369s][info][gc,heap        ] GC(145) Humongous regions: 1->1
[2025-03-16T15:59:08.013+0100][47.369s][info][gc,metaspace   ] GC(145) Metaspace: 27302K(27840K)->27302K(27840K) NonClass: 23724K(24000K)->23724K(24000K) Class: 3578K(3840K)->3578K(3840K)
[2025-03-16T15:59:08.013+0100][47.369s][info][gc             ] GC(145) Pause Full (G1 Compaction Pause) 2028M->1970M(2048M) 421.166ms
[2025-03-16T15:59:08.013+0100][47.369s][info][gc,cpu         ] GC(145) User=3.36s Sys=0.15s Real=0.42s
[2025-03-16T15:59:08.058+0100][47.414s][info][gc,start       ] GC(146) Pause Young (Concurrent Start) (G1 Evacuation Pause)
[2025-03-16T15:59:08.058+0100][47.414s][info][gc,task        ] GC(146) Using 9 workers of 9 for evacuation
[2025-03-16T15:59:08.062+0100][47.418s][info][gc,phases      ] GC(146)   Pre Evacuate Collection Set: 0.1ms
[2025-03-16T15:59:08.062+0100][47.418s][info][gc,phases      ] GC(146)   Merge Heap Roots: 0.1ms
[2025-03-16T15:59:08.062+0100][47.418s][info][gc,phases      ] GC(146)   Evacuate Collection Set: 2.6ms
[2025-03-16T15:59:08.062+0100][47.418s][info][gc,phases      ] GC(146)   Post Evacuate Collection Set: 1.0ms
[2025-03-16T15:59:08.062+0100][47.418s][info][gc,phases      ] GC(146)   Other: 0.0ms
[2025-03-16T15:59:08.062+0100][47.418s][info][gc,heap        ] GC(146) Eden regions: 14->0(0)
[2025-03-16T15:59:08.062+0100][47.418s][info][gc,heap        ] GC(146) Survivor regions: 0->0(0)
[2025-03-16T15:59:08.062+0100][47.418s][info][gc,heap        ] GC(146) Old regions: 497->511
[2025-03-16T15:59:08.062+0100][47.418s][info][gc,heap        ] GC(146) Humongous regions: 1->1
[2025-03-16T15:59:08.062+0100][47.418s][info][gc,metaspace   ] GC(146) Metaspace: 27302K(27840K)->27302K(27840K) NonClass: 23724K(24000K)->23724K(24000K) Class: 3578K(3840K)->3578K(3840K)
[2025-03-16T15:59:08.062+0100][47.418s][info][gc             ] GC(146) Pause Young (Concurrent Start) (G1 Evacuation Pause) (Evacuation Failure) 2026M->2026M(2048M) 4.007ms
[2025-03-16T15:59:08.062+0100][47.418s][info][gc,cpu         ] GC(146) User=0.03s Sys=0.00s Real=0.01s
[2025-03-16T15:59:08.062+0100][47.418s][info][gc,ergo        ] Attempting full compaction
[2025-03-16T15:59:08.062+0100][47.418s][info][gc,start       ] GC(147) Pause Full (G1 Compaction Pause)
[2025-03-16T15:59:08.062+0100][47.418s][info][gc             ] GC(148) Concurrent Mark Cycle
[2025-03-16T15:59:08.062+0100][47.418s][info][gc,task        ] GC(147) Using 9 workers of 9 for full compaction
[2025-03-16T15:59:08.062+0100][47.418s][info][gc,marking     ] GC(148) Concurrent Scan Root Regions
[2025-03-16T15:59:08.063+0100][47.418s][info][gc,marking     ] GC(148) Concurrent Scan Root Regions 0.043ms
[2025-03-16T15:59:08.063+0100][47.418s][info][gc,phases,start] GC(147) Phase 1: Mark live objects
[2025-03-16T15:59:08.276+0100][47.632s][info][gc,phases      ] GC(147) Phase 1: Mark live objects 213.412ms
[2025-03-16T15:59:08.276+0100][47.632s][info][gc,phases,start] GC(147) Phase 2: Prepare compaction
[2025-03-16T15:59:08.277+0100][47.633s][info][gc,phases      ] GC(147) Phase 2: Prepare compaction 1.057ms
[2025-03-16T15:59:08.277+0100][47.633s][info][gc,phases,start] GC(147) Phase 3: Adjust pointers
[2025-03-16T15:59:08.325+0100][47.680s][info][gc,phases      ] GC(147) Phase 3: Adjust pointers 47.433ms
[2025-03-16T15:59:08.325+0100][47.680s][info][gc,phases,start] GC(147) Phase 4: Compact heap
[2025-03-16T15:59:08.326+0100][47.682s][info][gc,phases      ] GC(147) Phase 4: Compact heap 1.165ms
[2025-03-16T15:59:08.326+0100][47.682s][info][gc,phases,start] GC(147) Phase 5: Reset Metadata
[2025-03-16T15:59:08.356+0100][47.712s][info][gc,phases      ] GC(147) Phase 5: Reset Metadata 29.988ms
[2025-03-16T15:59:08.361+0100][47.716s][info][gc,heap        ] GC(147) Eden regions: 0->0(13)
[2025-03-16T15:59:08.361+0100][47.716s][info][gc,heap        ] GC(147) Survivor regions: 0->0(0)
[2025-03-16T15:59:08.361+0100][47.716s][info][gc,heap        ] GC(147) Old regions: 511->498
[2025-03-16T15:59:08.361+0100][47.716s][info][gc,heap        ] GC(147) Humongous regions: 1->1
[2025-03-16T15:59:08.361+0100][47.716s][info][gc,metaspace   ] GC(147) Metaspace: 27302K(27840K)->27302K(27840K) NonClass: 23724K(24000K)->23724K(24000K) Class: 3578K(3840K)->3578K(3840K)
[2025-03-16T15:59:08.361+0100][47.717s][info][gc             ] GC(147) Pause Full (G1 Compaction Pause) 2026M->1979M(2048M) 298.497ms
[2025-03-16T15:59:08.361+0100][47.717s][info][gc,cpu         ] GC(147) User=2.30s Sys=0.13s Real=0.30s
[2025-03-16T15:59:08.361+0100][47.717s][info][gc,marking     ] GC(148) Concurrent Mark Abort
[2025-03-16T15:59:08.361+0100][47.717s][info][gc             ] GC(148) Concurrent Mark Cycle 298.626ms
[2025-03-16T15:59:08.403+0100][47.759s][info][gc,start       ] GC(149) Pause Young (Normal) (G1 Evacuation Pause)
[2025-03-16T15:59:08.403+0100][47.759s][info][gc,task        ] GC(149) Using 9 workers of 9 for evacuation
[2025-03-16T15:59:08.408+0100][47.764s][info][gc,phases      ] GC(149)   Pre Evacuate Collection Set: 0.1ms
[2025-03-16T15:59:08.408+0100][47.764s][info][gc,phases      ] GC(149)   Merge Heap Roots: 0.1ms
[2025-03-16T15:59:08.408+0100][47.764s][info][gc,phases      ] GC(149)   Evacuate Collection Set: 3.5ms
[2025-03-16T15:59:08.408+0100][47.764s][info][gc,phases      ] GC(149)   Post Evacuate Collection Set: 1.3ms
[2025-03-16T15:59:08.408+0100][47.764s][info][gc,phases      ] GC(149)   Other: 0.1ms
[2025-03-16T15:59:08.408+0100][47.764s][info][gc,heap        ] GC(149) Eden regions: 13->0(0)
[2025-03-16T15:59:08.408+0100][47.764s][info][gc,heap        ] GC(149) Survivor regions: 0->0(0)
[2025-03-16T15:59:08.408+0100][47.764s][info][gc,heap        ] GC(149) Old regions: 498->511
[2025-03-16T15:59:08.408+0100][47.764s][info][gc,heap        ] GC(149) Humongous regions: 1->1
[2025-03-16T15:59:08.408+0100][47.764s][info][gc,metaspace   ] GC(149) Metaspace: 27302K(27840K)->27302K(27840K) NonClass: 23724K(24000K)->23724K(24000K) Class: 3578K(3840K)->3578K(3840K)
[2025-03-16T15:59:08.408+0100][47.764s][info][gc             ] GC(149) Pause Young (Normal) (G1 Evacuation Pause) (Evacuation Failure) 2031M->2031M(2048M) 5.175ms
[2025-03-16T15:59:08.408+0100][47.764s][info][gc,cpu         ] GC(149) User=0.03s Sys=0.00s Real=0.00s
[2025-03-16T15:59:08.408+0100][47.764s][info][gc,ergo        ] Attempting full compaction
[2025-03-16T15:59:08.408+0100][47.764s][info][gc,start       ] GC(150) Pause Full (G1 Compaction Pause)
[2025-03-16T15:59:08.408+0100][47.764s][info][gc,task        ] GC(150) Using 9 workers of 9 for full compaction
[2025-03-16T15:59:08.408+0100][47.764s][info][gc,phases,start] GC(150) Phase 1: Mark live objects
[2025-03-16T15:59:08.767+0100][48.123s][info][gc,phases      ] GC(150) Phase 1: Mark live objects 358.629ms
[2025-03-16T15:59:08.767+0100][48.123s][info][gc,phases,start] GC(150) Phase 2: Prepare compaction
[2025-03-16T15:59:08.768+0100][48.124s][info][gc,phases      ] GC(150) Phase 2: Prepare compaction 1.066ms
[2025-03-16T15:59:08.768+0100][48.124s][info][gc,phases,start] GC(150) Phase 3: Adjust pointers
[2025-03-16T15:59:08.815+0100][48.171s][info][gc,phases      ] GC(150) Phase 3: Adjust pointers 46.972ms
[2025-03-16T15:59:08.815+0100][48.171s][info][gc,phases,start] GC(150) Phase 4: Compact heap
[2025-03-16T15:59:08.816+0100][48.172s][info][gc,phases      ] GC(150) Phase 4: Compact heap 1.290ms
[2025-03-16T15:59:08.817+0100][48.172s][info][gc,phases,start] GC(150) Phase 5: Reset Metadata
[2025-03-16T15:59:08.847+0100][48.202s][info][gc,phases      ] GC(150) Phase 5: Reset Metadata 30.138ms
[2025-03-16T15:59:08.851+0100][48.207s][info][gc,heap        ] GC(150) Eden regions: 0->0(10)
[2025-03-16T15:59:08.851+0100][48.207s][info][gc,heap        ] GC(150) Survivor regions: 0->0(0)
[2025-03-16T15:59:08.851+0100][48.207s][info][gc,heap        ] GC(150) Old regions: 511->501
[2025-03-16T15:59:08.851+0100][48.207s][info][gc,heap        ] GC(150) Humongous regions: 1->1
[2025-03-16T15:59:08.851+0100][48.207s][info][gc,metaspace   ] GC(150) Metaspace: 27302K(27840K)->27302K(27840K) NonClass: 23724K(24000K)->23724K(24000K) Class: 3578K(3840K)->3578K(3840K)
[2025-03-16T15:59:08.851+0100][48.207s][info][gc             ] GC(150) Pause Full (G1 Compaction Pause) 2031M->1989M(2048M) 442.862ms
[2025-03-16T15:59:08.851+0100][48.207s][info][gc,cpu         ] GC(150) User=3.33s Sys=0.10s Real=0.45s
[2025-03-16T15:59:08.881+0100][48.237s][info][gc,start       ] GC(151) Pause Young (Concurrent Start) (G1 Evacuation Pause)
[2025-03-16T15:59:08.881+0100][48.237s][info][gc,task        ] GC(151) Using 9 workers of 9 for evacuation
[2025-03-16T15:59:08.884+0100][48.239s][info][gc,phases      ] GC(151)   Pre Evacuate Collection Set: 0.1ms
[2025-03-16T15:59:08.884+0100][48.239s][info][gc,phases      ] GC(151)   Merge Heap Roots: 0.0ms
[2025-03-16T15:59:08.884+0100][48.239s][info][gc,phases      ] GC(151)   Evacuate Collection Set: 1.5ms
[2025-03-16T15:59:08.884+0100][48.239s][info][gc,phases      ] GC(151)   Post Evacuate Collection Set: 0.6ms
[2025-03-16T15:59:08.884+0100][48.239s][info][gc,phases      ] GC(151)   Other: 0.1ms
[2025-03-16T15:59:08.884+0100][48.239s][info][gc,heap        ] GC(151) Eden regions: 10->0(0)
[2025-03-16T15:59:08.884+0100][48.239s][info][gc,heap        ] GC(151) Survivor regions: 0->0(0)
[2025-03-16T15:59:08.884+0100][48.239s][info][gc,heap        ] GC(151) Old regions: 501->511
[2025-03-16T15:59:08.884+0100][48.239s][info][gc,heap        ] GC(151) Humongous regions: 1->1
[2025-03-16T15:59:08.884+0100][48.239s][info][gc,metaspace   ] GC(151) Metaspace: 27302K(27840K)->27302K(27840K) NonClass: 23724K(24000K)->23724K(24000K) Class: 3578K(3840K)->3578K(3840K)
[2025-03-16T15:59:08.884+0100][48.239s][info][gc             ] GC(151) Pause Young (Concurrent Start) (G1 Evacuation Pause) (Evacuation Failure) 2029M->2029M(2048M) 2.527ms
[2025-03-16T15:59:08.884+0100][48.239s][info][gc,cpu         ] GC(151) User=0.02s Sys=0.00s Real=0.00s
[2025-03-16T15:59:08.884+0100][48.239s][info][gc,ergo        ] Attempting full compaction
[2025-03-16T15:59:08.884+0100][48.239s][info][gc             ] GC(152) Concurrent Mark Cycle
[2025-03-16T15:59:08.884+0100][48.239s][info][gc,start       ] GC(153) Pause Full (G1 Compaction Pause)
[2025-03-16T15:59:08.884+0100][48.239s][info][gc,marking     ] GC(152) Concurrent Scan Root Regions
[2025-03-16T15:59:08.884+0100][48.239s][info][gc,task        ] GC(153) Using 9 workers of 9 for full compaction
[2025-03-16T15:59:08.884+0100][48.239s][info][gc,marking     ] GC(152) Concurrent Scan Root Regions 0.020ms
[2025-03-16T15:59:08.884+0100][48.239s][info][gc,marking     ] GC(152) Concurrent Mark
[2025-03-16T15:59:08.884+0100][48.239s][info][gc,marking     ] GC(152) Concurrent Mark From Roots
[2025-03-16T15:59:08.884+0100][48.239s][info][gc,task        ] GC(152) Using 2 workers of 2 for marking
[2025-03-16T15:59:08.884+0100][48.240s][info][gc,phases,start] GC(153) Phase 1: Mark live objects
[2025-03-16T15:59:09.291+0100][48.646s][info][gc,phases      ] GC(153) Phase 1: Mark live objects 406.505ms
[2025-03-16T15:59:09.291+0100][48.646s][info][gc,phases,start] GC(153) Phase 2: Prepare compaction
[2025-03-16T15:59:09.292+0100][48.647s][info][gc,phases      ] GC(153) Phase 2: Prepare compaction 1.095ms
[2025-03-16T15:59:09.292+0100][48.647s][info][gc,phases,start] GC(153) Phase 3: Adjust pointers
[2025-03-16T15:59:09.339+0100][48.695s][info][gc,phases      ] GC(153) Phase 3: Adjust pointers 47.599ms
[2025-03-16T15:59:09.339+0100][48.695s][info][gc,phases,start] GC(153) Phase 4: Compact heap
[2025-03-16T15:59:09.341+0100][48.696s][info][gc,phases      ] GC(153) Phase 4: Compact heap 1.139ms
[2025-03-16T15:59:09.341+0100][48.696s][info][gc,phases,start] GC(153) Phase 5: Reset Metadata
[2025-03-16T15:59:09.371+0100][48.727s][info][gc,phases      ] GC(153) Phase 5: Reset Metadata 30.314ms
[2025-03-16T15:59:09.375+0100][48.731s][info][gc,heap        ] GC(153) Eden regions: 0->0(8)
[2025-03-16T15:59:09.375+0100][48.731s][info][gc,heap        ] GC(153) Survivor regions: 0->0(0)
[2025-03-16T15:59:09.375+0100][48.731s][info][gc,heap        ] GC(153) Old regions: 511->503
[2025-03-16T15:59:09.375+0100][48.731s][info][gc,heap        ] GC(153) Humongous regions: 1->1
[2025-03-16T15:59:09.375+0100][48.731s][info][gc,metaspace   ] GC(153) Metaspace: 27302K(27840K)->27302K(27840K) NonClass: 23724K(24000K)->23724K(24000K) Class: 3578K(3840K)->3578K(3840K)
[2025-03-16T15:59:09.375+0100][48.731s][info][gc             ] GC(153) Pause Full (G1 Compaction Pause) 2029M->1993M(2048M) 491.568ms
[2025-03-16T15:59:09.375+0100][48.731s][info][gc,cpu         ] GC(153) User=4.00s Sys=0.13s Real=0.49s
[2025-03-16T15:59:09.375+0100][48.731s][info][gc,marking     ] GC(152) Concurrent Mark From Roots 491.592ms
[2025-03-16T15:59:09.376+0100][48.731s][info][gc,marking     ] GC(152) Concurrent Mark Abort
[2025-03-16T15:59:09.376+0100][48.731s][info][gc             ] GC(152) Concurrent Mark Cycle 491.717ms
[2025-03-16T15:59:09.396+0100][48.751s][info][gc,start       ] GC(154) Pause Young (Normal) (G1 Evacuation Pause)
[2025-03-16T15:59:09.396+0100][48.751s][info][gc,task        ] GC(154) Using 9 workers of 9 for evacuation
[2025-03-16T15:59:09.400+0100][48.756s][info][gc,phases      ] GC(154)   Pre Evacuate Collection Set: 0.1ms
[2025-03-16T15:59:09.400+0100][48.756s][info][gc,phases      ] GC(154)   Merge Heap Roots: 0.1ms
[2025-03-16T15:59:09.400+0100][48.756s][info][gc,phases      ] GC(154)   Evacuate Collection Set: 3.1ms
[2025-03-16T15:59:09.400+0100][48.756s][info][gc,phases      ] GC(154)   Post Evacuate Collection Set: 1.2ms
[2025-03-16T15:59:09.400+0100][48.756s][info][gc,phases      ] GC(154)   Other: 0.0ms
[2025-03-16T15:59:09.400+0100][48.756s][info][gc,heap        ] GC(154) Eden regions: 8->0(0)
[2025-03-16T15:59:09.400+0100][48.756s][info][gc,heap        ] GC(154) Survivor regions: 0->0(0)
[2025-03-16T15:59:09.400+0100][48.756s][info][gc,heap        ] GC(154) Old regions: 503->511
[2025-03-16T15:59:09.400+0100][48.756s][info][gc,heap        ] GC(154) Humongous regions: 1->1
[2025-03-16T15:59:09.401+0100][48.756s][info][gc,metaspace   ] GC(154) Metaspace: 27302K(27840K)->27302K(27840K) NonClass: 23724K(24000K)->23724K(24000K) Class: 3578K(3840K)->3578K(3840K)
[2025-03-16T15:59:09.401+0100][48.756s][info][gc             ] GC(154) Pause Young (Normal) (G1 Evacuation Pause) (Evacuation Failure) 2025M->2025M(2048M) 4.684ms
[2025-03-16T15:59:09.401+0100][48.756s][info][gc,cpu         ] GC(154) User=0.03s Sys=0.00s Real=0.01s
[2025-03-16T15:59:09.401+0100][48.756s][info][gc,ergo        ] Attempting full compaction
[2025-03-16T15:59:09.401+0100][48.756s][info][gc,start       ] GC(155) Pause Full (G1 Compaction Pause)
[2025-03-16T15:59:09.401+0100][48.756s][info][gc,task        ] GC(155) Using 9 workers of 9 for full compaction
[2025-03-16T15:59:09.401+0100][48.756s][info][gc,phases,start] GC(155) Phase 1: Mark live objects
[2025-03-16T15:59:09.770+0100][49.126s][info][gc,phases      ] GC(155) Phase 1: Mark live objects 369.894ms
[2025-03-16T15:59:09.771+0100][49.126s][info][gc,phases,start] GC(155) Phase 2: Prepare compaction
[2025-03-16T15:59:09.772+0100][49.127s][info][gc,phases      ] GC(155) Phase 2: Prepare compaction 1.259ms
[2025-03-16T15:59:09.772+0100][49.127s][info][gc,phases,start] GC(155) Phase 3: Adjust pointers
[2025-03-16T15:59:09.819+0100][49.175s][info][gc,phases      ] GC(155) Phase 3: Adjust pointers 47.342ms
[2025-03-16T15:59:09.819+0100][49.175s][info][gc,phases,start] GC(155) Phase 4: Compact heap
[2025-03-16T15:59:09.820+0100][49.176s][info][gc,phases      ] GC(155) Phase 4: Compact heap 1.129ms
[2025-03-16T15:59:09.820+0100][49.176s][info][gc,phases,start] GC(155) Phase 5: Reset Metadata
[2025-03-16T15:59:09.850+0100][49.205s][info][gc,phases      ] GC(155) Phase 5: Reset Metadata 29.509ms
[2025-03-16T15:59:09.854+0100][49.210s][info][gc,heap        ] GC(155) Eden regions: 0->0(8)
[2025-03-16T15:59:09.854+0100][49.210s][info][gc,heap        ] GC(155) Survivor regions: 0->0(0)
[2025-03-16T15:59:09.854+0100][49.210s][info][gc,heap        ] GC(155) Old regions: 511->503
[2025-03-16T15:59:09.854+0100][49.210s][info][gc,heap        ] GC(155) Humongous regions: 1->1
[2025-03-16T15:59:09.854+0100][49.210s][info][gc,metaspace   ] GC(155) Metaspace: 27302K(27840K)->27302K(27840K) NonClass: 23724K(24000K)->23724K(24000K) Class: 3578K(3840K)->3578K(3840K)
[2025-03-16T15:59:09.854+0100][49.210s][info][gc             ] GC(155) Pause Full (G1 Compaction Pause) 2025M->2002M(2048M) 453.660ms
[2025-03-16T15:59:09.854+0100][49.210s][info][gc,cpu         ] GC(155) User=3.66s Sys=0.13s Real=0.45s
[2025-03-16T15:59:09.880+0100][49.235s][info][gc,start       ] GC(156) Pause Young (Concurrent Start) (G1 Evacuation Pause)
[2025-03-16T15:59:09.880+0100][49.235s][info][gc,task        ] GC(156) Using 9 workers of 9 for evacuation
[2025-03-16T15:59:09.882+0100][49.237s][info][gc,phases      ] GC(156)   Pre Evacuate Collection Set: 0.1ms
[2025-03-16T15:59:09.882+0100][49.237s][info][gc,phases      ] GC(156)   Merge Heap Roots: 0.1ms
[2025-03-16T15:59:09.882+0100][49.237s][info][gc,phases      ] GC(156)   Evacuate Collection Set: 1.0ms
[2025-03-16T15:59:09.882+0100][49.237s][info][gc,phases      ] GC(156)   Post Evacuate Collection Set: 0.5ms
[2025-03-16T15:59:09.882+0100][49.237s][info][gc,phases      ] GC(156)   Other: 0.0ms
[2025-03-16T15:59:09.882+0100][49.237s][info][gc,heap        ] GC(156) Eden regions: 8->0(0)
[2025-03-16T15:59:09.882+0100][49.237s][info][gc,heap        ] GC(156) Survivor regions: 0->0(0)
[2025-03-16T15:59:09.882+0100][49.237s][info][gc,heap        ] GC(156) Old regions: 503->511
[2025-03-16T15:59:09.882+0100][49.237s][info][gc,heap        ] GC(156) Humongous regions: 1->1
[2025-03-16T15:59:09.882+0100][49.237s][info][gc,metaspace   ] GC(156) Metaspace: 27302K(27840K)->27302K(27840K) NonClass: 23724K(24000K)->23724K(24000K) Class: 3578K(3840K)->3578K(3840K)
[2025-03-16T15:59:09.882+0100][49.237s][info][gc             ] GC(156) Pause Young (Concurrent Start) (G1 Evacuation Pause) (Evacuation Failure) 2034M->2034M(2048M) 1.932ms
[2025-03-16T15:59:09.882+0100][49.237s][info][gc,cpu         ] GC(156) User=0.01s Sys=0.00s Real=0.00s
[2025-03-16T15:59:09.882+0100][49.237s][info][gc             ] GC(157) Concurrent Mark Cycle
[2025-03-16T15:59:09.882+0100][49.237s][info][gc,ergo        ] Attempting full compaction
[2025-03-16T15:59:09.882+0100][49.237s][info][gc,marking     ] GC(157) Concurrent Scan Root Regions
[2025-03-16T15:59:09.882+0100][49.237s][info][gc,start       ] GC(158) Pause Full (G1 Compaction Pause)
[2025-03-16T15:59:09.882+0100][49.237s][info][gc,marking     ] GC(157) Concurrent Scan Root Regions 0.028ms
[2025-03-16T15:59:09.882+0100][49.237s][info][gc,task        ] GC(158) Using 9 workers of 9 for full compaction
[2025-03-16T15:59:09.882+0100][49.237s][info][gc,marking     ] GC(157) Concurrent Mark
[2025-03-16T15:59:09.882+0100][49.237s][info][gc,marking     ] GC(157) Concurrent Mark From Roots
[2025-03-16T15:59:09.882+0100][49.237s][info][gc,task        ] GC(157) Using 2 workers of 2 for marking
[2025-03-16T15:59:09.882+0100][49.238s][info][gc,phases,start] GC(158) Phase 1: Mark live objects
[2025-03-16T15:59:10.076+0100][49.432s][info][gc,phases      ] GC(158) Phase 1: Mark live objects 194.165ms
[2025-03-16T15:59:10.076+0100][49.432s][info][gc,phases,start] GC(158) Phase 2: Prepare compaction
[2025-03-16T15:59:10.077+0100][49.433s][info][gc,phases      ] GC(158) Phase 2: Prepare compaction 0.819ms
[2025-03-16T15:59:10.077+0100][49.433s][info][gc,phases,start] GC(158) Phase 3: Adjust pointers
[2025-03-16T15:59:10.124+0100][49.480s][info][gc,phases      ] GC(158) Phase 3: Adjust pointers 47.024ms
[2025-03-16T15:59:10.124+0100][49.480s][info][gc,phases,start] GC(158) Phase 4: Compact heap
[2025-03-16T15:59:10.125+0100][49.481s][info][gc,phases      ] GC(158) Phase 4: Compact heap 0.815ms
[2025-03-16T15:59:10.125+0100][49.481s][info][gc,phases,start] GC(158) Phase 5: Reset Metadata
[2025-03-16T15:59:10.155+0100][49.511s][info][gc,phases      ] GC(158) Phase 5: Reset Metadata 29.820ms
[2025-03-16T15:59:10.159+0100][49.515s][info][gc,heap        ] GC(158) Eden regions: 0->0(6)
[2025-03-16T15:59:10.159+0100][49.515s][info][gc,heap        ] GC(158) Survivor regions: 0->0(0)
[2025-03-16T15:59:10.159+0100][49.515s][info][gc,heap        ] GC(158) Old regions: 511->505
[2025-03-16T15:59:10.159+0100][49.515s][info][gc,heap        ] GC(158) Humongous regions: 1->1
[2025-03-16T15:59:10.159+0100][49.515s][info][gc,metaspace   ] GC(158) Metaspace: 27302K(27840K)->27302K(27840K) NonClass: 23724K(24000K)->23724K(24000K) Class: 3578K(3840K)->3578K(3840K)
[2025-03-16T15:59:10.159+0100][49.515s][info][gc             ] GC(158) Pause Full (G1 Compaction Pause) 2034M->2004M(2048M) 277.536ms
[2025-03-16T15:59:10.159+0100][49.515s][info][gc,cpu         ] GC(158) User=2.16s Sys=0.13s Real=0.27s
[2025-03-16T15:59:10.159+0100][49.515s][info][gc,marking     ] GC(157) Concurrent Mark From Roots 277.533ms
[2025-03-16T15:59:10.159+0100][49.515s][info][gc,marking     ] GC(157) Concurrent Mark Abort
[2025-03-16T15:59:10.159+0100][49.515s][info][gc             ] GC(157) Concurrent Mark Cycle 277.695ms
[2025-03-16T15:59:10.176+0100][49.532s][info][gc,start       ] GC(159) Pause Young (Normal) (G1 Evacuation Pause)
[2025-03-16T15:59:10.176+0100][49.532s][info][gc,task        ] GC(159) Using 9 workers of 9 for evacuation
[2025-03-16T15:59:10.179+0100][49.534s][info][gc,phases      ] GC(159)   Pre Evacuate Collection Set: 0.1ms
[2025-03-16T15:59:10.179+0100][49.534s][info][gc,phases      ] GC(159)   Merge Heap Roots: 0.0ms
[2025-03-16T15:59:10.179+0100][49.534s][info][gc,phases      ] GC(159)   Evacuate Collection Set: 1.5ms
[2025-03-16T15:59:10.179+0100][49.534s][info][gc,phases      ] GC(159)   Post Evacuate Collection Set: 0.8ms
[2025-03-16T15:59:10.179+0100][49.534s][info][gc,phases      ] GC(159)   Other: 0.0ms
[2025-03-16T15:59:10.179+0100][49.534s][info][gc,heap        ] GC(159) Eden regions: 6->0(0)
[2025-03-16T15:59:10.179+0100][49.534s][info][gc,heap        ] GC(159) Survivor regions: 0->0(0)
[2025-03-16T15:59:10.179+0100][49.534s][info][gc,heap        ] GC(159) Old regions: 505->511
[2025-03-16T15:59:10.179+0100][49.534s][info][gc,heap        ] GC(159) Humongous regions: 1->1
[2025-03-16T15:59:10.179+0100][49.534s][info][gc,metaspace   ] GC(159) Metaspace: 27302K(27840K)->27302K(27840K) NonClass: 23724K(24000K)->23724K(24000K) Class: 3578K(3840K)->3578K(3840K)
[2025-03-16T15:59:10.179+0100][49.534s][info][gc             ] GC(159) Pause Young (Normal) (G1 Evacuation Pause) (Evacuation Failure) 2028M->2028M(2048M) 2.667ms
[2025-03-16T15:59:10.179+0100][49.534s][info][gc,cpu         ] GC(159) User=0.01s Sys=0.00s Real=0.00s
[2025-03-16T15:59:10.179+0100][49.534s][info][gc,ergo        ] Attempting full compaction
[2025-03-16T15:59:10.179+0100][49.534s][info][gc,start       ] GC(160) Pause Full (G1 Compaction Pause)
[2025-03-16T15:59:10.179+0100][49.534s][info][gc,task        ] GC(160) Using 9 workers of 9 for full compaction
[2025-03-16T15:59:10.179+0100][49.534s][info][gc,phases,start] GC(160) Phase 1: Mark live objects
[2025-03-16T15:59:10.395+0100][49.750s][info][gc,phases      ] GC(160) Phase 1: Mark live objects 215.910ms
[2025-03-16T15:59:10.395+0100][49.750s][info][gc,phases,start] GC(160) Phase 2: Prepare compaction
[2025-03-16T15:59:10.396+0100][49.751s][info][gc,phases      ] GC(160) Phase 2: Prepare compaction 0.896ms
[2025-03-16T15:59:10.396+0100][49.751s][info][gc,phases,start] GC(160) Phase 3: Adjust pointers
[2025-03-16T15:59:10.449+0100][49.804s][info][gc,phases      ] GC(160) Phase 3: Adjust pointers 52.709ms
[2025-03-16T15:59:10.449+0100][49.804s][info][gc,phases,start] GC(160) Phase 4: Compact heap
[2025-03-16T15:59:10.450+0100][49.805s][info][gc,phases      ] GC(160) Phase 4: Compact heap 1.288ms
[2025-03-16T15:59:10.450+0100][49.805s][info][gc,phases,start] GC(160) Phase 5: Reset Metadata
[2025-03-16T15:59:10.481+0100][49.837s][info][gc,phases      ] GC(160) Phase 5: Reset Metadata 31.482ms
[2025-03-16T15:59:10.486+0100][49.841s][info][gc,heap        ] GC(160) Eden regions: 0->0(5)
[2025-03-16T15:59:10.486+0100][49.841s][info][gc,heap        ] GC(160) Survivor regions: 0->0(0)
[2025-03-16T15:59:10.486+0100][49.841s][info][gc,heap        ] GC(160) Old regions: 511->506
[2025-03-16T15:59:10.486+0100][49.841s][info][gc,heap        ] GC(160) Humongous regions: 1->1
[2025-03-16T15:59:10.486+0100][49.841s][info][gc,metaspace   ] GC(160) Metaspace: 27302K(27840K)->27302K(27840K) NonClass: 23724K(24000K)->23724K(24000K) Class: 3578K(3840K)->3578K(3840K)
[2025-03-16T15:59:10.486+0100][49.841s][info][gc             ] GC(160) Pause Full (G1 Compaction Pause) 2028M->2011M(2048M) 306.914ms
[2025-03-16T15:59:10.486+0100][49.841s][info][gc,cpu         ] GC(160) User=2.32s Sys=0.14s Real=0.31s
[2025-03-16T15:59:10.502+0100][49.858s][info][gc,start       ] GC(161) Pause Young (Concurrent Start) (G1 Evacuation Pause)
[2025-03-16T15:59:10.502+0100][49.858s][info][gc,task        ] GC(161) Using 9 workers of 9 for evacuation
[2025-03-16T15:59:10.503+0100][49.859s][info][gc,phases      ] GC(161)   Pre Evacuate Collection Set: 0.2ms
[2025-03-16T15:59:10.503+0100][49.859s][info][gc,phases      ] GC(161)   Merge Heap Roots: 0.0ms
[2025-03-16T15:59:10.503+0100][49.859s][info][gc,phases      ] GC(161)   Evacuate Collection Set: 0.5ms
[2025-03-16T15:59:10.503+0100][49.859s][info][gc,phases      ] GC(161)   Post Evacuate Collection Set: 0.3ms
[2025-03-16T15:59:10.503+0100][49.859s][info][gc,phases      ] GC(161)   Other: 0.0ms
[2025-03-16T15:59:10.503+0100][49.859s][info][gc,heap        ] GC(161) Eden regions: 5->0(0)
[2025-03-16T15:59:10.503+0100][49.859s][info][gc,heap        ] GC(161) Survivor regions: 0->0(0)
[2025-03-16T15:59:10.503+0100][49.859s][info][gc,heap        ] GC(161) Old regions: 506->511
[2025-03-16T15:59:10.503+0100][49.859s][info][gc,heap        ] GC(161) Humongous regions: 1->1
[2025-03-16T15:59:10.503+0100][49.859s][info][gc,metaspace   ] GC(161) Metaspace: 27302K(27840K)->27302K(27840K) NonClass: 23724K(24000K)->23724K(24000K) Class: 3578K(3840K)->3578K(3840K)
[2025-03-16T15:59:10.503+0100][49.859s][info][gc             ] GC(161) Pause Young (Concurrent Start) (G1 Evacuation Pause) (Evacuation Failure) 2031M->2031M(2048M) 1.150ms
[2025-03-16T15:59:10.503+0100][49.859s][info][gc,cpu         ] GC(161) User=0.01s Sys=0.00s Real=0.00s
[2025-03-16T15:59:10.503+0100][49.859s][info][gc             ] GC(162) Concurrent Mark Cycle
[2025-03-16T15:59:10.503+0100][49.859s][info][gc,ergo        ] Attempting full compaction
[2025-03-16T15:59:10.504+0100][49.859s][info][gc,marking     ] GC(162) Concurrent Scan Root Regions
[2025-03-16T15:59:10.504+0100][49.859s][info][gc,start       ] GC(163) Pause Full (G1 Compaction Pause)
[2025-03-16T15:59:10.504+0100][49.859s][info][gc,marking     ] GC(162) Concurrent Scan Root Regions 0.022ms
[2025-03-16T15:59:10.504+0100][49.859s][info][gc,task        ] GC(163) Using 9 workers of 9 for full compaction
[2025-03-16T15:59:10.504+0100][49.859s][info][gc,marking     ] GC(162) Concurrent Mark
[2025-03-16T15:59:10.504+0100][49.859s][info][gc,marking     ] GC(162) Concurrent Mark From Roots
[2025-03-16T15:59:10.504+0100][49.859s][info][gc,task        ] GC(162) Using 2 workers of 2 for marking
[2025-03-16T15:59:10.504+0100][49.859s][info][gc,phases,start] GC(163) Phase 1: Mark live objects
[2025-03-16T15:59:10.712+0100][50.068s][info][gc,phases      ] GC(163) Phase 1: Mark live objects 208.474ms
[2025-03-16T15:59:10.712+0100][50.068s][info][gc,phases,start] GC(163) Phase 2: Prepare compaction
[2025-03-16T15:59:10.713+0100][50.069s][info][gc,phases      ] GC(163) Phase 2: Prepare compaction 0.801ms
[2025-03-16T15:59:10.713+0100][50.069s][info][gc,phases,start] GC(163) Phase 3: Adjust pointers
[2025-03-16T15:59:10.769+0100][50.124s][info][gc,phases      ] GC(163) Phase 3: Adjust pointers 55.239ms
[2025-03-16T15:59:10.769+0100][50.124s][info][gc,phases,start] GC(163) Phase 4: Compact heap
[2025-03-16T15:59:10.769+0100][50.125s][info][gc,phases      ] GC(163) Phase 4: Compact heap 0.756ms
[2025-03-16T15:59:10.769+0100][50.125s][info][gc,phases,start] GC(163) Phase 5: Reset Metadata
[2025-03-16T15:59:10.802+0100][50.158s][info][gc,phases      ] GC(163) Phase 5: Reset Metadata 32.950ms
[2025-03-16T15:59:10.807+0100][50.162s][info][gc,heap        ] GC(163) Eden regions: 0->0(3)
[2025-03-16T15:59:10.807+0100][50.162s][info][gc,heap        ] GC(163) Survivor regions: 0->0(0)
[2025-03-16T15:59:10.807+0100][50.162s][info][gc,heap        ] GC(163) Old regions: 511->508
[2025-03-16T15:59:10.807+0100][50.162s][info][gc,heap        ] GC(163) Humongous regions: 1->1
[2025-03-16T15:59:10.807+0100][50.162s][info][gc,metaspace   ] GC(163) Metaspace: 27302K(27840K)->27302K(27840K) NonClass: 23724K(24000K)->23724K(24000K) Class: 3578K(3840K)->3578K(3840K)
[2025-03-16T15:59:10.807+0100][50.162s][info][gc             ] GC(163) Pause Full (G1 Compaction Pause) 2031M->2012M(2048M) 303.266ms
[2025-03-16T15:59:10.807+0100][50.162s][info][gc,cpu         ] GC(163) User=2.22s Sys=0.14s Real=0.30s
[2025-03-16T15:59:10.807+0100][50.162s][info][gc,marking     ] GC(162) Concurrent Mark From Roots 303.312ms
[2025-03-16T15:59:10.807+0100][50.162s][info][gc,marking     ] GC(162) Concurrent Mark Abort
[2025-03-16T15:59:10.807+0100][50.162s][info][gc             ] GC(162) Concurrent Mark Cycle 303.455ms
[2025-03-16T15:59:10.812+0100][50.168s][info][gc,start       ] GC(164) Pause Young (Normal) (G1 Evacuation Pause)
[2025-03-16T15:59:10.812+0100][50.168s][info][gc,task        ] GC(164) Using 9 workers of 9 for evacuation
[2025-03-16T15:59:10.815+0100][50.170s][info][gc,phases      ] GC(164)   Pre Evacuate Collection Set: 0.1ms
[2025-03-16T15:59:10.815+0100][50.170s][info][gc,phases      ] GC(164)   Merge Heap Roots: 0.1ms
[2025-03-16T15:59:10.815+0100][50.170s][info][gc,phases      ] GC(164)   Evacuate Collection Set: 1.8ms
[2025-03-16T15:59:10.815+0100][50.170s][info][gc,phases      ] GC(164)   Post Evacuate Collection Set: 0.6ms
[2025-03-16T15:59:10.815+0100][50.170s][info][gc,phases      ] GC(164)   Other: 0.0ms
[2025-03-16T15:59:10.815+0100][50.170s][info][gc,heap        ] GC(164) Eden regions: 3->0(0)
[2025-03-16T15:59:10.815+0100][50.170s][info][gc,heap        ] GC(164) Survivor regions: 0->0(0)
[2025-03-16T15:59:10.815+0100][50.170s][info][gc,heap        ] GC(164) Old regions: 508->511
[2025-03-16T15:59:10.815+0100][50.170s][info][gc,heap        ] GC(164) Humongous regions: 1->1
[2025-03-16T15:59:10.815+0100][50.170s][info][gc,metaspace   ] GC(164) Metaspace: 27302K(27840K)->27302K(27840K) NonClass: 23724K(24000K)->23724K(24000K) Class: 3578K(3840K)->3578K(3840K)
[2025-03-16T15:59:10.815+0100][50.170s][info][gc             ] GC(164) Pause Young (Normal) (G1 Evacuation Pause) (Evacuation Failure) 2024M->2024M(2048M) 2.726ms
[2025-03-16T15:59:10.815+0100][50.170s][info][gc,cpu         ] GC(164) User=0.02s Sys=0.00s Real=0.00s
[2025-03-16T15:59:10.815+0100][50.170s][info][gc,ergo        ] Attempting full compaction
[2025-03-16T15:59:10.815+0100][50.170s][info][gc,start       ] GC(165) Pause Full (G1 Compaction Pause)
[2025-03-16T15:59:10.815+0100][50.170s][info][gc,task        ] GC(165) Using 9 workers of 9 for full compaction
[2025-03-16T15:59:10.815+0100][50.170s][info][gc,phases,start] GC(165) Phase 1: Mark live objects
[2025-03-16T15:59:11.118+0100][50.473s][info][gc,phases      ] GC(165) Phase 1: Mark live objects 303.119ms
[2025-03-16T15:59:11.118+0100][50.473s][info][gc,phases,start] GC(165) Phase 2: Prepare compaction
[2025-03-16T15:59:11.120+0100][50.476s][info][gc,phases      ] GC(165) Phase 2: Prepare compaction 2.406ms
[2025-03-16T15:59:11.120+0100][50.476s][info][gc,phases,start] GC(165) Phase 3: Adjust pointers
[2025-03-16T15:59:11.170+0100][50.526s][info][gc,phases      ] GC(165) Phase 3: Adjust pointers 50.059ms
[2025-03-16T15:59:11.171+0100][50.526s][info][gc,phases,start] GC(165) Phase 4: Compact heap
[2025-03-16T15:59:11.173+0100][50.528s][info][gc,phases      ] GC(165) Phase 4: Compact heap 2.183ms
[2025-03-16T15:59:11.173+0100][50.528s][info][gc,phases,start] GC(165) Phase 5: Reset Metadata
[2025-03-16T15:59:11.205+0100][50.561s][info][gc,phases      ] GC(165) Phase 5: Reset Metadata 32.226ms
[2025-03-16T15:59:11.210+0100][50.565s][info][gc,heap        ] GC(165) Eden regions: 0->0(7)
[2025-03-16T15:59:11.210+0100][50.565s][info][gc,heap        ] GC(165) Survivor regions: 0->0(0)
[2025-03-16T15:59:11.210+0100][50.565s][info][gc,heap        ] GC(165) Old regions: 511->504
[2025-03-16T15:59:11.210+0100][50.565s][info][gc,heap        ] GC(165) Humongous regions: 1->1
[2025-03-16T15:59:11.210+0100][50.565s][info][gc,metaspace   ] GC(165) Metaspace: 27302K(27840K)->27302K(27840K) NonClass: 23724K(24000K)->23724K(24000K) Class: 3578K(3840K)->3578K(3840K)
[2025-03-16T15:59:11.210+0100][50.565s][info][gc             ] GC(165) Pause Full (G1 Compaction Pause) 2024M->2017M(2048M) 394.969ms
[2025-03-16T15:59:11.210+0100][50.565s][info][gc,cpu         ] GC(165) User=3.01s Sys=0.12s Real=0.40s
[2025-03-16T15:59:11.235+0100][50.591s][info][gc,start       ] GC(166) Pause Young (Concurrent Start) (G1 Evacuation Pause)
[2025-03-16T15:59:11.235+0100][50.591s][info][gc,task        ] GC(166) Using 9 workers of 9 for evacuation
[2025-03-16T15:59:11.238+0100][50.593s][info][gc,phases      ] GC(166)   Pre Evacuate Collection Set: 0.2ms
[2025-03-16T15:59:11.238+0100][50.593s][info][gc,phases      ] GC(166)   Merge Heap Roots: 0.1ms
[2025-03-16T15:59:11.238+0100][50.593s][info][gc,phases      ] GC(166)   Evacuate Collection Set: 1.4ms
[2025-03-16T15:59:11.238+0100][50.593s][info][gc,phases      ] GC(166)   Post Evacuate Collection Set: 0.6ms
[2025-03-16T15:59:11.238+0100][50.593s][info][gc,phases      ] GC(166)   Other: 0.0ms
[2025-03-16T15:59:11.238+0100][50.593s][info][gc,heap        ] GC(166) Eden regions: 7->0(0)
[2025-03-16T15:59:11.238+0100][50.593s][info][gc,heap        ] GC(166) Survivor regions: 0->0(0)
[2025-03-16T15:59:11.238+0100][50.593s][info][gc,heap        ] GC(166) Old regions: 504->511
[2025-03-16T15:59:11.238+0100][50.593s][info][gc,heap        ] GC(166) Humongous regions: 1->1
[2025-03-16T15:59:11.238+0100][50.593s][info][gc,metaspace   ] GC(166) Metaspace: 27302K(27840K)->27302K(27840K) NonClass: 23724K(24000K)->23724K(24000K) Class: 3578K(3840K)->3578K(3840K)
[2025-03-16T15:59:11.238+0100][50.593s][info][gc             ] GC(166) Pause Young (Concurrent Start) (G1 Evacuation Pause) (Evacuation Failure) 2045M->2045M(2048M) 2.426ms
[2025-03-16T15:59:11.238+0100][50.593s][info][gc,cpu         ] GC(166) User=0.01s Sys=0.00s Real=0.00s
[2025-03-16T15:59:11.238+0100][50.593s][info][gc,ergo        ] Attempting full compaction
[2025-03-16T15:59:11.238+0100][50.593s][info][gc,start       ] GC(167) Pause Full (G1 Compaction Pause)
[2025-03-16T15:59:11.238+0100][50.593s][info][gc,task        ] GC(167) Using 9 workers of 9 for full compaction
[2025-03-16T15:59:11.238+0100][50.593s][info][gc             ] GC(168) Concurrent Mark Cycle
[2025-03-16T15:59:11.238+0100][50.593s][info][gc,marking     ] GC(168) Concurrent Scan Root Regions
[2025-03-16T15:59:11.238+0100][50.593s][info][gc,marking     ] GC(168) Concurrent Scan Root Regions 0.005ms
[2025-03-16T15:59:11.238+0100][50.593s][info][gc,marking     ] GC(168) Concurrent Mark
[2025-03-16T15:59:11.238+0100][50.593s][info][gc,marking     ] GC(168) Concurrent Mark From Roots
[2025-03-16T15:59:11.238+0100][50.593s][info][gc,task        ] GC(168) Using 2 workers of 2 for marking
[2025-03-16T15:59:11.238+0100][50.594s][info][gc,phases,start] GC(167) Phase 1: Mark live objects
[2025-03-16T15:59:11.448+0100][50.803s][info][gc,phases      ] GC(167) Phase 1: Mark live objects 209.454ms
[2025-03-16T15:59:11.448+0100][50.803s][info][gc,phases,start] GC(167) Phase 2: Prepare compaction
[2025-03-16T15:59:11.449+0100][50.805s][info][gc,phases      ] GC(167) Phase 2: Prepare compaction 1.653ms
[2025-03-16T15:59:11.449+0100][50.805s][info][gc,phases,start] GC(167) Phase 3: Adjust pointers
[2025-03-16T15:59:11.504+0100][50.859s][info][gc,phases      ] GC(167) Phase 3: Adjust pointers 54.225ms
[2025-03-16T15:59:11.504+0100][50.859s][info][gc,phases,start] GC(167) Phase 4: Compact heap
[2025-03-16T15:59:11.505+0100][50.861s][info][gc,phases      ] GC(167) Phase 4: Compact heap 1.765ms
[2025-03-16T15:59:11.505+0100][50.861s][info][gc,phases,start] GC(167) Phase 5: Reset Metadata
[2025-03-16T15:59:11.538+0100][50.894s][info][gc,phases      ] GC(167) Phase 5: Reset Metadata 32.539ms
[2025-03-16T15:59:11.542+0100][50.898s][info][gc,heap        ] GC(167) Eden regions: 0->0(6)
[2025-03-16T15:59:11.543+0100][50.898s][info][gc,heap        ] GC(167) Survivor regions: 0->0(0)
[2025-03-16T15:59:11.543+0100][50.898s][info][gc,heap        ] GC(167) Old regions: 511->505
[2025-03-16T15:59:11.543+0100][50.898s][info][gc,heap        ] GC(167) Humongous regions: 1->1
[2025-03-16T15:59:11.543+0100][50.898s][info][gc,metaspace   ] GC(167) Metaspace: 27302K(27840K)->27302K(27840K) NonClass: 23724K(24000K)->23724K(24000K) Class: 3578K(3840K)->3578K(3840K)
[2025-03-16T15:59:11.543+0100][50.898s][info][gc             ] GC(167) Pause Full (G1 Compaction Pause) 2045M->2021M(2048M) 304.816ms
[2025-03-16T15:59:11.543+0100][50.898s][info][gc,cpu         ] GC(167) User=2.26s Sys=0.13s Real=0.31s
[2025-03-16T15:59:11.543+0100][50.898s][info][gc,marking     ] GC(168) Concurrent Mark From Roots 304.883ms
[2025-03-16T15:59:11.543+0100][50.898s][info][gc,marking     ] GC(168) Concurrent Mark Abort
[2025-03-16T15:59:11.543+0100][50.898s][info][gc             ] GC(168) Concurrent Mark Cycle 304.933ms
[2025-03-16T15:59:11.556+0100][50.911s][info][gc,start       ] GC(169) Pause Young (Normal) (G1 Evacuation Pause)
[2025-03-16T15:59:11.556+0100][50.911s][info][gc,task        ] GC(169) Using 9 workers of 9 for evacuation
[2025-03-16T15:59:11.560+0100][50.915s][info][gc,phases      ] GC(169)   Pre Evacuate Collection Set: 0.2ms
[2025-03-16T15:59:11.560+0100][50.915s][info][gc,phases      ] GC(169)   Merge Heap Roots: 0.1ms
[2025-03-16T15:59:11.560+0100][50.915s][info][gc,phases      ] GC(169)   Evacuate Collection Set: 2.5ms
[2025-03-16T15:59:11.560+0100][50.915s][info][gc,phases      ] GC(169)   Post Evacuate Collection Set: 1.1ms
[2025-03-16T15:59:11.560+0100][50.915s][info][gc,phases      ] GC(169)   Other: 0.0ms
[2025-03-16T15:59:11.560+0100][50.915s][info][gc,heap        ] GC(169) Eden regions: 6->0(0)
[2025-03-16T15:59:11.560+0100][50.915s][info][gc,heap        ] GC(169) Survivor regions: 0->0(0)
[2025-03-16T15:59:11.560+0100][50.915s][info][gc,heap        ] GC(169) Old regions: 505->511
[2025-03-16T15:59:11.560+0100][50.915s][info][gc,heap        ] GC(169) Humongous regions: 1->1
[2025-03-16T15:59:11.560+0100][50.915s][info][gc,metaspace   ] GC(169) Metaspace: 27302K(27840K)->27302K(27840K) NonClass: 23724K(24000K)->23724K(24000K) Class: 3578K(3840K)->3578K(3840K)
[2025-03-16T15:59:11.560+0100][50.915s][info][gc             ] GC(169) Pause Young (Normal) (G1 Evacuation Pause) (Evacuation Failure) 2045M->2045M(2048M) 4.016ms
[2025-03-16T15:59:11.560+0100][50.915s][info][gc,cpu         ] GC(169) User=0.03s Sys=0.00s Real=0.01s
[2025-03-16T15:59:11.560+0100][50.915s][info][gc,ergo        ] Attempting full compaction
[2025-03-16T15:59:11.560+0100][50.915s][info][gc,start       ] GC(170) Pause Full (G1 Compaction Pause)
[2025-03-16T15:59:11.560+0100][50.915s][info][gc,task        ] GC(170) Using 9 workers of 9 for full compaction
[2025-03-16T15:59:11.560+0100][50.915s][info][gc,phases,start] GC(170) Phase 1: Mark live objects
[2025-03-16T15:59:11.825+0100][51.180s][info][gc,phases      ] GC(170) Phase 1: Mark live objects 264.909ms
[2025-03-16T15:59:11.825+0100][51.180s][info][gc,phases,start] GC(170) Phase 2: Prepare compaction
[2025-03-16T15:59:11.828+0100][51.184s][info][gc,phases      ] GC(170) Phase 2: Prepare compaction 3.673ms
[2025-03-16T15:59:11.828+0100][51.184s][info][gc,phases,start] GC(170) Phase 3: Adjust pointers
[2025-03-16T15:59:11.878+0100][51.233s][info][gc,phases      ] GC(170) Phase 3: Adjust pointers 49.464ms
[2025-03-16T15:59:11.878+0100][51.233s][info][gc,phases,start] GC(170) Phase 4: Compact heap
[2025-03-16T15:59:11.882+0100][51.237s][info][gc,phases      ] GC(170) Phase 4: Compact heap 3.555ms
[2025-03-16T15:59:11.882+0100][51.237s][info][gc,phases,start] GC(170) Phase 5: Reset Metadata
[2025-03-16T15:59:11.913+0100][51.269s][info][gc,phases      ] GC(170) Phase 5: Reset Metadata 31.934ms
[2025-03-16T15:59:11.918+0100][51.274s][info][gc,heap        ] GC(170) Eden regions: 0->0(4)
[2025-03-16T15:59:11.918+0100][51.274s][info][gc,heap        ] GC(170) Survivor regions: 0->0(0)
[2025-03-16T15:59:11.918+0100][51.274s][info][gc,heap        ] GC(170) Old regions: 511->507
[2025-03-16T15:59:11.918+0100][51.274s][info][gc,heap        ] GC(170) Humongous regions: 1->1
[2025-03-16T15:59:11.918+0100][51.274s][info][gc,metaspace   ] GC(170) Metaspace: 27302K(27840K)->27302K(27840K) NonClass: 23724K(24000K)->23724K(24000K) Class: 3578K(3840K)->3578K(3840K)
[2025-03-16T15:59:11.918+0100][51.274s][info][gc             ] GC(170) Pause Full (G1 Compaction Pause) 2045M->2029M(2048M) 358.344ms
[2025-03-16T15:59:11.918+0100][51.274s][info][gc,cpu         ] GC(170) User=2.75s Sys=0.13s Real=0.35s
[2025-03-16T15:59:11.937+0100][51.292s][info][gc,start       ] GC(171) Pause Young (Concurrent Start) (G1 Evacuation Pause)
[2025-03-16T15:59:11.937+0100][51.292s][info][gc,task        ] GC(171) Using 9 workers of 9 for evacuation
[2025-03-16T15:59:11.938+0100][51.293s][info][gc,phases      ] GC(171)   Pre Evacuate Collection Set: 0.1ms
[2025-03-16T15:59:11.938+0100][51.293s][info][gc,phases      ] GC(171)   Merge Heap Roots: 0.0ms
[2025-03-16T15:59:11.938+0100][51.293s][info][gc,phases      ] GC(171)   Evacuate Collection Set: 0.8ms
[2025-03-16T15:59:11.938+0100][51.293s][info][gc,phases      ] GC(171)   Post Evacuate Collection Set: 0.4ms
[2025-03-16T15:59:11.938+0100][51.294s][info][gc,phases      ] GC(171)   Other: 0.0ms
[2025-03-16T15:59:11.938+0100][51.294s][info][gc,heap        ] GC(171) Eden regions: 4->0(0)
[2025-03-16T15:59:11.938+0100][51.294s][info][gc,heap        ] GC(171) Survivor regions: 0->0(0)
[2025-03-16T15:59:11.938+0100][51.294s][info][gc,heap        ] GC(171) Old regions: 507->511
[2025-03-16T15:59:11.938+0100][51.294s][info][gc,heap        ] GC(171) Humongous regions: 1->1
[2025-03-16T15:59:11.938+0100][51.294s][info][gc,metaspace   ] GC(171) Metaspace: 27302K(27840K)->27302K(27840K) NonClass: 23724K(24000K)->23724K(24000K) Class: 3578K(3840K)->3578K(3840K)
[2025-03-16T15:59:11.938+0100][51.294s][info][gc             ] GC(171) Pause Young (Concurrent Start) (G1 Evacuation Pause) (Evacuation Failure) 2045M->2045M(2048M) 1.453ms
[2025-03-16T15:59:11.938+0100][51.294s][info][gc,cpu         ] GC(171) User=0.00s Sys=0.00s Real=0.00s
[2025-03-16T15:59:11.938+0100][51.294s][info][gc,ergo        ] Attempting full compaction
[2025-03-16T15:59:11.938+0100][51.294s][info][gc,start       ] GC(172) Pause Full (G1 Compaction Pause)
[2025-03-16T15:59:11.938+0100][51.294s][info][gc             ] GC(173) Concurrent Mark Cycle
[2025-03-16T15:59:11.938+0100][51.294s][info][gc,task        ] GC(172) Using 9 workers of 9 for full compaction
[2025-03-16T15:59:11.938+0100][51.294s][info][gc,marking     ] GC(173) Concurrent Scan Root Regions
[2025-03-16T15:59:11.938+0100][51.294s][info][gc,marking     ] GC(173) Concurrent Scan Root Regions 0.018ms
[2025-03-16T15:59:11.938+0100][51.294s][info][gc,marking     ] GC(173) Concurrent Mark
[2025-03-16T15:59:11.938+0100][51.294s][info][gc,marking     ] GC(173) Concurrent Mark From Roots
[2025-03-16T15:59:11.938+0100][51.294s][info][gc,task        ] GC(173) Using 2 workers of 2 for marking
[2025-03-16T15:59:11.938+0100][51.294s][info][gc,phases,start] GC(172) Phase 1: Mark live objects
[2025-03-16T15:59:12.143+0100][51.499s][info][gc,phases      ] GC(172) Phase 1: Mark live objects 205.078ms
[2025-03-16T15:59:12.144+0100][51.499s][info][gc,phases,start] GC(172) Phase 2: Prepare compaction
[2025-03-16T15:59:12.144+0100][51.500s][info][gc,phases      ] GC(172) Phase 2: Prepare compaction 0.766ms
[2025-03-16T15:59:12.144+0100][51.500s][info][gc,phases,start] GC(172) Phase 3: Adjust pointers
[2025-03-16T15:59:12.195+0100][51.550s][info][gc,phases      ] GC(172) Phase 3: Adjust pointers 50.208ms
[2025-03-16T15:59:12.195+0100][51.550s][info][gc,phases,start] GC(172) Phase 4: Compact heap
[2025-03-16T15:59:12.195+0100][51.551s][info][gc,phases      ] GC(172) Phase 4: Compact heap 0.862ms
[2025-03-16T15:59:12.195+0100][51.551s][info][gc,phases,start] GC(172) Phase 5: Reset Metadata
[2025-03-16T15:59:12.231+0100][51.587s][info][gc,phases      ] GC(172) Phase 5: Reset Metadata 35.901ms
[2025-03-16T15:59:12.236+0100][51.591s][info][gc,heap        ] GC(172) Eden regions: 0->0(4)
[2025-03-16T15:59:12.236+0100][51.591s][info][gc,heap        ] GC(172) Survivor regions: 0->0(0)
[2025-03-16T15:59:12.236+0100][51.591s][info][gc,heap        ] GC(172) Old regions: 511->507
[2025-03-16T15:59:12.236+0100][51.591s][info][gc,heap        ] GC(172) Humongous regions: 1->1
[2025-03-16T15:59:12.236+0100][51.591s][info][gc,metaspace   ] GC(172) Metaspace: 27302K(27840K)->27302K(27840K) NonClass: 23724K(24000K)->23724K(24000K) Class: 3578K(3840K)->3578K(3840K)
[2025-03-16T15:59:12.236+0100][51.591s][info][gc             ] GC(172) Pause Full (G1 Compaction Pause) 2045M->2030M(2048M) 297.782ms
[2025-03-16T15:59:12.236+0100][51.591s][info][gc,cpu         ] GC(172) User=2.22s Sys=0.13s Real=0.30s
[2025-03-16T15:59:12.236+0100][51.591s][info][gc,marking     ] GC(173) Concurrent Mark From Roots 297.820ms
[2025-03-16T15:59:12.236+0100][51.591s][info][gc,marking     ] GC(173) Concurrent Mark Abort
[2025-03-16T15:59:12.236+0100][51.591s][info][gc             ] GC(173) Concurrent Mark Cycle 297.877ms
[2025-03-16T15:59:12.249+0100][51.605s][info][gc,start       ] GC(174) Pause Young (Normal) (G1 Evacuation Pause)
[2025-03-16T15:59:12.249+0100][51.605s][info][gc,task        ] GC(174) Using 9 workers of 9 for evacuation
[2025-03-16T15:59:12.250+0100][51.606s][info][gc,phases      ] GC(174)   Pre Evacuate Collection Set: 0.2ms
[2025-03-16T15:59:12.250+0100][51.606s][info][gc,phases      ] GC(174)   Merge Heap Roots: 0.1ms
[2025-03-16T15:59:12.250+0100][51.606s][info][gc,phases      ] GC(174)   Evacuate Collection Set: 0.4ms
[2025-03-16T15:59:12.250+0100][51.606s][info][gc,phases      ] GC(174)   Post Evacuate Collection Set: 0.8ms
[2025-03-16T15:59:12.250+0100][51.606s][info][gc,phases      ] GC(174)   Other: 0.0ms
[2025-03-16T15:59:12.250+0100][51.606s][info][gc,heap        ] GC(174) Eden regions: 4->0(0)
[2025-03-16T15:59:12.250+0100][51.606s][info][gc,heap        ] GC(174) Survivor regions: 0->0(0)
[2025-03-16T15:59:12.250+0100][51.606s][info][gc,heap        ] GC(174) Old regions: 507->511
[2025-03-16T15:59:12.250+0100][51.606s][info][gc,heap        ] GC(174) Humongous regions: 1->1
[2025-03-16T15:59:12.250+0100][51.606s][info][gc,metaspace   ] GC(174) Metaspace: 27302K(27840K)->27302K(27840K) NonClass: 23724K(24000K)->23724K(24000K) Class: 3578K(3840K)->3578K(3840K)
[2025-03-16T15:59:12.250+0100][51.606s][info][gc             ] GC(174) Pause Young (Normal) (G1 Evacuation Pause) (Evacuation Failure) 2046M->2046M(2048M) 1.519ms
[2025-03-16T15:59:12.250+0100][51.606s][info][gc,cpu         ] GC(174) User=0.01s Sys=0.00s Real=0.01s
[2025-03-16T15:59:12.251+0100][51.606s][info][gc,ergo        ] Attempting full compaction
[2025-03-16T15:59:12.251+0100][51.606s][info][gc,start       ] GC(175) Pause Full (G1 Compaction Pause)
[2025-03-16T15:59:12.251+0100][51.606s][info][gc,task        ] GC(175) Using 9 workers of 9 for full compaction
[2025-03-16T15:59:12.251+0100][51.606s][info][gc,phases,start] GC(175) Phase 1: Mark live objects
[2025-03-16T15:59:12.575+0100][51.931s][info][gc,phases      ] GC(175) Phase 1: Mark live objects 324.438ms
[2025-03-16T15:59:12.575+0100][51.931s][info][gc,phases,start] GC(175) Phase 2: Prepare compaction
[2025-03-16T15:59:12.576+0100][51.931s][info][gc,phases      ] GC(175) Phase 2: Prepare compaction 0.824ms
[2025-03-16T15:59:12.576+0100][51.931s][info][gc,phases,start] GC(175) Phase 3: Adjust pointers
[2025-03-16T15:59:12.626+0100][51.982s][info][gc,phases      ] GC(175) Phase 3: Adjust pointers 50.258ms
[2025-03-16T15:59:12.626+0100][51.982s][info][gc,phases,start] GC(175) Phase 4: Compact heap
[2025-03-16T15:59:12.627+0100][51.983s][info][gc,phases      ] GC(175) Phase 4: Compact heap 0.952ms
[2025-03-16T15:59:12.627+0100][51.983s][info][gc,phases,start] GC(175) Phase 5: Reset Metadata
[2025-03-16T15:59:12.659+0100][52.015s][info][gc,phases      ] GC(175) Phase 5: Reset Metadata 31.969ms
[2025-03-16T15:59:12.664+0100][52.019s][info][gc,heap        ] GC(175) Eden regions: 0->0(4)
[2025-03-16T15:59:12.664+0100][52.019s][info][gc,heap        ] GC(175) Survivor regions: 0->0(0)
[2025-03-16T15:59:12.664+0100][52.019s][info][gc,heap        ] GC(175) Old regions: 511->507
[2025-03-16T15:59:12.664+0100][52.019s][info][gc,heap        ] GC(175) Humongous regions: 1->1
[2025-03-16T15:59:12.664+0100][52.019s][info][gc,metaspace   ] GC(175) Metaspace: 27302K(27840K)->27302K(27840K) NonClass: 23724K(24000K)->23724K(24000K) Class: 3578K(3840K)->3578K(3840K)
[2025-03-16T15:59:12.664+0100][52.019s][info][gc             ] GC(175) Pause Full (G1 Compaction Pause) 2046M->2030M(2048M) 413.094ms
[2025-03-16T15:59:12.664+0100][52.019s][info][gc,cpu         ] GC(175) User=3.15s Sys=0.14s Real=0.41s
[2025-03-16T15:59:12.671+0100][52.026s][info][gc,start       ] GC(176) Pause Young (Concurrent Start) (G1 Evacuation Pause)
[2025-03-16T15:59:12.671+0100][52.026s][info][gc,task        ] GC(176) Using 9 workers of 9 for evacuation
[2025-03-16T15:59:12.674+0100][52.030s][info][gc,phases      ] GC(176)   Pre Evacuate Collection Set: 0.2ms
[2025-03-16T15:59:12.674+0100][52.030s][info][gc,phases      ] GC(176)   Merge Heap Roots: 0.0ms
[2025-03-16T15:59:12.674+0100][52.030s][info][gc,phases      ] GC(176)   Evacuate Collection Set: 2.4ms
[2025-03-16T15:59:12.674+0100][52.030s][info][gc,phases      ] GC(176)   Post Evacuate Collection Set: 0.7ms
[2025-03-16T15:59:12.674+0100][52.030s][info][gc,phases      ] GC(176)   Other: 0.0ms
[2025-03-16T15:59:12.674+0100][52.030s][info][gc,heap        ] GC(176) Eden regions: 4->0(0)
[2025-03-16T15:59:12.674+0100][52.030s][info][gc,heap        ] GC(176) Survivor regions: 0->0(0)
[2025-03-16T15:59:12.674+0100][52.030s][info][gc,heap        ] GC(176) Old regions: 507->511
[2025-03-16T15:59:12.674+0100][52.030s][info][gc,heap        ] GC(176) Humongous regions: 1->1
[2025-03-16T15:59:12.674+0100][52.030s][info][gc,metaspace   ] GC(176) Metaspace: 27302K(27840K)->27302K(27840K) NonClass: 23724K(24000K)->23724K(24000K) Class: 3578K(3840K)->3578K(3840K)
[2025-03-16T15:59:12.674+0100][52.030s][info][gc             ] GC(176) Pause Young (Concurrent Start) (G1 Evacuation Pause) (Evacuation Failure) 2046M->2046M(2048M) 3.481ms
[2025-03-16T15:59:12.674+0100][52.030s][info][gc,cpu         ] GC(176) User=0.02s Sys=0.00s Real=0.00s
[2025-03-16T15:59:12.674+0100][52.030s][info][gc,ergo        ] Attempting full compaction
[2025-03-16T15:59:12.674+0100][52.030s][info][gc,start       ] GC(177) Pause Full (G1 Compaction Pause)
[2025-03-16T15:59:12.674+0100][52.030s][info][gc             ] GC(178) Concurrent Mark Cycle
[2025-03-16T15:59:12.674+0100][52.030s][info][gc,task        ] GC(177) Using 9 workers of 9 for full compaction
[2025-03-16T15:59:12.674+0100][52.030s][info][gc,marking     ] GC(178) Concurrent Scan Root Regions
[2025-03-16T15:59:12.674+0100][52.030s][info][gc,marking     ] GC(178) Concurrent Scan Root Regions 0.024ms
[2025-03-16T15:59:12.674+0100][52.030s][info][gc,marking     ] GC(178) Concurrent Mark
[2025-03-16T15:59:12.674+0100][52.030s][info][gc,marking     ] GC(178) Concurrent Mark From Roots
[2025-03-16T15:59:12.674+0100][52.030s][info][gc,task        ] GC(178) Using 2 workers of 2 for marking
[2025-03-16T15:59:12.674+0100][52.030s][info][gc,phases,start] GC(177) Phase 1: Mark live objects
[2025-03-16T15:59:12.885+0100][52.240s][info][gc,phases      ] GC(177) Phase 1: Mark live objects 210.460ms
[2025-03-16T15:59:12.885+0100][52.241s][info][gc,phases,start] GC(177) Phase 2: Prepare compaction
[2025-03-16T15:59:12.887+0100][52.243s][info][gc,phases      ] GC(177) Phase 2: Prepare compaction 2.220ms
[2025-03-16T15:59:12.887+0100][52.243s][info][gc,phases,start] GC(177) Phase 3: Adjust pointers
[2025-03-16T15:59:12.936+0100][52.292s][info][gc,phases      ] GC(177) Phase 3: Adjust pointers 48.820ms
[2025-03-16T15:59:12.936+0100][52.292s][info][gc,phases,start] GC(177) Phase 4: Compact heap
[2025-03-16T15:59:12.938+0100][52.294s][info][gc,phases      ] GC(177) Phase 4: Compact heap 2.014ms
[2025-03-16T15:59:12.938+0100][52.294s][info][gc,phases,start] GC(177) Phase 5: Reset Metadata
[2025-03-16T15:59:12.970+0100][52.325s][info][gc,phases      ] GC(177) Phase 5: Reset Metadata 31.689ms
[2025-03-16T15:59:12.974+0100][52.330s][info][gc,heap        ] GC(177) Eden regions: 0->0(2)
[2025-03-16T15:59:12.974+0100][52.330s][info][gc,heap        ] GC(177) Survivor regions: 0->0(0)
[2025-03-16T15:59:12.974+0100][52.330s][info][gc,heap        ] GC(177) Old regions: 511->509
[2025-03-16T15:59:12.974+0100][52.330s][info][gc,heap        ] GC(177) Humongous regions: 1->1
[2025-03-16T15:59:12.974+0100][52.330s][info][gc,metaspace   ] GC(177) Metaspace: 27302K(27840K)->27302K(27840K) NonClass: 23724K(24000K)->23724K(24000K) Class: 3578K(3840K)->3578K(3840K)
[2025-03-16T15:59:12.974+0100][52.330s][info][gc             ] GC(177) Pause Full (G1 Compaction Pause) 2046M->2037M(2048M) 300.015ms
[2025-03-16T15:59:12.974+0100][52.330s][info][gc,cpu         ] GC(177) User=2.26s Sys=0.14s Real=0.30s
[2025-03-16T15:59:12.974+0100][52.330s][info][gc,marking     ] GC(178) Concurrent Mark From Roots 300.042ms
[2025-03-16T15:59:12.974+0100][52.330s][info][gc,marking     ] GC(178) Concurrent Mark Abort
[2025-03-16T15:59:12.974+0100][52.330s][info][gc             ] GC(178) Concurrent Mark Cycle 300.116ms
[2025-03-16T15:59:12.984+0100][52.340s][info][gc,start       ] GC(179) Pause Young (Normal) (G1 Evacuation Pause)
[2025-03-16T15:59:12.984+0100][52.340s][info][gc,task        ] GC(179) Using 9 workers of 9 for evacuation
[2025-03-16T15:59:12.986+0100][52.342s][info][gc,phases      ] GC(179)   Pre Evacuate Collection Set: 0.5ms
[2025-03-16T15:59:12.986+0100][52.342s][info][gc,phases      ] GC(179)   Merge Heap Roots: 0.0ms
[2025-03-16T15:59:12.986+0100][52.342s][info][gc,phases      ] GC(179)   Evacuate Collection Set: 0.8ms
[2025-03-16T15:59:12.986+0100][52.342s][info][gc,phases      ] GC(179)   Post Evacuate Collection Set: 0.4ms
[2025-03-16T15:59:12.986+0100][52.342s][info][gc,phases      ] GC(179)   Other: 0.0ms
[2025-03-16T15:59:12.986+0100][52.342s][info][gc,heap        ] GC(179) Eden regions: 2->0(0)
[2025-03-16T15:59:12.986+0100][52.342s][info][gc,heap        ] GC(179) Survivor regions: 0->0(0)
[2025-03-16T15:59:12.986+0100][52.342s][info][gc,heap        ] GC(179) Old regions: 509->511
[2025-03-16T15:59:12.986+0100][52.342s][info][gc,heap        ] GC(179) Humongous regions: 1->1
[2025-03-16T15:59:12.986+0100][52.342s][info][gc,metaspace   ] GC(179) Metaspace: 27302K(27840K)->27302K(27840K) NonClass: 23724K(24000K)->23724K(24000K) Class: 3578K(3840K)->3578K(3840K)
[2025-03-16T15:59:12.986+0100][52.342s][info][gc             ] GC(179) Pause Young (Normal) (G1 Evacuation Pause) (Evacuation Failure) 2045M->2045M(2048M) 1.934ms
[2025-03-16T15:59:12.986+0100][52.342s][info][gc,cpu         ] GC(179) User=0.01s Sys=0.00s Real=0.00s
[2025-03-16T15:59:12.986+0100][52.342s][info][gc,ergo        ] Attempting full compaction
[2025-03-16T15:59:12.986+0100][52.342s][info][gc,start       ] GC(180) Pause Full (G1 Compaction Pause)
[2025-03-16T15:59:12.986+0100][52.342s][info][gc,task        ] GC(180) Using 9 workers of 9 for full compaction
[2025-03-16T15:59:12.986+0100][52.342s][info][gc,phases,start] GC(180) Phase 1: Mark live objects
[2025-03-16T15:59:13.190+0100][52.545s][info][gc,phases      ] GC(180) Phase 1: Mark live objects 203.645ms
[2025-03-16T15:59:13.190+0100][52.545s][info][gc,phases,start] GC(180) Phase 2: Prepare compaction
[2025-03-16T15:59:13.191+0100][52.546s][info][gc,phases      ] GC(180) Phase 2: Prepare compaction 0.851ms
[2025-03-16T15:59:13.191+0100][52.546s][info][gc,phases,start] GC(180) Phase 3: Adjust pointers
[2025-03-16T15:59:13.242+0100][52.597s][info][gc,phases      ] GC(180) Phase 3: Adjust pointers 50.720ms
[2025-03-16T15:59:13.242+0100][52.597s][info][gc,phases,start] GC(180) Phase 4: Compact heap
[2025-03-16T15:59:13.242+0100][52.598s][info][gc,phases      ] GC(180) Phase 4: Compact heap 0.820ms
[2025-03-16T15:59:13.242+0100][52.598s][info][gc,phases,start] GC(180) Phase 5: Reset Metadata
[2025-03-16T15:59:13.273+0100][52.629s][info][gc,phases      ] GC(180) Phase 5: Reset Metadata 30.949ms
[2025-03-16T15:59:13.278+0100][52.633s][info][gc,heap        ] GC(180) Eden regions: 0->0(2)
[2025-03-16T15:59:13.278+0100][52.633s][info][gc,heap        ] GC(180) Survivor regions: 0->0(0)
[2025-03-16T15:59:13.278+0100][52.633s][info][gc,heap        ] GC(180) Old regions: 511->509
[2025-03-16T15:59:13.278+0100][52.633s][info][gc,heap        ] GC(180) Humongous regions: 1->1
[2025-03-16T15:59:13.278+0100][52.633s][info][gc,metaspace   ] GC(180) Metaspace: 27302K(27840K)->27302K(27840K) NonClass: 23724K(24000K)->23724K(24000K) Class: 3578K(3840K)->3578K(3840K)
[2025-03-16T15:59:13.278+0100][52.633s][info][gc             ] GC(180) Pause Full (G1 Compaction Pause) 2045M->2039M(2048M) 291.580ms
[2025-03-16T15:59:13.278+0100][52.633s][info][gc,cpu         ] GC(180) User=2.23s Sys=0.13s Real=0.29s
[2025-03-16T15:59:13.285+0100][52.640s][info][gc,start       ] GC(181) Pause Young (Concurrent Start) (G1 Evacuation Pause)
[2025-03-16T15:59:13.285+0100][52.640s][info][gc,task        ] GC(181) Using 9 workers of 9 for evacuation
[2025-03-16T15:59:13.285+0100][52.641s][info][gc,phases      ] GC(181)   Pre Evacuate Collection Set: 0.1ms
[2025-03-16T15:59:13.285+0100][52.641s][info][gc,phases      ] GC(181)   Merge Heap Roots: 0.0ms
[2025-03-16T15:59:13.285+0100][52.641s][info][gc,phases      ] GC(181)   Evacuate Collection Set: 0.4ms
[2025-03-16T15:59:13.285+0100][52.641s][info][gc,phases      ] GC(181)   Post Evacuate Collection Set: 0.2ms
[2025-03-16T15:59:13.285+0100][52.641s][info][gc,phases      ] GC(181)   Other: 0.0ms
[2025-03-16T15:59:13.285+0100][52.641s][info][gc,heap        ] GC(181) Eden regions: 2->0(0)
[2025-03-16T15:59:13.285+0100][52.641s][info][gc,heap        ] GC(181) Survivor regions: 0->0(0)
[2025-03-16T15:59:13.285+0100][52.641s][info][gc,heap        ] GC(181) Old regions: 509->511
[2025-03-16T15:59:13.285+0100][52.641s][info][gc,heap        ] GC(181) Humongous regions: 1->1
[2025-03-16T15:59:13.285+0100][52.641s][info][gc,metaspace   ] GC(181) Metaspace: 27302K(27840K)->27302K(27840K) NonClass: 23724K(24000K)->23724K(24000K) Class: 3578K(3840K)->3578K(3840K)
[2025-03-16T15:59:13.285+0100][52.641s][info][gc             ] GC(181) Pause Young (Concurrent Start) (G1 Evacuation Pause) (Evacuation Failure) 2047M->2047M(2048M) 0.927ms
[2025-03-16T15:59:13.285+0100][52.641s][info][gc,cpu         ] GC(181) User=0.00s Sys=0.00s Real=0.00s
[2025-03-16T15:59:13.285+0100][52.641s][info][gc             ] GC(182) Concurrent Mark Cycle
[2025-03-16T15:59:13.285+0100][52.641s][info][gc,ergo        ] Attempting full compaction
[2025-03-16T15:59:13.286+0100][52.641s][info][gc,marking     ] GC(182) Concurrent Scan Root Regions
[2025-03-16T15:59:13.286+0100][52.641s][info][gc,start       ] GC(183) Pause Full (G1 Compaction Pause)
[2025-03-16T15:59:13.286+0100][52.641s][info][gc,marking     ] GC(182) Concurrent Scan Root Regions 0.020ms
[2025-03-16T15:59:13.286+0100][52.641s][info][gc,task        ] GC(183) Using 9 workers of 9 for full compaction
[2025-03-16T15:59:13.286+0100][52.641s][info][gc,marking     ] GC(182) Concurrent Mark
[2025-03-16T15:59:13.286+0100][52.641s][info][gc,marking     ] GC(182) Concurrent Mark From Roots
[2025-03-16T15:59:13.286+0100][52.641s][info][gc,task        ] GC(182) Using 2 workers of 2 for marking
[2025-03-16T15:59:13.286+0100][52.641s][info][gc,phases,start] GC(183) Phase 1: Mark live objects
[2025-03-16T15:59:13.533+0100][52.888s][info][gc,phases      ] GC(183) Phase 1: Mark live objects 247.102ms
[2025-03-16T15:59:13.533+0100][52.889s][info][gc,phases,start] GC(183) Phase 2: Prepare compaction
[2025-03-16T15:59:13.533+0100][52.889s][info][gc,phases      ] GC(183) Phase 2: Prepare compaction 0.211ms
[2025-03-16T15:59:13.533+0100][52.889s][info][gc,phases,start] GC(183) Phase 3: Adjust pointers
[2025-03-16T15:59:13.584+0100][52.940s][info][gc,phases      ] GC(183) Phase 3: Adjust pointers 51.205ms
[2025-03-16T15:59:13.584+0100][52.940s][info][gc,phases,start] GC(183) Phase 4: Compact heap
[2025-03-16T15:59:13.585+0100][52.940s][info][gc,phases      ] GC(183) Phase 4: Compact heap 0.273ms
[2025-03-16T15:59:13.585+0100][52.940s][info][gc,phases,start] GC(183) Phase 5: Reset Metadata
[2025-03-16T15:59:13.621+0100][52.976s][info][gc,phases      ] GC(183) Phase 5: Reset Metadata 36.154ms
[2025-03-16T15:59:13.625+0100][52.981s][info][gc,heap        ] GC(183) Eden regions: 0->0(1)
[2025-03-16T15:59:13.625+0100][52.981s][info][gc,heap        ] GC(183) Survivor regions: 0->0(0)
[2025-03-16T15:59:13.625+0100][52.981s][info][gc,heap        ] GC(183) Old regions: 511->510
[2025-03-16T15:59:13.625+0100][52.981s][info][gc,heap        ] GC(183) Humongous regions: 1->1
[2025-03-16T15:59:13.625+0100][52.981s][info][gc,metaspace   ] GC(183) Metaspace: 27302K(27840K)->27302K(27840K) NonClass: 23724K(24000K)->23724K(24000K) Class: 3578K(3840K)->3578K(3840K)
[2025-03-16T15:59:13.625+0100][52.981s][info][gc             ] GC(183) Pause Full (G1 Compaction Pause) 2047M->2039M(2048M) 339.763ms
[2025-03-16T15:59:13.625+0100][52.981s][info][gc,cpu         ] GC(183) User=2.32s Sys=0.12s Real=0.34s
[2025-03-16T15:59:13.625+0100][52.981s][info][gc,marking     ] GC(182) Concurrent Mark From Roots 339.805ms
[2025-03-16T15:59:13.625+0100][52.981s][info][gc,marking     ] GC(182) Concurrent Mark Abort
[2025-03-16T15:59:13.625+0100][52.981s][info][gc             ] GC(182) Concurrent Mark Cycle 339.923ms
[2025-03-16T15:59:13.629+0100][52.984s][info][gc,start       ] GC(184) Pause Young (Normal) (G1 Evacuation Pause)
[2025-03-16T15:59:13.629+0100][52.984s][info][gc,task        ] GC(184) Using 9 workers of 9 for evacuation
[2025-03-16T15:59:13.630+0100][52.985s][info][gc,phases      ] GC(184)   Pre Evacuate Collection Set: 0.1ms
[2025-03-16T15:59:13.630+0100][52.985s][info][gc,phases      ] GC(184)   Merge Heap Roots: 0.0ms
[2025-03-16T15:59:13.630+0100][52.985s][info][gc,phases      ] GC(184)   Evacuate Collection Set: 0.4ms
[2025-03-16T15:59:13.630+0100][52.985s][info][gc,phases      ] GC(184)   Post Evacuate Collection Set: 0.2ms
[2025-03-16T15:59:13.630+0100][52.985s][info][gc,phases      ] GC(184)   Other: 0.0ms
[2025-03-16T15:59:13.630+0100][52.985s][info][gc,heap        ] GC(184) Eden regions: 1->0(0)
[2025-03-16T15:59:13.630+0100][52.985s][info][gc,heap        ] GC(184) Survivor regions: 0->0(0)
[2025-03-16T15:59:13.630+0100][52.985s][info][gc,heap        ] GC(184) Old regions: 510->511
[2025-03-16T15:59:13.630+0100][52.985s][info][gc,heap        ] GC(184) Humongous regions: 1->1
[2025-03-16T15:59:13.630+0100][52.985s][info][gc,metaspace   ] GC(184) Metaspace: 27302K(27840K)->27302K(27840K) NonClass: 23724K(24000K)->23724K(24000K) Class: 3578K(3840K)->3578K(3840K)
[2025-03-16T15:59:13.630+0100][52.985s][info][gc             ] GC(184) Pause Young (Normal) (G1 Evacuation Pause) (Evacuation Failure) 2043M->2043M(2048M) 0.833ms
[2025-03-16T15:59:13.630+0100][52.985s][info][gc,cpu         ] GC(184) User=0.00s Sys=0.00s Real=0.01s
[2025-03-16T15:59:13.630+0100][52.985s][info][gc,ergo        ] Attempting full compaction
[2025-03-16T15:59:13.630+0100][52.985s][info][gc,start       ] GC(185) Pause Full (G1 Compaction Pause)
[2025-03-16T15:59:13.630+0100][52.985s][info][gc,task        ] GC(185) Using 9 workers of 9 for full compaction
[2025-03-16T15:59:13.630+0100][52.985s][info][gc,phases,start] GC(185) Phase 1: Mark live objects
[2025-03-16T15:59:13.829+0100][53.184s][info][gc,phases      ] GC(185) Phase 1: Mark live objects 199.111ms
[2025-03-16T15:59:13.829+0100][53.184s][info][gc,phases,start] GC(185) Phase 2: Prepare compaction
[2025-03-16T15:59:13.829+0100][53.185s][info][gc,phases      ] GC(185) Phase 2: Prepare compaction 0.222ms
[2025-03-16T15:59:13.829+0100][53.185s][info][gc,phases,start] GC(185) Phase 3: Adjust pointers
[2025-03-16T15:59:13.878+0100][53.233s][info][gc,phases      ] GC(185) Phase 3: Adjust pointers 48.368ms
[2025-03-16T15:59:13.878+0100][53.233s][info][gc,phases,start] GC(185) Phase 4: Compact heap
[2025-03-16T15:59:13.878+0100][53.233s][info][gc,phases      ] GC(185) Phase 4: Compact heap 0.195ms
[2025-03-16T15:59:13.878+0100][53.233s][info][gc,phases,start] GC(185) Phase 5: Reset Metadata
[2025-03-16T15:59:13.908+0100][53.264s][info][gc,phases      ] GC(185) Phase 5: Reset Metadata 30.630ms
[2025-03-16T15:59:13.913+0100][53.268s][info][gc,heap        ] GC(185) Eden regions: 0->0(1)
[2025-03-16T15:59:13.913+0100][53.268s][info][gc,heap        ] GC(185) Survivor regions: 0->0(0)
[2025-03-16T15:59:13.913+0100][53.268s][info][gc,heap        ] GC(185) Old regions: 511->510
[2025-03-16T15:59:13.913+0100][53.268s][info][gc,heap        ] GC(185) Humongous regions: 1->1
[2025-03-16T15:59:13.913+0100][53.268s][info][gc,metaspace   ] GC(185) Metaspace: 27302K(27840K)->27302K(27840K) NonClass: 23724K(24000K)->23724K(24000K) Class: 3578K(3840K)->3578K(3840K)
[2025-03-16T15:59:13.913+0100][53.268s][info][gc             ] GC(185) Pause Full (G1 Compaction Pause) 2043M->2039M(2048M) 283.078ms
[2025-03-16T15:59:13.913+0100][53.268s][info][gc,cpu         ] GC(185) User=2.22s Sys=0.11s Real=0.28s
[2025-03-16T15:59:13.917+0100][53.272s][info][gc,start       ] GC(186) Pause Young (Concurrent Start) (G1 Evacuation Pause)
[2025-03-16T15:59:13.917+0100][53.272s][info][gc,task        ] GC(186) Using 9 workers of 9 for evacuation
[2025-03-16T15:59:13.917+0100][53.273s][info][gc,phases      ] GC(186)   Pre Evacuate Collection Set: 0.1ms
[2025-03-16T15:59:13.917+0100][53.273s][info][gc,phases      ] GC(186)   Merge Heap Roots: 0.0ms
[2025-03-16T15:59:13.917+0100][53.273s][info][gc,phases      ] GC(186)   Evacuate Collection Set: 0.4ms
[2025-03-16T15:59:13.917+0100][53.273s][info][gc,phases      ] GC(186)   Post Evacuate Collection Set: 0.2ms
[2025-03-16T15:59:13.917+0100][53.273s][info][gc,phases      ] GC(186)   Other: 0.0ms
[2025-03-16T15:59:13.918+0100][53.273s][info][gc,heap        ] GC(186) Eden regions: 1->0(0)
[2025-03-16T15:59:13.918+0100][53.273s][info][gc,heap        ] GC(186) Survivor regions: 0->0(0)
[2025-03-16T15:59:13.918+0100][53.273s][info][gc,heap        ] GC(186) Old regions: 510->511
[2025-03-16T15:59:13.918+0100][53.273s][info][gc,heap        ] GC(186) Humongous regions: 1->1
[2025-03-16T15:59:13.918+0100][53.273s][info][gc,metaspace   ] GC(186) Metaspace: 27302K(27840K)->27302K(27840K) NonClass: 23724K(24000K)->23724K(24000K) Class: 3578K(3840K)->3578K(3840K)
[2025-03-16T15:59:13.918+0100][53.273s][info][gc             ] GC(186) Pause Young (Concurrent Start) (G1 Evacuation Pause) (Evacuation Failure) 2043M->2043M(2048M) 0.910ms
[2025-03-16T15:59:13.918+0100][53.273s][info][gc,cpu         ] GC(186) User=0.01s Sys=0.00s Real=0.00s
[2025-03-16T15:59:13.918+0100][53.273s][info][gc,ergo        ] Attempting full compaction
[2025-03-16T15:59:13.918+0100][53.273s][info][gc             ] GC(187) Concurrent Mark Cycle
[2025-03-16T15:59:13.918+0100][53.273s][info][gc,start       ] GC(188) Pause Full (G1 Compaction Pause)
[2025-03-16T15:59:13.918+0100][53.273s][info][gc,marking     ] GC(187) Concurrent Scan Root Regions
[2025-03-16T15:59:13.918+0100][53.273s][info][gc,task        ] GC(188) Using 9 workers of 9 for full compaction
[2025-03-16T15:59:13.918+0100][53.273s][info][gc,marking     ] GC(187) Concurrent Scan Root Regions 0.021ms
[2025-03-16T15:59:13.918+0100][53.273s][info][gc,marking     ] GC(187) Concurrent Mark
[2025-03-16T15:59:13.918+0100][53.273s][info][gc,marking     ] GC(187) Concurrent Mark From Roots
[2025-03-16T15:59:13.918+0100][53.273s][info][gc,task        ] GC(187) Using 2 workers of 2 for marking
[2025-03-16T15:59:13.918+0100][53.273s][info][gc,phases,start] GC(188) Phase 1: Mark live objects
[2025-03-16T15:59:14.182+0100][53.537s][info][gc,phases      ] GC(188) Phase 1: Mark live objects 263.802ms
[2025-03-16T15:59:14.182+0100][53.537s][info][gc,phases,start] GC(188) Phase 2: Prepare compaction
[2025-03-16T15:59:14.182+0100][53.538s][info][gc,phases      ] GC(188) Phase 2: Prepare compaction 0.217ms
[2025-03-16T15:59:14.182+0100][53.538s][info][gc,phases,start] GC(188) Phase 3: Adjust pointers
[2025-03-16T15:59:14.232+0100][53.587s][info][gc,phases      ] GC(188) Phase 3: Adjust pointers 49.716ms
[2025-03-16T15:59:14.232+0100][53.587s][info][gc,phases,start] GC(188) Phase 4: Compact heap
[2025-03-16T15:59:14.232+0100][53.588s][info][gc,phases      ] GC(188) Phase 4: Compact heap 0.181ms
[2025-03-16T15:59:14.232+0100][53.588s][info][gc,phases,start] GC(188) Phase 5: Reset Metadata
[2025-03-16T15:59:14.265+0100][53.620s][info][gc,phases      ] GC(188) Phase 5: Reset Metadata 32.678ms
[2025-03-16T15:59:14.269+0100][53.625s][info][gc,heap        ] GC(188) Eden regions: 0->0(1)
[2025-03-16T15:59:14.269+0100][53.625s][info][gc,heap        ] GC(188) Survivor regions: 0->0(0)
[2025-03-16T15:59:14.269+0100][53.625s][info][gc,heap        ] GC(188) Old regions: 511->510
[2025-03-16T15:59:14.269+0100][53.625s][info][gc,heap        ] GC(188) Humongous regions: 1->1
[2025-03-16T15:59:14.269+0100][53.625s][info][gc,metaspace   ] GC(188) Metaspace: 27302K(27840K)->27302K(27840K) NonClass: 23724K(24000K)->23724K(24000K) Class: 3578K(3840K)->3578K(3840K)
[2025-03-16T15:59:14.269+0100][53.625s][info][gc             ] GC(188) Pause Full (G1 Compaction Pause) 2043M->2040M(2048M) 351.526ms
[2025-03-16T15:59:14.269+0100][53.625s][info][gc,cpu         ] GC(188) User=2.74s Sys=0.13s Real=0.35s
[2025-03-16T15:59:14.269+0100][53.625s][info][gc,marking     ] GC(187) Concurrent Mark From Roots 351.520ms
[2025-03-16T15:59:14.269+0100][53.625s][info][gc,marking     ] GC(187) Concurrent Mark Abort
[2025-03-16T15:59:14.269+0100][53.625s][info][gc             ] GC(187) Concurrent Mark Cycle 351.639ms
[2025-03-16T15:59:14.273+0100][53.628s][info][gc,start       ] GC(189) Pause Young (Normal) (G1 Evacuation Pause)
[2025-03-16T15:59:14.273+0100][53.628s][info][gc,task        ] GC(189) Using 9 workers of 9 for evacuation
[2025-03-16T15:59:14.273+0100][53.629s][info][gc,phases      ] GC(189)   Pre Evacuate Collection Set: 0.1ms
[2025-03-16T15:59:14.273+0100][53.629s][info][gc,phases      ] GC(189)   Merge Heap Roots: 0.0ms
[2025-03-16T15:59:14.273+0100][53.629s][info][gc,phases      ] GC(189)   Evacuate Collection Set: 0.2ms
[2025-03-16T15:59:14.273+0100][53.629s][info][gc,phases      ] GC(189)   Post Evacuate Collection Set: 0.2ms
[2025-03-16T15:59:14.273+0100][53.629s][info][gc,phases      ] GC(189)   Other: 0.0ms
[2025-03-16T15:59:14.273+0100][53.629s][info][gc,heap        ] GC(189) Eden regions: 1->0(0)
[2025-03-16T15:59:14.273+0100][53.629s][info][gc,heap        ] GC(189) Survivor regions: 0->0(0)
[2025-03-16T15:59:14.273+0100][53.629s][info][gc,heap        ] GC(189) Old regions: 510->511
[2025-03-16T15:59:14.273+0100][53.629s][info][gc,heap        ] GC(189) Humongous regions: 1->1
[2025-03-16T15:59:14.273+0100][53.629s][info][gc,metaspace   ] GC(189) Metaspace: 27302K(27840K)->27302K(27840K) NonClass: 23724K(24000K)->23724K(24000K) Class: 3578K(3840K)->3578K(3840K)
[2025-03-16T15:59:14.273+0100][53.629s][info][gc             ] GC(189) Pause Young (Normal) (G1 Evacuation Pause) (Evacuation Failure) 2044M->2044M(2048M) 0.618ms
[2025-03-16T15:59:14.273+0100][53.629s][info][gc,cpu         ] GC(189) User=0.00s Sys=0.00s Real=0.00s
[2025-03-16T15:59:14.273+0100][53.629s][info][gc,ergo        ] Attempting full compaction
[2025-03-16T15:59:14.273+0100][53.629s][info][gc,start       ] GC(190) Pause Full (G1 Compaction Pause)
[2025-03-16T15:59:14.273+0100][53.629s][info][gc,task        ] GC(190) Using 9 workers of 9 for full compaction
[2025-03-16T15:59:14.273+0100][53.629s][info][gc,phases,start] GC(190) Phase 1: Mark live objects
[2025-03-16T15:59:14.557+0100][53.913s][info][gc,phases      ] GC(190) Phase 1: Mark live objects 284.203ms
[2025-03-16T15:59:14.557+0100][53.913s][info][gc,phases,start] GC(190) Phase 2: Prepare compaction
[2025-03-16T15:59:14.558+0100][53.913s][info][gc,phases      ] GC(190) Phase 2: Prepare compaction 0.208ms
[2025-03-16T15:59:14.558+0100][53.913s][info][gc,phases,start] GC(190) Phase 3: Adjust pointers
[2025-03-16T15:59:14.607+0100][53.962s][info][gc,phases      ] GC(190) Phase 3: Adjust pointers 49.259ms
[2025-03-16T15:59:14.607+0100][53.963s][info][gc,phases,start] GC(190) Phase 4: Compact heap
[2025-03-16T15:59:14.607+0100][53.963s][info][gc,phases      ] GC(190) Phase 4: Compact heap 0.235ms
[2025-03-16T15:59:14.607+0100][53.963s][info][gc,phases,start] GC(190) Phase 5: Reset Metadata
[2025-03-16T15:59:14.640+0100][53.995s][info][gc,phases      ] GC(190) Phase 5: Reset Metadata 32.390ms
[2025-03-16T15:59:14.644+0100][54.000s][info][gc,heap        ] GC(190) Eden regions: 0->0(1)
[2025-03-16T15:59:14.644+0100][54.000s][info][gc,heap        ] GC(190) Survivor regions: 0->0(0)
[2025-03-16T15:59:14.644+0100][54.000s][info][gc,heap        ] GC(190) Old regions: 511->510
[2025-03-16T15:59:14.644+0100][54.000s][info][gc,heap        ] GC(190) Humongous regions: 1->1
[2025-03-16T15:59:14.644+0100][54.000s][info][gc,metaspace   ] GC(190) Metaspace: 27302K(27840K)->27302K(27840K) NonClass: 23724K(24000K)->23724K(24000K) Class: 3578K(3840K)->3578K(3840K)
[2025-03-16T15:59:14.644+0100][54.000s][info][gc             ] GC(190) Pause Full (G1 Compaction Pause) 2044M->2040M(2048M) 370.983ms
[2025-03-16T15:59:14.644+0100][54.000s][info][gc,cpu         ] GC(190) User=2.78s Sys=0.13s Real=0.37s
[2025-03-16T15:59:14.648+0100][54.003s][info][gc,start       ] GC(191) Pause Young (Concurrent Start) (G1 Evacuation Pause)
[2025-03-16T15:59:14.648+0100][54.003s][info][gc,task        ] GC(191) Using 9 workers of 9 for evacuation
[2025-03-16T15:59:14.648+0100][54.004s][info][gc,phases      ] GC(191)   Pre Evacuate Collection Set: 0.1ms
[2025-03-16T15:59:14.648+0100][54.004s][info][gc,phases      ] GC(191)   Merge Heap Roots: 0.0ms
[2025-03-16T15:59:14.648+0100][54.004s][info][gc,phases      ] GC(191)   Evacuate Collection Set: 0.3ms
[2025-03-16T15:59:14.648+0100][54.004s][info][gc,phases      ] GC(191)   Post Evacuate Collection Set: 0.2ms
[2025-03-16T15:59:14.648+0100][54.004s][info][gc,phases      ] GC(191)   Other: 0.0ms
[2025-03-16T15:59:14.648+0100][54.004s][info][gc,heap        ] GC(191) Eden regions: 1->0(0)
[2025-03-16T15:59:14.648+0100][54.004s][info][gc,heap        ] GC(191) Survivor regions: 0->0(0)
[2025-03-16T15:59:14.648+0100][54.004s][info][gc,heap        ] GC(191) Old regions: 510->511
[2025-03-16T15:59:14.648+0100][54.004s][info][gc,heap        ] GC(191) Humongous regions: 1->1
[2025-03-16T15:59:14.648+0100][54.004s][info][gc,metaspace   ] GC(191) Metaspace: 27302K(27840K)->27302K(27840K) NonClass: 23724K(24000K)->23724K(24000K) Class: 3578K(3840K)->3578K(3840K)
[2025-03-16T15:59:14.648+0100][54.004s][info][gc             ] GC(191) Pause Young (Concurrent Start) (G1 Evacuation Pause) (Evacuation Failure) 2044M->2044M(2048M) 0.798ms
[2025-03-16T15:59:14.648+0100][54.004s][info][gc             ] GC(192) Concurrent Mark Cycle
[2025-03-16T15:59:14.648+0100][54.004s][info][gc,cpu         ] GC(191) User=0.00s Sys=0.00s Real=0.00s
[2025-03-16T15:59:14.648+0100][54.004s][info][gc,marking     ] GC(192) Concurrent Scan Root Regions
[2025-03-16T15:59:14.648+0100][54.004s][info][gc,ergo        ] Attempting full compaction
[2025-03-16T15:59:14.648+0100][54.004s][info][gc,marking     ] GC(192) Concurrent Scan Root Regions 0.013ms
[2025-03-16T15:59:14.648+0100][54.004s][info][gc,start       ] GC(193) Pause Full (G1 Compaction Pause)
[2025-03-16T15:59:14.648+0100][54.004s][info][gc,marking     ] GC(192) Concurrent Mark
[2025-03-16T15:59:14.648+0100][54.004s][info][gc,marking     ] GC(192) Concurrent Mark From Roots
[2025-03-16T15:59:14.648+0100][54.004s][info][gc,task        ] GC(193) Using 9 workers of 9 for full compaction
[2025-03-16T15:59:14.648+0100][54.004s][info][gc,task        ] GC(192) Using 2 workers of 2 for marking
[2025-03-16T15:59:14.649+0100][54.004s][info][gc,phases,start] GC(193) Phase 1: Mark live objects
[2025-03-16T15:59:14.852+0100][54.208s][info][gc,phases      ] GC(193) Phase 1: Mark live objects 203.503ms
[2025-03-16T15:59:14.852+0100][54.208s][info][gc,phases,start] GC(193) Phase 2: Prepare compaction
[2025-03-16T15:59:14.852+0100][54.208s][info][gc,phases      ] GC(193) Phase 2: Prepare compaction 0.217ms
[2025-03-16T15:59:14.853+0100][54.208s][info][gc,phases,start] GC(193) Phase 3: Adjust pointers
[2025-03-16T15:59:14.901+0100][54.257s][info][gc,phases      ] GC(193) Phase 3: Adjust pointers 48.720ms
[2025-03-16T15:59:14.901+0100][54.257s][info][gc,phases,start] GC(193) Phase 4: Compact heap
[2025-03-16T15:59:14.902+0100][54.257s][info][gc,phases      ] GC(193) Phase 4: Compact heap 0.246ms
[2025-03-16T15:59:14.902+0100][54.257s][info][gc,phases,start] GC(193) Phase 5: Reset Metadata
[2025-03-16T15:59:14.933+0100][54.289s][info][gc,phases      ] GC(193) Phase 5: Reset Metadata 31.480ms
[2025-03-16T15:59:14.938+0100][54.293s][info][gc,heap        ] GC(193) Eden regions: 0->0(1)
[2025-03-16T15:59:14.938+0100][54.293s][info][gc,heap        ] GC(193) Survivor regions: 0->0(0)
[2025-03-16T15:59:14.938+0100][54.293s][info][gc,heap        ] GC(193) Old regions: 511->510
[2025-03-16T15:59:14.938+0100][54.293s][info][gc,heap        ] GC(193) Humongous regions: 1->1
[2025-03-16T15:59:14.938+0100][54.293s][info][gc,metaspace   ] GC(193) Metaspace: 27302K(27840K)->27302K(27840K) NonClass: 23724K(24000K)->23724K(24000K) Class: 3578K(3840K)->3578K(3840K)
[2025-03-16T15:59:14.938+0100][54.293s][info][gc             ] GC(193) Pause Full (G1 Compaction Pause) 2044M->2040M(2048M) 289.200ms
[2025-03-16T15:59:14.938+0100][54.293s][info][gc,cpu         ] GC(193) User=2.19s Sys=0.14s Real=0.29s
[2025-03-16T15:59:14.938+0100][54.293s][info][gc,marking     ] GC(192) Concurrent Mark From Roots 289.289ms
[2025-03-16T15:59:14.938+0100][54.293s][info][gc,marking     ] GC(192) Concurrent Mark Abort
[2025-03-16T15:59:14.938+0100][54.293s][info][gc             ] GC(192) Concurrent Mark Cycle 289.360ms
[2025-03-16T15:59:14.941+0100][54.297s][info][gc,start       ] GC(194) Pause Young (Normal) (G1 Evacuation Pause)
[2025-03-16T15:59:14.941+0100][54.297s][info][gc,task        ] GC(194) Using 9 workers of 9 for evacuation
[2025-03-16T15:59:14.942+0100][54.297s][info][gc,phases      ] GC(194)   Pre Evacuate Collection Set: 0.1ms
[2025-03-16T15:59:14.942+0100][54.297s][info][gc,phases      ] GC(194)   Merge Heap Roots: 0.0ms
[2025-03-16T15:59:14.942+0100][54.297s][info][gc,phases      ] GC(194)   Evacuate Collection Set: 0.3ms
[2025-03-16T15:59:14.942+0100][54.297s][info][gc,phases      ] GC(194)   Post Evacuate Collection Set: 0.2ms
[2025-03-16T15:59:14.942+0100][54.297s][info][gc,phases      ] GC(194)   Other: 0.0ms
[2025-03-16T15:59:14.942+0100][54.297s][info][gc,heap        ] GC(194) Eden regions: 1->0(0)
[2025-03-16T15:59:14.942+0100][54.297s][info][gc,heap        ] GC(194) Survivor regions: 0->0(0)
[2025-03-16T15:59:14.942+0100][54.297s][info][gc,heap        ] GC(194) Old regions: 510->511
[2025-03-16T15:59:14.942+0100][54.297s][info][gc,heap        ] GC(194) Humongous regions: 1->1
[2025-03-16T15:59:14.942+0100][54.297s][info][gc,metaspace   ] GC(194) Metaspace: 27302K(27840K)->27302K(27840K) NonClass: 23724K(24000K)->23724K(24000K) Class: 3578K(3840K)->3578K(3840K)
[2025-03-16T15:59:14.942+0100][54.297s][info][gc             ] GC(194) Pause Young (Normal) (G1 Evacuation Pause) (Evacuation Failure) 2044M->2044M(2048M) 0.700ms
[2025-03-16T15:59:14.942+0100][54.297s][info][gc,cpu         ] GC(194) User=0.00s Sys=0.00s Real=0.00s
[2025-03-16T15:59:14.942+0100][54.297s][info][gc,ergo        ] Attempting full compaction
[2025-03-16T15:59:14.942+0100][54.297s][info][gc,start       ] GC(195) Pause Full (G1 Compaction Pause)
[2025-03-16T15:59:14.942+0100][54.297s][info][gc,task        ] GC(195) Using 9 workers of 9 for full compaction
[2025-03-16T15:59:14.942+0100][54.297s][info][gc,phases,start] GC(195) Phase 1: Mark live objects
[2025-03-16T15:59:15.144+0100][54.499s][info][gc,phases      ] GC(195) Phase 1: Mark live objects 201.925ms
[2025-03-16T15:59:15.144+0100][54.499s][info][gc,phases,start] GC(195) Phase 2: Prepare compaction
[2025-03-16T15:59:15.144+0100][54.500s][info][gc,phases      ] GC(195) Phase 2: Prepare compaction 0.212ms
[2025-03-16T15:59:15.144+0100][54.500s][info][gc,phases,start] GC(195) Phase 3: Adjust pointers
[2025-03-16T15:59:15.193+0100][54.549s][info][gc,phases      ] GC(195) Phase 3: Adjust pointers 49.148ms
[2025-03-16T15:59:15.193+0100][54.549s][info][gc,phases,start] GC(195) Phase 4: Compact heap
[2025-03-16T15:59:15.193+0100][54.549s][info][gc,phases      ] GC(195) Phase 4: Compact heap 0.266ms
[2025-03-16T15:59:15.194+0100][54.549s][info][gc,phases,start] GC(195) Phase 5: Reset Metadata
[2025-03-16T15:59:15.226+0100][54.581s][info][gc,phases      ] GC(195) Phase 5: Reset Metadata 32.382ms
[2025-03-16T15:59:15.230+0100][54.586s][info][gc,heap        ] GC(195) Eden regions: 0->0(1)
[2025-03-16T15:59:15.230+0100][54.586s][info][gc,heap        ] GC(195) Survivor regions: 0->0(0)
[2025-03-16T15:59:15.230+0100][54.586s][info][gc,heap        ] GC(195) Old regions: 511->510
[2025-03-16T15:59:15.231+0100][54.586s][info][gc,heap        ] GC(195) Humongous regions: 1->1
[2025-03-16T15:59:15.231+0100][54.586s][info][gc,metaspace   ] GC(195) Metaspace: 27302K(27840K)->27302K(27840K) NonClass: 23724K(24000K)->23724K(24000K) Class: 3578K(3840K)->3578K(3840K)
[2025-03-16T15:59:15.231+0100][54.586s][info][gc             ] GC(195) Pause Full (G1 Compaction Pause) 2044M->2040M(2048M) 288.767ms
[2025-03-16T15:59:15.231+0100][54.586s][info][gc,cpu         ] GC(195) User=2.21s Sys=0.12s Real=0.29s
[2025-03-16T15:59:15.238+0100][54.593s][info][gc,start       ] GC(196) Pause Young (Concurrent Start) (G1 Evacuation Pause)
[2025-03-16T15:59:15.238+0100][54.593s][info][gc,task        ] GC(196) Using 9 workers of 9 for evacuation
[2025-03-16T15:59:15.239+0100][54.595s][info][gc,phases      ] GC(196)   Pre Evacuate Collection Set: 0.1ms
[2025-03-16T15:59:15.239+0100][54.595s][info][gc,phases      ] GC(196)   Merge Heap Roots: 0.1ms
[2025-03-16T15:59:15.239+0100][54.595s][info][gc,phases      ] GC(196)   Evacuate Collection Set: 0.8ms
[2025-03-16T15:59:15.239+0100][54.595s][info][gc,phases      ] GC(196)   Post Evacuate Collection Set: 0.3ms
[2025-03-16T15:59:15.239+0100][54.595s][info][gc,phases      ] GC(196)   Other: 0.0ms
[2025-03-16T15:59:15.239+0100][54.595s][info][gc,heap        ] GC(196) Eden regions: 1->0(0)
[2025-03-16T15:59:15.239+0100][54.595s][info][gc,heap        ] GC(196) Survivor regions: 0->0(0)
[2025-03-16T15:59:15.239+0100][54.595s][info][gc,heap        ] GC(196) Old regions: 510->511
[2025-03-16T15:59:15.239+0100][54.595s][info][gc,heap        ] GC(196) Humongous regions: 1->1
[2025-03-16T15:59:15.239+0100][54.595s][info][gc,metaspace   ] GC(196) Metaspace: 27302K(27840K)->27302K(27840K) NonClass: 23724K(24000K)->23724K(24000K) Class: 3578K(3840K)->3578K(3840K)
[2025-03-16T15:59:15.239+0100][54.595s][info][gc             ] GC(196) Pause Young (Concurrent Start) (G1 Evacuation Pause) (Evacuation Failure) 2044M->2044M(2048M) 1.367ms
[2025-03-16T15:59:15.239+0100][54.595s][info][gc,cpu         ] GC(196) User=0.01s Sys=0.01s Real=0.00s
[2025-03-16T15:59:15.239+0100][54.595s][info][gc,ergo        ] Attempting full compaction
[2025-03-16T15:59:15.239+0100][54.595s][info][gc             ] GC(197) Concurrent Mark Cycle
[2025-03-16T15:59:15.239+0100][54.595s][info][gc,start       ] GC(198) Pause Full (G1 Compaction Pause)
[2025-03-16T15:59:15.239+0100][54.595s][info][gc,marking     ] GC(197) Concurrent Scan Root Regions
[2025-03-16T15:59:15.239+0100][54.595s][info][gc,task        ] GC(198) Using 9 workers of 9 for full compaction
[2025-03-16T15:59:15.239+0100][54.595s][info][gc,marking     ] GC(197) Concurrent Scan Root Regions 0.041ms
[2025-03-16T15:59:15.239+0100][54.595s][info][gc,marking     ] GC(197) Concurrent Mark
[2025-03-16T15:59:15.239+0100][54.595s][info][gc,marking     ] GC(197) Concurrent Mark From Roots
[2025-03-16T15:59:15.239+0100][54.595s][info][gc,task        ] GC(197) Using 2 workers of 2 for marking
[2025-03-16T15:59:15.240+0100][54.595s][info][gc,phases,start] GC(198) Phase 1: Mark live objects
[2025-03-16T15:59:15.444+0100][54.800s][info][gc,phases      ] GC(198) Phase 1: Mark live objects 204.748ms
[2025-03-16T15:59:15.444+0100][54.800s][info][gc,phases,start] GC(198) Phase 2: Prepare compaction
[2025-03-16T15:59:15.445+0100][54.801s][info][gc,phases      ] GC(198) Phase 2: Prepare compaction 1.057ms
[2025-03-16T15:59:15.445+0100][54.801s][info][gc,phases,start] GC(198) Phase 3: Adjust pointers
[2025-03-16T15:59:15.498+0100][54.853s][info][gc,phases      ] GC(198) Phase 3: Adjust pointers 52.297ms
[2025-03-16T15:59:15.498+0100][54.853s][info][gc,phases,start] GC(198) Phase 4: Compact heap
[2025-03-16T15:59:15.499+0100][54.854s][info][gc,phases      ] GC(198) Phase 4: Compact heap 1.180ms
[2025-03-16T15:59:15.499+0100][54.854s][info][gc,phases,start] GC(198) Phase 5: Reset Metadata
[2025-03-16T15:59:15.531+0100][54.887s][info][gc,phases      ] GC(198) Phase 5: Reset Metadata 32.270ms
[2025-03-16T15:59:15.536+0100][54.891s][info][gc,heap        ] GC(198) Eden regions: 0->0(1)
[2025-03-16T15:59:15.536+0100][54.891s][info][gc,heap        ] GC(198) Survivor regions: 0->0(0)
[2025-03-16T15:59:15.536+0100][54.891s][info][gc,heap        ] GC(198) Old regions: 511->510
[2025-03-16T15:59:15.536+0100][54.891s][info][gc,heap        ] GC(198) Humongous regions: 1->1
[2025-03-16T15:59:15.536+0100][54.891s][info][gc,metaspace   ] GC(198) Metaspace: 27302K(27840K)->27302K(27840K) NonClass: 23724K(24000K)->23724K(24000K) Class: 3578K(3840K)->3578K(3840K)
[2025-03-16T15:59:15.536+0100][54.891s][info][gc             ] GC(198) Pause Full (G1 Compaction Pause) 2044M->2041M(2048M) 296.476ms
[2025-03-16T15:59:15.536+0100][54.891s][info][gc,cpu         ] GC(198) User=2.25s Sys=0.12s Real=0.30s
[2025-03-16T15:59:15.536+0100][54.891s][info][gc,marking     ] GC(197) Concurrent Mark From Roots 296.498ms
[2025-03-16T15:59:15.536+0100][54.891s][info][gc,marking     ] GC(197) Concurrent Mark Abort
[2025-03-16T15:59:15.536+0100][54.891s][info][gc             ] GC(197) Concurrent Mark Cycle 296.598ms
[2025-03-16T15:59:15.539+0100][54.895s][info][gc,start       ] GC(199) Pause Young (Normal) (G1 Evacuation Pause)
[2025-03-16T15:59:15.539+0100][54.895s][info][gc,task        ] GC(199) Using 9 workers of 9 for evacuation
[2025-03-16T15:59:15.540+0100][54.896s][info][gc,phases      ] GC(199)   Pre Evacuate Collection Set: 0.1ms
[2025-03-16T15:59:15.540+0100][54.896s][info][gc,phases      ] GC(199)   Merge Heap Roots: 0.0ms
[2025-03-16T15:59:15.540+0100][54.896s][info][gc,phases      ] GC(199)   Evacuate Collection Set: 0.4ms
[2025-03-16T15:59:15.540+0100][54.896s][info][gc,phases      ] GC(199)   Post Evacuate Collection Set: 0.3ms
[2025-03-16T15:59:15.540+0100][54.896s][info][gc,phases      ] GC(199)   Other: 0.0ms
[2025-03-16T15:59:15.540+0100][54.896s][info][gc,heap        ] GC(199) Eden regions: 1->0(0)
[2025-03-16T15:59:15.540+0100][54.896s][info][gc,heap        ] GC(199) Survivor regions: 0->0(0)
[2025-03-16T15:59:15.540+0100][54.896s][info][gc,heap        ] GC(199) Old regions: 510->511
[2025-03-16T15:59:15.540+0100][54.896s][info][gc,heap        ] GC(199) Humongous regions: 1->1
[2025-03-16T15:59:15.540+0100][54.896s][info][gc,metaspace   ] GC(199) Metaspace: 27302K(27840K)->27302K(27840K) NonClass: 23724K(24000K)->23724K(24000K) Class: 3578K(3840K)->3578K(3840K)
[2025-03-16T15:59:15.540+0100][54.896s][info][gc             ] GC(199) Pause Young (Normal) (G1 Evacuation Pause) (Evacuation Failure) 2045M->2045M(2048M) 0.869ms
[2025-03-16T15:59:15.540+0100][54.896s][info][gc,cpu         ] GC(199) User=0.01s Sys=0.00s Real=0.01s
[2025-03-16T15:59:15.540+0100][54.896s][info][gc,ergo        ] Attempting full compaction
[2025-03-16T15:59:15.540+0100][54.896s][info][gc,start       ] GC(200) Pause Full (G1 Compaction Pause)
[2025-03-16T15:59:15.540+0100][54.896s][info][gc,task        ] GC(200) Using 9 workers of 9 for full compaction
[2025-03-16T15:59:15.540+0100][54.896s][info][gc,phases,start] GC(200) Phase 1: Mark live objects
[2025-03-16T15:59:15.851+0100][55.207s][info][gc,phases      ] GC(200) Phase 1: Mark live objects 311.131ms
[2025-03-16T15:59:15.851+0100][55.207s][info][gc,phases,start] GC(200) Phase 2: Prepare compaction
[2025-03-16T15:59:15.852+0100][55.207s][info][gc,phases      ] GC(200) Phase 2: Prepare compaction 0.520ms
[2025-03-16T15:59:15.852+0100][55.207s][info][gc,phases,start] GC(200) Phase 3: Adjust pointers
[2025-03-16T15:59:15.901+0100][55.256s][info][gc,phases      ] GC(200) Phase 3: Adjust pointers 49.017ms
[2025-03-16T15:59:15.901+0100][55.257s][info][gc,phases,start] GC(200) Phase 4: Compact heap
[2025-03-16T15:59:15.902+0100][55.257s][info][gc,phases      ] GC(200) Phase 4: Compact heap 0.516ms
[2025-03-16T15:59:15.902+0100][55.257s][info][gc,phases,start] GC(200) Phase 5: Reset Metadata
[2025-03-16T15:59:15.933+0100][55.289s][info][gc,phases      ] GC(200) Phase 5: Reset Metadata 31.594ms
[2025-03-16T15:59:15.937+0100][55.293s][info][gc,heap        ] GC(200) Eden regions: 0->0(1)
[2025-03-16T15:59:15.937+0100][55.293s][info][gc,heap        ] GC(200) Survivor regions: 0->0(0)
[2025-03-16T15:59:15.937+0100][55.293s][info][gc,heap        ] GC(200) Old regions: 511->510
[2025-03-16T15:59:15.937+0100][55.293s][info][gc,heap        ] GC(200) Humongous regions: 1->1
[2025-03-16T15:59:15.938+0100][55.293s][info][gc,metaspace   ] GC(200) Metaspace: 27302K(27840K)->27302K(27840K) NonClass: 23724K(24000K)->23724K(24000K) Class: 3578K(3840K)->3578K(3840K)
[2025-03-16T15:59:15.938+0100][55.293s][info][gc             ] GC(200) Pause Full (G1 Compaction Pause) 2045M->2041M(2048M) 397.346ms
[2025-03-16T15:59:15.938+0100][55.293s][info][gc,cpu         ] GC(200) User=3.14s Sys=0.13s Real=0.39s
[2025-03-16T15:59:15.939+0100][55.295s][info][gc,start       ] GC(201) Pause Young (Concurrent Start) (G1 Evacuation Pause)
[2025-03-16T15:59:15.939+0100][55.295s][info][gc,task        ] GC(201) Using 9 workers of 9 for evacuation
[2025-03-16T15:59:15.940+0100][55.295s][info][gc,phases      ] GC(201)   Pre Evacuate Collection Set: 0.1ms
[2025-03-16T15:59:15.940+0100][55.295s][info][gc,phases      ] GC(201)   Merge Heap Roots: 0.0ms
[2025-03-16T15:59:15.940+0100][55.295s][info][gc,phases      ] GC(201)   Evacuate Collection Set: 0.2ms
[2025-03-16T15:59:15.940+0100][55.295s][info][gc,phases      ] GC(201)   Post Evacuate Collection Set: 0.2ms
[2025-03-16T15:59:15.940+0100][55.295s][info][gc,phases      ] GC(201)   Other: 0.0ms
[2025-03-16T15:59:15.940+0100][55.295s][info][gc,heap        ] GC(201) Eden regions: 1->0(0)
[2025-03-16T15:59:15.940+0100][55.295s][info][gc,heap        ] GC(201) Survivor regions: 0->0(0)
[2025-03-16T15:59:15.940+0100][55.295s][info][gc,heap        ] GC(201) Old regions: 510->511
[2025-03-16T15:59:15.940+0100][55.295s][info][gc,heap        ] GC(201) Humongous regions: 1->1
[2025-03-16T15:59:15.940+0100][55.295s][info][gc,metaspace   ] GC(201) Metaspace: 27302K(27840K)->27302K(27840K) NonClass: 23724K(24000K)->23724K(24000K) Class: 3578K(3840K)->3578K(3840K)
[2025-03-16T15:59:15.940+0100][55.295s][info][gc             ] GC(201) Pause Young (Concurrent Start) (G1 Evacuation Pause) (Evacuation Failure) 2045M->2045M(2048M) 0.744ms
[2025-03-16T15:59:15.940+0100][55.295s][info][gc,cpu         ] GC(201) User=0.00s Sys=0.00s Real=0.01s
[2025-03-16T15:59:15.940+0100][55.295s][info][gc,ergo        ] Attempting full compaction
[2025-03-16T15:59:15.940+0100][55.295s][info][gc,start       ] GC(202) Pause Full (G1 Compaction Pause)
[2025-03-16T15:59:15.940+0100][55.295s][info][gc             ] GC(203) Concurrent Mark Cycle
[2025-03-16T15:59:15.940+0100][55.295s][info][gc,task        ] GC(202) Using 9 workers of 9 for full compaction
[2025-03-16T15:59:15.940+0100][55.295s][info][gc,marking     ] GC(203) Concurrent Scan Root Regions
[2025-03-16T15:59:15.940+0100][55.296s][info][gc,marking     ] GC(203) Concurrent Scan Root Regions 0.030ms
[2025-03-16T15:59:15.940+0100][55.296s][info][gc,phases,start] GC(202) Phase 1: Mark live objects
[2025-03-16T15:59:16.145+0100][55.501s][info][gc,phases      ] GC(202) Phase 1: Mark live objects 205.182ms
[2025-03-16T15:59:16.146+0100][55.501s][info][gc,phases,start] GC(202) Phase 2: Prepare compaction
[2025-03-16T15:59:16.146+0100][55.501s][info][gc,phases      ] GC(202) Phase 2: Prepare compaction 0.429ms
[2025-03-16T15:59:16.146+0100][55.501s][info][gc,phases,start] GC(202) Phase 3: Adjust pointers
[2025-03-16T15:59:16.194+0100][55.550s][info][gc,phases      ] GC(202) Phase 3: Adjust pointers 48.168ms
[2025-03-16T15:59:16.194+0100][55.550s][info][gc,phases,start] GC(202) Phase 4: Compact heap
[2025-03-16T15:59:16.195+0100][55.550s][info][gc,phases      ] GC(202) Phase 4: Compact heap 0.400ms
[2025-03-16T15:59:16.195+0100][55.550s][info][gc,phases,start] GC(202) Phase 5: Reset Metadata
[2025-03-16T15:59:16.227+0100][55.583s][info][gc,phases      ] GC(202) Phase 5: Reset Metadata 32.389ms
[2025-03-16T15:59:16.235+0100][55.591s][info][gc,heap        ] GC(202) Eden regions: 0->0(1)
[2025-03-16T15:59:16.236+0100][55.591s][info][gc,heap        ] GC(202) Survivor regions: 0->0(0)
[2025-03-16T15:59:16.236+0100][55.591s][info][gc,heap        ] GC(202) Old regions: 511->510
[2025-03-16T15:59:16.236+0100][55.591s][info][gc,heap        ] GC(202) Humongous regions: 1->1
[2025-03-16T15:59:16.236+0100][55.591s][info][gc,metaspace   ] GC(202) Metaspace: 27302K(27840K)->27302K(27840K) NonClass: 23724K(24000K)->23724K(24000K) Class: 3578K(3840K)->3578K(3840K)
[2025-03-16T15:59:16.236+0100][55.591s][info][gc             ] GC(202) Pause Full (G1 Compaction Pause) 2045M->2041M(2048M) 295.642ms
[2025-03-16T15:59:16.236+0100][55.591s][info][gc,cpu         ] GC(202) User=2.21s Sys=0.14s Real=0.29s
[2025-03-16T15:59:16.236+0100][55.591s][info][gc,marking     ] GC(203) Concurrent Mark Abort
[2025-03-16T15:59:16.236+0100][55.591s][info][gc             ] GC(203) Concurrent Mark Cycle 295.797ms
[2025-03-16T15:59:16.239+0100][55.595s][info][gc,start       ] GC(204) Pause Young (Normal) (G1 Evacuation Pause)
[2025-03-16T15:59:16.239+0100][55.595s][info][gc,task        ] GC(204) Using 9 workers of 9 for evacuation
[2025-03-16T15:59:16.240+0100][55.596s][info][gc,phases      ] GC(204)   Pre Evacuate Collection Set: 0.1ms
[2025-03-16T15:59:16.240+0100][55.596s][info][gc,phases      ] GC(204)   Merge Heap Roots: 0.1ms
[2025-03-16T15:59:16.240+0100][55.596s][info][gc,phases      ] GC(204)   Evacuate Collection Set: 0.8ms
[2025-03-16T15:59:16.240+0100][55.596s][info][gc,phases      ] GC(204)   Post Evacuate Collection Set: 0.3ms
[2025-03-16T15:59:16.240+0100][55.596s][info][gc,phases      ] GC(204)   Other: 0.0ms
[2025-03-16T15:59:16.240+0100][55.596s][info][gc,heap        ] GC(204) Eden regions: 1->0(0)
[2025-03-16T15:59:16.240+0100][55.596s][info][gc,heap        ] GC(204) Survivor regions: 0->0(0)
[2025-03-16T15:59:16.240+0100][55.596s][info][gc,heap        ] GC(204) Old regions: 510->511
[2025-03-16T15:59:16.240+0100][55.596s][info][gc,heap        ] GC(204) Humongous regions: 1->1
[2025-03-16T15:59:16.240+0100][55.596s][info][gc,metaspace   ] GC(204) Metaspace: 27302K(27840K)->27302K(27840K) NonClass: 23724K(24000K)->23724K(24000K) Class: 3578K(3840K)->3578K(3840K)
[2025-03-16T15:59:16.240+0100][55.596s][info][gc             ] GC(204) Pause Young (Normal) (G1 Evacuation Pause) (Evacuation Failure) 2045M->2045M(2048M) 1.435ms
[2025-03-16T15:59:16.240+0100][55.596s][info][gc,cpu         ] GC(204) User=0.00s Sys=0.00s Real=0.01s
[2025-03-16T15:59:16.240+0100][55.596s][info][gc,ergo        ] Attempting full compaction
[2025-03-16T15:59:16.240+0100][55.596s][info][gc,start       ] GC(205) Pause Full (G1 Compaction Pause)
[2025-03-16T15:59:16.240+0100][55.596s][info][gc,task        ] GC(205) Using 9 workers of 9 for full compaction
[2025-03-16T15:59:16.241+0100][55.596s][info][gc,phases,start] GC(205) Phase 1: Mark live objects
[2025-03-16T15:59:16.446+0100][55.801s][info][gc,phases      ] GC(205) Phase 1: Mark live objects 205.074ms
[2025-03-16T15:59:16.446+0100][55.801s][info][gc,phases,start] GC(205) Phase 2: Prepare compaction
[2025-03-16T15:59:16.448+0100][55.804s][info][gc,phases      ] GC(205) Phase 2: Prepare compaction 2.519ms
[2025-03-16T15:59:16.448+0100][55.804s][info][gc,phases,start] GC(205) Phase 3: Adjust pointers
[2025-03-16T15:59:16.502+0100][55.858s][info][gc,phases      ] GC(205) Phase 3: Adjust pointers 54.022ms
[2025-03-16T15:59:16.502+0100][55.858s][info][gc,phases,start] GC(205) Phase 4: Compact heap
[2025-03-16T15:59:16.505+0100][55.860s][info][gc,phases      ] GC(205) Phase 4: Compact heap 2.530ms
[2025-03-16T15:59:16.505+0100][55.860s][info][gc,phases,start] GC(205) Phase 5: Reset Metadata
[2025-03-16T15:59:16.537+0100][55.892s][info][gc,phases      ] GC(205) Phase 5: Reset Metadata 31.835ms
[2025-03-16T15:59:16.541+0100][55.897s][info][gc,heap        ] GC(205) Eden regions: 0->0(1)
[2025-03-16T15:59:16.541+0100][55.897s][info][gc,heap        ] GC(205) Survivor regions: 0->0(0)
[2025-03-16T15:59:16.541+0100][55.897s][info][gc,heap        ] GC(205) Old regions: 511->510
[2025-03-16T15:59:16.541+0100][55.897s][info][gc,heap        ] GC(205) Humongous regions: 1->1
[2025-03-16T15:59:16.541+0100][55.897s][info][gc,metaspace   ] GC(205) Metaspace: 27302K(27840K)->27302K(27840K) NonClass: 23724K(24000K)->23724K(24000K) Class: 3578K(3840K)->3578K(3840K)
[2025-03-16T15:59:16.541+0100][55.897s][info][gc             ] GC(205) Pause Full (G1 Compaction Pause) 2045M->2041M(2048M) 300.618ms
[2025-03-16T15:59:16.541+0100][55.897s][info][gc,cpu         ] GC(205) User=2.23s Sys=0.13s Real=0.30s
[2025-03-16T15:59:16.549+0100][55.904s][info][gc,start       ] GC(206) Pause Young (Concurrent Start) (G1 Evacuation Pause)
[2025-03-16T15:59:16.549+0100][55.904s][info][gc,task        ] GC(206) Using 9 workers of 9 for evacuation
[2025-03-16T15:59:16.550+0100][55.906s][info][gc,phases      ] GC(206)   Pre Evacuate Collection Set: 0.1ms
[2025-03-16T15:59:16.550+0100][55.906s][info][gc,phases      ] GC(206)   Merge Heap Roots: 0.1ms
[2025-03-16T15:59:16.550+0100][55.906s][info][gc,phases      ] GC(206)   Evacuate Collection Set: 1.3ms
[2025-03-16T15:59:16.550+0100][55.906s][info][gc,phases      ] GC(206)   Post Evacuate Collection Set: 0.3ms
[2025-03-16T15:59:16.550+0100][55.906s][info][gc,phases      ] GC(206)   Other: 0.0ms
[2025-03-16T15:59:16.550+0100][55.906s][info][gc,heap        ] GC(206) Eden regions: 1->0(0)
[2025-03-16T15:59:16.550+0100][55.906s][info][gc,heap        ] GC(206) Survivor regions: 0->0(0)
[2025-03-16T15:59:16.550+0100][55.906s][info][gc,heap        ] GC(206) Old regions: 510->511
[2025-03-16T15:59:16.550+0100][55.906s][info][gc,heap        ] GC(206) Humongous regions: 1->1
[2025-03-16T15:59:16.551+0100][55.906s][info][gc,metaspace   ] GC(206) Metaspace: 27307K(27840K)->27307K(27840K) NonClass: 23729K(24000K)->23729K(24000K) Class: 3578K(3840K)->3578K(3840K)
[2025-03-16T15:59:16.551+0100][55.906s][info][gc             ] GC(206) Pause Young (Concurrent Start) (G1 Evacuation Pause) (Evacuation Failure) 2045M->2045M(2048M) 1.934ms
[2025-03-16T15:59:16.551+0100][55.906s][info][gc,cpu         ] GC(206) User=0.01s Sys=0.00s Real=0.01s
[2025-03-16T15:59:16.551+0100][55.906s][info][gc             ] GC(207) Concurrent Mark Cycle
[2025-03-16T15:59:16.551+0100][55.906s][info][gc,ergo        ] Attempting full compaction
[2025-03-16T15:59:16.551+0100][55.906s][info][gc,marking     ] GC(207) Concurrent Scan Root Regions
[2025-03-16T15:59:16.551+0100][55.906s][info][gc,start       ] GC(208) Pause Full (G1 Compaction Pause)
[2025-03-16T15:59:16.551+0100][55.906s][info][gc,marking     ] GC(207) Concurrent Scan Root Regions 0.027ms
[2025-03-16T15:59:16.551+0100][55.906s][info][gc,task        ] GC(208) Using 9 workers of 9 for full compaction
[2025-03-16T15:59:16.551+0100][55.906s][info][gc,marking     ] GC(207) Concurrent Mark
[2025-03-16T15:59:16.551+0100][55.906s][info][gc,marking     ] GC(207) Concurrent Mark From Roots
[2025-03-16T15:59:16.551+0100][55.906s][info][gc,task        ] GC(207) Using 2 workers of 2 for marking
[2025-03-16T15:59:16.551+0100][55.906s][info][gc,phases,start] GC(208) Phase 1: Mark live objects
[2025-03-16T15:59:16.756+0100][56.111s][info][gc,phases      ] GC(208) Phase 1: Mark live objects 204.664ms
[2025-03-16T15:59:16.756+0100][56.111s][info][gc,phases,start] GC(208) Phase 2: Prepare compaction
[2025-03-16T15:59:16.758+0100][56.113s][info][gc,phases      ] GC(208) Phase 2: Prepare compaction 1.894ms
[2025-03-16T15:59:16.758+0100][56.113s][info][gc,phases,start] GC(208) Phase 3: Adjust pointers
[2025-03-16T15:59:16.806+0100][56.162s][info][gc,phases      ] GC(208) Phase 3: Adjust pointers 48.499ms
[2025-03-16T15:59:16.806+0100][56.162s][info][gc,phases,start] GC(208) Phase 4: Compact heap
[2025-03-16T15:59:16.808+0100][56.164s][info][gc,phases      ] GC(208) Phase 4: Compact heap 1.950ms
[2025-03-16T15:59:16.808+0100][56.164s][info][gc,phases,start] GC(208) Phase 5: Reset Metadata
[2025-03-16T15:59:16.839+0100][56.195s][info][gc,phases      ] GC(208) Phase 5: Reset Metadata 30.894ms
[2025-03-16T15:59:16.844+0100][56.199s][info][gc,heap        ] GC(208) Eden regions: 0->0(1)
[2025-03-16T15:59:16.844+0100][56.199s][info][gc,heap        ] GC(208) Survivor regions: 0->0(0)
[2025-03-16T15:59:16.844+0100][56.199s][info][gc,heap        ] GC(208) Old regions: 511->510
[2025-03-16T15:59:16.844+0100][56.199s][info][gc,heap        ] GC(208) Humongous regions: 1->1
[2025-03-16T15:59:16.844+0100][56.199s][info][gc,metaspace   ] GC(208) Metaspace: 27307K(27840K)->27307K(27840K) NonClass: 23729K(24000K)->23729K(24000K) Class: 3578K(3840K)->3578K(3840K)
[2025-03-16T15:59:16.844+0100][56.199s][info][gc             ] GC(208) Pause Full (G1 Compaction Pause) 2045M->2042M(2048M) 293.310ms
[2025-03-16T15:59:16.844+0100][56.199s][info][gc,cpu         ] GC(208) User=2.24s Sys=0.12s Real=0.29s
[2025-03-16T15:59:16.844+0100][56.200s][info][gc,marking     ] GC(207) Concurrent Mark From Roots 293.363ms
[2025-03-16T15:59:16.844+0100][56.200s][info][gc,marking     ] GC(207) Concurrent Mark Abort
[2025-03-16T15:59:16.844+0100][56.200s][info][gc             ] GC(207) Concurrent Mark Cycle 293.500ms
[2025-03-16T15:59:16.848+0100][56.204s][info][gc,start       ] GC(209) Pause Young (Normal) (G1 Evacuation Pause)
[2025-03-16T15:59:16.849+0100][56.204s][info][gc,task        ] GC(209) Using 9 workers of 9 for evacuation
[2025-03-16T15:59:16.850+0100][56.205s][info][gc,phases      ] GC(209)   Pre Evacuate Collection Set: 0.1ms
[2025-03-16T15:59:16.850+0100][56.205s][info][gc,phases      ] GC(209)   Merge Heap Roots: 0.0ms
[2025-03-16T15:59:16.850+0100][56.205s][info][gc,phases      ] GC(209)   Evacuate Collection Set: 0.8ms
[2025-03-16T15:59:16.850+0100][56.205s][info][gc,phases      ] GC(209)   Post Evacuate Collection Set: 0.4ms
[2025-03-16T15:59:16.850+0100][56.205s][info][gc,phases      ] GC(209)   Other: 0.0ms
[2025-03-16T15:59:16.850+0100][56.205s][info][gc,heap        ] GC(209) Eden regions: 1->0(0)
[2025-03-16T15:59:16.850+0100][56.205s][info][gc,heap        ] GC(209) Survivor regions: 0->0(0)
[2025-03-16T15:59:16.850+0100][56.205s][info][gc,heap        ] GC(209) Old regions: 510->511
[2025-03-16T15:59:16.850+0100][56.205s][info][gc,heap        ] GC(209) Humongous regions: 1->1
[2025-03-16T15:59:16.850+0100][56.205s][info][gc,metaspace   ] GC(209) Metaspace: 27307K(27840K)->27307K(27840K) NonClass: 23729K(24000K)->23729K(24000K) Class: 3578K(3840K)->3578K(3840K)
[2025-03-16T15:59:16.850+0100][56.205s][info][gc             ] GC(209) Pause Young (Normal) (G1 Evacuation Pause) (Evacuation Failure) 2046M->2046M(2048M) 1.448ms
[2025-03-16T15:59:16.850+0100][56.205s][info][gc,cpu         ] GC(209) User=0.01s Sys=0.00s Real=0.01s
[2025-03-16T15:59:16.850+0100][56.205s][info][gc,ergo        ] Attempting full compaction
[2025-03-16T15:59:16.850+0100][56.205s][info][gc,start       ] GC(210) Pause Full (G1 Compaction Pause)
[2025-03-16T15:59:16.850+0100][56.205s][info][gc,task        ] GC(210) Using 9 workers of 9 for full compaction
[2025-03-16T15:59:16.850+0100][56.205s][info][gc,phases,start] GC(210) Phase 1: Mark live objects
[2025-03-16T15:59:17.239+0100][56.595s][info][gc,phases      ] GC(210) Phase 1: Mark live objects 389.463ms
[2025-03-16T15:59:17.239+0100][56.595s][info][gc,phases,start] GC(210) Phase 2: Prepare compaction
[2025-03-16T15:59:17.240+0100][56.596s][info][gc,phases      ] GC(210) Phase 2: Prepare compaction 0.968ms
[2025-03-16T15:59:17.240+0100][56.596s][info][gc,phases,start] GC(210) Phase 3: Adjust pointers
[2025-03-16T15:59:17.291+0100][56.646s][info][gc,phases      ] GC(210) Phase 3: Adjust pointers 50.279ms
[2025-03-16T15:59:17.291+0100][56.646s][info][gc,phases,start] GC(210) Phase 4: Compact heap
[2025-03-16T15:59:17.292+0100][56.647s][info][gc,phases      ] GC(210) Phase 4: Compact heap 0.947ms
[2025-03-16T15:59:17.292+0100][56.647s][info][gc,phases,start] GC(210) Phase 5: Reset Metadata
[2025-03-16T15:59:17.323+0100][56.679s][info][gc,phases      ] GC(210) Phase 5: Reset Metadata 31.451ms
[2025-03-16T15:59:17.328+0100][56.683s][info][gc,heap        ] GC(210) Eden regions: 0->0(0)
[2025-03-16T15:59:17.328+0100][56.683s][info][gc,heap        ] GC(210) Survivor regions: 0->0(0)
[2025-03-16T15:59:17.328+0100][56.683s][info][gc,heap        ] GC(210) Old regions: 511->511
[2025-03-16T15:59:17.328+0100][56.683s][info][gc,heap        ] GC(210) Humongous regions: 1->1
[2025-03-16T15:59:17.328+0100][56.683s][info][gc,metaspace   ] GC(210) Metaspace: 27307K(27840K)->27307K(27840K) NonClass: 23729K(24000K)->23729K(24000K) Class: 3578K(3840K)->3578K(3840K)
[2025-03-16T15:59:17.328+0100][56.683s][info][gc             ] GC(210) Pause Full (G1 Compaction Pause) 2046M->2044M(2048M) 477.659ms
[2025-03-16T15:59:17.328+0100][56.683s][info][gc,cpu         ] GC(210) User=3.85s Sys=0.13s Real=0.47s
[2025-03-16T15:59:17.328+0100][56.683s][info][gc,ergo        ] Attempting maximal full compaction clearing soft references
[2025-03-16T15:59:17.328+0100][56.683s][info][gc,start       ] GC(211) Pause Full (G1 Compaction Pause)
[2025-03-16T15:59:17.328+0100][56.683s][info][gc,task        ] GC(211) Using 9 workers of 9 for full compaction
[2025-03-16T15:59:17.328+0100][56.683s][info][gc,phases,start] GC(211) Phase 1: Mark live objects
[2025-03-16T15:59:17.545+0100][56.900s][info][gc,phases      ] GC(211) Phase 1: Mark live objects 217.175ms
[2025-03-16T15:59:17.545+0100][56.900s][info][gc,phases,start] GC(211) Phase 2: Prepare compaction
[2025-03-16T15:59:17.597+0100][56.952s][info][gc,phases      ] GC(211) Phase 2: Prepare compaction 51.998ms
[2025-03-16T15:59:17.597+0100][56.952s][info][gc,phases,start] GC(211) Phase 3: Adjust pointers
[2025-03-16T15:59:17.657+0100][57.012s][info][gc,phases      ] GC(211) Phase 3: Adjust pointers 59.608ms
[2025-03-16T15:59:17.657+0100][57.012s][info][gc,phases,start] GC(211) Phase 4: Compact heap
[2025-03-16T15:59:17.717+0100][57.072s][info][gc,phases      ] GC(211) Phase 4: Compact heap 60.155ms
[2025-03-16T15:59:17.717+0100][57.072s][info][gc,phases,start] GC(211) Phase 5: Reset Metadata
[2025-03-16T15:59:17.717+0100][57.073s][info][gc,phases      ] GC(211) Phase 5: Reset Metadata 0.287ms
[2025-03-16T15:59:17.721+0100][57.077s][info][gc,heap        ] GC(211) Eden regions: 0->0(3)
[2025-03-16T15:59:17.721+0100][57.077s][info][gc,heap        ] GC(211) Survivor regions: 0->0(0)
[2025-03-16T15:59:17.721+0100][57.077s][info][gc,heap        ] GC(211) Old regions: 511->508
[2025-03-16T15:59:17.721+0100][57.077s][info][gc,heap        ] GC(211) Humongous regions: 1->1
[2025-03-16T15:59:17.721+0100][57.077s][info][gc,metaspace   ] GC(211) Metaspace: 27307K(27840K)->27307K(27840K) NonClass: 23729K(24000K)->23729K(24000K) Class: 3578K(3840K)->3578K(3840K)
[2025-03-16T15:59:17.721+0100][57.077s][info][gc             ] GC(211) Pause Full (G1 Compaction Pause) 2044M->2030M(2048M) 393.713ms
[2025-03-16T15:59:17.721+0100][57.077s][info][gc,cpu         ] GC(211) User=2.88s Sys=0.12s Real=0.40s
[2025-03-16T15:59:17.726+0100][57.082s][info][gc,start       ] GC(212) Pause Young (Concurrent Start) (G1 Evacuation Pause)
[2025-03-16T15:59:17.726+0100][57.082s][info][gc,task        ] GC(212) Using 9 workers of 9 for evacuation
[2025-03-16T15:59:17.729+0100][57.084s][info][gc,phases      ] GC(212)   Pre Evacuate Collection Set: 0.1ms
[2025-03-16T15:59:17.729+0100][57.084s][info][gc,phases      ] GC(212)   Merge Heap Roots: 0.0ms
[2025-03-16T15:59:17.729+0100][57.084s][info][gc,phases      ] GC(212)   Evacuate Collection Set: 1.5ms
[2025-03-16T15:59:17.729+0100][57.084s][info][gc,phases      ] GC(212)   Post Evacuate Collection Set: 0.7ms
[2025-03-16T15:59:17.729+0100][57.084s][info][gc,phases      ] GC(212)   Other: 0.0ms
[2025-03-16T15:59:17.729+0100][57.084s][info][gc,heap        ] GC(212) Eden regions: 3->0(0)
[2025-03-16T15:59:17.729+0100][57.084s][info][gc,heap        ] GC(212) Survivor regions: 0->0(0)
[2025-03-16T15:59:17.729+0100][57.084s][info][gc,heap        ] GC(212) Old regions: 508->511
[2025-03-16T15:59:17.729+0100][57.084s][info][gc,heap        ] GC(212) Humongous regions: 1->1
[2025-03-16T15:59:17.729+0100][57.084s][info][gc,metaspace   ] GC(212) Metaspace: 27307K(27840K)->27307K(27840K) NonClass: 23729K(24000K)->23729K(24000K) Class: 3578K(3840K)->3578K(3840K)
[2025-03-16T15:59:17.729+0100][57.084s][info][gc             ] GC(212) Pause Young (Concurrent Start) (G1 Evacuation Pause) (Evacuation Failure) 2042M->2042M(2048M) 2.514ms
[2025-03-16T15:59:17.729+0100][57.084s][info][gc,cpu         ] GC(212) User=0.02s Sys=0.00s Real=0.00s
[2025-03-16T15:59:17.729+0100][57.084s][info][gc,ergo        ] Attempting full compaction
[2025-03-16T15:59:17.729+0100][57.084s][info][gc             ] GC(213) Concurrent Mark Cycle
[2025-03-16T15:59:17.729+0100][57.084s][info][gc,start       ] GC(214) Pause Full (G1 Compaction Pause)
[2025-03-16T15:59:17.729+0100][57.084s][info][gc,marking     ] GC(213) Concurrent Scan Root Regions
[2025-03-16T15:59:17.729+0100][57.084s][info][gc,task        ] GC(214) Using 9 workers of 9 for full compaction
[2025-03-16T15:59:17.729+0100][57.084s][info][gc,marking     ] GC(213) Concurrent Scan Root Regions 0.022ms
[2025-03-16T15:59:17.729+0100][57.084s][info][gc,marking     ] GC(213) Concurrent Mark
[2025-03-16T15:59:17.729+0100][57.084s][info][gc,marking     ] GC(213) Concurrent Mark From Roots
[2025-03-16T15:59:17.729+0100][57.084s][info][gc,task        ] GC(213) Using 2 workers of 2 for marking
[2025-03-16T15:59:17.729+0100][57.085s][info][gc,phases,start] GC(214) Phase 1: Mark live objects
[2025-03-16T15:59:17.929+0100][57.285s][info][gc,phases      ] GC(214) Phase 1: Mark live objects 200.293ms
[2025-03-16T15:59:17.929+0100][57.285s][info][gc,phases,start] GC(214) Phase 2: Prepare compaction
[2025-03-16T15:59:17.931+0100][57.287s][info][gc,phases      ] GC(214) Phase 2: Prepare compaction 1.832ms
[2025-03-16T15:59:17.931+0100][57.287s][info][gc,phases,start] GC(214) Phase 3: Adjust pointers
[2025-03-16T15:59:17.979+0100][57.335s][info][gc,phases      ] GC(214) Phase 3: Adjust pointers 47.884ms
[2025-03-16T15:59:17.979+0100][57.335s][info][gc,phases,start] GC(214) Phase 4: Compact heap
[2025-03-16T15:59:17.981+0100][57.336s][info][gc,phases      ] GC(214) Phase 4: Compact heap 1.694ms
[2025-03-16T15:59:17.981+0100][57.336s][info][gc,phases,start] GC(214) Phase 5: Reset Metadata
[2025-03-16T15:59:18.012+0100][57.367s][info][gc,phases      ] GC(214) Phase 5: Reset Metadata 30.631ms
[2025-03-16T15:59:18.016+0100][57.371s][info][gc,heap        ] GC(214) Eden regions: 0->0(2)
[2025-03-16T15:59:18.016+0100][57.371s][info][gc,heap        ] GC(214) Survivor regions: 0->0(0)
[2025-03-16T15:59:18.016+0100][57.371s][info][gc,heap        ] GC(214) Old regions: 511->509
[2025-03-16T15:59:18.016+0100][57.371s][info][gc,heap        ] GC(214) Humongous regions: 1->1
[2025-03-16T15:59:18.016+0100][57.371s][info][gc,metaspace   ] GC(214) Metaspace: 27307K(27840K)->27307K(27840K) NonClass: 23729K(24000K)->23729K(24000K) Class: 3578K(3840K)->3578K(3840K)
[2025-03-16T15:59:18.016+0100][57.371s][info][gc             ] GC(214) Pause Full (G1 Compaction Pause) 2042M->2037M(2048M) 287.240ms
[2025-03-16T15:59:18.016+0100][57.371s][info][gc,cpu         ] GC(214) User=2.19s Sys=0.13s Real=0.29s
[2025-03-16T15:59:18.016+0100][57.372s][info][gc,marking     ] GC(213) Concurrent Mark From Roots 287.296ms
[2025-03-16T15:59:18.016+0100][57.372s][info][gc,marking     ] GC(213) Concurrent Mark Abort
[2025-03-16T15:59:18.016+0100][57.372s][info][gc             ] GC(213) Concurrent Mark Cycle 287.380ms
[2025-03-16T15:59:18.023+0100][57.378s][info][gc,start       ] GC(215) Pause Young (Normal) (G1 Evacuation Pause)
[2025-03-16T15:59:18.023+0100][57.378s][info][gc,task        ] GC(215) Using 9 workers of 9 for evacuation
[2025-03-16T15:59:18.023+0100][57.379s][info][gc,phases      ] GC(215)   Pre Evacuate Collection Set: 0.1ms
[2025-03-16T15:59:18.023+0100][57.379s][info][gc,phases      ] GC(215)   Merge Heap Roots: 0.0ms
[2025-03-16T15:59:18.023+0100][57.379s][info][gc,phases      ] GC(215)   Evacuate Collection Set: 0.4ms
[2025-03-16T15:59:18.023+0100][57.379s][info][gc,phases      ] GC(215)   Post Evacuate Collection Set: 0.2ms
[2025-03-16T15:59:18.023+0100][57.379s][info][gc,phases      ] GC(215)   Other: 0.0ms
[2025-03-16T15:59:18.023+0100][57.379s][info][gc,heap        ] GC(215) Eden regions: 2->0(0)
[2025-03-16T15:59:18.023+0100][57.379s][info][gc,heap        ] GC(215) Survivor regions: 0->0(0)
[2025-03-16T15:59:18.023+0100][57.379s][info][gc,heap        ] GC(215) Old regions: 509->511
[2025-03-16T15:59:18.023+0100][57.379s][info][gc,heap        ] GC(215) Humongous regions: 1->1
[2025-03-16T15:59:18.023+0100][57.379s][info][gc,metaspace   ] GC(215) Metaspace: 27307K(27840K)->27307K(27840K) NonClass: 23729K(24000K)->23729K(24000K) Class: 3578K(3840K)->3578K(3840K)
[2025-03-16T15:59:18.024+0100][57.379s][info][gc             ] GC(215) Pause Young (Normal) (G1 Evacuation Pause) (Evacuation Failure) 2045M->2045M(2048M) 0.883ms
[2025-03-16T15:59:18.024+0100][57.379s][info][gc,cpu         ] GC(215) User=0.00s Sys=0.00s Real=0.00s
[2025-03-16T15:59:18.024+0100][57.379s][info][gc,ergo        ] Attempting full compaction
[2025-03-16T15:59:18.024+0100][57.379s][info][gc,start       ] GC(216) Pause Full (G1 Compaction Pause)
[2025-03-16T15:59:18.024+0100][57.379s][info][gc,task        ] GC(216) Using 9 workers of 9 for full compaction
[2025-03-16T15:59:18.024+0100][57.379s][info][gc,phases,start] GC(216) Phase 1: Mark live objects
[2025-03-16T15:59:18.223+0100][57.579s][info][gc,phases      ] GC(216) Phase 1: Mark live objects 199.497ms
[2025-03-16T15:59:18.223+0100][57.579s][info][gc,phases,start] GC(216) Phase 2: Prepare compaction
[2025-03-16T15:59:18.224+0100][57.579s][info][gc,phases      ] GC(216) Phase 2: Prepare compaction 0.413ms
[2025-03-16T15:59:18.224+0100][57.579s][info][gc,phases,start] GC(216) Phase 3: Adjust pointers
[2025-03-16T15:59:18.273+0100][57.629s][info][gc,phases      ] GC(216) Phase 3: Adjust pointers 49.899ms
[2025-03-16T15:59:18.274+0100][57.629s][info][gc,phases,start] GC(216) Phase 4: Compact heap
[2025-03-16T15:59:18.274+0100][57.629s][info][gc,phases      ] GC(216) Phase 4: Compact heap 0.447ms
[2025-03-16T15:59:18.274+0100][57.629s][info][gc,phases,start] GC(216) Phase 5: Reset Metadata
[2025-03-16T15:59:18.304+0100][57.660s][info][gc,phases      ] GC(216) Phase 5: Reset Metadata 30.513ms
[2025-03-16T15:59:18.309+0100][57.664s][info][gc,heap        ] GC(216) Eden regions: 0->0(2)
[2025-03-16T15:59:18.309+0100][57.664s][info][gc,heap        ] GC(216) Survivor regions: 0->0(0)
[2025-03-16T15:59:18.309+0100][57.664s][info][gc,heap        ] GC(216) Old regions: 511->509
[2025-03-16T15:59:18.309+0100][57.664s][info][gc,heap        ] GC(216) Humongous regions: 1->1
[2025-03-16T15:59:18.309+0100][57.664s][info][gc,metaspace   ] GC(216) Metaspace: 27307K(27840K)->27307K(27840K) NonClass: 23729K(24000K)->23729K(24000K) Class: 3578K(3840K)->3578K(3840K)
[2025-03-16T15:59:18.309+0100][57.664s][info][gc             ] GC(216) Pause Full (G1 Compaction Pause) 2045M->2037M(2048M) 285.396ms
[2025-03-16T15:59:18.309+0100][57.664s][info][gc,cpu         ] GC(216) User=2.21s Sys=0.13s Real=0.28s
[2025-03-16T15:59:18.316+0100][57.671s][info][gc,start       ] GC(217) Pause Young (Concurrent Start) (G1 Evacuation Pause)
[2025-03-16T15:59:18.316+0100][57.671s][info][gc,task        ] GC(217) Using 9 workers of 9 for evacuation
[2025-03-16T15:59:18.316+0100][57.672s][info][gc,phases      ] GC(217)   Pre Evacuate Collection Set: 0.1ms
[2025-03-16T15:59:18.316+0100][57.672s][info][gc,phases      ] GC(217)   Merge Heap Roots: 0.0ms
[2025-03-16T15:59:18.316+0100][57.672s][info][gc,phases      ] GC(217)   Evacuate Collection Set: 0.3ms
[2025-03-16T15:59:18.316+0100][57.672s][info][gc,phases      ] GC(217)   Post Evacuate Collection Set: 0.2ms
[2025-03-16T15:59:18.316+0100][57.672s][info][gc,phases      ] GC(217)   Other: 0.0ms
[2025-03-16T15:59:18.316+0100][57.672s][info][gc,heap        ] GC(217) Eden regions: 2->0(0)
[2025-03-16T15:59:18.316+0100][57.672s][info][gc,heap        ] GC(217) Survivor regions: 0->0(0)
[2025-03-16T15:59:18.316+0100][57.672s][info][gc,heap        ] GC(217) Old regions: 509->511
[2025-03-16T15:59:18.316+0100][57.672s][info][gc,heap        ] GC(217) Humongous regions: 1->1
[2025-03-16T15:59:18.316+0100][57.672s][info][gc,metaspace   ] GC(217) Metaspace: 27307K(27840K)->27307K(27840K) NonClass: 23729K(24000K)->23729K(24000K) Class: 3578K(3840K)->3578K(3840K)
[2025-03-16T15:59:18.316+0100][57.672s][info][gc             ] GC(217) Pause Young (Concurrent Start) (G1 Evacuation Pause) (Evacuation Failure) 2045M->2045M(2048M) 0.821ms
[2025-03-16T15:59:18.316+0100][57.672s][info][gc,cpu         ] GC(217) User=0.01s Sys=0.00s Real=0.00s
[2025-03-16T15:59:18.316+0100][57.672s][info][gc,ergo        ] Attempting full compaction
[2025-03-16T15:59:18.316+0100][57.672s][info][gc             ] GC(218) Concurrent Mark Cycle
[2025-03-16T15:59:18.316+0100][57.672s][info][gc,start       ] GC(219) Pause Full (G1 Compaction Pause)
[2025-03-16T15:59:18.316+0100][57.672s][info][gc,marking     ] GC(218) Concurrent Scan Root Regions
[2025-03-16T15:59:18.316+0100][57.672s][info][gc,task        ] GC(219) Using 9 workers of 9 for full compaction
[2025-03-16T15:59:18.316+0100][57.672s][info][gc,marking     ] GC(218) Concurrent Scan Root Regions 0.023ms
[2025-03-16T15:59:18.317+0100][57.672s][info][gc,marking     ] GC(218) Concurrent Mark
[2025-03-16T15:59:18.317+0100][57.672s][info][gc,marking     ] GC(218) Concurrent Mark From Roots
[2025-03-16T15:59:18.317+0100][57.672s][info][gc,task        ] GC(218) Using 2 workers of 2 for marking
[2025-03-16T15:59:18.317+0100][57.672s][info][gc,phases,start] GC(219) Phase 1: Mark live objects
[2025-03-16T15:59:18.567+0100][57.923s][info][gc,phases      ] GC(219) Phase 1: Mark live objects 250.255ms
[2025-03-16T15:59:18.567+0100][57.923s][info][gc,phases,start] GC(219) Phase 2: Prepare compaction
[2025-03-16T15:59:18.568+0100][57.923s][info][gc,phases      ] GC(219) Phase 2: Prepare compaction 0.439ms
[2025-03-16T15:59:18.568+0100][57.923s][info][gc,phases,start] GC(219) Phase 3: Adjust pointers
[2025-03-16T15:59:18.619+0100][57.974s][info][gc,phases      ] GC(219) Phase 3: Adjust pointers 51.129ms
[2025-03-16T15:59:18.619+0100][57.974s][info][gc,phases,start] GC(219) Phase 4: Compact heap
[2025-03-16T15:59:18.619+0100][57.975s][info][gc,phases      ] GC(219) Phase 4: Compact heap 0.492ms
[2025-03-16T15:59:18.619+0100][57.975s][info][gc,phases,start] GC(219) Phase 5: Reset Metadata
[2025-03-16T15:59:18.651+0100][58.007s][info][gc,phases      ] GC(219) Phase 5: Reset Metadata 31.800ms
[2025-03-16T15:59:18.656+0100][58.011s][info][gc,heap        ] GC(219) Eden regions: 0->0(2)
[2025-03-16T15:59:18.656+0100][58.011s][info][gc,heap        ] GC(219) Survivor regions: 0->0(0)
[2025-03-16T15:59:18.656+0100][58.011s][info][gc,heap        ] GC(219) Old regions: 511->509
[2025-03-16T15:59:18.656+0100][58.011s][info][gc,heap        ] GC(219) Humongous regions: 1->1
[2025-03-16T15:59:18.656+0100][58.011s][info][gc,metaspace   ] GC(219) Metaspace: 27307K(27840K)->27307K(27840K) NonClass: 23729K(24000K)->23729K(24000K) Class: 3578K(3840K)->3578K(3840K)
[2025-03-16T15:59:18.656+0100][58.011s][info][gc             ] GC(219) Pause Full (G1 Compaction Pause) 2045M->2037M(2048M) 339.286ms
[2025-03-16T15:59:18.656+0100][58.011s][info][gc,cpu         ] GC(219) User=2.30s Sys=0.10s Real=0.34s
[2025-03-16T15:59:18.656+0100][58.011s][info][gc,marking     ] GC(218) Concurrent Mark From Roots 339.321ms
[2025-03-16T15:59:18.656+0100][58.011s][info][gc,marking     ] GC(218) Concurrent Mark Abort
[2025-03-16T15:59:18.656+0100][58.011s][info][gc             ] GC(218) Concurrent Mark Cycle 339.402ms
[2025-03-16T15:59:18.663+0100][58.018s][info][gc,start       ] GC(220) Pause Young (Normal) (G1 Evacuation Pause)
[2025-03-16T15:59:18.663+0100][58.018s][info][gc,task        ] GC(220) Using 9 workers of 9 for evacuation
[2025-03-16T15:59:18.663+0100][58.019s][info][gc,phases      ] GC(220)   Pre Evacuate Collection Set: 0.1ms
[2025-03-16T15:59:18.663+0100][58.019s][info][gc,phases      ] GC(220)   Merge Heap Roots: 0.0ms
[2025-03-16T15:59:18.663+0100][58.019s][info][gc,phases      ] GC(220)   Evacuate Collection Set: 0.4ms
[2025-03-16T15:59:18.663+0100][58.019s][info][gc,phases      ] GC(220)   Post Evacuate Collection Set: 0.2ms
[2025-03-16T15:59:18.663+0100][58.019s][info][gc,phases      ] GC(220)   Other: 0.0ms
[2025-03-16T15:59:18.663+0100][58.019s][info][gc,heap        ] GC(220) Eden regions: 2->0(0)
[2025-03-16T15:59:18.663+0100][58.019s][info][gc,heap        ] GC(220) Survivor regions: 0->0(0)
[2025-03-16T15:59:18.663+0100][58.019s][info][gc,heap        ] GC(220) Old regions: 509->511
[2025-03-16T15:59:18.663+0100][58.019s][info][gc,heap        ] GC(220) Humongous regions: 1->1
[2025-03-16T15:59:18.663+0100][58.019s][info][gc,metaspace   ] GC(220) Metaspace: 27307K(27840K)->27307K(27840K) NonClass: 23729K(24000K)->23729K(24000K) Class: 3578K(3840K)->3578K(3840K)
[2025-03-16T15:59:18.663+0100][58.019s][info][gc             ] GC(220) Pause Young (Normal) (G1 Evacuation Pause) (Evacuation Failure) 2045M->2045M(2048M) 0.882ms
[2025-03-16T15:59:18.664+0100][58.019s][info][gc,cpu         ] GC(220) User=0.00s Sys=0.00s Real=0.00s
[2025-03-16T15:59:18.664+0100][58.019s][info][gc,ergo        ] Attempting full compaction
[2025-03-16T15:59:18.664+0100][58.019s][info][gc,start       ] GC(221) Pause Full (G1 Compaction Pause)
[2025-03-16T15:59:18.664+0100][58.019s][info][gc,task        ] GC(221) Using 9 workers of 9 for full compaction
[2025-03-16T15:59:18.664+0100][58.019s][info][gc,phases,start] GC(221) Phase 1: Mark live objects
[2025-03-16T15:59:18.865+0100][58.221s][info][gc,phases      ] GC(221) Phase 1: Mark live objects 201.598ms
[2025-03-16T15:59:18.865+0100][58.221s][info][gc,phases,start] GC(221) Phase 2: Prepare compaction
[2025-03-16T15:59:18.866+0100][58.221s][info][gc,phases      ] GC(221) Phase 2: Prepare compaction 0.479ms
[2025-03-16T15:59:18.866+0100][58.221s][info][gc,phases,start] GC(221) Phase 3: Adjust pointers
[2025-03-16T15:59:18.914+0100][58.270s][info][gc,phases      ] GC(221) Phase 3: Adjust pointers 48.454ms
[2025-03-16T15:59:18.914+0100][58.270s][info][gc,phases,start] GC(221) Phase 4: Compact heap
[2025-03-16T15:59:18.915+0100][58.270s][info][gc,phases      ] GC(221) Phase 4: Compact heap 0.516ms
[2025-03-16T15:59:18.915+0100][58.270s][info][gc,phases,start] GC(221) Phase 5: Reset Metadata
[2025-03-16T15:59:18.946+0100][58.301s][info][gc,phases      ] GC(221) Phase 5: Reset Metadata 30.896ms
[2025-03-16T15:59:18.950+0100][58.306s][info][gc,heap        ] GC(221) Eden regions: 0->0(2)
[2025-03-16T15:59:18.950+0100][58.306s][info][gc,heap        ] GC(221) Survivor regions: 0->0(0)
[2025-03-16T15:59:18.950+0100][58.306s][info][gc,heap        ] GC(221) Old regions: 511->509
[2025-03-16T15:59:18.950+0100][58.306s][info][gc,heap        ] GC(221) Humongous regions: 1->1
[2025-03-16T15:59:18.950+0100][58.306s][info][gc,metaspace   ] GC(221) Metaspace: 27307K(27840K)->27307K(27840K) NonClass: 23729K(24000K)->23729K(24000K) Class: 3578K(3840K)->3578K(3840K)
[2025-03-16T15:59:18.950+0100][58.306s][info][gc             ] GC(221) Pause Full (G1 Compaction Pause) 2045M->2038M(2048M) 286.568ms
[2025-03-16T15:59:18.950+0100][58.306s][info][gc,cpu         ] GC(221) User=2.22s Sys=0.12s Real=0.29s
[2025-03-16T15:59:18.957+0100][58.312s][info][gc,start       ] GC(222) Pause Young (Concurrent Start) (G1 Evacuation Pause)
[2025-03-16T15:59:18.957+0100][58.312s][info][gc,task        ] GC(222) Using 9 workers of 9 for evacuation
[2025-03-16T15:59:18.958+0100][58.313s][info][gc,phases      ] GC(222)   Pre Evacuate Collection Set: 0.1ms
[2025-03-16T15:59:18.958+0100][58.313s][info][gc,phases      ] GC(222)   Merge Heap Roots: 0.0ms
[2025-03-16T15:59:18.958+0100][58.313s][info][gc,phases      ] GC(222)   Evacuate Collection Set: 0.3ms
[2025-03-16T15:59:18.958+0100][58.313s][info][gc,phases      ] GC(222)   Post Evacuate Collection Set: 0.2ms
[2025-03-16T15:59:18.958+0100][58.313s][info][gc,phases      ] GC(222)   Other: 0.0ms
[2025-03-16T15:59:18.958+0100][58.313s][info][gc,heap        ] GC(222) Eden regions: 2->0(0)
[2025-03-16T15:59:18.958+0100][58.313s][info][gc,heap        ] GC(222) Survivor regions: 0->0(0)
[2025-03-16T15:59:18.958+0100][58.313s][info][gc,heap        ] GC(222) Old regions: 509->511
[2025-03-16T15:59:18.958+0100][58.313s][info][gc,heap        ] GC(222) Humongous regions: 1->1
[2025-03-16T15:59:18.958+0100][58.313s][info][gc,metaspace   ] GC(222) Metaspace: 27307K(27840K)->27307K(27840K) NonClass: 23729K(24000K)->23729K(24000K) Class: 3578K(3840K)->3578K(3840K)
[2025-03-16T15:59:18.958+0100][58.313s][info][gc             ] GC(222) Pause Young (Concurrent Start) (G1 Evacuation Pause) (Evacuation Failure) 2046M->2046M(2048M) 0.876ms
[2025-03-16T15:59:18.958+0100][58.313s][info][gc,cpu         ] GC(222) User=0.00s Sys=0.00s Real=0.00s
[2025-03-16T15:59:18.958+0100][58.313s][info][gc,ergo        ] Attempting full compaction
[2025-03-16T15:59:18.958+0100][58.313s][info][gc             ] GC(223) Concurrent Mark Cycle
[2025-03-16T15:59:18.958+0100][58.313s][info][gc,start       ] GC(224) Pause Full (G1 Compaction Pause)
[2025-03-16T15:59:18.958+0100][58.313s][info][gc,marking     ] GC(223) Concurrent Scan Root Regions
[2025-03-16T15:59:18.958+0100][58.313s][info][gc,task        ] GC(224) Using 9 workers of 9 for full compaction
[2025-03-16T15:59:18.958+0100][58.313s][info][gc,marking     ] GC(223) Concurrent Scan Root Regions 0.015ms
[2025-03-16T15:59:18.958+0100][58.313s][info][gc,marking     ] GC(223) Concurrent Mark
[2025-03-16T15:59:18.958+0100][58.313s][info][gc,marking     ] GC(223) Concurrent Mark From Roots
[2025-03-16T15:59:18.958+0100][58.313s][info][gc,task        ] GC(223) Using 2 workers of 2 for marking
[2025-03-16T15:59:18.958+0100][58.313s][info][gc,phases,start] GC(224) Phase 1: Mark live objects
[2025-03-16T15:59:19.182+0100][58.537s][info][gc,phases      ] GC(224) Phase 1: Mark live objects 223.885ms
[2025-03-16T15:59:19.182+0100][58.537s][info][gc,phases,start] GC(224) Phase 2: Prepare compaction
[2025-03-16T15:59:19.182+0100][58.538s][info][gc,phases      ] GC(224) Phase 2: Prepare compaction 0.519ms
[2025-03-16T15:59:19.182+0100][58.538s][info][gc,phases,start] GC(224) Phase 3: Adjust pointers
[2025-03-16T15:59:19.231+0100][58.587s][info][gc,phases      ] GC(224) Phase 3: Adjust pointers 48.626ms
[2025-03-16T15:59:19.231+0100][58.587s][info][gc,phases,start] GC(224) Phase 4: Compact heap
[2025-03-16T15:59:19.232+0100][58.587s][info][gc,phases      ] GC(224) Phase 4: Compact heap 0.546ms
[2025-03-16T15:59:19.232+0100][58.587s][info][gc,phases,start] GC(224) Phase 5: Reset Metadata
[2025-03-16T15:59:19.264+0100][58.620s][info][gc,phases      ] GC(224) Phase 5: Reset Metadata 32.702ms
[2025-03-16T15:59:19.269+0100][58.624s][info][gc,heap        ] GC(224) Eden regions: 0->0(2)
[2025-03-16T15:59:19.269+0100][58.624s][info][gc,heap        ] GC(224) Survivor regions: 0->0(0)
[2025-03-16T15:59:19.269+0100][58.624s][info][gc,heap        ] GC(224) Old regions: 511->509
[2025-03-16T15:59:19.269+0100][58.624s][info][gc,heap        ] GC(224) Humongous regions: 1->1
[2025-03-16T15:59:19.269+0100][58.624s][info][gc,metaspace   ] GC(224) Metaspace: 27307K(27840K)->27307K(27840K) NonClass: 23729K(24000K)->23729K(24000K) Class: 3578K(3840K)->3578K(3840K)
[2025-03-16T15:59:19.269+0100][58.624s][info][gc             ] GC(224) Pause Full (G1 Compaction Pause) 2046M->2038M(2048M) 311.236ms
[2025-03-16T15:59:19.269+0100][58.624s][info][gc,cpu         ] GC(224) User=2.39s Sys=0.10s Real=0.31s
[2025-03-16T15:59:19.269+0100][58.624s][info][gc,marking     ] GC(223) Concurrent Mark From Roots 311.282ms
[2025-03-16T15:59:19.269+0100][58.625s][info][gc,marking     ] GC(223) Concurrent Mark Abort
[2025-03-16T15:59:19.269+0100][58.625s][info][gc             ] GC(223) Concurrent Mark Cycle 311.383ms
[2025-03-16T15:59:19.273+0100][58.629s][info][gc,start       ] GC(225) Pause Young (Normal) (G1 Evacuation Pause)
[2025-03-16T15:59:19.273+0100][58.629s][info][gc,task        ] GC(225) Using 9 workers of 9 for evacuation
[2025-03-16T15:59:19.275+0100][58.631s][info][gc,phases      ] GC(225)   Pre Evacuate Collection Set: 0.1ms
[2025-03-16T15:59:19.275+0100][58.631s][info][gc,phases      ] GC(225)   Merge Heap Roots: 0.1ms
[2025-03-16T15:59:19.275+0100][58.631s][info][gc,phases      ] GC(225)   Evacuate Collection Set: 1.3ms
[2025-03-16T15:59:19.275+0100][58.631s][info][gc,phases      ] GC(225)   Post Evacuate Collection Set: 0.6ms
[2025-03-16T15:59:19.275+0100][58.631s][info][gc,phases      ] GC(225)   Other: 0.0ms
[2025-03-16T15:59:19.275+0100][58.631s][info][gc,heap        ] GC(225) Eden regions: 2->0(0)
[2025-03-16T15:59:19.275+0100][58.631s][info][gc,heap        ] GC(225) Survivor regions: 0->0(0)
[2025-03-16T15:59:19.275+0100][58.631s][info][gc,heap        ] GC(225) Old regions: 509->511
[2025-03-16T15:59:19.275+0100][58.631s][info][gc,heap        ] GC(225) Humongous regions: 1->1
[2025-03-16T15:59:19.276+0100][58.631s][info][gc,metaspace   ] GC(225) Metaspace: 27307K(27840K)->27307K(27840K) NonClass: 23729K(24000K)->23729K(24000K) Class: 3578K(3840K)->3578K(3840K)
[2025-03-16T15:59:19.276+0100][58.631s][info][gc             ] GC(225) Pause Young (Normal) (G1 Evacuation Pause) (Evacuation Failure) 2046M->2046M(2048M) 2.320ms
[2025-03-16T15:59:19.276+0100][58.631s][info][gc,cpu         ] GC(225) User=0.02s Sys=0.00s Real=0.00s
[2025-03-16T15:59:19.276+0100][58.631s][info][gc,ergo        ] Attempting full compaction
[2025-03-16T15:59:19.276+0100][58.631s][info][gc,start       ] GC(226) Pause Full (G1 Compaction Pause)
[2025-03-16T15:59:19.276+0100][58.631s][info][gc,task        ] GC(226) Using 9 workers of 9 for full compaction
[2025-03-16T15:59:19.276+0100][58.631s][info][gc,phases,start] GC(226) Phase 1: Mark live objects
[2025-03-16T15:59:19.598+0100][58.954s][info][gc,phases      ] GC(226) Phase 1: Mark live objects 322.514ms
[2025-03-16T15:59:19.598+0100][58.954s][info][gc,phases,start] GC(226) Phase 2: Prepare compaction
[2025-03-16T15:59:19.600+0100][58.956s][info][gc,phases      ] GC(226) Phase 2: Prepare compaction 2.097ms
[2025-03-16T15:59:19.600+0100][58.956s][info][gc,phases,start] GC(226) Phase 3: Adjust pointers
[2025-03-16T15:59:19.651+0100][59.007s][info][gc,phases      ] GC(226) Phase 3: Adjust pointers 50.988ms
[2025-03-16T15:59:19.651+0100][59.007s][info][gc,phases,start] GC(226) Phase 4: Compact heap
[2025-03-16T15:59:19.653+0100][59.009s][info][gc,phases      ] GC(226) Phase 4: Compact heap 2.130ms
[2025-03-16T15:59:19.653+0100][59.009s][info][gc,phases,start] GC(226) Phase 5: Reset Metadata
[2025-03-16T15:59:19.684+0100][59.039s][info][gc,phases      ] GC(226) Phase 5: Reset Metadata 30.452ms
[2025-03-16T15:59:19.688+0100][59.044s][info][gc,heap        ] GC(226) Eden regions: 0->0(1)
[2025-03-16T15:59:19.688+0100][59.044s][info][gc,heap        ] GC(226) Survivor regions: 0->0(0)
[2025-03-16T15:59:19.688+0100][59.044s][info][gc,heap        ] GC(226) Old regions: 511->510
[2025-03-16T15:59:19.688+0100][59.044s][info][gc,heap        ] GC(226) Humongous regions: 1->1
[2025-03-16T15:59:19.688+0100][59.044s][info][gc,metaspace   ] GC(226) Metaspace: 27307K(27840K)->27307K(27840K) NonClass: 23729K(24000K)->23729K(24000K) Class: 3578K(3840K)->3578K(3840K)
[2025-03-16T15:59:19.688+0100][59.044s][info][gc             ] GC(226) Pause Full (G1 Compaction Pause) 2046M->2042M(2048M) 412.819ms
[2025-03-16T15:59:19.688+0100][59.044s][info][gc,cpu         ] GC(226) User=3.22s Sys=0.12s Real=0.41s
[2025-03-16T15:59:19.689+0100][59.045s][info][gc,start       ] GC(227) Pause Young (Concurrent Start) (G1 Evacuation Pause)
[2025-03-16T15:59:19.689+0100][59.045s][info][gc,task        ] GC(227) Using 9 workers of 9 for evacuation
[2025-03-16T15:59:19.691+0100][59.046s][info][gc,phases      ] GC(227)   Pre Evacuate Collection Set: 0.1ms
[2025-03-16T15:59:19.691+0100][59.046s][info][gc,phases      ] GC(227)   Merge Heap Roots: 0.0ms
[2025-03-16T15:59:19.691+0100][59.046s][info][gc,phases      ] GC(227)   Evacuate Collection Set: 0.8ms
[2025-03-16T15:59:19.691+0100][59.046s][info][gc,phases      ] GC(227)   Post Evacuate Collection Set: 0.4ms
[2025-03-16T15:59:19.691+0100][59.046s][info][gc,phases      ] GC(227)   Other: 0.0ms
[2025-03-16T15:59:19.691+0100][59.046s][info][gc,heap        ] GC(227) Eden regions: 1->0(0)
[2025-03-16T15:59:19.691+0100][59.046s][info][gc,heap        ] GC(227) Survivor regions: 0->0(0)
[2025-03-16T15:59:19.691+0100][59.046s][info][gc,heap        ] GC(227) Old regions: 510->511
[2025-03-16T15:59:19.691+0100][59.046s][info][gc,heap        ] GC(227) Humongous regions: 1->1
[2025-03-16T15:59:19.691+0100][59.046s][info][gc,metaspace   ] GC(227) Metaspace: 27307K(27840K)->27307K(27840K) NonClass: 23729K(24000K)->23729K(24000K) Class: 3578K(3840K)->3578K(3840K)
[2025-03-16T15:59:19.691+0100][59.046s][info][gc             ] GC(227) Pause Young (Concurrent Start) (G1 Evacuation Pause) (Evacuation Failure) 2046M->2046M(2048M) 1.489ms
[2025-03-16T15:59:19.691+0100][59.046s][info][gc,cpu         ] GC(227) User=0.00s Sys=0.00s Real=0.01s
[2025-03-16T15:59:19.691+0100][59.046s][info][gc,ergo        ] Attempting full compaction
[2025-03-16T15:59:19.691+0100][59.046s][info][gc,start       ] GC(228) Pause Full (G1 Compaction Pause)
[2025-03-16T15:59:19.691+0100][59.046s][info][gc             ] GC(229) Concurrent Mark Cycle
[2025-03-16T15:59:19.691+0100][59.046s][info][gc,task        ] GC(228) Using 9 workers of 9 for full compaction
[2025-03-16T15:59:19.691+0100][59.046s][info][gc,marking     ] GC(229) Concurrent Scan Root Regions
[2025-03-16T15:59:19.691+0100][59.046s][info][gc,marking     ] GC(229) Concurrent Scan Root Regions 0.022ms
[2025-03-16T15:59:19.691+0100][59.046s][info][gc,marking     ] GC(229) Concurrent Mark
[2025-03-16T15:59:19.691+0100][59.046s][info][gc,marking     ] GC(229) Concurrent Mark From Roots
[2025-03-16T15:59:19.691+0100][59.046s][info][gc,task        ] GC(229) Using 2 workers of 2 for marking
[2025-03-16T15:59:19.691+0100][59.047s][info][gc,phases,start] GC(228) Phase 1: Mark live objects
[2025-03-16T15:59:19.893+0100][59.248s][info][gc,phases      ] GC(228) Phase 1: Mark live objects 201.877ms
[2025-03-16T15:59:19.893+0100][59.248s][info][gc,phases,start] GC(228) Phase 2: Prepare compaction
[2025-03-16T15:59:19.894+0100][59.249s][info][gc,phases      ] GC(228) Phase 2: Prepare compaction 0.994ms
[2025-03-16T15:59:19.894+0100][59.250s][info][gc,phases,start] GC(228) Phase 3: Adjust pointers
[2025-03-16T15:59:19.942+0100][59.297s][info][gc,phases      ] GC(228) Phase 3: Adjust pointers 47.567ms
[2025-03-16T15:59:19.942+0100][59.297s][info][gc,phases,start] GC(228) Phase 4: Compact heap
[2025-03-16T15:59:19.943+0100][59.298s][info][gc,phases      ] GC(228) Phase 4: Compact heap 0.930ms
[2025-03-16T15:59:19.943+0100][59.298s][info][gc,phases,start] GC(228) Phase 5: Reset Metadata
[2025-03-16T15:59:19.973+0100][59.328s][info][gc,phases      ] GC(228) Phase 5: Reset Metadata 30.319ms
[2025-03-16T15:59:19.977+0100][59.333s][info][gc,heap        ] GC(228) Eden regions: 0->0(0)
[2025-03-16T15:59:19.977+0100][59.333s][info][gc,heap        ] GC(228) Survivor regions: 0->0(0)
[2025-03-16T15:59:19.977+0100][59.333s][info][gc,heap        ] GC(228) Old regions: 511->511
[2025-03-16T15:59:19.977+0100][59.333s][info][gc,heap        ] GC(228) Humongous regions: 1->1
[2025-03-16T15:59:19.977+0100][59.333s][info][gc,metaspace   ] GC(228) Metaspace: 27307K(27840K)->27307K(27840K) NonClass: 23729K(24000K)->23729K(24000K) Class: 3578K(3840K)->3578K(3840K)
[2025-03-16T15:59:19.977+0100][59.333s][info][gc             ] GC(228) Pause Full (G1 Compaction Pause) 2046M->2044M(2048M) 286.642ms
[2025-03-16T15:59:19.977+0100][59.333s][info][gc,cpu         ] GC(228) User=2.22s Sys=0.12s Real=0.28s
[2025-03-16T15:59:19.977+0100][59.333s][info][gc,ergo        ] Attempting maximal full compaction clearing soft references
[2025-03-16T15:59:19.977+0100][59.333s][info][gc,start       ] GC(230) Pause Full (G1 Compaction Pause)
[2025-03-16T15:59:19.977+0100][59.333s][info][gc,task        ] GC(230) Using 9 workers of 9 for full compaction
[2025-03-16T15:59:19.978+0100][59.333s][info][gc,phases,start] GC(230) Phase 1: Mark live objects
[2025-03-16T15:59:20.179+0100][59.534s][info][gc,phases      ] GC(230) Phase 1: Mark live objects 200.845ms
[2025-03-16T15:59:20.179+0100][59.534s][info][gc,phases,start] GC(230) Phase 2: Prepare compaction
[2025-03-16T15:59:20.237+0100][59.592s][info][gc,phases      ] GC(230) Phase 2: Prepare compaction 58.301ms
[2025-03-16T15:59:20.237+0100][59.592s][info][gc,phases,start] GC(230) Phase 3: Adjust pointers
[2025-03-16T15:59:20.295+0100][59.651s][info][gc,phases      ] GC(230) Phase 3: Adjust pointers 58.247ms
[2025-03-16T15:59:20.295+0100][59.651s][info][gc,phases,start] GC(230) Phase 4: Compact heap
[2025-03-16T15:59:20.340+0100][59.696s][info][gc,phases      ] GC(230) Phase 4: Compact heap 44.818ms
[2025-03-16T15:59:20.340+0100][59.696s][info][gc,phases,start] GC(230) Phase 5: Reset Metadata
[2025-03-16T15:59:20.340+0100][59.696s][info][gc,phases      ] GC(230) Phase 5: Reset Metadata 0.236ms
[2025-03-16T15:59:20.345+0100][59.700s][info][gc,heap        ] GC(230) Eden regions: 0->0(0)
[2025-03-16T15:59:20.345+0100][59.701s][info][gc,heap        ] GC(230) Survivor regions: 0->0(0)
[2025-03-16T15:59:20.345+0100][59.701s][info][gc,heap        ] GC(230) Old regions: 511->511
[2025-03-16T15:59:20.345+0100][59.701s][info][gc,heap        ] GC(230) Humongous regions: 1->1
[2025-03-16T15:59:20.345+0100][59.701s][info][gc,metaspace   ] GC(230) Metaspace: 27307K(27840K)->27307K(27840K) NonClass: 23729K(24000K)->23729K(24000K) Class: 3578K(3840K)->3578K(3840K)
[2025-03-16T15:59:20.345+0100][59.701s][info][gc             ] GC(230) Pause Full (G1 Compaction Pause) 2044M->2044M(2048M) 367.629ms
[2025-03-16T15:59:20.345+0100][59.701s][info][gc,cpu         ] GC(230) User=2.71s Sys=0.13s Real=0.37s
[2025-03-16T15:59:20.345+0100][59.701s][info][gc,marking     ] GC(229) Concurrent Mark From Roots 654.351ms
[2025-03-16T15:59:20.345+0100][59.701s][info][gc,start       ] GC(231) Pause Young (Normal) (G1 Evacuation Pause)
[2025-03-16T15:59:20.345+0100][59.701s][info][gc,task        ] GC(231) Using 9 workers of 9 for evacuation
[2025-03-16T15:59:20.346+0100][59.701s][info][gc,phases      ] GC(231)   Pre Evacuate Collection Set: 0.1ms
[2025-03-16T15:59:20.346+0100][59.701s][info][gc,phases      ] GC(231)   Merge Heap Roots: 0.0ms
[2025-03-16T15:59:20.346+0100][59.701s][info][gc,phases      ] GC(231)   Evacuate Collection Set: 0.2ms
[2025-03-16T15:59:20.346+0100][59.701s][info][gc,phases      ] GC(231)   Post Evacuate Collection Set: 0.2ms
[2025-03-16T15:59:20.346+0100][59.701s][info][gc,phases      ] GC(231)   Other: 0.0ms
[2025-03-16T15:59:20.346+0100][59.701s][info][gc,heap        ] GC(231) Eden regions: 0->0(0)
[2025-03-16T15:59:20.346+0100][59.701s][info][gc,heap        ] GC(231) Survivor regions: 0->0(0)
[2025-03-16T15:59:20.346+0100][59.701s][info][gc,heap        ] GC(231) Old regions: 511->511
[2025-03-16T15:59:20.346+0100][59.701s][info][gc,heap        ] GC(231) Humongous regions: 1->1
[2025-03-16T15:59:20.346+0100][59.701s][info][gc,metaspace   ] GC(231) Metaspace: 27307K(27840K)->27307K(27840K) NonClass: 23729K(24000K)->23729K(24000K) Class: 3578K(3840K)->3578K(3840K)
[2025-03-16T15:59:20.346+0100][59.701s][info][gc             ] GC(231) Pause Young (Normal) (G1 Evacuation Pause) 2044M->2044M(2048M) 0.660ms
[2025-03-16T15:59:20.346+0100][59.701s][info][gc,cpu         ] GC(231) User=0.00s Sys=0.00s Real=0.00s
[2025-03-16T15:59:20.346+0100][59.701s][info][gc,ergo        ] Attempting full compaction
[2025-03-16T15:59:20.346+0100][59.701s][info][gc,start       ] GC(232) Pause Full (G1 Compaction Pause)
[2025-03-16T15:59:20.346+0100][59.701s][info][gc,task        ] GC(232) Using 9 workers of 9 for full compaction
[2025-03-16T15:59:20.346+0100][59.702s][info][gc,phases,start] GC(232) Phase 1: Mark live objects
[2025-03-16T15:59:20.551+0100][59.907s][info][gc,phases      ] GC(232) Phase 1: Mark live objects 205.052ms
[2025-03-16T15:59:20.551+0100][59.907s][info][gc,phases,start] GC(232) Phase 2: Prepare compaction
[2025-03-16T15:59:20.551+0100][59.907s][info][gc,phases      ] GC(232) Phase 2: Prepare compaction 0.100ms
[2025-03-16T15:59:20.551+0100][59.907s][info][gc,phases,start] GC(232) Phase 3: Adjust pointers
[2025-03-16T15:59:20.601+0100][59.957s][info][gc,phases      ] GC(232) Phase 3: Adjust pointers 49.619ms
[2025-03-16T15:59:20.601+0100][59.957s][info][gc,phases,start] GC(232) Phase 4: Compact heap
[2025-03-16T15:59:20.601+0100][59.957s][info][gc,phases      ] GC(232) Phase 4: Compact heap 0.107ms
[2025-03-16T15:59:20.601+0100][59.957s][info][gc,phases,start] GC(232) Phase 5: Reset Metadata
[2025-03-16T15:59:20.632+0100][59.988s][info][gc,phases      ] GC(232) Phase 5: Reset Metadata 31.061ms
[2025-03-16T15:59:20.637+0100][59.992s][info][gc,heap        ] GC(232) Eden regions: 0->0(0)
[2025-03-16T15:59:20.637+0100][59.992s][info][gc,heap        ] GC(232) Survivor regions: 0->0(0)
[2025-03-16T15:59:20.637+0100][59.992s][info][gc,heap        ] GC(232) Old regions: 511->511
[2025-03-16T15:59:20.637+0100][59.992s][info][gc,heap        ] GC(232) Humongous regions: 1->1
[2025-03-16T15:59:20.637+0100][59.992s][info][gc,metaspace   ] GC(232) Metaspace: 27307K(27840K)->27307K(27840K) NonClass: 23729K(24000K)->23729K(24000K) Class: 3578K(3840K)->3578K(3840K)
[2025-03-16T15:59:20.637+0100][59.992s][info][gc             ] GC(232) Pause Full (G1 Compaction Pause) 2044M->2044M(2048M) 290.882ms
[2025-03-16T15:59:20.637+0100][59.992s][info][gc,cpu         ] GC(232) User=2.26s Sys=0.10s Real=0.29s
[2025-03-16T15:59:20.637+0100][59.992s][info][gc,ergo        ] Attempting maximal full compaction clearing soft references
[2025-03-16T15:59:20.637+0100][59.992s][info][gc,start       ] GC(233) Pause Full (G1 Compaction Pause)
[2025-03-16T15:59:20.637+0100][59.992s][info][gc,task        ] GC(233) Using 9 workers of 9 for full compaction
[2025-03-16T15:59:20.637+0100][59.993s][info][gc,phases,start] GC(233) Phase 1: Mark live objects
[2025-03-16T15:59:20.981+0100][60.336s][info][gc,phases      ] GC(233) Phase 1: Mark live objects 343.491ms
[2025-03-16T15:59:20.981+0100][60.336s][info][gc,phases,start] GC(233) Phase 2: Prepare compaction
[2025-03-16T15:59:21.047+0100][60.403s][info][gc,phases      ] GC(233) Phase 2: Prepare compaction 66.718ms
[2025-03-16T15:59:21.047+0100][60.403s][info][gc,phases,start] GC(233) Phase 3: Adjust pointers
[2025-03-16T15:59:21.103+0100][60.459s][info][gc,phases      ] GC(233) Phase 3: Adjust pointers 55.772ms
[2025-03-16T15:59:21.103+0100][60.459s][info][gc,phases,start] GC(233) Phase 4: Compact heap
[2025-03-16T15:59:21.147+0100][60.503s][info][gc,phases      ] GC(233) Phase 4: Compact heap 43.796ms
[2025-03-16T15:59:21.147+0100][60.503s][info][gc,phases,start] GC(233) Phase 5: Reset Metadata
[2025-03-16T15:59:21.147+0100][60.503s][info][gc,phases      ] GC(233) Phase 5: Reset Metadata 0.290ms
[2025-03-16T15:59:21.152+0100][60.507s][info][gc,heap        ] GC(233) Eden regions: 0->0(0)
[2025-03-16T15:59:21.152+0100][60.507s][info][gc,heap        ] GC(233) Survivor regions: 0->0(0)
[2025-03-16T15:59:21.152+0100][60.507s][info][gc,heap        ] GC(233) Old regions: 511->511
[2025-03-16T15:59:21.152+0100][60.507s][info][gc,heap        ] GC(233) Humongous regions: 1->1
[2025-03-16T15:59:21.152+0100][60.507s][info][gc,metaspace   ] GC(233) Metaspace: 27307K(27840K)->27307K(27840K) NonClass: 23729K(24000K)->23729K(24000K) Class: 3578K(3840K)->3578K(3840K)
[2025-03-16T15:59:21.152+0100][60.507s][info][gc             ] GC(233) Pause Full (G1 Compaction Pause) 2044M->2044M(2048M) 514.859ms
[2025-03-16T15:59:21.152+0100][60.507s][info][gc,cpu         ] GC(233) User=3.92s Sys=0.15s Real=0.52s
[2025-03-16T15:59:21.152+0100][60.507s][info][gc,marking     ] GC(229) Concurrent Mark Abort
[2025-03-16T15:59:21.152+0100][60.507s][info][gc             ] GC(229) Concurrent Mark Cycle 1460.990ms
[2025-03-16T15:59:21.152+0100][60.507s][info][gc,start       ] GC(234) Pause Young (Normal) (G1 Evacuation Pause)
[2025-03-16T15:59:21.152+0100][60.507s][info][gc,task        ] GC(234) Using 9 workers of 9 for evacuation
[2025-03-16T15:59:21.152+0100][60.508s][info][gc,phases      ] GC(234)   Pre Evacuate Collection Set: 0.1ms
[2025-03-16T15:59:21.152+0100][60.508s][info][gc,phases      ] GC(234)   Merge Heap Roots: 0.1ms
[2025-03-16T15:59:21.152+0100][60.508s][info][gc,phases      ] GC(234)   Evacuate Collection Set: 0.2ms
[2025-03-16T15:59:21.152+0100][60.508s][info][gc,phases      ] GC(234)   Post Evacuate Collection Set: 0.2ms
[2025-03-16T15:59:21.152+0100][60.508s][info][gc,phases      ] GC(234)   Other: 0.0ms
[2025-03-16T15:59:21.152+0100][60.508s][info][gc,heap        ] GC(234) Eden regions: 0->0(0)
[2025-03-16T15:59:21.152+0100][60.508s][info][gc,heap        ] GC(234) Survivor regions: 0->0(0)
[2025-03-16T15:59:21.152+0100][60.508s][info][gc,heap        ] GC(234) Old regions: 511->511
[2025-03-16T15:59:21.152+0100][60.508s][info][gc,heap        ] GC(234) Humongous regions: 1->1
[2025-03-16T15:59:21.152+0100][60.508s][info][gc,metaspace   ] GC(234) Metaspace: 27307K(27840K)->27307K(27840K) NonClass: 23729K(24000K)->23729K(24000K) Class: 3578K(3840K)->3578K(3840K)
[2025-03-16T15:59:21.152+0100][60.508s][info][gc             ] GC(234) Pause Young (Normal) (G1 Evacuation Pause) 2044M->2044M(2048M) 0.682ms
[2025-03-16T15:59:21.152+0100][60.508s][info][gc,cpu         ] GC(234) User=0.00s Sys=0.00s Real=0.00s
[2025-03-16T15:59:21.152+0100][60.508s][info][gc,ergo        ] Attempting full compaction
[2025-03-16T15:59:21.152+0100][60.508s][info][gc,start       ] GC(235) Pause Full (G1 Compaction Pause)
[2025-03-16T15:59:21.153+0100][60.508s][info][gc,task        ] GC(235) Using 9 workers of 9 for full compaction
[2025-03-16T15:59:21.153+0100][60.508s][info][gc,phases,start] GC(235) Phase 1: Mark live objects
[2025-03-16T15:59:21.480+0100][60.835s][info][gc,phases      ] GC(235) Phase 1: Mark live objects 327.055ms
[2025-03-16T15:59:21.480+0100][60.835s][info][gc,phases,start] GC(235) Phase 2: Prepare compaction
[2025-03-16T15:59:21.480+0100][60.836s][info][gc,phases      ] GC(235) Phase 2: Prepare compaction 0.386ms
[2025-03-16T15:59:21.480+0100][60.836s][info][gc,phases,start] GC(235) Phase 3: Adjust pointers
[2025-03-16T15:59:21.530+0100][60.885s][info][gc,phases      ] GC(235) Phase 3: Adjust pointers 49.489ms
[2025-03-16T15:59:21.530+0100][60.885s][info][gc,phases,start] GC(235) Phase 4: Compact heap
[2025-03-16T15:59:21.530+0100][60.885s][info][gc,phases      ] GC(235) Phase 4: Compact heap 0.394ms
[2025-03-16T15:59:21.530+0100][60.886s][info][gc,phases,start] GC(235) Phase 5: Reset Metadata
[2025-03-16T15:59:21.561+0100][60.917s][info][gc,phases      ] GC(235) Phase 5: Reset Metadata 31.062ms
[2025-03-16T15:59:21.565+0100][60.921s][info][gc,heap        ] GC(235) Eden regions: 0->0(2)
[2025-03-16T15:59:21.565+0100][60.921s][info][gc,heap        ] GC(235) Survivor regions: 0->0(0)
[2025-03-16T15:59:21.565+0100][60.921s][info][gc,heap        ] GC(235) Old regions: 511->509
[2025-03-16T15:59:21.565+0100][60.921s][info][gc,heap        ] GC(235) Humongous regions: 1->1
[2025-03-16T15:59:21.565+0100][60.921s][info][gc,metaspace   ] GC(235) Metaspace: 27307K(27840K)->27307K(27840K) NonClass: 23729K(24000K)->23729K(24000K) Class: 3578K(3840K)->3578K(3840K)
[2025-03-16T15:59:21.565+0100][60.921s][info][gc             ] GC(235) Pause Full (G1 Compaction Pause) 2044M->2038M(2048M) 412.966ms
[2025-03-16T15:59:21.565+0100][60.921s][info][gc,cpu         ] GC(235) User=3.11s Sys=0.08s Real=0.41s
[2025-03-16T15:59:21.572+0100][60.927s][info][gc,start       ] GC(236) Pause Young (Concurrent Start) (G1 Evacuation Pause)
[2025-03-16T15:59:21.572+0100][60.927s][info][gc,task        ] GC(236) Using 9 workers of 9 for evacuation
[2025-03-16T15:59:21.574+0100][60.930s][info][gc,phases      ] GC(236)   Pre Evacuate Collection Set: 0.1ms
[2025-03-16T15:59:21.574+0100][60.930s][info][gc,phases      ] GC(236)   Merge Heap Roots: 0.0ms
[2025-03-16T15:59:21.574+0100][60.930s][info][gc,phases      ] GC(236)   Evacuate Collection Set: 1.5ms
[2025-03-16T15:59:21.574+0100][60.930s][info][gc,phases      ] GC(236)   Post Evacuate Collection Set: 0.6ms
[2025-03-16T15:59:21.574+0100][60.930s][info][gc,phases      ] GC(236)   Other: 0.0ms
[2025-03-16T15:59:21.574+0100][60.930s][info][gc,heap        ] GC(236) Eden regions: 2->0(0)
[2025-03-16T15:59:21.574+0100][60.930s][info][gc,heap        ] GC(236) Survivor regions: 0->0(0)
[2025-03-16T15:59:21.574+0100][60.930s][info][gc,heap        ] GC(236) Old regions: 509->511
[2025-03-16T15:59:21.574+0100][60.930s][info][gc,heap        ] GC(236) Humongous regions: 1->1
[2025-03-16T15:59:21.574+0100][60.930s][info][gc,metaspace   ] GC(236) Metaspace: 27313K(27840K)->27313K(27840K) NonClass: 23734K(24000K)->23734K(24000K) Class: 3579K(3840K)->3579K(3840K)
[2025-03-16T15:59:21.574+0100][60.930s][info][gc             ] GC(236) Pause Young (Concurrent Start) (G1 Evacuation Pause) (Evacuation Failure) 2046M->2046M(2048M) 2.324ms
[2025-03-16T15:59:21.574+0100][60.930s][info][gc,cpu         ] GC(236) User=0.02s Sys=0.00s Real=0.00s
[2025-03-16T15:59:21.574+0100][60.930s][info][gc,ergo        ] Attempting full compaction
[2025-03-16T15:59:21.574+0100][60.930s][info][gc,start       ] GC(237) Pause Full (G1 Compaction Pause)
[2025-03-16T15:59:21.574+0100][60.930s][info][gc             ] GC(238) Concurrent Mark Cycle
[2025-03-16T15:59:21.574+0100][60.930s][info][gc,task        ] GC(237) Using 9 workers of 9 for full compaction
[2025-03-16T15:59:21.574+0100][60.930s][info][gc,marking     ] GC(238) Concurrent Scan Root Regions
[2025-03-16T15:59:21.574+0100][60.930s][info][gc,marking     ] GC(238) Concurrent Scan Root Regions 0.034ms
[2025-03-16T15:59:21.574+0100][60.930s][info][gc,phases,start] GC(237) Phase 1: Mark live objects
[2025-03-16T15:59:21.784+0100][61.140s][info][gc,phases      ] GC(237) Phase 1: Mark live objects 209.777ms
[2025-03-16T15:59:21.784+0100][61.140s][info][gc,phases,start] GC(237) Phase 2: Prepare compaction
[2025-03-16T15:59:21.786+0100][61.142s][info][gc,phases      ] GC(237) Phase 2: Prepare compaction 1.677ms
[2025-03-16T15:59:21.786+0100][61.142s][info][gc,phases,start] GC(237) Phase 3: Adjust pointers
[2025-03-16T15:59:21.835+0100][61.191s][info][gc,phases      ] GC(237) Phase 3: Adjust pointers 49.384ms
[2025-03-16T15:59:21.835+0100][61.191s][info][gc,phases,start] GC(237) Phase 4: Compact heap
[2025-03-16T15:59:21.837+0100][61.192s][info][gc,phases      ] GC(237) Phase 4: Compact heap 1.334ms
[2025-03-16T15:59:21.837+0100][61.192s][info][gc,phases,start] GC(237) Phase 5: Reset Metadata
[2025-03-16T15:59:21.868+0100][61.223s][info][gc,phases      ] GC(237) Phase 5: Reset Metadata 30.721ms
[2025-03-16T15:59:21.872+0100][61.228s][info][gc,heap        ] GC(237) Eden regions: 0->0(1)
[2025-03-16T15:59:21.872+0100][61.228s][info][gc,heap        ] GC(237) Survivor regions: 0->0(0)
[2025-03-16T15:59:21.872+0100][61.228s][info][gc,heap        ] GC(237) Old regions: 511->510
[2025-03-16T15:59:21.872+0100][61.228s][info][gc,heap        ] GC(237) Humongous regions: 1->1
[2025-03-16T15:59:21.872+0100][61.228s][info][gc,metaspace   ] GC(237) Metaspace: 27313K(27840K)->27313K(27840K) NonClass: 23734K(24000K)->23734K(24000K) Class: 3579K(3840K)->3579K(3840K)
[2025-03-16T15:59:21.872+0100][61.228s][info][gc             ] GC(237) Pause Full (G1 Compaction Pause) 2046M->2042M(2048M) 298.003ms
[2025-03-16T15:59:21.872+0100][61.228s][info][gc,cpu         ] GC(237) User=2.25s Sys=0.12s Real=0.30s
[2025-03-16T15:59:21.872+0100][61.228s][info][gc,marking     ] GC(238) Concurrent Mark Abort
[2025-03-16T15:59:21.872+0100][61.228s][info][gc             ] GC(238) Concurrent Mark Cycle 298.102ms
[2025-03-16T15:59:21.873+0100][61.228s][info][gc,start       ] GC(239) Pause Young (Normal) (G1 Evacuation Pause)
[2025-03-16T15:59:21.873+0100][61.228s][info][gc,task        ] GC(239) Using 9 workers of 9 for evacuation
[2025-03-16T15:59:21.874+0100][61.230s][info][gc,phases      ] GC(239)   Pre Evacuate Collection Set: 0.1ms
[2025-03-16T15:59:21.874+0100][61.230s][info][gc,phases      ] GC(239)   Merge Heap Roots: 0.0ms
[2025-03-16T15:59:21.874+0100][61.230s][info][gc,phases      ] GC(239)   Evacuate Collection Set: 0.7ms
[2025-03-16T15:59:21.874+0100][61.230s][info][gc,phases      ] GC(239)   Post Evacuate Collection Set: 0.4ms
[2025-03-16T15:59:21.874+0100][61.230s][info][gc,phases      ] GC(239)   Other: 0.0ms
[2025-03-16T15:59:21.874+0100][61.230s][info][gc,heap        ] GC(239) Eden regions: 1->0(0)
[2025-03-16T15:59:21.874+0100][61.230s][info][gc,heap        ] GC(239) Survivor regions: 0->0(0)
[2025-03-16T15:59:21.874+0100][61.230s][info][gc,heap        ] GC(239) Old regions: 510->511
[2025-03-16T15:59:21.874+0100][61.230s][info][gc,heap        ] GC(239) Humongous regions: 1->1
[2025-03-16T15:59:21.874+0100][61.230s][info][gc,metaspace   ] GC(239) Metaspace: 27313K(27840K)->27313K(27840K) NonClass: 23734K(24000K)->23734K(24000K) Class: 3579K(3840K)->3579K(3840K)
[2025-03-16T15:59:21.874+0100][61.230s][info][gc             ] GC(239) Pause Young (Normal) (G1 Evacuation Pause) (Evacuation Failure) 2046M->2046M(2048M) 1.361ms
[2025-03-16T15:59:21.874+0100][61.230s][info][gc,cpu         ] GC(239) User=0.00s Sys=0.01s Real=0.00s
[2025-03-16T15:59:21.874+0100][61.230s][info][gc,ergo        ] Attempting full compaction
[2025-03-16T15:59:21.874+0100][61.230s][info][gc,start       ] GC(240) Pause Full (G1 Compaction Pause)
[2025-03-16T15:59:21.874+0100][61.230s][info][gc,task        ] GC(240) Using 9 workers of 9 for full compaction
[2025-03-16T15:59:21.874+0100][61.230s][info][gc,phases,start] GC(240) Phase 1: Mark live objects
[2025-03-16T15:59:22.078+0100][61.434s][info][gc,phases      ] GC(240) Phase 1: Mark live objects 203.899ms
[2025-03-16T15:59:22.078+0100][61.434s][info][gc,phases,start] GC(240) Phase 2: Prepare compaction
[2025-03-16T15:59:22.079+0100][61.435s][info][gc,phases      ] GC(240) Phase 2: Prepare compaction 1.020ms
[2025-03-16T15:59:22.080+0100][61.435s][info][gc,phases,start] GC(240) Phase 3: Adjust pointers
[2025-03-16T15:59:22.128+0100][61.484s][info][gc,phases      ] GC(240) Phase 3: Adjust pointers 48.901ms
[2025-03-16T15:59:22.128+0100][61.484s][info][gc,phases,start] GC(240) Phase 4: Compact heap
[2025-03-16T15:59:22.129+0100][61.485s][info][gc,phases      ] GC(240) Phase 4: Compact heap 1.032ms
[2025-03-16T15:59:22.130+0100][61.485s][info][gc,phases,start] GC(240) Phase 5: Reset Metadata
[2025-03-16T15:59:22.161+0100][61.517s][info][gc,phases      ] GC(240) Phase 5: Reset Metadata 31.948ms
[2025-03-16T15:59:22.166+0100][61.522s][info][gc,heap        ] GC(240) Eden regions: 0->0(0)
[2025-03-16T15:59:22.166+0100][61.522s][info][gc,heap        ] GC(240) Survivor regions: 0->0(0)
[2025-03-16T15:59:22.166+0100][61.522s][info][gc,heap        ] GC(240) Old regions: 511->511
[2025-03-16T15:59:22.166+0100][61.522s][info][gc,heap        ] GC(240) Humongous regions: 1->1
[2025-03-16T15:59:22.166+0100][61.522s][info][gc,metaspace   ] GC(240) Metaspace: 27313K(27840K)->27313K(27840K) NonClass: 23734K(24000K)->23734K(24000K) Class: 3579K(3840K)->3579K(3840K)
[2025-03-16T15:59:22.166+0100][61.522s][info][gc             ] GC(240) Pause Full (G1 Compaction Pause) 2046M->2045M(2048M) 291.894ms
[2025-03-16T15:59:22.166+0100][61.522s][info][gc,cpu         ] GC(240) User=2.24s Sys=0.11s Real=0.29s
[2025-03-16T15:59:22.166+0100][61.522s][info][gc,ergo        ] Attempting maximal full compaction clearing soft references
[2025-03-16T15:59:22.166+0100][61.522s][info][gc,start       ] GC(241) Pause Full (G1 Compaction Pause)
[2025-03-16T15:59:22.166+0100][61.522s][info][gc,task        ] GC(241) Using 9 workers of 9 for full compaction
[2025-03-16T15:59:22.166+0100][61.522s][info][gc,phases,start] GC(241) Phase 1: Mark live objects
[2025-03-16T15:59:22.392+0100][61.748s][info][gc,phases      ] GC(241) Phase 1: Mark live objects 225.786ms
[2025-03-16T15:59:22.392+0100][61.748s][info][gc,phases,start] GC(241) Phase 2: Prepare compaction
[2025-03-16T15:59:22.441+0100][61.797s][info][gc,phases      ] GC(241) Phase 2: Prepare compaction 49.126ms
[2025-03-16T15:59:22.441+0100][61.797s][info][gc,phases,start] GC(241) Phase 3: Adjust pointers
[2025-03-16T15:59:22.504+0100][61.860s][info][gc,phases      ] GC(241) Phase 3: Adjust pointers 62.842ms
[2025-03-16T15:59:22.504+0100][61.860s][info][gc,phases,start] GC(241) Phase 4: Compact heap
[2025-03-16T15:59:22.553+0100][61.909s][info][gc,phases      ] GC(241) Phase 4: Compact heap 49.007ms
[2025-03-16T15:59:22.553+0100][61.909s][info][gc,phases,start] GC(241) Phase 5: Reset Metadata
[2025-03-16T15:59:22.554+0100][61.909s][info][gc,phases      ] GC(241) Phase 5: Reset Metadata 0.251ms
[2025-03-16T15:59:22.558+0100][61.913s][info][gc,heap        ] GC(241) Eden regions: 0->0(0)
[2025-03-16T15:59:22.558+0100][61.913s][info][gc,heap        ] GC(241) Survivor regions: 0->0(0)
[2025-03-16T15:59:22.558+0100][61.913s][info][gc,heap        ] GC(241) Old regions: 511->511
[2025-03-16T15:59:22.558+0100][61.913s][info][gc,heap        ] GC(241) Humongous regions: 1->1
[2025-03-16T15:59:22.558+0100][61.913s][info][gc,metaspace   ] GC(241) Metaspace: 27313K(27840K)->27313K(27840K) NonClass: 23734K(24000K)->23734K(24000K) Class: 3579K(3840K)->3579K(3840K)
[2025-03-16T15:59:22.558+0100][61.914s][info][gc             ] GC(241) Pause Full (G1 Compaction Pause) 2045M->2045M(2048M) 391.758ms
[2025-03-16T15:59:22.558+0100][61.914s][info][gc,cpu         ] GC(241) User=2.91s Sys=0.13s Real=0.39s
[2025-03-16T15:59:22.558+0100][61.914s][info][gc,start       ] GC(242) Pause Young (Concurrent Start) (G1 Evacuation Pause)
[2025-03-16T15:59:22.558+0100][61.914s][info][gc,task        ] GC(242) Using 9 workers of 9 for evacuation
[2025-03-16T15:59:22.559+0100][61.914s][info][gc,phases      ] GC(242)   Pre Evacuate Collection Set: 0.1ms
[2025-03-16T15:59:22.559+0100][61.914s][info][gc,phases      ] GC(242)   Merge Heap Roots: 0.0ms
[2025-03-16T15:59:22.559+0100][61.914s][info][gc,phases      ] GC(242)   Evacuate Collection Set: 0.2ms
[2025-03-16T15:59:22.559+0100][61.914s][info][gc,phases      ] GC(242)   Post Evacuate Collection Set: 0.1ms
[2025-03-16T15:59:22.559+0100][61.914s][info][gc,phases      ] GC(242)   Other: 0.0ms
[2025-03-16T15:59:22.559+0100][61.914s][info][gc,heap        ] GC(242) Eden regions: 0->0(0)
[2025-03-16T15:59:22.559+0100][61.914s][info][gc,heap        ] GC(242) Survivor regions: 0->0(0)
[2025-03-16T15:59:22.559+0100][61.914s][info][gc,heap        ] GC(242) Old regions: 511->511
[2025-03-16T15:59:22.559+0100][61.914s][info][gc,heap        ] GC(242) Humongous regions: 1->1
[2025-03-16T15:59:22.559+0100][61.914s][info][gc,metaspace   ] GC(242) Metaspace: 27313K(27840K)->27313K(27840K) NonClass: 23734K(24000K)->23734K(24000K) Class: 3579K(3840K)->3579K(3840K)
[2025-03-16T15:59:22.559+0100][61.914s][info][gc             ] GC(242) Pause Young (Concurrent Start) (G1 Evacuation Pause) 2045M->2045M(2048M) 0.648ms
[2025-03-16T15:59:22.559+0100][61.914s][info][gc,cpu         ] GC(242) User=0.00s Sys=0.00s Real=0.00s
[2025-03-16T15:59:22.559+0100][61.914s][info][gc             ] GC(243) Concurrent Mark Cycle
[2025-03-16T15:59:22.559+0100][61.914s][info][gc,ergo        ] Attempting full compaction
[2025-03-16T15:59:22.559+0100][61.914s][info][gc,marking     ] GC(243) Concurrent Scan Root Regions
[2025-03-16T15:59:22.559+0100][61.914s][info][gc,start       ] GC(244) Pause Full (G1 Compaction Pause)
[2025-03-16T15:59:22.559+0100][61.914s][info][gc,marking     ] GC(243) Concurrent Scan Root Regions 0.032ms
[2025-03-16T15:59:22.559+0100][61.914s][info][gc,marking     ] GC(243) Concurrent Mark
[2025-03-16T15:59:22.559+0100][61.914s][info][gc,task        ] GC(244) Using 9 workers of 9 for full compaction
[2025-03-16T15:59:22.559+0100][61.914s][info][gc,marking     ] GC(243) Concurrent Mark From Roots
[2025-03-16T15:59:22.559+0100][61.914s][info][gc,task        ] GC(243) Using 2 workers of 2 for marking
[2025-03-16T15:59:22.559+0100][61.915s][info][gc,phases,start] GC(244) Phase 1: Mark live objects
[2025-03-16T15:59:22.763+0100][62.118s][info][gc,phases      ] GC(244) Phase 1: Mark live objects 203.697ms
[2025-03-16T15:59:22.763+0100][62.118s][info][gc,phases,start] GC(244) Phase 2: Prepare compaction
[2025-03-16T15:59:22.763+0100][62.119s][info][gc,phases      ] GC(244) Phase 2: Prepare compaction 0.228ms
[2025-03-16T15:59:22.763+0100][62.119s][info][gc,phases,start] GC(244) Phase 3: Adjust pointers
[2025-03-16T15:59:22.812+0100][62.167s][info][gc,phases      ] GC(244) Phase 3: Adjust pointers 48.480ms
[2025-03-16T15:59:22.812+0100][62.167s][info][gc,phases,start] GC(244) Phase 4: Compact heap
[2025-03-16T15:59:22.812+0100][62.167s][info][gc,phases      ] GC(244) Phase 4: Compact heap 0.188ms
[2025-03-16T15:59:22.812+0100][62.167s][info][gc,phases,start] GC(244) Phase 5: Reset Metadata
[2025-03-16T15:59:22.843+0100][62.199s][info][gc,phases      ] GC(244) Phase 5: Reset Metadata 31.216ms
[2025-03-16T15:59:22.848+0100][62.203s][info][gc,heap        ] GC(244) Eden regions: 0->0(0)
[2025-03-16T15:59:22.848+0100][62.203s][info][gc,heap        ] GC(244) Survivor regions: 0->0(0)
[2025-03-16T15:59:22.848+0100][62.203s][info][gc,heap        ] GC(244) Old regions: 511->511
[2025-03-16T15:59:22.848+0100][62.203s][info][gc,heap        ] GC(244) Humongous regions: 1->1
[2025-03-16T15:59:22.848+0100][62.203s][info][gc,metaspace   ] GC(244) Metaspace: 27313K(27840K)->27313K(27840K) NonClass: 23734K(24000K)->23734K(24000K) Class: 3579K(3840K)->3579K(3840K)
[2025-03-16T15:59:22.848+0100][62.203s][info][gc             ] GC(244) Pause Full (G1 Compaction Pause) 2045M->2045M(2048M) 288.818ms
[2025-03-16T15:59:22.848+0100][62.203s][info][gc,cpu         ] GC(244) User=2.25s Sys=0.12s Real=0.29s
[2025-03-16T15:59:22.848+0100][62.203s][info][gc,ergo        ] Attempting maximal full compaction clearing soft references
[2025-03-16T15:59:22.848+0100][62.203s][info][gc,start       ] GC(245) Pause Full (G1 Compaction Pause)
[2025-03-16T15:59:22.848+0100][62.203s][info][gc,task        ] GC(245) Using 9 workers of 9 for full compaction
[2025-03-16T15:59:22.848+0100][62.203s][info][gc,phases,start] GC(245) Phase 1: Mark live objects
[2025-03-16T15:59:23.047+0100][62.403s][info][gc,phases      ] GC(245) Phase 1: Mark live objects 199.045ms
[2025-03-16T15:59:23.047+0100][62.403s][info][gc,phases,start] GC(245) Phase 2: Prepare compaction
[2025-03-16T15:59:23.097+0100][62.452s][info][gc,phases      ] GC(245) Phase 2: Prepare compaction 49.564ms
[2025-03-16T15:59:23.097+0100][62.452s][info][gc,phases,start] GC(245) Phase 3: Adjust pointers
[2025-03-16T15:59:23.152+0100][62.508s][info][gc,phases      ] GC(245) Phase 3: Adjust pointers 55.483ms
[2025-03-16T15:59:23.152+0100][62.508s][info][gc,phases,start] GC(245) Phase 4: Compact heap
[2025-03-16T15:59:23.196+0100][62.551s][info][gc,phases      ] GC(245) Phase 4: Compact heap 43.601ms
[2025-03-16T15:59:23.196+0100][62.551s][info][gc,phases,start] GC(245) Phase 5: Reset Metadata
[2025-03-16T15:59:23.196+0100][62.552s][info][gc,phases      ] GC(245) Phase 5: Reset Metadata 0.249ms
[2025-03-16T15:59:23.200+0100][62.556s][info][gc,heap        ] GC(245) Eden regions: 0->0(0)
[2025-03-16T15:59:23.200+0100][62.556s][info][gc,heap        ] GC(245) Survivor regions: 0->0(0)
[2025-03-16T15:59:23.200+0100][62.556s][info][gc,heap        ] GC(245) Old regions: 511->511
[2025-03-16T15:59:23.200+0100][62.556s][info][gc,heap        ] GC(245) Humongous regions: 1->1
[2025-03-16T15:59:23.201+0100][62.556s][info][gc,metaspace   ] GC(245) Metaspace: 27313K(27840K)->27313K(27840K) NonClass: 23734K(24000K)->23734K(24000K) Class: 3579K(3840K)->3579K(3840K)
[2025-03-16T15:59:23.201+0100][62.556s][info][gc             ] GC(245) Pause Full (G1 Compaction Pause) 2045M->2045M(2048M) 352.858ms
[2025-03-16T15:59:23.201+0100][62.556s][info][gc,cpu         ] GC(245) User=2.65s Sys=0.13s Real=0.36s
[2025-03-16T15:59:23.201+0100][62.556s][info][gc,marking     ] GC(243) Concurrent Mark From Roots 641.762ms
[2025-03-16T15:59:23.201+0100][62.556s][info][gc,start       ] GC(246) Pause Young (Normal) (G1 Evacuation Pause)
[2025-03-16T15:59:23.201+0100][62.556s][info][gc,task        ] GC(246) Using 9 workers of 9 for evacuation
[2025-03-16T15:59:23.201+0100][62.557s][info][gc,phases      ] GC(246)   Pre Evacuate Collection Set: 0.1ms
[2025-03-16T15:59:23.201+0100][62.557s][info][gc,phases      ] GC(246)   Merge Heap Roots: 0.0ms
[2025-03-16T15:59:23.201+0100][62.557s][info][gc,phases      ] GC(246)   Evacuate Collection Set: 0.2ms
[2025-03-16T15:59:23.201+0100][62.557s][info][gc,phases      ] GC(246)   Post Evacuate Collection Set: 0.2ms
[2025-03-16T15:59:23.201+0100][62.557s][info][gc,phases      ] GC(246)   Other: 0.0ms
[2025-03-16T15:59:23.201+0100][62.557s][info][gc,heap        ] GC(246) Eden regions: 0->0(0)
[2025-03-16T15:59:23.201+0100][62.557s][info][gc,heap        ] GC(246) Survivor regions: 0->0(0)
[2025-03-16T15:59:23.201+0100][62.557s][info][gc,heap        ] GC(246) Old regions: 511->511
[2025-03-16T15:59:23.201+0100][62.557s][info][gc,heap        ] GC(246) Humongous regions: 1->1
[2025-03-16T15:59:23.201+0100][62.557s][info][gc,metaspace   ] GC(246) Metaspace: 27313K(27840K)->27313K(27840K) NonClass: 23734K(24000K)->23734K(24000K) Class: 3579K(3840K)->3579K(3840K)
[2025-03-16T15:59:23.201+0100][62.557s][info][gc             ] GC(246) Pause Young (Normal) (G1 Evacuation Pause) 2045M->2045M(2048M) 0.593ms
[2025-03-16T15:59:23.201+0100][62.557s][info][gc,cpu         ] GC(246) User=0.00s Sys=0.00s Real=0.00s
[2025-03-16T15:59:23.201+0100][62.557s][info][gc,ergo        ] Attempting full compaction
[2025-03-16T15:59:23.201+0100][62.557s][info][gc,start       ] GC(247) Pause Full (G1 Compaction Pause)
[2025-03-16T15:59:23.201+0100][62.557s][info][gc,task        ] GC(247) Using 9 workers of 9 for full compaction
[2025-03-16T15:59:23.202+0100][62.557s][info][gc,phases,start] GC(247) Phase 1: Mark live objects
[2025-03-16T15:59:23.534+0100][62.890s][info][gc,phases      ] GC(247) Phase 1: Mark live objects 332.871ms
[2025-03-16T15:59:23.535+0100][62.890s][info][gc,phases,start] GC(247) Phase 2: Prepare compaction
[2025-03-16T15:59:23.535+0100][62.890s][info][gc,phases      ] GC(247) Phase 2: Prepare compaction 0.218ms
[2025-03-16T15:59:23.535+0100][62.890s][info][gc,phases,start] GC(247) Phase 3: Adjust pointers
[2025-03-16T15:59:23.589+0100][62.944s][info][gc,phases      ] GC(247) Phase 3: Adjust pointers 53.776ms
[2025-03-16T15:59:23.589+0100][62.944s][info][gc,phases,start] GC(247) Phase 4: Compact heap
[2025-03-16T15:59:23.589+0100][62.944s][info][gc,phases      ] GC(247) Phase 4: Compact heap 0.201ms
[2025-03-16T15:59:23.589+0100][62.944s][info][gc,phases,start] GC(247) Phase 5: Reset Metadata
[2025-03-16T15:59:23.620+0100][62.975s][info][gc,phases      ] GC(247) Phase 5: Reset Metadata 31.070ms
[2025-03-16T15:59:23.624+0100][62.980s][info][gc,heap        ] GC(247) Eden regions: 0->0(0)
[2025-03-16T15:59:23.624+0100][62.980s][info][gc,heap        ] GC(247) Survivor regions: 0->0(0)
[2025-03-16T15:59:23.624+0100][62.980s][info][gc,heap        ] GC(247) Old regions: 511->511
[2025-03-16T15:59:23.624+0100][62.980s][info][gc,heap        ] GC(247) Humongous regions: 1->1
[2025-03-16T15:59:23.624+0100][62.980s][info][gc,metaspace   ] GC(247) Metaspace: 27313K(27840K)->27313K(27840K) NonClass: 23734K(24000K)->23734K(24000K) Class: 3579K(3840K)->3579K(3840K)
[2025-03-16T15:59:23.624+0100][62.980s][info][gc             ] GC(247) Pause Full (G1 Compaction Pause) 2045M->2045M(2048M) 423.219ms
[2025-03-16T15:59:23.625+0100][62.980s][info][gc,cpu         ] GC(247) User=3.03s Sys=0.10s Real=0.42s
[2025-03-16T15:59:23.625+0100][62.980s][info][gc,ergo        ] Attempting maximal full compaction clearing soft references
[2025-03-16T15:59:23.625+0100][62.980s][info][gc,start       ] GC(248) Pause Full (G1 Compaction Pause)
[2025-03-16T15:59:23.625+0100][62.980s][info][gc,task        ] GC(248) Using 9 workers of 9 for full compaction
[2025-03-16T15:59:23.625+0100][62.980s][info][gc,phases,start] GC(248) Phase 1: Mark live objects
[2025-03-16T15:59:24.019+0100][63.374s][info][gc,phases      ] GC(248) Phase 1: Mark live objects 394.114ms
[2025-03-16T15:59:24.019+0100][63.375s][info][gc,phases,start] GC(248) Phase 2: Prepare compaction
[2025-03-16T15:59:24.068+0100][63.423s][info][gc,phases      ] GC(248) Phase 2: Prepare compaction 48.484ms
[2025-03-16T15:59:24.068+0100][63.423s][info][gc,phases,start] GC(248) Phase 3: Adjust pointers
[2025-03-16T15:59:24.123+0100][63.479s][info][gc,phases      ] GC(248) Phase 3: Adjust pointers 55.571ms
[2025-03-16T15:59:24.123+0100][63.479s][info][gc,phases,start] GC(248) Phase 4: Compact heap
[2025-03-16T15:59:24.169+0100][63.524s][info][gc,phases      ] GC(248) Phase 4: Compact heap 45.488ms
[2025-03-16T15:59:24.169+0100][63.524s][info][gc,phases,start] GC(248) Phase 5: Reset Metadata
[2025-03-16T15:59:24.169+0100][63.524s][info][gc,phases      ] GC(248) Phase 5: Reset Metadata 0.247ms
[2025-03-16T15:59:24.173+0100][63.529s][info][gc,heap        ] GC(248) Eden regions: 0->0(0)
[2025-03-16T15:59:24.173+0100][63.529s][info][gc,heap        ] GC(248) Survivor regions: 0->0(0)
[2025-03-16T15:59:24.173+0100][63.529s][info][gc,heap        ] GC(248) Old regions: 511->511
[2025-03-16T15:59:24.173+0100][63.529s][info][gc,heap        ] GC(248) Humongous regions: 1->1
[2025-03-16T15:59:24.173+0100][63.529s][info][gc,metaspace   ] GC(248) Metaspace: 27313K(27840K)->27313K(27840K) NonClass: 23734K(24000K)->23734K(24000K) Class: 3579K(3840K)->3579K(3840K)
[2025-03-16T15:59:24.173+0100][63.529s][info][gc             ] GC(248) Pause Full (G1 Compaction Pause) 2045M->2045M(2048M) 548.872ms
[2025-03-16T15:59:24.173+0100][63.529s][info][gc,cpu         ] GC(248) User=4.24s Sys=0.15s Real=0.55s
[2025-03-16T15:59:24.173+0100][63.529s][info][gc,marking     ] GC(243) Concurrent Mark Abort
[2025-03-16T15:59:24.174+0100][63.529s][info][gc             ] GC(243) Concurrent Mark Cycle 1614.739ms
[2025-03-16T15:59:24.174+0100][63.529s][info][gc,start       ] GC(249) Pause Young (Normal) (G1 Evacuation Pause)
[2025-03-16T15:59:24.174+0100][63.529s][info][gc,task        ] GC(249) Using 9 workers of 9 for evacuation
[2025-03-16T15:59:24.174+0100][63.530s][info][gc,phases      ] GC(249)   Pre Evacuate Collection Set: 0.1ms
[2025-03-16T15:59:24.174+0100][63.530s][info][gc,phases      ] GC(249)   Merge Heap Roots: 0.0ms
[2025-03-16T15:59:24.174+0100][63.530s][info][gc,phases      ] GC(249)   Evacuate Collection Set: 0.2ms
[2025-03-16T15:59:24.174+0100][63.530s][info][gc,phases      ] GC(249)   Post Evacuate Collection Set: 0.2ms
[2025-03-16T15:59:24.174+0100][63.530s][info][gc,phases      ] GC(249)   Other: 0.0ms
[2025-03-16T15:59:24.174+0100][63.530s][info][gc,heap        ] GC(249) Eden regions: 0->0(0)
[2025-03-16T15:59:24.174+0100][63.530s][info][gc,heap        ] GC(249) Survivor regions: 0->0(0)
[2025-03-16T15:59:24.174+0100][63.530s][info][gc,heap        ] GC(249) Old regions: 511->511
[2025-03-16T15:59:24.174+0100][63.530s][info][gc,heap        ] GC(249) Humongous regions: 1->1
[2025-03-16T15:59:24.174+0100][63.530s][info][gc,metaspace   ] GC(249) Metaspace: 27313K(27840K)->27313K(27840K) NonClass: 23734K(24000K)->23734K(24000K) Class: 3579K(3840K)->3579K(3840K)
[2025-03-16T15:59:24.174+0100][63.530s][info][gc             ] GC(249) Pause Young (Normal) (G1 Evacuation Pause) 2045M->2045M(2048M) 0.681ms
[2025-03-16T15:59:24.174+0100][63.530s][info][gc,cpu         ] GC(249) User=0.00s Sys=0.00s Real=0.00s
[2025-03-16T15:59:24.174+0100][63.530s][info][gc,ergo        ] Attempting full compaction
[2025-03-16T15:59:24.174+0100][63.530s][info][gc,start       ] GC(250) Pause Full (G1 Compaction Pause)
[2025-03-16T15:59:24.174+0100][63.530s][info][gc,task        ] GC(250) Using 9 workers of 9 for full compaction
[2025-03-16T15:59:24.174+0100][63.530s][info][gc,phases,start] GC(250) Phase 1: Mark live objects
[2025-03-16T15:59:24.501+0100][63.857s][info][gc,phases      ] GC(250) Phase 1: Mark live objects 326.817ms
[2025-03-16T15:59:24.501+0100][63.857s][info][gc,phases,start] GC(250) Phase 2: Prepare compaction
[2025-03-16T15:59:24.502+0100][63.857s][info][gc,phases      ] GC(250) Phase 2: Prepare compaction 0.410ms
[2025-03-16T15:59:24.502+0100][63.857s][info][gc,phases,start] GC(250) Phase 3: Adjust pointers
[2025-03-16T15:59:24.550+0100][63.905s][info][gc,phases      ] GC(250) Phase 3: Adjust pointers 48.261ms
[2025-03-16T15:59:24.550+0100][63.905s][info][gc,phases,start] GC(250) Phase 4: Compact heap
[2025-03-16T15:59:24.550+0100][63.906s][info][gc,phases      ] GC(250) Phase 4: Compact heap 0.388ms
[2025-03-16T15:59:24.550+0100][63.906s][info][gc,phases,start] GC(250) Phase 5: Reset Metadata
[2025-03-16T15:59:24.581+0100][63.936s][info][gc,phases      ] GC(250) Phase 5: Reset Metadata 30.226ms
[2025-03-16T15:59:24.585+0100][63.940s][info][gc,heap        ] GC(250) Eden regions: 0->0(2)
[2025-03-16T15:59:24.585+0100][63.940s][info][gc,heap        ] GC(250) Survivor regions: 0->0(0)
[2025-03-16T15:59:24.585+0100][63.940s][info][gc,heap        ] GC(250) Old regions: 511->509
[2025-03-16T15:59:24.585+0100][63.940s][info][gc,heap        ] GC(250) Humongous regions: 1->1
[2025-03-16T15:59:24.585+0100][63.940s][info][gc,metaspace   ] GC(250) Metaspace: 27313K(27840K)->27313K(27840K) NonClass: 23734K(24000K)->23734K(24000K) Class: 3579K(3840K)->3579K(3840K)
[2025-03-16T15:59:24.585+0100][63.940s][info][gc             ] GC(250) Pause Full (G1 Compaction Pause) 2045M->2038M(2048M) 410.717ms
[2025-03-16T15:59:24.585+0100][63.940s][info][gc,cpu         ] GC(250) User=3.26s Sys=0.13s Real=0.41s
[2025-03-16T15:59:24.588+0100][63.944s][info][gc,start       ] GC(251) Pause Young (Concurrent Start) (G1 Evacuation Pause)
[2025-03-16T15:59:24.589+0100][63.944s][info][gc,task        ] GC(251) Using 9 workers of 9 for evacuation
[2025-03-16T15:59:24.591+0100][63.946s][info][gc,phases      ] GC(251)   Pre Evacuate Collection Set: 0.1ms
[2025-03-16T15:59:24.591+0100][63.946s][info][gc,phases      ] GC(251)   Merge Heap Roots: 0.0ms
[2025-03-16T15:59:24.591+0100][63.946s][info][gc,phases      ] GC(251)   Evacuate Collection Set: 1.4ms
[2025-03-16T15:59:24.591+0100][63.946s][info][gc,phases      ] GC(251)   Post Evacuate Collection Set: 0.6ms
[2025-03-16T15:59:24.591+0100][63.946s][info][gc,phases      ] GC(251)   Other: 0.0ms
[2025-03-16T15:59:24.591+0100][63.946s][info][gc,heap        ] GC(251) Eden regions: 2->0(0)
[2025-03-16T15:59:24.591+0100][63.946s][info][gc,heap        ] GC(251) Survivor regions: 0->0(0)
[2025-03-16T15:59:24.591+0100][63.946s][info][gc,heap        ] GC(251) Old regions: 509->511
[2025-03-16T15:59:24.591+0100][63.946s][info][gc,heap        ] GC(251) Humongous regions: 1->1
[2025-03-16T15:59:24.591+0100][63.946s][info][gc,metaspace   ] GC(251) Metaspace: 27314K(27840K)->27314K(27840K) NonClass: 23735K(24000K)->23735K(24000K) Class: 3579K(3840K)->3579K(3840K)
[2025-03-16T15:59:24.591+0100][63.946s][info][gc             ] GC(251) Pause Young (Concurrent Start) (G1 Evacuation Pause) (Evacuation Failure) 2046M->2046M(2048M) 2.231ms
[2025-03-16T15:59:24.591+0100][63.946s][info][gc,cpu         ] GC(251) User=0.02s Sys=0.01s Real=0.01s
[2025-03-16T15:59:24.591+0100][63.946s][info][gc,ergo        ] Attempting full compaction
[2025-03-16T15:59:24.591+0100][63.946s][info][gc,start       ] GC(252) Pause Full (G1 Compaction Pause)
[2025-03-16T15:59:24.591+0100][63.946s][info][gc             ] GC(253) Concurrent Mark Cycle
[2025-03-16T15:59:24.591+0100][63.946s][info][gc,task        ] GC(252) Using 9 workers of 9 for full compaction
[2025-03-16T15:59:24.591+0100][63.946s][info][gc,marking     ] GC(253) Concurrent Scan Root Regions
[2025-03-16T15:59:24.591+0100][63.946s][info][gc,marking     ] GC(253) Concurrent Scan Root Regions 0.075ms
[2025-03-16T15:59:24.591+0100][63.947s][info][gc,phases,start] GC(252) Phase 1: Mark live objects
[2025-03-16T15:59:24.809+0100][64.164s][info][gc,phases      ] GC(252) Phase 1: Mark live objects 217.741ms
[2025-03-16T15:59:24.809+0100][64.164s][info][gc,phases,start] GC(252) Phase 2: Prepare compaction
[2025-03-16T15:59:24.811+0100][64.166s][info][gc,phases      ] GC(252) Phase 2: Prepare compaction 1.588ms
[2025-03-16T15:59:24.811+0100][64.166s][info][gc,phases,start] GC(252) Phase 3: Adjust pointers
[2025-03-16T15:59:24.859+0100][64.214s][info][gc,phases      ] GC(252) Phase 3: Adjust pointers 48.269ms
[2025-03-16T15:59:24.859+0100][64.214s][info][gc,phases,start] GC(252) Phase 4: Compact heap
[2025-03-16T15:59:24.860+0100][64.216s][info][gc,phases      ] GC(252) Phase 4: Compact heap 1.307ms
[2025-03-16T15:59:24.860+0100][64.216s][info][gc,phases,start] GC(252) Phase 5: Reset Metadata
[2025-03-16T15:59:24.891+0100][64.247s][info][gc,phases      ] GC(252) Phase 5: Reset Metadata 31.177ms
[2025-03-16T15:59:24.896+0100][64.251s][info][gc,heap        ] GC(252) Eden regions: 0->0(1)
[2025-03-16T15:59:24.896+0100][64.251s][info][gc,heap        ] GC(252) Survivor regions: 0->0(0)
[2025-03-16T15:59:24.896+0100][64.251s][info][gc,heap        ] GC(252) Old regions: 511->510
[2025-03-16T15:59:24.896+0100][64.251s][info][gc,heap        ] GC(252) Humongous regions: 1->1
[2025-03-16T15:59:24.896+0100][64.251s][info][gc,metaspace   ] GC(252) Metaspace: 27314K(27840K)->27314K(27840K) NonClass: 23735K(24000K)->23735K(24000K) Class: 3579K(3840K)->3579K(3840K)
[2025-03-16T15:59:24.896+0100][64.251s][info][gc             ] GC(252) Pause Full (G1 Compaction Pause) 2046M->2042M(2048M) 305.067ms
[2025-03-16T15:59:24.896+0100][64.251s][info][gc,cpu         ] GC(252) User=2.35s Sys=0.11s Real=0.30s
[2025-03-16T15:59:24.896+0100][64.251s][info][gc,marking     ] GC(253) Concurrent Mark Abort
[2025-03-16T15:59:24.896+0100][64.251s][info][gc             ] GC(253) Concurrent Mark Cycle 305.158ms
[2025-03-16T15:59:24.897+0100][64.252s][info][gc,start       ] GC(254) Pause Young (Normal) (G1 Evacuation Pause)
[2025-03-16T15:59:24.897+0100][64.252s][info][gc,task        ] GC(254) Using 9 workers of 9 for evacuation
[2025-03-16T15:59:24.898+0100][64.253s][info][gc,phases      ] GC(254)   Pre Evacuate Collection Set: 0.1ms
[2025-03-16T15:59:24.898+0100][64.253s][info][gc,phases      ] GC(254)   Merge Heap Roots: 0.0ms
[2025-03-16T15:59:24.898+0100][64.253s][info][gc,phases      ] GC(254)   Evacuate Collection Set: 0.7ms
[2025-03-16T15:59:24.898+0100][64.253s][info][gc,phases      ] GC(254)   Post Evacuate Collection Set: 0.4ms
[2025-03-16T15:59:24.898+0100][64.253s][info][gc,phases      ] GC(254)   Other: 0.0ms
[2025-03-16T15:59:24.898+0100][64.253s][info][gc,heap        ] GC(254) Eden regions: 1->0(0)
[2025-03-16T15:59:24.898+0100][64.253s][info][gc,heap        ] GC(254) Survivor regions: 0->0(0)
[2025-03-16T15:59:24.898+0100][64.253s][info][gc,heap        ] GC(254) Old regions: 510->511
[2025-03-16T15:59:24.898+0100][64.253s][info][gc,heap        ] GC(254) Humongous regions: 1->1
[2025-03-16T15:59:24.898+0100][64.253s][info][gc,metaspace   ] GC(254) Metaspace: 27314K(27840K)->27314K(27840K) NonClass: 23735K(24000K)->23735K(24000K) Class: 3579K(3840K)->3579K(3840K)
[2025-03-16T15:59:24.898+0100][64.253s][info][gc             ] GC(254) Pause Young (Normal) (G1 Evacuation Pause) (Evacuation Failure) 2046M->2046M(2048M) 1.334ms
[2025-03-16T15:59:24.898+0100][64.253s][info][gc,cpu         ] GC(254) User=0.01s Sys=0.00s Real=0.00s
[2025-03-16T15:59:24.898+0100][64.253s][info][gc,ergo        ] Attempting full compaction
[2025-03-16T15:59:24.898+0100][64.253s][info][gc,start       ] GC(255) Pause Full (G1 Compaction Pause)
[2025-03-16T15:59:24.898+0100][64.253s][info][gc,task        ] GC(255) Using 9 workers of 9 for full compaction
[2025-03-16T15:59:24.898+0100][64.253s][info][gc,phases,start] GC(255) Phase 1: Mark live objects
[2025-03-16T15:59:25.299+0100][64.654s][info][gc,phases      ] GC(255) Phase 1: Mark live objects 400.977ms
[2025-03-16T15:59:25.299+0100][64.654s][info][gc,phases,start] GC(255) Phase 2: Prepare compaction
[2025-03-16T15:59:25.300+0100][64.655s][info][gc,phases      ] GC(255) Phase 2: Prepare compaction 1.049ms
[2025-03-16T15:59:25.300+0100][64.656s][info][gc,phases,start] GC(255) Phase 3: Adjust pointers
[2025-03-16T15:59:25.351+0100][64.706s][info][gc,phases      ] GC(255) Phase 3: Adjust pointers 50.862ms
[2025-03-16T15:59:25.351+0100][64.706s][info][gc,phases,start] GC(255) Phase 4: Compact heap
[2025-03-16T15:59:25.352+0100][64.708s][info][gc,phases      ] GC(255) Phase 4: Compact heap 1.170ms
[2025-03-16T15:59:25.352+0100][64.708s][info][gc,phases,start] GC(255) Phase 5: Reset Metadata
[2025-03-16T15:59:25.383+0100][64.739s][info][gc,phases      ] GC(255) Phase 5: Reset Metadata 31.198ms
[2025-03-16T15:59:25.388+0100][64.743s][info][gc,heap        ] GC(255) Eden regions: 0->0(0)
[2025-03-16T15:59:25.388+0100][64.743s][info][gc,heap        ] GC(255) Survivor regions: 0->0(0)
[2025-03-16T15:59:25.388+0100][64.743s][info][gc,heap        ] GC(255) Old regions: 511->511
[2025-03-16T15:59:25.388+0100][64.743s][info][gc,heap        ] GC(255) Humongous regions: 1->1
[2025-03-16T15:59:25.388+0100][64.743s][info][gc,metaspace   ] GC(255) Metaspace: 27314K(27840K)->27314K(27840K) NonClass: 23735K(24000K)->23735K(24000K) Class: 3579K(3840K)->3579K(3840K)
[2025-03-16T15:59:25.388+0100][64.743s][info][gc             ] GC(255) Pause Full (G1 Compaction Pause) 2046M->2045M(2048M) 489.939ms
[2025-03-16T15:59:25.388+0100][64.743s][info][gc,cpu         ] GC(255) User=3.88s Sys=0.13s Real=0.49s
[2025-03-16T15:59:25.388+0100][64.743s][info][gc,ergo        ] Attempting maximal full compaction clearing soft references
[2025-03-16T15:59:25.388+0100][64.743s][info][gc,start       ] GC(256) Pause Full (G1 Compaction Pause)
[2025-03-16T15:59:25.388+0100][64.743s][info][gc,task        ] GC(256) Using 9 workers of 9 for full compaction
[2025-03-16T15:59:25.388+0100][64.743s][info][gc,phases,start] GC(256) Phase 1: Mark live objects
[2025-03-16T15:59:25.601+0100][64.956s][info][gc,phases      ] GC(256) Phase 1: Mark live objects 212.968ms
[2025-03-16T15:59:25.601+0100][64.956s][info][gc,phases,start] GC(256) Phase 2: Prepare compaction
[2025-03-16T15:59:25.657+0100][65.013s][info][gc,phases      ] GC(256) Phase 2: Prepare compaction 56.208ms
[2025-03-16T15:59:25.657+0100][65.013s][info][gc,phases,start] GC(256) Phase 3: Adjust pointers
[2025-03-16T15:59:25.715+0100][65.070s][info][gc,phases      ] GC(256) Phase 3: Adjust pointers 57.356ms
[2025-03-16T15:59:25.715+0100][65.070s][info][gc,phases,start] GC(256) Phase 4: Compact heap
[2025-03-16T15:59:25.761+0100][65.116s][info][gc,phases      ] GC(256) Phase 4: Compact heap 46.050ms
[2025-03-16T15:59:25.761+0100][65.116s][info][gc,phases,start] GC(256) Phase 5: Reset Metadata
[2025-03-16T15:59:25.761+0100][65.116s][info][gc,phases      ] GC(256) Phase 5: Reset Metadata 0.274ms
[2025-03-16T15:59:25.765+0100][65.121s][info][gc,heap        ] GC(256) Eden regions: 0->0(0)
[2025-03-16T15:59:25.765+0100][65.121s][info][gc,heap        ] GC(256) Survivor regions: 0->0(0)
[2025-03-16T15:59:25.765+0100][65.121s][info][gc,heap        ] GC(256) Old regions: 511->511
[2025-03-16T15:59:25.765+0100][65.121s][info][gc,heap        ] GC(256) Humongous regions: 1->1
[2025-03-16T15:59:25.765+0100][65.121s][info][gc,metaspace   ] GC(256) Metaspace: 27314K(27840K)->27314K(27840K) NonClass: 23735K(24000K)->23735K(24000K) Class: 3579K(3840K)->3579K(3840K)
[2025-03-16T15:59:25.765+0100][65.121s][info][gc             ] GC(256) Pause Full (G1 Compaction Pause) 2045M->2045M(2048M) 377.628ms
[2025-03-16T15:59:25.766+0100][65.121s][info][gc,cpu         ] GC(256) User=2.71s Sys=0.11s Real=0.38s
[2025-03-16T15:59:25.766+0100][65.121s][info][gc,start       ] GC(257) Pause Young (Concurrent Start) (G1 Evacuation Pause)
[2025-03-16T15:59:25.766+0100][65.121s][info][gc,task        ] GC(257) Using 9 workers of 9 for evacuation
[2025-03-16T15:59:25.766+0100][65.122s][info][gc,phases      ] GC(257)   Pre Evacuate Collection Set: 0.1ms
[2025-03-16T15:59:25.766+0100][65.122s][info][gc,phases      ] GC(257)   Merge Heap Roots: 0.0ms
[2025-03-16T15:59:25.766+0100][65.122s][info][gc,phases      ] GC(257)   Evacuate Collection Set: 0.2ms
[2025-03-16T15:59:25.766+0100][65.122s][info][gc,phases      ] GC(257)   Post Evacuate Collection Set: 0.2ms
[2025-03-16T15:59:25.766+0100][65.122s][info][gc,phases      ] GC(257)   Other: 0.0ms
[2025-03-16T15:59:25.766+0100][65.122s][info][gc,heap        ] GC(257) Eden regions: 0->0(0)
[2025-03-16T15:59:25.766+0100][65.122s][info][gc,heap        ] GC(257) Survivor regions: 0->0(0)
[2025-03-16T15:59:25.766+0100][65.122s][info][gc,heap        ] GC(257) Old regions: 511->511
[2025-03-16T15:59:25.766+0100][65.122s][info][gc,heap        ] GC(257) Humongous regions: 1->1
[2025-03-16T15:59:25.766+0100][65.122s][info][gc,metaspace   ] GC(257) Metaspace: 27314K(27840K)->27314K(27840K) NonClass: 23735K(24000K)->23735K(24000K) Class: 3579K(3840K)->3579K(3840K)
[2025-03-16T15:59:25.766+0100][65.122s][info][gc             ] GC(257) Pause Young (Concurrent Start) (G1 Evacuation Pause) 2045M->2045M(2048M) 0.661ms
[2025-03-16T15:59:25.766+0100][65.122s][info][gc,cpu         ] GC(257) User=0.00s Sys=0.00s Real=0.00s
[2025-03-16T15:59:25.766+0100][65.122s][info][gc             ] GC(258) Concurrent Mark Cycle
[2025-03-16T15:59:25.766+0100][65.122s][info][gc,ergo        ] Attempting full compaction
[2025-03-16T15:59:25.766+0100][65.122s][info][gc,marking     ] GC(258) Concurrent Scan Root Regions
[2025-03-16T15:59:25.766+0100][65.122s][info][gc,start       ] GC(259) Pause Full (G1 Compaction Pause)
[2025-03-16T15:59:25.766+0100][65.122s][info][gc,marking     ] GC(258) Concurrent Scan Root Regions 0.016ms
[2025-03-16T15:59:25.766+0100][65.122s][info][gc,task        ] GC(259) Using 9 workers of 9 for full compaction
[2025-03-16T15:59:25.766+0100][65.122s][info][gc,marking     ] GC(258) Concurrent Mark
[2025-03-16T15:59:25.766+0100][65.122s][info][gc,marking     ] GC(258) Concurrent Mark From Roots
[2025-03-16T15:59:25.766+0100][65.122s][info][gc,task        ] GC(258) Using 2 workers of 2 for marking
[2025-03-16T15:59:25.767+0100][65.122s][info][gc,phases,start] GC(259) Phase 1: Mark live objects
[2025-03-16T15:59:25.992+0100][65.348s][info][gc,phases      ] GC(259) Phase 1: Mark live objects 225.365ms
[2025-03-16T15:59:25.992+0100][65.348s][info][gc,phases,start] GC(259) Phase 2: Prepare compaction
[2025-03-16T15:59:25.992+0100][65.348s][info][gc,phases      ] GC(259) Phase 2: Prepare compaction 0.274ms
[2025-03-16T15:59:25.992+0100][65.348s][info][gc,phases,start] GC(259) Phase 3: Adjust pointers
[2025-03-16T15:59:26.041+0100][65.397s][info][gc,phases      ] GC(259) Phase 3: Adjust pointers 48.670ms
[2025-03-16T15:59:26.041+0100][65.397s][info][gc,phases,start] GC(259) Phase 4: Compact heap
[2025-03-16T15:59:26.041+0100][65.397s][info][gc,phases      ] GC(259) Phase 4: Compact heap 0.287ms
[2025-03-16T15:59:26.041+0100][65.397s][info][gc,phases,start] GC(259) Phase 5: Reset Metadata
[2025-03-16T15:59:26.072+0100][65.428s][info][gc,phases      ] GC(259) Phase 5: Reset Metadata 30.617ms
[2025-03-16T15:59:26.076+0100][65.432s][info][gc,heap        ] GC(259) Eden regions: 0->0(0)
[2025-03-16T15:59:26.076+0100][65.432s][info][gc,heap        ] GC(259) Survivor regions: 0->0(0)
[2025-03-16T15:59:26.076+0100][65.432s][info][gc,heap        ] GC(259) Old regions: 511->511
[2025-03-16T15:59:26.076+0100][65.432s][info][gc,heap        ] GC(259) Humongous regions: 1->1
[2025-03-16T15:59:26.076+0100][65.432s][info][gc,metaspace   ] GC(259) Metaspace: 27314K(27840K)->27314K(27840K) NonClass: 23735K(24000K)->23735K(24000K) Class: 3579K(3840K)->3579K(3840K)
[2025-03-16T15:59:26.077+0100][65.432s][info][gc             ] GC(259) Pause Full (G1 Compaction Pause) 2045M->2045M(2048M) 310.200ms
[2025-03-16T15:59:26.077+0100][65.432s][info][gc,cpu         ] GC(259) User=2.36s Sys=0.10s Real=0.31s
[2025-03-16T15:59:26.077+0100][65.432s][info][gc,ergo        ] Attempting maximal full compaction clearing soft references
[2025-03-16T15:59:26.077+0100][65.432s][info][gc,start       ] GC(260) Pause Full (G1 Compaction Pause)
[2025-03-16T15:59:26.077+0100][65.432s][info][gc,task        ] GC(260) Using 9 workers of 9 for full compaction
[2025-03-16T15:59:26.077+0100][65.432s][info][gc,phases,start] GC(260) Phase 1: Mark live objects
[2025-03-16T15:59:26.298+0100][65.654s][info][gc,phases      ] GC(260) Phase 1: Mark live objects 221.135ms
[2025-03-16T15:59:26.298+0100][65.654s][info][gc,phases,start] GC(260) Phase 2: Prepare compaction
[2025-03-16T15:59:26.362+0100][65.718s][info][gc,phases      ] GC(260) Phase 2: Prepare compaction 64.320ms
[2025-03-16T15:59:26.362+0100][65.718s][info][gc,phases,start] GC(260) Phase 3: Adjust pointers
[2025-03-16T15:59:26.422+0100][65.778s][info][gc,phases      ] GC(260) Phase 3: Adjust pointers 59.802ms
[2025-03-16T15:59:26.422+0100][65.778s][info][gc,phases,start] GC(260) Phase 4: Compact heap
[2025-03-16T15:59:26.477+0100][65.832s][info][gc,phases      ] GC(260) Phase 4: Compact heap 54.551ms
[2025-03-16T15:59:26.477+0100][65.832s][info][gc,phases,start] GC(260) Phase 5: Reset Metadata
[2025-03-16T15:59:26.477+0100][65.833s][info][gc,phases      ] GC(260) Phase 5: Reset Metadata 0.251ms
[2025-03-16T15:59:26.481+0100][65.837s][info][gc,heap        ] GC(260) Eden regions: 0->0(0)
[2025-03-16T15:59:26.482+0100][65.837s][info][gc,heap        ] GC(260) Survivor regions: 0->0(0)
[2025-03-16T15:59:26.482+0100][65.837s][info][gc,heap        ] GC(260) Old regions: 511->511
[2025-03-16T15:59:26.482+0100][65.837s][info][gc,heap        ] GC(260) Humongous regions: 1->1
[2025-03-16T15:59:26.482+0100][65.837s][info][gc,metaspace   ] GC(260) Metaspace: 27314K(27840K)->27314K(27840K) NonClass: 23735K(24000K)->23735K(24000K) Class: 3579K(3840K)->3579K(3840K)
[2025-03-16T15:59:26.482+0100][65.837s][info][gc             ] GC(260) Pause Full (G1 Compaction Pause) 2045M->2045M(2048M) 405.001ms
[2025-03-16T15:59:26.482+0100][65.837s][info][gc,cpu         ] GC(260) User=2.84s Sys=0.13s Real=0.41s
[2025-03-16T15:59:26.482+0100][65.837s][info][gc,marking     ] GC(258) Concurrent Mark From Roots 715.250ms
[2025-03-16T15:59:26.482+0100][65.837s][info][gc,start       ] GC(261) Pause Young (Normal) (G1 Evacuation Pause)
[2025-03-16T15:59:26.482+0100][65.837s][info][gc,task        ] GC(261) Using 9 workers of 9 for evacuation
[2025-03-16T15:59:26.482+0100][65.838s][info][gc,phases      ] GC(261)   Pre Evacuate Collection Set: 0.1ms
[2025-03-16T15:59:26.482+0100][65.838s][info][gc,phases      ] GC(261)   Merge Heap Roots: 0.0ms
[2025-03-16T15:59:26.482+0100][65.838s][info][gc,phases      ] GC(261)   Evacuate Collection Set: 0.2ms
[2025-03-16T15:59:26.482+0100][65.838s][info][gc,phases      ] GC(261)   Post Evacuate Collection Set: 0.2ms
[2025-03-16T15:59:26.482+0100][65.838s][info][gc,phases      ] GC(261)   Other: 0.0ms
[2025-03-16T15:59:26.482+0100][65.838s][info][gc,heap        ] GC(261) Eden regions: 0->0(0)
[2025-03-16T15:59:26.482+0100][65.838s][info][gc,heap        ] GC(261) Survivor regions: 0->0(0)
[2025-03-16T15:59:26.482+0100][65.838s][info][gc,heap        ] GC(261) Old regions: 511->511
[2025-03-16T15:59:26.482+0100][65.838s][info][gc,heap        ] GC(261) Humongous regions: 1->1
[2025-03-16T15:59:26.482+0100][65.838s][info][gc,metaspace   ] GC(261) Metaspace: 27314K(27840K)->27314K(27840K) NonClass: 23735K(24000K)->23735K(24000K) Class: 3579K(3840K)->3579K(3840K)
[2025-03-16T15:59:26.482+0100][65.838s][info][gc             ] GC(261) Pause Young (Normal) (G1 Evacuation Pause) 2045M->2045M(2048M) 0.658ms
[2025-03-16T15:59:26.482+0100][65.838s][info][gc,cpu         ] GC(261) User=0.00s Sys=0.01s Real=0.00s
[2025-03-16T15:59:26.482+0100][65.838s][info][gc,ergo        ] Attempting full compaction
[2025-03-16T15:59:26.482+0100][65.838s][info][gc,start       ] GC(262) Pause Full (G1 Compaction Pause)
[2025-03-16T15:59:26.482+0100][65.838s][info][gc,task        ] GC(262) Using 9 workers of 9 for full compaction
[2025-03-16T15:59:26.483+0100][65.838s][info][gc,phases,start] GC(262) Phase 1: Mark live objects
[2025-03-16T15:59:26.690+0100][66.046s][info][gc,phases      ] GC(262) Phase 1: Mark live objects 207.317ms
[2025-03-16T15:59:26.690+0100][66.046s][info][gc,phases,start] GC(262) Phase 2: Prepare compaction
[2025-03-16T15:59:26.690+0100][66.046s][info][gc,phases      ] GC(262) Phase 2: Prepare compaction 0.271ms
[2025-03-16T15:59:26.690+0100][66.046s][info][gc,phases,start] GC(262) Phase 3: Adjust pointers
[2025-03-16T15:59:26.739+0100][66.095s][info][gc,phases      ] GC(262) Phase 3: Adjust pointers 48.913ms
[2025-03-16T15:59:26.739+0100][66.095s][info][gc,phases,start] GC(262) Phase 4: Compact heap
[2025-03-16T15:59:26.740+0100][66.095s][info][gc,phases      ] GC(262) Phase 4: Compact heap 0.247ms
[2025-03-16T15:59:26.740+0100][66.095s][info][gc,phases,start] GC(262) Phase 5: Reset Metadata
[2025-03-16T15:59:26.770+0100][66.126s][info][gc,phases      ] GC(262) Phase 5: Reset Metadata 30.654ms
[2025-03-16T15:59:26.775+0100][66.130s][info][gc,heap        ] GC(262) Eden regions: 0->0(0)
[2025-03-16T15:59:26.775+0100][66.130s][info][gc,heap        ] GC(262) Survivor regions: 0->0(0)
[2025-03-16T15:59:26.775+0100][66.130s][info][gc,heap        ] GC(262) Old regions: 511->511
[2025-03-16T15:59:26.775+0100][66.130s][info][gc,heap        ] GC(262) Humongous regions: 1->1
[2025-03-16T15:59:26.775+0100][66.130s][info][gc,metaspace   ] GC(262) Metaspace: 27314K(27840K)->27314K(27840K) NonClass: 23735K(24000K)->23735K(24000K) Class: 3579K(3840K)->3579K(3840K)
[2025-03-16T15:59:26.775+0100][66.130s][info][gc             ] GC(262) Pause Full (G1 Compaction Pause) 2045M->2045M(2048M) 292.324ms
[2025-03-16T15:59:26.775+0100][66.130s][info][gc,cpu         ] GC(262) User=2.23s Sys=0.12s Real=0.29s
[2025-03-16T15:59:26.775+0100][66.130s][info][gc,ergo        ] Attempting maximal full compaction clearing soft references
[2025-03-16T15:59:26.775+0100][66.130s][info][gc,start       ] GC(263) Pause Full (G1 Compaction Pause)
[2025-03-16T15:59:26.775+0100][66.130s][info][gc,task        ] GC(263) Using 9 workers of 9 for full compaction
[2025-03-16T15:59:26.775+0100][66.131s][info][gc,phases,start] GC(263) Phase 1: Mark live objects
[2025-03-16T15:59:26.986+0100][66.341s][info][gc,phases      ] GC(263) Phase 1: Mark live objects 210.817ms
[2025-03-16T15:59:26.986+0100][66.341s][info][gc,phases,start] GC(263) Phase 2: Prepare compaction
[2025-03-16T15:59:27.045+0100][66.400s][info][gc,phases      ] GC(263) Phase 2: Prepare compaction 58.924ms
[2025-03-16T15:59:27.045+0100][66.400s][info][gc,phases,start] GC(263) Phase 3: Adjust pointers
[2025-03-16T15:59:27.101+0100][66.457s][info][gc,phases      ] GC(263) Phase 3: Adjust pointers 56.228ms
[2025-03-16T15:59:27.101+0100][66.457s][info][gc,phases,start] GC(263) Phase 4: Compact heap
[2025-03-16T15:59:27.145+0100][66.501s][info][gc,phases      ] GC(263) Phase 4: Compact heap 44.258ms
[2025-03-16T15:59:27.145+0100][66.501s][info][gc,phases,start] GC(263) Phase 5: Reset Metadata
[2025-03-16T15:59:27.146+0100][66.501s][info][gc,phases      ] GC(263) Phase 5: Reset Metadata 0.240ms
[2025-03-16T15:59:27.150+0100][66.506s][info][gc,heap        ] GC(263) Eden regions: 0->0(0)
[2025-03-16T15:59:27.150+0100][66.506s][info][gc,heap        ] GC(263) Survivor regions: 0->0(0)
[2025-03-16T15:59:27.150+0100][66.506s][info][gc,heap        ] GC(263) Old regions: 511->511
[2025-03-16T15:59:27.150+0100][66.506s][info][gc,heap        ] GC(263) Humongous regions: 1->1
[2025-03-16T15:59:27.150+0100][66.506s][info][gc,metaspace   ] GC(263) Metaspace: 27314K(27840K)->27314K(27840K) NonClass: 23735K(24000K)->23735K(24000K) Class: 3579K(3840K)->3579K(3840K)
[2025-03-16T15:59:27.150+0100][66.506s][info][gc             ] GC(263) Pause Full (G1 Compaction Pause) 2045M->2045M(2048M) 375.571ms
[2025-03-16T15:59:27.150+0100][66.506s][info][gc,cpu         ] GC(263) User=2.72s Sys=0.14s Real=0.38s
[2025-03-16T15:59:27.150+0100][66.506s][info][gc,marking     ] GC(258) Concurrent Mark Abort
[2025-03-16T15:59:27.150+0100][66.506s][info][gc             ] GC(258) Concurrent Mark Cycle 1384.068ms
[2025-03-16T15:59:27.150+0100][66.506s][info][gc,start       ] GC(264) Pause Young (Normal) (G1 Evacuation Pause)
[2025-03-16T15:59:27.150+0100][66.506s][info][gc,task        ] GC(264) Using 9 workers of 9 for evacuation
[2025-03-16T15:59:27.151+0100][66.506s][info][gc,phases      ] GC(264)   Pre Evacuate Collection Set: 0.1ms
[2025-03-16T15:59:27.151+0100][66.506s][info][gc,phases      ] GC(264)   Merge Heap Roots: 0.0ms
[2025-03-16T15:59:27.151+0100][66.506s][info][gc,phases      ] GC(264)   Evacuate Collection Set: 0.2ms
[2025-03-16T15:59:27.151+0100][66.506s][info][gc,phases      ] GC(264)   Post Evacuate Collection Set: 0.1ms
[2025-03-16T15:59:27.151+0100][66.506s][info][gc,phases      ] GC(264)   Other: 0.0ms
[2025-03-16T15:59:27.151+0100][66.506s][info][gc,heap        ] GC(264) Eden regions: 0->0(0)
[2025-03-16T15:59:27.151+0100][66.506s][info][gc,heap        ] GC(264) Survivor regions: 0->0(0)
[2025-03-16T15:59:27.151+0100][66.506s][info][gc,heap        ] GC(264) Old regions: 511->511
[2025-03-16T15:59:27.151+0100][66.506s][info][gc,heap        ] GC(264) Humongous regions: 1->1
[2025-03-16T15:59:27.151+0100][66.506s][info][gc,metaspace   ] GC(264) Metaspace: 27314K(27840K)->27314K(27840K) NonClass: 23735K(24000K)->23735K(24000K) Class: 3579K(3840K)->3579K(3840K)
[2025-03-16T15:59:27.151+0100][66.507s][info][gc             ] GC(264) Pause Young (Normal) (G1 Evacuation Pause) 2045M->2045M(2048M) 0.605ms
[2025-03-16T15:59:27.151+0100][66.507s][info][gc,cpu         ] GC(264) User=0.00s Sys=0.00s Real=0.00s
[2025-03-16T15:59:27.151+0100][66.507s][info][gc,ergo        ] Attempting full compaction
[2025-03-16T15:59:27.151+0100][66.507s][info][gc,start       ] GC(265) Pause Full (G1 Compaction Pause)
[2025-03-16T15:59:27.151+0100][66.507s][info][gc,task        ] GC(265) Using 9 workers of 9 for full compaction
[2025-03-16T15:59:27.151+0100][66.507s][info][gc,phases,start] GC(265) Phase 1: Mark live objects
[2025-03-16T15:59:27.419+0100][66.774s][info][gc,phases      ] GC(265) Phase 1: Mark live objects 267.498ms
[2025-03-16T15:59:27.419+0100][66.774s][info][gc,phases,start] GC(265) Phase 2: Prepare compaction
[2025-03-16T15:59:27.419+0100][66.774s][info][gc,phases      ] GC(265) Phase 2: Prepare compaction 0.283ms
[2025-03-16T15:59:27.419+0100][66.774s][info][gc,phases,start] GC(265) Phase 3: Adjust pointers
[2025-03-16T15:59:27.468+0100][66.823s][info][gc,phases      ] GC(265) Phase 3: Adjust pointers 48.980ms
[2025-03-16T15:59:27.468+0100][66.823s][info][gc,phases,start] GC(265) Phase 4: Compact heap
[2025-03-16T15:59:27.468+0100][66.824s][info][gc,phases      ] GC(265) Phase 4: Compact heap 0.241ms
[2025-03-16T15:59:27.468+0100][66.824s][info][gc,phases,start] GC(265) Phase 5: Reset Metadata
[2025-03-16T15:59:27.501+0100][66.857s][info][gc,phases      ] GC(265) Phase 5: Reset Metadata 33.079ms
[2025-03-16T15:59:27.506+0100][66.861s][info][gc,heap        ] GC(265) Eden regions: 0->0(0)
[2025-03-16T15:59:27.506+0100][66.861s][info][gc,heap        ] GC(265) Survivor regions: 0->0(0)
[2025-03-16T15:59:27.506+0100][66.861s][info][gc,heap        ] GC(265) Old regions: 511->511
[2025-03-16T15:59:27.506+0100][66.861s][info][gc,heap        ] GC(265) Humongous regions: 1->1
[2025-03-16T15:59:27.506+0100][66.861s][info][gc,metaspace   ] GC(265) Metaspace: 27314K(27840K)->27314K(27840K) NonClass: 23735K(24000K)->23735K(24000K) Class: 3579K(3840K)->3579K(3840K)
[2025-03-16T15:59:27.506+0100][66.861s][info][gc             ] GC(265) Pause Full (G1 Compaction Pause) 2045M->2045M(2048M) 354.609ms
[2025-03-16T15:59:27.506+0100][66.861s][info][gc,cpu         ] GC(265) User=2.77s Sys=0.13s Real=0.35s
[2025-03-16T15:59:27.506+0100][66.861s][info][gc,ergo        ] Attempting maximal full compaction clearing soft references
[2025-03-16T15:59:27.506+0100][66.861s][info][gc,start       ] GC(266) Pause Full (G1 Compaction Pause)
[2025-03-16T15:59:27.506+0100][66.861s][info][gc,task        ] GC(266) Using 9 workers of 9 for full compaction
[2025-03-16T15:59:27.506+0100][66.861s][info][gc,phases,start] GC(266) Phase 1: Mark live objects
[2025-03-16T15:59:27.815+0100][67.170s][info][gc,phases      ] GC(266) Phase 1: Mark live objects 308.968ms
[2025-03-16T15:59:27.815+0100][67.170s][info][gc,phases,start] GC(266) Phase 2: Prepare compaction
[2025-03-16T15:59:27.866+0100][67.222s][info][gc,phases      ] GC(266) Phase 2: Prepare compaction 51.540ms
[2025-03-16T15:59:27.866+0100][67.222s][info][gc,phases,start] GC(266) Phase 3: Adjust pointers
[2025-03-16T15:59:27.922+0100][67.278s][info][gc,phases      ] GC(266) Phase 3: Adjust pointers 56.136ms
[2025-03-16T15:59:27.923+0100][67.278s][info][gc,phases,start] GC(266) Phase 4: Compact heap
[2025-03-16T15:59:27.967+0100][67.323s][info][gc,phases      ] GC(266) Phase 4: Compact heap 44.583ms
[2025-03-16T15:59:27.967+0100][67.323s][info][gc,phases,start] GC(266) Phase 5: Reset Metadata
[2025-03-16T15:59:27.967+0100][67.323s][info][gc,phases      ] GC(266) Phase 5: Reset Metadata 0.273ms
[2025-03-16T15:59:27.972+0100][67.327s][info][gc,heap        ] GC(266) Eden regions: 0->0(0)
[2025-03-16T15:59:27.972+0100][67.327s][info][gc,heap        ] GC(266) Survivor regions: 0->0(0)
[2025-03-16T15:59:27.972+0100][67.327s][info][gc,heap        ] GC(266) Old regions: 511->511
[2025-03-16T15:59:27.972+0100][67.327s][info][gc,heap        ] GC(266) Humongous regions: 1->1
[2025-03-16T15:59:27.972+0100][67.327s][info][gc,metaspace   ] GC(266) Metaspace: 27314K(27840K)->27314K(27840K) NonClass: 23735K(24000K)->23735K(24000K) Class: 3579K(3840K)->3579K(3840K)
[2025-03-16T15:59:27.972+0100][67.327s][info][gc             ] GC(266) Pause Full (G1 Compaction Pause) 2045M->2045M(2048M) 466.083ms
[2025-03-16T15:59:27.972+0100][67.327s][info][gc,cpu         ] GC(266) User=3.54s Sys=0.14s Real=0.47s
[2025-03-16T15:59:27.972+0100][67.327s][info][gc,start       ] GC(267) Pause Young (Concurrent Start) (G1 Evacuation Pause)
[2025-03-16T15:59:27.972+0100][67.327s][info][gc,task        ] GC(267) Using 9 workers of 9 for evacuation
[2025-03-16T15:59:27.972+0100][67.328s][info][gc,phases      ] GC(267)   Pre Evacuate Collection Set: 0.1ms
[2025-03-16T15:59:27.972+0100][67.328s][info][gc,phases      ] GC(267)   Merge Heap Roots: 0.0ms
[2025-03-16T15:59:27.972+0100][67.328s][info][gc,phases      ] GC(267)   Evacuate Collection Set: 0.2ms
[2025-03-16T15:59:27.972+0100][67.328s][info][gc,phases      ] GC(267)   Post Evacuate Collection Set: 0.2ms
[2025-03-16T15:59:27.972+0100][67.328s][info][gc,phases      ] GC(267)   Other: 0.0ms
[2025-03-16T15:59:27.972+0100][67.328s][info][gc,heap        ] GC(267) Eden regions: 0->0(0)
[2025-03-16T15:59:27.972+0100][67.328s][info][gc,heap        ] GC(267) Survivor regions: 0->0(0)
[2025-03-16T15:59:27.973+0100][67.328s][info][gc,heap        ] GC(267) Old regions: 511->511
[2025-03-16T15:59:27.973+0100][67.328s][info][gc,heap        ] GC(267) Humongous regions: 1->1
[2025-03-16T15:59:27.973+0100][67.328s][info][gc,metaspace   ] GC(267) Metaspace: 27314K(27840K)->27314K(27840K) NonClass: 23735K(24000K)->23735K(24000K) Class: 3579K(3840K)->3579K(3840K)
[2025-03-16T15:59:27.973+0100][67.328s][info][gc             ] GC(267) Pause Young (Concurrent Start) (G1 Evacuation Pause) 2045M->2045M(2048M) 0.638ms
[2025-03-16T15:59:27.973+0100][67.328s][info][gc,cpu         ] GC(267) User=0.00s Sys=0.00s Real=0.00s
[2025-03-16T15:59:27.973+0100][67.328s][info][gc,ergo        ] Attempting full compaction
[2025-03-16T15:59:27.973+0100][67.328s][info][gc,start       ] GC(268) Pause Full (G1 Compaction Pause)
[2025-03-16T15:59:27.973+0100][67.328s][info][gc             ] GC(269) Concurrent Mark Cycle
[2025-03-16T15:59:27.973+0100][67.328s][info][gc,task        ] GC(268) Using 9 workers of 9 for full compaction
[2025-03-16T15:59:27.973+0100][67.328s][info][gc,marking     ] GC(269) Concurrent Scan Root Regions
[2025-03-16T15:59:27.973+0100][67.328s][info][gc,marking     ] GC(269) Concurrent Scan Root Regions 0.032ms
[2025-03-16T15:59:27.973+0100][67.328s][info][gc,phases,start] GC(268) Phase 1: Mark live objects
[2025-03-16T15:59:28.174+0100][67.529s][info][gc,phases      ] GC(268) Phase 1: Mark live objects 201.004ms
[2025-03-16T15:59:28.174+0100][67.529s][info][gc,phases,start] GC(268) Phase 2: Prepare compaction
[2025-03-16T15:59:28.174+0100][67.530s][info][gc,phases      ] GC(268) Phase 2: Prepare compaction 0.275ms
[2025-03-16T15:59:28.174+0100][67.530s][info][gc,phases,start] GC(268) Phase 3: Adjust pointers
[2025-03-16T15:59:28.222+0100][67.578s][info][gc,phases      ] GC(268) Phase 3: Adjust pointers 47.922ms
[2025-03-16T15:59:28.222+0100][67.578s][info][gc,phases,start] GC(268) Phase 4: Compact heap
[2025-03-16T15:59:28.222+0100][67.578s][info][gc,phases      ] GC(268) Phase 4: Compact heap 0.277ms
[2025-03-16T15:59:28.222+0100][67.578s][info][gc,phases,start] GC(268) Phase 5: Reset Metadata
[2025-03-16T15:59:28.253+0100][67.609s][info][gc,phases      ] GC(268) Phase 5: Reset Metadata 30.648ms
[2025-03-16T15:59:28.258+0100][67.613s][info][gc,heap        ] GC(268) Eden regions: 0->0(0)
[2025-03-16T15:59:28.258+0100][67.613s][info][gc,heap        ] GC(268) Survivor regions: 0->0(0)
[2025-03-16T15:59:28.258+0100][67.613s][info][gc,heap        ] GC(268) Old regions: 511->511
[2025-03-16T15:59:28.258+0100][67.613s][info][gc,heap        ] GC(268) Humongous regions: 1->1
[2025-03-16T15:59:28.258+0100][67.613s][info][gc,metaspace   ] GC(268) Metaspace: 27314K(27840K)->27314K(27840K) NonClass: 23735K(24000K)->23735K(24000K) Class: 3579K(3840K)->3579K(3840K)
[2025-03-16T15:59:28.258+0100][67.613s][info][gc             ] GC(268) Pause Full (G1 Compaction Pause) 2045M->2045M(2048M) 285.066ms
[2025-03-16T15:59:28.258+0100][67.613s][info][gc,cpu         ] GC(268) User=2.19s Sys=0.13s Real=0.28s
[2025-03-16T15:59:28.258+0100][67.613s][info][gc,ergo        ] Attempting maximal full compaction clearing soft references
[2025-03-16T15:59:28.258+0100][67.613s][info][gc,start       ] GC(270) Pause Full (G1 Compaction Pause)
[2025-03-16T15:59:28.258+0100][67.613s][info][gc,task        ] GC(270) Using 9 workers of 9 for full compaction
[2025-03-16T15:59:28.258+0100][67.613s][info][gc,phases,start] GC(270) Phase 1: Mark live objects
[2025-03-16T15:59:28.495+0100][67.851s][info][gc,phases      ] GC(270) Phase 1: Mark live objects 237.072ms
[2025-03-16T15:59:28.495+0100][67.851s][info][gc,phases,start] GC(270) Phase 2: Prepare compaction
[2025-03-16T15:59:28.554+0100][67.909s][info][gc,phases      ] GC(270) Phase 2: Prepare compaction 58.771ms
[2025-03-16T15:59:28.554+0100][67.910s][info][gc,phases,start] GC(270) Phase 3: Adjust pointers
[2025-03-16T15:59:28.616+0100][67.971s][info][gc,phases      ] GC(270) Phase 3: Adjust pointers 61.653ms
[2025-03-16T15:59:28.616+0100][67.971s][info][gc,phases,start] GC(270) Phase 4: Compact heap
[2025-03-16T15:59:28.664+0100][68.019s][info][gc,phases      ] GC(270) Phase 4: Compact heap 48.173ms
[2025-03-16T15:59:28.664+0100][68.019s][info][gc,phases,start] GC(270) Phase 5: Reset Metadata
[2025-03-16T15:59:28.664+0100][68.020s][info][gc,phases      ] GC(270) Phase 5: Reset Metadata 0.219ms
[2025-03-16T15:59:28.668+0100][68.024s][info][gc,heap        ] GC(270) Eden regions: 0->0(0)
[2025-03-16T15:59:28.668+0100][68.024s][info][gc,heap        ] GC(270) Survivor regions: 0->0(0)
[2025-03-16T15:59:28.668+0100][68.024s][info][gc,heap        ] GC(270) Old regions: 511->511
[2025-03-16T15:59:28.668+0100][68.024s][info][gc,heap        ] GC(270) Humongous regions: 1->1
[2025-03-16T15:59:28.668+0100][68.024s][info][gc,metaspace   ] GC(270) Metaspace: 27314K(27840K)->27314K(27840K) NonClass: 23735K(24000K)->23735K(24000K) Class: 3579K(3840K)->3579K(3840K)
[2025-03-16T15:59:28.668+0100][68.024s][info][gc             ] GC(270) Pause Full (G1 Compaction Pause) 2045M->2045M(2048M) 410.855ms
[2025-03-16T15:59:28.669+0100][68.024s][info][gc,cpu         ] GC(270) User=2.81s Sys=0.09s Real=0.41s
[2025-03-16T15:59:28.669+0100][68.024s][info][gc,marking     ] GC(269) Concurrent Mark Abort
[2025-03-16T15:59:28.669+0100][68.024s][info][gc             ] GC(269) Concurrent Mark Cycle 696.057ms
[2025-03-16T15:59:28.669+0100][68.024s][info][gc,start       ] GC(271) Pause Young (Normal) (G1 Evacuation Pause)
[2025-03-16T15:59:28.669+0100][68.024s][info][gc,task        ] GC(271) Using 9 workers of 9 for evacuation
[2025-03-16T15:59:28.669+0100][68.025s][info][gc,phases      ] GC(271)   Pre Evacuate Collection Set: 0.1ms
[2025-03-16T15:59:28.669+0100][68.025s][info][gc,phases      ] GC(271)   Merge Heap Roots: 0.0ms
[2025-03-16T15:59:28.669+0100][68.025s][info][gc,phases      ] GC(271)   Evacuate Collection Set: 0.2ms
[2025-03-16T15:59:28.669+0100][68.025s][info][gc,phases      ] GC(271)   Post Evacuate Collection Set: 0.2ms
[2025-03-16T15:59:28.669+0100][68.025s][info][gc,phases      ] GC(271)   Other: 0.0ms
[2025-03-16T15:59:28.669+0100][68.025s][info][gc,heap        ] GC(271) Eden regions: 0->0(0)
[2025-03-16T15:59:28.669+0100][68.025s][info][gc,heap        ] GC(271) Survivor regions: 0->0(0)
[2025-03-16T15:59:28.669+0100][68.025s][info][gc,heap        ] GC(271) Old regions: 511->511
[2025-03-16T15:59:28.669+0100][68.025s][info][gc,heap        ] GC(271) Humongous regions: 1->1
[2025-03-16T15:59:28.669+0100][68.025s][info][gc,metaspace   ] GC(271) Metaspace: 27314K(27840K)->27314K(27840K) NonClass: 23735K(24000K)->23735K(24000K) Class: 3579K(3840K)->3579K(3840K)
[2025-03-16T15:59:28.669+0100][68.025s][info][gc             ] GC(271) Pause Young (Normal) (G1 Evacuation Pause) 2045M->2045M(2048M) 0.603ms
[2025-03-16T15:59:28.669+0100][68.025s][info][gc,cpu         ] GC(271) User=0.00s Sys=0.00s Real=0.00s
[2025-03-16T15:59:28.669+0100][68.025s][info][gc,ergo        ] Attempting full compaction
[2025-03-16T15:59:28.669+0100][68.025s][info][gc,start       ] GC(272) Pause Full (G1 Compaction Pause)
[2025-03-16T15:59:28.669+0100][68.025s][info][gc,task        ] GC(272) Using 9 workers of 9 for full compaction
[2025-03-16T15:59:28.669+0100][68.025s][info][gc,phases,start] GC(272) Phase 1: Mark live objects
[2025-03-16T15:59:28.869+0100][68.224s][info][gc,phases      ] GC(272) Phase 1: Mark live objects 199.442ms
[2025-03-16T15:59:28.869+0100][68.224s][info][gc,phases,start] GC(272) Phase 2: Prepare compaction
[2025-03-16T15:59:28.869+0100][68.225s][info][gc,phases      ] GC(272) Phase 2: Prepare compaction 0.437ms
[2025-03-16T15:59:28.869+0100][68.225s][info][gc,phases,start] GC(272) Phase 3: Adjust pointers
[2025-03-16T15:59:28.917+0100][68.273s][info][gc,phases      ] GC(272) Phase 3: Adjust pointers 48.014ms
[2025-03-16T15:59:28.917+0100][68.273s][info][gc,phases,start] GC(272) Phase 4: Compact heap
[2025-03-16T15:59:28.918+0100][68.273s][info][gc,phases      ] GC(272) Phase 4: Compact heap 0.389ms
[2025-03-16T15:59:28.918+0100][68.273s][info][gc,phases,start] GC(272) Phase 5: Reset Metadata
[2025-03-16T15:59:28.948+0100][68.304s][info][gc,phases      ] GC(272) Phase 5: Reset Metadata 30.378ms
[2025-03-16T15:59:28.952+0100][68.308s][info][gc,heap        ] GC(272) Eden regions: 0->0(2)
[2025-03-16T15:59:28.952+0100][68.308s][info][gc,heap        ] GC(272) Survivor regions: 0->0(0)
[2025-03-16T15:59:28.952+0100][68.308s][info][gc,heap        ] GC(272) Old regions: 511->509
[2025-03-16T15:59:28.952+0100][68.308s][info][gc,heap        ] GC(272) Humongous regions: 1->1
[2025-03-16T15:59:28.952+0100][68.308s][info][gc,metaspace   ] GC(272) Metaspace: 27314K(27840K)->27314K(27840K) NonClass: 23735K(24000K)->23735K(24000K) Class: 3579K(3840K)->3579K(3840K)
[2025-03-16T15:59:28.953+0100][68.308s][info][gc             ] GC(272) Pause Full (G1 Compaction Pause) 2045M->2038M(2048M) 283.240ms
[2025-03-16T15:59:28.953+0100][68.308s][info][gc,cpu         ] GC(272) User=2.21s Sys=0.12s Real=0.29s
[2025-03-16T15:59:28.963+0100][68.318s][info][gc,start       ] GC(273) Pause Young (Concurrent Start) (G1 Evacuation Pause)
[2025-03-16T15:59:28.963+0100][68.318s][info][gc,task        ] GC(273) Using 9 workers of 9 for evacuation
[2025-03-16T15:59:28.965+0100][68.320s][info][gc,phases      ] GC(273)   Pre Evacuate Collection Set: 0.1ms
[2025-03-16T15:59:28.965+0100][68.321s][info][gc,phases      ] GC(273)   Merge Heap Roots: 0.0ms
[2025-03-16T15:59:28.965+0100][68.321s][info][gc,phases      ] GC(273)   Evacuate Collection Set: 1.6ms
[2025-03-16T15:59:28.965+0100][68.321s][info][gc,phases      ] GC(273)   Post Evacuate Collection Set: 0.6ms
[2025-03-16T15:59:28.965+0100][68.321s][info][gc,phases      ] GC(273)   Other: 0.0ms
[2025-03-16T15:59:28.965+0100][68.321s][info][gc,heap        ] GC(273) Eden regions: 2->0(0)
[2025-03-16T15:59:28.965+0100][68.321s][info][gc,heap        ] GC(273) Survivor regions: 0->0(0)
[2025-03-16T15:59:28.965+0100][68.321s][info][gc,heap        ] GC(273) Old regions: 509->511
[2025-03-16T15:59:28.965+0100][68.321s][info][gc,heap        ] GC(273) Humongous regions: 1->1
[2025-03-16T15:59:28.965+0100][68.321s][info][gc,metaspace   ] GC(273) Metaspace: 27316K(27840K)->27316K(27840K) NonClass: 23737K(24000K)->23737K(24000K) Class: 3579K(3840K)->3579K(3840K)
[2025-03-16T15:59:28.965+0100][68.321s][info][gc             ] GC(273) Pause Young (Concurrent Start) (G1 Evacuation Pause) (Evacuation Failure) 2046M->2046M(2048M) 2.522ms
[2025-03-16T15:59:28.965+0100][68.321s][info][gc             ] GC(274) Concurrent Mark Cycle
[2025-03-16T15:59:28.965+0100][68.321s][info][gc,cpu         ] GC(273) User=0.02s Sys=0.00s Real=0.00s
[2025-03-16T15:59:28.965+0100][68.321s][info][gc,marking     ] GC(274) Concurrent Scan Root Regions
[2025-03-16T15:59:28.965+0100][68.321s][info][gc,ergo        ] Attempting full compaction
[2025-03-16T15:59:28.965+0100][68.321s][info][gc,marking     ] GC(274) Concurrent Scan Root Regions 0.017ms
[2025-03-16T15:59:28.965+0100][68.321s][info][gc,start       ] GC(275) Pause Full (G1 Compaction Pause)
[2025-03-16T15:59:28.965+0100][68.321s][info][gc,marking     ] GC(274) Concurrent Mark
[2025-03-16T15:59:28.965+0100][68.321s][info][gc,task        ] GC(275) Using 9 workers of 9 for full compaction
[2025-03-16T15:59:28.965+0100][68.321s][info][gc,marking     ] GC(274) Concurrent Mark From Roots
[2025-03-16T15:59:28.965+0100][68.321s][info][gc,task        ] GC(274) Using 2 workers of 2 for marking
[2025-03-16T15:59:28.965+0100][68.321s][info][gc,phases,start] GC(275) Phase 1: Mark live objects
[2025-03-16T15:59:29.171+0100][68.527s][info][gc,phases      ] GC(275) Phase 1: Mark live objects 205.550ms
[2025-03-16T15:59:29.171+0100][68.527s][info][gc,phases,start] GC(275) Phase 2: Prepare compaction
[2025-03-16T15:59:29.173+0100][68.528s][info][gc,phases      ] GC(275) Phase 2: Prepare compaction 1.541ms
[2025-03-16T15:59:29.173+0100][68.528s][info][gc,phases,start] GC(275) Phase 3: Adjust pointers
[2025-03-16T15:59:29.222+0100][68.577s][info][gc,phases      ] GC(275) Phase 3: Adjust pointers 48.928ms
[2025-03-16T15:59:29.222+0100][68.577s][info][gc,phases,start] GC(275) Phase 4: Compact heap
[2025-03-16T15:59:29.223+0100][68.578s][info][gc,phases      ] GC(275) Phase 4: Compact heap 1.308ms
[2025-03-16T15:59:29.223+0100][68.578s][info][gc,phases,start] GC(275) Phase 5: Reset Metadata
[2025-03-16T15:59:29.254+0100][68.609s][info][gc,phases      ] GC(275) Phase 5: Reset Metadata 30.718ms
[2025-03-16T15:59:29.258+0100][68.614s][info][gc,heap        ] GC(275) Eden regions: 0->0(1)
[2025-03-16T15:59:29.258+0100][68.614s][info][gc,heap        ] GC(275) Survivor regions: 0->0(0)
[2025-03-16T15:59:29.258+0100][68.614s][info][gc,heap        ] GC(275) Old regions: 511->510
[2025-03-16T15:59:29.258+0100][68.614s][info][gc,heap        ] GC(275) Humongous regions: 1->1
[2025-03-16T15:59:29.258+0100][68.614s][info][gc,metaspace   ] GC(275) Metaspace: 27316K(27840K)->27316K(27840K) NonClass: 23737K(24000K)->23737K(24000K) Class: 3579K(3840K)->3579K(3840K)
[2025-03-16T15:59:29.258+0100][68.614s][info][gc             ] GC(275) Pause Full (G1 Compaction Pause) 2046M->2042M(2048M) 293.009ms
[2025-03-16T15:59:29.258+0100][68.614s][info][gc,cpu         ] GC(275) User=2.23s Sys=0.13s Real=0.29s
[2025-03-16T15:59:29.258+0100][68.614s][info][gc,marking     ] GC(274) Concurrent Mark From Roots 293.086ms
[2025-03-16T15:59:29.258+0100][68.614s][info][gc,marking     ] GC(274) Concurrent Mark Abort
[2025-03-16T15:59:29.258+0100][68.614s][info][gc             ] GC(274) Concurrent Mark Cycle 293.162ms
[2025-03-16T15:59:29.259+0100][68.614s][info][gc,start       ] GC(276) Pause Young (Normal) (G1 Evacuation Pause)
[2025-03-16T15:59:29.259+0100][68.614s][info][gc,task        ] GC(276) Using 9 workers of 9 for evacuation
[2025-03-16T15:59:29.260+0100][68.616s][info][gc,phases      ] GC(276)   Pre Evacuate Collection Set: 0.1ms
[2025-03-16T15:59:29.260+0100][68.616s][info][gc,phases      ] GC(276)   Merge Heap Roots: 0.0ms
[2025-03-16T15:59:29.260+0100][68.616s][info][gc,phases      ] GC(276)   Evacuate Collection Set: 0.7ms
[2025-03-16T15:59:29.260+0100][68.616s][info][gc,phases      ] GC(276)   Post Evacuate Collection Set: 0.4ms
[2025-03-16T15:59:29.260+0100][68.616s][info][gc,phases      ] GC(276)   Other: 0.0ms
[2025-03-16T15:59:29.260+0100][68.616s][info][gc,heap        ] GC(276) Eden regions: 1->0(0)
[2025-03-16T15:59:29.260+0100][68.616s][info][gc,heap        ] GC(276) Survivor regions: 0->0(0)
[2025-03-16T15:59:29.260+0100][68.616s][info][gc,heap        ] GC(276) Old regions: 510->511
[2025-03-16T15:59:29.260+0100][68.616s][info][gc,heap        ] GC(276) Humongous regions: 1->1
[2025-03-16T15:59:29.260+0100][68.616s][info][gc,metaspace   ] GC(276) Metaspace: 27316K(27840K)->27316K(27840K) NonClass: 23737K(24000K)->23737K(24000K) Class: 3579K(3840K)->3579K(3840K)
[2025-03-16T15:59:29.260+0100][68.616s][info][gc             ] GC(276) Pause Young (Normal) (G1 Evacuation Pause) (Evacuation Failure) 2046M->2046M(2048M) 1.330ms
[2025-03-16T15:59:29.260+0100][68.616s][info][gc,cpu         ] GC(276) User=0.01s Sys=0.00s Real=0.01s
[2025-03-16T15:59:29.260+0100][68.616s][info][gc,ergo        ] Attempting full compaction
[2025-03-16T15:59:29.260+0100][68.616s][info][gc,start       ] GC(277) Pause Full (G1 Compaction Pause)
[2025-03-16T15:59:29.260+0100][68.616s][info][gc,task        ] GC(277) Using 9 workers of 9 for full compaction
[2025-03-16T15:59:29.260+0100][68.616s][info][gc,phases,start] GC(277) Phase 1: Mark live objects
[2025-03-16T15:59:29.465+0100][68.821s][info][gc,phases      ] GC(277) Phase 1: Mark live objects 205.230ms
[2025-03-16T15:59:29.466+0100][68.821s][info][gc,phases,start] GC(277) Phase 2: Prepare compaction
[2025-03-16T15:59:29.467+0100][68.822s][info][gc,phases      ] GC(277) Phase 2: Prepare compaction 1.012ms
[2025-03-16T15:59:29.467+0100][68.822s][info][gc,phases,start] GC(277) Phase 3: Adjust pointers
[2025-03-16T15:59:29.520+0100][68.876s][info][gc,phases      ] GC(277) Phase 3: Adjust pointers 53.903ms
[2025-03-16T15:59:29.521+0100][68.876s][info][gc,phases,start] GC(277) Phase 4: Compact heap
[2025-03-16T15:59:29.522+0100][68.877s][info][gc,phases      ] GC(277) Phase 4: Compact heap 1.186ms
[2025-03-16T15:59:29.522+0100][68.877s][info][gc,phases,start] GC(277) Phase 5: Reset Metadata
[2025-03-16T15:59:29.554+0100][68.909s][info][gc,phases      ] GC(277) Phase 5: Reset Metadata 32.090ms
[2025-03-16T15:59:29.558+0100][68.914s][info][gc,heap        ] GC(277) Eden regions: 0->0(0)
[2025-03-16T15:59:29.558+0100][68.914s][info][gc,heap        ] GC(277) Survivor regions: 0->0(0)
[2025-03-16T15:59:29.558+0100][68.914s][info][gc,heap        ] GC(277) Old regions: 511->511
[2025-03-16T15:59:29.558+0100][68.914s][info][gc,heap        ] GC(277) Humongous regions: 1->1
[2025-03-16T15:59:29.558+0100][68.914s][info][gc,metaspace   ] GC(277) Metaspace: 27316K(27840K)->27316K(27840K) NonClass: 23737K(24000K)->23737K(24000K) Class: 3579K(3840K)->3579K(3840K)
[2025-03-16T15:59:29.558+0100][68.914s][info][gc             ] GC(277) Pause Full (G1 Compaction Pause) 2046M->2045M(2048M) 298.268ms
[2025-03-16T15:59:29.559+0100][68.914s][info][gc,cpu         ] GC(277) User=2.26s Sys=0.12s Real=0.29s
[2025-03-16T15:59:29.559+0100][68.914s][info][gc,ergo        ] Attempting maximal full compaction clearing soft references
[2025-03-16T15:59:29.559+0100][68.914s][info][gc,start       ] GC(278) Pause Full (G1 Compaction Pause)
[2025-03-16T15:59:29.559+0100][68.914s][info][gc,task        ] GC(278) Using 9 workers of 9 for full compaction
[2025-03-16T15:59:29.559+0100][68.914s][info][gc,phases,start] GC(278) Phase 1: Mark live objects
[2025-03-16T15:59:29.763+0100][69.119s][info][gc,phases      ] GC(278) Phase 1: Mark live objects 204.706ms
[2025-03-16T15:59:29.763+0100][69.119s][info][gc,phases,start] GC(278) Phase 2: Prepare compaction
[2025-03-16T15:59:29.814+0100][69.169s][info][gc,phases      ] GC(278) Phase 2: Prepare compaction 50.331ms
[2025-03-16T15:59:29.814+0100][69.169s][info][gc,phases,start] GC(278) Phase 3: Adjust pointers
[2025-03-16T15:59:29.873+0100][69.229s][info][gc,phases      ] GC(278) Phase 3: Adjust pointers 59.608ms
[2025-03-16T15:59:29.873+0100][69.229s][info][gc,phases,start] GC(278) Phase 4: Compact heap
[2025-03-16T15:59:29.923+0100][69.279s][info][gc,phases      ] GC(278) Phase 4: Compact heap 49.636ms
[2025-03-16T15:59:29.923+0100][69.279s][info][gc,phases,start] GC(278) Phase 5: Reset Metadata
[2025-03-16T15:59:29.923+0100][69.279s][info][gc,phases      ] GC(278) Phase 5: Reset Metadata 0.240ms
[2025-03-16T15:59:29.928+0100][69.283s][info][gc,heap        ] GC(278) Eden regions: 0->0(0)
[2025-03-16T15:59:29.928+0100][69.283s][info][gc,heap        ] GC(278) Survivor regions: 0->0(0)
[2025-03-16T15:59:29.928+0100][69.283s][info][gc,heap        ] GC(278) Old regions: 511->511
[2025-03-16T15:59:29.928+0100][69.283s][info][gc,heap        ] GC(278) Humongous regions: 1->1
[2025-03-16T15:59:29.928+0100][69.283s][info][gc,metaspace   ] GC(278) Metaspace: 27316K(27840K)->27316K(27840K) NonClass: 23737K(24000K)->23737K(24000K) Class: 3579K(3840K)->3579K(3840K)
[2025-03-16T15:59:29.928+0100][69.283s][info][gc             ] GC(278) Pause Full (G1 Compaction Pause) 2045M->2045M(2048M) 369.432ms
[2025-03-16T15:59:29.928+0100][69.283s][info][gc,cpu         ] GC(278) User=2.73s Sys=0.13s Real=0.37s
[2025-03-16T15:59:29.928+0100][69.284s][info][gc,start       ] GC(279) Pause Young (Concurrent Start) (G1 Evacuation Pause)
[2025-03-16T15:59:29.928+0100][69.284s][info][gc,task        ] GC(279) Using 9 workers of 9 for evacuation
[2025-03-16T15:59:29.929+0100][69.284s][info][gc,phases      ] GC(279)   Pre Evacuate Collection Set: 0.1ms
[2025-03-16T15:59:29.929+0100][69.284s][info][gc,phases      ] GC(279)   Merge Heap Roots: 0.0ms
[2025-03-16T15:59:29.929+0100][69.284s][info][gc,phases      ] GC(279)   Evacuate Collection Set: 0.2ms
[2025-03-16T15:59:29.929+0100][69.284s][info][gc,phases      ] GC(279)   Post Evacuate Collection Set: 0.2ms
[2025-03-16T15:59:29.929+0100][69.284s][info][gc,phases      ] GC(279)   Other: 0.0ms
[2025-03-16T15:59:29.929+0100][69.284s][info][gc,heap        ] GC(279) Eden regions: 0->0(0)
[2025-03-16T15:59:29.929+0100][69.284s][info][gc,heap        ] GC(279) Survivor regions: 0->0(0)
[2025-03-16T15:59:29.929+0100][69.284s][info][gc,heap        ] GC(279) Old regions: 511->511
[2025-03-16T15:59:29.929+0100][69.284s][info][gc,heap        ] GC(279) Humongous regions: 1->1
[2025-03-16T15:59:29.929+0100][69.284s][info][gc,metaspace   ] GC(279) Metaspace: 27316K(27840K)->27316K(27840K) NonClass: 23737K(24000K)->23737K(24000K) Class: 3579K(3840K)->3579K(3840K)
[2025-03-16T15:59:29.929+0100][69.284s][info][gc             ] GC(279) Pause Young (Concurrent Start) (G1 Evacuation Pause) 2045M->2045M(2048M) 0.656ms
[2025-03-16T15:59:29.929+0100][69.284s][info][gc,cpu         ] GC(279) User=0.00s Sys=0.00s Real=0.00s
[2025-03-16T15:59:29.929+0100][69.284s][info][gc,ergo        ] Attempting full compaction
[2025-03-16T15:59:29.929+0100][69.284s][info][gc,start       ] GC(280) Pause Full (G1 Compaction Pause)
[2025-03-16T15:59:29.929+0100][69.284s][info][gc,task        ] GC(280) Using 9 workers of 9 for full compaction
[2025-03-16T15:59:29.929+0100][69.284s][info][gc             ] GC(281) Concurrent Mark Cycle
[2025-03-16T15:59:29.929+0100][69.284s][info][gc,marking     ] GC(281) Concurrent Scan Root Regions
[2025-03-16T15:59:29.929+0100][69.284s][info][gc,marking     ] GC(281) Concurrent Scan Root Regions 0.007ms
[2025-03-16T15:59:29.929+0100][69.285s][info][gc,phases,start] GC(280) Phase 1: Mark live objects
[2025-03-16T15:59:30.134+0100][69.489s][info][gc,phases      ] GC(280) Phase 1: Mark live objects 204.577ms
[2025-03-16T15:59:30.134+0100][69.489s][info][gc,phases,start] GC(280) Phase 2: Prepare compaction
[2025-03-16T15:59:30.134+0100][69.490s][info][gc,phases      ] GC(280) Phase 2: Prepare compaction 0.283ms
[2025-03-16T15:59:30.134+0100][69.490s][info][gc,phases,start] GC(280) Phase 3: Adjust pointers
[2025-03-16T15:59:30.182+0100][69.537s][info][gc,phases      ] GC(280) Phase 3: Adjust pointers 47.661ms
[2025-03-16T15:59:30.182+0100][69.537s][info][gc,phases,start] GC(280) Phase 4: Compact heap
[2025-03-16T15:59:30.182+0100][69.537s][info][gc,phases      ] GC(280) Phase 4: Compact heap 0.253ms
[2025-03-16T15:59:30.182+0100][69.538s][info][gc,phases,start] GC(280) Phase 5: Reset Metadata
[2025-03-16T15:59:30.213+0100][69.569s][info][gc,phases      ] GC(280) Phase 5: Reset Metadata 31.195ms
[2025-03-16T15:59:30.218+0100][69.573s][info][gc,heap        ] GC(280) Eden regions: 0->0(0)
[2025-03-16T15:59:30.218+0100][69.573s][info][gc,heap        ] GC(280) Survivor regions: 0->0(0)
[2025-03-16T15:59:30.218+0100][69.573s][info][gc,heap        ] GC(280) Old regions: 511->511
[2025-03-16T15:59:30.218+0100][69.573s][info][gc,heap        ] GC(280) Humongous regions: 1->1
[2025-03-16T15:59:30.218+0100][69.573s][info][gc,metaspace   ] GC(280) Metaspace: 27316K(27840K)->27316K(27840K) NonClass: 23737K(24000K)->23737K(24000K) Class: 3579K(3840K)->3579K(3840K)
[2025-03-16T15:59:30.218+0100][69.573s][info][gc             ] GC(280) Pause Full (G1 Compaction Pause) 2045M->2045M(2048M) 288.997ms
[2025-03-16T15:59:30.218+0100][69.573s][info][gc,cpu         ] GC(280) User=2.21s Sys=0.10s Real=0.29s
[2025-03-16T15:59:30.218+0100][69.573s][info][gc,ergo        ] Attempting maximal full compaction clearing soft references
[2025-03-16T15:59:30.218+0100][69.573s][info][gc,start       ] GC(282) Pause Full (G1 Compaction Pause)
[2025-03-16T15:59:30.218+0100][69.573s][info][gc,task        ] GC(282) Using 9 workers of 9 for full compaction
[2025-03-16T15:59:30.218+0100][69.574s][info][gc,phases,start] GC(282) Phase 1: Mark live objects
[2025-03-16T15:59:30.428+0100][69.784s][info][gc,phases      ] GC(282) Phase 1: Mark live objects 210.008ms
[2025-03-16T15:59:30.428+0100][69.784s][info][gc,phases,start] GC(282) Phase 2: Prepare compaction
[2025-03-16T15:59:30.484+0100][69.839s][info][gc,phases      ] GC(282) Phase 2: Prepare compaction 55.532ms
[2025-03-16T15:59:30.484+0100][69.839s][info][gc,phases,start] GC(282) Phase 3: Adjust pointers
[2025-03-16T15:59:30.546+0100][69.901s][info][gc,phases      ] GC(282) Phase 3: Adjust pointers 62.096ms
[2025-03-16T15:59:30.546+0100][69.901s][info][gc,phases,start] GC(282) Phase 4: Compact heap
[2025-03-16T15:59:30.592+0100][69.947s][info][gc,phases      ] GC(282) Phase 4: Compact heap 45.861ms
[2025-03-16T15:59:30.592+0100][69.947s][info][gc,phases,start] GC(282) Phase 5: Reset Metadata
[2025-03-16T15:59:30.592+0100][69.948s][info][gc,phases      ] GC(282) Phase 5: Reset Metadata 0.276ms
[2025-03-16T15:59:30.597+0100][69.952s][info][gc,heap        ] GC(282) Eden regions: 0->0(0)
[2025-03-16T15:59:30.597+0100][69.952s][info][gc,heap        ] GC(282) Survivor regions: 0->0(0)
[2025-03-16T15:59:30.597+0100][69.952s][info][gc,heap        ] GC(282) Old regions: 511->511
[2025-03-16T15:59:30.597+0100][69.952s][info][gc,heap        ] GC(282) Humongous regions: 1->1
[2025-03-16T15:59:30.597+0100][69.952s][info][gc,metaspace   ] GC(282) Metaspace: 27316K(27840K)->27316K(27840K) NonClass: 23737K(24000K)->23737K(24000K) Class: 3579K(3840K)->3579K(3840K)
[2025-03-16T15:59:30.597+0100][69.952s][info][gc             ] GC(282) Pause Full (G1 Compaction Pause) 2045M->2045M(2048M) 378.926ms
[2025-03-16T15:59:30.597+0100][69.952s][info][gc,cpu         ] GC(282) User=2.73s Sys=0.13s Real=0.38s
[2025-03-16T15:59:30.597+0100][69.952s][info][gc,marking     ] GC(281) Concurrent Mark Abort
[2025-03-16T15:59:30.597+0100][69.952s][info][gc             ] GC(281) Concurrent Mark Cycle 668.070ms
[2025-03-16T15:59:30.597+0100][69.952s][info][gc,start       ] GC(283) Pause Young (Normal) (G1 Evacuation Pause)
[2025-03-16T15:59:30.597+0100][69.952s][info][gc,task        ] GC(283) Using 9 workers of 9 for evacuation
[2025-03-16T15:59:30.597+0100][69.953s][info][gc,phases      ] GC(283)   Pre Evacuate Collection Set: 0.1ms
[2025-03-16T15:59:30.597+0100][69.953s][info][gc,phases      ] GC(283)   Merge Heap Roots: 0.0ms
[2025-03-16T15:59:30.597+0100][69.953s][info][gc,phases      ] GC(283)   Evacuate Collection Set: 0.1ms
[2025-03-16T15:59:30.597+0100][69.953s][info][gc,phases      ] GC(283)   Post Evacuate Collection Set: 0.1ms
[2025-03-16T15:59:30.597+0100][69.953s][info][gc,phases      ] GC(283)   Other: 0.0ms
[2025-03-16T15:59:30.597+0100][69.953s][info][gc,heap        ] GC(283) Eden regions: 0->0(0)
[2025-03-16T15:59:30.597+0100][69.953s][info][gc,heap        ] GC(283) Survivor regions: 0->0(0)
[2025-03-16T15:59:30.597+0100][69.953s][info][gc,heap        ] GC(283) Old regions: 511->511
[2025-03-16T15:59:30.597+0100][69.953s][info][gc,heap        ] GC(283) Humongous regions: 1->1
[2025-03-16T15:59:30.597+0100][69.953s][info][gc,metaspace   ] GC(283) Metaspace: 27316K(27840K)->27316K(27840K) NonClass: 23737K(24000K)->23737K(24000K) Class: 3579K(3840K)->3579K(3840K)
[2025-03-16T15:59:30.597+0100][69.953s][info][gc             ] GC(283) Pause Young (Normal) (G1 Evacuation Pause) 2045M->2045M(2048M) 0.508ms
[2025-03-16T15:59:30.597+0100][69.953s][info][gc,cpu         ] GC(283) User=0.00s Sys=0.00s Real=0.00s
[2025-03-16T15:59:30.597+0100][69.953s][info][gc,ergo        ] Attempting full compaction
[2025-03-16T15:59:30.597+0100][69.953s][info][gc,start       ] GC(284) Pause Full (G1 Compaction Pause)
[2025-03-16T15:59:30.597+0100][69.953s][info][gc,task        ] GC(284) Using 9 workers of 9 for full compaction
[2025-03-16T15:59:30.597+0100][69.953s][info][gc,phases,start] GC(284) Phase 1: Mark live objects
[2025-03-16T15:59:30.798+0100][70.154s][info][gc,phases      ] GC(284) Phase 1: Mark live objects 200.781ms
[2025-03-16T15:59:30.798+0100][70.154s][info][gc,phases,start] GC(284) Phase 2: Prepare compaction
[2025-03-16T15:59:30.799+0100][70.154s][info][gc,phases      ] GC(284) Phase 2: Prepare compaction 0.437ms
[2025-03-16T15:59:30.799+0100][70.154s][info][gc,phases,start] GC(284) Phase 3: Adjust pointers
[2025-03-16T15:59:30.847+0100][70.202s][info][gc,phases      ] GC(284) Phase 3: Adjust pointers 47.997ms
[2025-03-16T15:59:30.847+0100][70.202s][info][gc,phases,start] GC(284) Phase 4: Compact heap
[2025-03-16T15:59:30.847+0100][70.203s][info][gc,phases      ] GC(284) Phase 4: Compact heap 0.376ms
[2025-03-16T15:59:30.847+0100][70.203s][info][gc,phases,start] GC(284) Phase 5: Reset Metadata
[2025-03-16T15:59:30.878+0100][70.233s][info][gc,phases      ] GC(284) Phase 5: Reset Metadata 30.384ms
[2025-03-16T15:59:30.882+0100][70.237s][info][gc,heap        ] GC(284) Eden regions: 0->0(2)
[2025-03-16T15:59:30.882+0100][70.237s][info][gc,heap        ] GC(284) Survivor regions: 0->0(0)
[2025-03-16T15:59:30.882+0100][70.237s][info][gc,heap        ] GC(284) Old regions: 511->509
[2025-03-16T15:59:30.882+0100][70.237s][info][gc,heap        ] GC(284) Humongous regions: 1->1
[2025-03-16T15:59:30.882+0100][70.237s][info][gc,metaspace   ] GC(284) Metaspace: 27316K(27840K)->27316K(27840K) NonClass: 23737K(24000K)->23737K(24000K) Class: 3579K(3840K)->3579K(3840K)
[2025-03-16T15:59:30.882+0100][70.237s][info][gc             ] GC(284) Pause Full (G1 Compaction Pause) 2045M->2038M(2048M) 284.574ms
[2025-03-16T15:59:30.882+0100][70.238s][info][gc,cpu         ] GC(284) User=2.21s Sys=0.13s Real=0.29s
[2025-03-16T15:59:30.885+0100][70.241s][info][gc,start       ] GC(285) Pause Young (Concurrent Start) (G1 Evacuation Pause)
[2025-03-16T15:59:30.885+0100][70.241s][info][gc,task        ] GC(285) Using 9 workers of 9 for evacuation
[2025-03-16T15:59:30.887+0100][70.243s][info][gc,phases      ] GC(285)   Pre Evacuate Collection Set: 0.1ms
[2025-03-16T15:59:30.887+0100][70.243s][info][gc,phases      ] GC(285)   Merge Heap Roots: 0.0ms
[2025-03-16T15:59:30.887+0100][70.243s][info][gc,phases      ] GC(285)   Evacuate Collection Set: 1.4ms
[2025-03-16T15:59:30.887+0100][70.243s][info][gc,phases      ] GC(285)   Post Evacuate Collection Set: 0.5ms
[2025-03-16T15:59:30.887+0100][70.243s][info][gc,phases      ] GC(285)   Other: 0.0ms
[2025-03-16T15:59:30.888+0100][70.243s][info][gc,heap        ] GC(285) Eden regions: 2->0(0)
[2025-03-16T15:59:30.888+0100][70.243s][info][gc,heap        ] GC(285) Survivor regions: 0->0(0)
[2025-03-16T15:59:30.888+0100][70.243s][info][gc,heap        ] GC(285) Old regions: 509->511
[2025-03-16T15:59:30.888+0100][70.243s][info][gc,heap        ] GC(285) Humongous regions: 1->1
[2025-03-16T15:59:30.888+0100][70.243s][info][gc,metaspace   ] GC(285) Metaspace: 27318K(27840K)->27318K(27840K) NonClass: 23739K(24000K)->23739K(24000K) Class: 3579K(3840K)->3579K(3840K)
[2025-03-16T15:59:30.888+0100][70.243s][info][gc             ] GC(285) Pause Young (Concurrent Start) (G1 Evacuation Pause) (Evacuation Failure) 2046M->2046M(2048M) 2.163ms
[2025-03-16T15:59:30.888+0100][70.243s][info][gc,cpu         ] GC(285) User=0.02s Sys=0.00s Real=0.00s
[2025-03-16T15:59:30.888+0100][70.243s][info][gc,ergo        ] Attempting full compaction
[2025-03-16T15:59:30.888+0100][70.243s][info][gc,start       ] GC(286) Pause Full (G1 Compaction Pause)
[2025-03-16T15:59:30.888+0100][70.243s][info][gc             ] GC(287) Concurrent Mark Cycle
[2025-03-16T15:59:30.888+0100][70.243s][info][gc,task        ] GC(286) Using 9 workers of 9 for full compaction
[2025-03-16T15:59:30.888+0100][70.243s][info][gc,marking     ] GC(287) Concurrent Scan Root Regions
[2025-03-16T15:59:30.888+0100][70.243s][info][gc,marking     ] GC(287) Concurrent Scan Root Regions 0.025ms
[2025-03-16T15:59:30.888+0100][70.243s][info][gc,marking     ] GC(287) Concurrent Mark
[2025-03-16T15:59:30.888+0100][70.243s][info][gc,marking     ] GC(287) Concurrent Mark From Roots
[2025-03-16T15:59:30.888+0100][70.243s][info][gc,task        ] GC(287) Using 2 workers of 2 for marking
[2025-03-16T15:59:30.888+0100][70.243s][info][gc,phases,start] GC(286) Phase 1: Mark live objects
[2025-03-16T15:59:31.165+0100][70.520s][info][gc,phases      ] GC(286) Phase 1: Mark live objects 276.974ms
[2025-03-16T15:59:31.165+0100][70.520s][info][gc,phases,start] GC(286) Phase 2: Prepare compaction
[2025-03-16T15:59:31.166+0100][70.522s][info][gc,phases      ] GC(286) Phase 2: Prepare compaction 1.506ms
[2025-03-16T15:59:31.166+0100][70.522s][info][gc,phases,start] GC(286) Phase 3: Adjust pointers
[2025-03-16T15:59:31.215+0100][70.570s][info][gc,phases      ] GC(286) Phase 3: Adjust pointers 48.334ms
[2025-03-16T15:59:31.215+0100][70.570s][info][gc,phases,start] GC(286) Phase 4: Compact heap
[2025-03-16T15:59:31.216+0100][70.572s][info][gc,phases      ] GC(286) Phase 4: Compact heap 1.295ms
[2025-03-16T15:59:31.216+0100][70.572s][info][gc,phases,start] GC(286) Phase 5: Reset Metadata
[2025-03-16T15:59:31.246+0100][70.602s][info][gc,phases      ] GC(286) Phase 5: Reset Metadata 30.208ms
[2025-03-16T15:59:31.251+0100][70.606s][info][gc,heap        ] GC(286) Eden regions: 0->0(1)
[2025-03-16T15:59:31.251+0100][70.606s][info][gc,heap        ] GC(286) Survivor regions: 0->0(0)
[2025-03-16T15:59:31.251+0100][70.606s][info][gc,heap        ] GC(286) Old regions: 511->510
[2025-03-16T15:59:31.251+0100][70.606s][info][gc,heap        ] GC(286) Humongous regions: 1->1
[2025-03-16T15:59:31.251+0100][70.606s][info][gc,metaspace   ] GC(286) Metaspace: 27318K(27840K)->27318K(27840K) NonClass: 23739K(24000K)->23739K(24000K) Class: 3579K(3840K)->3579K(3840K)
[2025-03-16T15:59:31.251+0100][70.606s][info][gc             ] GC(286) Pause Full (G1 Compaction Pause) 2046M->2043M(2048M) 363.244ms
[2025-03-16T15:59:31.251+0100][70.606s][info][gc,cpu         ] GC(286) User=2.77s Sys=0.16s Real=0.37s
[2025-03-16T15:59:31.251+0100][70.606s][info][gc,marking     ] GC(287) Concurrent Mark From Roots 363.263ms
[2025-03-16T15:59:31.251+0100][70.606s][info][gc,marking     ] GC(287) Concurrent Mark Abort
[2025-03-16T15:59:31.251+0100][70.606s][info][gc             ] GC(287) Concurrent Mark Cycle 363.332ms
[2025-03-16T15:59:31.252+0100][70.607s][info][gc,start       ] GC(288) Pause Young (Normal) (G1 Evacuation Pause)
[2025-03-16T15:59:31.252+0100][70.607s][info][gc,task        ] GC(288) Using 9 workers of 9 for evacuation
[2025-03-16T15:59:31.253+0100][70.608s][info][gc,phases      ] GC(288)   Pre Evacuate Collection Set: 0.1ms
[2025-03-16T15:59:31.253+0100][70.608s][info][gc,phases      ] GC(288)   Merge Heap Roots: 0.0ms
[2025-03-16T15:59:31.253+0100][70.608s][info][gc,phases      ] GC(288)   Evacuate Collection Set: 0.7ms
[2025-03-16T15:59:31.253+0100][70.608s][info][gc,phases      ] GC(288)   Post Evacuate Collection Set: 0.4ms
[2025-03-16T15:59:31.253+0100][70.608s][info][gc,phases      ] GC(288)   Other: 0.0ms
[2025-03-16T15:59:31.253+0100][70.608s][info][gc,heap        ] GC(288) Eden regions: 1->0(0)
[2025-03-16T15:59:31.253+0100][70.608s][info][gc,heap        ] GC(288) Survivor regions: 0->0(0)
[2025-03-16T15:59:31.253+0100][70.608s][info][gc,heap        ] GC(288) Old regions: 510->511
[2025-03-16T15:59:31.253+0100][70.608s][info][gc,heap        ] GC(288) Humongous regions: 1->1
[2025-03-16T15:59:31.253+0100][70.608s][info][gc,metaspace   ] GC(288) Metaspace: 27318K(27840K)->27318K(27840K) NonClass: 23739K(24000K)->23739K(24000K) Class: 3579K(3840K)->3579K(3840K)
[2025-03-16T15:59:31.253+0100][70.608s][info][gc             ] GC(288) Pause Young (Normal) (G1 Evacuation Pause) (Evacuation Failure) 2047M->2047M(2048M) 1.349ms
[2025-03-16T15:59:31.253+0100][70.608s][info][gc,cpu         ] GC(288) User=0.01s Sys=0.00s Real=0.00s
[2025-03-16T15:59:31.253+0100][70.608s][info][gc,ergo        ] Attempting full compaction
[2025-03-16T15:59:31.253+0100][70.608s][info][gc,start       ] GC(289) Pause Full (G1 Compaction Pause)
[2025-03-16T15:59:31.253+0100][70.608s][info][gc,task        ] GC(289) Using 9 workers of 9 for full compaction
[2025-03-16T15:59:31.253+0100][70.608s][info][gc,phases,start] GC(289) Phase 1: Mark live objects
[2025-03-16T15:59:31.592+0100][70.948s][info][gc,phases      ] GC(289) Phase 1: Mark live objects 339.164ms
[2025-03-16T15:59:31.592+0100][70.948s][info][gc,phases,start] GC(289) Phase 2: Prepare compaction
[2025-03-16T15:59:31.593+0100][70.949s][info][gc,phases      ] GC(289) Phase 2: Prepare compaction 1.062ms
[2025-03-16T15:59:31.593+0100][70.949s][info][gc,phases,start] GC(289) Phase 3: Adjust pointers
[2025-03-16T15:59:31.647+0100][71.003s][info][gc,phases      ] GC(289) Phase 3: Adjust pointers 53.818ms
[2025-03-16T15:59:31.647+0100][71.003s][info][gc,phases,start] GC(289) Phase 4: Compact heap
[2025-03-16T15:59:31.648+0100][71.004s][info][gc,phases      ] GC(289) Phase 4: Compact heap 1.040ms
[2025-03-16T15:59:31.648+0100][71.004s][info][gc,phases,start] GC(289) Phase 5: Reset Metadata
[2025-03-16T15:59:31.681+0100][71.037s][info][gc,phases      ] GC(289) Phase 5: Reset Metadata 33.274ms
[2025-03-16T15:59:31.686+0100][71.041s][info][gc,heap        ] GC(289) Eden regions: 0->0(0)
[2025-03-16T15:59:31.686+0100][71.041s][info][gc,heap        ] GC(289) Survivor regions: 0->0(0)
[2025-03-16T15:59:31.686+0100][71.041s][info][gc,heap        ] GC(289) Old regions: 511->511
[2025-03-16T15:59:31.686+0100][71.041s][info][gc,heap        ] GC(289) Humongous regions: 1->1
[2025-03-16T15:59:31.686+0100][71.041s][info][gc,metaspace   ] GC(289) Metaspace: 27318K(27840K)->27318K(27840K) NonClass: 23739K(24000K)->23739K(24000K) Class: 3579K(3840K)->3579K(3840K)
[2025-03-16T15:59:31.686+0100][71.041s][info][gc             ] GC(289) Pause Full (G1 Compaction Pause) 2047M->2045M(2048M) 432.963ms
[2025-03-16T15:59:31.686+0100][71.041s][info][gc,cpu         ] GC(289) User=3.32s Sys=0.12s Real=0.43s
[2025-03-16T15:59:31.686+0100][71.041s][info][gc,ergo        ] Attempting maximal full compaction clearing soft references
[2025-03-16T15:59:31.686+0100][71.041s][info][gc,start       ] GC(290) Pause Full (G1 Compaction Pause)
[2025-03-16T15:59:31.686+0100][71.041s][info][gc,task        ] GC(290) Using 9 workers of 9 for full compaction
[2025-03-16T15:59:31.686+0100][71.041s][info][gc,phases,start] GC(290) Phase 1: Mark live objects
[2025-03-16T15:59:31.896+0100][71.252s][info][gc,phases      ] GC(290) Phase 1: Mark live objects 210.447ms
[2025-03-16T15:59:31.896+0100][71.252s][info][gc,phases,start] GC(290) Phase 2: Prepare compaction
[2025-03-16T15:59:31.946+0100][71.301s][info][gc,phases      ] GC(290) Phase 2: Prepare compaction 49.312ms
[2025-03-16T15:59:31.946+0100][71.301s][info][gc,phases,start] GC(290) Phase 3: Adjust pointers
[2025-03-16T15:59:32.003+0100][71.358s][info][gc,phases      ] GC(290) Phase 3: Adjust pointers 57.117ms
[2025-03-16T15:59:32.003+0100][71.358s][info][gc,phases,start] GC(290) Phase 4: Compact heap
[2025-03-16T15:59:32.047+0100][71.403s][info][gc,phases      ] GC(290) Phase 4: Compact heap 44.364ms
[2025-03-16T15:59:32.047+0100][71.403s][info][gc,phases,start] GC(290) Phase 5: Reset Metadata
[2025-03-16T15:59:32.048+0100][71.403s][info][gc,phases      ] GC(290) Phase 5: Reset Metadata 0.287ms
[2025-03-16T15:59:32.052+0100][71.408s][info][gc,heap        ] GC(290) Eden regions: 0->0(0)
[2025-03-16T15:59:32.052+0100][71.408s][info][gc,heap        ] GC(290) Survivor regions: 0->0(0)
[2025-03-16T15:59:32.052+0100][71.408s][info][gc,heap        ] GC(290) Old regions: 511->511
[2025-03-16T15:59:32.052+0100][71.408s][info][gc,heap        ] GC(290) Humongous regions: 1->1
[2025-03-16T15:59:32.052+0100][71.408s][info][gc,metaspace   ] GC(290) Metaspace: 27318K(27840K)->27318K(27840K) NonClass: 23739K(24000K)->23739K(24000K) Class: 3579K(3840K)->3579K(3840K)
[2025-03-16T15:59:32.052+0100][71.408s][info][gc             ] GC(290) Pause Full (G1 Compaction Pause) 2045M->2045M(2048M) 366.313ms
[2025-03-16T15:59:32.052+0100][71.408s][info][gc,cpu         ] GC(290) User=2.72s Sys=0.13s Real=0.37s
[2025-03-16T15:59:32.052+0100][71.408s][info][gc,start       ] GC(291) Pause Young (Concurrent Start) (G1 Evacuation Pause)
[2025-03-16T15:59:32.052+0100][71.408s][info][gc,task        ] GC(291) Using 9 workers of 9 for evacuation
[2025-03-16T15:59:32.053+0100][71.408s][info][gc,phases      ] GC(291)   Pre Evacuate Collection Set: 0.1ms
[2025-03-16T15:59:32.053+0100][71.408s][info][gc,phases      ] GC(291)   Merge Heap Roots: 0.0ms
[2025-03-16T15:59:32.053+0100][71.408s][info][gc,phases      ] GC(291)   Evacuate Collection Set: 0.2ms
[2025-03-16T15:59:32.053+0100][71.408s][info][gc,phases      ] GC(291)   Post Evacuate Collection Set: 0.2ms
[2025-03-16T15:59:32.053+0100][71.408s][info][gc,phases      ] GC(291)   Other: 0.0ms
[2025-03-16T15:59:32.053+0100][71.408s][info][gc,heap        ] GC(291) Eden regions: 0->0(0)
[2025-03-16T15:59:32.053+0100][71.408s][info][gc,heap        ] GC(291) Survivor regions: 0->0(0)
[2025-03-16T15:59:32.053+0100][71.408s][info][gc,heap        ] GC(291) Old regions: 511->511
[2025-03-16T15:59:32.053+0100][71.408s][info][gc,heap        ] GC(291) Humongous regions: 1->1
[2025-03-16T15:59:32.053+0100][71.408s][info][gc,metaspace   ] GC(291) Metaspace: 27318K(27840K)->27318K(27840K) NonClass: 23739K(24000K)->23739K(24000K) Class: 3579K(3840K)->3579K(3840K)
[2025-03-16T15:59:32.053+0100][71.408s][info][gc             ] GC(291) Pause Young (Concurrent Start) (G1 Evacuation Pause) 2045M->2045M(2048M) 0.645ms
[2025-03-16T15:59:32.053+0100][71.408s][info][gc,cpu         ] GC(291) User=0.00s Sys=0.00s Real=0.00s
[2025-03-16T15:59:32.053+0100][71.408s][info][gc,ergo        ] Attempting full compaction
[2025-03-16T15:59:32.053+0100][71.408s][info][gc,start       ] GC(292) Pause Full (G1 Compaction Pause)
[2025-03-16T15:59:32.053+0100][71.408s][info][gc             ] GC(293) Concurrent Mark Cycle
[2025-03-16T15:59:32.053+0100][71.408s][info][gc,task        ] GC(292) Using 9 workers of 9 for full compaction
[2025-03-16T15:59:32.053+0100][71.408s][info][gc,marking     ] GC(293) Concurrent Scan Root Regions
[2025-03-16T15:59:32.053+0100][71.409s][info][gc,marking     ] GC(293) Concurrent Scan Root Regions 0.036ms
[2025-03-16T15:59:32.053+0100][71.409s][info][gc,phases,start] GC(292) Phase 1: Mark live objects
[2025-03-16T15:59:32.253+0100][71.608s][info][gc,phases      ] GC(292) Phase 1: Mark live objects 199.602ms
[2025-03-16T15:59:32.253+0100][71.608s][info][gc,phases,start] GC(292) Phase 2: Prepare compaction
[2025-03-16T15:59:32.253+0100][71.609s][info][gc,phases      ] GC(292) Phase 2: Prepare compaction 0.278ms
[2025-03-16T15:59:32.253+0100][71.609s][info][gc,phases,start] GC(292) Phase 3: Adjust pointers
[2025-03-16T15:59:32.302+0100][71.658s][info][gc,phases      ] GC(292) Phase 3: Adjust pointers 48.978ms
[2025-03-16T15:59:32.302+0100][71.658s][info][gc,phases,start] GC(292) Phase 4: Compact heap
[2025-03-16T15:59:32.303+0100][71.658s][info][gc,phases      ] GC(292) Phase 4: Compact heap 0.246ms
[2025-03-16T15:59:32.303+0100][71.658s][info][gc,phases,start] GC(292) Phase 5: Reset Metadata
[2025-03-16T15:59:32.335+0100][71.691s][info][gc,phases      ] GC(292) Phase 5: Reset Metadata 32.650ms
[2025-03-16T15:59:32.340+0100][71.695s][info][gc,heap        ] GC(292) Eden regions: 0->0(0)
[2025-03-16T15:59:32.340+0100][71.695s][info][gc,heap        ] GC(292) Survivor regions: 0->0(0)
[2025-03-16T15:59:32.340+0100][71.695s][info][gc,heap        ] GC(292) Old regions: 511->511
[2025-03-16T15:59:32.340+0100][71.695s][info][gc,heap        ] GC(292) Humongous regions: 1->1
[2025-03-16T15:59:32.340+0100][71.695s][info][gc,metaspace   ] GC(292) Metaspace: 27318K(27840K)->27318K(27840K) NonClass: 23739K(24000K)->23739K(24000K) Class: 3579K(3840K)->3579K(3840K)
[2025-03-16T15:59:32.340+0100][71.695s][info][gc             ] GC(292) Pause Full (G1 Compaction Pause) 2045M->2045M(2048M) 286.650ms
[2025-03-16T15:59:32.340+0100][71.695s][info][gc,cpu         ] GC(292) User=2.22s Sys=0.12s Real=0.29s
[2025-03-16T15:59:32.340+0100][71.695s][info][gc,ergo        ] Attempting maximal full compaction clearing soft references
[2025-03-16T15:59:32.340+0100][71.695s][info][gc,start       ] GC(294) Pause Full (G1 Compaction Pause)
[2025-03-16T15:59:32.340+0100][71.695s][info][gc,task        ] GC(294) Using 9 workers of 9 for full compaction
[2025-03-16T15:59:32.340+0100][71.695s][info][gc,phases,start] GC(294) Phase 1: Mark live objects
[2025-03-16T15:59:32.545+0100][71.901s][info][gc,phases      ] GC(294) Phase 1: Mark live objects 205.193ms
[2025-03-16T15:59:32.545+0100][71.901s][info][gc,phases,start] GC(294) Phase 2: Prepare compaction
[2025-03-16T15:59:32.596+0100][71.952s][info][gc,phases      ] GC(294) Phase 2: Prepare compaction 51.045ms
[2025-03-16T15:59:32.596+0100][71.952s][info][gc,phases,start] GC(294) Phase 3: Adjust pointers
[2025-03-16T15:59:32.654+0100][72.009s][info][gc,phases      ] GC(294) Phase 3: Adjust pointers 57.212ms
[2025-03-16T15:59:32.654+0100][72.009s][info][gc,phases,start] GC(294) Phase 4: Compact heap
[2025-03-16T15:59:32.700+0100][72.056s][info][gc,phases      ] GC(294) Phase 4: Compact heap 46.873ms
[2025-03-16T15:59:32.700+0100][72.056s][info][gc,phases,start] GC(294) Phase 5: Reset Metadata
[2025-03-16T15:59:32.701+0100][72.056s][info][gc,phases      ] GC(294) Phase 5: Reset Metadata 0.266ms
[2025-03-16T15:59:32.705+0100][72.061s][info][gc,heap        ] GC(294) Eden regions: 0->0(0)
[2025-03-16T15:59:32.705+0100][72.061s][info][gc,heap        ] GC(294) Survivor regions: 0->0(0)
[2025-03-16T15:59:32.705+0100][72.061s][info][gc,heap        ] GC(294) Old regions: 511->511
[2025-03-16T15:59:32.705+0100][72.061s][info][gc,heap        ] GC(294) Humongous regions: 1->1
[2025-03-16T15:59:32.705+0100][72.061s][info][gc,metaspace   ] GC(294) Metaspace: 27318K(27840K)->27318K(27840K) NonClass: 23739K(24000K)->23739K(24000K) Class: 3579K(3840K)->3579K(3840K)
[2025-03-16T15:59:32.705+0100][72.061s][info][gc             ] GC(294) Pause Full (G1 Compaction Pause) 2045M->2045M(2048M) 365.645ms
[2025-03-16T15:59:32.705+0100][72.061s][info][gc,cpu         ] GC(294) User=2.72s Sys=0.11s Real=0.36s
[2025-03-16T15:59:32.705+0100][72.061s][info][gc,marking     ] GC(293) Concurrent Mark Abort
[2025-03-16T15:59:32.705+0100][72.061s][info][gc             ] GC(293) Concurrent Mark Cycle 652.405ms
[2025-03-16T15:59:32.705+0100][72.061s][info][gc,start       ] GC(295) Pause Young (Normal) (G1 Evacuation Pause)
[2025-03-16T15:59:32.705+0100][72.061s][info][gc,task        ] GC(295) Using 9 workers of 9 for evacuation
[2025-03-16T15:59:32.706+0100][72.061s][info][gc,phases      ] GC(295)   Pre Evacuate Collection Set: 0.1ms
[2025-03-16T15:59:32.706+0100][72.061s][info][gc,phases      ] GC(295)   Merge Heap Roots: 0.0ms
[2025-03-16T15:59:32.706+0100][72.061s][info][gc,phases      ] GC(295)   Evacuate Collection Set: 0.2ms
[2025-03-16T15:59:32.706+0100][72.061s][info][gc,phases      ] GC(295)   Post Evacuate Collection Set: 0.1ms
[2025-03-16T15:59:32.706+0100][72.061s][info][gc,phases      ] GC(295)   Other: 0.0ms
[2025-03-16T15:59:32.706+0100][72.061s][info][gc,heap        ] GC(295) Eden regions: 0->0(0)
[2025-03-16T15:59:32.706+0100][72.061s][info][gc,heap        ] GC(295) Survivor regions: 0->0(0)
[2025-03-16T15:59:32.706+0100][72.061s][info][gc,heap        ] GC(295) Old regions: 511->511
[2025-03-16T15:59:32.706+0100][72.061s][info][gc,heap        ] GC(295) Humongous regions: 1->1
[2025-03-16T15:59:32.706+0100][72.061s][info][gc,metaspace   ] GC(295) Metaspace: 27318K(27840K)->27318K(27840K) NonClass: 23739K(24000K)->23739K(24000K) Class: 3579K(3840K)->3579K(3840K)
[2025-03-16T15:59:32.706+0100][72.061s][info][gc             ] GC(295) Pause Young (Normal) (G1 Evacuation Pause) 2045M->2045M(2048M) 0.586ms
[2025-03-16T15:59:32.706+0100][72.061s][info][gc,cpu         ] GC(295) User=0.00s Sys=0.00s Real=0.00s
[2025-03-16T15:59:32.706+0100][72.061s][info][gc,ergo        ] Attempting full compaction
[2025-03-16T15:59:32.706+0100][72.062s][info][gc,start       ] GC(296) Pause Full (G1 Compaction Pause)
[2025-03-16T15:59:32.706+0100][72.062s][info][gc,task        ] GC(296) Using 9 workers of 9 for full compaction
[2025-03-16T15:59:32.706+0100][72.062s][info][gc,phases,start] GC(296) Phase 1: Mark live objects
[2025-03-16T15:59:32.992+0100][72.347s][info][gc,phases      ] GC(296) Phase 1: Mark live objects 285.447ms
[2025-03-16T15:59:32.992+0100][72.347s][info][gc,phases,start] GC(296) Phase 2: Prepare compaction
[2025-03-16T15:59:32.992+0100][72.347s][info][gc,phases      ] GC(296) Phase 2: Prepare compaction 0.295ms
[2025-03-16T15:59:32.992+0100][72.347s][info][gc,phases,start] GC(296) Phase 3: Adjust pointers
[2025-03-16T15:59:33.044+0100][72.400s][info][gc,phases      ] GC(296) Phase 3: Adjust pointers 52.148ms
[2025-03-16T15:59:33.044+0100][72.400s][info][gc,phases,start] GC(296) Phase 4: Compact heap
[2025-03-16T15:59:33.044+0100][72.400s][info][gc,phases      ] GC(296) Phase 4: Compact heap 0.247ms
[2025-03-16T15:59:33.044+0100][72.400s][info][gc,phases,start] GC(296) Phase 5: Reset Metadata
[2025-03-16T15:59:33.077+0100][72.433s][info][gc,phases      ] GC(296) Phase 5: Reset Metadata 32.911ms
[2025-03-16T15:59:33.082+0100][72.437s][info][gc,heap        ] GC(296) Eden regions: 0->0(0)
[2025-03-16T15:59:33.082+0100][72.437s][info][gc,heap        ] GC(296) Survivor regions: 0->0(0)
[2025-03-16T15:59:33.082+0100][72.437s][info][gc,heap        ] GC(296) Old regions: 511->511
[2025-03-16T15:59:33.082+0100][72.437s][info][gc,heap        ] GC(296) Humongous regions: 1->1
[2025-03-16T15:59:33.082+0100][72.437s][info][gc,metaspace   ] GC(296) Metaspace: 27318K(27840K)->27318K(27840K) NonClass: 23739K(24000K)->23739K(24000K) Class: 3579K(3840K)->3579K(3840K)
[2025-03-16T15:59:33.082+0100][72.437s][info][gc             ] GC(296) Pause Full (G1 Compaction Pause) 2045M->2045M(2048M) 375.615ms
[2025-03-16T15:59:33.082+0100][72.437s][info][gc,cpu         ] GC(296) User=2.93s Sys=0.13s Real=0.38s
[2025-03-16T15:59:33.082+0100][72.437s][info][gc,ergo        ] Attempting maximal full compaction clearing soft references
[2025-03-16T15:59:33.082+0100][72.437s][info][gc,start       ] GC(297) Pause Full (G1 Compaction Pause)
[2025-03-16T15:59:33.082+0100][72.437s][info][gc,task        ] GC(297) Using 9 workers of 9 for full compaction
[2025-03-16T15:59:33.082+0100][72.437s][info][gc,phases,start] GC(297) Phase 1: Mark live objects
[2025-03-16T15:59:33.298+0100][72.653s][info][gc,phases      ] GC(297) Phase 1: Mark live objects 216.095ms
[2025-03-16T15:59:33.298+0100][72.653s][info][gc,phases,start] GC(297) Phase 2: Prepare compaction
[2025-03-16T15:59:33.355+0100][72.710s][info][gc,phases      ] GC(297) Phase 2: Prepare compaction 56.637ms
[2025-03-16T15:59:33.355+0100][72.710s][info][gc,phases,start] GC(297) Phase 3: Adjust pointers
[2025-03-16T15:59:33.430+0100][72.785s][info][gc,phases      ] GC(297) Phase 3: Adjust pointers 75.458ms
[2025-03-16T15:59:33.430+0100][72.786s][info][gc,phases,start] GC(297) Phase 4: Compact heap
[2025-03-16T15:59:33.495+0100][72.850s][info][gc,phases      ] GC(297) Phase 4: Compact heap 64.899ms
[2025-03-16T15:59:33.495+0100][72.850s][info][gc,phases,start] GC(297) Phase 5: Reset Metadata
[2025-03-16T15:59:33.495+0100][72.851s][info][gc,phases      ] GC(297) Phase 5: Reset Metadata 0.265ms
[2025-03-16T15:59:33.500+0100][72.856s][info][gc,heap        ] GC(297) Eden regions: 0->0(0)
[2025-03-16T15:59:33.500+0100][72.856s][info][gc,heap        ] GC(297) Survivor regions: 0->0(0)
[2025-03-16T15:59:33.500+0100][72.856s][info][gc,heap        ] GC(297) Old regions: 511->511
[2025-03-16T15:59:33.500+0100][72.856s][info][gc,heap        ] GC(297) Humongous regions: 1->1
[2025-03-16T15:59:33.500+0100][72.856s][info][gc,metaspace   ] GC(297) Metaspace: 27318K(27840K)->27318K(27840K) NonClass: 23739K(24000K)->23739K(24000K) Class: 3579K(3840K)->3579K(3840K)
[2025-03-16T15:59:33.500+0100][72.856s][info][gc             ] GC(297) Pause Full (G1 Compaction Pause) 2045M->2045M(2048M) 418.524ms
[2025-03-16T15:59:33.500+0100][72.856s][info][gc,cpu         ] GC(297) User=2.76s Sys=0.10s Real=0.42s
[2025-03-16T15:59:33.500+0100][72.856s][info][gc,start       ] GC(298) Pause Young (Concurrent Start) (G1 Evacuation Pause)
[2025-03-16T15:59:33.500+0100][72.856s][info][gc,task        ] GC(298) Using 9 workers of 9 for evacuation
[2025-03-16T15:59:33.501+0100][72.857s][info][gc,phases      ] GC(298)   Pre Evacuate Collection Set: 0.1ms
[2025-03-16T15:59:33.501+0100][72.857s][info][gc,phases      ] GC(298)   Merge Heap Roots: 0.1ms
[2025-03-16T15:59:33.501+0100][72.857s][info][gc,phases      ] GC(298)   Evacuate Collection Set: 0.3ms
[2025-03-16T15:59:33.501+0100][72.857s][info][gc,phases      ] GC(298)   Post Evacuate Collection Set: 0.2ms
[2025-03-16T15:59:33.501+0100][72.857s][info][gc,phases      ] GC(298)   Other: 0.1ms
[2025-03-16T15:59:33.501+0100][72.857s][info][gc,heap        ] GC(298) Eden regions: 0->0(0)
[2025-03-16T15:59:33.501+0100][72.857s][info][gc,heap        ] GC(298) Survivor regions: 0->0(0)
[2025-03-16T15:59:33.501+0100][72.857s][info][gc,heap        ] GC(298) Old regions: 511->511
[2025-03-16T15:59:33.501+0100][72.857s][info][gc,heap        ] GC(298) Humongous regions: 1->1
[2025-03-16T15:59:33.501+0100][72.857s][info][gc,metaspace   ] GC(298) Metaspace: 27318K(27840K)->27318K(27840K) NonClass: 23739K(24000K)->23739K(24000K) Class: 3579K(3840K)->3579K(3840K)
[2025-03-16T15:59:33.501+0100][72.857s][info][gc             ] GC(298) Pause Young (Concurrent Start) (G1 Evacuation Pause) 2045M->2045M(2048M) 0.813ms
[2025-03-16T15:59:33.501+0100][72.857s][info][gc,cpu         ] GC(298) User=0.00s Sys=0.00s Real=0.00s
[2025-03-16T15:59:33.501+0100][72.857s][info][gc             ] GC(299) Concurrent Mark Cycle
[2025-03-16T15:59:33.501+0100][72.857s][info][gc,ergo        ] Attempting full compaction
[2025-03-16T15:59:33.501+0100][72.857s][info][gc,marking     ] GC(299) Concurrent Scan Root Regions
[2025-03-16T15:59:33.501+0100][72.857s][info][gc,start       ] GC(300) Pause Full (G1 Compaction Pause)
[2025-03-16T15:59:33.501+0100][72.857s][info][gc,marking     ] GC(299) Concurrent Scan Root Regions 0.031ms
[2025-03-16T15:59:33.501+0100][72.857s][info][gc,task        ] GC(300) Using 9 workers of 9 for full compaction
[2025-03-16T15:59:33.501+0100][72.857s][info][gc,marking     ] GC(299) Concurrent Mark
[2025-03-16T15:59:33.501+0100][72.857s][info][gc,marking     ] GC(299) Concurrent Mark From Roots
[2025-03-16T15:59:33.501+0100][72.857s][info][gc,task        ] GC(299) Using 2 workers of 2 for marking
[2025-03-16T15:59:33.502+0100][72.857s][info][gc,phases,start] GC(300) Phase 1: Mark live objects
[2025-03-16T15:59:33.846+0100][73.202s][info][gc,phases      ] GC(300) Phase 1: Mark live objects 344.622ms
[2025-03-16T15:59:33.846+0100][73.202s][info][gc,phases,start] GC(300) Phase 2: Prepare compaction
[2025-03-16T15:59:33.847+0100][73.202s][info][gc,phases      ] GC(300) Phase 2: Prepare compaction 0.300ms
[2025-03-16T15:59:33.847+0100][73.202s][info][gc,phases,start] GC(300) Phase 3: Adjust pointers
[2025-03-16T15:59:33.909+0100][73.265s][info][gc,phases      ] GC(300) Phase 3: Adjust pointers 62.639ms
[2025-03-16T15:59:33.909+0100][73.265s][info][gc,phases,start] GC(300) Phase 4: Compact heap
[2025-03-16T15:59:33.910+0100][73.265s][info][gc,phases      ] GC(300) Phase 4: Compact heap 0.265ms
[2025-03-16T15:59:33.910+0100][73.265s][info][gc,phases,start] GC(300) Phase 5: Reset Metadata
[2025-03-16T15:59:33.946+0100][73.301s][info][gc,phases      ] GC(300) Phase 5: Reset Metadata 36.089ms
[2025-03-16T15:59:33.953+0100][73.308s][info][gc,heap        ] GC(300) Eden regions: 0->0(0)
[2025-03-16T15:59:33.953+0100][73.308s][info][gc,heap        ] GC(300) Survivor regions: 0->0(0)
[2025-03-16T15:59:33.953+0100][73.308s][info][gc,heap        ] GC(300) Old regions: 511->511
[2025-03-16T15:59:33.953+0100][73.308s][info][gc,heap        ] GC(300) Humongous regions: 1->1
[2025-03-16T15:59:33.953+0100][73.308s][info][gc,metaspace   ] GC(300) Metaspace: 27318K(27840K)->27318K(27840K) NonClass: 23739K(24000K)->23739K(24000K) Class: 3579K(3840K)->3579K(3840K)
[2025-03-16T15:59:33.953+0100][73.308s][info][gc             ] GC(300) Pause Full (G1 Compaction Pause) 2045M->2045M(2048M) 451.484ms
[2025-03-16T15:59:33.953+0100][73.308s][info][gc,cpu         ] GC(300) User=3.24s Sys=0.13s Real=0.45s
[2025-03-16T15:59:33.953+0100][73.308s][info][gc,ergo        ] Attempting maximal full compaction clearing soft references
[2025-03-16T15:59:33.953+0100][73.308s][info][gc,start       ] GC(301) Pause Full (G1 Compaction Pause)
[2025-03-16T15:59:33.953+0100][73.308s][info][gc,task        ] GC(301) Using 9 workers of 9 for full compaction
[2025-03-16T15:59:33.953+0100][73.309s][info][gc,phases,start] GC(301) Phase 1: Mark live objects
[2025-03-16T15:59:34.484+0100][73.840s][info][gc,phases      ] GC(301) Phase 1: Mark live objects 531.302ms
[2025-03-16T15:59:34.484+0100][73.840s][info][gc,phases,start] GC(301) Phase 2: Prepare compaction
[2025-03-16T15:59:34.540+0100][73.895s][info][gc,phases      ] GC(301) Phase 2: Prepare compaction 55.207ms
[2025-03-16T15:59:34.540+0100][73.895s][info][gc,phases,start] GC(301) Phase 3: Adjust pointers
[2025-03-16T15:59:34.605+0100][73.961s][info][gc,phases      ] GC(301) Phase 3: Adjust pointers 65.540ms
[2025-03-16T15:59:34.605+0100][73.961s][info][gc,phases,start] GC(301) Phase 4: Compact heap
[2025-03-16T15:59:34.658+0100][74.013s][info][gc,phases      ] GC(301) Phase 4: Compact heap 52.237ms
[2025-03-16T15:59:34.658+0100][74.013s][info][gc,phases,start] GC(301) Phase 5: Reset Metadata
[2025-03-16T15:59:34.658+0100][74.013s][info][gc,phases      ] GC(301) Phase 5: Reset Metadata 0.278ms
[2025-03-16T15:59:34.662+0100][74.018s][info][gc,heap        ] GC(301) Eden regions: 0->0(0)
[2025-03-16T15:59:34.662+0100][74.018s][info][gc,heap        ] GC(301) Survivor regions: 0->0(0)
[2025-03-16T15:59:34.662+0100][74.018s][info][gc,heap        ] GC(301) Old regions: 511->511
[2025-03-16T15:59:34.662+0100][74.018s][info][gc,heap        ] GC(301) Humongous regions: 1->1
[2025-03-16T15:59:34.662+0100][74.018s][info][gc,metaspace   ] GC(301) Metaspace: 27318K(27840K)->27318K(27840K) NonClass: 23739K(24000K)->23739K(24000K) Class: 3579K(3840K)->3579K(3840K)
[2025-03-16T15:59:34.662+0100][74.018s][info][gc             ] GC(301) Pause Full (G1 Compaction Pause) 2045M->2045M(2048M) 709.372ms
[2025-03-16T15:59:34.662+0100][74.018s][info][gc,cpu         ] GC(301) User=3.66s Sys=0.17s Real=0.71s
[2025-03-16T15:59:34.662+0100][74.018s][info][gc,marking     ] GC(299) Concurrent Mark From Roots 1160.915ms
[2025-03-16T15:59:34.662+0100][74.018s][info][gc,start       ] GC(302) Pause Young (Normal) (G1 Evacuation Pause)
[2025-03-16T15:59:34.662+0100][74.018s][info][gc,task        ] GC(302) Using 9 workers of 9 for evacuation
[2025-03-16T15:59:34.663+0100][74.018s][info][gc,phases      ] GC(302)   Pre Evacuate Collection Set: 0.1ms
[2025-03-16T15:59:34.663+0100][74.018s][info][gc,phases      ] GC(302)   Merge Heap Roots: 0.0ms
[2025-03-16T15:59:34.663+0100][74.018s][info][gc,phases      ] GC(302)   Evacuate Collection Set: 0.1ms
[2025-03-16T15:59:34.663+0100][74.018s][info][gc,phases      ] GC(302)   Post Evacuate Collection Set: 0.2ms
[2025-03-16T15:59:34.663+0100][74.018s][info][gc,phases      ] GC(302)   Other: 0.0ms
[2025-03-16T15:59:34.663+0100][74.018s][info][gc,heap        ] GC(302) Eden regions: 0->0(0)
[2025-03-16T15:59:34.663+0100][74.018s][info][gc,heap        ] GC(302) Survivor regions: 0->0(0)
[2025-03-16T15:59:34.663+0100][74.018s][info][gc,heap        ] GC(302) Old regions: 511->511
[2025-03-16T15:59:34.663+0100][74.018s][info][gc,heap        ] GC(302) Humongous regions: 1->1
[2025-03-16T15:59:34.663+0100][74.018s][info][gc,metaspace   ] GC(302) Metaspace: 27318K(27840K)->27318K(27840K) NonClass: 23739K(24000K)->23739K(24000K) Class: 3579K(3840K)->3579K(3840K)
[2025-03-16T15:59:34.663+0100][74.018s][info][gc             ] GC(302) Pause Young (Normal) (G1 Evacuation Pause) 2045M->2045M(2048M) 0.574ms
[2025-03-16T15:59:34.663+0100][74.018s][info][gc,cpu         ] GC(302) User=0.00s Sys=0.00s Real=0.00s
[2025-03-16T15:59:34.663+0100][74.018s][info][gc,ergo        ] Attempting full compaction
[2025-03-16T15:59:34.663+0100][74.018s][info][gc,start       ] GC(303) Pause Full (G1 Compaction Pause)
[2025-03-16T15:59:34.663+0100][74.018s][info][gc,task        ] GC(303) Using 9 workers of 9 for full compaction
[2025-03-16T15:59:34.663+0100][74.019s][info][gc,phases,start] GC(303) Phase 1: Mark live objects
[2025-03-16T15:59:34.868+0100][74.224s][info][gc,phases      ] GC(303) Phase 1: Mark live objects 205.219ms
[2025-03-16T15:59:34.868+0100][74.224s][info][gc,phases,start] GC(303) Phase 2: Prepare compaction
[2025-03-16T15:59:34.869+0100][74.224s][info][gc,phases      ] GC(303) Phase 2: Prepare compaction 0.450ms
[2025-03-16T15:59:34.869+0100][74.224s][info][gc,phases,start] GC(303) Phase 3: Adjust pointers
[2025-03-16T15:59:34.917+0100][74.273s][info][gc,phases      ] GC(303) Phase 3: Adjust pointers 48.290ms
[2025-03-16T15:59:34.917+0100][74.273s][info][gc,phases,start] GC(303) Phase 4: Compact heap
[2025-03-16T15:59:34.918+0100][74.273s][info][gc,phases      ] GC(303) Phase 4: Compact heap 0.369ms
[2025-03-16T15:59:34.918+0100][74.273s][info][gc,phases,start] GC(303) Phase 5: Reset Metadata
[2025-03-16T15:59:34.948+0100][74.303s][info][gc,phases      ] GC(303) Phase 5: Reset Metadata 30.289ms
[2025-03-16T15:59:34.952+0100][74.308s][info][gc,heap        ] GC(303) Eden regions: 0->0(2)
[2025-03-16T15:59:34.952+0100][74.308s][info][gc,heap        ] GC(303) Survivor regions: 0->0(0)
[2025-03-16T15:59:34.952+0100][74.308s][info][gc,heap        ] GC(303) Old regions: 511->509
[2025-03-16T15:59:34.952+0100][74.308s][info][gc,heap        ] GC(303) Humongous regions: 1->1
[2025-03-16T15:59:34.952+0100][74.308s][info][gc,metaspace   ] GC(303) Metaspace: 27318K(27840K)->27318K(27840K) NonClass: 23739K(24000K)->23739K(24000K) Class: 3579K(3840K)->3579K(3840K)
[2025-03-16T15:59:34.952+0100][74.308s][info][gc             ] GC(303) Pause Full (G1 Compaction Pause) 2045M->2038M(2048M) 289.563ms
[2025-03-16T15:59:34.952+0100][74.308s][info][gc,cpu         ] GC(303) User=2.22s Sys=0.14s Real=0.29s
[2025-03-16T15:59:34.953+0100][74.308s][info][gc,marking     ] GC(299) Concurrent Mark Abort
[2025-03-16T15:59:34.953+0100][74.308s][info][gc             ] GC(299) Concurrent Mark Cycle 1451.398ms
[2025-03-16T15:59:34.955+0100][74.310s][info][gc,heap,exit   ] Heap
[2025-03-16T15:59:34.955+0100][74.310s][info][gc,heap,exit   ]  garbage-first heap   total 2097152K, used 2088522K [0x0000000780000000, 0x0000000800000000)
[2025-03-16T15:59:34.955+0100][74.310s][info][gc,heap,exit   ]   region size 4096K, 1 young (4096K), 0 survivors (0K)
[2025-03-16T15:59:34.955+0100][74.310s][info][gc,heap,exit   ]  Metaspace       used 27327K, committed 27840K, reserved 1114112K
[2025-03-16T15:59:34.955+0100][74.310s][info][gc,heap,exit   ]   class space    used 3580K, committed 3840K, reserved 1048576K
