[2025-03-18T15:36:30.342+0100][0.005s][info][gc,init] CardTable entry size: 512
[2025-03-18T15:36:30.342+0100][0.005s][info][gc     ] Using G1
[2025-03-18T15:36:30.343+0100][0.007s][info][gc,init] Version: 21.0.1+12-LTS-29 (release)
[2025-03-18T15:36:30.343+0100][0.007s][info][gc,init] CPUs: 10 total, 10 available
[2025-03-18T15:36:30.343+0100][0.007s][info][gc,init] Memory: 32768M
[2025-03-18T15:36:30.343+0100][0.007s][info][gc,init] Large Page Support: Disabled
[2025-03-18T15:36:30.343+0100][0.007s][info][gc,init] NUMA Support: Disabled
[2025-03-18T15:36:30.343+0100][0.007s][info][gc,init] Compressed Oops: Enabled (Zero based)
[2025-03-18T15:36:30.343+0100][0.007s][info][gc,init] Heap Region Size: 4M
[2025-03-18T15:36:30.343+0100][0.007s][info][gc,init] Heap Min Capacity: 2G
[2025-03-18T15:36:30.343+0100][0.007s][info][gc,init] Heap Initial Capacity: 2G
[2025-03-18T15:36:30.343+0100][0.007s][info][gc,init] Heap Max Capacity: 4G
[2025-03-18T15:36:30.343+0100][0.007s][info][gc,init] Pre-touch: Disabled
[2025-03-18T15:36:30.343+0100][0.007s][info][gc,init] Parallel Workers: 9
[2025-03-18T15:36:30.343+0100][0.007s][info][gc,init] Concurrent Workers: 2
[2025-03-18T15:36:30.343+0100][0.007s][info][gc,init] Concurrent Refinement Workers: 9
[2025-03-18T15:36:30.343+0100][0.007s][info][gc,init] Periodic GC: Disabled
[2025-03-18T15:36:30.347+0100][0.010s][info][gc,metaspace] CDS archive(s) mapped at: [0x0000000300000000-0x0000000300ca4000-0x0000000300ca4000), size 13254656, SharedBaseAddress: 0x0000000300000000, ArchiveRelocationMode: 1.
[2025-03-18T15:36:30.347+0100][0.010s][info][gc,metaspace] Compressed class space mapped at: 0x0000000301000000-0x0000000341000000, reserved size: 1073741824
[2025-03-18T15:36:30.347+0100][0.011s][info][gc,metaspace] Narrow klass base: 0x0000000300000000, Narrow klass shift: 0, Narrow klass range: 0x100000000
[2025-03-18T15:36:31.541+0100][1.205s][info][gc,start    ] GC(0) Pause Young (Normal) (G1 Evacuation Pause)
[2025-03-18T15:36:31.542+0100][1.206s][info][gc,task     ] GC(0) Using 9 workers of 9 for evacuation
[2025-03-18T15:36:31.569+0100][1.233s][info][gc,phases   ] GC(0)   Pre Evacuate Collection Set: 2.4ms
[2025-03-18T15:36:31.571+0100][1.234s][info][gc,phases   ] GC(0)   Merge Heap Roots: 2.2ms
[2025-03-18T15:36:31.571+0100][1.235s][info][gc,phases   ] GC(0)   Evacuate Collection Set: 17.4ms
[2025-03-18T15:36:31.571+0100][1.235s][info][gc,phases   ] GC(0)   Post Evacuate Collection Set: 4.2ms
[2025-03-18T15:36:31.571+0100][1.235s][info][gc,phases   ] GC(0)   Other: 1.9ms
[2025-03-18T15:36:31.571+0100][1.235s][info][gc,heap     ] GC(0) Eden regions: 25->0(22)
[2025-03-18T15:36:31.571+0100][1.235s][info][gc,heap     ] GC(0) Survivor regions: 0->3(4)
[2025-03-18T15:36:31.571+0100][1.235s][info][gc,heap     ] GC(0) Old regions: 1->1
[2025-03-18T15:36:31.571+0100][1.235s][info][gc,heap     ] GC(0) Humongous regions: 3->1
[2025-03-18T15:36:31.571+0100][1.235s][info][gc,metaspace] GC(0) Metaspace: 17891K(18112K)->17891K(18112K) NonClass: 15131K(15232K)->15131K(15232K) Class: 2760K(2880K)->2760K(2880K)
[2025-03-18T15:36:31.571+0100][1.235s][info][gc          ] GC(0) Pause Young (Normal) (G1 Evacuation Pause) 113M->14M(2052M) 30.258ms
[2025-03-18T15:36:31.571+0100][1.235s][info][gc,cpu      ] GC(0) User=0.02s Sys=0.00s Real=0.03s
[2025-03-18T15:36:41.567+0100][11.231s][info][gc,start    ] GC(1) Pause Young (Concurrent Start) (Metadata GC Threshold)
[2025-03-18T15:36:41.567+0100][11.231s][info][gc,task     ] GC(1) Using 9 workers of 9 for evacuation
[2025-03-18T15:36:41.573+0100][11.236s][info][gc,phases   ] GC(1)   Pre Evacuate Collection Set: 0.1ms
[2025-03-18T15:36:41.573+0100][11.236s][info][gc,phases   ] GC(1)   Merge Heap Roots: 0.0ms
[2025-03-18T15:36:41.573+0100][11.236s][info][gc,phases   ] GC(1)   Evacuate Collection Set: 4.7ms
[2025-03-18T15:36:41.573+0100][11.236s][info][gc,phases   ] GC(1)   Post Evacuate Collection Set: 0.4ms
[2025-03-18T15:36:41.573+0100][11.236s][info][gc,phases   ] GC(1)   Other: 0.0ms
[2025-03-18T15:36:41.573+0100][11.236s][info][gc,heap     ] GC(1) Eden regions: 21->0(24)
[2025-03-18T15:36:41.573+0100][11.237s][info][gc,heap     ] GC(1) Survivor regions: 3->1(4)
[2025-03-18T15:36:41.573+0100][11.237s][info][gc,heap     ] GC(1) Old regions: 1->3
[2025-03-18T15:36:41.573+0100][11.237s][info][gc,heap     ] GC(1) Humongous regions: 1->1
[2025-03-18T15:36:41.573+0100][11.237s][info][gc,metaspace] GC(1) Metaspace: 21312K(21504K)->21312K(21504K) NonClass: 18339K(18432K)->18339K(18432K) Class: 2972K(3072K)->2972K(3072K)
[2025-03-18T15:36:41.573+0100][11.237s][info][gc          ] GC(1) Pause Young (Concurrent Start) (Metadata GC Threshold) 94M->16M(2052M) 5.468ms
[2025-03-18T15:36:41.573+0100][11.237s][info][gc          ] GC(2) Concurrent Mark Cycle
[2025-03-18T15:36:41.573+0100][11.237s][info][gc,cpu      ] GC(1) User=0.02s Sys=0.00s Real=0.01s
[2025-03-18T15:36:41.573+0100][11.237s][info][gc,marking  ] GC(2) Concurrent Scan Root Regions
[2025-03-18T15:36:41.575+0100][11.239s][info][gc,marking  ] GC(2) Concurrent Scan Root Regions 2.035ms
[2025-03-18T15:36:41.575+0100][11.239s][info][gc,marking  ] GC(2) Concurrent Mark
[2025-03-18T15:36:41.575+0100][11.239s][info][gc,marking  ] GC(2) Concurrent Mark From Roots
[2025-03-18T15:36:41.575+0100][11.239s][info][gc,task     ] GC(2) Using 2 workers of 2 for marking
[2025-03-18T15:36:41.576+0100][11.240s][info][gc,marking  ] GC(2) Concurrent Mark From Roots 1.188ms
[2025-03-18T15:36:41.576+0100][11.240s][info][gc,marking  ] GC(2) Concurrent Preclean
[2025-03-18T15:36:41.576+0100][11.240s][info][gc,marking  ] GC(2) Concurrent Preclean 0.008ms
[2025-03-18T15:36:41.576+0100][11.240s][info][gc,start    ] GC(2) Pause Remark
[2025-03-18T15:36:41.577+0100][11.241s][info][gc          ] GC(2) Pause Remark 20M->20M(2048M) 1.220ms
[2025-03-18T15:36:41.577+0100][11.241s][info][gc,cpu      ] GC(2) User=0.00s Sys=0.00s Real=0.00s
[2025-03-18T15:36:41.577+0100][11.241s][info][gc,marking  ] GC(2) Concurrent Mark 2.568ms
[2025-03-18T15:36:41.578+0100][11.241s][info][gc,marking  ] GC(2) Concurrent Rebuild Remembered Sets and Scrub Regions
[2025-03-18T15:36:41.580+0100][11.243s][info][gc,marking  ] GC(2) Concurrent Rebuild Remembered Sets and Scrub Regions 2.024ms
[2025-03-18T15:36:41.580+0100][11.243s][info][gc,start    ] GC(2) Pause Cleanup
[2025-03-18T15:36:41.580+0100][11.243s][info][gc          ] GC(2) Pause Cleanup 20M->20M(2048M) 0.056ms
[2025-03-18T15:36:41.580+0100][11.243s][info][gc,cpu      ] GC(2) User=0.00s Sys=0.00s Real=0.00s
[2025-03-18T15:36:41.580+0100][11.243s][info][gc,marking  ] GC(2) Concurrent Clear Claimed Marks
[2025-03-18T15:36:41.580+0100][11.243s][info][gc,marking  ] GC(2) Concurrent Clear Claimed Marks 0.018ms
[2025-03-18T15:36:41.580+0100][11.243s][info][gc,marking  ] GC(2) Concurrent Cleanup for Next Mark
[2025-03-18T15:36:41.582+0100][11.246s][info][gc,marking  ] GC(2) Concurrent Cleanup for Next Mark 2.580ms
[2025-03-18T15:36:41.582+0100][11.246s][info][gc          ] GC(2) Concurrent Mark Cycle 9.505ms
[2025-03-18T15:36:42.132+0100][11.795s][info][gc,start    ] GC(3) Pause Young (Prepare Mixed) (G1 Evacuation Pause)
[2025-03-18T15:36:42.132+0100][11.796s][info][gc,task     ] GC(3) Using 9 workers of 9 for evacuation
[2025-03-18T15:36:42.140+0100][11.804s][info][gc,phases   ] GC(3)   Pre Evacuate Collection Set: 0.1ms
[2025-03-18T15:36:42.140+0100][11.804s][info][gc,phases   ] GC(3)   Merge Heap Roots: 0.0ms
[2025-03-18T15:36:42.140+0100][11.804s][info][gc,phases   ] GC(3)   Evacuate Collection Set: 7.7ms
[2025-03-18T15:36:42.140+0100][11.804s][info][gc,phases   ] GC(3)   Post Evacuate Collection Set: 0.6ms
[2025-03-18T15:36:42.140+0100][11.804s][info][gc,phases   ] GC(3)   Other: 0.0ms
[2025-03-18T15:36:42.140+0100][11.804s][info][gc,heap     ] GC(3) Eden regions: 24->0(21)
[2025-03-18T15:36:42.140+0100][11.804s][info][gc,heap     ] GC(3) Survivor regions: 1->4(4)
[2025-03-18T15:36:42.140+0100][11.804s][info][gc,heap     ] GC(3) Old regions: 3->3
[2025-03-18T15:36:42.140+0100][11.804s][info][gc,heap     ] GC(3) Humongous regions: 1->1
[2025-03-18T15:36:42.140+0100][11.804s][info][gc,metaspace] GC(3) Metaspace: 26491K(26816K)->26491K(26816K) NonClass: 22929K(23104K)->22929K(23104K) Class: 3561K(3712K)->3561K(3712K)
[2025-03-18T15:36:42.140+0100][11.804s][info][gc          ] GC(3) Pause Young (Prepare Mixed) (G1 Evacuation Pause) 112M->28M(2048M) 8.667ms
[2025-03-18T15:36:42.140+0100][11.804s][info][gc,cpu      ] GC(3) User=0.04s Sys=0.01s Real=0.01s
[2025-03-18T15:36:42.415+0100][12.079s][info][gc,start    ] GC(4) Pause Young (Mixed) (G1 Evacuation Pause)
[2025-03-18T15:36:42.416+0100][12.079s][info][gc,task     ] GC(4) Using 9 workers of 9 for evacuation
[2025-03-18T15:36:42.426+0100][12.090s][info][gc,phases   ] GC(4)   Pre Evacuate Collection Set: 0.1ms
[2025-03-18T15:36:42.426+0100][12.090s][info][gc,phases   ] GC(4)   Merge Heap Roots: 0.1ms
[2025-03-18T15:36:42.426+0100][12.090s][info][gc,phases   ] GC(4)   Evacuate Collection Set: 9.9ms
[2025-03-18T15:36:42.426+0100][12.090s][info][gc,phases   ] GC(4)   Post Evacuate Collection Set: 0.6ms
[2025-03-18T15:36:42.426+0100][12.090s][info][gc,phases   ] GC(4)   Other: 0.0ms
[2025-03-18T15:36:42.426+0100][12.090s][info][gc,heap     ] GC(4) Eden regions: 21->0(21)
[2025-03-18T15:36:42.426+0100][12.090s][info][gc,heap     ] GC(4) Survivor regions: 4->4(4)
[2025-03-18T15:36:42.426+0100][12.090s][info][gc,heap     ] GC(4) Old regions: 3->5
[2025-03-18T15:36:42.426+0100][12.090s][info][gc,heap     ] GC(4) Humongous regions: 1->1
[2025-03-18T15:36:42.426+0100][12.090s][info][gc,metaspace] GC(4) Metaspace: 26596K(26944K)->26596K(26944K) NonClass: 23033K(23232K)->23033K(23232K) Class: 3563K(3712K)->3563K(3712K)
[2025-03-18T15:36:42.426+0100][12.090s][info][gc          ] GC(4) Pause Young (Mixed) (G1 Evacuation Pause) 112M->37M(2048M) 10.866ms
[2025-03-18T15:36:42.426+0100][12.090s][info][gc,cpu      ] GC(4) User=0.05s Sys=0.01s Real=0.01s
[2025-03-18T15:36:42.611+0100][12.275s][info][gc,start    ] GC(5) Pause Young (Normal) (G1 Evacuation Pause)
[2025-03-18T15:36:42.611+0100][12.275s][info][gc,task     ] GC(5) Using 9 workers of 9 for evacuation
[2025-03-18T15:36:42.621+0100][12.285s][info][gc,phases   ] GC(5)   Pre Evacuate Collection Set: 0.1ms
[2025-03-18T15:36:42.621+0100][12.285s][info][gc,phases   ] GC(5)   Merge Heap Roots: 0.1ms
[2025-03-18T15:36:42.621+0100][12.285s][info][gc,phases   ] GC(5)   Evacuate Collection Set: 8.8ms
[2025-03-18T15:36:42.621+0100][12.285s][info][gc,phases   ] GC(5)   Post Evacuate Collection Set: 0.6ms
[2025-03-18T15:36:42.621+0100][12.285s][info][gc,phases   ] GC(5)   Other: 0.0ms
[2025-03-18T15:36:42.621+0100][12.285s][info][gc,heap     ] GC(5) Eden regions: 21->0(21)
[2025-03-18T15:36:42.621+0100][12.285s][info][gc,heap     ] GC(5) Survivor regions: 4->4(4)
[2025-03-18T15:36:42.621+0100][12.285s][info][gc,heap     ] GC(5) Old regions: 5->6
[2025-03-18T15:36:42.621+0100][12.285s][info][gc,heap     ] GC(5) Humongous regions: 1->1
[2025-03-18T15:36:42.621+0100][12.285s][info][gc,metaspace] GC(5) Metaspace: 26631K(26944K)->26631K(26944K) NonClass: 23068K(23232K)->23068K(23232K) Class: 3563K(3712K)->3563K(3712K)
[2025-03-18T15:36:42.621+0100][12.285s][info][gc          ] GC(5) Pause Young (Normal) (G1 Evacuation Pause) 121M->41M(2048M) 9.794ms
[2025-03-18T15:36:42.621+0100][12.285s][info][gc,cpu      ] GC(5) User=0.05s Sys=0.01s Real=0.01s
[2025-03-18T15:36:42.763+0100][12.427s][info][gc,start    ] GC(6) Pause Young (Normal) (G1 Evacuation Pause)
[2025-03-18T15:36:42.763+0100][12.427s][info][gc,task     ] GC(6) Using 9 workers of 9 for evacuation
[2025-03-18T15:36:42.769+0100][12.433s][info][gc,phases   ] GC(6)   Pre Evacuate Collection Set: 0.1ms
[2025-03-18T15:36:42.769+0100][12.433s][info][gc,phases   ] GC(6)   Merge Heap Roots: 0.0ms
[2025-03-18T15:36:42.769+0100][12.433s][info][gc,phases   ] GC(6)   Evacuate Collection Set: 5.4ms
[2025-03-18T15:36:42.769+0100][12.433s][info][gc,phases   ] GC(6)   Post Evacuate Collection Set: 0.6ms
[2025-03-18T15:36:42.769+0100][12.433s][info][gc,phases   ] GC(6)   Other: 0.0ms
[2025-03-18T15:36:42.769+0100][12.433s][info][gc,heap     ] GC(6) Eden regions: 21->0(21)
[2025-03-18T15:36:42.769+0100][12.433s][info][gc,heap     ] GC(6) Survivor regions: 4->4(4)
[2025-03-18T15:36:42.769+0100][12.433s][info][gc,heap     ] GC(6) Old regions: 6->8
[2025-03-18T15:36:42.769+0100][12.433s][info][gc,heap     ] GC(6) Humongous regions: 1->1
[2025-03-18T15:36:42.769+0100][12.433s][info][gc,metaspace] GC(6) Metaspace: 26658K(27008K)->26658K(27008K) NonClass: 23094K(23296K)->23094K(23296K) Class: 3564K(3712K)->3564K(3712K)
[2025-03-18T15:36:42.769+0100][12.433s][info][gc          ] GC(6) Pause Young (Normal) (G1 Evacuation Pause) 125M->50M(2048M) 6.318ms
[2025-03-18T15:36:42.769+0100][12.433s][info][gc,cpu      ] GC(6) User=0.04s Sys=0.00s Real=0.00s
[2025-03-18T15:36:42.941+0100][12.604s][info][gc,start    ] GC(7) Pause Young (Normal) (G1 Evacuation Pause)
[2025-03-18T15:36:42.941+0100][12.604s][info][gc,task     ] GC(7) Using 9 workers of 9 for evacuation
[2025-03-18T15:36:42.947+0100][12.611s][info][gc,phases   ] GC(7)   Pre Evacuate Collection Set: 0.1ms
[2025-03-18T15:36:42.947+0100][12.611s][info][gc,phases   ] GC(7)   Merge Heap Roots: 0.0ms
[2025-03-18T15:36:42.947+0100][12.611s][info][gc,phases   ] GC(7)   Evacuate Collection Set: 5.7ms
[2025-03-18T15:36:42.947+0100][12.611s][info][gc,phases   ] GC(7)   Post Evacuate Collection Set: 0.5ms
[2025-03-18T15:36:42.947+0100][12.611s][info][gc,phases   ] GC(7)   Other: 0.0ms
[2025-03-18T15:36:42.947+0100][12.611s][info][gc,heap     ] GC(7) Eden regions: 21->0(24)
[2025-03-18T15:36:42.947+0100][12.611s][info][gc,heap     ] GC(7) Survivor regions: 4->4(4)
[2025-03-18T15:36:42.947+0100][12.611s][info][gc,heap     ] GC(7) Old regions: 8->12
[2025-03-18T15:36:42.947+0100][12.611s][info][gc,heap     ] GC(7) Humongous regions: 1->1
[2025-03-18T15:36:42.947+0100][12.611s][info][gc,metaspace] GC(7) Metaspace: 26690K(27008K)->26690K(27008K) NonClass: 23125K(23296K)->23125K(23296K) Class: 3564K(3712K)->3564K(3712K)
[2025-03-18T15:36:42.947+0100][12.611s][info][gc          ] GC(7) Pause Young (Normal) (G1 Evacuation Pause) 134M->67M(2048M) 6.504ms
[2025-03-18T15:36:42.947+0100][12.611s][info][gc,cpu      ] GC(7) User=0.05s Sys=0.00s Real=0.00s
[2025-03-18T15:36:43.126+0100][12.790s][info][gc,start    ] GC(8) Pause Young (Normal) (G1 Evacuation Pause)
[2025-03-18T15:36:43.126+0100][12.790s][info][gc,task     ] GC(8) Using 9 workers of 9 for evacuation
[2025-03-18T15:36:43.135+0100][12.798s][info][gc,phases   ] GC(8)   Pre Evacuate Collection Set: 0.1ms
[2025-03-18T15:36:43.135+0100][12.799s][info][gc,phases   ] GC(8)   Merge Heap Roots: 0.1ms
[2025-03-18T15:36:43.135+0100][12.799s][info][gc,phases   ] GC(8)   Evacuate Collection Set: 7.8ms
[2025-03-18T15:36:43.135+0100][12.799s][info][gc,phases   ] GC(8)   Post Evacuate Collection Set: 0.7ms
[2025-03-18T15:36:43.135+0100][12.799s][info][gc,phases   ] GC(8)   Other: 0.0ms
[2025-03-18T15:36:43.135+0100][12.799s][info][gc,heap     ] GC(8) Eden regions: 21->0(27)
[2025-03-18T15:36:43.135+0100][12.799s][info][gc,heap     ] GC(8) Survivor regions: 4->4(4)
[2025-03-18T15:36:43.135+0100][12.799s][info][gc,heap     ] GC(8) Old regions: 12->18
[2025-03-18T15:36:43.135+0100][12.799s][info][gc,heap     ] GC(8) Humongous regions: 1->1
[2025-03-18T15:36:43.135+0100][12.799s][info][gc,metaspace] GC(8) Metaspace: 26700K(27008K)->26700K(27008K) NonClass: 23136K(23296K)->23136K(23296K) Class: 3564K(3712K)->3564K(3712K)
[2025-03-18T15:36:43.135+0100][12.799s][info][gc          ] GC(8) Pause Young (Normal) (G1 Evacuation Pause) 151M->90M(2048M) 8.924ms
[2025-03-18T15:36:43.135+0100][12.799s][info][gc,cpu      ] GC(8) User=0.06s Sys=0.00s Real=0.01s
[2025-03-18T15:36:43.319+0100][12.983s][info][gc,start    ] GC(9) Pause Young (Normal) (G1 Evacuation Pause)
[2025-03-18T15:36:43.319+0100][12.983s][info][gc,task     ] GC(9) Using 9 workers of 9 for evacuation
[2025-03-18T15:36:43.328+0100][12.992s][info][gc,phases   ] GC(9)   Pre Evacuate Collection Set: 0.1ms
[2025-03-18T15:36:43.328+0100][12.992s][info][gc,phases   ] GC(9)   Merge Heap Roots: 0.0ms
[2025-03-18T15:36:43.328+0100][12.992s][info][gc,phases   ] GC(9)   Evacuate Collection Set: 7.9ms
[2025-03-18T15:36:43.328+0100][12.992s][info][gc,phases   ] GC(9)   Post Evacuate Collection Set: 0.8ms
[2025-03-18T15:36:43.328+0100][12.992s][info][gc,phases   ] GC(9)   Other: 0.0ms
[2025-03-18T15:36:43.328+0100][12.992s][info][gc,heap     ] GC(9) Eden regions: 24->0(36)
[2025-03-18T15:36:43.328+0100][12.992s][info][gc,heap     ] GC(9) Survivor regions: 4->4(4)
[2025-03-18T15:36:43.328+0100][12.992s][info][gc,heap     ] GC(9) Old regions: 18->24
[2025-03-18T15:36:43.328+0100][12.992s][info][gc,heap     ] GC(9) Humongous regions: 1->1
[2025-03-18T15:36:43.328+0100][12.992s][info][gc,metaspace] GC(9) Metaspace: 26703K(27008K)->26703K(27008K) NonClass: 23139K(23296K)->23139K(23296K) Class: 3564K(3712K)->3564K(3712K)
[2025-03-18T15:36:43.328+0100][12.992s][info][gc          ] GC(9) Pause Young (Normal) (G1 Evacuation Pause) 186M->116M(2048M) 9.012ms
[2025-03-18T15:36:43.328+0100][12.992s][info][gc,cpu      ] GC(9) User=0.05s Sys=0.01s Real=0.01s
[2025-03-18T15:36:43.613+0100][13.276s][info][gc,start    ] GC(10) Pause Young (Normal) (G1 Evacuation Pause)
[2025-03-18T15:36:43.613+0100][13.276s][info][gc,task     ] GC(10) Using 9 workers of 9 for evacuation
[2025-03-18T15:36:43.620+0100][13.284s][info][gc,phases   ] GC(10)   Pre Evacuate Collection Set: 0.1ms
[2025-03-18T15:36:43.620+0100][13.284s][info][gc,phases   ] GC(10)   Merge Heap Roots: 0.0ms
[2025-03-18T15:36:43.620+0100][13.284s][info][gc,phases   ] GC(10)   Evacuate Collection Set: 6.4ms
[2025-03-18T15:36:43.620+0100][13.284s][info][gc,phases   ] GC(10)   Post Evacuate Collection Set: 0.9ms
[2025-03-18T15:36:43.620+0100][13.284s][info][gc,phases   ] GC(10)   Other: 0.0ms
[2025-03-18T15:36:43.620+0100][13.284s][info][gc,heap     ] GC(10) Eden regions: 38->0(302)
[2025-03-18T15:36:43.620+0100][13.284s][info][gc,heap     ] GC(10) Survivor regions: 4->5(6)
[2025-03-18T15:36:43.620+0100][13.284s][info][gc,heap     ] GC(10) Old regions: 24->28
[2025-03-18T15:36:43.620+0100][13.284s][info][gc,heap     ] GC(10) Humongous regions: 1->1
[2025-03-18T15:36:43.620+0100][13.284s][info][gc,metaspace] GC(10) Metaspace: 26784K(27136K)->26784K(27136K) NonClass: 23209K(23424K)->23209K(23424K) Class: 3575K(3712K)->3575K(3712K)
[2025-03-18T15:36:43.620+0100][13.284s][info][gc          ] GC(10) Pause Young (Normal) (G1 Evacuation Pause) 268M->131M(2048M) 7.677ms
[2025-03-18T15:36:43.620+0100][13.284s][info][gc,cpu      ] GC(10) User=0.04s Sys=0.01s Real=0.01s
[2025-03-18T15:36:45.376+0100][15.040s][info][gc,start    ] GC(11) Pause Young (Normal) (G1 Evacuation Pause)
[2025-03-18T15:36:45.376+0100][15.040s][info][gc,task     ] GC(11) Using 9 workers of 9 for evacuation
[2025-03-18T15:36:45.413+0100][15.077s][info][gc,phases   ] GC(11)   Pre Evacuate Collection Set: 1.1ms
[2025-03-18T15:36:45.413+0100][15.077s][info][gc,phases   ] GC(11)   Merge Heap Roots: 0.1ms
[2025-03-18T15:36:45.413+0100][15.077s][info][gc,phases   ] GC(11)   Evacuate Collection Set: 31.9ms
[2025-03-18T15:36:45.413+0100][15.077s][info][gc,phases   ] GC(11)   Post Evacuate Collection Set: 3.4ms
[2025-03-18T15:36:45.413+0100][15.077s][info][gc,phases   ] GC(11)   Other: 0.1ms
[2025-03-18T15:36:45.413+0100][15.077s][info][gc,heap     ] GC(11) Eden regions: 302->0(208)
[2025-03-18T15:36:45.413+0100][15.077s][info][gc,heap     ] GC(11) Survivor regions: 5->23(39)
[2025-03-18T15:36:45.413+0100][15.077s][info][gc,heap     ] GC(11) Old regions: 28->28
[2025-03-18T15:36:45.413+0100][15.077s][info][gc,heap     ] GC(11) Humongous regions: 1->1
[2025-03-18T15:36:45.413+0100][15.077s][info][gc,metaspace] GC(11) Metaspace: 26851K(27136K)->26851K(27136K) NonClass: 23276K(23424K)->23276K(23424K) Class: 3575K(3712K)->3575K(3712K)
[2025-03-18T15:36:45.413+0100][15.077s][info][gc          ] GC(11) Pause Young (Normal) (G1 Evacuation Pause) 1339M->205M(2048M) 36.695ms
[2025-03-18T15:36:45.413+0100][15.077s][info][gc,cpu      ] GC(11) User=0.12s Sys=0.04s Real=0.04s
[2025-03-18T15:36:46.344+0100][16.008s][info][gc,start    ] GC(12) Pause Young (Normal) (G1 Evacuation Pause)
[2025-03-18T15:36:46.345+0100][16.008s][info][gc,task     ] GC(12) Using 9 workers of 9 for evacuation
[2025-03-18T15:36:46.361+0100][16.025s][info][gc,phases   ] GC(12)   Pre Evacuate Collection Set: 0.2ms
[2025-03-18T15:36:46.361+0100][16.025s][info][gc,phases   ] GC(12)   Merge Heap Roots: 0.1ms
[2025-03-18T15:36:46.361+0100][16.025s][info][gc,phases   ] GC(12)   Evacuate Collection Set: 15.0ms
[2025-03-18T15:36:46.361+0100][16.025s][info][gc,phases   ] GC(12)   Post Evacuate Collection Set: 1.1ms
[2025-03-18T15:36:46.361+0100][16.025s][info][gc,phases   ] GC(12)   Other: 0.1ms
[2025-03-18T15:36:46.361+0100][16.025s][info][gc,heap     ] GC(12) Eden regions: 210->0(289)
[2025-03-18T15:36:46.361+0100][16.025s][info][gc,heap     ] GC(12) Survivor regions: 23->8(30)
[2025-03-18T15:36:46.361+0100][16.025s][info][gc,heap     ] GC(12) Old regions: 28->43
[2025-03-18T15:36:46.361+0100][16.025s][info][gc,heap     ] GC(12) Humongous regions: 1->1
[2025-03-18T15:36:46.361+0100][16.025s][info][gc,metaspace] GC(12) Metaspace: 26870K(27200K)->26870K(27200K) NonClass: 23294K(23488K)->23294K(23488K) Class: 3575K(3712K)->3575K(3712K)
[2025-03-18T15:36:46.361+0100][16.025s][info][gc          ] GC(12) Pause Young (Normal) (G1 Evacuation Pause) 1045M->203M(2048M) 16.570ms
[2025-03-18T15:36:46.361+0100][16.025s][info][gc,cpu      ] GC(12) User=0.10s Sys=0.01s Real=0.02s
[2025-03-18T15:36:47.273+0100][16.937s][info][gc,start    ] GC(13) Pause Young (Normal) (G1 Evacuation Pause)
[2025-03-18T15:36:47.273+0100][16.937s][info][gc,task     ] GC(13) Using 9 workers of 9 for evacuation
[2025-03-18T15:36:47.279+0100][16.942s][info][gc,phases   ] GC(13)   Pre Evacuate Collection Set: 0.1ms
[2025-03-18T15:36:47.279+0100][16.942s][info][gc,phases   ] GC(13)   Merge Heap Roots: 0.1ms
[2025-03-18T15:36:47.279+0100][16.942s][info][gc,phases   ] GC(13)   Evacuate Collection Set: 4.8ms
[2025-03-18T15:36:47.279+0100][16.942s][info][gc,phases   ] GC(13)   Post Evacuate Collection Set: 0.6ms
[2025-03-18T15:36:47.279+0100][16.942s][info][gc,phases   ] GC(13)   Other: 0.1ms
[2025-03-18T15:36:47.279+0100][16.942s][info][gc,heap     ] GC(13) Eden regions: 229->0(298)
[2025-03-18T15:36:47.279+0100][16.942s][info][gc,heap     ] GC(13) Survivor regions: 8->9(30)
[2025-03-18T15:36:47.279+0100][16.942s][info][gc,heap     ] GC(13) Old regions: 43->43
[2025-03-18T15:36:47.279+0100][16.942s][info][gc,heap     ] GC(13) Humongous regions: 1->1
[2025-03-18T15:36:47.279+0100][16.942s][info][gc,metaspace] GC(13) Metaspace: 26891K(27200K)->26891K(27200K) NonClass: 23315K(23488K)->23315K(23488K) Class: 3575K(3712K)->3575K(3712K)
[2025-03-18T15:36:47.279+0100][16.942s][info][gc          ] GC(13) Pause Young (Normal) (G1 Evacuation Pause) 1119M->207M(2048M) 5.810ms
[2025-03-18T15:36:47.279+0100][16.942s][info][gc,cpu      ] GC(13) User=0.04s Sys=0.00s Real=0.00s
[2025-03-18T15:36:48.450+0100][18.114s][info][gc,start    ] GC(14) Pause Young (Normal) (G1 Evacuation Pause)
[2025-03-18T15:36:48.450+0100][18.114s][info][gc,task     ] GC(14) Using 9 workers of 9 for evacuation
[2025-03-18T15:36:48.460+0100][18.124s][info][gc,phases   ] GC(14)   Pre Evacuate Collection Set: 0.1ms
[2025-03-18T15:36:48.460+0100][18.124s][info][gc,phases   ] GC(14)   Merge Heap Roots: 0.1ms
[2025-03-18T15:36:48.460+0100][18.124s][info][gc,phases   ] GC(14)   Evacuate Collection Set: 8.7ms
[2025-03-18T15:36:48.460+0100][18.124s][info][gc,phases   ] GC(14)   Post Evacuate Collection Set: 1.0ms
[2025-03-18T15:36:48.460+0100][18.124s][info][gc,phases   ] GC(14)   Other: 0.1ms
[2025-03-18T15:36:48.460+0100][18.124s][info][gc,heap     ] GC(14) Eden regions: 298->0(293)
[2025-03-18T15:36:48.460+0100][18.124s][info][gc,heap     ] GC(14) Survivor regions: 9->14(39)
[2025-03-18T15:36:48.460+0100][18.124s][info][gc,heap     ] GC(14) Old regions: 43->43
[2025-03-18T15:36:48.460+0100][18.124s][info][gc,heap     ] GC(14) Humongous regions: 1->1
[2025-03-18T15:36:48.460+0100][18.124s][info][gc,metaspace] GC(14) Metaspace: 26900K(27200K)->26900K(27200K) NonClass: 23324K(23488K)->23324K(23488K) Class: 3575K(3712K)->3575K(3712K)
[2025-03-18T15:36:48.460+0100][18.124s][info][gc          ] GC(14) Pause Young (Normal) (G1 Evacuation Pause) 1399M->230M(2048M) 9.997ms
[2025-03-18T15:36:48.460+0100][18.124s][info][gc,cpu      ] GC(14) User=0.07s Sys=0.01s Real=0.01s
[2025-03-18T15:36:49.608+0100][19.271s][info][gc,start    ] GC(15) Pause Young (Normal) (G1 Evacuation Pause)
[2025-03-18T15:36:49.608+0100][19.272s][info][gc,task     ] GC(15) Using 9 workers of 9 for evacuation
[2025-03-18T15:36:49.612+0100][19.276s][info][gc,phases   ] GC(15)   Pre Evacuate Collection Set: 0.1ms
[2025-03-18T15:36:49.612+0100][19.276s][info][gc,phases   ] GC(15)   Merge Heap Roots: 0.1ms
[2025-03-18T15:36:49.612+0100][19.276s][info][gc,phases   ] GC(15)   Evacuate Collection Set: 3.8ms
[2025-03-18T15:36:49.612+0100][19.276s][info][gc,phases   ] GC(15)   Post Evacuate Collection Set: 0.5ms
[2025-03-18T15:36:49.612+0100][19.276s][info][gc,phases   ] GC(15)   Other: 0.1ms
[2025-03-18T15:36:49.612+0100][19.276s][info][gc,heap     ] GC(15) Eden regions: 293->0(299)
[2025-03-18T15:36:49.612+0100][19.276s][info][gc,heap     ] GC(15) Survivor regions: 14->8(39)
[2025-03-18T15:36:49.612+0100][19.276s][info][gc,heap     ] GC(15) Old regions: 43->43
[2025-03-18T15:36:49.612+0100][19.276s][info][gc,heap     ] GC(15) Humongous regions: 1->1
[2025-03-18T15:36:49.612+0100][19.276s][info][gc,metaspace] GC(15) Metaspace: 26932K(27264K)->26932K(27264K) NonClass: 23357K(23552K)->23357K(23552K) Class: 3575K(3712K)->3575K(3712K)
[2025-03-18T15:36:49.612+0100][19.276s][info][gc          ] GC(15) Pause Young (Normal) (G1 Evacuation Pause) 1402M->204M(2048M) 4.870ms
[2025-03-18T15:36:49.612+0100][19.276s][info][gc,cpu      ] GC(15) User=0.04s Sys=0.00s Real=0.01s
[2025-03-18T15:36:50.744+0100][20.408s][info][gc,start    ] GC(16) Pause Young (Normal) (G1 Evacuation Pause)
[2025-03-18T15:36:50.744+0100][20.408s][info][gc,task     ] GC(16) Using 9 workers of 9 for evacuation
[2025-03-18T15:36:50.763+0100][20.426s][info][gc,phases   ] GC(16)   Pre Evacuate Collection Set: 0.1ms
[2025-03-18T15:36:50.763+0100][20.426s][info][gc,phases   ] GC(16)   Merge Heap Roots: 0.1ms
[2025-03-18T15:36:50.763+0100][20.426s][info][gc,phases   ] GC(16)   Evacuate Collection Set: 16.0ms
[2025-03-18T15:36:50.763+0100][20.426s][info][gc,phases   ] GC(16)   Post Evacuate Collection Set: 2.1ms
[2025-03-18T15:36:50.763+0100][20.426s][info][gc,phases   ] GC(16)   Other: 0.1ms
[2025-03-18T15:36:50.763+0100][20.426s][info][gc,heap     ] GC(16) Eden regions: 299->0(276)
[2025-03-18T15:36:50.763+0100][20.426s][info][gc,heap     ] GC(16) Survivor regions: 8->31(39)
[2025-03-18T15:36:50.763+0100][20.426s][info][gc,heap     ] GC(16) Old regions: 43->43
[2025-03-18T15:36:50.763+0100][20.426s][info][gc,heap     ] GC(16) Humongous regions: 1->1
[2025-03-18T15:36:50.763+0100][20.426s][info][gc,metaspace] GC(16) Metaspace: 26938K(27264K)->26938K(27264K) NonClass: 23363K(23552K)->23363K(23552K) Class: 3575K(3712K)->3575K(3712K)
[2025-03-18T15:36:50.763+0100][20.426s][info][gc          ] GC(16) Pause Young (Normal) (G1 Evacuation Pause) 1400M->296M(2048M) 18.566ms
[2025-03-18T15:36:50.763+0100][20.426s][info][gc,cpu      ] GC(16) User=0.14s Sys=0.01s Real=0.02s
[2025-03-18T15:36:51.806+0100][21.469s][info][gc,start    ] GC(17) Pause Young (Normal) (G1 Evacuation Pause)
[2025-03-18T15:36:51.806+0100][21.470s][info][gc,task     ] GC(17) Using 9 workers of 9 for evacuation
[2025-03-18T15:36:51.819+0100][21.483s][info][gc,phases   ] GC(17)   Pre Evacuate Collection Set: 0.1ms
[2025-03-18T15:36:51.819+0100][21.483s][info][gc,phases   ] GC(17)   Merge Heap Roots: 0.1ms
[2025-03-18T15:36:51.819+0100][21.483s][info][gc,phases   ] GC(17)   Evacuate Collection Set: 11.5ms
[2025-03-18T15:36:51.819+0100][21.483s][info][gc,phases   ] GC(17)   Post Evacuate Collection Set: 1.3ms
[2025-03-18T15:36:51.819+0100][21.483s][info][gc,phases   ] GC(17)   Other: 0.1ms
[2025-03-18T15:36:51.819+0100][21.483s][info][gc,heap     ] GC(17) Eden regions: 276->0(282)
[2025-03-18T15:36:51.819+0100][21.483s][info][gc,heap     ] GC(17) Survivor regions: 31->25(39)
[2025-03-18T15:36:51.819+0100][21.483s][info][gc,heap     ] GC(17) Old regions: 43->43
[2025-03-18T15:36:51.819+0100][21.483s][info][gc,heap     ] GC(17) Humongous regions: 1->1
[2025-03-18T15:36:51.819+0100][21.483s][info][gc,metaspace] GC(17) Metaspace: 26942K(27264K)->26942K(27264K) NonClass: 23367K(23552K)->23367K(23552K) Class: 3575K(3712K)->3575K(3712K)
[2025-03-18T15:36:51.819+0100][21.483s][info][gc          ] GC(17) Pause Young (Normal) (G1 Evacuation Pause) 1400M->273M(2048M) 13.231ms
[2025-03-18T15:36:51.819+0100][21.483s][info][gc,cpu      ] GC(17) User=0.11s Sys=0.00s Real=0.01s
[2025-03-18T15:36:52.886+0100][22.549s][info][gc,start    ] GC(18) Pause Young (Normal) (G1 Evacuation Pause)
[2025-03-18T15:36:52.886+0100][22.549s][info][gc,task     ] GC(18) Using 9 workers of 9 for evacuation
[2025-03-18T15:36:52.904+0100][22.568s][info][gc,phases   ] GC(18)   Pre Evacuate Collection Set: 0.1ms
[2025-03-18T15:36:52.904+0100][22.568s][info][gc,phases   ] GC(18)   Merge Heap Roots: 0.1ms
[2025-03-18T15:36:52.904+0100][22.568s][info][gc,phases   ] GC(18)   Evacuate Collection Set: 16.5ms
[2025-03-18T15:36:52.904+0100][22.568s][info][gc,phases   ] GC(18)   Post Evacuate Collection Set: 1.9ms
[2025-03-18T15:36:52.904+0100][22.568s][info][gc,phases   ] GC(18)   Other: 0.1ms
[2025-03-18T15:36:52.904+0100][22.568s][info][gc,heap     ] GC(18) Eden regions: 282->0(274)
[2025-03-18T15:36:52.904+0100][22.568s][info][gc,heap     ] GC(18) Survivor regions: 25->33(39)
[2025-03-18T15:36:52.904+0100][22.568s][info][gc,heap     ] GC(18) Old regions: 43->43
[2025-03-18T15:36:52.904+0100][22.568s][info][gc,heap     ] GC(18) Humongous regions: 1->1
[2025-03-18T15:36:52.904+0100][22.568s][info][gc,metaspace] GC(18) Metaspace: 26945K(27264K)->26945K(27264K) NonClass: 23370K(23552K)->23370K(23552K) Class: 3575K(3712K)->3575K(3712K)
[2025-03-18T15:36:52.904+0100][22.568s][info][gc          ] GC(18) Pause Young (Normal) (G1 Evacuation Pause) 1401M->307M(2048M) 18.797ms
[2025-03-18T15:36:52.904+0100][22.568s][info][gc,cpu      ] GC(18) User=0.15s Sys=0.01s Real=0.02s
[2025-03-18T15:36:53.931+0100][23.594s][info][gc,start    ] GC(19) Pause Young (Normal) (G1 Evacuation Pause)
[2025-03-18T15:36:53.931+0100][23.594s][info][gc,task     ] GC(19) Using 9 workers of 9 for evacuation
[2025-03-18T15:36:53.940+0100][23.604s][info][gc,phases   ] GC(19)   Pre Evacuate Collection Set: 0.1ms
[2025-03-18T15:36:53.940+0100][23.604s][info][gc,phases   ] GC(19)   Merge Heap Roots: 0.1ms
[2025-03-18T15:36:53.940+0100][23.604s][info][gc,phases   ] GC(19)   Evacuate Collection Set: 7.9ms
[2025-03-18T15:36:53.940+0100][23.604s][info][gc,phases   ] GC(19)   Post Evacuate Collection Set: 1.1ms
[2025-03-18T15:36:53.940+0100][23.604s][info][gc,phases   ] GC(19)   Other: 0.1ms
[2025-03-18T15:36:53.940+0100][23.604s][info][gc,heap     ] GC(19) Eden regions: 274->0(290)
[2025-03-18T15:36:53.940+0100][23.604s][info][gc,heap     ] GC(19) Survivor regions: 33->17(39)
[2025-03-18T15:36:53.940+0100][23.604s][info][gc,heap     ] GC(19) Old regions: 43->43
[2025-03-18T15:36:53.940+0100][23.604s][info][gc,heap     ] GC(19) Humongous regions: 1->1
[2025-03-18T15:36:53.940+0100][23.604s][info][gc,metaspace] GC(19) Metaspace: 26946K(27264K)->26946K(27264K) NonClass: 23371K(23552K)->23371K(23552K) Class: 3575K(3712K)->3575K(3712K)
[2025-03-18T15:36:53.940+0100][23.604s][info][gc          ] GC(19) Pause Young (Normal) (G1 Evacuation Pause) 1403M->241M(2048M) 9.342ms
[2025-03-18T15:36:53.940+0100][23.604s][info][gc,cpu      ] GC(19) User=0.07s Sys=0.01s Real=0.01s
[2025-03-18T15:36:55.025+0100][24.689s][info][gc,start    ] GC(20) Pause Young (Normal) (G1 Evacuation Pause)
[2025-03-18T15:36:55.026+0100][24.689s][info][gc,task     ] GC(20) Using 9 workers of 9 for evacuation
[2025-03-18T15:36:55.041+0100][24.705s][info][gc,phases   ] GC(20)   Pre Evacuate Collection Set: 0.1ms
[2025-03-18T15:36:55.041+0100][24.705s][info][gc,phases   ] GC(20)   Merge Heap Roots: 0.1ms
[2025-03-18T15:36:55.041+0100][24.705s][info][gc,phases   ] GC(20)   Evacuate Collection Set: 13.6ms
[2025-03-18T15:36:55.041+0100][24.705s][info][gc,phases   ] GC(20)   Post Evacuate Collection Set: 2.0ms
[2025-03-18T15:36:55.041+0100][24.705s][info][gc,phases   ] GC(20)   Other: 0.1ms
[2025-03-18T15:36:55.041+0100][24.705s][info][gc,heap     ] GC(20) Eden regions: 290->0(279)
[2025-03-18T15:36:55.041+0100][24.705s][info][gc,heap     ] GC(20) Survivor regions: 17->28(39)
[2025-03-18T15:36:55.041+0100][24.705s][info][gc,heap     ] GC(20) Old regions: 43->43
[2025-03-18T15:36:55.041+0100][24.705s][info][gc,heap     ] GC(20) Humongous regions: 1->1
[2025-03-18T15:36:55.041+0100][24.705s][info][gc,metaspace] GC(20) Metaspace: 26953K(27264K)->26953K(27264K) NonClass: 23378K(23552K)->23378K(23552K) Class: 3575K(3712K)->3575K(3712K)
[2025-03-18T15:36:55.042+0100][24.705s][info][gc          ] GC(20) Pause Young (Normal) (G1 Evacuation Pause) 1401M->287M(2048M) 16.026ms
[2025-03-18T15:36:55.042+0100][24.705s][info][gc,cpu      ] GC(20) User=0.12s Sys=0.00s Real=0.02s
[2025-03-18T15:36:56.071+0100][25.735s][info][gc,start    ] GC(21) Pause Young (Normal) (G1 Evacuation Pause)
[2025-03-18T15:36:56.071+0100][25.735s][info][gc,task     ] GC(21) Using 9 workers of 9 for evacuation
[2025-03-18T15:36:56.138+0100][25.802s][info][gc,phases   ] GC(21)   Pre Evacuate Collection Set: 0.1ms
[2025-03-18T15:36:56.139+0100][25.802s][info][gc,phases   ] GC(21)   Merge Heap Roots: 0.1ms
[2025-03-18T15:36:56.139+0100][25.802s][info][gc,phases   ] GC(21)   Evacuate Collection Set: 63.8ms
[2025-03-18T15:36:56.139+0100][25.802s][info][gc,phases   ] GC(21)   Post Evacuate Collection Set: 3.5ms
[2025-03-18T15:36:56.139+0100][25.802s][info][gc,phases   ] GC(21)   Other: 0.1ms
[2025-03-18T15:36:56.139+0100][25.802s][info][gc,heap     ] GC(21) Eden regions: 279->0(256)
[2025-03-18T15:36:56.139+0100][25.802s][info][gc,heap     ] GC(21) Survivor regions: 28->39(39)
[2025-03-18T15:36:56.139+0100][25.802s][info][gc,heap     ] GC(21) Old regions: 43->107
[2025-03-18T15:36:56.139+0100][25.802s][info][gc,heap     ] GC(21) Humongous regions: 1->1
[2025-03-18T15:36:56.139+0100][25.802s][info][gc,metaspace] GC(21) Metaspace: 26960K(27264K)->26960K(27264K) NonClass: 23385K(23552K)->23385K(23552K) Class: 3575K(3712K)->3575K(3712K)
[2025-03-18T15:36:56.139+0100][25.802s][info][gc          ] GC(21) Pause Young (Normal) (G1 Evacuation Pause) 1403M->588M(2048M) 67.828ms
[2025-03-18T15:36:56.139+0100][25.802s][info][gc,cpu      ] GC(21) User=0.46s Sys=0.06s Real=0.06s
[2025-03-18T15:36:56.416+0100][26.080s][info][gc,start    ] GC(22) Pause Young (Normal) (G1 Evacuation Pause)
[2025-03-18T15:36:56.416+0100][26.080s][info][gc,task     ] GC(22) Using 9 workers of 9 for evacuation
[2025-03-18T15:36:56.434+0100][26.098s][info][gc,phases   ] GC(22)   Pre Evacuate Collection Set: 0.1ms
[2025-03-18T15:36:56.434+0100][26.098s][info][gc,phases   ] GC(22)   Merge Heap Roots: 0.2ms
[2025-03-18T15:36:56.434+0100][26.098s][info][gc,phases   ] GC(22)   Evacuate Collection Set: 14.9ms
[2025-03-18T15:36:56.434+0100][26.098s][info][gc,phases   ] GC(22)   Post Evacuate Collection Set: 3.0ms
[2025-03-18T15:36:56.434+0100][26.098s][info][gc,phases   ] GC(22)   Other: 0.1ms
[2025-03-18T15:36:56.434+0100][26.098s][info][gc,heap     ] GC(22) Eden regions: 69->0(283)
[2025-03-18T15:36:56.434+0100][26.098s][info][gc,heap     ] GC(22) Survivor regions: 39->14(14)
[2025-03-18T15:36:56.434+0100][26.098s][info][gc,heap     ] GC(22) Old regions: 107->113
[2025-03-18T15:36:56.434+0100][26.098s][info][gc,heap     ] GC(22) Humongous regions: 1->1
[2025-03-18T15:36:56.434+0100][26.098s][info][gc,metaspace] GC(22) Metaspace: 26965K(27264K)->26965K(27264K) NonClass: 23390K(23552K)->23390K(23552K) Class: 3575K(3712K)->3575K(3712K)
[2025-03-18T15:36:56.434+0100][26.098s][info][gc          ] GC(22) Pause Young (Normal) (G1 Evacuation Pause) 864M->510M(2048M) 18.378ms
[2025-03-18T15:36:56.434+0100][26.098s][info][gc,cpu      ] GC(22) User=0.13s Sys=0.01s Real=0.02s
[2025-03-18T15:36:57.498+0100][27.162s][info][gc,start    ] GC(23) Pause Young (Normal) (G1 Evacuation Pause)
[2025-03-18T15:36:57.499+0100][27.162s][info][gc,task     ] GC(23) Using 9 workers of 9 for evacuation
[2025-03-18T15:36:57.566+0100][27.229s][info][gc,phases   ] GC(23)   Pre Evacuate Collection Set: 0.1ms
[2025-03-18T15:36:57.566+0100][27.229s][info][gc,phases   ] GC(23)   Merge Heap Roots: 0.1ms
[2025-03-18T15:36:57.566+0100][27.229s][info][gc,phases   ] GC(23)   Evacuate Collection Set: 63.3ms
[2025-03-18T15:36:57.566+0100][27.229s][info][gc,phases   ] GC(23)   Post Evacuate Collection Set: 3.6ms
[2025-03-18T15:36:57.566+0100][27.229s][info][gc,phases   ] GC(23)   Other: 0.1ms
[2025-03-18T15:36:57.566+0100][27.229s][info][gc,heap     ] GC(23) Eden regions: 283->0(204)
[2025-03-18T15:36:57.566+0100][27.229s][info][gc,heap     ] GC(23) Survivor regions: 14->38(38)
[2025-03-18T15:36:57.566+0100][27.229s][info][gc,heap     ] GC(23) Old regions: 113->167
[2025-03-18T15:36:57.566+0100][27.229s][info][gc,heap     ] GC(23) Humongous regions: 1->1
[2025-03-18T15:36:57.566+0100][27.229s][info][gc,metaspace] GC(23) Metaspace: 26966K(27264K)->26966K(27264K) NonClass: 23390K(23552K)->23390K(23552K) Class: 3575K(3712K)->3575K(3712K)
[2025-03-18T15:36:57.566+0100][27.230s][info][gc          ] GC(23) Pause Young (Normal) (G1 Evacuation Pause) 1642M->822M(2048M) 67.350ms
[2025-03-18T15:36:57.566+0100][27.230s][info][gc,cpu      ] GC(23) User=0.44s Sys=0.05s Real=0.07s
[2025-03-18T15:36:58.103+0100][27.767s][info][gc,start    ] GC(24) Pause Young (Normal) (G1 Evacuation Pause)
[2025-03-18T15:36:58.104+0100][27.767s][info][gc,task     ] GC(24) Using 9 workers of 9 for evacuation
[2025-03-18T15:36:58.144+0100][27.807s][info][gc,phases   ] GC(24)   Pre Evacuate Collection Set: 0.1ms
[2025-03-18T15:36:58.144+0100][27.807s][info][gc,phases   ] GC(24)   Merge Heap Roots: 0.1ms
[2025-03-18T15:36:58.144+0100][27.807s][info][gc,phases   ] GC(24)   Evacuate Collection Set: 37.5ms
[2025-03-18T15:36:58.144+0100][27.807s][info][gc,phases   ] GC(24)   Post Evacuate Collection Set: 2.4ms
[2025-03-18T15:36:58.144+0100][27.807s][info][gc,phases   ] GC(24)   Other: 0.0ms
[2025-03-18T15:36:58.144+0100][27.807s][info][gc,heap     ] GC(24) Eden regions: 139->0(174)
[2025-03-18T15:36:58.144+0100][27.807s][info][gc,heap     ] GC(24) Survivor regions: 38->23(23)
[2025-03-18T15:36:58.144+0100][27.807s][info][gc,heap     ] GC(24) Old regions: 167->217
[2025-03-18T15:36:58.144+0100][27.807s][info][gc,heap     ] GC(24) Humongous regions: 1->1
[2025-03-18T15:36:58.144+0100][27.807s][info][gc,metaspace] GC(24) Metaspace: 26967K(27264K)->26967K(27264K) NonClass: 23392K(23552K)->23392K(23552K) Class: 3575K(3712K)->3575K(3712K)
[2025-03-18T15:36:58.144+0100][27.808s][info][gc          ] GC(24) Pause Young (Normal) (G1 Evacuation Pause) 1378M->964M(2048M) 40.354ms
[2025-03-18T15:36:58.144+0100][27.808s][info][gc,cpu      ] GC(24) User=0.34s Sys=0.00s Real=0.04s
[2025-03-18T15:36:58.784+0100][28.448s][info][gc,start    ] GC(25) Pause Young (Concurrent Start) (G1 Evacuation Pause)
[2025-03-18T15:36:58.784+0100][28.448s][info][gc,task     ] GC(25) Using 9 workers of 9 for evacuation
[2025-03-18T15:36:58.824+0100][28.488s][info][gc,phases   ] GC(25)   Pre Evacuate Collection Set: 0.1ms
[2025-03-18T15:36:58.824+0100][28.488s][info][gc,phases   ] GC(25)   Merge Heap Roots: 0.1ms
[2025-03-18T15:36:58.824+0100][28.488s][info][gc,phases   ] GC(25)   Evacuate Collection Set: 37.1ms
[2025-03-18T15:36:58.824+0100][28.488s][info][gc,phases   ] GC(25)   Post Evacuate Collection Set: 2.2ms
[2025-03-18T15:36:58.824+0100][28.488s][info][gc,phases   ] GC(25)   Other: 0.1ms
[2025-03-18T15:36:58.824+0100][28.488s][info][gc,heap     ] GC(25) Eden regions: 174->0(139)
[2025-03-18T15:36:58.824+0100][28.488s][info][gc,heap     ] GC(25) Survivor regions: 23->25(25)
[2025-03-18T15:36:58.824+0100][28.488s][info][gc,heap     ] GC(25) Old regions: 217->263
[2025-03-18T15:36:58.824+0100][28.488s][info][gc,heap     ] GC(25) Humongous regions: 1->1
[2025-03-18T15:36:58.824+0100][28.488s][info][gc,metaspace] GC(25) Metaspace: 26967K(27264K)->26967K(27264K) NonClass: 23392K(23552K)->23392K(23552K) Class: 3575K(3712K)->3575K(3712K)
[2025-03-18T15:36:58.824+0100][28.488s][info][gc          ] GC(25) Pause Young (Concurrent Start) (G1 Evacuation Pause) 1660M->1156M(2048M) 39.839ms
[2025-03-18T15:36:58.824+0100][28.488s][info][gc,cpu      ] GC(25) User=0.33s Sys=0.00s Real=0.04s
[2025-03-18T15:36:58.824+0100][28.488s][info][gc          ] GC(26) Concurrent Mark Cycle
[2025-03-18T15:36:58.824+0100][28.488s][info][gc,marking  ] GC(26) Concurrent Scan Root Regions
[2025-03-18T15:36:58.872+0100][28.536s][info][gc,marking  ] GC(26) Concurrent Scan Root Regions 47.801ms
[2025-03-18T15:36:58.872+0100][28.536s][info][gc,marking  ] GC(26) Concurrent Mark
[2025-03-18T15:36:58.872+0100][28.536s][info][gc,marking  ] GC(26) Concurrent Mark From Roots
[2025-03-18T15:36:58.872+0100][28.536s][info][gc,task     ] GC(26) Using 2 workers of 2 for marking
[2025-03-18T15:36:58.885+0100][28.548s][info][gc,marking  ] GC(26) Concurrent Mark From Roots 12.659ms
[2025-03-18T15:36:58.885+0100][28.548s][info][gc,marking  ] GC(26) Concurrent Preclean
[2025-03-18T15:36:58.885+0100][28.548s][info][gc,marking  ] GC(26) Concurrent Preclean 0.064ms
[2025-03-18T15:36:58.885+0100][28.548s][info][gc,start    ] GC(26) Pause Remark
[2025-03-18T15:36:58.888+0100][28.551s][info][gc          ] GC(26) Pause Remark 1208M->1168M(2048M) 2.944ms
[2025-03-18T15:36:58.888+0100][28.551s][info][gc,cpu      ] GC(26) User=0.01s Sys=0.01s Real=0.00s
[2025-03-18T15:36:58.888+0100][28.552s][info][gc,marking  ] GC(26) Concurrent Mark 15.858ms
[2025-03-18T15:36:58.888+0100][28.552s][info][gc,marking  ] GC(26) Concurrent Rebuild Remembered Sets and Scrub Regions
[2025-03-18T15:36:58.919+0100][28.582s][info][gc,marking  ] GC(26) Concurrent Rebuild Remembered Sets and Scrub Regions 30.968ms
[2025-03-18T15:36:58.919+0100][28.583s][info][gc,start    ] GC(26) Pause Cleanup
[2025-03-18T15:36:58.919+0100][28.583s][info][gc          ] GC(26) Pause Cleanup 1202M->1202M(2048M) 0.117ms
[2025-03-18T15:36:58.919+0100][28.583s][info][gc,cpu      ] GC(26) User=0.00s Sys=0.00s Real=0.00s
[2025-03-18T15:36:58.919+0100][28.583s][info][gc,marking  ] GC(26) Concurrent Clear Claimed Marks
[2025-03-18T15:36:58.919+0100][28.583s][info][gc,marking  ] GC(26) Concurrent Clear Claimed Marks 0.021ms
[2025-03-18T15:36:58.919+0100][28.583s][info][gc,marking  ] GC(26) Concurrent Cleanup for Next Mark
[2025-03-18T15:36:58.926+0100][28.590s][info][gc,marking  ] GC(26) Concurrent Cleanup for Next Mark 6.927ms
[2025-03-18T15:36:58.926+0100][28.590s][info][gc          ] GC(26) Concurrent Mark Cycle 101.998ms
[2025-03-18T15:36:59.351+0100][29.015s][info][gc,start    ] GC(27) Pause Young (Prepare Mixed) (G1 Evacuation Pause)
[2025-03-18T15:36:59.351+0100][29.015s][info][gc,task     ] GC(27) Using 9 workers of 9 for evacuation
[2025-03-18T15:36:59.387+0100][29.051s][info][gc,phases   ] GC(27)   Pre Evacuate Collection Set: 0.1ms
[2025-03-18T15:36:59.387+0100][29.051s][info][gc,phases   ] GC(27)   Merge Heap Roots: 0.2ms
[2025-03-18T15:36:59.387+0100][29.051s][info][gc,phases   ] GC(27)   Evacuate Collection Set: 32.9ms
[2025-03-18T15:36:59.387+0100][29.051s][info][gc,phases   ] GC(27)   Post Evacuate Collection Set: 2.5ms
[2025-03-18T15:36:59.387+0100][29.051s][info][gc,phases   ] GC(27)   Other: 0.0ms
[2025-03-18T15:36:59.387+0100][29.051s][info][gc,heap     ] GC(27) Eden regions: 139->0(120)
[2025-03-18T15:36:59.387+0100][29.051s][info][gc,heap     ] GC(27) Survivor regions: 25->21(21)
[2025-03-18T15:36:59.387+0100][29.051s][info][gc,heap     ] GC(27) Old regions: 253->296
[2025-03-18T15:36:59.387+0100][29.051s][info][gc,heap     ] GC(27) Humongous regions: 1->1
[2025-03-18T15:36:59.387+0100][29.051s][info][gc,metaspace] GC(27) Metaspace: 26967K(27264K)->26967K(27264K) NonClass: 23392K(23552K)->23392K(23552K) Class: 3575K(3712K)->3575K(3712K)
[2025-03-18T15:36:59.387+0100][29.051s][info][gc          ] GC(27) Pause Young (Prepare Mixed) (G1 Evacuation Pause) 1672M->1272M(2048M) 35.843ms
[2025-03-18T15:36:59.387+0100][29.051s][info][gc,cpu      ] GC(27) User=0.29s Sys=0.00s Real=0.03s
[2025-03-18T15:36:59.849+0100][29.513s][info][gc,start    ] GC(28) Pause Young (Mixed) (G1 Evacuation Pause)
[2025-03-18T15:36:59.849+0100][29.513s][info][gc,task     ] GC(28) Using 9 workers of 9 for evacuation
[2025-03-18T15:36:59.881+0100][29.545s][info][gc,phases   ] GC(28)   Pre Evacuate Collection Set: 0.1ms
[2025-03-18T15:36:59.881+0100][29.545s][info][gc,phases   ] GC(28)   Merge Heap Roots: 0.2ms
[2025-03-18T15:36:59.881+0100][29.545s][info][gc,phases   ] GC(28)   Evacuate Collection Set: 29.3ms
[2025-03-18T15:36:59.881+0100][29.545s][info][gc,phases   ] GC(28)   Post Evacuate Collection Set: 2.0ms
[2025-03-18T15:36:59.881+0100][29.545s][info][gc,phases   ] GC(28)   Other: 0.1ms
[2025-03-18T15:36:59.881+0100][29.545s][info][gc,heap     ] GC(28) Eden regions: 120->0(131)
[2025-03-18T15:36:59.881+0100][29.545s][info][gc,heap     ] GC(28) Survivor regions: 21->18(18)
[2025-03-18T15:36:59.881+0100][29.545s][info][gc,heap     ] GC(28) Old regions: 296->281
[2025-03-18T15:36:59.881+0100][29.545s][info][gc,heap     ] GC(28) Humongous regions: 1->1
[2025-03-18T15:36:59.881+0100][29.545s][info][gc,metaspace] GC(28) Metaspace: 26967K(27264K)->26967K(27264K) NonClass: 23392K(23552K)->23392K(23552K) Class: 3575K(3712K)->3575K(3712K)
[2025-03-18T15:36:59.881+0100][29.545s][info][gc          ] GC(28) Pause Young (Mixed) (G1 Evacuation Pause) 1752M->1200M(2048M) 31.844ms
[2025-03-18T15:36:59.881+0100][29.545s][info][gc,cpu      ] GC(28) User=0.26s Sys=0.01s Real=0.04s
[2025-03-18T15:37:00.371+0100][30.035s][info][gc,start    ] GC(29) Pause Young (Mixed) (G1 Evacuation Pause)
[2025-03-18T15:37:00.371+0100][30.035s][info][gc,task     ] GC(29) Using 9 workers of 9 for evacuation
[2025-03-18T15:37:00.404+0100][30.068s][info][gc,phases   ] GC(29)   Pre Evacuate Collection Set: 0.2ms
[2025-03-18T15:37:00.404+0100][30.068s][info][gc,phases   ] GC(29)   Merge Heap Roots: 0.1ms
[2025-03-18T15:37:00.404+0100][30.068s][info][gc,phases   ] GC(29)   Evacuate Collection Set: 30.2ms
[2025-03-18T15:37:00.404+0100][30.068s][info][gc,phases   ] GC(29)   Post Evacuate Collection Set: 2.1ms
[2025-03-18T15:37:00.404+0100][30.068s][info][gc,phases   ] GC(29)   Other: 0.0ms
[2025-03-18T15:37:00.404+0100][30.068s][info][gc,heap     ] GC(29) Eden regions: 131->0(140)
[2025-03-18T15:37:00.404+0100][30.068s][info][gc,heap     ] GC(29) Survivor regions: 18->19(19)
[2025-03-18T15:37:00.404+0100][30.068s][info][gc,heap     ] GC(29) Old regions: 281->265
[2025-03-18T15:37:00.404+0100][30.068s][info][gc,heap     ] GC(29) Humongous regions: 1->1
[2025-03-18T15:37:00.404+0100][30.068s][info][gc,metaspace] GC(29) Metaspace: 26967K(27264K)->26967K(27264K) NonClass: 23392K(23552K)->23392K(23552K) Class: 3575K(3712K)->3575K(3712K)
[2025-03-18T15:37:00.404+0100][30.068s][info][gc          ] GC(29) Pause Young (Mixed) (G1 Evacuation Pause) 1724M->1140M(2048M) 32.798ms
[2025-03-18T15:37:00.404+0100][30.068s][info][gc,cpu      ] GC(29) User=0.27s Sys=0.00s Real=0.03s
[2025-03-18T15:37:00.964+0100][30.628s][info][gc,start    ] GC(30) Pause Young (Mixed) (G1 Evacuation Pause)
[2025-03-18T15:37:00.964+0100][30.628s][info][gc,task     ] GC(30) Using 9 workers of 9 for evacuation
[2025-03-18T15:37:00.982+0100][30.645s][info][gc,phases   ] GC(30)   Pre Evacuate Collection Set: 0.2ms
[2025-03-18T15:37:00.982+0100][30.645s][info][gc,phases   ] GC(30)   Merge Heap Roots: 0.2ms
[2025-03-18T15:37:00.982+0100][30.645s][info][gc,phases   ] GC(30)   Evacuate Collection Set: 15.2ms
[2025-03-18T15:37:00.982+0100][30.645s][info][gc,phases   ] GC(30)   Post Evacuate Collection Set: 1.5ms
[2025-03-18T15:37:00.982+0100][30.645s][info][gc,phases   ] GC(30)   Other: 0.1ms
[2025-03-18T15:37:00.982+0100][30.645s][info][gc,heap     ] GC(30) Eden regions: 140->0(173)
[2025-03-18T15:37:00.982+0100][30.645s][info][gc,heap     ] GC(30) Survivor regions: 19->20(20)
[2025-03-18T15:37:00.982+0100][30.645s][info][gc,heap     ] GC(30) Old regions: 265->218
[2025-03-18T15:37:00.982+0100][30.645s][info][gc,heap     ] GC(30) Humongous regions: 1->1
[2025-03-18T15:37:00.982+0100][30.645s][info][gc,metaspace] GC(30) Metaspace: 26974K(27328K)->26974K(27328K) NonClass: 23399K(23616K)->23399K(23616K) Class: 3575K(3712K)->3575K(3712K)
[2025-03-18T15:37:00.982+0100][30.645s][info][gc          ] GC(30) Pause Young (Mixed) (G1 Evacuation Pause) 1700M->954M(2048M) 17.302ms
[2025-03-18T15:37:00.982+0100][30.645s][info][gc,cpu      ] GC(30) User=0.14s Sys=0.00s Real=0.02s
[2025-03-18T15:37:01.636+0100][31.300s][info][gc,start    ] GC(31) Pause Young (Mixed) (G1 Evacuation Pause)
[2025-03-18T15:37:01.636+0100][31.300s][info][gc,task     ] GC(31) Using 9 workers of 9 for evacuation
[2025-03-18T15:37:01.675+0100][31.339s][info][gc,phases   ] GC(31)   Pre Evacuate Collection Set: 0.1ms
[2025-03-18T15:37:01.676+0100][31.339s][info][gc,phases   ] GC(31)   Merge Heap Roots: 0.1ms
[2025-03-18T15:37:01.676+0100][31.339s][info][gc,phases   ] GC(31)   Evacuate Collection Set: 35.2ms
[2025-03-18T15:37:01.676+0100][31.339s][info][gc,phases   ] GC(31)   Post Evacuate Collection Set: 3.4ms
[2025-03-18T15:37:01.676+0100][31.339s][info][gc,phases   ] GC(31)   Other: 0.0ms
[2025-03-18T15:37:01.676+0100][31.339s][info][gc,heap     ] GC(31) Eden regions: 173->0(152)
[2025-03-18T15:37:01.676+0100][31.339s][info][gc,heap     ] GC(31) Survivor regions: 20->25(25)
[2025-03-18T15:37:01.676+0100][31.339s][info][gc,heap     ] GC(31) Old regions: 218->242
[2025-03-18T15:37:01.676+0100][31.339s][info][gc,heap     ] GC(31) Humongous regions: 1->1
[2025-03-18T15:37:01.676+0100][31.339s][info][gc,metaspace] GC(31) Metaspace: 26974K(27328K)->26974K(27328K) NonClass: 23399K(23616K)->23399K(23616K) Class: 3575K(3712K)->3575K(3712K)
[2025-03-18T15:37:01.676+0100][31.339s][info][gc          ] GC(31) Pause Young (Mixed) (G1 Evacuation Pause) 1646M->1072M(2048M) 39.238ms
[2025-03-18T15:37:01.676+0100][31.339s][info][gc,cpu      ] GC(31) User=0.31s Sys=0.01s Real=0.04s
[2025-03-18T15:37:02.251+0100][31.914s][info][gc,start    ] GC(32) Pause Young (Concurrent Start) (G1 Evacuation Pause)
[2025-03-18T15:37:02.251+0100][31.914s][info][gc,task     ] GC(32) Using 9 workers of 9 for evacuation
[2025-03-18T15:37:02.293+0100][31.957s][info][gc,phases   ] GC(32)   Pre Evacuate Collection Set: 0.1ms
[2025-03-18T15:37:02.293+0100][31.957s][info][gc,phases   ] GC(32)   Merge Heap Roots: 0.1ms
[2025-03-18T15:37:02.293+0100][31.957s][info][gc,phases   ] GC(32)   Evacuate Collection Set: 39.7ms
[2025-03-18T15:37:02.293+0100][31.957s][info][gc,phases   ] GC(32)   Post Evacuate Collection Set: 2.1ms
[2025-03-18T15:37:02.293+0100][31.957s][info][gc,phases   ] GC(32)   Other: 0.1ms
[2025-03-18T15:37:02.293+0100][31.957s][info][gc,heap     ] GC(32) Eden regions: 152->0(124)
[2025-03-18T15:37:02.293+0100][31.957s][info][gc,heap     ] GC(32) Survivor regions: 25->23(23)
[2025-03-18T15:37:02.293+0100][31.957s][info][gc,heap     ] GC(32) Old regions: 242->287
[2025-03-18T15:37:02.293+0100][31.957s][info][gc,heap     ] GC(32) Humongous regions: 1->1
[2025-03-18T15:37:02.293+0100][31.957s][info][gc,metaspace] GC(32) Metaspace: 26974K(27328K)->26974K(27328K) NonClass: 23399K(23616K)->23399K(23616K) Class: 3575K(3712K)->3575K(3712K)
[2025-03-18T15:37:02.293+0100][31.957s][info][gc          ] GC(32) Pause Young (Concurrent Start) (G1 Evacuation Pause) 1680M->1244M(2048M) 42.238ms
[2025-03-18T15:37:02.293+0100][31.957s][info][gc          ] GC(33) Concurrent Mark Cycle
[2025-03-18T15:37:02.293+0100][31.957s][info][gc,cpu      ] GC(32) User=0.32s Sys=0.00s Real=0.04s
[2025-03-18T15:37:02.293+0100][31.957s][info][gc,marking  ] GC(33) Concurrent Scan Root Regions
[2025-03-18T15:37:02.340+0100][32.004s][info][gc,marking  ] GC(33) Concurrent Scan Root Regions 46.994ms
[2025-03-18T15:37:02.340+0100][32.004s][info][gc,marking  ] GC(33) Concurrent Mark
[2025-03-18T15:37:02.340+0100][32.004s][info][gc,marking  ] GC(33) Concurrent Mark From Roots
[2025-03-18T15:37:02.340+0100][32.004s][info][gc,task     ] GC(33) Using 2 workers of 2 for marking
[2025-03-18T15:37:02.412+0100][32.076s][info][gc,marking  ] GC(33) Concurrent Mark From Roots 71.780ms
[2025-03-18T15:37:02.412+0100][32.076s][info][gc,marking  ] GC(33) Concurrent Preclean
[2025-03-18T15:37:02.412+0100][32.076s][info][gc,marking  ] GC(33) Concurrent Preclean 0.578ms
[2025-03-18T15:37:02.413+0100][32.076s][info][gc,start    ] GC(33) Pause Remark
[2025-03-18T15:37:02.420+0100][32.083s][info][gc          ] GC(33) Pause Remark 1354M->1334M(2228M) 6.992ms
[2025-03-18T15:37:02.420+0100][32.083s][info][gc,cpu      ] GC(33) User=0.02s Sys=0.01s Real=0.01s
[2025-03-18T15:37:02.420+0100][32.083s][info][gc,marking  ] GC(33) Concurrent Mark 79.587ms
[2025-03-18T15:37:02.420+0100][32.083s][info][gc,marking  ] GC(33) Concurrent Rebuild Remembered Sets and Scrub Regions
[2025-03-18T15:37:02.476+0100][32.139s][info][gc,marking  ] GC(33) Concurrent Rebuild Remembered Sets and Scrub Regions 56.138ms
[2025-03-18T15:37:02.476+0100][32.140s][info][gc,start    ] GC(33) Pause Cleanup
[2025-03-18T15:37:02.476+0100][32.140s][info][gc          ] GC(33) Pause Cleanup 1390M->1390M(2228M) 0.135ms
[2025-03-18T15:37:02.476+0100][32.140s][info][gc,cpu      ] GC(33) User=0.00s Sys=0.00s Real=0.00s
[2025-03-18T15:37:02.476+0100][32.140s][info][gc,marking  ] GC(33) Concurrent Clear Claimed Marks
[2025-03-18T15:37:02.476+0100][32.140s][info][gc,marking  ] GC(33) Concurrent Clear Claimed Marks 0.021ms
[2025-03-18T15:37:02.476+0100][32.140s][info][gc,marking  ] GC(33) Concurrent Cleanup for Next Mark
[2025-03-18T15:37:02.477+0100][32.141s][info][gc,marking  ] GC(33) Concurrent Cleanup for Next Mark 0.820ms
[2025-03-18T15:37:02.477+0100][32.141s][info][gc          ] GC(33) Concurrent Mark Cycle 184.000ms
[2025-03-18T15:37:02.797+0100][32.460s][info][gc,start    ] GC(34) Pause Young (Prepare Mixed) (G1 Evacuation Pause)
[2025-03-18T15:37:02.797+0100][32.461s][info][gc,task     ] GC(34) Using 9 workers of 9 for evacuation
[2025-03-18T15:37:02.831+0100][32.494s][info][gc,phases   ] GC(34)   Pre Evacuate Collection Set: 0.2ms
[2025-03-18T15:37:02.831+0100][32.494s][info][gc,phases   ] GC(34)   Merge Heap Roots: 0.1ms
[2025-03-18T15:37:02.831+0100][32.494s][info][gc,phases   ] GC(34)   Evacuate Collection Set: 31.2ms
[2025-03-18T15:37:02.831+0100][32.494s][info][gc,phases   ] GC(34)   Post Evacuate Collection Set: 2.3ms
[2025-03-18T15:37:02.831+0100][32.494s][info][gc,phases   ] GC(34)   Other: 0.0ms
[2025-03-18T15:37:02.831+0100][32.494s][info][gc,heap     ] GC(34) Eden regions: 124->0(133)
[2025-03-18T15:37:02.831+0100][32.494s][info][gc,heap     ] GC(34) Survivor regions: 23->19(19)
[2025-03-18T15:37:02.831+0100][32.494s][info][gc,heap     ] GC(34) Old regions: 282->321
[2025-03-18T15:37:02.831+0100][32.494s][info][gc,heap     ] GC(34) Humongous regions: 1->1
[2025-03-18T15:37:02.831+0100][32.494s][info][gc,metaspace] GC(34) Metaspace: 26974K(27328K)->26974K(27328K) NonClass: 23399K(23616K)->23399K(23616K) Class: 3575K(3712K)->3575K(3712K)
[2025-03-18T15:37:02.831+0100][32.494s][info][gc          ] GC(34) Pause Young (Prepare Mixed) (G1 Evacuation Pause) 1720M->1364M(2228M) 33.982ms
[2025-03-18T15:37:02.831+0100][32.494s][info][gc,cpu      ] GC(34) User=0.27s Sys=0.01s Real=0.04s
[2025-03-18T15:37:03.346+0100][33.010s][info][gc,start    ] GC(35) Pause Young (Mixed) (G1 Evacuation Pause)
[2025-03-18T15:37:03.346+0100][33.010s][info][gc,task     ] GC(35) Using 9 workers of 9 for evacuation
[2025-03-18T15:37:03.379+0100][33.042s][info][gc,phases   ] GC(35)   Pre Evacuate Collection Set: 0.2ms
[2025-03-18T15:37:03.379+0100][33.042s][info][gc,phases   ] GC(35)   Merge Heap Roots: 0.1ms
[2025-03-18T15:37:03.379+0100][33.042s][info][gc,phases   ] GC(35)   Evacuate Collection Set: 29.8ms
[2025-03-18T15:37:03.379+0100][33.042s][info][gc,phases   ] GC(35)   Post Evacuate Collection Set: 2.1ms
[2025-03-18T15:37:03.379+0100][33.042s][info][gc,phases   ] GC(35)   Other: 0.0ms
[2025-03-18T15:37:03.379+0100][33.042s][info][gc,heap     ] GC(35) Eden regions: 133->0(144)
[2025-03-18T15:37:03.379+0100][33.042s][info][gc,heap     ] GC(35) Survivor regions: 19->19(19)
[2025-03-18T15:37:03.379+0100][33.042s][info][gc,heap     ] GC(35) Old regions: 321->303
[2025-03-18T15:37:03.379+0100][33.042s][info][gc,heap     ] GC(35) Humongous regions: 1->1
[2025-03-18T15:37:03.379+0100][33.042s][info][gc,metaspace] GC(35) Metaspace: 26974K(27328K)->26974K(27328K) NonClass: 23399K(23616K)->23399K(23616K) Class: 3575K(3712K)->3575K(3712K)
[2025-03-18T15:37:03.379+0100][33.042s][info][gc          ] GC(35) Pause Young (Mixed) (G1 Evacuation Pause) 1896M->1292M(2228M) 32.289ms
[2025-03-18T15:37:03.379+0100][33.042s][info][gc,cpu      ] GC(35) User=0.27s Sys=0.01s Real=0.03s
[2025-03-18T15:37:03.923+0100][33.587s][info][gc,start    ] GC(36) Pause Young (Mixed) (G1 Evacuation Pause)
[2025-03-18T15:37:03.923+0100][33.587s][info][gc,task     ] GC(36) Using 9 workers of 9 for evacuation
[2025-03-18T15:37:03.956+0100][33.620s][info][gc,phases   ] GC(36)   Pre Evacuate Collection Set: 0.1ms
[2025-03-18T15:37:03.956+0100][33.620s][info][gc,phases   ] GC(36)   Merge Heap Roots: 0.1ms
[2025-03-18T15:37:03.956+0100][33.620s][info][gc,phases   ] GC(36)   Evacuate Collection Set: 30.8ms
[2025-03-18T15:37:03.956+0100][33.620s][info][gc,phases   ] GC(36)   Post Evacuate Collection Set: 2.1ms
[2025-03-18T15:37:03.956+0100][33.620s][info][gc,phases   ] GC(36)   Other: 0.0ms
[2025-03-18T15:37:03.956+0100][33.620s][info][gc,heap     ] GC(36) Eden regions: 144->0(153)
[2025-03-18T15:37:03.956+0100][33.620s][info][gc,heap     ] GC(36) Survivor regions: 19->21(21)
[2025-03-18T15:37:03.956+0100][33.620s][info][gc,heap     ] GC(36) Old regions: 303->287
[2025-03-18T15:37:03.956+0100][33.620s][info][gc,heap     ] GC(36) Humongous regions: 1->1
[2025-03-18T15:37:03.956+0100][33.620s][info][gc,metaspace] GC(36) Metaspace: 26974K(27328K)->26974K(27328K) NonClass: 23399K(23616K)->23399K(23616K) Class: 3575K(3712K)->3575K(3712K)
[2025-03-18T15:37:03.956+0100][33.620s][info][gc          ] GC(36) Pause Young (Mixed) (G1 Evacuation Pause) 1868M->1236M(2228M) 33.435ms
[2025-03-18T15:37:03.956+0100][33.620s][info][gc,cpu      ] GC(36) User=0.28s Sys=0.00s Real=0.03s
[2025-03-18T15:37:04.543+0100][34.207s][info][gc,start    ] GC(37) Pause Young (Mixed) (G1 Evacuation Pause)
[2025-03-18T15:37:04.543+0100][34.207s][info][gc,task     ] GC(37) Using 9 workers of 9 for evacuation
[2025-03-18T15:37:04.578+0100][34.242s][info][gc,phases   ] GC(37)   Pre Evacuate Collection Set: 0.2ms
[2025-03-18T15:37:04.578+0100][34.242s][info][gc,phases   ] GC(37)   Merge Heap Roots: 0.1ms
[2025-03-18T15:37:04.578+0100][34.242s][info][gc,phases   ] GC(37)   Evacuate Collection Set: 32.6ms
[2025-03-18T15:37:04.578+0100][34.242s][info][gc,phases   ] GC(37)   Post Evacuate Collection Set: 1.7ms
[2025-03-18T15:37:04.578+0100][34.242s][info][gc,phases   ] GC(37)   Other: 0.0ms
[2025-03-18T15:37:04.578+0100][34.242s][info][gc,heap     ] GC(37) Eden regions: 153->0(157)
[2025-03-18T15:37:04.578+0100][34.242s][info][gc,heap     ] GC(37) Survivor regions: 21->22(22)
[2025-03-18T15:37:04.578+0100][34.242s][info][gc,heap     ] GC(37) Old regions: 287->280
[2025-03-18T15:37:04.578+0100][34.242s][info][gc,heap     ] GC(37) Humongous regions: 1->1
[2025-03-18T15:37:04.578+0100][34.242s][info][gc,metaspace] GC(37) Metaspace: 26976K(27328K)->26976K(27328K) NonClass: 23400K(23616K)->23400K(23616K) Class: 3575K(3712K)->3575K(3712K)
[2025-03-18T15:37:04.578+0100][34.242s][info][gc          ] GC(37) Pause Young (Mixed) (G1 Evacuation Pause) 1848M->1210M(2228M) 34.780ms
[2025-03-18T15:37:04.578+0100][34.242s][info][gc,cpu      ] GC(37) User=0.29s Sys=0.01s Real=0.03s
[2025-03-18T15:37:05.161+0100][34.825s][info][gc,start    ] GC(38) Pause Young (Normal) (G1 Evacuation Pause)
[2025-03-18T15:37:05.161+0100][34.825s][info][gc,task     ] GC(38) Using 9 workers of 9 for evacuation
[2025-03-18T15:37:05.198+0100][34.861s][info][gc,phases   ] GC(38)   Pre Evacuate Collection Set: 0.1ms
[2025-03-18T15:37:05.198+0100][34.861s][info][gc,phases   ] GC(38)   Merge Heap Roots: 0.1ms
[2025-03-18T15:37:05.198+0100][34.861s][info][gc,phases   ] GC(38)   Evacuate Collection Set: 33.9ms
[2025-03-18T15:37:05.198+0100][34.861s][info][gc,phases   ] GC(38)   Post Evacuate Collection Set: 2.6ms
[2025-03-18T15:37:05.198+0100][34.861s][info][gc,phases   ] GC(38)   Other: 0.0ms
[2025-03-18T15:37:05.198+0100][34.861s][info][gc,heap     ] GC(38) Eden regions: 157->0(129)
[2025-03-18T15:37:05.198+0100][34.861s][info][gc,heap     ] GC(38) Survivor regions: 22->23(23)
[2025-03-18T15:37:05.198+0100][34.861s][info][gc,heap     ] GC(38) Old regions: 280->324
[2025-03-18T15:37:05.198+0100][34.861s][info][gc,heap     ] GC(38) Humongous regions: 1->1
[2025-03-18T15:37:05.198+0100][34.861s][info][gc,metaspace] GC(38) Metaspace: 26976K(27328K)->26976K(27328K) NonClass: 23401K(23616K)->23401K(23616K) Class: 3575K(3712K)->3575K(3712K)
[2025-03-18T15:37:05.198+0100][34.862s][info][gc          ] GC(38) Pause Young (Normal) (G1 Evacuation Pause) 1838M->1390M(2228M) 37.008ms
[2025-03-18T15:37:05.198+0100][34.862s][info][gc,cpu      ] GC(38) User=0.31s Sys=0.00s Real=0.03s
[2025-03-18T15:37:05.697+0100][35.360s][info][gc,start    ] GC(39) Pause Young (Concurrent Start) (G1 Evacuation Pause)
[2025-03-18T15:37:05.697+0100][35.360s][info][gc,task     ] GC(39) Using 9 workers of 9 for evacuation
[2025-03-18T15:37:05.731+0100][35.395s][info][gc,phases   ] GC(39)   Pre Evacuate Collection Set: 0.1ms
[2025-03-18T15:37:05.731+0100][35.395s][info][gc,phases   ] GC(39)   Merge Heap Roots: 0.1ms
[2025-03-18T15:37:05.731+0100][35.395s][info][gc,phases   ] GC(39)   Evacuate Collection Set: 31.8ms
[2025-03-18T15:37:05.731+0100][35.395s][info][gc,phases   ] GC(39)   Post Evacuate Collection Set: 2.0ms
[2025-03-18T15:37:05.731+0100][35.395s][info][gc,phases   ] GC(39)   Other: 0.1ms
[2025-03-18T15:37:05.731+0100][35.395s][info][gc,heap     ] GC(39) Eden regions: 129->0(107)
[2025-03-18T15:37:05.731+0100][35.395s][info][gc,heap     ] GC(39) Survivor regions: 23->19(19)
[2025-03-18T15:37:05.731+0100][35.395s][info][gc,heap     ] GC(39) Old regions: 324->364
[2025-03-18T15:37:05.731+0100][35.395s][info][gc,heap     ] GC(39) Humongous regions: 1->1
[2025-03-18T15:37:05.731+0100][35.395s][info][gc,metaspace] GC(39) Metaspace: 26976K(27328K)->26976K(27328K) NonClass: 23401K(23616K)->23401K(23616K) Class: 3575K(3712K)->3575K(3712K)
[2025-03-18T15:37:05.731+0100][35.395s][info][gc          ] GC(39) Pause Young (Concurrent Start) (G1 Evacuation Pause) 1906M->1536M(2228M) 34.341ms
[2025-03-18T15:37:05.731+0100][35.395s][info][gc,cpu      ] GC(39) User=0.28s Sys=0.01s Real=0.04s
[2025-03-18T15:37:05.731+0100][35.395s][info][gc          ] GC(40) Concurrent Mark Cycle
[2025-03-18T15:37:05.731+0100][35.395s][info][gc,marking  ] GC(40) Concurrent Scan Root Regions
[2025-03-18T15:37:05.774+0100][35.438s][info][gc,marking  ] GC(40) Concurrent Scan Root Regions 43.403ms
[2025-03-18T15:37:05.774+0100][35.438s][info][gc,marking  ] GC(40) Concurrent Mark
[2025-03-18T15:37:05.774+0100][35.438s][info][gc,marking  ] GC(40) Concurrent Mark From Roots
[2025-03-18T15:37:05.774+0100][35.438s][info][gc,task     ] GC(40) Using 2 workers of 2 for marking
[2025-03-18T15:37:06.193+0100][35.856s][info][gc,start    ] GC(41) Pause Young (Normal) (G1 Evacuation Pause)
[2025-03-18T15:37:06.193+0100][35.856s][info][gc,task     ] GC(41) Using 9 workers of 9 for evacuation
[2025-03-18T15:37:06.207+0100][35.870s][info][gc,phases   ] GC(41)   Pre Evacuate Collection Set: 0.1ms
[2025-03-18T15:37:06.207+0100][35.870s][info][gc,phases   ] GC(41)   Merge Heap Roots: 0.3ms
[2025-03-18T15:37:06.207+0100][35.870s][info][gc,phases   ] GC(41)   Evacuate Collection Set: 12.5ms
[2025-03-18T15:37:06.207+0100][35.870s][info][gc,phases   ] GC(41)   Post Evacuate Collection Set: 1.0ms
[2025-03-18T15:37:06.207+0100][35.870s][info][gc,phases   ] GC(41)   Other: 0.0ms
[2025-03-18T15:37:06.207+0100][35.870s][info][gc,heap     ] GC(41) Eden regions: 107->0(116)
[2025-03-18T15:37:06.207+0100][35.870s][info][gc,heap     ] GC(41) Survivor regions: 19->8(16)
[2025-03-18T15:37:06.207+0100][35.870s][info][gc,heap     ] GC(41) Old regions: 364->366
[2025-03-18T15:37:06.207+0100][35.870s][info][gc,heap     ] GC(41) Humongous regions: 1->1
[2025-03-18T15:37:06.207+0100][35.870s][info][gc,metaspace] GC(41) Metaspace: 26976K(27328K)->26976K(27328K) NonClass: 23401K(23616K)->23401K(23616K) Class: 3575K(3712K)->3575K(3712K)
[2025-03-18T15:37:06.207+0100][35.870s][info][gc          ] GC(41) Pause Young (Normal) (G1 Evacuation Pause) 1964M->1499M(2228M) 14.103ms
[2025-03-18T15:37:06.207+0100][35.870s][info][gc,cpu      ] GC(41) User=0.11s Sys=0.00s Real=0.01s
[2025-03-18T15:37:06.228+0100][35.891s][info][gc,marking  ] GC(40) Concurrent Mark From Roots 453.182ms
[2025-03-18T15:37:06.228+0100][35.891s][info][gc,marking  ] GC(40) Concurrent Preclean
[2025-03-18T15:37:06.269+0100][35.933s][info][gc,marking  ] GC(40) Concurrent Preclean 41.700ms
[2025-03-18T15:37:06.269+0100][35.933s][info][gc,start    ] GC(40) Pause Remark
[2025-03-18T15:37:06.271+0100][35.935s][info][gc          ] GC(40) Pause Remark 1569M->1569M(2620M) 1.795ms
[2025-03-18T15:37:06.271+0100][35.935s][info][gc,cpu      ] GC(40) User=0.01s Sys=0.00s Real=0.01s
[2025-03-18T15:37:06.271+0100][35.935s][info][gc,marking  ] GC(40) Concurrent Mark 496.912ms
[2025-03-18T15:37:06.271+0100][35.935s][info][gc,marking  ] GC(40) Concurrent Rebuild Remembered Sets and Scrub Regions
[2025-03-18T15:37:06.465+0100][36.129s][info][gc,marking  ] GC(40) Concurrent Rebuild Remembered Sets and Scrub Regions 194.057ms
[2025-03-18T15:37:06.466+0100][36.129s][info][gc,start    ] GC(40) Pause Cleanup
[2025-03-18T15:37:06.466+0100][36.129s][info][gc          ] GC(40) Pause Cleanup 1739M->1739M(2620M) 0.175ms
[2025-03-18T15:37:06.466+0100][36.129s][info][gc,cpu      ] GC(40) User=0.00s Sys=0.00s Real=0.00s
[2025-03-18T15:37:06.466+0100][36.129s][info][gc,marking  ] GC(40) Concurrent Clear Claimed Marks
[2025-03-18T15:37:06.466+0100][36.129s][info][gc,marking  ] GC(40) Concurrent Clear Claimed Marks 0.030ms
[2025-03-18T15:37:06.466+0100][36.130s][info][gc,marking  ] GC(40) Concurrent Cleanup for Next Mark
[2025-03-18T15:37:06.467+0100][36.131s][info][gc,marking  ] GC(40) Concurrent Cleanup for Next Mark 1.162ms
[2025-03-18T15:37:06.467+0100][36.131s][info][gc          ] GC(40) Concurrent Mark Cycle 736.047ms
[2025-03-18T15:37:06.710+0100][36.373s][info][gc,start    ] GC(42) Pause Young (Prepare Mixed) (G1 Evacuation Pause)
[2025-03-18T15:37:06.710+0100][36.373s][info][gc,task     ] GC(42) Using 9 workers of 9 for evacuation
[2025-03-18T15:37:06.737+0100][36.400s][info][gc,phases   ] GC(42)   Pre Evacuate Collection Set: 0.1ms
[2025-03-18T15:37:06.737+0100][36.400s][info][gc,phases   ] GC(42)   Merge Heap Roots: 0.1ms
[2025-03-18T15:37:06.737+0100][36.400s][info][gc,phases   ] GC(42)   Evacuate Collection Set: 25.4ms
[2025-03-18T15:37:06.737+0100][36.400s][info][gc,phases   ] GC(42)   Post Evacuate Collection Set: 1.4ms
[2025-03-18T15:37:06.737+0100][36.400s][info][gc,phases   ] GC(42)   Other: 0.0ms
[2025-03-18T15:37:06.737+0100][36.400s][info][gc,heap     ] GC(42) Eden regions: 116->0(154)
[2025-03-18T15:37:06.737+0100][36.400s][info][gc,heap     ] GC(42) Survivor regions: 8->16(16)
[2025-03-18T15:37:06.737+0100][36.400s][info][gc,heap     ] GC(42) Old regions: 366->390
[2025-03-18T15:37:06.737+0100][36.400s][info][gc,heap     ] GC(42) Humongous regions: 1->1
[2025-03-18T15:37:06.737+0100][36.400s][info][gc,metaspace] GC(42) Metaspace: 26976K(27328K)->26976K(27328K) NonClass: 23401K(23616K)->23401K(23616K) Class: 3575K(3712K)->3575K(3712K)
[2025-03-18T15:37:06.737+0100][36.400s][info][gc          ] GC(42) Pause Young (Prepare Mixed) (G1 Evacuation Pause) 1963M->1625M(2620M) 27.279ms
[2025-03-18T15:37:06.737+0100][36.401s][info][gc,cpu      ] GC(42) User=0.20s Sys=0.02s Real=0.02s
[2025-03-18T15:37:07.327+0100][36.990s][info][gc,start    ] GC(43) Pause Young (Mixed) (G1 Evacuation Pause)
[2025-03-18T15:37:07.327+0100][36.990s][info][gc,task     ] GC(43) Using 9 workers of 9 for evacuation
[2025-03-18T15:37:07.360+0100][37.023s][info][gc,phases   ] GC(43)   Pre Evacuate Collection Set: 0.1ms
[2025-03-18T15:37:07.360+0100][37.023s][info][gc,phases   ] GC(43)   Merge Heap Roots: 0.1ms
[2025-03-18T15:37:07.360+0100][37.023s][info][gc,phases   ] GC(43)   Evacuate Collection Set: 30.4ms
[2025-03-18T15:37:07.360+0100][37.023s][info][gc,phases   ] GC(43)   Post Evacuate Collection Set: 2.5ms
[2025-03-18T15:37:07.360+0100][37.023s][info][gc,phases   ] GC(43)   Other: 0.1ms
[2025-03-18T15:37:07.360+0100][37.023s][info][gc,heap     ] GC(43) Eden regions: 154->0(132)
[2025-03-18T15:37:07.360+0100][37.023s][info][gc,heap     ] GC(43) Survivor regions: 16->22(22)
[2025-03-18T15:37:07.360+0100][37.023s][info][gc,heap     ] GC(43) Old regions: 390->418
[2025-03-18T15:37:07.360+0100][37.023s][info][gc,heap     ] GC(43) Humongous regions: 1->1
[2025-03-18T15:37:07.360+0100][37.023s][info][gc,metaspace] GC(43) Metaspace: 26983K(27328K)->26983K(27328K) NonClass: 23407K(23616K)->23407K(23616K) Class: 3575K(3712K)->3575K(3712K)
[2025-03-18T15:37:07.360+0100][37.024s][info][gc          ] GC(43) Pause Young (Mixed) (G1 Evacuation Pause) 2241M->1762M(2620M) 33.300ms
[2025-03-18T15:37:07.360+0100][37.024s][info][gc,cpu      ] GC(43) User=0.28s Sys=0.00s Real=0.04s
[2025-03-18T15:37:07.871+0100][37.535s][info][gc,start    ] GC(44) Pause Young (Concurrent Start) (G1 Evacuation Pause)
[2025-03-18T15:37:07.871+0100][37.535s][info][gc,task     ] GC(44) Using 9 workers of 9 for evacuation
[2025-03-18T15:37:07.904+0100][37.568s][info][gc,phases   ] GC(44)   Pre Evacuate Collection Set: 0.2ms
[2025-03-18T15:37:07.904+0100][37.568s][info][gc,phases   ] GC(44)   Merge Heap Roots: 0.1ms
[2025-03-18T15:37:07.904+0100][37.568s][info][gc,phases   ] GC(44)   Evacuate Collection Set: 30.5ms
[2025-03-18T15:37:07.904+0100][37.568s][info][gc,phases   ] GC(44)   Post Evacuate Collection Set: 2.0ms
[2025-03-18T15:37:07.904+0100][37.568s][info][gc,phases   ] GC(44)   Other: 0.1ms
[2025-03-18T15:37:07.904+0100][37.568s][info][gc,heap     ] GC(44) Eden regions: 132->0(109)
[2025-03-18T15:37:07.904+0100][37.568s][info][gc,heap     ] GC(44) Survivor regions: 22->20(20)
[2025-03-18T15:37:07.904+0100][37.568s][info][gc,heap     ] GC(44) Old regions: 418->457
[2025-03-18T15:37:07.904+0100][37.568s][info][gc,heap     ] GC(44) Humongous regions: 1->1
[2025-03-18T15:37:07.904+0100][37.568s][info][gc,metaspace] GC(44) Metaspace: 26983K(27328K)->26983K(27328K) NonClass: 23407K(23616K)->23407K(23616K) Class: 3575K(3712K)->3575K(3712K)
[2025-03-18T15:37:07.904+0100][37.568s][info][gc          ] GC(44) Pause Young (Concurrent Start) (G1 Evacuation Pause) 2290M->1910M(2620M) 32.951ms
[2025-03-18T15:37:07.904+0100][37.568s][info][gc,cpu      ] GC(44) User=0.27s Sys=0.00s Real=0.03s
[2025-03-18T15:37:07.904+0100][37.568s][info][gc          ] GC(45) Concurrent Mark Cycle
[2025-03-18T15:37:07.904+0100][37.568s][info][gc,marking  ] GC(45) Concurrent Scan Root Regions
[2025-03-18T15:37:07.942+0100][37.605s][info][gc,marking  ] GC(45) Concurrent Scan Root Regions 37.687ms
[2025-03-18T15:37:07.942+0100][37.606s][info][gc,marking  ] GC(45) Concurrent Mark
[2025-03-18T15:37:07.942+0100][37.606s][info][gc,marking  ] GC(45) Concurrent Mark From Roots
[2025-03-18T15:37:07.942+0100][37.606s][info][gc,task     ] GC(45) Using 2 workers of 2 for marking
[2025-03-18T15:37:08.042+0100][37.706s][info][gc,marking  ] GC(45) Concurrent Mark From Roots 100.375ms
[2025-03-18T15:37:08.042+0100][37.706s][info][gc,marking  ] GC(45) Concurrent Preclean
[2025-03-18T15:37:08.050+0100][37.714s][info][gc,marking  ] GC(45) Concurrent Preclean 7.855ms
[2025-03-18T15:37:08.050+0100][37.714s][info][gc,start    ] GC(45) Pause Remark
[2025-03-18T15:37:08.052+0100][37.716s][info][gc          ] GC(45) Pause Remark 2046M->2010M(3356M) 1.935ms
[2025-03-18T15:37:08.052+0100][37.716s][info][gc,cpu      ] GC(45) User=0.01s Sys=0.00s Real=0.00s
[2025-03-18T15:37:08.052+0100][37.716s][info][gc,marking  ] GC(45) Concurrent Mark 110.422ms
[2025-03-18T15:37:08.052+0100][37.716s][info][gc,marking  ] GC(45) Concurrent Rebuild Remembered Sets and Scrub Regions
[2025-03-18T15:37:08.114+0100][37.778s][info][gc,marking  ] GC(45) Concurrent Rebuild Remembered Sets and Scrub Regions 61.856ms
[2025-03-18T15:37:08.114+0100][37.778s][info][gc,start    ] GC(45) Pause Cleanup
[2025-03-18T15:37:08.115+0100][37.778s][info][gc          ] GC(45) Pause Cleanup 2072M->2072M(3356M) 0.205ms
[2025-03-18T15:37:08.115+0100][37.778s][info][gc,cpu      ] GC(45) User=0.00s Sys=0.00s Real=0.00s
[2025-03-18T15:37:08.115+0100][37.778s][info][gc,marking  ] GC(45) Concurrent Clear Claimed Marks
[2025-03-18T15:37:08.115+0100][37.778s][info][gc,marking  ] GC(45) Concurrent Clear Claimed Marks 0.025ms
[2025-03-18T15:37:08.115+0100][37.778s][info][gc,marking  ] GC(45) Concurrent Cleanup for Next Mark
[2025-03-18T15:37:08.117+0100][37.780s][info][gc,marking  ] GC(45) Concurrent Cleanup for Next Mark 2.035ms
[2025-03-18T15:37:08.117+0100][37.780s][info][gc          ] GC(45) Concurrent Mark Cycle 212.697ms
[2025-03-18T15:37:08.366+0100][38.030s][info][gc,start    ] GC(46) Pause Young (Prepare Mixed) (G1 Evacuation Pause)
[2025-03-18T15:37:08.366+0100][38.030s][info][gc,task     ] GC(46) Using 9 workers of 9 for evacuation
[2025-03-18T15:37:08.405+0100][38.069s][info][gc,phases   ] GC(46)   Pre Evacuate Collection Set: 0.1ms
[2025-03-18T15:37:08.405+0100][38.069s][info][gc,phases   ] GC(46)   Merge Heap Roots: 0.2ms
[2025-03-18T15:37:08.405+0100][38.069s][info][gc,phases   ] GC(46)   Evacuate Collection Set: 35.7ms
[2025-03-18T15:37:08.405+0100][38.069s][info][gc,phases   ] GC(46)   Post Evacuate Collection Set: 2.7ms
[2025-03-18T15:37:08.405+0100][38.069s][info][gc,phases   ] GC(46)   Other: 0.0ms
[2025-03-18T15:37:08.405+0100][38.069s][info][gc,heap     ] GC(46) Eden regions: 109->0(209)
[2025-03-18T15:37:08.405+0100][38.069s][info][gc,heap     ] GC(46) Survivor regions: 20->17(17)
[2025-03-18T15:37:08.405+0100][38.069s][info][gc,heap     ] GC(46) Old regions: 448->482
[2025-03-18T15:37:08.405+0100][38.069s][info][gc,heap     ] GC(46) Humongous regions: 1->1
[2025-03-18T15:37:08.405+0100][38.069s][info][gc,metaspace] GC(46) Metaspace: 26983K(27328K)->26983K(27328K) NonClass: 23407K(23616K)->23407K(23616K) Class: 3575K(3712K)->3575K(3712K)
[2025-03-18T15:37:08.405+0100][38.069s][info][gc          ] GC(46) Pause Young (Prepare Mixed) (G1 Evacuation Pause) 2310M->2000M(3356M) 38.941ms
[2025-03-18T15:37:08.405+0100][38.069s][info][gc,cpu      ] GC(46) User=0.28s Sys=0.03s Real=0.04s
[2025-03-18T15:37:09.240+0100][38.904s][info][gc,start    ] GC(47) Pause Young (Mixed) (G1 Evacuation Pause)
[2025-03-18T15:37:09.240+0100][38.904s][info][gc,task     ] GC(47) Using 9 workers of 9 for evacuation
[2025-03-18T15:37:09.289+0100][38.953s][info][gc,phases   ] GC(47)   Pre Evacuate Collection Set: 0.1ms
[2025-03-18T15:37:09.289+0100][38.953s][info][gc,phases   ] GC(47)   Merge Heap Roots: 0.2ms
[2025-03-18T15:37:09.289+0100][38.953s][info][gc,phases   ] GC(47)   Evacuate Collection Set: 45.3ms
[2025-03-18T15:37:09.289+0100][38.953s][info][gc,phases   ] GC(47)   Post Evacuate Collection Set: 3.5ms
[2025-03-18T15:37:09.289+0100][38.953s][info][gc,phases   ] GC(47)   Other: 0.1ms
[2025-03-18T15:37:09.289+0100][38.953s][info][gc,heap     ] GC(47) Eden regions: 209->0(225)
[2025-03-18T15:37:09.289+0100][38.953s][info][gc,heap     ] GC(47) Survivor regions: 17->29(29)
[2025-03-18T15:37:09.289+0100][38.953s][info][gc,heap     ] GC(47) Old regions: 482->444
[2025-03-18T15:37:09.289+0100][38.953s][info][gc,heap     ] GC(47) Humongous regions: 1->1
[2025-03-18T15:37:09.289+0100][38.953s][info][gc,metaspace] GC(47) Metaspace: 26983K(27328K)->26983K(27328K) NonClass: 23407K(23616K)->23407K(23616K) Class: 3575K(3712K)->3575K(3712K)
[2025-03-18T15:37:09.289+0100][38.953s][info][gc          ] GC(47) Pause Young (Mixed) (G1 Evacuation Pause) 2836M->1894M(3356M) 49.395ms
[2025-03-18T15:37:09.289+0100][38.953s][info][gc,cpu      ] GC(47) User=0.37s Sys=0.01s Real=0.04s
[2025-03-18T15:37:10.294+0100][39.958s][info][gc,start    ] GC(48) Pause Young (Mixed) (G1 Evacuation Pause)
[2025-03-18T15:37:10.294+0100][39.958s][info][gc,task     ] GC(48) Using 9 workers of 9 for evacuation
[2025-03-18T15:37:10.326+0100][39.990s][info][gc,phases   ] GC(48)   Pre Evacuate Collection Set: 0.2ms
[2025-03-18T15:37:10.326+0100][39.990s][info][gc,phases   ] GC(48)   Merge Heap Roots: 0.2ms
[2025-03-18T15:37:10.326+0100][39.990s][info][gc,phases   ] GC(48)   Evacuate Collection Set: 29.5ms
[2025-03-18T15:37:10.326+0100][39.990s][info][gc,phases   ] GC(48)   Post Evacuate Collection Set: 2.1ms
[2025-03-18T15:37:10.326+0100][39.990s][info][gc,phases   ] GC(48)   Other: 0.1ms
[2025-03-18T15:37:10.326+0100][39.990s][info][gc,heap     ] GC(48) Eden regions: 225->0(276)
[2025-03-18T15:37:10.326+0100][39.990s][info][gc,heap     ] GC(48) Survivor regions: 29->32(32)
[2025-03-18T15:37:10.326+0100][39.990s][info][gc,heap     ] GC(48) Old regions: 444->369
[2025-03-18T15:37:10.326+0100][39.990s][info][gc,heap     ] GC(48) Humongous regions: 1->1
[2025-03-18T15:37:10.326+0100][39.990s][info][gc,metaspace] GC(48) Metaspace: 27028K(27328K)->27028K(27328K) NonClass: 23449K(23616K)->23449K(23616K) Class: 3578K(3712K)->3578K(3712K)
[2025-03-18T15:37:10.326+0100][39.990s][info][gc          ] GC(48) Pause Young (Mixed) (G1 Evacuation Pause) 2794M->1606M(3356M) 32.262ms
[2025-03-18T15:37:10.326+0100][39.990s][info][gc,cpu      ] GC(48) User=0.22s Sys=0.01s Real=0.03s
[2025-03-18T15:37:11.382+0100][41.045s][info][gc,start    ] GC(49) Pause Young (Mixed) (G1 Evacuation Pause)
[2025-03-18T15:37:11.382+0100][41.046s][info][gc,task     ] GC(49) Using 9 workers of 9 for evacuation
[2025-03-18T15:37:11.466+0100][41.129s][info][gc,phases   ] GC(49)   Pre Evacuate Collection Set: 2.8ms
[2025-03-18T15:37:11.466+0100][41.129s][info][gc,phases   ] GC(49)   Merge Heap Roots: 0.6ms
[2025-03-18T15:37:11.466+0100][41.129s][info][gc,phases   ] GC(49)   Evacuate Collection Set: 76.1ms
[2025-03-18T15:37:11.466+0100][41.129s][info][gc,phases   ] GC(49)   Post Evacuate Collection Set: 3.9ms
[2025-03-18T15:37:11.466+0100][41.129s][info][gc,phases   ] GC(49)   Other: 0.2ms
[2025-03-18T15:37:11.466+0100][41.129s][info][gc,heap     ] GC(49) Eden regions: 276->0(281)
[2025-03-18T15:37:11.466+0100][41.129s][info][gc,heap     ] GC(49) Survivor regions: 32->39(39)
[2025-03-18T15:37:11.466+0100][41.129s][info][gc,heap     ] GC(49) Old regions: 369->350
[2025-03-18T15:37:11.466+0100][41.129s][info][gc,heap     ] GC(49) Humongous regions: 1->1
[2025-03-18T15:37:11.466+0100][41.129s][info][gc,metaspace] GC(49) Metaspace: 27028K(27328K)->27028K(27328K) NonClass: 23450K(23616K)->23450K(23616K) Class: 3578K(3712K)->3578K(3712K)
[2025-03-18T15:37:11.466+0100][41.129s][info][gc          ] GC(49) Pause Young (Mixed) (G1 Evacuation Pause) 2710M->1558M(3356M) 84.052ms
[2025-03-18T15:37:11.466+0100][41.129s][info][gc,cpu      ] GC(49) User=0.50s Sys=0.01s Real=0.08s
[2025-03-18T15:37:12.560+0100][42.224s][info][gc,start    ] GC(50) Pause Young (Mixed) (G1 Evacuation Pause)
[2025-03-18T15:37:12.560+0100][42.224s][info][gc,task     ] GC(50) Using 9 workers of 9 for evacuation
[2025-03-18T15:37:12.673+0100][42.336s][info][gc,mmu      ] GC(50) MMU target violated: 101.0ms (100.0ms/101.0ms)
[2025-03-18T15:37:12.673+0100][42.337s][info][gc,phases   ] GC(50)   Pre Evacuate Collection Set: 0.1ms
[2025-03-18T15:37:12.673+0100][42.337s][info][gc,phases   ] GC(50)   Merge Heap Roots: 0.2ms
[2025-03-18T15:37:12.673+0100][42.337s][info][gc,phases   ] GC(50)   Evacuate Collection Set: 106.3ms
[2025-03-18T15:37:12.673+0100][42.337s][info][gc,phases   ] GC(50)   Post Evacuate Collection Set: 6.0ms
[2025-03-18T15:37:12.673+0100][42.337s][info][gc,phases   ] GC(50)   Other: 0.1ms
[2025-03-18T15:37:12.673+0100][42.337s][info][gc,heap     ] GC(50) Eden regions: 281->0(266)
[2025-03-18T15:37:12.673+0100][42.337s][info][gc,heap     ] GC(50) Survivor regions: 39->40(40)
[2025-03-18T15:37:12.673+0100][42.337s][info][gc,heap     ] GC(50) Old regions: 350->371
[2025-03-18T15:37:12.673+0100][42.337s][info][gc,heap     ] GC(50) Humongous regions: 1->1
[2025-03-18T15:37:12.673+0100][42.337s][info][gc,metaspace] GC(50) Metaspace: 27029K(27328K)->27029K(27328K) NonClass: 23451K(23616K)->23451K(23616K) Class: 3578K(3712K)->3578K(3712K)
[2025-03-18T15:37:12.673+0100][42.337s][info][gc          ] GC(50) Pause Young (Mixed) (G1 Evacuation Pause) 2682M->1648M(3356M) 112.798ms
[2025-03-18T15:37:12.673+0100][42.337s][info][gc,cpu      ] GC(50) User=0.54s Sys=0.13s Real=0.11s
[2025-03-18T15:37:13.725+0100][43.389s][info][gc,start    ] GC(51) Pause Young (Normal) (G1 Evacuation Pause)
[2025-03-18T15:37:13.725+0100][43.389s][info][gc,task     ] GC(51) Using 9 workers of 9 for evacuation
[2025-03-18T15:37:13.766+0100][43.430s][info][gc,phases   ] GC(51)   Pre Evacuate Collection Set: 0.2ms
[2025-03-18T15:37:13.766+0100][43.430s][info][gc,phases   ] GC(51)   Merge Heap Roots: 0.2ms
[2025-03-18T15:37:13.766+0100][43.430s][info][gc,phases   ] GC(51)   Evacuate Collection Set: 37.8ms
[2025-03-18T15:37:13.766+0100][43.430s][info][gc,phases   ] GC(51)   Post Evacuate Collection Set: 2.4ms
[2025-03-18T15:37:13.766+0100][43.430s][info][gc,phases   ] GC(51)   Other: 0.1ms
[2025-03-18T15:37:13.766+0100][43.430s][info][gc,heap     ] GC(51) Eden regions: 266->0(251)
[2025-03-18T15:37:13.766+0100][43.430s][info][gc,heap     ] GC(51) Survivor regions: 40->39(39)
[2025-03-18T15:37:13.766+0100][43.430s][info][gc,heap     ] GC(51) Old regions: 371->396
[2025-03-18T15:37:13.766+0100][43.430s][info][gc,heap     ] GC(51) Humongous regions: 1->1
[2025-03-18T15:37:13.766+0100][43.430s][info][gc,metaspace] GC(51) Metaspace: 27040K(27328K)->27040K(27328K) NonClass: 23462K(23616K)->23462K(23616K) Class: 3578K(3712K)->3578K(3712K)
[2025-03-18T15:37:13.766+0100][43.430s][info][gc          ] GC(51) Pause Young (Normal) (G1 Evacuation Pause) 2712M->1744M(3356M) 40.712ms
[2025-03-18T15:37:13.766+0100][43.430s][info][gc,cpu      ] GC(51) User=0.33s Sys=0.01s Real=0.04s
[2025-03-18T15:37:14.819+0100][44.482s][info][gc,start    ] GC(52) Pause Young (Normal) (G1 Evacuation Pause)
[2025-03-18T15:37:14.819+0100][44.483s][info][gc,task     ] GC(52) Using 9 workers of 9 for evacuation
[2025-03-18T15:37:14.834+0100][44.497s][info][gc,phases   ] GC(52)   Pre Evacuate Collection Set: 0.2ms
[2025-03-18T15:37:14.834+0100][44.497s][info][gc,phases   ] GC(52)   Merge Heap Roots: 0.1ms
[2025-03-18T15:37:14.834+0100][44.497s][info][gc,phases   ] GC(52)   Evacuate Collection Set: 13.1ms
[2025-03-18T15:37:14.834+0100][44.497s][info][gc,phases   ] GC(52)   Post Evacuate Collection Set: 1.1ms
[2025-03-18T15:37:14.834+0100][44.497s][info][gc,phases   ] GC(52)   Other: 0.1ms
[2025-03-18T15:37:14.834+0100][44.498s][info][gc,heap     ] GC(52) Eden regions: 251->0(279)
[2025-03-18T15:37:14.834+0100][44.498s][info][gc,heap     ] GC(52) Survivor regions: 39->11(37)
[2025-03-18T15:37:14.834+0100][44.498s][info][gc,heap     ] GC(52) Old regions: 396->404
[2025-03-18T15:37:14.834+0100][44.498s][info][gc,heap     ] GC(52) Humongous regions: 1->1
[2025-03-18T15:37:14.834+0100][44.498s][info][gc,metaspace] GC(52) Metaspace: 27079K(27456K)->27079K(27456K) NonClass: 23501K(23744K)->23501K(23744K) Class: 3578K(3712K)->3578K(3712K)
[2025-03-18T15:37:14.834+0100][44.498s][info][gc          ] GC(52) Pause Young (Normal) (G1 Evacuation Pause) 2748M->1662M(3356M) 15.161ms
[2025-03-18T15:37:14.834+0100][44.498s][info][gc,cpu      ] GC(52) User=0.08s Sys=0.02s Real=0.02s
[2025-03-18T15:37:15.932+0100][45.596s][info][gc,start    ] GC(53) Pause Young (Normal) (G1 Evacuation Pause)
[2025-03-18T15:37:15.932+0100][45.596s][info][gc,task     ] GC(53) Using 9 workers of 9 for evacuation
[2025-03-18T15:37:16.036+0100][45.700s][info][gc,mmu      ] GC(53) MMU target violated: 101.0ms (100.0ms/101.0ms)
[2025-03-18T15:37:16.036+0100][45.700s][info][gc,phases   ] GC(53)   Pre Evacuate Collection Set: 0.2ms
[2025-03-18T15:37:16.036+0100][45.700s][info][gc,phases   ] GC(53)   Merge Heap Roots: 0.1ms
[2025-03-18T15:37:16.036+0100][45.700s][info][gc,phases   ] GC(53)   Evacuate Collection Set: 101.0ms
[2025-03-18T15:37:16.036+0100][45.700s][info][gc,phases   ] GC(53)   Post Evacuate Collection Set: 2.7ms
[2025-03-18T15:37:16.036+0100][45.700s][info][gc,phases   ] GC(53)   Other: 0.1ms
[2025-03-18T15:37:16.036+0100][45.700s][info][gc,heap     ] GC(53) Eden regions: 279->0(222)
[2025-03-18T15:37:16.036+0100][45.700s][info][gc,heap     ] GC(53) Survivor regions: 11->37(37)
[2025-03-18T15:37:16.036+0100][45.700s][info][gc,heap     ] GC(53) Old regions: 404->451
[2025-03-18T15:37:16.036+0100][45.700s][info][gc,heap     ] GC(53) Humongous regions: 1->1
[2025-03-18T15:37:16.036+0100][45.700s][info][gc,metaspace] GC(53) Metaspace: 27080K(27456K)->27080K(27456K) NonClass: 23501K(23744K)->23501K(23744K) Class: 3578K(3712K)->3578K(3712K)
[2025-03-18T15:37:16.036+0100][45.700s][info][gc          ] GC(53) Pause Young (Normal) (G1 Evacuation Pause) 2778M->1956M(3356M) 104.273ms
[2025-03-18T15:37:16.036+0100][45.700s][info][gc,cpu      ] GC(53) User=0.39s Sys=0.16s Real=0.10s
[2025-03-18T15:37:16.887+0100][46.551s][info][gc,start    ] GC(54) Pause Young (Normal) (G1 Evacuation Pause)
[2025-03-18T15:37:16.887+0100][46.551s][info][gc,task     ] GC(54) Using 9 workers of 9 for evacuation
[2025-03-18T15:37:16.949+0100][46.613s][info][gc,phases   ] GC(54)   Pre Evacuate Collection Set: 0.2ms
[2025-03-18T15:37:16.949+0100][46.613s][info][gc,phases   ] GC(54)   Merge Heap Roots: 0.2ms
[2025-03-18T15:37:16.949+0100][46.613s][info][gc,phases   ] GC(54)   Evacuate Collection Set: 56.7ms
[2025-03-18T15:37:16.949+0100][46.613s][info][gc,phases   ] GC(54)   Post Evacuate Collection Set: 4.5ms
[2025-03-18T15:37:16.949+0100][46.613s][info][gc,phases   ] GC(54)   Other: 0.1ms
[2025-03-18T15:37:16.949+0100][46.613s][info][gc,heap     ] GC(54) Eden regions: 222->0(180)
[2025-03-18T15:37:16.949+0100][46.613s][info][gc,heap     ] GC(54) Survivor regions: 37->33(33)
[2025-03-18T15:37:16.949+0100][46.613s][info][gc,heap     ] GC(54) Old regions: 451->517
[2025-03-18T15:37:16.949+0100][46.613s][info][gc,heap     ] GC(54) Humongous regions: 1->1
[2025-03-18T15:37:16.949+0100][46.613s][info][gc,metaspace] GC(54) Metaspace: 27080K(27456K)->27080K(27456K) NonClass: 23501K(23744K)->23501K(23744K) Class: 3578K(3712K)->3578K(3712K)
[2025-03-18T15:37:16.949+0100][46.613s][info][gc          ] GC(54) Pause Young (Normal) (G1 Evacuation Pause) 2844M->2202M(3356M) 61.734ms
[2025-03-18T15:37:16.949+0100][46.613s][info][gc,cpu      ] GC(54) User=0.45s Sys=0.04s Real=0.06s
[2025-03-18T15:37:17.645+0100][47.308s][info][gc,start    ] GC(55) Pause Young (Concurrent Start) (G1 Evacuation Pause)
[2025-03-18T15:37:17.645+0100][47.308s][info][gc,task     ] GC(55) Using 9 workers of 9 for evacuation
[2025-03-18T15:37:17.694+0100][47.358s][info][gc,phases   ] GC(55)   Pre Evacuate Collection Set: 0.2ms
[2025-03-18T15:37:17.694+0100][47.358s][info][gc,phases   ] GC(55)   Merge Heap Roots: 0.2ms
[2025-03-18T15:37:17.694+0100][47.358s][info][gc,phases   ] GC(55)   Evacuate Collection Set: 45.8ms
[2025-03-18T15:37:17.694+0100][47.358s][info][gc,phases   ] GC(55)   Post Evacuate Collection Set: 3.1ms
[2025-03-18T15:37:17.694+0100][47.358s][info][gc,phases   ] GC(55)   Other: 0.0ms
[2025-03-18T15:37:17.694+0100][47.358s][info][gc,heap     ] GC(55) Eden regions: 180->0(147)
[2025-03-18T15:37:17.694+0100][47.358s][info][gc,heap     ] GC(55) Survivor regions: 33->27(27)
[2025-03-18T15:37:17.694+0100][47.358s][info][gc,heap     ] GC(55) Old regions: 517->573
[2025-03-18T15:37:17.694+0100][47.358s][info][gc,heap     ] GC(55) Humongous regions: 1->1
[2025-03-18T15:37:17.694+0100][47.358s][info][gc,metaspace] GC(55) Metaspace: 27080K(27456K)->27080K(27456K) NonClass: 23501K(23744K)->23501K(23744K) Class: 3578K(3712K)->3578K(3712K)
[2025-03-18T15:37:17.694+0100][47.358s][info][gc          ] GC(55) Pause Young (Concurrent Start) (G1 Evacuation Pause) 2922M->2402M(3356M) 49.496ms
[2025-03-18T15:37:17.694+0100][47.358s][info][gc          ] GC(56) Concurrent Mark Cycle
[2025-03-18T15:37:17.694+0100][47.358s][info][gc,marking  ] GC(56) Concurrent Scan Root Regions
[2025-03-18T15:37:17.694+0100][47.358s][info][gc,cpu      ] GC(55) User=0.40s Sys=0.01s Real=0.05s
[2025-03-18T15:37:17.749+0100][47.412s][info][gc,marking  ] GC(56) Concurrent Scan Root Regions 54.561ms
[2025-03-18T15:37:17.749+0100][47.412s][info][gc,marking  ] GC(56) Concurrent Mark
[2025-03-18T15:37:17.749+0100][47.412s][info][gc,marking  ] GC(56) Concurrent Mark From Roots
[2025-03-18T15:37:17.749+0100][47.412s][info][gc,task     ] GC(56) Using 2 workers of 2 for marking
[2025-03-18T15:37:17.920+0100][47.584s][info][gc,marking  ] GC(56) Concurrent Mark From Roots 171.672ms
[2025-03-18T15:37:17.920+0100][47.584s][info][gc,marking  ] GC(56) Concurrent Preclean
[2025-03-18T15:37:17.921+0100][47.585s][info][gc,marking  ] GC(56) Concurrent Preclean 0.674ms
[2025-03-18T15:37:17.921+0100][47.585s][info][gc,start    ] GC(56) Pause Remark
[2025-03-18T15:37:17.925+0100][47.589s][info][gc          ] GC(56) Pause Remark 2610M->2602M(4096M) 4.101ms
[2025-03-18T15:37:17.925+0100][47.589s][info][gc,cpu      ] GC(56) User=0.01s Sys=0.01s Real=0.00s
[2025-03-18T15:37:17.925+0100][47.589s][info][gc,marking  ] GC(56) Concurrent Mark 176.731ms
[2025-03-18T15:37:17.925+0100][47.589s][info][gc,marking  ] GC(56) Concurrent Rebuild Remembered Sets and Scrub Regions
[2025-03-18T15:37:18.092+0100][47.755s][info][gc,marking  ] GC(56) Concurrent Rebuild Remembered Sets and Scrub Regions 166.246ms
[2025-03-18T15:37:18.092+0100][47.756s][info][gc,start    ] GC(56) Pause Cleanup
[2025-03-18T15:37:18.092+0100][47.756s][info][gc          ] GC(56) Pause Cleanup 2768M->2768M(4096M) 0.184ms
[2025-03-18T15:37:18.092+0100][47.756s][info][gc,cpu      ] GC(56) User=0.00s Sys=0.01s Real=0.00s
[2025-03-18T15:37:18.092+0100][47.756s][info][gc,marking  ] GC(56) Concurrent Clear Claimed Marks
[2025-03-18T15:37:18.092+0100][47.756s][info][gc,marking  ] GC(56) Concurrent Clear Claimed Marks 0.032ms
[2025-03-18T15:37:18.092+0100][47.756s][info][gc,marking  ] GC(56) Concurrent Cleanup for Next Mark
[2025-03-18T15:37:18.098+0100][47.762s][info][gc,marking  ] GC(56) Concurrent Cleanup for Next Mark 5.931ms
[2025-03-18T15:37:18.098+0100][47.762s][info][gc          ] GC(56) Concurrent Mark Cycle 404.028ms
[2025-03-18T15:37:18.338+0100][48.002s][info][gc,start    ] GC(57) Pause Young (Prepare Mixed) (G1 Evacuation Pause)
[2025-03-18T15:37:18.338+0100][48.002s][info][gc,task     ] GC(57) Using 9 workers of 9 for evacuation
[2025-03-18T15:37:18.390+0100][48.054s][info][gc,phases   ] GC(57)   Pre Evacuate Collection Set: 0.2ms
[2025-03-18T15:37:18.391+0100][48.054s][info][gc,phases   ] GC(57)   Merge Heap Roots: 0.2ms
[2025-03-18T15:37:18.391+0100][48.054s][info][gc,phases   ] GC(57)   Evacuate Collection Set: 47.5ms
[2025-03-18T15:37:18.391+0100][48.054s][info][gc,phases   ] GC(57)   Post Evacuate Collection Set: 4.3ms
[2025-03-18T15:37:18.391+0100][48.054s][info][gc,phases   ] GC(57)   Other: 0.1ms
[2025-03-18T15:37:18.391+0100][48.054s][info][gc,heap     ] GC(57) Eden regions: 147->0(237)
[2025-03-18T15:37:18.391+0100][48.054s][info][gc,heap     ] GC(57) Survivor regions: 27->22(22)
[2025-03-18T15:37:18.391+0100][48.054s][info][gc,heap     ] GC(57) Old regions: 571->617
[2025-03-18T15:37:18.391+0100][48.054s][info][gc,heap     ] GC(57) Humongous regions: 1->1
[2025-03-18T15:37:18.391+0100][48.054s][info][gc,metaspace] GC(57) Metaspace: 27081K(27456K)->27081K(27456K) NonClass: 23503K(23744K)->23503K(23744K) Class: 3578K(3712K)->3578K(3712K)
[2025-03-18T15:37:18.391+0100][48.054s][info][gc          ] GC(57) Pause Young (Prepare Mixed) (G1 Evacuation Pause) 2982M->2558M(4096M) 52.528ms
[2025-03-18T15:37:18.391+0100][48.054s][info][gc,cpu      ] GC(57) User=0.35s Sys=0.05s Real=0.06s
[2025-03-18T15:37:19.369+0100][49.033s][info][gc,start    ] GC(58) Pause Young (Mixed) (G1 Evacuation Pause)
[2025-03-18T15:37:19.369+0100][49.033s][info][gc,task     ] GC(58) Using 9 workers of 9 for evacuation
[2025-03-18T15:37:19.424+0100][49.088s][info][gc,phases   ] GC(58)   Pre Evacuate Collection Set: 0.2ms
[2025-03-18T15:37:19.424+0100][49.088s][info][gc,phases   ] GC(58)   Merge Heap Roots: 0.2ms
[2025-03-18T15:37:19.424+0100][49.088s][info][gc,phases   ] GC(58)   Evacuate Collection Set: 51.3ms
[2025-03-18T15:37:19.424+0100][49.088s][info][gc,phases   ] GC(58)   Post Evacuate Collection Set: 3.3ms
[2025-03-18T15:37:19.424+0100][49.088s][info][gc,phases   ] GC(58)   Other: 0.1ms
[2025-03-18T15:37:19.424+0100][49.088s][info][gc,heap     ] GC(58) Eden regions: 237->0(259)
[2025-03-18T15:37:19.424+0100][49.088s][info][gc,heap     ] GC(58) Survivor regions: 22->33(33)
[2025-03-18T15:37:19.424+0100][49.088s][info][gc,heap     ] GC(58) Old regions: 617->569
[2025-03-18T15:37:19.424+0100][49.088s][info][gc,heap     ] GC(58) Humongous regions: 1->1
[2025-03-18T15:37:19.424+0100][49.088s][info][gc,metaspace] GC(58) Metaspace: 27081K(27456K)->27081K(27456K) NonClass: 23503K(23744K)->23503K(23744K) Class: 3578K(3712K)->3578K(3712K)
[2025-03-18T15:37:19.424+0100][49.088s][info][gc          ] GC(58) Pause Young (Mixed) (G1 Evacuation Pause) 3506M->2410M(4096M) 55.162ms
[2025-03-18T15:37:19.424+0100][49.088s][info][gc,cpu      ] GC(58) User=0.41s Sys=0.04s Real=0.06s
[2025-03-18T15:37:20.419+0100][50.082s][info][gc,start    ] GC(59) Pause Young (Mixed) (G1 Evacuation Pause)
[2025-03-18T15:37:20.419+0100][50.083s][info][gc,task     ] GC(59) Using 9 workers of 9 for evacuation
[2025-03-18T15:37:20.546+0100][50.210s][info][gc,mmu      ] GC(59) MMU target violated: 101.0ms (100.0ms/101.0ms)
[2025-03-18T15:37:20.547+0100][50.211s][info][gc,phases   ] GC(59)   Pre Evacuate Collection Set: 0.2ms
[2025-03-18T15:37:20.547+0100][50.211s][info][gc,phases   ] GC(59)   Merge Heap Roots: 0.1ms
[2025-03-18T15:37:20.547+0100][50.211s][info][gc,phases   ] GC(59)   Evacuate Collection Set: 115.3ms
[2025-03-18T15:37:20.547+0100][50.211s][info][gc,phases   ] GC(59)   Post Evacuate Collection Set: 11.9ms
[2025-03-18T15:37:20.547+0100][50.211s][info][gc,phases   ] GC(59)   Other: 0.6ms
[2025-03-18T15:37:20.547+0100][50.211s][info][gc,heap     ] GC(59) Eden regions: 259->0(205)
[2025-03-18T15:37:20.547+0100][50.211s][info][gc,heap     ] GC(59) Survivor regions: 33->37(37)
[2025-03-18T15:37:20.547+0100][50.211s][info][gc,heap     ] GC(59) Old regions: 569->533
[2025-03-18T15:37:20.547+0100][50.211s][info][gc,heap     ] GC(59) Humongous regions: 1->1
[2025-03-18T15:37:20.547+0100][50.211s][info][gc,metaspace] GC(59) Metaspace: 27091K(27456K)->27091K(27456K) NonClass: 23513K(23744K)->23513K(23744K) Class: 3578K(3712K)->3578K(3712K)
[2025-03-18T15:37:20.547+0100][50.211s][info][gc          ] GC(59) Pause Young (Mixed) (G1 Evacuation Pause) 3446M->2282M(4096M) 128.250ms
[2025-03-18T15:37:20.547+0100][50.211s][info][gc,cpu      ] GC(59) User=0.51s Sys=0.25s Real=0.13s
[2025-03-18T15:37:21.336+0100][51.000s][info][gc,start    ] GC(60) Pause Young (Mixed) (G1 Evacuation Pause)
[2025-03-18T15:37:21.337+0100][51.000s][info][gc,task     ] GC(60) Using 9 workers of 9 for evacuation
[2025-03-18T15:37:21.439+0100][51.102s][info][gc,mmu      ] GC(60) MMU target violated: 101.0ms (100.0ms/101.0ms)
[2025-03-18T15:37:21.439+0100][51.102s][info][gc,phases   ] GC(60)   Pre Evacuate Collection Set: 0.2ms
[2025-03-18T15:37:21.439+0100][51.103s][info][gc,phases   ] GC(60)   Merge Heap Roots: 0.2ms
[2025-03-18T15:37:21.439+0100][51.103s][info][gc,phases   ] GC(60)   Evacuate Collection Set: 99.1ms
[2025-03-18T15:37:21.439+0100][51.103s][info][gc,phases   ] GC(60)   Post Evacuate Collection Set: 2.6ms
[2025-03-18T15:37:21.439+0100][51.103s][info][gc,phases   ] GC(60)   Other: 0.1ms
[2025-03-18T15:37:21.439+0100][51.103s][info][gc,heap     ] GC(60) Eden regions: 196->0(206)
[2025-03-18T15:37:21.439+0100][51.103s][info][gc,heap     ] GC(60) Survivor regions: 37->30(30)
[2025-03-18T15:37:21.439+0100][51.103s][info][gc,heap     ] GC(60) Old regions: 533->550
[2025-03-18T15:37:21.439+0100][51.103s][info][gc,heap     ] GC(60) Humongous regions: 2->2
[2025-03-18T15:37:21.439+0100][51.103s][info][gc,metaspace] GC(60) Metaspace: 27092K(27456K)->27092K(27456K) NonClass: 23514K(23744K)->23514K(23744K) Class: 3578K(3712K)->3578K(3712K)
[2025-03-18T15:37:21.439+0100][51.103s][info][gc          ] GC(60) Pause Young (Mixed) (G1 Evacuation Pause) 3070M->2326M(4096M) 102.437ms
[2025-03-18T15:37:21.439+0100][51.103s][info][gc,cpu      ] GC(60) User=0.46s Sys=0.15s Real=0.10s
[2025-03-18T15:37:22.228+0100][51.891s][info][gc,start    ] GC(61) Pause Young (Mixed) (G1 Evacuation Pause)
[2025-03-18T15:37:22.228+0100][51.892s][info][gc,task     ] GC(61) Using 9 workers of 9 for evacuation
[2025-03-18T15:37:22.303+0100][51.966s][info][gc,phases   ] GC(61)   Pre Evacuate Collection Set: 0.2ms
[2025-03-18T15:37:22.303+0100][51.966s][info][gc,phases   ] GC(61)   Merge Heap Roots: 0.2ms
[2025-03-18T15:37:22.303+0100][51.966s][info][gc,phases   ] GC(61)   Evacuate Collection Set: 67.7ms
[2025-03-18T15:37:22.303+0100][51.966s][info][gc,phases   ] GC(61)   Merge Optional Heap Roots: 0.0ms
[2025-03-18T15:37:22.303+0100][51.966s][info][gc,phases   ] GC(61)   Evacuate Optional Collection Set: 0.2ms
[2025-03-18T15:37:22.303+0100][51.966s][info][gc,phases   ] GC(61)   Post Evacuate Collection Set: 3.3ms
[2025-03-18T15:37:22.303+0100][51.966s][info][gc,phases   ] GC(61)   Other: 2.8ms
[2025-03-18T15:37:22.303+0100][51.966s][info][gc,heap     ] GC(61) Eden regions: 205->0(227)
[2025-03-18T15:37:22.303+0100][51.966s][info][gc,heap     ] GC(61) Survivor regions: 30->30(30)
[2025-03-18T15:37:22.303+0100][51.966s][info][gc,heap     ] GC(61) Old regions: 550->548
[2025-03-18T15:37:22.303+0100][51.966s][info][gc,heap     ] GC(61) Humongous regions: 2->2
[2025-03-18T15:37:22.303+0100][51.966s][info][gc,metaspace] GC(61) Metaspace: 27092K(27456K)->27092K(27456K) NonClass: 23514K(23744K)->23514K(23744K) Class: 3578K(3712K)->3578K(3712K)
[2025-03-18T15:37:22.303+0100][51.966s][info][gc          ] GC(61) Pause Young (Mixed) (G1 Evacuation Pause) 3146M->2320M(4096M) 75.224ms
[2025-03-18T15:37:22.303+0100][51.967s][info][gc,cpu      ] GC(61) User=0.42s Sys=0.11s Real=0.08s
[2025-03-18T15:37:23.225+0100][52.889s][info][gc,start    ] GC(62) Pause Young (Mixed) (G1 Evacuation Pause)
[2025-03-18T15:37:23.225+0100][52.889s][info][gc,task     ] GC(62) Using 9 workers of 9 for evacuation
[2025-03-18T15:37:23.309+0100][52.972s][info][gc,phases   ] GC(62)   Pre Evacuate Collection Set: 0.2ms
[2025-03-18T15:37:23.309+0100][52.972s][info][gc,phases   ] GC(62)   Merge Heap Roots: 0.3ms
[2025-03-18T15:37:23.309+0100][52.973s][info][gc,phases   ] GC(62)   Evacuate Collection Set: 79.9ms
[2025-03-18T15:37:23.309+0100][52.973s][info][gc,phases   ] GC(62)   Post Evacuate Collection Set: 3.1ms
[2025-03-18T15:37:23.309+0100][52.973s][info][gc,phases   ] GC(62)   Other: 0.1ms
[2025-03-18T15:37:23.309+0100][52.973s][info][gc,heap     ] GC(62) Eden regions: 230->0(259)
[2025-03-18T15:37:23.309+0100][52.973s][info][gc,heap     ] GC(62) Survivor regions: 30->33(33)
[2025-03-18T15:37:23.309+0100][52.973s][info][gc,heap     ] GC(62) Old regions: 548->569
[2025-03-18T15:37:23.309+0100][52.973s][info][gc,heap     ] GC(62) Humongous regions: 2->2
[2025-03-18T15:37:23.309+0100][52.973s][info][gc,metaspace] GC(62) Metaspace: 27097K(27456K)->27097K(27456K) NonClass: 23518K(23744K)->23518K(23744K) Class: 3578K(3712K)->3578K(3712K)
[2025-03-18T15:37:23.309+0100][52.973s][info][gc          ] GC(62) Pause Young (Mixed) (G1 Evacuation Pause) 3240M->2414M(4096M) 83.795ms
[2025-03-18T15:37:23.309+0100][52.973s][info][gc,cpu      ] GC(62) User=0.44s Sys=0.11s Real=0.08s
[2025-03-18T15:37:24.307+0100][53.970s][info][gc,start    ] GC(63) Pause Young (Concurrent Start) (G1 Evacuation Pause)
[2025-03-18T15:37:24.307+0100][53.970s][info][gc,task     ] GC(63) Using 9 workers of 9 for evacuation
[2025-03-18T15:37:24.397+0100][54.060s][info][gc,phases   ] GC(63)   Pre Evacuate Collection Set: 0.2ms
[2025-03-18T15:37:24.397+0100][54.061s][info][gc,phases   ] GC(63)   Merge Heap Roots: 0.2ms
[2025-03-18T15:37:24.397+0100][54.061s][info][gc,phases   ] GC(63)   Evacuate Collection Set: 86.4ms
[2025-03-18T15:37:24.397+0100][54.061s][info][gc,phases   ] GC(63)   Post Evacuate Collection Set: 3.2ms
[2025-03-18T15:37:24.397+0100][54.061s][info][gc,phases   ] GC(63)   Other: 0.1ms
[2025-03-18T15:37:24.397+0100][54.061s][info][gc,heap     ] GC(63) Eden regions: 259->0(215)
[2025-03-18T15:37:24.397+0100][54.061s][info][gc,heap     ] GC(63) Survivor regions: 33->37(37)
[2025-03-18T15:37:24.397+0100][54.061s][info][gc,heap     ] GC(63) Old regions: 569->637
[2025-03-18T15:37:24.397+0100][54.061s][info][gc,heap     ] GC(63) Humongous regions: 2->2
[2025-03-18T15:37:24.397+0100][54.061s][info][gc,metaspace] GC(63) Metaspace: 27097K(27456K)->27097K(27456K) NonClass: 23518K(23744K)->23518K(23744K) Class: 3578K(3712K)->3578K(3712K)
[2025-03-18T15:37:24.397+0100][54.061s][info][gc          ] GC(63) Pause Young (Concurrent Start) (G1 Evacuation Pause) 3450M->2702M(4096M) 90.240ms
[2025-03-18T15:37:24.397+0100][54.061s][info][gc          ] GC(64) Concurrent Mark Cycle
[2025-03-18T15:37:24.397+0100][54.061s][info][gc,marking  ] GC(64) Concurrent Scan Root Regions
[2025-03-18T15:37:24.397+0100][54.061s][info][gc,cpu      ] GC(63) User=0.49s Sys=0.11s Real=0.09s
[2025-03-18T15:37:24.465+0100][54.129s][info][gc,marking  ] GC(64) Concurrent Scan Root Regions 67.874ms
[2025-03-18T15:37:24.465+0100][54.129s][info][gc,marking  ] GC(64) Concurrent Mark
[2025-03-18T15:37:24.465+0100][54.129s][info][gc,marking  ] GC(64) Concurrent Mark From Roots
[2025-03-18T15:37:24.465+0100][54.129s][info][gc,task     ] GC(64) Using 2 workers of 2 for marking
[2025-03-18T15:37:25.251+0100][54.915s][info][gc,marking  ] GC(64) Concurrent Mark From Roots 786.197ms
[2025-03-18T15:37:25.251+0100][54.915s][info][gc,marking  ] GC(64) Concurrent Preclean
[2025-03-18T15:37:25.302+0100][54.966s][info][gc,marking  ] GC(64) Concurrent Preclean 51.298ms
[2025-03-18T15:37:25.303+0100][54.966s][info][gc,start    ] GC(64) Pause Remark
[2025-03-18T15:37:25.305+0100][54.968s][info][gc          ] GC(64) Pause Remark 3566M->3566M(4096M) 2.083ms
[2025-03-18T15:37:25.305+0100][54.968s][info][gc,cpu      ] GC(64) User=0.01s Sys=0.00s Real=0.00s
[2025-03-18T15:37:25.305+0100][54.969s][info][gc,marking  ] GC(64) Concurrent Mark 839.949ms
[2025-03-18T15:37:25.305+0100][54.969s][info][gc,marking  ] GC(64) Concurrent Rebuild Remembered Sets and Scrub Regions
[2025-03-18T15:37:25.309+0100][54.973s][info][gc,start    ] GC(65) Pause Young (Normal) (G1 Evacuation Pause)
[2025-03-18T15:37:25.310+0100][54.973s][info][gc,task     ] GC(65) Using 9 workers of 9 for evacuation
[2025-03-18T15:37:25.414+0100][55.078s][info][gc,mmu      ] GC(65) MMU target violated: 101.0ms (100.0ms/101.0ms)
[2025-03-18T15:37:25.414+0100][55.078s][info][gc,phases   ] GC(65)   Pre Evacuate Collection Set: 0.1ms
[2025-03-18T15:37:25.414+0100][55.078s][info][gc,phases   ] GC(65)   Merge Heap Roots: 0.3ms
[2025-03-18T15:37:25.414+0100][55.078s][info][gc,phases   ] GC(65)   Evacuate Collection Set: 100.6ms
[2025-03-18T15:37:25.414+0100][55.078s][info][gc,phases   ] GC(65)   Post Evacuate Collection Set: 3.2ms
[2025-03-18T15:37:25.414+0100][55.078s][info][gc,phases   ] GC(65)   Other: 0.1ms
[2025-03-18T15:37:25.414+0100][55.078s][info][gc,heap     ] GC(65) Eden regions: 215->0(178)
[2025-03-18T15:37:25.414+0100][55.078s][info][gc,heap     ] GC(65) Survivor regions: 37->32(32)
[2025-03-18T15:37:25.414+0100][55.078s][info][gc,heap     ] GC(65) Old regions: 637->701
[2025-03-18T15:37:25.414+0100][55.078s][info][gc,heap     ] GC(65) Humongous regions: 4->4
[2025-03-18T15:37:25.414+0100][55.078s][info][gc,metaspace] GC(65) Metaspace: 27097K(27456K)->27097K(27456K) NonClass: 23518K(23744K)->23518K(23744K) Class: 3578K(3712K)->3578K(3712K)
[2025-03-18T15:37:25.414+0100][55.078s][info][gc          ] GC(65) Pause Young (Normal) (G1 Evacuation Pause) 3570M->2946M(4096M) 104.480ms
[2025-03-18T15:37:25.414+0100][55.078s][info][gc,cpu      ] GC(65) User=0.50s Sys=0.14s Real=0.11s
[2025-03-18T15:37:25.903+0100][55.567s][info][gc,marking  ] GC(64) Concurrent Rebuild Remembered Sets and Scrub Regions 598.143ms
[2025-03-18T15:37:25.903+0100][55.567s][info][gc,start    ] GC(64) Pause Cleanup
[2025-03-18T15:37:25.903+0100][55.567s][info][gc          ] GC(64) Pause Cleanup 3442M->3442M(4096M) 0.233ms
[2025-03-18T15:37:25.904+0100][55.567s][info][gc,cpu      ] GC(64) User=0.00s Sys=0.00s Real=0.00s
[2025-03-18T15:37:25.904+0100][55.567s][info][gc,marking  ] GC(64) Concurrent Clear Claimed Marks
[2025-03-18T15:37:25.904+0100][55.567s][info][gc,marking  ] GC(64) Concurrent Clear Claimed Marks 0.023ms
[2025-03-18T15:37:25.904+0100][55.567s][info][gc,marking  ] GC(64) Concurrent Cleanup for Next Mark
[2025-03-18T15:37:25.906+0100][55.570s][info][gc,marking  ] GC(64) Concurrent Cleanup for Next Mark 2.597ms
[2025-03-18T15:37:25.906+0100][55.570s][info][gc          ] GC(64) Concurrent Mark Cycle 1509.233ms
[2025-03-18T15:37:26.147+0100][55.810s][info][gc,start    ] GC(66) Pause Young (Prepare Mixed) (G1 Evacuation Pause)
[2025-03-18T15:37:26.147+0100][55.811s][info][gc,task     ] GC(66) Using 9 workers of 9 for evacuation
[2025-03-18T15:37:26.195+0100][55.859s][info][gc,phases   ] GC(66)   Pre Evacuate Collection Set: 0.2ms
[2025-03-18T15:37:26.195+0100][55.859s][info][gc,phases   ] GC(66)   Merge Heap Roots: 0.3ms
[2025-03-18T15:37:26.195+0100][55.859s][info][gc,phases   ] GC(66)   Evacuate Collection Set: 44.4ms
[2025-03-18T15:37:26.195+0100][55.859s][info][gc,phases   ] GC(66)   Post Evacuate Collection Set: 2.6ms
[2025-03-18T15:37:26.195+0100][55.859s][info][gc,phases   ] GC(66)   Other: 0.1ms
[2025-03-18T15:37:26.195+0100][55.859s][info][gc,heap     ] GC(66) Eden regions: 178->0(148)
[2025-03-18T15:37:26.195+0100][55.859s][info][gc,heap     ] GC(66) Survivor regions: 32->27(27)
[2025-03-18T15:37:26.195+0100][55.859s][info][gc,heap     ] GC(66) Old regions: 701->755
[2025-03-18T15:37:26.195+0100][55.859s][info][gc,heap     ] GC(66) Humongous regions: 4->4
[2025-03-18T15:37:26.195+0100][55.859s][info][gc,metaspace] GC(66) Metaspace: 27153K(27520K)->27153K(27520K) NonClass: 23571K(23808K)->23571K(23808K) Class: 3581K(3712K)->3581K(3712K)
[2025-03-18T15:37:26.195+0100][55.859s][info][gc          ] GC(66) Pause Young (Prepare Mixed) (G1 Evacuation Pause) 3658M->3144M(4096M) 48.225ms
[2025-03-18T15:37:26.195+0100][55.859s][info][gc,cpu      ] GC(66) User=0.40s Sys=0.01s Real=0.05s
[2025-03-18T15:37:26.752+0100][56.416s][info][gc,start    ] GC(67) Pause Young (Mixed) (G1 Evacuation Pause)
[2025-03-18T15:37:26.752+0100][56.416s][info][gc,task     ] GC(67) Using 9 workers of 9 for evacuation
[2025-03-18T15:37:26.792+0100][56.456s][info][gc,phases   ] GC(67)   Pre Evacuate Collection Set: 0.2ms
[2025-03-18T15:37:26.792+0100][56.456s][info][gc,phases   ] GC(67)   Merge Heap Roots: 0.2ms
[2025-03-18T15:37:26.792+0100][56.456s][info][gc,phases   ] GC(67)   Evacuate Collection Set: 36.9ms
[2025-03-18T15:37:26.792+0100][56.456s][info][gc,phases   ] GC(67)   Post Evacuate Collection Set: 2.6ms
[2025-03-18T15:37:26.792+0100][56.456s][info][gc,phases   ] GC(67)   Other: 0.1ms
[2025-03-18T15:37:26.792+0100][56.456s][info][gc,heap     ] GC(67) Eden regions: 148->0(131)
[2025-03-18T15:37:26.792+0100][56.456s][info][gc,heap     ] GC(67) Survivor regions: 27->22(22)
[2025-03-18T15:37:26.792+0100][56.456s][info][gc,heap     ] GC(67) Old regions: 755->787
[2025-03-18T15:37:26.792+0100][56.456s][info][gc,heap     ] GC(67) Humongous regions: 4->4
[2025-03-18T15:37:26.792+0100][56.456s][info][gc,metaspace] GC(67) Metaspace: 27153K(27520K)->27153K(27520K) NonClass: 23571K(23808K)->23571K(23808K) Class: 3581K(3712K)->3581K(3712K)
[2025-03-18T15:37:26.793+0100][56.456s][info][gc          ] GC(67) Pause Young (Mixed) (G1 Evacuation Pause) 3736M->3252M(4096M) 40.126ms
[2025-03-18T15:37:26.793+0100][56.456s][info][gc,cpu      ] GC(67) User=0.33s Sys=0.01s Real=0.04s
[2025-03-18T15:37:27.328+0100][56.992s][info][gc,start    ] GC(68) Pause Young (Concurrent Start) (G1 Evacuation Pause)
[2025-03-18T15:37:27.328+0100][56.992s][info][gc,task     ] GC(68) Using 9 workers of 9 for evacuation
[2025-03-18T15:37:27.366+0100][57.029s][info][gc,phases   ] GC(68)   Pre Evacuate Collection Set: 0.2ms
[2025-03-18T15:37:27.366+0100][57.029s][info][gc,phases   ] GC(68)   Merge Heap Roots: 0.1ms
[2025-03-18T15:37:27.366+0100][57.029s][info][gc,phases   ] GC(68)   Evacuate Collection Set: 35.0ms
[2025-03-18T15:37:27.366+0100][57.029s][info][gc,phases   ] GC(68)   Post Evacuate Collection Set: 2.2ms
[2025-03-18T15:37:27.366+0100][57.029s][info][gc,phases   ] GC(68)   Other: 0.1ms
[2025-03-18T15:37:27.366+0100][57.029s][info][gc,heap     ] GC(68) Eden regions: 131->0(102)
[2025-03-18T15:37:27.366+0100][57.029s][info][gc,heap     ] GC(68) Survivor regions: 22->20(20)
[2025-03-18T15:37:27.366+0100][57.029s][info][gc,heap     ] GC(68) Old regions: 787->826
[2025-03-18T15:37:27.366+0100][57.029s][info][gc,heap     ] GC(68) Humongous regions: 4->4
[2025-03-18T15:37:27.366+0100][57.029s][info][gc,metaspace] GC(68) Metaspace: 27153K(27520K)->27153K(27520K) NonClass: 23571K(23808K)->23571K(23808K) Class: 3581K(3712K)->3581K(3712K)
[2025-03-18T15:37:27.366+0100][57.029s][info][gc          ] GC(68) Pause Young (Concurrent Start) (G1 Evacuation Pause) 3776M->3400M(4096M) 37.829ms
[2025-03-18T15:37:27.366+0100][57.029s][info][gc          ] GC(69) Concurrent Mark Cycle
[2025-03-18T15:37:27.366+0100][57.029s][info][gc,cpu      ] GC(68) User=0.28s Sys=0.02s Real=0.04s
[2025-03-18T15:37:27.366+0100][57.029s][info][gc,marking  ] GC(69) Concurrent Scan Root Regions
[2025-03-18T15:37:27.404+0100][57.067s][info][gc,marking  ] GC(69) Concurrent Scan Root Regions 37.756ms
[2025-03-18T15:37:27.404+0100][57.067s][info][gc,marking  ] GC(69) Concurrent Mark
[2025-03-18T15:37:27.404+0100][57.067s][info][gc,marking  ] GC(69) Concurrent Mark From Roots
[2025-03-18T15:37:27.404+0100][57.067s][info][gc,task     ] GC(69) Using 2 workers of 2 for marking
[2025-03-18T15:37:27.779+0100][57.442s][info][gc,start    ] GC(70) Pause Young (Normal) (G1 Evacuation Pause)
[2025-03-18T15:37:27.779+0100][57.443s][info][gc,task     ] GC(70) Using 9 workers of 9 for evacuation
[2025-03-18T15:37:27.808+0100][57.471s][info][gc,phases   ] GC(70)   Pre Evacuate Collection Set: 0.1ms
[2025-03-18T15:37:27.808+0100][57.471s][info][gc,phases   ] GC(70)   Merge Heap Roots: 0.1ms
[2025-03-18T15:37:27.808+0100][57.471s][info][gc,phases   ] GC(70)   Evacuate Collection Set: 26.4ms
[2025-03-18T15:37:27.808+0100][57.471s][info][gc,phases   ] GC(70)   Post Evacuate Collection Set: 2.1ms
[2025-03-18T15:37:27.808+0100][57.471s][info][gc,phases   ] GC(70)   Other: 0.0ms
[2025-03-18T15:37:27.808+0100][57.471s][info][gc,heap     ] GC(70) Eden regions: 102->0(77)
[2025-03-18T15:37:27.808+0100][57.471s][info][gc,heap     ] GC(70) Survivor regions: 20->16(16)
[2025-03-18T15:37:27.808+0100][57.471s][info][gc,heap     ] GC(70) Old regions: 826->859
[2025-03-18T15:37:27.808+0100][57.471s][info][gc,heap     ] GC(70) Humongous regions: 4->4
[2025-03-18T15:37:27.808+0100][57.471s][info][gc,metaspace] GC(70) Metaspace: 27153K(27520K)->27153K(27520K) NonClass: 23571K(23808K)->23571K(23808K) Class: 3581K(3712K)->3581K(3712K)
[2025-03-18T15:37:27.808+0100][57.471s][info][gc          ] GC(70) Pause Young (Normal) (G1 Evacuation Pause) 3808M->3516M(4096M) 28.983ms
[2025-03-18T15:37:27.808+0100][57.472s][info][gc,cpu      ] GC(70) User=0.23s Sys=0.00s Real=0.03s
[2025-03-18T15:37:28.129+0100][57.793s][info][gc,start    ] GC(71) Pause Young (Normal) (G1 Evacuation Pause)
[2025-03-18T15:37:28.129+0100][57.793s][info][gc,task     ] GC(71) Using 9 workers of 9 for evacuation
[2025-03-18T15:37:28.153+0100][57.816s][info][gc,phases   ] GC(71)   Pre Evacuate Collection Set: 0.1ms
[2025-03-18T15:37:28.153+0100][57.817s][info][gc,phases   ] GC(71)   Merge Heap Roots: 0.1ms
[2025-03-18T15:37:28.153+0100][57.817s][info][gc,phases   ] GC(71)   Evacuate Collection Set: 21.4ms
[2025-03-18T15:37:28.153+0100][57.817s][info][gc,phases   ] GC(71)   Post Evacuate Collection Set: 1.8ms
[2025-03-18T15:37:28.153+0100][57.817s][info][gc,phases   ] GC(71)   Other: 0.0ms
[2025-03-18T15:37:28.153+0100][57.817s][info][gc,heap     ] GC(71) Eden regions: 77->0(58)
[2025-03-18T15:37:28.153+0100][57.817s][info][gc,heap     ] GC(71) Survivor regions: 16->12(12)
[2025-03-18T15:37:28.153+0100][57.817s][info][gc,heap     ] GC(71) Old regions: 859->886
[2025-03-18T15:37:28.153+0100][57.817s][info][gc,heap     ] GC(71) Humongous regions: 4->4
[2025-03-18T15:37:28.153+0100][57.817s][info][gc,metaspace] GC(71) Metaspace: 27153K(27520K)->27153K(27520K) NonClass: 23571K(23808K)->23571K(23808K) Class: 3581K(3712K)->3581K(3712K)
[2025-03-18T15:37:28.153+0100][57.817s][info][gc          ] GC(71) Pause Young (Normal) (G1 Evacuation Pause) 3824M->3608M(4096M) 23.640ms
[2025-03-18T15:37:28.153+0100][57.817s][info][gc,cpu      ] GC(71) User=0.19s Sys=0.00s Real=0.03s
[2025-03-18T15:37:28.404+0100][58.068s][info][gc,start    ] GC(72) Pause Young (Normal) (G1 Evacuation Pause)
[2025-03-18T15:37:28.404+0100][58.068s][info][gc,task     ] GC(72) Using 9 workers of 9 for evacuation
[2025-03-18T15:37:28.421+0100][58.085s][info][gc,phases   ] GC(72)   Pre Evacuate Collection Set: 0.1ms
[2025-03-18T15:37:28.422+0100][58.085s][info][gc,phases   ] GC(72)   Merge Heap Roots: 0.1ms
[2025-03-18T15:37:28.422+0100][58.085s][info][gc,phases   ] GC(72)   Evacuate Collection Set: 16.0ms
[2025-03-18T15:37:28.422+0100][58.085s][info][gc,phases   ] GC(72)   Post Evacuate Collection Set: 1.4ms
[2025-03-18T15:37:28.422+0100][58.085s][info][gc,phases   ] GC(72)   Other: 0.0ms
[2025-03-18T15:37:28.422+0100][58.085s][info][gc,heap     ] GC(72) Eden regions: 58->0(42)
[2025-03-18T15:37:28.422+0100][58.085s][info][gc,heap     ] GC(72) Survivor regions: 12->9(9)
[2025-03-18T15:37:28.422+0100][58.085s][info][gc,heap     ] GC(72) Old regions: 886->908
[2025-03-18T15:37:28.422+0100][58.085s][info][gc,heap     ] GC(72) Humongous regions: 4->4
[2025-03-18T15:37:28.422+0100][58.085s][info][gc,metaspace] GC(72) Metaspace: 27153K(27520K)->27153K(27520K) NonClass: 23571K(23808K)->23571K(23808K) Class: 3581K(3712K)->3581K(3712K)
[2025-03-18T15:37:28.422+0100][58.085s][info][gc          ] GC(72) Pause Young (Normal) (G1 Evacuation Pause) 3840M->3682M(4096M) 17.751ms
[2025-03-18T15:37:28.422+0100][58.085s][info][gc,cpu      ] GC(72) User=0.15s Sys=0.00s Real=0.02s
[2025-03-18T15:37:28.522+0100][58.186s][info][gc,marking  ] GC(69) Concurrent Mark From Roots 1118.253ms
[2025-03-18T15:37:28.522+0100][58.186s][info][gc,marking  ] GC(69) Concurrent Preclean
[2025-03-18T15:37:28.522+0100][58.186s][info][gc,marking  ] GC(69) Concurrent Preclean 0.579ms
[2025-03-18T15:37:28.523+0100][58.186s][info][gc,start    ] GC(69) Pause Remark
[2025-03-18T15:37:28.524+0100][58.188s][info][gc          ] GC(69) Pause Remark 3792M->3788M(4096M) 1.617ms
[2025-03-18T15:37:28.524+0100][58.188s][info][gc,cpu      ] GC(69) User=0.01s Sys=0.01s Real=0.00s
[2025-03-18T15:37:28.524+0100][58.188s][info][gc,marking  ] GC(69) Concurrent Mark 1120.677ms
[2025-03-18T15:37:28.524+0100][58.188s][info][gc,marking  ] GC(69) Concurrent Rebuild Remembered Sets and Scrub Regions
[2025-03-18T15:37:28.578+0100][58.241s][info][gc,start    ] GC(73) Pause Young (Normal) (G1 Evacuation Pause)
[2025-03-18T15:37:28.578+0100][58.241s][info][gc,task     ] GC(73) Using 9 workers of 9 for evacuation
[2025-03-18T15:37:28.591+0100][58.254s][info][gc,phases   ] GC(73)   Pre Evacuate Collection Set: 0.1ms
[2025-03-18T15:37:28.591+0100][58.255s][info][gc,phases   ] GC(73)   Merge Heap Roots: 0.1ms
[2025-03-18T15:37:28.591+0100][58.255s][info][gc,phases   ] GC(73)   Evacuate Collection Set: 11.8ms
[2025-03-18T15:37:28.591+0100][58.255s][info][gc,phases   ] GC(73)   Post Evacuate Collection Set: 1.2ms
[2025-03-18T15:37:28.591+0100][58.255s][info][gc,phases   ] GC(73)   Other: 0.0ms
[2025-03-18T15:37:28.591+0100][58.255s][info][gc,heap     ] GC(73) Eden regions: 42->0(44)
[2025-03-18T15:37:28.591+0100][58.255s][info][gc,heap     ] GC(73) Survivor regions: 9->7(7)
[2025-03-18T15:37:28.591+0100][58.255s][info][gc,heap     ] GC(73) Old regions: 908->924
[2025-03-18T15:37:28.591+0100][58.255s][info][gc,heap     ] GC(73) Humongous regions: 3->3
[2025-03-18T15:37:28.591+0100][58.255s][info][gc,metaspace] GC(73) Metaspace: 27153K(27520K)->27153K(27520K) NonClass: 23571K(23808K)->23571K(23808K) Class: 3581K(3712K)->3581K(3712K)
[2025-03-18T15:37:28.591+0100][58.255s][info][gc          ] GC(73) Pause Young (Normal) (G1 Evacuation Pause) 3846M->3733M(4096M) 13.367ms
[2025-03-18T15:37:28.591+0100][58.255s][info][gc,cpu      ] GC(73) User=0.10s Sys=0.00s Real=0.02s
[2025-03-18T15:37:28.787+0100][58.451s][info][gc,start    ] GC(74) Pause Young (Normal) (G1 Evacuation Pause)
[2025-03-18T15:37:28.787+0100][58.451s][info][gc,task     ] GC(74) Using 9 workers of 9 for evacuation
[2025-03-18T15:37:28.802+0100][58.465s][info][gc,phases   ] GC(74)   Pre Evacuate Collection Set: 0.2ms
[2025-03-18T15:37:28.802+0100][58.465s][info][gc,phases   ] GC(74)   Merge Heap Roots: 0.1ms
[2025-03-18T15:37:28.802+0100][58.465s][info][gc,phases   ] GC(74)   Evacuate Collection Set: 13.1ms
[2025-03-18T15:37:28.802+0100][58.465s][info][gc,phases   ] GC(74)   Post Evacuate Collection Set: 1.1ms
[2025-03-18T15:37:28.802+0100][58.465s][info][gc,phases   ] GC(74)   Other: 0.0ms
[2025-03-18T15:37:28.802+0100][58.465s][info][gc,heap     ] GC(74) Eden regions: 44->0(44)
[2025-03-18T15:37:28.802+0100][58.465s][info][gc,heap     ] GC(74) Survivor regions: 7->7(7)
[2025-03-18T15:37:28.802+0100][58.465s][info][gc,heap     ] GC(74) Old regions: 924->937
[2025-03-18T15:37:28.802+0100][58.465s][info][gc,heap     ] GC(74) Humongous regions: 3->3
[2025-03-18T15:37:28.802+0100][58.465s][info][gc,metaspace] GC(74) Metaspace: 27153K(27520K)->27153K(27520K) NonClass: 23571K(23808K)->23571K(23808K) Class: 3581K(3712K)->3581K(3712K)
[2025-03-18T15:37:28.802+0100][58.466s][info][gc          ] GC(74) Pause Young (Normal) (G1 Evacuation Pause) 3909M->3786M(4096M) 14.717ms
[2025-03-18T15:37:28.802+0100][58.466s][info][gc,cpu      ] GC(74) User=0.12s Sys=0.00s Real=0.02s
[2025-03-18T15:37:28.963+0100][58.627s][info][gc,start    ] GC(75) Pause Young (Normal) (G1 Evacuation Pause)
[2025-03-18T15:37:28.963+0100][58.627s][info][gc,task     ] GC(75) Using 9 workers of 9 for evacuation
[2025-03-18T15:37:28.979+0100][58.643s][info][gc,phases   ] GC(75)   Pre Evacuate Collection Set: 0.1ms
[2025-03-18T15:37:28.979+0100][58.643s][info][gc,phases   ] GC(75)   Merge Heap Roots: 0.2ms
[2025-03-18T15:37:28.979+0100][58.643s][info][gc,phases   ] GC(75)   Evacuate Collection Set: 14.3ms
[2025-03-18T15:37:28.979+0100][58.643s][info][gc,phases   ] GC(75)   Post Evacuate Collection Set: 1.2ms
[2025-03-18T15:37:28.979+0100][58.643s][info][gc,phases   ] GC(75)   Other: 0.1ms
[2025-03-18T15:37:28.979+0100][58.643s][info][gc,heap     ] GC(75) Eden regions: 44->0(44)
[2025-03-18T15:37:28.979+0100][58.643s][info][gc,heap     ] GC(75) Survivor regions: 7->7(7)
[2025-03-18T15:37:28.979+0100][58.643s][info][gc,heap     ] GC(75) Old regions: 937->951
[2025-03-18T15:37:28.979+0100][58.643s][info][gc,heap     ] GC(75) Humongous regions: 3->3
[2025-03-18T15:37:28.979+0100][58.643s][info][gc,metaspace] GC(75) Metaspace: 27153K(27520K)->27153K(27520K) NonClass: 23571K(23808K)->23571K(23808K) Class: 3581K(3712K)->3581K(3712K)
[2025-03-18T15:37:28.979+0100][58.643s][info][gc          ] GC(75) Pause Young (Normal) (G1 Evacuation Pause) 3962M->3841M(4096M) 16.034ms
[2025-03-18T15:37:28.979+0100][58.643s][info][gc,cpu      ] GC(75) User=0.13s Sys=0.00s Real=0.01s
[2025-03-18T15:37:29.140+0100][58.804s][info][gc,start    ] GC(76) Pause Young (Normal) (G1 Evacuation Pause)
[2025-03-18T15:37:29.140+0100][58.804s][info][gc,task     ] GC(76) Using 9 workers of 9 for evacuation
[2025-03-18T15:37:29.159+0100][58.823s][info][gc,phases   ] GC(76)   Pre Evacuate Collection Set: 0.2ms
[2025-03-18T15:37:29.159+0100][58.823s][info][gc,phases   ] GC(76)   Merge Heap Roots: 0.2ms
[2025-03-18T15:37:29.159+0100][58.823s][info][gc,phases   ] GC(76)   Evacuate Collection Set: 16.2ms
[2025-03-18T15:37:29.159+0100][58.823s][info][gc,phases   ] GC(76)   Post Evacuate Collection Set: 2.3ms
[2025-03-18T15:37:29.159+0100][58.823s][info][gc,phases   ] GC(76)   Other: 0.0ms
[2025-03-18T15:37:29.159+0100][58.823s][info][gc,heap     ] GC(76) Eden regions: 44->0(1)
[2025-03-18T15:37:29.159+0100][58.823s][info][gc,heap     ] GC(76) Survivor regions: 7->7(7)
[2025-03-18T15:37:29.159+0100][58.823s][info][gc,heap     ] GC(76) Old regions: 951->1006
[2025-03-18T15:37:29.159+0100][58.823s][info][gc,heap     ] GC(76) Humongous regions: 3->3
[2025-03-18T15:37:29.159+0100][58.823s][info][gc,metaspace] GC(76) Metaspace: 27153K(27520K)->27153K(27520K) NonClass: 23571K(23808K)->23571K(23808K) Class: 3581K(3712K)->3581K(3712K)
[2025-03-18T15:37:29.159+0100][58.823s][info][gc          ] GC(76) Pause Young (Normal) (G1 Evacuation Pause) (Evacuation Failure) 4017M->4064M(4096M) 19.093ms
[2025-03-18T15:37:29.159+0100][58.823s][info][gc,cpu      ] GC(76) User=0.14s Sys=0.00s Real=0.01s
[2025-03-18T15:37:29.198+0100][58.861s][info][gc,start    ] GC(77) Pause Young (Normal) (G1 Evacuation Pause)
[2025-03-18T15:37:29.198+0100][58.861s][info][gc,task     ] GC(77) Using 9 workers of 9 for evacuation
[2025-03-18T15:37:29.210+0100][58.874s][info][gc,phases   ] GC(77)   Pre Evacuate Collection Set: 0.1ms
[2025-03-18T15:37:29.211+0100][58.874s][info][gc,phases   ] GC(77)   Merge Heap Roots: 0.3ms
[2025-03-18T15:37:29.211+0100][58.874s][info][gc,phases   ] GC(77)   Evacuate Collection Set: 11.5ms
[2025-03-18T15:37:29.211+0100][58.874s][info][gc,phases   ] GC(77)   Post Evacuate Collection Set: 0.9ms
[2025-03-18T15:37:29.211+0100][58.874s][info][gc,phases   ] GC(77)   Other: 0.0ms
[2025-03-18T15:37:29.211+0100][58.874s][info][gc,heap     ] GC(77) Eden regions: 1->0(0)
[2025-03-18T15:37:29.211+0100][58.874s][info][gc,heap     ] GC(77) Survivor regions: 7->1(1)
[2025-03-18T15:37:29.211+0100][58.874s][info][gc,heap     ] GC(77) Old regions: 1006->1019
[2025-03-18T15:37:29.211+0100][58.874s][info][gc,heap     ] GC(77) Humongous regions: 3->3
[2025-03-18T15:37:29.211+0100][58.874s][info][gc,metaspace] GC(77) Metaspace: 27153K(27520K)->27153K(27520K) NonClass: 23571K(23808K)->23571K(23808K) Class: 3581K(3712K)->3581K(3712K)
[2025-03-18T15:37:29.211+0100][58.874s][info][gc          ] GC(77) Pause Young (Normal) (G1 Evacuation Pause) (Evacuation Failure) 4068M->4090M(4096M) 12.974ms
[2025-03-18T15:37:29.211+0100][58.874s][info][gc,cpu      ] GC(77) User=0.11s Sys=0.00s Real=0.02s
[2025-03-18T15:37:29.211+0100][58.874s][info][gc,ergo     ] Attempting full compaction
[2025-03-18T15:37:29.211+0100][58.874s][info][gc,start    ] GC(78) Pause Full (G1 Compaction Pause)
[2025-03-18T15:37:29.211+0100][58.874s][info][gc,task     ] GC(78) Using 9 workers of 9 for full compaction
[2025-03-18T15:37:29.211+0100][58.875s][info][gc,phases,start] GC(78) Phase 1: Mark live objects
[2025-03-18T15:37:29.886+0100][59.550s][info][gc,phases      ] GC(78) Phase 1: Mark live objects 674.951ms
[2025-03-18T15:37:29.886+0100][59.550s][info][gc,phases,start] GC(78) Phase 2: Prepare compaction
[2025-03-18T15:37:29.897+0100][59.560s][info][gc,phases      ] GC(78) Phase 2: Prepare compaction 10.372ms
[2025-03-18T15:37:29.897+0100][59.560s][info][gc,phases,start] GC(78) Phase 3: Adjust pointers
[2025-03-18T15:37:29.990+0100][59.653s][info][gc,phases      ] GC(78) Phase 3: Adjust pointers 92.978ms
[2025-03-18T15:37:29.990+0100][59.653s][info][gc,phases,start] GC(78) Phase 4: Compact heap
[2025-03-18T15:37:30.010+0100][59.673s][info][gc,phases      ] GC(78) Phase 4: Compact heap 20.040ms
[2025-03-18T15:37:30.010+0100][59.673s][info][gc,phases,start] GC(78) Phase 5: Reset Metadata
[2025-03-18T15:37:30.060+0100][59.724s][info][gc,phases      ] GC(78) Phase 5: Reset Metadata 50.618ms
[2025-03-18T15:37:30.067+0100][59.730s][info][gc,heap        ] GC(78) Eden regions: 0->0(71)
[2025-03-18T15:37:30.067+0100][59.730s][info][gc,heap        ] GC(78) Survivor regions: 1->0(1)
[2025-03-18T15:37:30.067+0100][59.730s][info][gc,heap        ] GC(78) Old regions: 1019->898
[2025-03-18T15:37:30.067+0100][59.730s][info][gc,heap        ] GC(78) Humongous regions: 3->3
[2025-03-18T15:37:30.067+0100][59.730s][info][gc,metaspace   ] GC(78) Metaspace: 27153K(27520K)->27028K(27520K) NonClass: 23571K(23808K)->23482K(23808K) Class: 3581K(3712K)->3546K(3712K)
[2025-03-18T15:37:30.067+0100][59.730s][info][gc             ] GC(78) Pause Full (G1 Compaction Pause) 4090M->3585M(4096M) 856.091ms
[2025-03-18T15:37:30.067+0100][59.730s][info][gc,cpu         ] GC(78) User=6.55s Sys=0.43s Real=0.85s
[2025-03-18T15:37:30.067+0100][59.731s][info][gc,marking     ] GC(69) Concurrent Rebuild Remembered Sets and Scrub Regions 1542.589ms
[2025-03-18T15:37:30.067+0100][59.731s][info][gc,marking     ] GC(69) Concurrent Mark Abort
[2025-03-18T15:37:30.067+0100][59.731s][info][gc             ] GC(69) Concurrent Mark Cycle 2701.147ms
[2025-03-18T15:37:30.291+0100][59.955s][info][gc,start       ] GC(79) Pause Young (Concurrent Start) (G1 Humongous Allocation)
[2025-03-18T15:37:30.291+0100][59.955s][info][gc,task        ] GC(79) Using 9 workers of 9 for evacuation
[2025-03-18T15:37:30.303+0100][59.967s][info][gc,phases      ] GC(79)   Pre Evacuate Collection Set: 0.2ms
[2025-03-18T15:37:30.303+0100][59.967s][info][gc,phases      ] GC(79)   Merge Heap Roots: 0.1ms
[2025-03-18T15:37:30.303+0100][59.967s][info][gc,phases      ] GC(79)   Evacuate Collection Set: 11.2ms
[2025-03-18T15:37:30.303+0100][59.967s][info][gc,phases      ] GC(79)   Post Evacuate Collection Set: 0.9ms
[2025-03-18T15:37:30.303+0100][59.967s][info][gc,phases      ] GC(79)   Other: 0.1ms
[2025-03-18T15:37:30.303+0100][59.967s][info][gc,heap        ] GC(79) Eden regions: 64->0(44)
[2025-03-18T15:37:30.303+0100][59.967s][info][gc,heap        ] GC(79) Survivor regions: 0->9(9)
[2025-03-18T15:37:30.303+0100][59.967s][info][gc,heap        ] GC(79) Old regions: 898->907
[2025-03-18T15:37:30.303+0100][59.967s][info][gc,heap        ] GC(79) Humongous regions: 3->3
[2025-03-18T15:37:30.303+0100][59.967s][info][gc,metaspace   ] GC(79) Metaspace: 27028K(27520K)->27028K(27520K) NonClass: 23482K(23808K)->23482K(23808K) Class: 3546K(3712K)->3546K(3712K)
[2025-03-18T15:37:30.303+0100][59.967s][info][gc             ] GC(79) Pause Young (Concurrent Start) (G1 Humongous Allocation) 3840M->3655M(4096M) 12.568ms
[2025-03-18T15:37:30.304+0100][59.967s][info][gc             ] GC(80) Concurrent Mark Cycle
[2025-03-18T15:37:30.304+0100][59.967s][info][gc,cpu         ] GC(79) User=0.09s Sys=0.00s Real=0.01s
[2025-03-18T15:37:30.304+0100][59.967s][info][gc,marking     ] GC(80) Concurrent Scan Root Regions
[2025-03-18T15:37:30.315+0100][59.979s][info][gc,marking     ] GC(80) Concurrent Scan Root Regions 11.870ms
[2025-03-18T15:37:30.315+0100][59.979s][info][gc,marking     ] GC(80) Concurrent Mark
[2025-03-18T15:37:30.315+0100][59.979s][info][gc,marking     ] GC(80) Concurrent Mark From Roots
[2025-03-18T15:37:30.315+0100][59.979s][info][gc,task        ] GC(80) Using 2 workers of 2 for marking
[2025-03-18T15:37:30.510+0100][60.174s][info][gc,start       ] GC(81) Pause Young (Normal) (G1 Evacuation Pause)
[2025-03-18T15:37:30.510+0100][60.174s][info][gc,task        ] GC(81) Using 9 workers of 9 for evacuation
[2025-03-18T15:37:30.525+0100][60.189s][info][gc,phases      ] GC(81)   Pre Evacuate Collection Set: 0.2ms
[2025-03-18T15:37:30.525+0100][60.189s][info][gc,phases      ] GC(81)   Merge Heap Roots: 0.1ms
[2025-03-18T15:37:30.525+0100][60.189s][info][gc,phases      ] GC(81)   Evacuate Collection Set: 13.6ms
[2025-03-18T15:37:30.525+0100][60.189s][info][gc,phases      ] GC(81)   Post Evacuate Collection Set: 1.0ms
[2025-03-18T15:37:30.525+0100][60.189s][info][gc,phases      ] GC(81)   Other: 0.0ms
[2025-03-18T15:37:30.525+0100][60.189s][info][gc,heap        ] GC(81) Eden regions: 44->0(44)
[2025-03-18T15:37:30.525+0100][60.189s][info][gc,heap        ] GC(81) Survivor regions: 9->7(7)
[2025-03-18T15:37:30.525+0100][60.189s][info][gc,heap        ] GC(81) Old regions: 907->922
[2025-03-18T15:37:30.525+0100][60.189s][info][gc,heap        ] GC(81) Humongous regions: 5->5
[2025-03-18T15:37:30.525+0100][60.189s][info][gc,metaspace   ] GC(81) Metaspace: 27028K(27520K)->27028K(27520K) NonClass: 23482K(23808K)->23482K(23808K) Class: 3546K(3712K)->3546K(3712K)
[2025-03-18T15:37:30.525+0100][60.189s][info][gc             ] GC(81) Pause Young (Normal) (G1 Evacuation Pause) 3839M->3715M(4096M) 15.100ms
[2025-03-18T15:37:30.525+0100][60.189s][info][gc,cpu         ] GC(81) User=0.10s Sys=0.00s Real=0.01s
[2025-03-18T15:37:30.691+0100][60.354s][info][gc,start       ] GC(82) Pause Young (Normal) (G1 Evacuation Pause)
[2025-03-18T15:37:30.691+0100][60.354s][info][gc,task        ] GC(82) Using 9 workers of 9 for evacuation
[2025-03-18T15:37:30.703+0100][60.367s][info][gc,phases      ] GC(82)   Pre Evacuate Collection Set: 0.1ms
[2025-03-18T15:37:30.703+0100][60.367s][info][gc,phases      ] GC(82)   Merge Heap Roots: 0.1ms
[2025-03-18T15:37:30.703+0100][60.367s][info][gc,phases      ] GC(82)   Evacuate Collection Set: 11.1ms
[2025-03-18T15:37:30.703+0100][60.367s][info][gc,phases      ] GC(82)   Post Evacuate Collection Set: 1.0ms
[2025-03-18T15:37:30.703+0100][60.367s][info][gc,phases      ] GC(82)   Other: 0.0ms
[2025-03-18T15:37:30.703+0100][60.367s][info][gc,heap        ] GC(82) Eden regions: 44->0(44)
[2025-03-18T15:37:30.703+0100][60.367s][info][gc,heap        ] GC(82) Survivor regions: 7->7(7)
[2025-03-18T15:37:30.703+0100][60.367s][info][gc,heap        ] GC(82) Old regions: 922->935
[2025-03-18T15:37:30.703+0100][60.367s][info][gc,heap        ] GC(82) Humongous regions: 5->5
[2025-03-18T15:37:30.703+0100][60.367s][info][gc,metaspace   ] GC(82) Metaspace: 27028K(27520K)->27028K(27520K) NonClass: 23482K(23808K)->23482K(23808K) Class: 3546K(3712K)->3546K(3712K)
[2025-03-18T15:37:30.703+0100][60.367s][info][gc             ] GC(82) Pause Young (Normal) (G1 Evacuation Pause) 3891M->3767M(4096M) 12.547ms
[2025-03-18T15:37:30.703+0100][60.367s][info][gc,cpu         ] GC(82) User=0.10s Sys=0.01s Real=0.01s
[2025-03-18T15:37:30.905+0100][60.569s][info][gc,start       ] GC(83) Pause Young (Normal) (G1 Evacuation Pause)
[2025-03-18T15:37:30.905+0100][60.569s][info][gc,task        ] GC(83) Using 9 workers of 9 for evacuation
[2025-03-18T15:37:30.918+0100][60.581s][info][gc,phases      ] GC(83)   Pre Evacuate Collection Set: 0.1ms
[2025-03-18T15:37:30.918+0100][60.582s][info][gc,phases      ] GC(83)   Merge Heap Roots: 0.1ms
[2025-03-18T15:37:30.918+0100][60.582s][info][gc,phases      ] GC(83)   Evacuate Collection Set: 11.3ms
[2025-03-18T15:37:30.918+0100][60.582s][info][gc,phases      ] GC(83)   Post Evacuate Collection Set: 1.1ms
[2025-03-18T15:37:30.918+0100][60.582s][info][gc,phases      ] GC(83)   Other: 0.0ms
[2025-03-18T15:37:30.918+0100][60.582s][info][gc,heap        ] GC(83) Eden regions: 44->0(44)
[2025-03-18T15:37:30.918+0100][60.582s][info][gc,heap        ] GC(83) Survivor regions: 7->7(7)
[2025-03-18T15:37:30.918+0100][60.582s][info][gc,heap        ] GC(83) Old regions: 935->948
[2025-03-18T15:37:30.918+0100][60.582s][info][gc,heap        ] GC(83) Humongous regions: 5->5
[2025-03-18T15:37:30.918+0100][60.582s][info][gc,metaspace   ] GC(83) Metaspace: 27029K(27520K)->27029K(27520K) NonClass: 23482K(23808K)->23482K(23808K) Class: 3546K(3712K)->3546K(3712K)
[2025-03-18T15:37:30.918+0100][60.582s][info][gc             ] GC(83) Pause Young (Normal) (G1 Evacuation Pause) 3943M->3819M(4096M) 12.781ms
[2025-03-18T15:37:30.918+0100][60.582s][info][gc,cpu         ] GC(83) User=0.10s Sys=0.00s Real=0.01s
[2025-03-18T15:37:31.082+0100][60.746s][info][gc,start       ] GC(84) Pause Young (Normal) (G1 Evacuation Pause)
[2025-03-18T15:37:31.082+0100][60.746s][info][gc,task        ] GC(84) Using 9 workers of 9 for evacuation
[2025-03-18T15:37:31.095+0100][60.758s][info][gc,phases      ] GC(84)   Pre Evacuate Collection Set: 0.1ms
[2025-03-18T15:37:31.095+0100][60.758s][info][gc,phases      ] GC(84)   Merge Heap Roots: 0.1ms
[2025-03-18T15:37:31.095+0100][60.758s][info][gc,phases      ] GC(84)   Evacuate Collection Set: 10.9ms
[2025-03-18T15:37:31.095+0100][60.758s][info][gc,phases      ] GC(84)   Post Evacuate Collection Set: 1.0ms
[2025-03-18T15:37:31.095+0100][60.758s][info][gc,phases      ] GC(84)   Other: 0.0ms
[2025-03-18T15:37:31.095+0100][60.758s][info][gc,heap        ] GC(84) Eden regions: 44->0(44)
[2025-03-18T15:37:31.095+0100][60.758s][info][gc,heap        ] GC(84) Survivor regions: 7->7(7)
[2025-03-18T15:37:31.095+0100][60.758s][info][gc,heap        ] GC(84) Old regions: 948->961
[2025-03-18T15:37:31.095+0100][60.758s][info][gc,heap        ] GC(84) Humongous regions: 5->5
[2025-03-18T15:37:31.095+0100][60.758s][info][gc,metaspace   ] GC(84) Metaspace: 27029K(27520K)->27029K(27520K) NonClass: 23482K(23808K)->23482K(23808K) Class: 3546K(3712K)->3546K(3712K)
[2025-03-18T15:37:31.095+0100][60.758s][info][gc             ] GC(84) Pause Young (Normal) (G1 Evacuation Pause) 3995M->3871M(4096M) 12.353ms
[2025-03-18T15:37:31.095+0100][60.758s][info][gc,cpu         ] GC(84) User=0.10s Sys=0.00s Real=0.01s
[2025-03-18T15:37:31.302+0100][60.966s][info][gc,start       ] GC(85) Pause Young (Normal) (G1 Evacuation Pause)
[2025-03-18T15:37:31.302+0100][60.966s][info][gc,task        ] GC(85) Using 9 workers of 9 for evacuation
[2025-03-18T15:37:31.319+0100][60.982s][info][gc,phases      ] GC(85)   Pre Evacuate Collection Set: 0.1ms
[2025-03-18T15:37:31.319+0100][60.982s][info][gc,phases      ] GC(85)   Merge Heap Roots: 0.1ms
[2025-03-18T15:37:31.319+0100][60.982s][info][gc,phases      ] GC(85)   Evacuate Collection Set: 13.1ms
[2025-03-18T15:37:31.319+0100][60.982s][info][gc,phases      ] GC(85)   Post Evacuate Collection Set: 3.4ms
[2025-03-18T15:37:31.319+0100][60.982s][info][gc,phases      ] GC(85)   Other: 0.0ms
[2025-03-18T15:37:31.319+0100][60.982s][info][gc,heap        ] GC(85) Eden regions: 44->0(0)
[2025-03-18T15:37:31.319+0100][60.982s][info][gc,heap        ] GC(85) Survivor regions: 7->2(7)
[2025-03-18T15:37:31.319+0100][60.982s][info][gc,heap        ] GC(85) Old regions: 961->1017
[2025-03-18T15:37:31.319+0100][60.982s][info][gc,heap        ] GC(85) Humongous regions: 5->5
[2025-03-18T15:37:31.319+0100][60.982s][info][gc,metaspace   ] GC(85) Metaspace: 27029K(27520K)->27029K(27520K) NonClass: 23482K(23808K)->23482K(23808K) Class: 3546K(3712K)->3546K(3712K)
[2025-03-18T15:37:31.319+0100][60.982s][info][gc             ] GC(85) Pause Young (Normal) (G1 Evacuation Pause) (Evacuation Failure) 4047M->4077M(4096M) 16.867ms
[2025-03-18T15:37:31.319+0100][60.983s][info][gc,cpu         ] GC(85) User=0.13s Sys=0.00s Real=0.01s
[2025-03-18T15:37:31.319+0100][60.983s][info][gc,ergo        ] Attempting full compaction
[2025-03-18T15:37:31.319+0100][60.983s][info][gc,start       ] GC(86) Pause Full (G1 Compaction Pause)
[2025-03-18T15:37:31.319+0100][60.983s][info][gc,task        ] GC(86) Using 9 workers of 9 for full compaction
[2025-03-18T15:37:31.320+0100][60.984s][info][gc,phases,start] GC(86) Phase 1: Mark live objects
[2025-03-18T15:37:32.043+0100][61.707s][info][gc,phases      ] GC(86) Phase 1: Mark live objects 722.879ms
[2025-03-18T15:37:32.043+0100][61.707s][info][gc,phases,start] GC(86) Phase 2: Prepare compaction
[2025-03-18T15:37:32.047+0100][61.710s][info][gc,phases      ] GC(86) Phase 2: Prepare compaction 3.751ms
[2025-03-18T15:37:32.047+0100][61.710s][info][gc,phases,start] GC(86) Phase 3: Adjust pointers
[2025-03-18T15:37:32.141+0100][61.804s][info][gc,phases      ] GC(86) Phase 3: Adjust pointers 93.889ms
[2025-03-18T15:37:32.141+0100][61.804s][info][gc,phases,start] GC(86) Phase 4: Compact heap
[2025-03-18T15:37:32.145+0100][61.809s][info][gc,phases      ] GC(86) Phase 4: Compact heap 4.291ms
[2025-03-18T15:37:32.145+0100][61.809s][info][gc,phases,start] GC(86) Phase 5: Reset Metadata
[2025-03-18T15:37:32.202+0100][61.865s][info][gc,phases      ] GC(86) Phase 5: Reset Metadata 56.705ms
[2025-03-18T15:37:32.208+0100][61.872s][info][gc,heap        ] GC(86) Eden regions: 0->0(48)
[2025-03-18T15:37:32.208+0100][61.872s][info][gc,heap        ] GC(86) Survivor regions: 2->0(7)
[2025-03-18T15:37:32.208+0100][61.872s][info][gc,heap        ] GC(86) Old regions: 1017->973
[2025-03-18T15:37:32.208+0100][61.872s][info][gc,heap        ] GC(86) Humongous regions: 5->3
[2025-03-18T15:37:32.208+0100][61.872s][info][gc,metaspace   ] GC(86) Metaspace: 27029K(27520K)->27029K(27520K) NonClass: 23482K(23808K)->23482K(23808K) Class: 3546K(3712K)->3546K(3712K)
[2025-03-18T15:37:32.208+0100][61.872s][info][gc             ] GC(86) Pause Full (G1 Compaction Pause) 4077M->3887M(4096M) 889.166ms
[2025-03-18T15:37:32.208+0100][61.872s][info][gc,cpu         ] GC(86) User=6.89s Sys=0.34s Real=0.89s
[2025-03-18T15:37:32.208+0100][61.872s][info][gc,marking     ] GC(80) Concurrent Mark From Roots 1892.674ms
[2025-03-18T15:37:32.208+0100][61.872s][info][gc,marking     ] GC(80) Concurrent Mark Abort
[2025-03-18T15:37:32.208+0100][61.872s][info][gc             ] GC(80) Concurrent Mark Cycle 1904.647ms
[2025-03-18T15:37:32.380+0100][62.044s][info][gc,start       ] GC(87) Pause Young (Normal) (G1 Evacuation Pause)
[2025-03-18T15:37:32.380+0100][62.044s][info][gc,task        ] GC(87) Using 9 workers of 9 for evacuation
[2025-03-18T15:37:32.395+0100][62.059s][info][gc,phases      ] GC(87)   Pre Evacuate Collection Set: 0.2ms
[2025-03-18T15:37:32.395+0100][62.059s][info][gc,phases      ] GC(87)   Merge Heap Roots: 0.1ms
[2025-03-18T15:37:32.395+0100][62.059s][info][gc,phases      ] GC(87)   Evacuate Collection Set: 10.9ms
[2025-03-18T15:37:32.395+0100][62.059s][info][gc,phases      ] GC(87)   Post Evacuate Collection Set: 4.0ms
[2025-03-18T15:37:32.395+0100][62.059s][info][gc,phases      ] GC(87)   Other: 0.0ms
[2025-03-18T15:37:32.395+0100][62.059s][info][gc,heap        ] GC(87) Eden regions: 48->0(0)
[2025-03-18T15:37:32.395+0100][62.059s][info][gc,heap        ] GC(87) Survivor regions: 0->0(0)
[2025-03-18T15:37:32.395+0100][62.059s][info][gc,heap        ] GC(87) Old regions: 973->1021
[2025-03-18T15:37:32.395+0100][62.059s][info][gc,heap        ] GC(87) Humongous regions: 3->3
[2025-03-18T15:37:32.395+0100][62.059s][info][gc,metaspace   ] GC(87) Metaspace: 27029K(27520K)->27029K(27520K) NonClass: 23482K(23808K)->23482K(23808K) Class: 3546K(3712K)->3546K(3712K)
[2025-03-18T15:37:32.395+0100][62.059s][info][gc             ] GC(87) Pause Young (Normal) (G1 Evacuation Pause) (Evacuation Failure) 4079M->4079M(4096M) 15.251ms
[2025-03-18T15:37:32.395+0100][62.059s][info][gc,cpu         ] GC(87) User=0.12s Sys=0.01s Real=0.01s
[2025-03-18T15:37:32.395+0100][62.059s][info][gc,ergo        ] Attempting full compaction
[2025-03-18T15:37:32.395+0100][62.059s][info][gc,start       ] GC(88) Pause Full (G1 Compaction Pause)
[2025-03-18T15:37:32.395+0100][62.059s][info][gc,task        ] GC(88) Using 9 workers of 9 for full compaction
[2025-03-18T15:37:32.395+0100][62.059s][info][gc,phases,start] GC(88) Phase 1: Mark live objects
[2025-03-18T15:37:33.135+0100][62.798s][info][gc,phases      ] GC(88) Phase 1: Mark live objects 739.362ms
[2025-03-18T15:37:33.135+0100][62.798s][info][gc,phases,start] GC(88) Phase 2: Prepare compaction
[2025-03-18T15:37:33.139+0100][62.802s][info][gc,phases      ] GC(88) Phase 2: Prepare compaction 4.029ms
[2025-03-18T15:37:33.139+0100][62.802s][info][gc,phases,start] GC(88) Phase 3: Adjust pointers
[2025-03-18T15:37:33.232+0100][62.895s][info][gc,phases      ] GC(88) Phase 3: Adjust pointers 92.883ms
[2025-03-18T15:37:33.232+0100][62.895s][info][gc,phases,start] GC(88) Phase 4: Compact heap
[2025-03-18T15:37:33.235+0100][62.899s][info][gc,phases      ] GC(88) Phase 4: Compact heap 3.371ms
[2025-03-18T15:37:33.235+0100][62.899s][info][gc,phases,start] GC(88) Phase 5: Reset Metadata
[2025-03-18T15:37:33.293+0100][62.957s][info][gc,phases      ] GC(88) Phase 5: Reset Metadata 57.646ms
[2025-03-18T15:37:33.300+0100][62.963s][info][gc,heap        ] GC(88) Eden regions: 0->0(34)
[2025-03-18T15:37:33.300+0100][62.963s][info][gc,heap        ] GC(88) Survivor regions: 0->0(0)
[2025-03-18T15:37:33.300+0100][62.963s][info][gc,heap        ] GC(88) Old regions: 1021->987
[2025-03-18T15:37:33.300+0100][62.963s][info][gc,heap        ] GC(88) Humongous regions: 3->3
[2025-03-18T15:37:33.300+0100][62.963s][info][gc,metaspace   ] GC(88) Metaspace: 27029K(27520K)->27029K(27520K) NonClass: 23482K(23808K)->23482K(23808K) Class: 3546K(3712K)->3546K(3712K)
[2025-03-18T15:37:33.300+0100][62.963s][info][gc             ] GC(88) Pause Full (G1 Compaction Pause) 4079M->3939M(4096M) 904.496ms
[2025-03-18T15:37:33.300+0100][62.963s][info][gc,cpu         ] GC(88) User=7.07s Sys=0.35s Real=0.91s
[2025-03-18T15:37:33.388+0100][63.052s][info][gc,start       ] GC(89) Pause Young (Concurrent Start) (G1 Evacuation Pause)
[2025-03-18T15:37:33.388+0100][63.052s][info][gc,task        ] GC(89) Using 9 workers of 9 for evacuation
[2025-03-18T15:37:33.395+0100][63.059s][info][gc,phases      ] GC(89)   Pre Evacuate Collection Set: 0.2ms
[2025-03-18T15:37:33.395+0100][63.059s][info][gc,phases      ] GC(89)   Merge Heap Roots: 0.0ms
[2025-03-18T15:37:33.395+0100][63.059s][info][gc,phases      ] GC(89)   Evacuate Collection Set: 4.6ms
[2025-03-18T15:37:33.395+0100][63.059s][info][gc,phases      ] GC(89)   Post Evacuate Collection Set: 2.1ms
[2025-03-18T15:37:33.395+0100][63.059s][info][gc,phases      ] GC(89)   Other: 0.1ms
[2025-03-18T15:37:33.395+0100][63.059s][info][gc,heap        ] GC(89) Eden regions: 34->0(0)
[2025-03-18T15:37:33.395+0100][63.059s][info][gc,heap        ] GC(89) Survivor regions: 0->0(0)
[2025-03-18T15:37:33.395+0100][63.059s][info][gc,heap        ] GC(89) Old regions: 987->1021
[2025-03-18T15:37:33.395+0100][63.059s][info][gc,heap        ] GC(89) Humongous regions: 3->3
[2025-03-18T15:37:33.395+0100][63.059s][info][gc,metaspace   ] GC(89) Metaspace: 27029K(27520K)->27029K(27520K) NonClass: 23482K(23808K)->23482K(23808K) Class: 3546K(3712K)->3546K(3712K)
[2025-03-18T15:37:33.395+0100][63.059s][info][gc             ] GC(89) Pause Young (Concurrent Start) (G1 Evacuation Pause) (Evacuation Failure) 4075M->4075M(4096M) 7.083ms
[2025-03-18T15:37:33.395+0100][63.059s][info][gc             ] GC(90) Concurrent Mark Cycle
[2025-03-18T15:37:33.395+0100][63.059s][info][gc,cpu         ] GC(89) User=0.05s Sys=0.00s Real=0.01s
[2025-03-18T15:37:33.395+0100][63.059s][info][gc,marking     ] GC(90) Concurrent Scan Root Regions
[2025-03-18T15:37:33.395+0100][63.059s][info][gc,ergo        ] Attempting full compaction
[2025-03-18T15:37:33.395+0100][63.059s][info][gc,marking     ] GC(90) Concurrent Scan Root Regions 0.025ms
[2025-03-18T15:37:33.395+0100][63.059s][info][gc,marking     ] GC(90) Concurrent Mark
[2025-03-18T15:37:33.395+0100][63.059s][info][gc,marking     ] GC(90) Concurrent Mark From Roots
[2025-03-18T15:37:33.395+0100][63.059s][info][gc,start       ] GC(91) Pause Full (G1 Compaction Pause)
[2025-03-18T15:37:33.395+0100][63.059s][info][gc,task        ] GC(90) Using 2 workers of 2 for marking
[2025-03-18T15:37:33.395+0100][63.059s][info][gc,task        ] GC(91) Using 9 workers of 9 for full compaction
[2025-03-18T15:37:33.396+0100][63.060s][info][gc,phases,start] GC(91) Phase 1: Mark live objects
[2025-03-18T15:37:34.134+0100][63.798s][info][gc,phases      ] GC(91) Phase 1: Mark live objects 738.038ms
[2025-03-18T15:37:34.134+0100][63.798s][info][gc,phases,start] GC(91) Phase 2: Prepare compaction
[2025-03-18T15:37:34.136+0100][63.800s][info][gc,phases      ] GC(91) Phase 2: Prepare compaction 2.042ms
[2025-03-18T15:37:34.136+0100][63.800s][info][gc,phases,start] GC(91) Phase 3: Adjust pointers
[2025-03-18T15:37:34.230+0100][63.893s][info][gc,phases      ] GC(91) Phase 3: Adjust pointers 93.550ms
[2025-03-18T15:37:34.230+0100][63.893s][info][gc,phases,start] GC(91) Phase 4: Compact heap
[2025-03-18T15:37:34.232+0100][63.895s][info][gc,phases      ] GC(91) Phase 4: Compact heap 1.975ms
[2025-03-18T15:37:34.232+0100][63.895s][info][gc,phases,start] GC(91) Phase 5: Reset Metadata
[2025-03-18T15:37:34.290+0100][63.954s][info][gc,phases      ] GC(91) Phase 5: Reset Metadata 58.216ms
[2025-03-18T15:37:34.297+0100][63.961s][info][gc,heap        ] GC(91) Eden regions: 0->0(27)
[2025-03-18T15:37:34.297+0100][63.961s][info][gc,heap        ] GC(91) Survivor regions: 0->0(0)
[2025-03-18T15:37:34.297+0100][63.961s][info][gc,heap        ] GC(91) Old regions: 1021->994
[2025-03-18T15:37:34.297+0100][63.961s][info][gc,heap        ] GC(91) Humongous regions: 3->3
[2025-03-18T15:37:34.297+0100][63.961s][info][gc,metaspace   ] GC(91) Metaspace: 27029K(27520K)->27029K(27520K) NonClass: 23482K(23808K)->23482K(23808K) Class: 3546K(3712K)->3546K(3712K)
[2025-03-18T15:37:34.297+0100][63.961s][info][gc             ] GC(91) Pause Full (G1 Compaction Pause) 4075M->3963M(4096M) 902.092ms
[2025-03-18T15:37:34.297+0100][63.961s][info][gc,cpu         ] GC(91) User=7.05s Sys=0.36s Real=0.90s
[2025-03-18T15:37:34.298+0100][63.961s][info][gc,marking     ] GC(90) Concurrent Mark From Roots 902.217ms
[2025-03-18T15:37:34.298+0100][63.961s][info][gc,marking     ] GC(90) Concurrent Mark Abort
[2025-03-18T15:37:34.298+0100][63.961s][info][gc             ] GC(90) Concurrent Mark Cycle 902.316ms
[2025-03-18T15:37:34.405+0100][64.069s][info][gc,start       ] GC(92) Pause Young (Normal) (G1 Evacuation Pause)
[2025-03-18T15:37:34.405+0100][64.069s][info][gc,task        ] GC(92) Using 9 workers of 9 for evacuation
[2025-03-18T15:37:34.411+0100][64.075s][info][gc,phases      ] GC(92)   Pre Evacuate Collection Set: 0.1ms
[2025-03-18T15:37:34.411+0100][64.075s][info][gc,phases      ] GC(92)   Merge Heap Roots: 0.1ms
[2025-03-18T15:37:34.411+0100][64.075s][info][gc,phases      ] GC(92)   Evacuate Collection Set: 4.0ms
[2025-03-18T15:37:34.411+0100][64.075s][info][gc,phases      ] GC(92)   Post Evacuate Collection Set: 1.9ms
[2025-03-18T15:37:34.411+0100][64.075s][info][gc,phases      ] GC(92)   Other: 0.0ms
[2025-03-18T15:37:34.411+0100][64.075s][info][gc,heap        ] GC(92) Eden regions: 27->0(0)
[2025-03-18T15:37:34.411+0100][64.075s][info][gc,heap        ] GC(92) Survivor regions: 0->0(0)
[2025-03-18T15:37:34.411+0100][64.075s][info][gc,heap        ] GC(92) Old regions: 994->1021
[2025-03-18T15:37:34.411+0100][64.075s][info][gc,heap        ] GC(92) Humongous regions: 3->3
[2025-03-18T15:37:34.412+0100][64.075s][info][gc,metaspace   ] GC(92) Metaspace: 27029K(27520K)->27029K(27520K) NonClass: 23482K(23808K)->23482K(23808K) Class: 3546K(3712K)->3546K(3712K)
[2025-03-18T15:37:34.412+0100][64.075s][info][gc             ] GC(92) Pause Young (Normal) (G1 Evacuation Pause) (Evacuation Failure) 4071M->4071M(4096M) 6.224ms
[2025-03-18T15:37:34.412+0100][64.075s][info][gc,cpu         ] GC(92) User=0.05s Sys=0.00s Real=0.01s
[2025-03-18T15:37:34.412+0100][64.075s][info][gc,ergo        ] Attempting full compaction
[2025-03-18T15:37:34.412+0100][64.075s][info][gc,start       ] GC(93) Pause Full (G1 Compaction Pause)
[2025-03-18T15:37:34.412+0100][64.075s][info][gc,task        ] GC(93) Using 9 workers of 9 for full compaction
[2025-03-18T15:37:34.412+0100][64.075s][info][gc,phases,start] GC(93) Phase 1: Mark live objects
[2025-03-18T15:37:34.838+0100][64.502s][info][gc,phases      ] GC(93) Phase 1: Mark live objects 426.788ms
[2025-03-18T15:37:34.838+0100][64.502s][info][gc,phases,start] GC(93) Phase 2: Prepare compaction
[2025-03-18T15:37:34.841+0100][64.504s][info][gc,phases      ] GC(93) Phase 2: Prepare compaction 2.075ms
[2025-03-18T15:37:34.841+0100][64.504s][info][gc,phases,start] GC(93) Phase 3: Adjust pointers
[2025-03-18T15:37:34.934+0100][64.598s][info][gc,phases      ] GC(93) Phase 3: Adjust pointers 93.836ms
[2025-03-18T15:37:34.934+0100][64.598s][info][gc,phases,start] GC(93) Phase 4: Compact heap
[2025-03-18T15:37:34.936+0100][64.600s][info][gc,phases      ] GC(93) Phase 4: Compact heap 1.840ms
[2025-03-18T15:37:34.936+0100][64.600s][info][gc,phases,start] GC(93) Phase 5: Reset Metadata
[2025-03-18T15:37:34.995+0100][64.658s][info][gc,phases      ] GC(93) Phase 5: Reset Metadata 58.451ms
[2025-03-18T15:37:35.001+0100][64.664s][info][gc,heap        ] GC(93) Eden regions: 0->0(24)
[2025-03-18T15:37:35.001+0100][64.665s][info][gc,heap        ] GC(93) Survivor regions: 0->0(0)
[2025-03-18T15:37:35.001+0100][64.665s][info][gc,heap        ] GC(93) Old regions: 1021->997
[2025-03-18T15:37:35.001+0100][64.665s][info][gc,heap        ] GC(93) Humongous regions: 3->3
[2025-03-18T15:37:35.001+0100][64.665s][info][gc,metaspace   ] GC(93) Metaspace: 27029K(27520K)->27029K(27520K) NonClass: 23482K(23808K)->23482K(23808K) Class: 3546K(3712K)->3546K(3712K)
[2025-03-18T15:37:35.001+0100][64.665s][info][gc             ] GC(93) Pause Full (G1 Compaction Pause) 4071M->3982M(4096M) 589.332ms
[2025-03-18T15:37:35.001+0100][64.665s][info][gc,cpu         ] GC(93) User=4.50s Sys=0.32s Real=0.59s
[2025-03-18T15:37:35.063+0100][64.727s][info][gc,start       ] GC(94) Pause Young (Concurrent Start) (G1 Evacuation Pause)
[2025-03-18T15:37:35.063+0100][64.727s][info][gc,task        ] GC(94) Using 9 workers of 9 for evacuation
[2025-03-18T15:37:35.068+0100][64.732s][info][gc,phases      ] GC(94)   Pre Evacuate Collection Set: 0.2ms
[2025-03-18T15:37:35.068+0100][64.732s][info][gc,phases      ] GC(94)   Merge Heap Roots: 0.0ms
[2025-03-18T15:37:35.068+0100][64.732s][info][gc,phases      ] GC(94)   Evacuate Collection Set: 3.4ms
[2025-03-18T15:37:35.068+0100][64.732s][info][gc,phases      ] GC(94)   Post Evacuate Collection Set: 1.6ms
[2025-03-18T15:37:35.068+0100][64.732s][info][gc,phases      ] GC(94)   Other: 0.1ms
[2025-03-18T15:37:35.068+0100][64.732s][info][gc,heap        ] GC(94) Eden regions: 24->0(0)
[2025-03-18T15:37:35.068+0100][64.732s][info][gc,heap        ] GC(94) Survivor regions: 0->0(0)
[2025-03-18T15:37:35.068+0100][64.732s][info][gc,heap        ] GC(94) Old regions: 997->1021
[2025-03-18T15:37:35.068+0100][64.732s][info][gc,heap        ] GC(94) Humongous regions: 3->3
[2025-03-18T15:37:35.068+0100][64.732s][info][gc,metaspace   ] GC(94) Metaspace: 27029K(27520K)->27029K(27520K) NonClass: 23482K(23808K)->23482K(23808K) Class: 3546K(3712K)->3546K(3712K)
[2025-03-18T15:37:35.068+0100][64.732s][info][gc             ] GC(94) Pause Young (Concurrent Start) (G1 Evacuation Pause) (Evacuation Failure) 4078M->4078M(4096M) 5.473ms
[2025-03-18T15:37:35.069+0100][64.732s][info][gc             ] GC(95) Concurrent Mark Cycle
[2025-03-18T15:37:35.069+0100][64.732s][info][gc,cpu         ] GC(94) User=0.04s Sys=0.00s Real=0.00s
[2025-03-18T15:37:35.069+0100][64.732s][info][gc,marking     ] GC(95) Concurrent Scan Root Regions
[2025-03-18T15:37:35.069+0100][64.732s][info][gc,ergo        ] Attempting full compaction
[2025-03-18T15:37:35.069+0100][64.732s][info][gc,marking     ] GC(95) Concurrent Scan Root Regions 0.024ms
[2025-03-18T15:37:35.069+0100][64.732s][info][gc,marking     ] GC(95) Concurrent Mark
[2025-03-18T15:37:35.069+0100][64.732s][info][gc,start       ] GC(96) Pause Full (G1 Compaction Pause)
[2025-03-18T15:37:35.069+0100][64.732s][info][gc,marking     ] GC(95) Concurrent Mark From Roots
[2025-03-18T15:37:35.069+0100][64.732s][info][gc,task        ] GC(96) Using 9 workers of 9 for full compaction
[2025-03-18T15:37:35.069+0100][64.732s][info][gc,task        ] GC(95) Using 2 workers of 2 for marking
[2025-03-18T15:37:35.069+0100][64.733s][info][gc,phases,start] GC(96) Phase 1: Mark live objects
[2025-03-18T15:37:35.509+0100][65.173s][info][gc,phases      ] GC(96) Phase 1: Mark live objects 439.735ms
[2025-03-18T15:37:35.509+0100][65.173s][info][gc,phases,start] GC(96) Phase 2: Prepare compaction
[2025-03-18T15:37:35.512+0100][65.175s][info][gc,phases      ] GC(96) Phase 2: Prepare compaction 2.688ms
[2025-03-18T15:37:35.512+0100][65.176s][info][gc,phases,start] GC(96) Phase 3: Adjust pointers
[2025-03-18T15:37:35.614+0100][65.278s][info][gc,phases      ] GC(96) Phase 3: Adjust pointers 102.387ms
[2025-03-18T15:37:35.614+0100][65.278s][info][gc,phases,start] GC(96) Phase 4: Compact heap
[2025-03-18T15:37:35.616+0100][65.280s][info][gc,phases      ] GC(96) Phase 4: Compact heap 1.700ms
[2025-03-18T15:37:35.616+0100][65.280s][info][gc,phases,start] GC(96) Phase 5: Reset Metadata
[2025-03-18T15:37:35.676+0100][65.340s][info][gc,phases      ] GC(96) Phase 5: Reset Metadata 60.058ms
[2025-03-18T15:37:35.683+0100][65.346s][info][gc,heap        ] GC(96) Eden regions: 0->0(18)
[2025-03-18T15:37:35.683+0100][65.346s][info][gc,heap        ] GC(96) Survivor regions: 0->0(0)
[2025-03-18T15:37:35.683+0100][65.346s][info][gc,heap        ] GC(96) Old regions: 1021->1003
[2025-03-18T15:37:35.683+0100][65.346s][info][gc,heap        ] GC(96) Humongous regions: 3->3
[2025-03-18T15:37:35.683+0100][65.346s][info][gc,metaspace   ] GC(96) Metaspace: 27029K(27520K)->27029K(27520K) NonClass: 23482K(23808K)->23482K(23808K) Class: 3546K(3712K)->3546K(3712K)
[2025-03-18T15:37:35.683+0100][65.346s][info][gc             ] GC(96) Pause Full (G1 Compaction Pause) 4078M->3999M(4096M) 614.070ms
[2025-03-18T15:37:35.683+0100][65.346s][info][gc,cpu         ] GC(96) User=4.52s Sys=0.31s Real=0.62s
[2025-03-18T15:37:35.683+0100][65.346s][info][gc,marking     ] GC(95) Concurrent Mark From Roots 614.182ms
[2025-03-18T15:37:35.683+0100][65.346s][info][gc,marking     ] GC(95) Concurrent Mark Abort
[2025-03-18T15:37:35.683+0100][65.346s][info][gc             ] GC(95) Concurrent Mark Cycle 614.288ms
[2025-03-18T15:37:35.729+0100][65.393s][info][gc,start       ] GC(97) Pause Young (Normal) (G1 Evacuation Pause)
[2025-03-18T15:37:35.729+0100][65.393s][info][gc,task        ] GC(97) Using 9 workers of 9 for evacuation
[2025-03-18T15:37:35.733+0100][65.397s][info][gc,phases      ] GC(97)   Pre Evacuate Collection Set: 0.2ms
[2025-03-18T15:37:35.733+0100][65.397s][info][gc,phases      ] GC(97)   Merge Heap Roots: 0.0ms
[2025-03-18T15:37:35.733+0100][65.397s][info][gc,phases      ] GC(97)   Evacuate Collection Set: 2.4ms
[2025-03-18T15:37:35.734+0100][65.397s][info][gc,phases      ] GC(97)   Post Evacuate Collection Set: 1.4ms
[2025-03-18T15:37:35.734+0100][65.397s][info][gc,phases      ] GC(97)   Other: 0.0ms
[2025-03-18T15:37:35.734+0100][65.397s][info][gc,heap        ] GC(97) Eden regions: 18->0(0)
[2025-03-18T15:37:35.734+0100][65.397s][info][gc,heap        ] GC(97) Survivor regions: 0->0(0)
[2025-03-18T15:37:35.734+0100][65.397s][info][gc,heap        ] GC(97) Old regions: 1003->1021
[2025-03-18T15:37:35.734+0100][65.397s][info][gc,heap        ] GC(97) Humongous regions: 3->3
[2025-03-18T15:37:35.734+0100][65.397s][info][gc,metaspace   ] GC(97) Metaspace: 27029K(27520K)->27029K(27520K) NonClass: 23482K(23808K)->23482K(23808K) Class: 3546K(3712K)->3546K(3712K)
[2025-03-18T15:37:35.734+0100][65.397s][info][gc             ] GC(97) Pause Young (Normal) (G1 Evacuation Pause) (Evacuation Failure) 4071M->4071M(4096M) 4.176ms
[2025-03-18T15:37:35.734+0100][65.397s][info][gc,cpu         ] GC(97) User=0.03s Sys=0.00s Real=0.01s
[2025-03-18T15:37:35.734+0100][65.397s][info][gc,ergo        ] Attempting full compaction
[2025-03-18T15:37:35.734+0100][65.397s][info][gc,start       ] GC(98) Pause Full (G1 Compaction Pause)
[2025-03-18T15:37:35.734+0100][65.397s][info][gc,task        ] GC(98) Using 9 workers of 9 for full compaction
[2025-03-18T15:37:35.734+0100][65.397s][info][gc,phases,start] GC(98) Phase 1: Mark live objects
[2025-03-18T15:37:36.132+0100][65.796s][info][gc,phases      ] GC(98) Phase 1: Mark live objects 398.401ms
[2025-03-18T15:37:36.132+0100][65.796s][info][gc,phases,start] GC(98) Phase 2: Prepare compaction
[2025-03-18T15:37:36.133+0100][65.797s][info][gc,phases      ] GC(98) Phase 2: Prepare compaction 1.284ms
[2025-03-18T15:37:36.133+0100][65.797s][info][gc,phases,start] GC(98) Phase 3: Adjust pointers
[2025-03-18T15:37:36.227+0100][65.891s][info][gc,phases      ] GC(98) Phase 3: Adjust pointers 93.840ms
[2025-03-18T15:37:36.227+0100][65.891s][info][gc,phases,start] GC(98) Phase 4: Compact heap
[2025-03-18T15:37:36.228+0100][65.892s][info][gc,phases      ] GC(98) Phase 4: Compact heap 1.023ms
[2025-03-18T15:37:36.228+0100][65.892s][info][gc,phases,start] GC(98) Phase 5: Reset Metadata
[2025-03-18T15:37:36.288+0100][65.952s][info][gc,phases      ] GC(98) Phase 5: Reset Metadata 59.837ms
[2025-03-18T15:37:36.294+0100][65.958s][info][gc,heap        ] GC(98) Eden regions: 0->0(18)
[2025-03-18T15:37:36.294+0100][65.958s][info][gc,heap        ] GC(98) Survivor regions: 0->0(0)
[2025-03-18T15:37:36.294+0100][65.958s][info][gc,heap        ] GC(98) Old regions: 1021->1003
[2025-03-18T15:37:36.294+0100][65.958s][info][gc,heap        ] GC(98) Humongous regions: 3->3
[2025-03-18T15:37:36.294+0100][65.958s][info][gc,metaspace   ] GC(98) Metaspace: 27029K(27520K)->27029K(27520K) NonClass: 23482K(23808K)->23482K(23808K) Class: 3546K(3712K)->3546K(3712K)
[2025-03-18T15:37:36.294+0100][65.958s][info][gc             ] GC(98) Pause Full (G1 Compaction Pause) 4071M->4012M(4096M) 560.733ms
[2025-03-18T15:37:36.294+0100][65.958s][info][gc,cpu         ] GC(98) User=4.17s Sys=0.35s Real=0.56s
[2025-03-18T15:37:36.341+0100][66.005s][info][gc,start       ] GC(99) Pause Young (Concurrent Start) (G1 Evacuation Pause)
[2025-03-18T15:37:36.341+0100][66.005s][info][gc,task        ] GC(99) Using 9 workers of 9 for evacuation
[2025-03-18T15:37:36.346+0100][66.010s][info][gc,phases      ] GC(99)   Pre Evacuate Collection Set: 0.2ms
[2025-03-18T15:37:36.346+0100][66.010s][info][gc,phases      ] GC(99)   Merge Heap Roots: 0.0ms
[2025-03-18T15:37:36.346+0100][66.010s][info][gc,phases      ] GC(99)   Evacuate Collection Set: 3.1ms
[2025-03-18T15:37:36.346+0100][66.010s][info][gc,phases      ] GC(99)   Post Evacuate Collection Set: 1.6ms
[2025-03-18T15:37:36.346+0100][66.010s][info][gc,phases      ] GC(99)   Other: 0.1ms
[2025-03-18T15:37:36.346+0100][66.010s][info][gc,heap        ] GC(99) Eden regions: 18->0(0)
[2025-03-18T15:37:36.346+0100][66.010s][info][gc,heap        ] GC(99) Survivor regions: 0->0(0)
[2025-03-18T15:37:36.346+0100][66.010s][info][gc,heap        ] GC(99) Old regions: 1003->1021
[2025-03-18T15:37:36.346+0100][66.010s][info][gc,heap        ] GC(99) Humongous regions: 3->3
[2025-03-18T15:37:36.346+0100][66.010s][info][gc,metaspace   ] GC(99) Metaspace: 27029K(27520K)->27029K(27520K) NonClass: 23482K(23808K)->23482K(23808K) Class: 3546K(3712K)->3546K(3712K)
[2025-03-18T15:37:36.346+0100][66.010s][info][gc             ] GC(99) Pause Young (Concurrent Start) (G1 Evacuation Pause) (Evacuation Failure) 4084M->4084M(4096M) 5.091ms
[2025-03-18T15:37:36.346+0100][66.010s][info][gc             ] GC(100) Concurrent Mark Cycle
[2025-03-18T15:37:36.346+0100][66.010s][info][gc,cpu         ] GC(99) User=0.03s Sys=0.00s Real=0.00s
[2025-03-18T15:37:36.346+0100][66.010s][info][gc,marking     ] GC(100) Concurrent Scan Root Regions
[2025-03-18T15:37:36.347+0100][66.010s][info][gc,ergo        ] Attempting full compaction
[2025-03-18T15:37:36.347+0100][66.010s][info][gc,marking     ] GC(100) Concurrent Scan Root Regions 0.038ms
[2025-03-18T15:37:36.347+0100][66.010s][info][gc,marking     ] GC(100) Concurrent Mark
[2025-03-18T15:37:36.347+0100][66.010s][info][gc,marking     ] GC(100) Concurrent Mark From Roots
[2025-03-18T15:37:36.347+0100][66.010s][info][gc,start       ] GC(101) Pause Full (G1 Compaction Pause)
[2025-03-18T15:37:36.347+0100][66.010s][info][gc,task        ] GC(100) Using 2 workers of 2 for marking
[2025-03-18T15:37:36.347+0100][66.010s][info][gc,task        ] GC(101) Using 9 workers of 9 for full compaction
[2025-03-18T15:37:36.347+0100][66.011s][info][gc,phases,start] GC(101) Phase 1: Mark live objects
[2025-03-18T15:37:36.789+0100][66.453s][info][gc,phases      ] GC(101) Phase 1: Mark live objects 441.743ms
[2025-03-18T15:37:36.789+0100][66.453s][info][gc,phases,start] GC(101) Phase 2: Prepare compaction
[2025-03-18T15:37:36.790+0100][66.454s][info][gc,phases      ] GC(101) Phase 2: Prepare compaction 1.271ms
[2025-03-18T15:37:36.790+0100][66.454s][info][gc,phases,start] GC(101) Phase 3: Adjust pointers
[2025-03-18T15:37:36.885+0100][66.549s][info][gc,phases      ] GC(101) Phase 3: Adjust pointers 94.985ms
[2025-03-18T15:37:36.886+0100][66.549s][info][gc,phases,start] GC(101) Phase 4: Compact heap
[2025-03-18T15:37:36.887+0100][66.550s][info][gc,phases      ] GC(101) Phase 4: Compact heap 1.137ms
[2025-03-18T15:37:36.887+0100][66.550s][info][gc,phases,start] GC(101) Phase 5: Reset Metadata
[2025-03-18T15:37:36.946+0100][66.610s][info][gc,phases      ] GC(101) Phase 5: Reset Metadata 59.332ms
[2025-03-18T15:37:36.952+0100][66.616s][info][gc,heap        ] GC(101) Eden regions: 0->0(13)
[2025-03-18T15:37:36.952+0100][66.616s][info][gc,heap        ] GC(101) Survivor regions: 0->0(0)
[2025-03-18T15:37:36.952+0100][66.616s][info][gc,heap        ] GC(101) Old regions: 1021->1008
[2025-03-18T15:37:36.952+0100][66.616s][info][gc,heap        ] GC(101) Humongous regions: 3->3
[2025-03-18T15:37:36.952+0100][66.616s][info][gc,metaspace   ] GC(101) Metaspace: 27029K(27520K)->27029K(27520K) NonClass: 23482K(23808K)->23482K(23808K) Class: 3546K(3712K)->3546K(3712K)
[2025-03-18T15:37:36.952+0100][66.616s][info][gc             ] GC(101) Pause Full (G1 Compaction Pause) 4084M->4025M(4096M) 605.607ms
[2025-03-18T15:37:36.952+0100][66.616s][info][gc,cpu         ] GC(101) User=4.27s Sys=0.34s Real=0.61s
[2025-03-18T15:37:36.952+0100][66.616s][info][gc,marking     ] GC(100) Concurrent Mark From Roots 605.724ms
[2025-03-18T15:37:36.952+0100][66.616s][info][gc,marking     ] GC(100) Concurrent Mark Abort
[2025-03-18T15:37:36.952+0100][66.616s][info][gc             ] GC(100) Concurrent Mark Cycle 605.886ms
[2025-03-18T15:37:36.986+0100][66.650s][info][gc,start       ] GC(102) Pause Young (Normal) (G1 Evacuation Pause)
[2025-03-18T15:37:36.986+0100][66.650s][info][gc,task        ] GC(102) Using 9 workers of 9 for evacuation
[2025-03-18T15:37:36.989+0100][66.653s][info][gc,phases      ] GC(102)   Pre Evacuate Collection Set: 0.1ms
[2025-03-18T15:37:36.989+0100][66.653s][info][gc,phases      ] GC(102)   Merge Heap Roots: 0.0ms
[2025-03-18T15:37:36.989+0100][66.653s][info][gc,phases      ] GC(102)   Evacuate Collection Set: 1.6ms
[2025-03-18T15:37:36.989+0100][66.653s][info][gc,phases      ] GC(102)   Post Evacuate Collection Set: 1.1ms
[2025-03-18T15:37:36.989+0100][66.653s][info][gc,phases      ] GC(102)   Other: 0.0ms
[2025-03-18T15:37:36.989+0100][66.653s][info][gc,heap        ] GC(102) Eden regions: 13->0(0)
[2025-03-18T15:37:36.989+0100][66.653s][info][gc,heap        ] GC(102) Survivor regions: 0->0(0)
[2025-03-18T15:37:36.989+0100][66.653s][info][gc,heap        ] GC(102) Old regions: 1008->1021
[2025-03-18T15:37:36.989+0100][66.653s][info][gc,heap        ] GC(102) Humongous regions: 3->3
[2025-03-18T15:37:36.989+0100][66.653s][info][gc,metaspace   ] GC(102) Metaspace: 27029K(27520K)->27029K(27520K) NonClass: 23482K(23808K)->23482K(23808K) Class: 3546K(3712K)->3546K(3712K)
[2025-03-18T15:37:36.989+0100][66.653s][info][gc             ] GC(102) Pause Young (Normal) (G1 Evacuation Pause) (Evacuation Failure) 4077M->4077M(4096M) 3.056ms
[2025-03-18T15:37:36.989+0100][66.653s][info][gc,cpu         ] GC(102) User=0.02s Sys=0.00s Real=0.00s
[2025-03-18T15:37:36.989+0100][66.653s][info][gc,ergo        ] Attempting full compaction
[2025-03-18T15:37:36.989+0100][66.653s][info][gc,start       ] GC(103) Pause Full (G1 Compaction Pause)
[2025-03-18T15:37:36.989+0100][66.653s][info][gc,task        ] GC(103) Using 9 workers of 9 for full compaction
[2025-03-18T15:37:36.989+0100][66.653s][info][gc,phases,start] GC(103) Phase 1: Mark live objects
[2025-03-18T15:37:37.779+0100][67.443s][info][gc,phases      ] GC(103) Phase 1: Mark live objects 790.347ms
[2025-03-18T15:37:37.779+0100][67.443s][info][gc,phases,start] GC(103) Phase 2: Prepare compaction
[2025-03-18T15:37:37.781+0100][67.444s][info][gc,phases      ] GC(103) Phase 2: Prepare compaction 1.160ms
[2025-03-18T15:37:37.781+0100][67.444s][info][gc,phases,start] GC(103) Phase 3: Adjust pointers
[2025-03-18T15:37:37.876+0100][67.539s][info][gc,phases      ] GC(103) Phase 3: Adjust pointers 94.956ms
[2025-03-18T15:37:37.876+0100][67.539s][info][gc,phases,start] GC(103) Phase 4: Compact heap
[2025-03-18T15:37:37.877+0100][67.540s][info][gc,phases      ] GC(103) Phase 4: Compact heap 1.007ms
[2025-03-18T15:37:37.877+0100][67.540s][info][gc,phases,start] GC(103) Phase 5: Reset Metadata
[2025-03-18T15:37:37.937+0100][67.600s][info][gc,phases      ] GC(103) Phase 5: Reset Metadata 59.779ms
[2025-03-18T15:37:37.943+0100][67.607s][info][gc,heap        ] GC(103) Eden regions: 0->0(9)
[2025-03-18T15:37:37.943+0100][67.607s][info][gc,heap        ] GC(103) Survivor regions: 0->0(0)
[2025-03-18T15:37:37.943+0100][67.607s][info][gc,heap        ] GC(103) Old regions: 1021->1012
[2025-03-18T15:37:37.943+0100][67.607s][info][gc,heap        ] GC(103) Humongous regions: 3->3
[2025-03-18T15:37:37.943+0100][67.607s][info][gc,metaspace   ] GC(103) Metaspace: 27029K(27520K)->27029K(27520K) NonClass: 23482K(23808K)->23482K(23808K) Class: 3546K(3712K)->3546K(3712K)
[2025-03-18T15:37:37.943+0100][67.607s][info][gc             ] GC(103) Pause Full (G1 Compaction Pause) 4077M->4034M(4096M) 954.014ms
[2025-03-18T15:37:37.943+0100][67.607s][info][gc,cpu         ] GC(103) User=7.54s Sys=0.40s Real=0.96s
[2025-03-18T15:37:37.967+0100][67.630s][info][gc,start       ] GC(104) Pause Young (Concurrent Start) (G1 Evacuation Pause)
[2025-03-18T15:37:37.967+0100][67.630s][info][gc,task        ] GC(104) Using 9 workers of 9 for evacuation
[2025-03-18T15:37:37.969+0100][67.633s][info][gc,phases      ] GC(104)   Pre Evacuate Collection Set: 0.1ms
[2025-03-18T15:37:37.969+0100][67.633s][info][gc,phases      ] GC(104)   Merge Heap Roots: 0.0ms
[2025-03-18T15:37:37.969+0100][67.633s][info][gc,phases      ] GC(104)   Evacuate Collection Set: 1.2ms
[2025-03-18T15:37:37.969+0100][67.633s][info][gc,phases      ] GC(104)   Post Evacuate Collection Set: 0.8ms
[2025-03-18T15:37:37.969+0100][67.633s][info][gc,phases      ] GC(104)   Other: 0.0ms
[2025-03-18T15:37:37.969+0100][67.633s][info][gc,heap        ] GC(104) Eden regions: 9->0(0)
[2025-03-18T15:37:37.969+0100][67.633s][info][gc,heap        ] GC(104) Survivor regions: 0->0(0)
[2025-03-18T15:37:37.969+0100][67.633s][info][gc,heap        ] GC(104) Old regions: 1012->1021
[2025-03-18T15:37:37.969+0100][67.633s][info][gc,heap        ] GC(104) Humongous regions: 3->3
[2025-03-18T15:37:37.969+0100][67.633s][info][gc,metaspace   ] GC(104) Metaspace: 27029K(27520K)->27029K(27520K) NonClass: 23482K(23808K)->23482K(23808K) Class: 3546K(3712K)->3546K(3712K)
[2025-03-18T15:37:37.969+0100][67.633s][info][gc             ] GC(104) Pause Young (Concurrent Start) (G1 Evacuation Pause) (Evacuation Failure) 4070M->4070M(4096M) 2.358ms
[2025-03-18T15:37:37.969+0100][67.633s][info][gc,cpu         ] GC(104) User=0.02s Sys=0.00s Real=0.00s
[2025-03-18T15:37:37.969+0100][67.633s][info][gc             ] GC(105) Concurrent Mark Cycle
[2025-03-18T15:37:37.969+0100][67.633s][info][gc,ergo        ] Attempting full compaction
[2025-03-18T15:37:37.969+0100][67.633s][info][gc,marking     ] GC(105) Concurrent Scan Root Regions
[2025-03-18T15:37:37.969+0100][67.633s][info][gc,start       ] GC(106) Pause Full (G1 Compaction Pause)
[2025-03-18T15:37:37.969+0100][67.633s][info][gc,marking     ] GC(105) Concurrent Scan Root Regions 0.020ms
[2025-03-18T15:37:37.969+0100][67.633s][info][gc,task        ] GC(106) Using 9 workers of 9 for full compaction
[2025-03-18T15:37:37.969+0100][67.633s][info][gc,marking     ] GC(105) Concurrent Mark
[2025-03-18T15:37:37.969+0100][67.633s][info][gc,marking     ] GC(105) Concurrent Mark From Roots
[2025-03-18T15:37:37.969+0100][67.633s][info][gc,task        ] GC(105) Using 2 workers of 2 for marking
[2025-03-18T15:37:37.970+0100][67.633s][info][gc,phases,start] GC(106) Phase 1: Mark live objects
[2025-03-18T15:37:38.425+0100][68.088s][info][gc,phases      ] GC(106) Phase 1: Mark live objects 454.917ms
[2025-03-18T15:37:38.425+0100][68.088s][info][gc,phases,start] GC(106) Phase 2: Prepare compaction
[2025-03-18T15:37:38.426+0100][68.089s][info][gc,phases      ] GC(106) Phase 2: Prepare compaction 0.916ms
[2025-03-18T15:37:38.426+0100][68.089s][info][gc,phases,start] GC(106) Phase 3: Adjust pointers
[2025-03-18T15:37:38.520+0100][68.184s][info][gc,phases      ] GC(106) Phase 3: Adjust pointers 94.340ms
[2025-03-18T15:37:38.520+0100][68.184s][info][gc,phases,start] GC(106) Phase 4: Compact heap
[2025-03-18T15:37:38.521+0100][68.184s][info][gc,phases      ] GC(106) Phase 4: Compact heap 0.708ms
[2025-03-18T15:37:38.521+0100][68.185s][info][gc,phases,start] GC(106) Phase 5: Reset Metadata
[2025-03-18T15:37:38.581+0100][68.244s][info][gc,phases      ] GC(106) Phase 5: Reset Metadata 59.909ms
[2025-03-18T15:37:38.588+0100][68.251s][info][gc,heap        ] GC(106) Eden regions: 0->0(9)
[2025-03-18T15:37:38.588+0100][68.251s][info][gc,heap        ] GC(106) Survivor regions: 0->0(0)
[2025-03-18T15:37:38.588+0100][68.251s][info][gc,heap        ] GC(106) Old regions: 1021->1012
[2025-03-18T15:37:38.588+0100][68.251s][info][gc,heap        ] GC(106) Humongous regions: 3->3
[2025-03-18T15:37:38.588+0100][68.252s][info][gc,metaspace   ] GC(106) Metaspace: 27029K(27520K)->27029K(27520K) NonClass: 23482K(23808K)->23482K(23808K) Class: 3546K(3712K)->3546K(3712K)
[2025-03-18T15:37:38.588+0100][68.252s][info][gc             ] GC(106) Pause Full (G1 Compaction Pause) 4070M->4041M(4096M) 618.664ms
[2025-03-18T15:37:38.588+0100][68.252s][info][gc,cpu         ] GC(106) User=4.74s Sys=0.32s Real=0.62s
[2025-03-18T15:37:38.588+0100][68.252s][info][gc,marking     ] GC(105) Concurrent Mark From Roots 618.742ms
[2025-03-18T15:37:38.588+0100][68.252s][info][gc,marking     ] GC(105) Concurrent Mark Abort
[2025-03-18T15:37:38.588+0100][68.252s][info][gc             ] GC(105) Concurrent Mark Cycle 618.911ms
[2025-03-18T15:37:38.611+0100][68.275s][info][gc,start       ] GC(107) Pause Young (Normal) (G1 Evacuation Pause)
[2025-03-18T15:37:38.611+0100][68.275s][info][gc,task        ] GC(107) Using 9 workers of 9 for evacuation
[2025-03-18T15:37:38.614+0100][68.277s][info][gc,phases      ] GC(107)   Pre Evacuate Collection Set: 0.1ms
[2025-03-18T15:37:38.614+0100][68.277s][info][gc,phases      ] GC(107)   Merge Heap Roots: 0.1ms
[2025-03-18T15:37:38.614+0100][68.277s][info][gc,phases      ] GC(107)   Evacuate Collection Set: 1.3ms
[2025-03-18T15:37:38.614+0100][68.277s][info][gc,phases      ] GC(107)   Post Evacuate Collection Set: 0.8ms
[2025-03-18T15:37:38.614+0100][68.277s][info][gc,phases      ] GC(107)   Other: 0.0ms
[2025-03-18T15:37:38.614+0100][68.277s][info][gc,heap        ] GC(107) Eden regions: 9->0(0)
[2025-03-18T15:37:38.614+0100][68.277s][info][gc,heap        ] GC(107) Survivor regions: 0->0(0)
[2025-03-18T15:37:38.614+0100][68.277s][info][gc,heap        ] GC(107) Old regions: 1012->1021
[2025-03-18T15:37:38.614+0100][68.277s][info][gc,heap        ] GC(107) Humongous regions: 3->3
[2025-03-18T15:37:38.614+0100][68.277s][info][gc,metaspace   ] GC(107) Metaspace: 27029K(27520K)->27029K(27520K) NonClass: 23482K(23808K)->23482K(23808K) Class: 3546K(3712K)->3546K(3712K)
[2025-03-18T15:37:38.614+0100][68.277s][info][gc             ] GC(107) Pause Young (Normal) (G1 Evacuation Pause) (Evacuation Failure) 4077M->4077M(4096M) 2.409ms
[2025-03-18T15:37:38.614+0100][68.277s][info][gc,cpu         ] GC(107) User=0.02s Sys=0.00s Real=0.00s
[2025-03-18T15:37:38.614+0100][68.277s][info][gc,ergo        ] Attempting full compaction
[2025-03-18T15:37:38.614+0100][68.277s][info][gc,start       ] GC(108) Pause Full (G1 Compaction Pause)
[2025-03-18T15:37:38.614+0100][68.278s][info][gc,task        ] GC(108) Using 9 workers of 9 for full compaction
[2025-03-18T15:37:38.614+0100][68.278s][info][gc,phases,start] GC(108) Phase 1: Mark live objects
[2025-03-18T15:37:39.272+0100][68.936s][info][gc,phases      ] GC(108) Phase 1: Mark live objects 658.482ms
[2025-03-18T15:37:39.272+0100][68.936s][info][gc,phases,start] GC(108) Phase 2: Prepare compaction
[2025-03-18T15:37:39.273+0100][68.937s][info][gc,phases      ] GC(108) Phase 2: Prepare compaction 0.959ms
[2025-03-18T15:37:39.273+0100][68.937s][info][gc,phases,start] GC(108) Phase 3: Adjust pointers
[2025-03-18T15:37:39.368+0100][69.031s][info][gc,phases      ] GC(108) Phase 3: Adjust pointers 94.394ms
[2025-03-18T15:37:39.368+0100][69.032s][info][gc,phases,start] GC(108) Phase 4: Compact heap
[2025-03-18T15:37:39.369+0100][69.032s][info][gc,phases      ] GC(108) Phase 4: Compact heap 0.810ms
[2025-03-18T15:37:39.369+0100][69.032s][info][gc,phases,start] GC(108) Phase 5: Reset Metadata
[2025-03-18T15:37:39.429+0100][69.093s][info][gc,phases      ] GC(108) Phase 5: Reset Metadata 60.507ms
[2025-03-18T15:37:39.436+0100][69.099s][info][gc,heap        ] GC(108) Eden regions: 0->0(9)
[2025-03-18T15:37:39.436+0100][69.099s][info][gc,heap        ] GC(108) Survivor regions: 0->0(0)
[2025-03-18T15:37:39.436+0100][69.099s][info][gc,heap        ] GC(108) Old regions: 1021->1012
[2025-03-18T15:37:39.436+0100][69.099s][info][gc,heap        ] GC(108) Humongous regions: 3->3
[2025-03-18T15:37:39.436+0100][69.099s][info][gc,metaspace   ] GC(108) Metaspace: 27029K(27520K)->27029K(27520K) NonClass: 23482K(23808K)->23482K(23808K) Class: 3546K(3712K)->3546K(3712K)
[2025-03-18T15:37:39.436+0100][69.099s][info][gc             ] GC(108) Pause Full (G1 Compaction Pause) 4077M->4047M(4096M) 821.764ms
[2025-03-18T15:37:39.436+0100][69.099s][info][gc,cpu         ] GC(108) User=6.45s Sys=0.36s Real=0.82s
[2025-03-18T15:37:39.459+0100][69.123s][info][gc,start       ] GC(109) Pause Young (Concurrent Start) (G1 Evacuation Pause)
[2025-03-18T15:37:39.459+0100][69.123s][info][gc,task        ] GC(109) Using 9 workers of 9 for evacuation
[2025-03-18T15:37:39.462+0100][69.125s][info][gc,phases      ] GC(109)   Pre Evacuate Collection Set: 0.2ms
[2025-03-18T15:37:39.462+0100][69.125s][info][gc,phases      ] GC(109)   Merge Heap Roots: 0.0ms
[2025-03-18T15:37:39.462+0100][69.125s][info][gc,phases      ] GC(109)   Evacuate Collection Set: 1.2ms
[2025-03-18T15:37:39.462+0100][69.125s][info][gc,phases      ] GC(109)   Post Evacuate Collection Set: 0.8ms
[2025-03-18T15:37:39.462+0100][69.125s][info][gc,phases      ] GC(109)   Other: 0.1ms
[2025-03-18T15:37:39.462+0100][69.125s][info][gc,heap        ] GC(109) Eden regions: 9->0(0)
[2025-03-18T15:37:39.462+0100][69.125s][info][gc,heap        ] GC(109) Survivor regions: 0->0(0)
[2025-03-18T15:37:39.462+0100][69.125s][info][gc,heap        ] GC(109) Old regions: 1012->1021
[2025-03-18T15:37:39.462+0100][69.125s][info][gc,heap        ] GC(109) Humongous regions: 3->3
[2025-03-18T15:37:39.462+0100][69.125s][info][gc,metaspace   ] GC(109) Metaspace: 27029K(27520K)->27029K(27520K) NonClass: 23482K(23808K)->23482K(23808K) Class: 3546K(3712K)->3546K(3712K)
[2025-03-18T15:37:39.462+0100][69.125s][info][gc             ] GC(109) Pause Young (Concurrent Start) (G1 Evacuation Pause) (Evacuation Failure) 4083M->4083M(4096M) 2.397ms
[2025-03-18T15:37:39.462+0100][69.125s][info][gc             ] GC(110) Concurrent Mark Cycle
[2025-03-18T15:37:39.462+0100][69.125s][info][gc,cpu         ] GC(109) User=0.01s Sys=0.00s Real=0.01s
[2025-03-18T15:37:39.462+0100][69.125s][info][gc,marking     ] GC(110) Concurrent Scan Root Regions
[2025-03-18T15:37:39.462+0100][69.125s][info][gc,ergo        ] Attempting full compaction
[2025-03-18T15:37:39.462+0100][69.125s][info][gc,marking     ] GC(110) Concurrent Scan Root Regions 0.022ms
[2025-03-18T15:37:39.462+0100][69.125s][info][gc,marking     ] GC(110) Concurrent Mark
[2025-03-18T15:37:39.462+0100][69.125s][info][gc,start       ] GC(111) Pause Full (G1 Compaction Pause)
[2025-03-18T15:37:39.462+0100][69.125s][info][gc,marking     ] GC(110) Concurrent Mark From Roots
[2025-03-18T15:37:39.462+0100][69.125s][info][gc,task        ] GC(111) Using 9 workers of 9 for full compaction
[2025-03-18T15:37:39.462+0100][69.125s][info][gc,task        ] GC(110) Using 2 workers of 2 for marking
[2025-03-18T15:37:39.462+0100][69.126s][info][gc,phases,start] GC(111) Phase 1: Mark live objects
[2025-03-18T15:37:40.099+0100][69.763s][info][gc,phases      ] GC(111) Phase 1: Mark live objects 637.061ms
[2025-03-18T15:37:40.099+0100][69.763s][info][gc,phases,start] GC(111) Phase 2: Prepare compaction
[2025-03-18T15:37:40.101+0100][69.764s][info][gc,phases      ] GC(111) Phase 2: Prepare compaction 1.128ms
[2025-03-18T15:37:40.101+0100][69.764s][info][gc,phases,start] GC(111) Phase 3: Adjust pointers
[2025-03-18T15:37:40.195+0100][69.859s][info][gc,phases      ] GC(111) Phase 3: Adjust pointers 94.659ms
[2025-03-18T15:37:40.195+0100][69.859s][info][gc,phases,start] GC(111) Phase 4: Compact heap
[2025-03-18T15:37:40.196+0100][69.860s][info][gc,phases      ] GC(111) Phase 4: Compact heap 1.033ms
[2025-03-18T15:37:40.196+0100][69.860s][info][gc,phases,start] GC(111) Phase 5: Reset Metadata
[2025-03-18T15:37:40.258+0100][69.921s][info][gc,phases      ] GC(111) Phase 5: Reset Metadata 61.157ms
[2025-03-18T15:37:40.264+0100][69.928s][info][gc,heap        ] GC(111) Eden regions: 0->0(8)
[2025-03-18T15:37:40.264+0100][69.928s][info][gc,heap        ] GC(111) Survivor regions: 0->0(0)
[2025-03-18T15:37:40.264+0100][69.928s][info][gc,heap        ] GC(111) Old regions: 1021->1013
[2025-03-18T15:37:40.264+0100][69.928s][info][gc,heap        ] GC(111) Humongous regions: 3->3
[2025-03-18T15:37:40.264+0100][69.928s][info][gc,metaspace   ] GC(111) Metaspace: 27029K(27520K)->27029K(27520K) NonClass: 23482K(23808K)->23482K(23808K) Class: 3546K(3712K)->3546K(3712K)
[2025-03-18T15:37:40.264+0100][69.928s][info][gc             ] GC(111) Pause Full (G1 Compaction Pause) 4083M->4054M(4096M) 802.651ms
[2025-03-18T15:37:40.264+0100][69.928s][info][gc,cpu         ] GC(111) User=6.19s Sys=0.36s Real=0.80s
[2025-03-18T15:37:40.265+0100][69.928s][info][gc,marking     ] GC(110) Concurrent Mark From Roots 802.838ms
[2025-03-18T15:37:40.265+0100][69.928s][info][gc,marking     ] GC(110) Concurrent Mark Abort
[2025-03-18T15:37:40.265+0100][69.928s][info][gc             ] GC(110) Concurrent Mark Cycle 802.934ms
[2025-03-18T15:37:40.286+0100][69.949s][info][gc,start       ] GC(112) Pause Young (Normal) (G1 Evacuation Pause)
[2025-03-18T15:37:40.286+0100][69.949s][info][gc,task        ] GC(112) Using 9 workers of 9 for evacuation
[2025-03-18T15:37:40.288+0100][69.952s][info][gc,phases      ] GC(112)   Pre Evacuate Collection Set: 0.1ms
[2025-03-18T15:37:40.288+0100][69.952s][info][gc,phases      ] GC(112)   Merge Heap Roots: 0.0ms
[2025-03-18T15:37:40.288+0100][69.952s][info][gc,phases      ] GC(112)   Evacuate Collection Set: 1.3ms
[2025-03-18T15:37:40.288+0100][69.952s][info][gc,phases      ] GC(112)   Post Evacuate Collection Set: 0.8ms
[2025-03-18T15:37:40.288+0100][69.952s][info][gc,phases      ] GC(112)   Other: 0.0ms
[2025-03-18T15:37:40.288+0100][69.952s][info][gc,heap        ] GC(112) Eden regions: 8->0(0)
[2025-03-18T15:37:40.288+0100][69.952s][info][gc,heap        ] GC(112) Survivor regions: 0->0(0)
[2025-03-18T15:37:40.288+0100][69.952s][info][gc,heap        ] GC(112) Old regions: 1013->1021
[2025-03-18T15:37:40.288+0100][69.952s][info][gc,heap        ] GC(112) Humongous regions: 3->3
[2025-03-18T15:37:40.288+0100][69.952s][info][gc,metaspace   ] GC(112) Metaspace: 27029K(27520K)->27029K(27520K) NonClass: 23482K(23808K)->23482K(23808K) Class: 3546K(3712K)->3546K(3712K)
[2025-03-18T15:37:40.288+0100][69.952s][info][gc             ] GC(112) Pause Young (Normal) (G1 Evacuation Pause) (Evacuation Failure) 4086M->4086M(4096M) 2.423ms
[2025-03-18T15:37:40.288+0100][69.952s][info][gc,cpu         ] GC(112) User=0.02s Sys=0.00s Real=0.00s
[2025-03-18T15:37:40.288+0100][69.952s][info][gc,ergo        ] Attempting full compaction
[2025-03-18T15:37:40.288+0100][69.952s][info][gc,start       ] GC(113) Pause Full (G1 Compaction Pause)
[2025-03-18T15:37:40.288+0100][69.952s][info][gc,task        ] GC(113) Using 9 workers of 9 for full compaction
[2025-03-18T15:37:40.288+0100][69.952s][info][gc,phases,start] GC(113) Phase 1: Mark live objects
[2025-03-18T15:37:41.071+0100][70.734s][info][gc,phases      ] GC(113) Phase 1: Mark live objects 782.653ms
[2025-03-18T15:37:41.071+0100][70.734s][info][gc,phases,start] GC(113) Phase 2: Prepare compaction
[2025-03-18T15:37:41.072+0100][70.736s][info][gc,phases      ] GC(113) Phase 2: Prepare compaction 1.056ms
[2025-03-18T15:37:41.072+0100][70.736s][info][gc,phases,start] GC(113) Phase 3: Adjust pointers
[2025-03-18T15:37:41.168+0100][70.832s][info][gc,phases      ] GC(113) Phase 3: Adjust pointers 96.042ms
[2025-03-18T15:37:41.168+0100][70.832s][info][gc,phases,start] GC(113) Phase 4: Compact heap
[2025-03-18T15:37:41.169+0100][70.832s][info][gc,phases      ] GC(113) Phase 4: Compact heap 0.806ms
[2025-03-18T15:37:41.169+0100][70.833s][info][gc,phases,start] GC(113) Phase 5: Reset Metadata
[2025-03-18T15:37:41.229+0100][70.892s][info][gc,phases      ] GC(113) Phase 5: Reset Metadata 59.754ms
[2025-03-18T15:37:41.235+0100][70.899s][info][gc,heap        ] GC(113) Eden regions: 0->0(4)
[2025-03-18T15:37:41.235+0100][70.899s][info][gc,heap        ] GC(113) Survivor regions: 0->0(0)
[2025-03-18T15:37:41.235+0100][70.899s][info][gc,heap        ] GC(113) Old regions: 1021->1017
[2025-03-18T15:37:41.235+0100][70.899s][info][gc,heap        ] GC(113) Humongous regions: 3->3
[2025-03-18T15:37:41.235+0100][70.899s][info][gc,metaspace   ] GC(113) Metaspace: 27029K(27520K)->27029K(27520K) NonClass: 23482K(23808K)->23482K(23808K) Class: 3546K(3712K)->3546K(3712K)
[2025-03-18T15:37:41.235+0100][70.899s][info][gc             ] GC(113) Pause Full (G1 Compaction Pause) 4086M->4060M(4096M) 947.392ms
[2025-03-18T15:37:41.235+0100][70.899s][info][gc,cpu         ] GC(113) User=7.33s Sys=0.38s Real=0.95s
[2025-03-18T15:37:41.281+0100][70.945s][info][gc,start       ] GC(114) Pause Young (Concurrent Start) (G1 Evacuation Pause)
[2025-03-18T15:37:41.281+0100][70.945s][info][gc,task        ] GC(114) Using 9 workers of 9 for evacuation
[2025-03-18T15:37:41.283+0100][70.947s][info][gc,phases      ] GC(114)   Pre Evacuate Collection Set: 0.2ms
[2025-03-18T15:37:41.283+0100][70.947s][info][gc,phases      ] GC(114)   Merge Heap Roots: 0.1ms
[2025-03-18T15:37:41.283+0100][70.947s][info][gc,phases      ] GC(114)   Evacuate Collection Set: 1.1ms
[2025-03-18T15:37:41.283+0100][70.947s][info][gc,phases      ] GC(114)   Post Evacuate Collection Set: 0.5ms
[2025-03-18T15:37:41.283+0100][70.947s][info][gc,phases      ] GC(114)   Other: 0.1ms
[2025-03-18T15:37:41.283+0100][70.947s][info][gc,heap        ] GC(114) Eden regions: 4->0(0)
[2025-03-18T15:37:41.283+0100][70.947s][info][gc,heap        ] GC(114) Survivor regions: 0->0(0)
[2025-03-18T15:37:41.283+0100][70.947s][info][gc,heap        ] GC(114) Old regions: 1017->1021
[2025-03-18T15:37:41.283+0100][70.947s][info][gc,heap        ] GC(114) Humongous regions: 3->3
[2025-03-18T15:37:41.283+0100][70.947s][info][gc,metaspace   ] GC(114) Metaspace: 27029K(27520K)->27029K(27520K) NonClass: 23482K(23808K)->23482K(23808K) Class: 3546K(3712K)->3546K(3712K)
[2025-03-18T15:37:41.283+0100][70.947s][info][gc             ] GC(114) Pause Young (Concurrent Start) (G1 Evacuation Pause) (Evacuation Failure) 4076M->4076M(4096M) 2.013ms
[2025-03-18T15:37:41.283+0100][70.947s][info][gc,cpu         ] GC(114) User=0.02s Sys=0.00s Real=0.00s
[2025-03-18T15:37:41.283+0100][70.947s][info][gc,ergo        ] Attempting full compaction
[2025-03-18T15:37:41.283+0100][70.947s][info][gc             ] GC(115) Concurrent Mark Cycle
[2025-03-18T15:37:41.283+0100][70.947s][info][gc,start       ] GC(116) Pause Full (G1 Compaction Pause)
[2025-03-18T15:37:41.283+0100][70.947s][info][gc,marking     ] GC(115) Concurrent Scan Root Regions
[2025-03-18T15:37:41.283+0100][70.947s][info][gc,task        ] GC(116) Using 9 workers of 9 for full compaction
[2025-03-18T15:37:41.283+0100][70.947s][info][gc,marking     ] GC(115) Concurrent Scan Root Regions 0.020ms
[2025-03-18T15:37:41.283+0100][70.947s][info][gc,marking     ] GC(115) Concurrent Mark
[2025-03-18T15:37:41.283+0100][70.947s][info][gc,marking     ] GC(115) Concurrent Mark From Roots
[2025-03-18T15:37:41.283+0100][70.947s][info][gc,task        ] GC(115) Using 2 workers of 2 for marking
[2025-03-18T15:37:41.284+0100][70.948s][info][gc,phases,start] GC(116) Phase 1: Mark live objects
[2025-03-18T15:37:41.916+0100][71.579s][info][gc,phases      ] GC(116) Phase 1: Mark live objects 631.893ms
[2025-03-18T15:37:41.916+0100][71.580s][info][gc,phases,start] GC(116) Phase 2: Prepare compaction
[2025-03-18T15:37:41.917+0100][71.580s][info][gc,phases      ] GC(116) Phase 2: Prepare compaction 0.832ms
[2025-03-18T15:37:41.917+0100][71.580s][info][gc,phases,start] GC(116) Phase 3: Adjust pointers
[2025-03-18T15:37:42.011+0100][71.675s][info][gc,phases      ] GC(116) Phase 3: Adjust pointers 94.701ms
[2025-03-18T15:37:42.011+0100][71.675s][info][gc,phases,start] GC(116) Phase 4: Compact heap
[2025-03-18T15:37:42.012+0100][71.676s][info][gc,phases      ] GC(116) Phase 4: Compact heap 0.883ms
[2025-03-18T15:37:42.012+0100][71.676s][info][gc,phases,start] GC(116) Phase 5: Reset Metadata
[2025-03-18T15:37:42.074+0100][71.737s][info][gc,phases      ] GC(116) Phase 5: Reset Metadata 61.131ms
[2025-03-18T15:37:42.081+0100][71.744s][info][gc,heap        ] GC(116) Eden regions: 0->0(1)
[2025-03-18T15:37:42.081+0100][71.744s][info][gc,heap        ] GC(116) Survivor regions: 0->0(0)
[2025-03-18T15:37:42.081+0100][71.744s][info][gc,heap        ] GC(116) Old regions: 1021->1020
[2025-03-18T15:37:42.081+0100][71.745s][info][gc,heap        ] GC(116) Humongous regions: 3->3
[2025-03-18T15:37:42.081+0100][71.745s][info][gc,metaspace   ] GC(116) Metaspace: 27029K(27520K)->27029K(27520K) NonClass: 23482K(23808K)->23482K(23808K) Class: 3546K(3712K)->3546K(3712K)
[2025-03-18T15:37:42.081+0100][71.745s][info][gc             ] GC(116) Pause Full (G1 Compaction Pause) 4076M->4062M(4096M) 797.636ms
[2025-03-18T15:37:42.081+0100][71.745s][info][gc,cpu         ] GC(116) User=6.20s Sys=0.38s Real=0.80s
[2025-03-18T15:37:42.081+0100][71.745s][info][gc,marking     ] GC(115) Concurrent Mark From Roots 797.672ms
[2025-03-18T15:37:42.081+0100][71.745s][info][gc,marking     ] GC(115) Concurrent Mark Abort
[2025-03-18T15:37:42.081+0100][71.745s][info][gc             ] GC(115) Concurrent Mark Cycle 797.783ms
[2025-03-18T15:37:42.084+0100][71.747s][info][gc,start       ] GC(117) Pause Young (Normal) (G1 Evacuation Pause)
[2025-03-18T15:37:42.084+0100][71.748s][info][gc,task        ] GC(117) Using 9 workers of 9 for evacuation
[2025-03-18T15:37:42.085+0100][71.748s][info][gc,phases      ] GC(117)   Pre Evacuate Collection Set: 0.1ms
[2025-03-18T15:37:42.085+0100][71.748s][info][gc,phases      ] GC(117)   Merge Heap Roots: 0.0ms
[2025-03-18T15:37:42.085+0100][71.748s][info][gc,phases      ] GC(117)   Evacuate Collection Set: 0.4ms
[2025-03-18T15:37:42.085+0100][71.748s][info][gc,phases      ] GC(117)   Post Evacuate Collection Set: 0.3ms
[2025-03-18T15:37:42.085+0100][71.748s][info][gc,phases      ] GC(117)   Other: 0.0ms
[2025-03-18T15:37:42.085+0100][71.748s][info][gc,heap        ] GC(117) Eden regions: 1->0(0)
[2025-03-18T15:37:42.085+0100][71.748s][info][gc,heap        ] GC(117) Survivor regions: 0->0(0)
[2025-03-18T15:37:42.085+0100][71.748s][info][gc,heap        ] GC(117) Old regions: 1020->1021
[2025-03-18T15:37:42.085+0100][71.748s][info][gc,heap        ] GC(117) Humongous regions: 3->3
[2025-03-18T15:37:42.085+0100][71.748s][info][gc,metaspace   ] GC(117) Metaspace: 27029K(27520K)->27029K(27520K) NonClass: 23482K(23808K)->23482K(23808K) Class: 3546K(3712K)->3546K(3712K)
[2025-03-18T15:37:42.085+0100][71.748s][info][gc             ] GC(117) Pause Young (Normal) (G1 Evacuation Pause) (Evacuation Failure) 4066M->4066M(4096M) 0.937ms
[2025-03-18T15:37:42.085+0100][71.748s][info][gc,cpu         ] GC(117) User=0.00s Sys=0.00s Real=0.00s
[2025-03-18T15:37:42.085+0100][71.748s][info][gc,ergo        ] Attempting full compaction
[2025-03-18T15:37:42.085+0100][71.748s][info][gc,start       ] GC(118) Pause Full (G1 Compaction Pause)
[2025-03-18T15:37:42.085+0100][71.748s][info][gc,task        ] GC(118) Using 9 workers of 9 for full compaction
[2025-03-18T15:37:42.085+0100][71.749s][info][gc,phases,start] GC(118) Phase 1: Mark live objects
[2025-03-18T15:37:42.857+0100][72.521s][info][gc,phases      ] GC(118) Phase 1: Mark live objects 772.077ms
[2025-03-18T15:37:42.857+0100][72.521s][info][gc,phases,start] GC(118) Phase 2: Prepare compaction
[2025-03-18T15:37:42.858+0100][72.521s][info][gc,phases      ] GC(118) Phase 2: Prepare compaction 0.665ms
[2025-03-18T15:37:42.858+0100][72.521s][info][gc,phases,start] GC(118) Phase 3: Adjust pointers
[2025-03-18T15:37:42.952+0100][72.616s][info][gc,phases      ] GC(118) Phase 3: Adjust pointers 94.728ms
[2025-03-18T15:37:42.952+0100][72.616s][info][gc,phases,start] GC(118) Phase 4: Compact heap
[2025-03-18T15:37:42.953+0100][72.617s][info][gc,phases      ] GC(118) Phase 4: Compact heap 0.557ms
[2025-03-18T15:37:42.953+0100][72.617s][info][gc,phases,start] GC(118) Phase 5: Reset Metadata
[2025-03-18T15:37:43.013+0100][72.677s][info][gc,phases      ] GC(118) Phase 5: Reset Metadata 60.315ms
[2025-03-18T15:37:43.021+0100][72.685s][info][gc,heap        ] GC(118) Eden regions: 0->0(1)
[2025-03-18T15:37:43.021+0100][72.685s][info][gc,heap        ] GC(118) Survivor regions: 0->0(0)
[2025-03-18T15:37:43.021+0100][72.685s][info][gc,heap        ] GC(118) Old regions: 1021->1020
[2025-03-18T15:37:43.021+0100][72.685s][info][gc,heap        ] GC(118) Humongous regions: 3->3
[2025-03-18T15:37:43.021+0100][72.685s][info][gc,metaspace   ] GC(118) Metaspace: 27029K(27520K)->27029K(27520K) NonClass: 23482K(23808K)->23482K(23808K) Class: 3546K(3712K)->3546K(3712K)
[2025-03-18T15:37:43.021+0100][72.685s][info][gc             ] GC(118) Pause Full (G1 Compaction Pause) 4066M->4063M(4096M) 936.221ms
[2025-03-18T15:37:43.021+0100][72.685s][info][gc,cpu         ] GC(118) User=7.35s Sys=0.40s Real=0.94s
[2025-03-18T15:37:43.024+0100][72.688s][info][gc,start       ] GC(119) Pause Young (Concurrent Start) (G1 Evacuation Pause)
[2025-03-18T15:37:43.024+0100][72.688s][info][gc,task        ] GC(119) Using 9 workers of 9 for evacuation
[2025-03-18T15:37:43.025+0100][72.688s][info][gc,phases      ] GC(119)   Pre Evacuate Collection Set: 0.1ms
[2025-03-18T15:37:43.025+0100][72.688s][info][gc,phases      ] GC(119)   Merge Heap Roots: 0.0ms
[2025-03-18T15:37:43.025+0100][72.689s][info][gc,phases      ] GC(119)   Evacuate Collection Set: 0.4ms
[2025-03-18T15:37:43.025+0100][72.689s][info][gc,phases      ] GC(119)   Post Evacuate Collection Set: 0.3ms
[2025-03-18T15:37:43.025+0100][72.689s][info][gc,phases      ] GC(119)   Other: 0.0ms
[2025-03-18T15:37:43.025+0100][72.689s][info][gc,heap        ] GC(119) Eden regions: 1->0(0)
[2025-03-18T15:37:43.025+0100][72.689s][info][gc,heap        ] GC(119) Survivor regions: 0->0(0)
[2025-03-18T15:37:43.025+0100][72.689s][info][gc,heap        ] GC(119) Old regions: 1020->1021
[2025-03-18T15:37:43.025+0100][72.689s][info][gc,heap        ] GC(119) Humongous regions: 3->3
[2025-03-18T15:37:43.025+0100][72.689s][info][gc,metaspace   ] GC(119) Metaspace: 27029K(27520K)->27029K(27520K) NonClass: 23482K(23808K)->23482K(23808K) Class: 3546K(3712K)->3546K(3712K)
[2025-03-18T15:37:43.025+0100][72.689s][info][gc             ] GC(119) Pause Young (Concurrent Start) (G1 Evacuation Pause) (Evacuation Failure) 4067M->4067M(4096M) 0.972ms
[2025-03-18T15:37:43.025+0100][72.689s][info][gc,cpu         ] GC(119) User=0.01s Sys=0.00s Real=0.00s
[2025-03-18T15:37:43.025+0100][72.689s][info][gc,ergo        ] Attempting full compaction
[2025-03-18T15:37:43.025+0100][72.689s][info][gc,start       ] GC(120) Pause Full (G1 Compaction Pause)
[2025-03-18T15:37:43.025+0100][72.689s][info][gc             ] GC(121) Concurrent Mark Cycle
[2025-03-18T15:37:43.025+0100][72.689s][info][gc,task        ] GC(120) Using 9 workers of 9 for full compaction
[2025-03-18T15:37:43.025+0100][72.689s][info][gc,marking     ] GC(121) Concurrent Scan Root Regions
[2025-03-18T15:37:43.025+0100][72.689s][info][gc,marking     ] GC(121) Concurrent Scan Root Regions 0.030ms
[2025-03-18T15:37:43.026+0100][72.689s][info][gc,phases,start] GC(120) Phase 1: Mark live objects
[2025-03-18T15:37:43.667+0100][73.331s][info][gc,phases      ] GC(120) Phase 1: Mark live objects 641.802ms
[2025-03-18T15:37:43.667+0100][73.331s][info][gc,phases,start] GC(120) Phase 2: Prepare compaction
[2025-03-18T15:37:43.669+0100][73.332s][info][gc,phases      ] GC(120) Phase 2: Prepare compaction 1.182ms
[2025-03-18T15:37:43.669+0100][73.332s][info][gc,phases,start] GC(120) Phase 3: Adjust pointers
[2025-03-18T15:37:43.764+0100][73.428s][info][gc,phases      ] GC(120) Phase 3: Adjust pointers 95.920ms
[2025-03-18T15:37:43.765+0100][73.428s][info][gc,phases,start] GC(120) Phase 4: Compact heap
[2025-03-18T15:37:43.766+0100][73.429s][info][gc,phases      ] GC(120) Phase 4: Compact heap 0.981ms
[2025-03-18T15:37:43.766+0100][73.429s][info][gc,phases,start] GC(120) Phase 5: Reset Metadata
[2025-03-18T15:37:43.826+0100][73.489s][info][gc,phases      ] GC(120) Phase 5: Reset Metadata 60.237ms
[2025-03-18T15:37:43.834+0100][73.497s][info][gc,heap        ] GC(120) Eden regions: 0->0(7)
[2025-03-18T15:37:43.834+0100][73.497s][info][gc,heap        ] GC(120) Survivor regions: 0->0(0)
[2025-03-18T15:37:43.834+0100][73.497s][info][gc,heap        ] GC(120) Old regions: 1021->1014
[2025-03-18T15:37:43.834+0100][73.497s][info][gc,heap        ] GC(120) Humongous regions: 3->3
[2025-03-18T15:37:43.834+0100][73.497s][info][gc,metaspace   ] GC(120) Metaspace: 27029K(27520K)->27029K(27520K) NonClass: 23482K(23808K)->23482K(23808K) Class: 3546K(3712K)->3546K(3712K)
[2025-03-18T15:37:43.834+0100][73.497s][info][gc             ] GC(120) Pause Full (G1 Compaction Pause) 4067M->4064M(4096M) 808.792ms
[2025-03-18T15:37:43.834+0100][73.497s][info][gc,cpu         ] GC(120) User=6.26s Sys=0.38s Real=0.81s
[2025-03-18T15:37:43.834+0100][73.497s][info][gc,marking     ] GC(121) Concurrent Mark Abort
[2025-03-18T15:37:43.834+0100][73.497s][info][gc             ] GC(121) Concurrent Mark Cycle 808.893ms
[2025-03-18T15:37:43.852+0100][73.516s][info][gc,start       ] GC(122) Pause Young (Normal) (G1 Evacuation Pause)
[2025-03-18T15:37:43.852+0100][73.516s][info][gc,task        ] GC(122) Using 9 workers of 9 for evacuation
[2025-03-18T15:37:43.854+0100][73.518s][info][gc,phases      ] GC(122)   Pre Evacuate Collection Set: 0.1ms
[2025-03-18T15:37:43.854+0100][73.518s][info][gc,phases      ] GC(122)   Merge Heap Roots: 0.0ms
[2025-03-18T15:37:43.854+0100][73.518s][info][gc,phases      ] GC(122)   Evacuate Collection Set: 1.0ms
[2025-03-18T15:37:43.854+0100][73.518s][info][gc,phases      ] GC(122)   Post Evacuate Collection Set: 0.7ms
[2025-03-18T15:37:43.854+0100][73.518s][info][gc,phases      ] GC(122)   Other: 0.0ms
[2025-03-18T15:37:43.854+0100][73.518s][info][gc,heap        ] GC(122) Eden regions: 7->0(0)
[2025-03-18T15:37:43.854+0100][73.518s][info][gc,heap        ] GC(122) Survivor regions: 0->0(0)
[2025-03-18T15:37:43.854+0100][73.518s][info][gc,heap        ] GC(122) Old regions: 1014->1021
[2025-03-18T15:37:43.854+0100][73.518s][info][gc,heap        ] GC(122) Humongous regions: 3->3
[2025-03-18T15:37:43.854+0100][73.518s][info][gc,metaspace   ] GC(122) Metaspace: 27029K(27520K)->27029K(27520K) NonClass: 23482K(23808K)->23482K(23808K) Class: 3546K(3712K)->3546K(3712K)
[2025-03-18T15:37:43.854+0100][73.518s][info][gc             ] GC(122) Pause Young (Normal) (G1 Evacuation Pause) (Evacuation Failure) 4092M->4092M(4096M) 2.042ms
[2025-03-18T15:37:43.854+0100][73.518s][info][gc,cpu         ] GC(122) User=0.01s Sys=0.01s Real=0.00s
[2025-03-18T15:37:43.854+0100][73.518s][info][gc,ergo        ] Attempting full compaction
[2025-03-18T15:37:43.854+0100][73.518s][info][gc,start       ] GC(123) Pause Full (G1 Compaction Pause)
[2025-03-18T15:37:43.854+0100][73.518s][info][gc,task        ] GC(123) Using 9 workers of 9 for full compaction
[2025-03-18T15:37:43.854+0100][73.518s][info][gc,phases,start] GC(123) Phase 1: Mark live objects
[2025-03-18T15:37:44.652+0100][74.316s][info][gc,phases      ] GC(123) Phase 1: Mark live objects 798.008ms
[2025-03-18T15:37:44.653+0100][74.316s][info][gc,phases,start] GC(123) Phase 2: Prepare compaction
[2025-03-18T15:37:44.655+0100][74.318s][info][gc,phases      ] GC(123) Phase 2: Prepare compaction 1.995ms
[2025-03-18T15:37:44.655+0100][74.318s][info][gc,phases,start] GC(123) Phase 3: Adjust pointers
[2025-03-18T15:37:44.749+0100][74.413s][info][gc,phases      ] GC(123) Phase 3: Adjust pointers 94.665ms
[2025-03-18T15:37:44.749+0100][74.413s][info][gc,phases,start] GC(123) Phase 4: Compact heap
[2025-03-18T15:37:44.751+0100][74.415s][info][gc,phases      ] GC(123) Phase 4: Compact heap 1.797ms
[2025-03-18T15:37:44.751+0100][74.415s][info][gc,phases,start] GC(123) Phase 5: Reset Metadata
[2025-03-18T15:37:44.812+0100][74.476s][info][gc,phases      ] GC(123) Phase 5: Reset Metadata 60.667ms
[2025-03-18T15:37:44.818+0100][74.481s][info][gc,heap        ] GC(123) Eden regions: 0->0(6)
[2025-03-18T15:37:44.818+0100][74.482s][info][gc,heap        ] GC(123) Survivor regions: 0->0(0)
[2025-03-18T15:37:44.818+0100][74.482s][info][gc,heap        ] GC(123) Old regions: 1021->1015
[2025-03-18T15:37:44.818+0100][74.482s][info][gc,heap        ] GC(123) Humongous regions: 3->3
[2025-03-18T15:37:44.818+0100][74.482s][info][gc,metaspace   ] GC(123) Metaspace: 27029K(27520K)->27029K(27520K) NonClass: 23482K(23808K)->23482K(23808K) Class: 3546K(3712K)->3546K(3712K)
[2025-03-18T15:37:44.818+0100][74.482s][info][gc             ] GC(123) Pause Full (G1 Compaction Pause) 4092M->4069M(4096M) 963.776ms
[2025-03-18T15:37:44.818+0100][74.482s][info][gc,cpu         ] GC(123) User=7.64s Sys=0.39s Real=0.96s
[2025-03-18T15:37:44.834+0100][74.497s][info][gc,start       ] GC(124) Pause Young (Concurrent Start) (G1 Evacuation Pause)
[2025-03-18T15:37:44.834+0100][74.497s][info][gc,task        ] GC(124) Using 9 workers of 9 for evacuation
[2025-03-18T15:37:44.835+0100][74.499s][info][gc,phases      ] GC(124)   Pre Evacuate Collection Set: 0.1ms
[2025-03-18T15:37:44.836+0100][74.499s][info][gc,phases      ] GC(124)   Merge Heap Roots: 0.0ms
[2025-03-18T15:37:44.836+0100][74.499s][info][gc,phases      ] GC(124)   Evacuate Collection Set: 0.9ms
[2025-03-18T15:37:44.836+0100][74.499s][info][gc,phases      ] GC(124)   Post Evacuate Collection Set: 0.7ms
[2025-03-18T15:37:44.836+0100][74.499s][info][gc,phases      ] GC(124)   Other: 0.1ms
[2025-03-18T15:37:44.836+0100][74.499s][info][gc,heap        ] GC(124) Eden regions: 6->0(0)
[2025-03-18T15:37:44.836+0100][74.499s][info][gc,heap        ] GC(124) Survivor regions: 0->0(0)
[2025-03-18T15:37:44.836+0100][74.499s][info][gc,heap        ] GC(124) Old regions: 1015->1021
[2025-03-18T15:37:44.836+0100][74.499s][info][gc,heap        ] GC(124) Humongous regions: 3->3
[2025-03-18T15:37:44.836+0100][74.499s][info][gc,metaspace   ] GC(124) Metaspace: 27029K(27520K)->27029K(27520K) NonClass: 23482K(23808K)->23482K(23808K) Class: 3546K(3712K)->3546K(3712K)
[2025-03-18T15:37:44.836+0100][74.499s][info][gc             ] GC(124) Pause Young (Concurrent Start) (G1 Evacuation Pause) (Evacuation Failure) 4093M->4093M(4096M) 1.930ms
[2025-03-18T15:37:44.836+0100][74.499s][info][gc,cpu         ] GC(124) User=0.01s Sys=0.00s Real=0.00s
[2025-03-18T15:37:44.836+0100][74.499s][info][gc             ] GC(125) Concurrent Mark Cycle
[2025-03-18T15:37:44.836+0100][74.499s][info][gc,ergo        ] Attempting full compaction
[2025-03-18T15:37:44.836+0100][74.499s][info][gc,marking     ] GC(125) Concurrent Scan Root Regions
[2025-03-18T15:37:44.836+0100][74.499s][info][gc,start       ] GC(126) Pause Full (G1 Compaction Pause)
[2025-03-18T15:37:44.836+0100][74.499s][info][gc,marking     ] GC(125) Concurrent Scan Root Regions 0.018ms
[2025-03-18T15:37:44.836+0100][74.499s][info][gc,task        ] GC(126) Using 9 workers of 9 for full compaction
[2025-03-18T15:37:44.836+0100][74.499s][info][gc,marking     ] GC(125) Concurrent Mark
[2025-03-18T15:37:44.836+0100][74.499s][info][gc,marking     ] GC(125) Concurrent Mark From Roots
[2025-03-18T15:37:44.836+0100][74.499s][info][gc,task        ] GC(125) Using 2 workers of 2 for marking
[2025-03-18T15:37:44.836+0100][74.500s][info][gc,phases,start] GC(126) Phase 1: Mark live objects
[2025-03-18T15:37:45.319+0100][74.983s][info][gc,phases      ] GC(126) Phase 1: Mark live objects 482.703ms
[2025-03-18T15:37:45.319+0100][74.983s][info][gc,phases,start] GC(126) Phase 2: Prepare compaction
[2025-03-18T15:37:45.321+0100][74.984s][info][gc,phases      ] GC(126) Phase 2: Prepare compaction 1.605ms
[2025-03-18T15:37:45.321+0100][74.984s][info][gc,phases,start] GC(126) Phase 3: Adjust pointers
[2025-03-18T15:37:45.446+0100][75.109s][info][gc,phases      ] GC(126) Phase 3: Adjust pointers 124.915ms
[2025-03-18T15:37:45.446+0100][75.109s][info][gc,phases,start] GC(126) Phase 4: Compact heap
[2025-03-18T15:37:45.447+0100][75.111s][info][gc,phases      ] GC(126) Phase 4: Compact heap 1.687ms
[2025-03-18T15:37:45.447+0100][75.111s][info][gc,phases,start] GC(126) Phase 5: Reset Metadata
[2025-03-18T15:37:45.517+0100][75.181s][info][gc,phases      ] GC(126) Phase 5: Reset Metadata 69.879ms
[2025-03-18T15:37:45.525+0100][75.189s][info][gc,heap        ] GC(126) Eden regions: 0->0(5)
[2025-03-18T15:37:45.525+0100][75.189s][info][gc,heap        ] GC(126) Survivor regions: 0->0(0)
[2025-03-18T15:37:45.525+0100][75.189s][info][gc,heap        ] GC(126) Old regions: 1021->1016
[2025-03-18T15:37:45.525+0100][75.189s][info][gc,heap        ] GC(126) Humongous regions: 3->3
[2025-03-18T15:37:45.525+0100][75.189s][info][gc,metaspace   ] GC(126) Metaspace: 27029K(27520K)->27029K(27520K) NonClass: 23482K(23808K)->23482K(23808K) Class: 3546K(3712K)->3546K(3712K)
[2025-03-18T15:37:45.525+0100][75.189s][info][gc             ] GC(126) Pause Full (G1 Compaction Pause) 4093M->4073M(4096M) 689.461ms
[2025-03-18T15:37:45.525+0100][75.189s][info][gc,cpu         ] GC(126) User=4.87s Sys=0.35s Real=0.69s
[2025-03-18T15:37:45.525+0100][75.189s][info][gc,marking     ] GC(125) Concurrent Mark From Roots 689.518ms
[2025-03-18T15:37:45.525+0100][75.189s][info][gc,marking     ] GC(125) Concurrent Mark Abort
[2025-03-18T15:37:45.525+0100][75.189s][info][gc             ] GC(125) Concurrent Mark Cycle 689.590ms
[2025-03-18T15:37:45.539+0100][75.203s][info][gc,start       ] GC(127) Pause Young (Normal) (G1 Evacuation Pause)
[2025-03-18T15:37:45.539+0100][75.203s][info][gc,task        ] GC(127) Using 9 workers of 9 for evacuation
[2025-03-18T15:37:45.541+0100][75.204s][info][gc,phases      ] GC(127)   Pre Evacuate Collection Set: 0.2ms
[2025-03-18T15:37:45.541+0100][75.204s][info][gc,phases      ] GC(127)   Merge Heap Roots: 0.0ms
[2025-03-18T15:37:45.541+0100][75.204s][info][gc,phases      ] GC(127)   Evacuate Collection Set: 0.8ms
[2025-03-18T15:37:45.541+0100][75.204s][info][gc,phases      ] GC(127)   Post Evacuate Collection Set: 0.6ms
[2025-03-18T15:37:45.541+0100][75.204s][info][gc,phases      ] GC(127)   Other: 0.0ms
[2025-03-18T15:37:45.541+0100][75.204s][info][gc,heap        ] GC(127) Eden regions: 5->0(0)
[2025-03-18T15:37:45.541+0100][75.204s][info][gc,heap        ] GC(127) Survivor regions: 0->0(0)
[2025-03-18T15:37:45.541+0100][75.204s][info][gc,heap        ] GC(127) Old regions: 1016->1021
[2025-03-18T15:37:45.541+0100][75.204s][info][gc,heap        ] GC(127) Humongous regions: 3->3
[2025-03-18T15:37:45.541+0100][75.204s][info][gc,metaspace   ] GC(127) Metaspace: 27029K(27520K)->27029K(27520K) NonClass: 23482K(23808K)->23482K(23808K) Class: 3546K(3712K)->3546K(3712K)
[2025-03-18T15:37:45.541+0100][75.204s][info][gc             ] GC(127) Pause Young (Normal) (G1 Evacuation Pause) (Evacuation Failure) 4093M->4093M(4096M) 1.803ms
[2025-03-18T15:37:45.541+0100][75.204s][info][gc,cpu         ] GC(127) User=0.01s Sys=0.00s Real=0.01s
[2025-03-18T15:37:45.541+0100][75.204s][info][gc,ergo        ] Attempting full compaction
[2025-03-18T15:37:45.541+0100][75.204s][info][gc,start       ] GC(128) Pause Full (G1 Compaction Pause)
[2025-03-18T15:37:45.541+0100][75.204s][info][gc,task        ] GC(128) Using 9 workers of 9 for full compaction
[2025-03-18T15:37:45.541+0100][75.204s][info][gc,phases,start] GC(128) Phase 1: Mark live objects
[2025-03-18T15:37:45.956+0100][75.620s][info][gc,phases      ] GC(128) Phase 1: Mark live objects 415.350ms
[2025-03-18T15:37:45.956+0100][75.620s][info][gc,phases,start] GC(128) Phase 2: Prepare compaction
[2025-03-18T15:37:45.958+0100][75.621s][info][gc,phases      ] GC(128) Phase 2: Prepare compaction 1.373ms
[2025-03-18T15:37:45.958+0100][75.621s][info][gc,phases,start] GC(128) Phase 3: Adjust pointers
[2025-03-18T15:37:46.053+0100][75.716s][info][gc,phases      ] GC(128) Phase 3: Adjust pointers 95.062ms
[2025-03-18T15:37:46.053+0100][75.716s][info][gc,phases,start] GC(128) Phase 4: Compact heap
[2025-03-18T15:37:46.054+0100][75.718s][info][gc,phases      ] GC(128) Phase 4: Compact heap 1.504ms
[2025-03-18T15:37:46.054+0100][75.718s][info][gc,phases,start] GC(128) Phase 5: Reset Metadata
[2025-03-18T15:37:46.115+0100][75.778s][info][gc,phases      ] GC(128) Phase 5: Reset Metadata 60.370ms
[2025-03-18T15:37:46.121+0100][75.785s][info][gc,heap        ] GC(128) Eden regions: 0->0(4)
[2025-03-18T15:37:46.121+0100][75.785s][info][gc,heap        ] GC(128) Survivor regions: 0->0(0)
[2025-03-18T15:37:46.121+0100][75.785s][info][gc,heap        ] GC(128) Old regions: 1021->1017
[2025-03-18T15:37:46.121+0100][75.785s][info][gc,heap        ] GC(128) Humongous regions: 3->3
[2025-03-18T15:37:46.121+0100][75.785s][info][gc,metaspace   ] GC(128) Metaspace: 27029K(27520K)->27029K(27520K) NonClass: 23482K(23808K)->23482K(23808K) Class: 3546K(3712K)->3546K(3712K)
[2025-03-18T15:37:46.121+0100][75.785s][info][gc             ] GC(128) Pause Full (G1 Compaction Pause) 4093M->4077M(4096M) 580.262ms
[2025-03-18T15:37:46.121+0100][75.785s][info][gc,cpu         ] GC(128) User=4.29s Sys=0.33s Real=0.58s
[2025-03-18T15:37:46.132+0100][75.795s][info][gc,start       ] GC(129) Pause Young (Concurrent Start) (G1 Evacuation Pause)
[2025-03-18T15:37:46.132+0100][75.795s][info][gc,task        ] GC(129) Using 9 workers of 9 for evacuation
[2025-03-18T15:37:46.133+0100][75.797s][info][gc,phases      ] GC(129)   Pre Evacuate Collection Set: 0.2ms
[2025-03-18T15:37:46.133+0100][75.797s][info][gc,phases      ] GC(129)   Merge Heap Roots: 0.1ms
[2025-03-18T15:37:46.133+0100][75.797s][info][gc,phases      ] GC(129)   Evacuate Collection Set: 0.7ms
[2025-03-18T15:37:46.133+0100][75.797s][info][gc,phases      ] GC(129)   Post Evacuate Collection Set: 0.5ms
[2025-03-18T15:37:46.133+0100][75.797s][info][gc,phases      ] GC(129)   Other: 0.1ms
[2025-03-18T15:37:46.133+0100][75.797s][info][gc,heap        ] GC(129) Eden regions: 4->0(0)
[2025-03-18T15:37:46.133+0100][75.797s][info][gc,heap        ] GC(129) Survivor regions: 0->0(0)
[2025-03-18T15:37:46.133+0100][75.797s][info][gc,heap        ] GC(129) Old regions: 1017->1021
[2025-03-18T15:37:46.133+0100][75.797s][info][gc,heap        ] GC(129) Humongous regions: 3->3
[2025-03-18T15:37:46.133+0100][75.797s][info][gc,metaspace   ] GC(129) Metaspace: 27029K(27520K)->27029K(27520K) NonClass: 23482K(23808K)->23482K(23808K) Class: 3546K(3712K)->3546K(3712K)
[2025-03-18T15:37:46.133+0100][75.797s][info][gc             ] GC(129) Pause Young (Concurrent Start) (G1 Evacuation Pause) (Evacuation Failure) 4093M->4093M(4096M) 1.581ms
[2025-03-18T15:37:46.133+0100][75.797s][info][gc,cpu         ] GC(129) User=0.00s Sys=0.00s Real=0.00s
[2025-03-18T15:37:46.133+0100][75.797s][info][gc,ergo        ] Attempting full compaction
[2025-03-18T15:37:46.133+0100][75.797s][info][gc             ] GC(130) Concurrent Mark Cycle
[2025-03-18T15:37:46.133+0100][75.797s][info][gc,start       ] GC(131) Pause Full (G1 Compaction Pause)
[2025-03-18T15:37:46.133+0100][75.797s][info][gc,marking     ] GC(130) Concurrent Scan Root Regions
[2025-03-18T15:37:46.133+0100][75.797s][info][gc,task        ] GC(131) Using 9 workers of 9 for full compaction
[2025-03-18T15:37:46.133+0100][75.797s][info][gc,marking     ] GC(130) Concurrent Scan Root Regions 0.020ms
[2025-03-18T15:37:46.133+0100][75.797s][info][gc,marking     ] GC(130) Concurrent Mark
[2025-03-18T15:37:46.133+0100][75.797s][info][gc,marking     ] GC(130) Concurrent Mark From Roots
[2025-03-18T15:37:46.133+0100][75.797s][info][gc,task        ] GC(130) Using 2 workers of 2 for marking
[2025-03-18T15:37:46.134+0100][75.798s][info][gc,phases,start] GC(131) Phase 1: Mark live objects
[2025-03-18T15:37:46.608+0100][76.272s][info][gc,phases      ] GC(131) Phase 1: Mark live objects 474.530ms
[2025-03-18T15:37:46.609+0100][76.272s][info][gc,phases,start] GC(131) Phase 2: Prepare compaction
[2025-03-18T15:37:46.610+0100][76.273s][info][gc,phases      ] GC(131) Phase 2: Prepare compaction 1.144ms
[2025-03-18T15:37:46.610+0100][76.273s][info][gc,phases,start] GC(131) Phase 3: Adjust pointers
[2025-03-18T15:37:46.711+0100][76.374s][info][gc,phases      ] GC(131) Phase 3: Adjust pointers 100.910ms
[2025-03-18T15:37:46.711+0100][76.374s][info][gc,phases,start] GC(131) Phase 4: Compact heap
[2025-03-18T15:37:46.712+0100][76.376s][info][gc,phases      ] GC(131) Phase 4: Compact heap 1.242ms
[2025-03-18T15:37:46.712+0100][76.376s][info][gc,phases,start] GC(131) Phase 5: Reset Metadata
[2025-03-18T15:37:46.775+0100][76.439s][info][gc,phases      ] GC(131) Phase 5: Reset Metadata 63.138ms
[2025-03-18T15:37:46.783+0100][76.447s][info][gc,heap        ] GC(131) Eden regions: 0->0(3)
[2025-03-18T15:37:46.783+0100][76.447s][info][gc,heap        ] GC(131) Survivor regions: 0->0(0)
[2025-03-18T15:37:46.783+0100][76.447s][info][gc,heap        ] GC(131) Old regions: 1021->1018
[2025-03-18T15:37:46.783+0100][76.447s][info][gc,heap        ] GC(131) Humongous regions: 3->3
[2025-03-18T15:37:46.783+0100][76.447s][info][gc,metaspace   ] GC(131) Metaspace: 27029K(27520K)->27029K(27520K) NonClass: 23482K(23808K)->23482K(23808K) Class: 3546K(3712K)->3546K(3712K)
[2025-03-18T15:37:46.783+0100][76.447s][info][gc             ] GC(131) Pause Full (G1 Compaction Pause) 4093M->4079M(4096M) 649.750ms
[2025-03-18T15:37:46.783+0100][76.447s][info][gc,cpu         ] GC(131) User=4.85s Sys=0.35s Real=0.65s
[2025-03-18T15:37:46.783+0100][76.447s][info][gc,marking     ] GC(130) Concurrent Mark From Roots 649.794ms
[2025-03-18T15:37:46.783+0100][76.447s][info][gc,marking     ] GC(130) Concurrent Mark Abort
[2025-03-18T15:37:46.783+0100][76.447s][info][gc             ] GC(130) Concurrent Mark Cycle 649.878ms
[2025-03-18T15:37:46.792+0100][76.455s][info][gc,start       ] GC(132) Pause Young (Normal) (G1 Evacuation Pause)
[2025-03-18T15:37:46.792+0100][76.455s][info][gc,task        ] GC(132) Using 9 workers of 9 for evacuation
[2025-03-18T15:37:46.793+0100][76.457s][info][gc,phases      ] GC(132)   Pre Evacuate Collection Set: 0.1ms
[2025-03-18T15:37:46.793+0100][76.457s][info][gc,phases      ] GC(132)   Merge Heap Roots: 0.0ms
[2025-03-18T15:37:46.793+0100][76.457s][info][gc,phases      ] GC(132)   Evacuate Collection Set: 0.6ms
[2025-03-18T15:37:46.793+0100][76.457s][info][gc,phases      ] GC(132)   Post Evacuate Collection Set: 0.5ms
[2025-03-18T15:37:46.793+0100][76.457s][info][gc,phases      ] GC(132)   Other: 0.0ms
[2025-03-18T15:37:46.793+0100][76.457s][info][gc,heap        ] GC(132) Eden regions: 3->0(0)
[2025-03-18T15:37:46.793+0100][76.457s][info][gc,heap        ] GC(132) Survivor regions: 0->0(0)
[2025-03-18T15:37:46.793+0100][76.457s][info][gc,heap        ] GC(132) Old regions: 1018->1021
[2025-03-18T15:37:46.793+0100][76.457s][info][gc,heap        ] GC(132) Humongous regions: 3->3
[2025-03-18T15:37:46.793+0100][76.457s][info][gc,metaspace   ] GC(132) Metaspace: 27029K(27520K)->27029K(27520K) NonClass: 23482K(23808K)->23482K(23808K) Class: 3546K(3712K)->3546K(3712K)
[2025-03-18T15:37:46.793+0100][76.457s][info][gc             ] GC(132) Pause Young (Normal) (G1 Evacuation Pause) (Evacuation Failure) 4091M->4091M(4096M) 1.406ms
[2025-03-18T15:37:46.793+0100][76.457s][info][gc,cpu         ] GC(132) User=0.00s Sys=0.00s Real=0.00s
[2025-03-18T15:37:46.793+0100][76.457s][info][gc,ergo        ] Attempting full compaction
[2025-03-18T15:37:46.793+0100][76.457s][info][gc,start       ] GC(133) Pause Full (G1 Compaction Pause)
[2025-03-18T15:37:46.793+0100][76.457s][info][gc,task        ] GC(133) Using 9 workers of 9 for full compaction
[2025-03-18T15:37:46.793+0100][76.457s][info][gc,phases,start] GC(133) Phase 1: Mark live objects
[2025-03-18T15:37:47.572+0100][77.236s][info][gc,phases      ] GC(133) Phase 1: Mark live objects 779.444ms
[2025-03-18T15:37:47.573+0100][77.236s][info][gc,phases,start] GC(133) Phase 2: Prepare compaction
[2025-03-18T15:37:47.574+0100][77.237s][info][gc,phases      ] GC(133) Phase 2: Prepare compaction 1.044ms
[2025-03-18T15:37:47.574+0100][77.237s][info][gc,phases,start] GC(133) Phase 3: Adjust pointers
[2025-03-18T15:37:47.675+0100][77.339s][info][gc,phases      ] GC(133) Phase 3: Adjust pointers 101.228ms
[2025-03-18T15:37:47.675+0100][77.339s][info][gc,phases,start] GC(133) Phase 4: Compact heap
[2025-03-18T15:37:47.676+0100][77.339s][info][gc,phases      ] GC(133) Phase 4: Compact heap 0.847ms
[2025-03-18T15:37:47.676+0100][77.339s][info][gc,phases,start] GC(133) Phase 5: Reset Metadata
[2025-03-18T15:37:47.739+0100][77.403s][info][gc,phases      ] GC(133) Phase 5: Reset Metadata 63.570ms
[2025-03-18T15:37:47.746+0100][77.409s][info][gc,heap        ] GC(133) Eden regions: 0->0(3)
[2025-03-18T15:37:47.746+0100][77.409s][info][gc,heap        ] GC(133) Survivor regions: 0->0(0)
[2025-03-18T15:37:47.746+0100][77.409s][info][gc,heap        ] GC(133) Old regions: 1021->1018
[2025-03-18T15:37:47.746+0100][77.409s][info][gc,heap        ] GC(133) Humongous regions: 3->3
[2025-03-18T15:37:47.746+0100][77.409s][info][gc,metaspace   ] GC(133) Metaspace: 27029K(27520K)->27029K(27520K) NonClass: 23482K(23808K)->23482K(23808K) Class: 3546K(3712K)->3546K(3712K)
[2025-03-18T15:37:47.746+0100][77.409s][info][gc             ] GC(133) Pause Full (G1 Compaction Pause) 4091M->4082M(4096M) 952.840ms
[2025-03-18T15:37:47.746+0100][77.410s][info][gc,cpu         ] GC(133) User=7.30s Sys=0.39s Real=0.95s
[2025-03-18T15:37:47.754+0100][77.418s][info][gc,start       ] GC(134) Pause Young (Concurrent Start) (G1 Evacuation Pause)
[2025-03-18T15:37:47.754+0100][77.418s][info][gc,task        ] GC(134) Using 9 workers of 9 for evacuation
[2025-03-18T15:37:47.755+0100][77.419s][info][gc,phases      ] GC(134)   Pre Evacuate Collection Set: 0.2ms
[2025-03-18T15:37:47.756+0100][77.419s][info][gc,phases      ] GC(134)   Merge Heap Roots: 0.0ms
[2025-03-18T15:37:47.756+0100][77.419s][info][gc,phases      ] GC(134)   Evacuate Collection Set: 0.6ms
[2025-03-18T15:37:47.756+0100][77.419s][info][gc,phases      ] GC(134)   Post Evacuate Collection Set: 0.4ms
[2025-03-18T15:37:47.756+0100][77.419s][info][gc,phases      ] GC(134)   Other: 0.0ms
[2025-03-18T15:37:47.756+0100][77.419s][info][gc,heap        ] GC(134) Eden regions: 3->0(0)
[2025-03-18T15:37:47.756+0100][77.419s][info][gc,heap        ] GC(134) Survivor regions: 0->0(0)
[2025-03-18T15:37:47.756+0100][77.419s][info][gc,heap        ] GC(134) Old regions: 1018->1021
[2025-03-18T15:37:47.756+0100][77.419s][info][gc,heap        ] GC(134) Humongous regions: 3->3
[2025-03-18T15:37:47.756+0100][77.419s][info][gc,metaspace   ] GC(134) Metaspace: 27029K(27520K)->27029K(27520K) NonClass: 23482K(23808K)->23482K(23808K) Class: 3546K(3712K)->3546K(3712K)
[2025-03-18T15:37:47.756+0100][77.419s][info][gc             ] GC(134) Pause Young (Concurrent Start) (G1 Evacuation Pause) (Evacuation Failure) 4094M->4094M(4096M) 1.431ms
[2025-03-18T15:37:47.756+0100][77.419s][info][gc,cpu         ] GC(134) User=0.00s Sys=0.00s Real=0.00s
[2025-03-18T15:37:47.756+0100][77.419s][info][gc,ergo        ] Attempting full compaction
[2025-03-18T15:37:47.756+0100][77.419s][info][gc             ] GC(135) Concurrent Mark Cycle
[2025-03-18T15:37:47.756+0100][77.419s][info][gc,start       ] GC(136) Pause Full (G1 Compaction Pause)
[2025-03-18T15:37:47.756+0100][77.419s][info][gc,marking     ] GC(135) Concurrent Scan Root Regions
[2025-03-18T15:37:47.756+0100][77.419s][info][gc,task        ] GC(136) Using 9 workers of 9 for full compaction
[2025-03-18T15:37:47.756+0100][77.419s][info][gc,marking     ] GC(135) Concurrent Scan Root Regions 0.025ms
[2025-03-18T15:37:47.756+0100][77.419s][info][gc,marking     ] GC(135) Concurrent Mark
[2025-03-18T15:37:47.756+0100][77.419s][info][gc,marking     ] GC(135) Concurrent Mark From Roots
[2025-03-18T15:37:47.756+0100][77.419s][info][gc,task        ] GC(135) Using 2 workers of 2 for marking
[2025-03-18T15:37:47.756+0100][77.420s][info][gc,phases,start] GC(136) Phase 1: Mark live objects
[2025-03-18T15:37:48.180+0100][77.843s][info][gc,phases      ] GC(136) Phase 1: Mark live objects 423.265ms
[2025-03-18T15:37:48.180+0100][77.843s][info][gc,phases,start] GC(136) Phase 2: Prepare compaction
[2025-03-18T15:37:48.181+0100][77.844s][info][gc,phases      ] GC(136) Phase 2: Prepare compaction 1.175ms
[2025-03-18T15:37:48.181+0100][77.845s][info][gc,phases,start] GC(136) Phase 3: Adjust pointers
[2025-03-18T15:37:48.281+0100][77.945s][info][gc,phases      ] GC(136) Phase 3: Adjust pointers 100.632ms
[2025-03-18T15:37:48.282+0100][77.945s][info][gc,phases,start] GC(136) Phase 4: Compact heap
[2025-03-18T15:37:48.283+0100][77.946s][info][gc,phases      ] GC(136) Phase 4: Compact heap 1.188ms
[2025-03-18T15:37:48.283+0100][77.946s][info][gc,phases,start] GC(136) Phase 5: Reset Metadata
[2025-03-18T15:37:48.346+0100][78.010s][info][gc,phases      ] GC(136) Phase 5: Reset Metadata 63.638ms
[2025-03-18T15:37:48.353+0100][78.017s][info][gc,heap        ] GC(136) Eden regions: 0->0(2)
[2025-03-18T15:37:48.353+0100][78.017s][info][gc,heap        ] GC(136) Survivor regions: 0->0(0)
[2025-03-18T15:37:48.353+0100][78.017s][info][gc,heap        ] GC(136) Old regions: 1021->1019
[2025-03-18T15:37:48.353+0100][78.017s][info][gc,heap        ] GC(136) Humongous regions: 3->3
[2025-03-18T15:37:48.353+0100][78.017s][info][gc,metaspace   ] GC(136) Metaspace: 27029K(27520K)->27029K(27520K) NonClass: 23482K(23808K)->23482K(23808K) Class: 3546K(3712K)->3546K(3712K)
[2025-03-18T15:37:48.353+0100][78.017s][info][gc             ] GC(136) Pause Full (G1 Compaction Pause) 4094M->4084M(4096M) 597.830ms
[2025-03-18T15:37:48.353+0100][78.017s][info][gc,cpu         ] GC(136) User=4.34s Sys=0.36s Real=0.60s
[2025-03-18T15:37:48.354+0100][78.017s][info][gc,marking     ] GC(135) Concurrent Mark From Roots 597.854ms
[2025-03-18T15:37:48.354+0100][78.017s][info][gc,marking     ] GC(135) Concurrent Mark Abort
[2025-03-18T15:37:48.354+0100][78.017s][info][gc             ] GC(135) Concurrent Mark Cycle 597.952ms
[2025-03-18T15:37:48.359+0100][78.023s][info][gc,start       ] GC(137) Pause Young (Normal) (G1 Evacuation Pause)
[2025-03-18T15:37:48.359+0100][78.023s][info][gc,task        ] GC(137) Using 9 workers of 9 for evacuation
[2025-03-18T15:37:48.360+0100][78.024s][info][gc,phases      ] GC(137)   Pre Evacuate Collection Set: 0.1ms
[2025-03-18T15:37:48.360+0100][78.024s][info][gc,phases      ] GC(137)   Merge Heap Roots: 0.0ms
[2025-03-18T15:37:48.360+0100][78.024s][info][gc,phases      ] GC(137)   Evacuate Collection Set: 0.5ms
[2025-03-18T15:37:48.360+0100][78.024s][info][gc,phases      ] GC(137)   Post Evacuate Collection Set: 0.4ms
[2025-03-18T15:37:48.360+0100][78.024s][info][gc,phases      ] GC(137)   Other: 0.0ms
[2025-03-18T15:37:48.360+0100][78.024s][info][gc,heap        ] GC(137) Eden regions: 2->0(0)
[2025-03-18T15:37:48.360+0100][78.024s][info][gc,heap        ] GC(137) Survivor regions: 0->0(0)
[2025-03-18T15:37:48.360+0100][78.024s][info][gc,heap        ] GC(137) Old regions: 1019->1021
[2025-03-18T15:37:48.360+0100][78.024s][info][gc,heap        ] GC(137) Humongous regions: 3->3
[2025-03-18T15:37:48.360+0100][78.024s][info][gc,metaspace   ] GC(137) Metaspace: 27029K(27520K)->27029K(27520K) NonClass: 23482K(23808K)->23482K(23808K) Class: 3546K(3712K)->3546K(3712K)
[2025-03-18T15:37:48.360+0100][78.024s][info][gc             ] GC(137) Pause Young (Normal) (G1 Evacuation Pause) (Evacuation Failure) 4092M->4092M(4096M) 1.210ms
[2025-03-18T15:37:48.360+0100][78.024s][info][gc,cpu         ] GC(137) User=0.00s Sys=0.00s Real=0.01s
[2025-03-18T15:37:48.360+0100][78.024s][info][gc,ergo        ] Attempting full compaction
[2025-03-18T15:37:48.360+0100][78.024s][info][gc,start       ] GC(138) Pause Full (G1 Compaction Pause)
[2025-03-18T15:37:48.360+0100][78.024s][info][gc,task        ] GC(138) Using 9 workers of 9 for full compaction
[2025-03-18T15:37:48.360+0100][78.024s][info][gc,phases,start] GC(138) Phase 1: Mark live objects
[2025-03-18T15:37:49.145+0100][78.809s][info][gc,phases      ] GC(138) Phase 1: Mark live objects 785.008ms
[2025-03-18T15:37:49.145+0100][78.809s][info][gc,phases,start] GC(138) Phase 2: Prepare compaction
[2025-03-18T15:37:49.146+0100][78.810s][info][gc,phases      ] GC(138) Phase 2: Prepare compaction 0.657ms
[2025-03-18T15:37:49.146+0100][78.810s][info][gc,phases,start] GC(138) Phase 3: Adjust pointers
[2025-03-18T15:37:49.250+0100][78.913s][info][gc,phases      ] GC(138) Phase 3: Adjust pointers 103.520ms
[2025-03-18T15:37:49.250+0100][78.913s][info][gc,phases,start] GC(138) Phase 4: Compact heap
[2025-03-18T15:37:49.250+0100][78.914s][info][gc,phases      ] GC(138) Phase 4: Compact heap 0.734ms
[2025-03-18T15:37:49.250+0100][78.914s][info][gc,phases,start] GC(138) Phase 5: Reset Metadata
[2025-03-18T15:37:49.311+0100][78.975s][info][gc,phases      ] GC(138) Phase 5: Reset Metadata 60.611ms
[2025-03-18T15:37:49.318+0100][78.981s][info][gc,heap        ] GC(138) Eden regions: 0->0(2)
[2025-03-18T15:37:49.318+0100][78.981s][info][gc,heap        ] GC(138) Survivor regions: 0->0(0)
[2025-03-18T15:37:49.318+0100][78.981s][info][gc,heap        ] GC(138) Old regions: 1021->1019
[2025-03-18T15:37:49.318+0100][78.981s][info][gc,heap        ] GC(138) Humongous regions: 3->3
[2025-03-18T15:37:49.318+0100][78.981s][info][gc,metaspace   ] GC(138) Metaspace: 27029K(27520K)->27029K(27520K) NonClass: 23482K(23808K)->23482K(23808K) Class: 3546K(3712K)->3546K(3712K)
[2025-03-18T15:37:49.318+0100][78.981s][info][gc             ] GC(138) Pause Full (G1 Compaction Pause) 4092M->4085M(4096M) 957.337ms
[2025-03-18T15:37:49.318+0100][78.981s][info][gc,cpu         ] GC(138) User=7.25s Sys=0.35s Real=0.95s
[2025-03-18T15:37:49.323+0100][78.987s][info][gc,start       ] GC(139) Pause Young (Concurrent Start) (G1 Evacuation Pause)
[2025-03-18T15:37:49.323+0100][78.987s][info][gc,task        ] GC(139) Using 9 workers of 9 for evacuation
[2025-03-18T15:37:49.324+0100][78.988s][info][gc,phases      ] GC(139)   Pre Evacuate Collection Set: 0.2ms
[2025-03-18T15:37:49.324+0100][78.988s][info][gc,phases      ] GC(139)   Merge Heap Roots: 0.0ms
[2025-03-18T15:37:49.324+0100][78.988s][info][gc,phases      ] GC(139)   Evacuate Collection Set: 0.5ms
[2025-03-18T15:37:49.324+0100][78.988s][info][gc,phases      ] GC(139)   Post Evacuate Collection Set: 0.4ms
[2025-03-18T15:37:49.324+0100][78.988s][info][gc,phases      ] GC(139)   Other: 0.0ms
[2025-03-18T15:37:49.324+0100][78.988s][info][gc,heap        ] GC(139) Eden regions: 2->0(0)
[2025-03-18T15:37:49.324+0100][78.988s][info][gc,heap        ] GC(139) Survivor regions: 0->0(0)
[2025-03-18T15:37:49.324+0100][78.988s][info][gc,heap        ] GC(139) Old regions: 1019->1021
[2025-03-18T15:37:49.324+0100][78.988s][info][gc,heap        ] GC(139) Humongous regions: 3->3
[2025-03-18T15:37:49.324+0100][78.988s][info][gc,metaspace   ] GC(139) Metaspace: 27029K(27520K)->27029K(27520K) NonClass: 23482K(23808K)->23482K(23808K) Class: 3546K(3712K)->3546K(3712K)
[2025-03-18T15:37:49.324+0100][78.988s][info][gc             ] GC(139) Pause Young (Concurrent Start) (G1 Evacuation Pause) (Evacuation Failure) 4093M->4093M(4096M) 1.265ms
[2025-03-18T15:37:49.324+0100][78.988s][info][gc,cpu         ] GC(139) User=0.01s Sys=0.00s Real=0.00s
[2025-03-18T15:37:49.324+0100][78.988s][info][gc,ergo        ] Attempting full compaction
[2025-03-18T15:37:49.324+0100][78.988s][info][gc             ] GC(140) Concurrent Mark Cycle
[2025-03-18T15:37:49.324+0100][78.988s][info][gc,start       ] GC(141) Pause Full (G1 Compaction Pause)
[2025-03-18T15:37:49.324+0100][78.988s][info][gc,marking     ] GC(140) Concurrent Scan Root Regions
[2025-03-18T15:37:49.324+0100][78.988s][info][gc,task        ] GC(141) Using 9 workers of 9 for full compaction
[2025-03-18T15:37:49.325+0100][78.988s][info][gc,marking     ] GC(140) Concurrent Scan Root Regions 0.027ms
[2025-03-18T15:37:49.325+0100][78.988s][info][gc,marking     ] GC(140) Concurrent Mark
[2025-03-18T15:37:49.325+0100][78.988s][info][gc,marking     ] GC(140) Concurrent Mark From Roots
[2025-03-18T15:37:49.325+0100][78.988s][info][gc,task        ] GC(140) Using 2 workers of 2 for marking
[2025-03-18T15:37:49.325+0100][78.989s][info][gc,phases,start] GC(141) Phase 1: Mark live objects
[2025-03-18T15:37:49.957+0100][79.621s][info][gc,phases      ] GC(141) Phase 1: Mark live objects 631.886ms
[2025-03-18T15:37:49.957+0100][79.621s][info][gc,phases,start] GC(141) Phase 2: Prepare compaction
[2025-03-18T15:37:49.958+0100][79.622s][info][gc,phases      ] GC(141) Phase 2: Prepare compaction 0.816ms
[2025-03-18T15:37:49.958+0100][79.622s][info][gc,phases,start] GC(141) Phase 3: Adjust pointers
[2025-03-18T15:37:50.054+0100][79.718s][info][gc,phases      ] GC(141) Phase 3: Adjust pointers 96.340ms
[2025-03-18T15:37:50.054+0100][79.718s][info][gc,phases,start] GC(141) Phase 4: Compact heap
[2025-03-18T15:37:50.055+0100][79.719s][info][gc,phases      ] GC(141) Phase 4: Compact heap 0.855ms
[2025-03-18T15:37:50.055+0100][79.719s][info][gc,phases,start] GC(141) Phase 5: Reset Metadata
[2025-03-18T15:37:50.116+0100][79.780s][info][gc,phases      ] GC(141) Phase 5: Reset Metadata 60.702ms
[2025-03-18T15:37:50.123+0100][79.787s][info][gc,heap        ] GC(141) Eden regions: 0->0(2)
[2025-03-18T15:37:50.124+0100][79.787s][info][gc,heap        ] GC(141) Survivor regions: 0->0(0)
[2025-03-18T15:37:50.124+0100][79.787s][info][gc,heap        ] GC(141) Old regions: 1021->1019
[2025-03-18T15:37:50.124+0100][79.787s][info][gc,heap        ] GC(141) Humongous regions: 3->3
[2025-03-18T15:37:50.124+0100][79.787s][info][gc,metaspace   ] GC(141) Metaspace: 27029K(27520K)->27029K(27520K) NonClass: 23482K(23808K)->23482K(23808K) Class: 3546K(3712K)->3546K(3712K)
[2025-03-18T15:37:50.124+0100][79.787s][info][gc             ] GC(141) Pause Full (G1 Compaction Pause) 4093M->4087M(4096M) 799.117ms
[2025-03-18T15:37:50.124+0100][79.787s][info][gc,cpu         ] GC(141) User=6.17s Sys=0.38s Real=0.80s
[2025-03-18T15:37:50.124+0100][79.787s][info][gc,marking     ] GC(140) Concurrent Mark From Roots 799.180ms
[2025-03-18T15:37:50.124+0100][79.787s][info][gc,marking     ] GC(140) Concurrent Mark Abort
[2025-03-18T15:37:50.124+0100][79.787s][info][gc             ] GC(140) Concurrent Mark Cycle 799.293ms
[2025-03-18T15:37:50.129+0100][79.793s][info][gc,start       ] GC(142) Pause Young (Normal) (G1 Evacuation Pause)
[2025-03-18T15:37:50.129+0100][79.793s][info][gc,task        ] GC(142) Using 9 workers of 9 for evacuation
[2025-03-18T15:37:50.130+0100][79.794s][info][gc,phases      ] GC(142)   Pre Evacuate Collection Set: 0.2ms
[2025-03-18T15:37:50.130+0100][79.794s][info][gc,phases      ] GC(142)   Merge Heap Roots: 0.1ms
[2025-03-18T15:37:50.130+0100][79.794s][info][gc,phases      ] GC(142)   Evacuate Collection Set: 0.4ms
[2025-03-18T15:37:50.130+0100][79.794s][info][gc,phases      ] GC(142)   Post Evacuate Collection Set: 0.4ms
[2025-03-18T15:37:50.130+0100][79.794s][info][gc,phases      ] GC(142)   Other: 0.0ms
[2025-03-18T15:37:50.130+0100][79.794s][info][gc,heap        ] GC(142) Eden regions: 2->0(0)
[2025-03-18T15:37:50.130+0100][79.794s][info][gc,heap        ] GC(142) Survivor regions: 0->0(0)
[2025-03-18T15:37:50.130+0100][79.794s][info][gc,heap        ] GC(142) Old regions: 1019->1021
[2025-03-18T15:37:50.130+0100][79.794s][info][gc,heap        ] GC(142) Humongous regions: 3->3
[2025-03-18T15:37:50.130+0100][79.794s][info][gc,metaspace   ] GC(142) Metaspace: 27029K(27520K)->27029K(27520K) NonClass: 23482K(23808K)->23482K(23808K) Class: 3546K(3712K)->3546K(3712K)
[2025-03-18T15:37:50.130+0100][79.794s][info][gc             ] GC(142) Pause Young (Normal) (G1 Evacuation Pause) (Evacuation Failure) 4095M->4095M(4096M) 1.187ms
[2025-03-18T15:37:50.130+0100][79.794s][info][gc,cpu         ] GC(142) User=0.00s Sys=0.00s Real=0.01s
[2025-03-18T15:37:50.130+0100][79.794s][info][gc,ergo        ] Attempting full compaction
[2025-03-18T15:37:50.130+0100][79.794s][info][gc,start       ] GC(143) Pause Full (G1 Compaction Pause)
[2025-03-18T15:37:50.130+0100][79.794s][info][gc,task        ] GC(143) Using 9 workers of 9 for full compaction
[2025-03-18T15:37:50.130+0100][79.794s][info][gc,phases,start] GC(143) Phase 1: Mark live objects
[2025-03-18T15:37:50.916+0100][80.580s][info][gc,phases      ] GC(143) Phase 1: Mark live objects 785.847ms
[2025-03-18T15:37:50.916+0100][80.580s][info][gc,phases,start] GC(143) Phase 2: Prepare compaction
[2025-03-18T15:37:50.917+0100][80.581s][info][gc,phases      ] GC(143) Phase 2: Prepare compaction 1.043ms
[2025-03-18T15:37:50.917+0100][80.581s][info][gc,phases,start] GC(143) Phase 3: Adjust pointers
[2025-03-18T15:37:51.013+0100][80.677s][info][gc,phases      ] GC(143) Phase 3: Adjust pointers 95.797ms
[2025-03-18T15:37:51.014+0100][80.677s][info][gc,phases,start] GC(143) Phase 4: Compact heap
[2025-03-18T15:37:51.015+0100][80.678s][info][gc,phases      ] GC(143) Phase 4: Compact heap 1.053ms
[2025-03-18T15:37:51.015+0100][80.678s][info][gc,phases,start] GC(143) Phase 5: Reset Metadata
[2025-03-18T15:37:51.077+0100][80.741s][info][gc,phases      ] GC(143) Phase 5: Reset Metadata 62.449ms
[2025-03-18T15:37:51.086+0100][80.749s][info][gc,heap        ] GC(143) Eden regions: 0->0(1)
[2025-03-18T15:37:51.086+0100][80.749s][info][gc,heap        ] GC(143) Survivor regions: 0->0(0)
[2025-03-18T15:37:51.086+0100][80.749s][info][gc,heap        ] GC(143) Old regions: 1021->1020
[2025-03-18T15:37:51.086+0100][80.749s][info][gc,heap        ] GC(143) Humongous regions: 3->3
[2025-03-18T15:37:51.086+0100][80.749s][info][gc,metaspace   ] GC(143) Metaspace: 27029K(27520K)->27029K(27520K) NonClass: 23482K(23808K)->23482K(23808K) Class: 3546K(3712K)->3546K(3712K)
[2025-03-18T15:37:51.086+0100][80.749s][info][gc             ] GC(143) Pause Full (G1 Compaction Pause) 4095M->4088M(4096M) 955.258ms
[2025-03-18T15:37:51.086+0100][80.749s][info][gc,cpu         ] GC(143) User=7.30s Sys=0.40s Real=0.95s
[2025-03-18T15:37:51.089+0100][80.753s][info][gc,start       ] GC(144) Pause Young (Concurrent Start) (G1 Evacuation Pause)
[2025-03-18T15:37:51.089+0100][80.753s][info][gc,task        ] GC(144) Using 9 workers of 9 for evacuation
[2025-03-18T15:37:51.090+0100][80.754s][info][gc,phases      ] GC(144)   Pre Evacuate Collection Set: 0.1ms
[2025-03-18T15:37:51.090+0100][80.754s][info][gc,phases      ] GC(144)   Merge Heap Roots: 0.0ms
[2025-03-18T15:37:51.090+0100][80.754s][info][gc,phases      ] GC(144)   Evacuate Collection Set: 0.4ms
[2025-03-18T15:37:51.090+0100][80.754s][info][gc,phases      ] GC(144)   Post Evacuate Collection Set: 0.3ms
[2025-03-18T15:37:51.090+0100][80.754s][info][gc,phases      ] GC(144)   Other: 0.0ms
[2025-03-18T15:37:51.090+0100][80.754s][info][gc,heap        ] GC(144) Eden regions: 1->0(0)
[2025-03-18T15:37:51.090+0100][80.754s][info][gc,heap        ] GC(144) Survivor regions: 0->0(0)
[2025-03-18T15:37:51.090+0100][80.754s][info][gc,heap        ] GC(144) Old regions: 1020->1021
[2025-03-18T15:37:51.090+0100][80.754s][info][gc,heap        ] GC(144) Humongous regions: 3->3
[2025-03-18T15:37:51.090+0100][80.754s][info][gc,metaspace   ] GC(144) Metaspace: 27029K(27520K)->27029K(27520K) NonClass: 23483K(23808K)->23483K(23808K) Class: 3546K(3712K)->3546K(3712K)
[2025-03-18T15:37:51.090+0100][80.754s][info][gc             ] GC(144) Pause Young (Concurrent Start) (G1 Evacuation Pause) (Evacuation Failure) 4092M->4092M(4096M) 1.028ms
[2025-03-18T15:37:51.090+0100][80.754s][info][gc             ] GC(145) Concurrent Mark Cycle
[2025-03-18T15:37:51.090+0100][80.754s][info][gc,cpu         ] GC(144) User=0.00s Sys=0.00s Real=0.01s
[2025-03-18T15:37:51.090+0100][80.754s][info][gc,marking     ] GC(145) Concurrent Scan Root Regions
[2025-03-18T15:37:51.090+0100][80.754s][info][gc,ergo        ] Attempting full compaction
[2025-03-18T15:37:51.090+0100][80.754s][info][gc,marking     ] GC(145) Concurrent Scan Root Regions 0.018ms
[2025-03-18T15:37:51.090+0100][80.754s][info][gc,start       ] GC(146) Pause Full (G1 Compaction Pause)
[2025-03-18T15:37:51.090+0100][80.754s][info][gc,marking     ] GC(145) Concurrent Mark
[2025-03-18T15:37:51.090+0100][80.754s][info][gc,task        ] GC(146) Using 9 workers of 9 for full compaction
[2025-03-18T15:37:51.090+0100][80.754s][info][gc,marking     ] GC(145) Concurrent Mark From Roots
[2025-03-18T15:37:51.091+0100][80.754s][info][gc,task        ] GC(145) Using 2 workers of 2 for marking
[2025-03-18T15:37:51.091+0100][80.755s][info][gc,phases,start] GC(146) Phase 1: Mark live objects
[2025-03-18T15:37:51.507+0100][81.170s][info][gc,phases      ] GC(146) Phase 1: Mark live objects 415.618ms
[2025-03-18T15:37:51.507+0100][81.170s][info][gc,phases,start] GC(146) Phase 2: Prepare compaction
[2025-03-18T15:37:51.507+0100][81.171s][info][gc,phases      ] GC(146) Phase 2: Prepare compaction 0.486ms
[2025-03-18T15:37:51.507+0100][81.171s][info][gc,phases,start] GC(146) Phase 3: Adjust pointers
[2025-03-18T15:37:51.603+0100][81.267s][info][gc,phases      ] GC(146) Phase 3: Adjust pointers 95.771ms
[2025-03-18T15:37:51.603+0100][81.267s][info][gc,phases,start] GC(146) Phase 4: Compact heap
[2025-03-18T15:37:51.604+0100][81.267s][info][gc,phases      ] GC(146) Phase 4: Compact heap 0.487ms
[2025-03-18T15:37:51.604+0100][81.267s][info][gc,phases,start] GC(146) Phase 5: Reset Metadata
[2025-03-18T15:37:51.665+0100][81.328s][info][gc,phases      ] GC(146) Phase 5: Reset Metadata 60.952ms
[2025-03-18T15:37:51.671+0100][81.335s][info][gc,heap        ] GC(146) Eden regions: 0->0(1)
[2025-03-18T15:37:51.672+0100][81.335s][info][gc,heap        ] GC(146) Survivor regions: 0->0(0)
[2025-03-18T15:37:51.672+0100][81.335s][info][gc,heap        ] GC(146) Old regions: 1021->1020
[2025-03-18T15:37:51.672+0100][81.335s][info][gc,heap        ] GC(146) Humongous regions: 3->3
[2025-03-18T15:37:51.672+0100][81.335s][info][gc,metaspace   ] GC(146) Metaspace: 27029K(27520K)->27029K(27520K) NonClass: 23483K(23808K)->23483K(23808K) Class: 3546K(3712K)->3546K(3712K)
[2025-03-18T15:37:51.672+0100][81.335s][info][gc             ] GC(146) Pause Full (G1 Compaction Pause) 4092M->4089M(4096M) 581.111ms
[2025-03-18T15:37:51.672+0100][81.335s][info][gc,cpu         ] GC(146) User=4.30s Sys=0.32s Real=0.58s
[2025-03-18T15:37:51.672+0100][81.335s][info][gc,marking     ] GC(145) Concurrent Mark From Roots 581.193ms
[2025-03-18T15:37:51.672+0100][81.335s][info][gc,marking     ] GC(145) Concurrent Mark Abort
[2025-03-18T15:37:51.672+0100][81.335s][info][gc             ] GC(145) Concurrent Mark Cycle 581.300ms
[2025-03-18T15:37:51.675+0100][81.338s][info][gc,start       ] GC(147) Pause Young (Normal) (G1 Evacuation Pause)
[2025-03-18T15:37:51.675+0100][81.338s][info][gc,task        ] GC(147) Using 9 workers of 9 for evacuation
[2025-03-18T15:37:51.675+0100][81.339s][info][gc,phases      ] GC(147)   Pre Evacuate Collection Set: 0.1ms
[2025-03-18T15:37:51.675+0100][81.339s][info][gc,phases      ] GC(147)   Merge Heap Roots: 0.0ms
[2025-03-18T15:37:51.675+0100][81.339s][info][gc,phases      ] GC(147)   Evacuate Collection Set: 0.3ms
[2025-03-18T15:37:51.675+0100][81.339s][info][gc,phases      ] GC(147)   Post Evacuate Collection Set: 0.3ms
[2025-03-18T15:37:51.675+0100][81.339s][info][gc,phases      ] GC(147)   Other: 0.0ms
[2025-03-18T15:37:51.675+0100][81.339s][info][gc,heap        ] GC(147) Eden regions: 1->0(0)
[2025-03-18T15:37:51.675+0100][81.339s][info][gc,heap        ] GC(147) Survivor regions: 0->0(0)
[2025-03-18T15:37:51.675+0100][81.339s][info][gc,heap        ] GC(147) Old regions: 1020->1021
[2025-03-18T15:37:51.675+0100][81.339s][info][gc,heap        ] GC(147) Humongous regions: 3->3
[2025-03-18T15:37:51.675+0100][81.339s][info][gc,metaspace   ] GC(147) Metaspace: 27029K(27520K)->27029K(27520K) NonClass: 23483K(23808K)->23483K(23808K) Class: 3546K(3712K)->3546K(3712K)
[2025-03-18T15:37:51.675+0100][81.339s][info][gc             ] GC(147) Pause Young (Normal) (G1 Evacuation Pause) (Evacuation Failure) 4093M->4093M(4096M) 0.906ms
[2025-03-18T15:37:51.675+0100][81.339s][info][gc,cpu         ] GC(147) User=0.00s Sys=0.00s Real=0.00s
[2025-03-18T15:37:51.675+0100][81.339s][info][gc,ergo        ] Attempting full compaction
[2025-03-18T15:37:51.675+0100][81.339s][info][gc,start       ] GC(148) Pause Full (G1 Compaction Pause)
[2025-03-18T15:37:51.675+0100][81.339s][info][gc,task        ] GC(148) Using 9 workers of 9 for full compaction
[2025-03-18T15:37:51.676+0100][81.339s][info][gc,phases,start] GC(148) Phase 1: Mark live objects
[2025-03-18T15:37:52.084+0100][81.748s][info][gc,phases      ] GC(148) Phase 1: Mark live objects 408.945ms
[2025-03-18T15:37:52.085+0100][81.748s][info][gc,phases,start] GC(148) Phase 2: Prepare compaction
[2025-03-18T15:37:52.085+0100][81.749s][info][gc,phases      ] GC(148) Phase 2: Prepare compaction 0.614ms
[2025-03-18T15:37:52.085+0100][81.749s][info][gc,phases,start] GC(148) Phase 3: Adjust pointers
[2025-03-18T15:37:52.181+0100][81.844s][info][gc,phases      ] GC(148) Phase 3: Adjust pointers 95.630ms
[2025-03-18T15:37:52.181+0100][81.844s][info][gc,phases,start] GC(148) Phase 4: Compact heap
[2025-03-18T15:37:52.181+0100][81.845s][info][gc,phases      ] GC(148) Phase 4: Compact heap 0.582ms
[2025-03-18T15:37:52.181+0100][81.845s][info][gc,phases,start] GC(148) Phase 5: Reset Metadata
[2025-03-18T15:37:52.243+0100][81.907s][info][gc,phases      ] GC(148) Phase 5: Reset Metadata 61.555ms
[2025-03-18T15:37:52.250+0100][81.913s][info][gc,heap        ] GC(148) Eden regions: 0->0(1)
[2025-03-18T15:37:52.250+0100][81.913s][info][gc,heap        ] GC(148) Survivor regions: 0->0(0)
[2025-03-18T15:37:52.250+0100][81.913s][info][gc,heap        ] GC(148) Old regions: 1021->1020
[2025-03-18T15:37:52.250+0100][81.913s][info][gc,heap        ] GC(148) Humongous regions: 3->3
[2025-03-18T15:37:52.250+0100][81.913s][info][gc,metaspace   ] GC(148) Metaspace: 27029K(27520K)->27029K(27520K) NonClass: 23483K(23808K)->23483K(23808K) Class: 3546K(3712K)->3546K(3712K)
[2025-03-18T15:37:52.250+0100][81.913s][info][gc             ] GC(148) Pause Full (G1 Compaction Pause) 4093M->4090M(4096M) 574.268ms
[2025-03-18T15:37:52.250+0100][81.913s][info][gc,cpu         ] GC(148) User=4.31s Sys=0.29s Real=0.58s
[2025-03-18T15:37:52.253+0100][81.916s][info][gc,start       ] GC(149) Pause Young (Concurrent Start) (G1 Evacuation Pause)
[2025-03-18T15:37:52.253+0100][81.916s][info][gc,task        ] GC(149) Using 9 workers of 9 for evacuation
[2025-03-18T15:37:52.254+0100][81.917s][info][gc,phases      ] GC(149)   Pre Evacuate Collection Set: 0.1ms
[2025-03-18T15:37:52.254+0100][81.917s][info][gc,phases      ] GC(149)   Merge Heap Roots: 0.0ms
[2025-03-18T15:37:52.254+0100][81.917s][info][gc,phases      ] GC(149)   Evacuate Collection Set: 0.3ms
[2025-03-18T15:37:52.254+0100][81.917s][info][gc,phases      ] GC(149)   Post Evacuate Collection Set: 0.3ms
[2025-03-18T15:37:52.254+0100][81.917s][info][gc,phases      ] GC(149)   Other: 0.1ms
[2025-03-18T15:37:52.254+0100][81.917s][info][gc,heap        ] GC(149) Eden regions: 1->0(0)
[2025-03-18T15:37:52.254+0100][81.917s][info][gc,heap        ] GC(149) Survivor regions: 0->0(0)
[2025-03-18T15:37:52.254+0100][81.917s][info][gc,heap        ] GC(149) Old regions: 1020->1021
[2025-03-18T15:37:52.254+0100][81.917s][info][gc,heap        ] GC(149) Humongous regions: 3->3
[2025-03-18T15:37:52.254+0100][81.917s][info][gc,metaspace   ] GC(149) Metaspace: 27029K(27520K)->27029K(27520K) NonClass: 23483K(23808K)->23483K(23808K) Class: 3546K(3712K)->3546K(3712K)
[2025-03-18T15:37:52.254+0100][81.917s][info][gc             ] GC(149) Pause Young (Concurrent Start) (G1 Evacuation Pause) (Evacuation Failure) 4094M->4094M(4096M) 0.938ms
[2025-03-18T15:37:52.254+0100][81.917s][info][gc             ] GC(150) Concurrent Mark Cycle
[2025-03-18T15:37:52.254+0100][81.917s][info][gc,cpu         ] GC(149) User=0.00s Sys=0.00s Real=0.00s
[2025-03-18T15:37:52.254+0100][81.917s][info][gc,marking     ] GC(150) Concurrent Scan Root Regions
[2025-03-18T15:37:52.254+0100][81.917s][info][gc,ergo        ] Attempting full compaction
[2025-03-18T15:37:52.254+0100][81.917s][info][gc,marking     ] GC(150) Concurrent Scan Root Regions 0.026ms
[2025-03-18T15:37:52.254+0100][81.917s][info][gc,start       ] GC(151) Pause Full (G1 Compaction Pause)
[2025-03-18T15:37:52.254+0100][81.917s][info][gc,marking     ] GC(150) Concurrent Mark
[2025-03-18T15:37:52.254+0100][81.917s][info][gc,task        ] GC(151) Using 9 workers of 9 for full compaction
[2025-03-18T15:37:52.254+0100][81.917s][info][gc,marking     ] GC(150) Concurrent Mark From Roots
[2025-03-18T15:37:52.254+0100][81.917s][info][gc,task        ] GC(150) Using 2 workers of 2 for marking
[2025-03-18T15:37:52.254+0100][81.918s][info][gc,phases,start] GC(151) Phase 1: Mark live objects
[2025-03-18T15:37:52.668+0100][82.332s][info][gc,phases      ] GC(151) Phase 1: Mark live objects 413.604ms
[2025-03-18T15:37:52.668+0100][82.332s][info][gc,phases,start] GC(151) Phase 2: Prepare compaction
[2025-03-18T15:37:52.669+0100][82.332s][info][gc,phases      ] GC(151) Phase 2: Prepare compaction 0.691ms
[2025-03-18T15:37:52.669+0100][82.332s][info][gc,phases,start] GC(151) Phase 3: Adjust pointers
[2025-03-18T15:37:52.765+0100][82.428s][info][gc,phases      ] GC(151) Phase 3: Adjust pointers 96.000ms
[2025-03-18T15:37:52.765+0100][82.428s][info][gc,phases,start] GC(151) Phase 4: Compact heap
[2025-03-18T15:37:52.765+0100][82.429s][info][gc,phases      ] GC(151) Phase 4: Compact heap 0.678ms
[2025-03-18T15:37:52.765+0100][82.429s][info][gc,phases,start] GC(151) Phase 5: Reset Metadata
[2025-03-18T15:37:52.828+0100][82.491s][info][gc,phases      ] GC(151) Phase 5: Reset Metadata 62.199ms
[2025-03-18T15:37:52.835+0100][82.499s][info][gc,heap        ] GC(151) Eden regions: 0->0(1)
[2025-03-18T15:37:52.836+0100][82.499s][info][gc,heap        ] GC(151) Survivor regions: 0->0(0)
[2025-03-18T15:37:52.836+0100][82.499s][info][gc,heap        ] GC(151) Old regions: 1021->1020
[2025-03-18T15:37:52.836+0100][82.499s][info][gc,heap        ] GC(151) Humongous regions: 3->3
[2025-03-18T15:37:52.836+0100][82.499s][info][gc,metaspace   ] GC(151) Metaspace: 27029K(27520K)->27029K(27520K) NonClass: 23483K(23808K)->23483K(23808K) Class: 3546K(3712K)->3546K(3712K)
[2025-03-18T15:37:52.836+0100][82.499s][info][gc             ] GC(151) Pause Full (G1 Compaction Pause) 4094M->4090M(4096M) 581.875ms
[2025-03-18T15:37:52.836+0100][82.499s][info][gc,cpu         ] GC(151) User=4.30s Sys=0.32s Real=0.58s
[2025-03-18T15:37:52.836+0100][82.499s][info][gc,marking     ] GC(150) Concurrent Mark From Roots 581.967ms
[2025-03-18T15:37:52.836+0100][82.499s][info][gc,marking     ] GC(150) Concurrent Mark Abort
[2025-03-18T15:37:52.836+0100][82.499s][info][gc             ] GC(150) Concurrent Mark Cycle 582.077ms
[2025-03-18T15:37:52.839+0100][82.502s][info][gc,start       ] GC(152) Pause Young (Normal) (G1 Evacuation Pause)
[2025-03-18T15:37:52.839+0100][82.502s][info][gc,task        ] GC(152) Using 9 workers of 9 for evacuation
[2025-03-18T15:37:52.839+0100][82.503s][info][gc,phases      ] GC(152)   Pre Evacuate Collection Set: 0.1ms
[2025-03-18T15:37:52.839+0100][82.503s][info][gc,phases      ] GC(152)   Merge Heap Roots: 0.0ms
[2025-03-18T15:37:52.840+0100][82.503s][info][gc,phases      ] GC(152)   Evacuate Collection Set: 0.4ms
[2025-03-18T15:37:52.840+0100][82.503s][info][gc,phases      ] GC(152)   Post Evacuate Collection Set: 0.3ms
[2025-03-18T15:37:52.840+0100][82.503s][info][gc,phases      ] GC(152)   Other: 0.0ms
[2025-03-18T15:37:52.840+0100][82.503s][info][gc,heap        ] GC(152) Eden regions: 1->0(0)
[2025-03-18T15:37:52.840+0100][82.503s][info][gc,heap        ] GC(152) Survivor regions: 0->0(0)
[2025-03-18T15:37:52.840+0100][82.503s][info][gc,heap        ] GC(152) Old regions: 1020->1021
[2025-03-18T15:37:52.840+0100][82.503s][info][gc,heap        ] GC(152) Humongous regions: 3->3
[2025-03-18T15:37:52.840+0100][82.503s][info][gc,metaspace   ] GC(152) Metaspace: 27029K(27520K)->27029K(27520K) NonClass: 23483K(23808K)->23483K(23808K) Class: 3546K(3712K)->3546K(3712K)
[2025-03-18T15:37:52.840+0100][82.503s][info][gc             ] GC(152) Pause Young (Normal) (G1 Evacuation Pause) (Evacuation Failure) 4094M->4094M(4096M) 1.005ms
[2025-03-18T15:37:52.840+0100][82.503s][info][gc,cpu         ] GC(152) User=0.01s Sys=0.00s Real=0.01s
[2025-03-18T15:37:52.840+0100][82.503s][info][gc,ergo        ] Attempting full compaction
[2025-03-18T15:37:52.840+0100][82.503s][info][gc,start       ] GC(153) Pause Full (G1 Compaction Pause)
[2025-03-18T15:37:52.840+0100][82.503s][info][gc,task        ] GC(153) Using 9 workers of 9 for full compaction
[2025-03-18T15:37:52.840+0100][82.503s][info][gc,phases,start] GC(153) Phase 1: Mark live objects
[2025-03-18T15:37:53.594+0100][83.257s][info][gc,phases      ] GC(153) Phase 1: Mark live objects 754.008ms
[2025-03-18T15:37:53.594+0100][83.257s][info][gc,phases,start] GC(153) Phase 2: Prepare compaction
[2025-03-18T15:37:53.595+0100][83.258s][info][gc,phases      ] GC(153) Phase 2: Prepare compaction 0.812ms
[2025-03-18T15:37:53.595+0100][83.258s][info][gc,phases,start] GC(153) Phase 3: Adjust pointers
[2025-03-18T15:37:53.690+0100][83.354s][info][gc,phases      ] GC(153) Phase 3: Adjust pointers 95.603ms
[2025-03-18T15:37:53.690+0100][83.354s][info][gc,phases,start] GC(153) Phase 4: Compact heap
[2025-03-18T15:37:53.691+0100][83.355s][info][gc,phases      ] GC(153) Phase 4: Compact heap 0.753ms
[2025-03-18T15:37:53.691+0100][83.355s][info][gc,phases,start] GC(153) Phase 5: Reset Metadata
[2025-03-18T15:37:53.752+0100][83.415s][info][gc,phases      ] GC(153) Phase 5: Reset Metadata 60.536ms
[2025-03-18T15:37:53.760+0100][83.424s][info][gc,heap        ] GC(153) Eden regions: 0->0(0)
[2025-03-18T15:37:53.760+0100][83.424s][info][gc,heap        ] GC(153) Survivor regions: 0->0(0)
[2025-03-18T15:37:53.760+0100][83.424s][info][gc,heap        ] GC(153) Old regions: 1021->1021
[2025-03-18T15:37:53.760+0100][83.424s][info][gc,heap        ] GC(153) Humongous regions: 3->3
[2025-03-18T15:37:53.760+0100][83.424s][info][gc,metaspace   ] GC(153) Metaspace: 27029K(27520K)->27029K(27520K) NonClass: 23483K(23808K)->23483K(23808K) Class: 3546K(3712K)->3546K(3712K)
[2025-03-18T15:37:53.760+0100][83.424s][info][gc             ] GC(153) Pause Full (G1 Compaction Pause) 4094M->4091M(4096M) 920.415ms
[2025-03-18T15:37:53.760+0100][83.424s][info][gc,cpu         ] GC(153) User=7.19s Sys=0.38s Real=0.92s
[2025-03-18T15:37:53.760+0100][83.424s][info][gc,ergo        ] Attempting maximal full compaction clearing soft references
[2025-03-18T15:37:53.760+0100][83.424s][info][gc,start       ] GC(154) Pause Full (G1 Compaction Pause)
[2025-03-18T15:37:53.760+0100][83.424s][info][gc,task        ] GC(154) Using 9 workers of 9 for full compaction
[2025-03-18T15:37:53.760+0100][83.424s][info][gc,phases,start] GC(154) Phase 1: Mark live objects
[2025-03-18T15:37:54.231+0100][83.895s][info][gc,phases      ] GC(154) Phase 1: Mark live objects 471.224ms
[2025-03-18T15:37:54.231+0100][83.895s][info][gc,phases,start] GC(154) Phase 2: Prepare compaction
[2025-03-18T15:37:54.376+0100][84.039s][info][gc,phases      ] GC(154) Phase 2: Prepare compaction 144.376ms
[2025-03-18T15:37:54.376+0100][84.039s][info][gc,phases,start] GC(154) Phase 3: Adjust pointers
[2025-03-18T15:37:54.502+0100][84.165s][info][gc,phases      ] GC(154) Phase 3: Adjust pointers 125.761ms
[2025-03-18T15:37:54.502+0100][84.165s][info][gc,phases,start] GC(154) Phase 4: Compact heap
[2025-03-18T15:37:54.605+0100][84.269s][info][gc,phases      ] GC(154) Phase 4: Compact heap 103.543ms
[2025-03-18T15:37:54.605+0100][84.269s][info][gc,phases,start] GC(154) Phase 5: Reset Metadata
[2025-03-18T15:37:54.606+0100][84.269s][info][gc,phases      ] GC(154) Phase 5: Reset Metadata 0.290ms
[2025-03-18T15:37:54.612+0100][84.275s][info][gc,heap        ] GC(154) Eden regions: 0->0(11)
[2025-03-18T15:37:54.612+0100][84.275s][info][gc,heap        ] GC(154) Survivor regions: 0->0(0)
[2025-03-18T15:37:54.612+0100][84.275s][info][gc,heap        ] GC(154) Old regions: 1021->1010
[2025-03-18T15:37:54.612+0100][84.275s][info][gc,heap        ] GC(154) Humongous regions: 3->3
[2025-03-18T15:37:54.612+0100][84.275s][info][gc,metaspace   ] GC(154) Metaspace: 27029K(27520K)->27029K(27520K) NonClass: 23483K(23808K)->23483K(23808K) Class: 3546K(3712K)->3546K(3712K)
[2025-03-18T15:37:54.612+0100][84.275s][info][gc             ] GC(154) Pause Full (G1 Compaction Pause) 4091M->4048M(4096M) 851.684ms
[2025-03-18T15:37:54.612+0100][84.275s][info][gc,cpu         ] GC(154) User=6.14s Sys=0.38s Real=0.85s
[2025-03-18T15:37:54.641+0100][84.305s][info][gc,start       ] GC(155) Pause Young (Concurrent Start) (G1 Evacuation Pause)
[2025-03-18T15:37:54.641+0100][84.305s][info][gc,task        ] GC(155) Using 9 workers of 9 for evacuation
[2025-03-18T15:37:54.644+0100][84.307s][info][gc,phases      ] GC(155)   Pre Evacuate Collection Set: 0.2ms
[2025-03-18T15:37:54.644+0100][84.307s][info][gc,phases      ] GC(155)   Merge Heap Roots: 0.0ms
[2025-03-18T15:37:54.644+0100][84.307s][info][gc,phases      ] GC(155)   Evacuate Collection Set: 1.6ms
[2025-03-18T15:37:54.644+0100][84.307s][info][gc,phases      ] GC(155)   Post Evacuate Collection Set: 0.9ms
[2025-03-18T15:37:54.644+0100][84.307s][info][gc,phases      ] GC(155)   Other: 0.1ms
[2025-03-18T15:37:54.644+0100][84.307s][info][gc,heap        ] GC(155) Eden regions: 11->0(0)
[2025-03-18T15:37:54.644+0100][84.307s][info][gc,heap        ] GC(155) Survivor regions: 0->0(0)
[2025-03-18T15:37:54.644+0100][84.307s][info][gc,heap        ] GC(155) Old regions: 1010->1021
[2025-03-18T15:37:54.644+0100][84.307s][info][gc,heap        ] GC(155) Humongous regions: 3->3
[2025-03-18T15:37:54.644+0100][84.307s][info][gc,metaspace   ] GC(155) Metaspace: 27029K(27520K)->27029K(27520K) NonClass: 23483K(23808K)->23483K(23808K) Class: 3546K(3712K)->3546K(3712K)
[2025-03-18T15:37:54.644+0100][84.307s][info][gc             ] GC(155) Pause Young (Concurrent Start) (G1 Evacuation Pause) (Evacuation Failure) 4092M->4092M(4096M) 2.927ms
[2025-03-18T15:37:54.644+0100][84.307s][info][gc             ] GC(156) Concurrent Mark Cycle
[2025-03-18T15:37:54.644+0100][84.307s][info][gc,cpu         ] GC(155) User=0.02s Sys=0.00s Real=0.00s
[2025-03-18T15:37:54.644+0100][84.308s][info][gc,marking     ] GC(156) Concurrent Scan Root Regions
[2025-03-18T15:37:54.644+0100][84.308s][info][gc,ergo        ] Attempting full compaction
[2025-03-18T15:37:54.644+0100][84.308s][info][gc,marking     ] GC(156) Concurrent Scan Root Regions 0.022ms
[2025-03-18T15:37:54.644+0100][84.308s][info][gc,marking     ] GC(156) Concurrent Mark
[2025-03-18T15:37:54.644+0100][84.308s][info][gc,start       ] GC(157) Pause Full (G1 Compaction Pause)
[2025-03-18T15:37:54.644+0100][84.308s][info][gc,marking     ] GC(156) Concurrent Mark From Roots
[2025-03-18T15:37:54.644+0100][84.308s][info][gc,task        ] GC(157) Using 9 workers of 9 for full compaction
[2025-03-18T15:37:54.644+0100][84.308s][info][gc,task        ] GC(156) Using 2 workers of 2 for marking
[2025-03-18T15:37:54.645+0100][84.308s][info][gc,phases,start] GC(157) Phase 1: Mark live objects
[2025-03-18T15:37:55.361+0100][85.025s][info][gc,phases      ] GC(157) Phase 1: Mark live objects 716.779ms
[2025-03-18T15:37:55.361+0100][85.025s][info][gc,phases,start] GC(157) Phase 2: Prepare compaction
[2025-03-18T15:37:55.362+0100][85.026s][info][gc,phases      ] GC(157) Phase 2: Prepare compaction 0.638ms
[2025-03-18T15:37:55.362+0100][85.026s][info][gc,phases,start] GC(157) Phase 3: Adjust pointers
[2025-03-18T15:37:55.457+0100][85.121s][info][gc,phases      ] GC(157) Phase 3: Adjust pointers 95.469ms
[2025-03-18T15:37:55.458+0100][85.121s][info][gc,phases,start] GC(157) Phase 4: Compact heap
[2025-03-18T15:37:55.458+0100][85.122s][info][gc,phases      ] GC(157) Phase 4: Compact heap 0.567ms
[2025-03-18T15:37:55.458+0100][85.122s][info][gc,phases,start] GC(157) Phase 5: Reset Metadata
[2025-03-18T15:37:55.522+0100][85.186s][info][gc,phases      ] GC(157) Phase 5: Reset Metadata 64.122ms
[2025-03-18T15:37:55.529+0100][85.193s][info][gc,heap        ] GC(157) Eden regions: 0->0(3)
[2025-03-18T15:37:55.529+0100][85.193s][info][gc,heap        ] GC(157) Survivor regions: 0->0(0)
[2025-03-18T15:37:55.529+0100][85.193s][info][gc,heap        ] GC(157) Old regions: 1021->1018
[2025-03-18T15:37:55.529+0100][85.193s][info][gc,heap        ] GC(157) Humongous regions: 3->3
[2025-03-18T15:37:55.529+0100][85.193s][info][gc,metaspace   ] GC(157) Metaspace: 27029K(27520K)->27029K(27520K) NonClass: 23483K(23808K)->23483K(23808K) Class: 3546K(3712K)->3546K(3712K)
[2025-03-18T15:37:55.529+0100][85.193s][info][gc             ] GC(157) Pause Full (G1 Compaction Pause) 4092M->4056M(4096M) 885.341ms
[2025-03-18T15:37:55.529+0100][85.193s][info][gc,cpu         ] GC(157) User=6.95s Sys=0.38s Real=0.88s
[2025-03-18T15:37:55.529+0100][85.193s][info][gc,marking     ] GC(156) Concurrent Mark From Roots 885.447ms
[2025-03-18T15:37:55.529+0100][85.193s][info][gc,marking     ] GC(156) Concurrent Mark Abort
[2025-03-18T15:37:55.529+0100][85.193s][info][gc             ] GC(156) Concurrent Mark Cycle 885.551ms
[2025-03-18T15:37:55.538+0100][85.201s][info][gc,start       ] GC(158) Pause Young (Normal) (G1 Evacuation Pause)
[2025-03-18T15:37:55.538+0100][85.201s][info][gc,task        ] GC(158) Using 9 workers of 9 for evacuation
[2025-03-18T15:37:55.539+0100][85.203s][info][gc,phases      ] GC(158)   Pre Evacuate Collection Set: 0.1ms
[2025-03-18T15:37:55.539+0100][85.203s][info][gc,phases      ] GC(158)   Merge Heap Roots: 0.0ms
[2025-03-18T15:37:55.539+0100][85.203s][info][gc,phases      ] GC(158)   Evacuate Collection Set: 0.5ms
[2025-03-18T15:37:55.539+0100][85.203s][info][gc,phases      ] GC(158)   Post Evacuate Collection Set: 0.4ms
[2025-03-18T15:37:55.539+0100][85.203s][info][gc,phases      ] GC(158)   Other: 0.0ms
[2025-03-18T15:37:55.539+0100][85.203s][info][gc,heap        ] GC(158) Eden regions: 3->0(0)
[2025-03-18T15:37:55.539+0100][85.203s][info][gc,heap        ] GC(158) Survivor regions: 0->0(0)
[2025-03-18T15:37:55.539+0100][85.203s][info][gc,heap        ] GC(158) Old regions: 1018->1021
[2025-03-18T15:37:55.539+0100][85.203s][info][gc,heap        ] GC(158) Humongous regions: 3->3
[2025-03-18T15:37:55.539+0100][85.203s][info][gc,metaspace   ] GC(158) Metaspace: 27029K(27520K)->27029K(27520K) NonClass: 23483K(23808K)->23483K(23808K) Class: 3546K(3712K)->3546K(3712K)
[2025-03-18T15:37:55.539+0100][85.203s][info][gc             ] GC(158) Pause Young (Normal) (G1 Evacuation Pause) (Evacuation Failure) 4068M->4068M(4096M) 1.340ms
[2025-03-18T15:37:55.539+0100][85.203s][info][gc,cpu         ] GC(158) User=0.00s Sys=0.00s Real=0.00s
[2025-03-18T15:37:55.539+0100][85.203s][info][gc,ergo        ] Attempting full compaction
[2025-03-18T15:37:55.539+0100][85.203s][info][gc,start       ] GC(159) Pause Full (G1 Compaction Pause)
[2025-03-18T15:37:55.539+0100][85.203s][info][gc,task        ] GC(159) Using 9 workers of 9 for full compaction
[2025-03-18T15:37:55.539+0100][85.203s][info][gc,phases,start] GC(159) Phase 1: Mark live objects
[2025-03-18T15:37:55.954+0100][85.618s][info][gc,phases      ] GC(159) Phase 1: Mark live objects 415.033ms
[2025-03-18T15:37:55.954+0100][85.618s][info][gc,phases,start] GC(159) Phase 2: Prepare compaction
[2025-03-18T15:37:55.955+0100][85.618s][info][gc,phases      ] GC(159) Phase 2: Prepare compaction 0.568ms
[2025-03-18T15:37:55.955+0100][85.618s][info][gc,phases,start] GC(159) Phase 3: Adjust pointers
[2025-03-18T15:37:56.050+0100][85.714s][info][gc,phases      ] GC(159) Phase 3: Adjust pointers 95.176ms
[2025-03-18T15:37:56.050+0100][85.714s][info][gc,phases,start] GC(159) Phase 4: Compact heap
[2025-03-18T15:37:56.051+0100][85.714s][info][gc,phases      ] GC(159) Phase 4: Compact heap 0.510ms
[2025-03-18T15:37:56.051+0100][85.714s][info][gc,phases,start] GC(159) Phase 5: Reset Metadata
[2025-03-18T15:37:56.111+0100][85.775s][info][gc,phases      ] GC(159) Phase 5: Reset Metadata 60.433ms
[2025-03-18T15:37:56.118+0100][85.782s][info][gc,heap        ] GC(159) Eden regions: 0->0(3)
[2025-03-18T15:37:56.118+0100][85.782s][info][gc,heap        ] GC(159) Survivor regions: 0->0(0)
[2025-03-18T15:37:56.118+0100][85.782s][info][gc,heap        ] GC(159) Old regions: 1021->1018
[2025-03-18T15:37:56.118+0100][85.782s][info][gc,heap        ] GC(159) Humongous regions: 3->3
[2025-03-18T15:37:56.118+0100][85.782s][info][gc,metaspace   ] GC(159) Metaspace: 27029K(27520K)->27029K(27520K) NonClass: 23483K(23808K)->23483K(23808K) Class: 3546K(3712K)->3546K(3712K)
[2025-03-18T15:37:56.118+0100][85.782s][info][gc             ] GC(159) Pause Full (G1 Compaction Pause) 4068M->4058M(4096M) 579.155ms
[2025-03-18T15:37:56.118+0100][85.782s][info][gc,cpu         ] GC(159) User=4.25s Sys=0.35s Real=0.58s
[2025-03-18T15:37:56.126+0100][85.790s][info][gc,start       ] GC(160) Pause Young (Concurrent Start) (G1 Evacuation Pause)
[2025-03-18T15:37:56.126+0100][85.790s][info][gc,task        ] GC(160) Using 9 workers of 9 for evacuation
[2025-03-18T15:37:56.128+0100][85.791s][info][gc,phases      ] GC(160)   Pre Evacuate Collection Set: 0.2ms
[2025-03-18T15:37:56.128+0100][85.791s][info][gc,phases      ] GC(160)   Merge Heap Roots: 0.0ms
[2025-03-18T15:37:56.128+0100][85.791s][info][gc,phases      ] GC(160)   Evacuate Collection Set: 0.6ms
[2025-03-18T15:37:56.128+0100][85.791s][info][gc,phases      ] GC(160)   Post Evacuate Collection Set: 0.4ms
[2025-03-18T15:37:56.128+0100][85.791s][info][gc,phases      ] GC(160)   Other: 0.0ms
[2025-03-18T15:37:56.128+0100][85.791s][info][gc,heap        ] GC(160) Eden regions: 3->0(0)
[2025-03-18T15:37:56.128+0100][85.791s][info][gc,heap        ] GC(160) Survivor regions: 0->0(0)
[2025-03-18T15:37:56.128+0100][85.791s][info][gc,heap        ] GC(160) Old regions: 1018->1021
[2025-03-18T15:37:56.128+0100][85.791s][info][gc,heap        ] GC(160) Humongous regions: 3->3
[2025-03-18T15:37:56.128+0100][85.791s][info][gc,metaspace   ] GC(160) Metaspace: 27029K(27520K)->27029K(27520K) NonClass: 23483K(23808K)->23483K(23808K) Class: 3546K(3712K)->3546K(3712K)
[2025-03-18T15:37:56.128+0100][85.791s][info][gc             ] GC(160) Pause Young (Concurrent Start) (G1 Evacuation Pause) (Evacuation Failure) 4070M->4070M(4096M) 1.373ms
[2025-03-18T15:37:56.128+0100][85.791s][info][gc,cpu         ] GC(160) User=0.01s Sys=0.00s Real=0.00s
[2025-03-18T15:37:56.128+0100][85.791s][info][gc,ergo        ] Attempting full compaction
[2025-03-18T15:37:56.128+0100][85.791s][info][gc             ] GC(161) Concurrent Mark Cycle
[2025-03-18T15:37:56.128+0100][85.791s][info][gc,start       ] GC(162) Pause Full (G1 Compaction Pause)
[2025-03-18T15:37:56.128+0100][85.791s][info][gc,marking     ] GC(161) Concurrent Scan Root Regions
[2025-03-18T15:37:56.128+0100][85.791s][info][gc,task        ] GC(162) Using 9 workers of 9 for full compaction
[2025-03-18T15:37:56.128+0100][85.791s][info][gc,marking     ] GC(161) Concurrent Scan Root Regions 0.021ms
[2025-03-18T15:37:56.128+0100][85.791s][info][gc,marking     ] GC(161) Concurrent Mark
[2025-03-18T15:37:56.128+0100][85.791s][info][gc,marking     ] GC(161) Concurrent Mark From Roots
[2025-03-18T15:37:56.128+0100][85.791s][info][gc,task        ] GC(161) Using 2 workers of 2 for marking
[2025-03-18T15:37:56.128+0100][85.792s][info][gc,phases,start] GC(162) Phase 1: Mark live objects
[2025-03-18T15:37:56.768+0100][86.431s][info][gc,phases      ] GC(162) Phase 1: Mark live objects 639.403ms
[2025-03-18T15:37:56.768+0100][86.431s][info][gc,phases,start] GC(162) Phase 2: Prepare compaction
[2025-03-18T15:37:56.768+0100][86.432s][info][gc,phases      ] GC(162) Phase 2: Prepare compaction 0.661ms
[2025-03-18T15:37:56.768+0100][86.432s][info][gc,phases,start] GC(162) Phase 3: Adjust pointers
[2025-03-18T15:37:56.864+0100][86.527s][info][gc,phases      ] GC(162) Phase 3: Adjust pointers 95.346ms
[2025-03-18T15:37:56.864+0100][86.528s][info][gc,phases,start] GC(162) Phase 4: Compact heap
[2025-03-18T15:37:56.865+0100][86.528s][info][gc,phases      ] GC(162) Phase 4: Compact heap 0.643ms
[2025-03-18T15:37:56.865+0100][86.528s][info][gc,phases,start] GC(162) Phase 5: Reset Metadata
[2025-03-18T15:37:56.923+0100][86.587s][info][gc,phases      ] GC(162) Phase 5: Reset Metadata 58.690ms
[2025-03-18T15:37:56.930+0100][86.594s][info][gc,heap        ] GC(162) Eden regions: 0->0(3)
[2025-03-18T15:37:56.930+0100][86.594s][info][gc,heap        ] GC(162) Survivor regions: 0->0(0)
[2025-03-18T15:37:56.930+0100][86.594s][info][gc,heap        ] GC(162) Old regions: 1021->1018
[2025-03-18T15:37:56.930+0100][86.594s][info][gc,heap        ] GC(162) Humongous regions: 3->3
[2025-03-18T15:37:56.930+0100][86.594s][info][gc,metaspace   ] GC(162) Metaspace: 27029K(27520K)->27029K(27520K) NonClass: 23483K(23808K)->23483K(23808K) Class: 3546K(3712K)->3546K(3712K)
[2025-03-18T15:37:56.930+0100][86.594s][info][gc             ] GC(162) Pause Full (G1 Compaction Pause) 4070M->4060M(4096M) 802.446ms
[2025-03-18T15:37:56.930+0100][86.594s][info][gc,cpu         ] GC(162) User=6.29s Sys=0.36s Real=0.81s
[2025-03-18T15:37:56.930+0100][86.594s][info][gc,marking     ] GC(161) Concurrent Mark From Roots 802.518ms
[2025-03-18T15:37:56.930+0100][86.594s][info][gc,marking     ] GC(161) Concurrent Mark Abort
[2025-03-18T15:37:56.930+0100][86.594s][info][gc             ] GC(161) Concurrent Mark Cycle 802.589ms
[2025-03-18T15:37:56.938+0100][86.602s][info][gc,start       ] GC(163) Pause Young (Normal) (G1 Evacuation Pause)
[2025-03-18T15:37:56.938+0100][86.602s][info][gc,task        ] GC(163) Using 9 workers of 9 for evacuation
[2025-03-18T15:37:56.939+0100][86.603s][info][gc,phases      ] GC(163)   Pre Evacuate Collection Set: 0.2ms
[2025-03-18T15:37:56.939+0100][86.603s][info][gc,phases      ] GC(163)   Merge Heap Roots: 0.0ms
[2025-03-18T15:37:56.939+0100][86.603s][info][gc,phases      ] GC(163)   Evacuate Collection Set: 0.5ms
[2025-03-18T15:37:56.939+0100][86.603s][info][gc,phases      ] GC(163)   Post Evacuate Collection Set: 0.4ms
[2025-03-18T15:37:56.940+0100][86.603s][info][gc,phases      ] GC(163)   Other: 0.0ms
[2025-03-18T15:37:56.940+0100][86.603s][info][gc,heap        ] GC(163) Eden regions: 3->0(0)
[2025-03-18T15:37:56.940+0100][86.603s][info][gc,heap        ] GC(163) Survivor regions: 0->0(0)
[2025-03-18T15:37:56.940+0100][86.603s][info][gc,heap        ] GC(163) Old regions: 1018->1021
[2025-03-18T15:37:56.940+0100][86.603s][info][gc,heap        ] GC(163) Humongous regions: 3->3
[2025-03-18T15:37:56.940+0100][86.603s][info][gc,metaspace   ] GC(163) Metaspace: 27029K(27520K)->27029K(27520K) NonClass: 23483K(23808K)->23483K(23808K) Class: 3546K(3712K)->3546K(3712K)
[2025-03-18T15:37:56.940+0100][86.603s][info][gc             ] GC(163) Pause Young (Normal) (G1 Evacuation Pause) (Evacuation Failure) 4072M->4072M(4096M) 1.291ms
[2025-03-18T15:37:56.940+0100][86.603s][info][gc,cpu         ] GC(163) User=0.00s Sys=0.00s Real=0.01s
[2025-03-18T15:37:56.940+0100][86.603s][info][gc,ergo        ] Attempting full compaction
[2025-03-18T15:37:56.940+0100][86.603s][info][gc,start       ] GC(164) Pause Full (G1 Compaction Pause)
[2025-03-18T15:37:56.940+0100][86.603s][info][gc,task        ] GC(164) Using 9 workers of 9 for full compaction
[2025-03-18T15:37:56.940+0100][86.603s][info][gc,phases,start] GC(164) Phase 1: Mark live objects
[2025-03-18T15:37:57.721+0100][87.385s][info][gc,phases      ] GC(164) Phase 1: Mark live objects 781.461ms
[2025-03-18T15:37:57.721+0100][87.385s][info][gc,phases,start] GC(164) Phase 2: Prepare compaction
[2025-03-18T15:37:57.722+0100][87.386s][info][gc,phases      ] GC(164) Phase 2: Prepare compaction 0.760ms
[2025-03-18T15:37:57.722+0100][87.386s][info][gc,phases,start] GC(164) Phase 3: Adjust pointers
[2025-03-18T15:37:57.818+0100][87.481s][info][gc,phases      ] GC(164) Phase 3: Adjust pointers 95.743ms
[2025-03-18T15:37:57.818+0100][87.481s][info][gc,phases,start] GC(164) Phase 4: Compact heap
[2025-03-18T15:37:57.818+0100][87.482s][info][gc,phases      ] GC(164) Phase 4: Compact heap 0.694ms
[2025-03-18T15:37:57.818+0100][87.482s][info][gc,phases,start] GC(164) Phase 5: Reset Metadata
[2025-03-18T15:37:57.879+0100][87.542s][info][gc,phases      ] GC(164) Phase 5: Reset Metadata 60.131ms
[2025-03-18T15:37:57.885+0100][87.548s][info][gc,heap        ] GC(164) Eden regions: 0->0(3)
[2025-03-18T15:37:57.885+0100][87.548s][info][gc,heap        ] GC(164) Survivor regions: 0->0(0)
[2025-03-18T15:37:57.885+0100][87.548s][info][gc,heap        ] GC(164) Old regions: 1021->1018
[2025-03-18T15:37:57.885+0100][87.548s][info][gc,heap        ] GC(164) Humongous regions: 3->3
[2025-03-18T15:37:57.885+0100][87.548s][info][gc,metaspace   ] GC(164) Metaspace: 27029K(27520K)->27029K(27520K) NonClass: 23483K(23808K)->23483K(23808K) Class: 3546K(3712K)->3546K(3712K)
[2025-03-18T15:37:57.885+0100][87.548s][info][gc             ] GC(164) Pause Full (G1 Compaction Pause) 4072M->4062M(4096M) 945.133ms
[2025-03-18T15:37:57.885+0100][87.548s][info][gc,cpu         ] GC(164) User=7.51s Sys=0.37s Real=0.94s
[2025-03-18T15:37:57.893+0100][87.556s][info][gc,start       ] GC(165) Pause Young (Concurrent Start) (G1 Evacuation Pause)
[2025-03-18T15:37:57.893+0100][87.556s][info][gc,task        ] GC(165) Using 9 workers of 9 for evacuation
[2025-03-18T15:37:57.894+0100][87.558s][info][gc,phases      ] GC(165)   Pre Evacuate Collection Set: 0.2ms
[2025-03-18T15:37:57.894+0100][87.558s][info][gc,phases      ] GC(165)   Merge Heap Roots: 0.0ms
[2025-03-18T15:37:57.894+0100][87.558s][info][gc,phases      ] GC(165)   Evacuate Collection Set: 0.6ms
[2025-03-18T15:37:57.894+0100][87.558s][info][gc,phases      ] GC(165)   Post Evacuate Collection Set: 0.4ms
[2025-03-18T15:37:57.894+0100][87.558s][info][gc,phases      ] GC(165)   Other: 0.0ms
[2025-03-18T15:37:57.894+0100][87.558s][info][gc,heap        ] GC(165) Eden regions: 3->0(0)
[2025-03-18T15:37:57.894+0100][87.558s][info][gc,heap        ] GC(165) Survivor regions: 0->0(0)
[2025-03-18T15:37:57.894+0100][87.558s][info][gc,heap        ] GC(165) Old regions: 1018->1021
[2025-03-18T15:37:57.894+0100][87.558s][info][gc,heap        ] GC(165) Humongous regions: 3->3
[2025-03-18T15:37:57.894+0100][87.558s][info][gc,metaspace   ] GC(165) Metaspace: 27029K(27520K)->27029K(27520K) NonClass: 23483K(23808K)->23483K(23808K) Class: 3546K(3712K)->3546K(3712K)
[2025-03-18T15:37:57.894+0100][87.558s][info][gc             ] GC(165) Pause Young (Concurrent Start) (G1 Evacuation Pause) (Evacuation Failure) 4074M->4074M(4096M) 1.297ms
[2025-03-18T15:37:57.894+0100][87.558s][info][gc,cpu         ] GC(165) User=0.01s Sys=0.00s Real=0.00s
[2025-03-18T15:37:57.894+0100][87.558s][info][gc,ergo        ] Attempting full compaction
[2025-03-18T15:37:57.894+0100][87.558s][info][gc             ] GC(166) Concurrent Mark Cycle
[2025-03-18T15:37:57.894+0100][87.558s][info][gc,start       ] GC(167) Pause Full (G1 Compaction Pause)
[2025-03-18T15:37:57.894+0100][87.558s][info][gc,marking     ] GC(166) Concurrent Scan Root Regions
[2025-03-18T15:37:57.894+0100][87.558s][info][gc,task        ] GC(167) Using 9 workers of 9 for full compaction
[2025-03-18T15:37:57.894+0100][87.558s][info][gc,marking     ] GC(166) Concurrent Scan Root Regions 0.020ms
[2025-03-18T15:37:57.894+0100][87.558s][info][gc,marking     ] GC(166) Concurrent Mark
[2025-03-18T15:37:57.894+0100][87.558s][info][gc,marking     ] GC(166) Concurrent Mark From Roots
[2025-03-18T15:37:57.894+0100][87.558s][info][gc,task        ] GC(166) Using 2 workers of 2 for marking
[2025-03-18T15:37:57.895+0100][87.558s][info][gc,phases,start] GC(167) Phase 1: Mark live objects
[2025-03-18T15:37:58.332+0100][87.995s][info][gc,phases      ] GC(167) Phase 1: Mark live objects 436.827ms
[2025-03-18T15:37:58.332+0100][87.996s][info][gc,phases,start] GC(167) Phase 2: Prepare compaction
[2025-03-18T15:37:58.333+0100][87.997s][info][gc,phases      ] GC(167) Phase 2: Prepare compaction 1.100ms
[2025-03-18T15:37:58.333+0100][87.997s][info][gc,phases,start] GC(167) Phase 3: Adjust pointers
[2025-03-18T15:37:58.429+0100][88.092s][info][gc,phases      ] GC(167) Phase 3: Adjust pointers 95.384ms
[2025-03-18T15:37:58.429+0100][88.092s][info][gc,phases,start] GC(167) Phase 4: Compact heap
[2025-03-18T15:37:58.429+0100][88.093s][info][gc,phases      ] GC(167) Phase 4: Compact heap 0.779ms
[2025-03-18T15:37:58.429+0100][88.093s][info][gc,phases,start] GC(167) Phase 5: Reset Metadata
[2025-03-18T15:37:58.488+0100][88.152s][info][gc,phases      ] GC(167) Phase 5: Reset Metadata 58.643ms
[2025-03-18T15:37:58.495+0100][88.158s][info][gc,heap        ] GC(167) Eden regions: 0->0(1)
[2025-03-18T15:37:58.495+0100][88.158s][info][gc,heap        ] GC(167) Survivor regions: 0->0(0)
[2025-03-18T15:37:58.495+0100][88.158s][info][gc,heap        ] GC(167) Old regions: 1021->1020
[2025-03-18T15:37:58.495+0100][88.158s][info][gc,heap        ] GC(167) Humongous regions: 3->3
[2025-03-18T15:37:58.495+0100][88.158s][info][gc,metaspace   ] GC(167) Metaspace: 27029K(27520K)->27029K(27520K) NonClass: 23483K(23808K)->23483K(23808K) Class: 3546K(3712K)->3546K(3712K)
[2025-03-18T15:37:58.495+0100][88.158s][info][gc             ] GC(167) Pause Full (G1 Compaction Pause) 4074M->4064M(4096M) 600.723ms
[2025-03-18T15:37:58.495+0100][88.159s][info][gc,cpu         ] GC(167) User=4.53s Sys=0.34s Real=0.60s
[2025-03-18T15:37:58.495+0100][88.159s][info][gc,marking     ] GC(166) Concurrent Mark From Roots 600.781ms
[2025-03-18T15:37:58.495+0100][88.159s][info][gc,marking     ] GC(166) Concurrent Mark Abort
[2025-03-18T15:37:58.495+0100][88.159s][info][gc             ] GC(166) Concurrent Mark Cycle 600.886ms
[2025-03-18T15:37:58.498+0100][88.161s][info][gc,start       ] GC(168) Pause Young (Normal) (G1 Evacuation Pause)
[2025-03-18T15:37:58.498+0100][88.161s][info][gc,task        ] GC(168) Using 9 workers of 9 for evacuation
[2025-03-18T15:37:58.499+0100][88.162s][info][gc,phases      ] GC(168)   Pre Evacuate Collection Set: 0.1ms
[2025-03-18T15:37:58.499+0100][88.162s][info][gc,phases      ] GC(168)   Merge Heap Roots: 0.0ms
[2025-03-18T15:37:58.499+0100][88.162s][info][gc,phases      ] GC(168)   Evacuate Collection Set: 0.3ms
[2025-03-18T15:37:58.499+0100][88.162s][info][gc,phases      ] GC(168)   Post Evacuate Collection Set: 0.3ms
[2025-03-18T15:37:58.499+0100][88.162s][info][gc,phases      ] GC(168)   Other: 0.0ms
[2025-03-18T15:37:58.499+0100][88.162s][info][gc,heap        ] GC(168) Eden regions: 1->0(0)
[2025-03-18T15:37:58.499+0100][88.162s][info][gc,heap        ] GC(168) Survivor regions: 0->0(0)
[2025-03-18T15:37:58.499+0100][88.162s][info][gc,heap        ] GC(168) Old regions: 1020->1021
[2025-03-18T15:37:58.499+0100][88.162s][info][gc,heap        ] GC(168) Humongous regions: 3->3
[2025-03-18T15:37:58.499+0100][88.162s][info][gc,metaspace   ] GC(168) Metaspace: 27029K(27520K)->27029K(27520K) NonClass: 23483K(23808K)->23483K(23808K) Class: 3546K(3712K)->3546K(3712K)
[2025-03-18T15:37:58.499+0100][88.162s][info][gc             ] GC(168) Pause Young (Normal) (G1 Evacuation Pause) (Evacuation Failure) 4068M->4068M(4096M) 0.870ms
[2025-03-18T15:37:58.499+0100][88.162s][info][gc,cpu         ] GC(168) User=0.00s Sys=0.00s Real=0.00s
[2025-03-18T15:37:58.499+0100][88.162s][info][gc,ergo        ] Attempting full compaction
[2025-03-18T15:37:58.499+0100][88.162s][info][gc,start       ] GC(169) Pause Full (G1 Compaction Pause)
[2025-03-18T15:37:58.499+0100][88.162s][info][gc,task        ] GC(169) Using 9 workers of 9 for full compaction
[2025-03-18T15:37:58.499+0100][88.162s][info][gc,phases,start] GC(169) Phase 1: Mark live objects
[2025-03-18T15:37:59.314+0100][88.978s][info][gc,phases      ] GC(169) Phase 1: Mark live objects 815.419ms
[2025-03-18T15:37:59.314+0100][88.978s][info][gc,phases,start] GC(169) Phase 2: Prepare compaction
[2025-03-18T15:37:59.315+0100][88.979s][info][gc,phases      ] GC(169) Phase 2: Prepare compaction 1.190ms
[2025-03-18T15:37:59.315+0100][88.979s][info][gc,phases,start] GC(169) Phase 3: Adjust pointers
[2025-03-18T15:37:59.411+0100][89.074s][info][gc,phases      ] GC(169) Phase 3: Adjust pointers 95.213ms
[2025-03-18T15:37:59.411+0100][89.074s][info][gc,phases,start] GC(169) Phase 4: Compact heap
[2025-03-18T15:37:59.412+0100][89.075s][info][gc,phases      ] GC(169) Phase 4: Compact heap 1.091ms
[2025-03-18T15:37:59.412+0100][89.075s][info][gc,phases,start] GC(169) Phase 5: Reset Metadata
[2025-03-18T15:37:59.474+0100][89.138s][info][gc,phases      ] GC(169) Phase 5: Reset Metadata 62.432ms
[2025-03-18T15:37:59.481+0100][89.145s][info][gc,heap        ] GC(169) Eden regions: 0->0(7)
[2025-03-18T15:37:59.481+0100][89.145s][info][gc,heap        ] GC(169) Survivor regions: 0->0(0)
[2025-03-18T15:37:59.481+0100][89.145s][info][gc,heap        ] GC(169) Old regions: 1021->1014
[2025-03-18T15:37:59.481+0100][89.145s][info][gc,heap        ] GC(169) Humongous regions: 3->3
[2025-03-18T15:37:59.481+0100][89.145s][info][gc,metaspace   ] GC(169) Metaspace: 27029K(27520K)->27029K(27520K) NonClass: 23483K(23808K)->23483K(23808K) Class: 3546K(3712K)->3546K(3712K)
[2025-03-18T15:37:59.481+0100][89.145s][info][gc             ] GC(169) Pause Full (G1 Compaction Pause) 4068M->4065M(4096M) 982.567ms
[2025-03-18T15:37:59.481+0100][89.145s][info][gc,cpu         ] GC(169) User=7.75s Sys=0.40s Real=0.99s
[2025-03-18T15:37:59.500+0100][89.163s][info][gc,start       ] GC(170) Pause Young (Concurrent Start) (G1 Evacuation Pause)
[2025-03-18T15:37:59.500+0100][89.163s][info][gc,task        ] GC(170) Using 9 workers of 9 for evacuation
[2025-03-18T15:37:59.502+0100][89.165s][info][gc,phases      ] GC(170)   Pre Evacuate Collection Set: 0.2ms
[2025-03-18T15:37:59.502+0100][89.165s][info][gc,phases      ] GC(170)   Merge Heap Roots: 0.0ms
[2025-03-18T15:37:59.502+0100][89.165s][info][gc,phases      ] GC(170)   Evacuate Collection Set: 1.0ms
[2025-03-18T15:37:59.502+0100][89.165s][info][gc,phases      ] GC(170)   Post Evacuate Collection Set: 0.7ms
[2025-03-18T15:37:59.502+0100][89.165s][info][gc,phases      ] GC(170)   Other: 0.1ms
[2025-03-18T15:37:59.502+0100][89.165s][info][gc,heap        ] GC(170) Eden regions: 7->0(0)
[2025-03-18T15:37:59.502+0100][89.165s][info][gc,heap        ] GC(170) Survivor regions: 0->0(0)
[2025-03-18T15:37:59.502+0100][89.165s][info][gc,heap        ] GC(170) Old regions: 1014->1021
[2025-03-18T15:37:59.502+0100][89.165s][info][gc,heap        ] GC(170) Humongous regions: 3->3
[2025-03-18T15:37:59.502+0100][89.165s][info][gc,metaspace   ] GC(170) Metaspace: 27029K(27520K)->27029K(27520K) NonClass: 23483K(23808K)->23483K(23808K) Class: 3546K(3712K)->3546K(3712K)
[2025-03-18T15:37:59.502+0100][89.165s][info][gc             ] GC(170) Pause Young (Concurrent Start) (G1 Evacuation Pause) (Evacuation Failure) 4093M->4093M(4096M) 2.131ms
[2025-03-18T15:37:59.502+0100][89.165s][info][gc             ] GC(171) Concurrent Mark Cycle
[2025-03-18T15:37:59.502+0100][89.165s][info][gc,cpu         ] GC(170) User=0.02s Sys=0.00s Real=0.00s
[2025-03-18T15:37:59.502+0100][89.166s][info][gc,marking     ] GC(171) Concurrent Scan Root Regions
[2025-03-18T15:37:59.502+0100][89.166s][info][gc,ergo        ] Attempting full compaction
[2025-03-18T15:37:59.502+0100][89.166s][info][gc,marking     ] GC(171) Concurrent Scan Root Regions 0.024ms
[2025-03-18T15:37:59.502+0100][89.166s][info][gc,start       ] GC(172) Pause Full (G1 Compaction Pause)
[2025-03-18T15:37:59.502+0100][89.166s][info][gc,marking     ] GC(171) Concurrent Mark
[2025-03-18T15:37:59.502+0100][89.166s][info][gc,task        ] GC(172) Using 9 workers of 9 for full compaction
[2025-03-18T15:37:59.502+0100][89.166s][info][gc,marking     ] GC(171) Concurrent Mark From Roots
[2025-03-18T15:37:59.502+0100][89.166s][info][gc,task        ] GC(171) Using 2 workers of 2 for marking
[2025-03-18T15:37:59.503+0100][89.166s][info][gc,phases,start] GC(172) Phase 1: Mark live objects
[2025-03-18T15:38:00.157+0100][89.821s][info][gc,phases      ] GC(172) Phase 1: Mark live objects 654.807ms
[2025-03-18T15:38:00.157+0100][89.821s][info][gc,phases,start] GC(172) Phase 2: Prepare compaction
[2025-03-18T15:38:00.159+0100][89.823s][info][gc,phases      ] GC(172) Phase 2: Prepare compaction 1.809ms
[2025-03-18T15:38:00.159+0100][89.823s][info][gc,phases,start] GC(172) Phase 3: Adjust pointers
[2025-03-18T15:38:00.254+0100][89.918s][info][gc,phases      ] GC(172) Phase 3: Adjust pointers 95.186ms
[2025-03-18T15:38:00.254+0100][89.918s][info][gc,phases,start] GC(172) Phase 4: Compact heap
[2025-03-18T15:38:00.256+0100][89.920s][info][gc,phases      ] GC(172) Phase 4: Compact heap 1.940ms
[2025-03-18T15:38:00.256+0100][89.920s][info][gc,phases,start] GC(172) Phase 5: Reset Metadata
[2025-03-18T15:38:00.315+0100][89.979s][info][gc,phases      ] GC(172) Phase 5: Reset Metadata 58.986ms
[2025-03-18T15:38:00.323+0100][89.986s][info][gc,heap        ] GC(172) Eden regions: 0->0(6)
[2025-03-18T15:38:00.323+0100][89.987s][info][gc,heap        ] GC(172) Survivor regions: 0->0(0)
[2025-03-18T15:38:00.323+0100][89.987s][info][gc,heap        ] GC(172) Old regions: 1021->1015
[2025-03-18T15:38:00.323+0100][89.987s][info][gc,heap        ] GC(172) Humongous regions: 3->3
[2025-03-18T15:38:00.323+0100][89.987s][info][gc,metaspace   ] GC(172) Metaspace: 27029K(27520K)->27029K(27520K) NonClass: 23483K(23808K)->23483K(23808K) Class: 3546K(3712K)->3546K(3712K)
[2025-03-18T15:38:00.323+0100][89.987s][info][gc             ] GC(172) Pause Full (G1 Compaction Pause) 4093M->4070M(4096M) 821.013ms
[2025-03-18T15:38:00.323+0100][89.987s][info][gc,cpu         ] GC(172) User=6.35s Sys=0.35s Real=0.82s
[2025-03-18T15:38:00.323+0100][89.987s][info][gc,marking     ] GC(171) Concurrent Mark From Roots 821.096ms
[2025-03-18T15:38:00.323+0100][89.987s][info][gc,marking     ] GC(171) Concurrent Mark Abort
[2025-03-18T15:38:00.323+0100][89.987s][info][gc             ] GC(171) Concurrent Mark Cycle 821.217ms
[2025-03-18T15:38:00.339+0100][90.002s][info][gc,start       ] GC(173) Pause Young (Normal) (G1 Evacuation Pause)
[2025-03-18T15:38:00.339+0100][90.002s][info][gc,task        ] GC(173) Using 9 workers of 9 for evacuation
[2025-03-18T15:38:00.341+0100][90.004s][info][gc,phases      ] GC(173)   Pre Evacuate Collection Set: 0.1ms
[2025-03-18T15:38:00.341+0100][90.004s][info][gc,phases      ] GC(173)   Merge Heap Roots: 0.0ms
[2025-03-18T15:38:00.341+0100][90.004s][info][gc,phases      ] GC(173)   Evacuate Collection Set: 0.9ms
[2025-03-18T15:38:00.341+0100][90.004s][info][gc,phases      ] GC(173)   Post Evacuate Collection Set: 0.7ms
[2025-03-18T15:38:00.341+0100][90.004s][info][gc,phases      ] GC(173)   Other: 0.0ms
[2025-03-18T15:38:00.341+0100][90.004s][info][gc,heap        ] GC(173) Eden regions: 6->0(0)
[2025-03-18T15:38:00.341+0100][90.004s][info][gc,heap        ] GC(173) Survivor regions: 0->0(0)
[2025-03-18T15:38:00.341+0100][90.004s][info][gc,heap        ] GC(173) Old regions: 1015->1021
[2025-03-18T15:38:00.341+0100][90.004s][info][gc,heap        ] GC(173) Humongous regions: 3->3
[2025-03-18T15:38:00.341+0100][90.004s][info][gc,metaspace   ] GC(173) Metaspace: 27029K(27520K)->27029K(27520K) NonClass: 23483K(23808K)->23483K(23808K) Class: 3546K(3712K)->3546K(3712K)
[2025-03-18T15:38:00.341+0100][90.004s][info][gc             ] GC(173) Pause Young (Normal) (G1 Evacuation Pause) (Evacuation Failure) 4094M->4094M(4096M) 2.023ms
[2025-03-18T15:38:00.341+0100][90.004s][info][gc,cpu         ] GC(173) User=0.01s Sys=0.00s Real=0.01s
[2025-03-18T15:38:00.341+0100][90.004s][info][gc,ergo        ] Attempting full compaction
[2025-03-18T15:38:00.341+0100][90.004s][info][gc,start       ] GC(174) Pause Full (G1 Compaction Pause)
[2025-03-18T15:38:00.341+0100][90.004s][info][gc,task        ] GC(174) Using 9 workers of 9 for full compaction
[2025-03-18T15:38:00.341+0100][90.005s][info][gc,phases,start] GC(174) Phase 1: Mark live objects
[2025-03-18T15:38:01.018+0100][90.681s][info][gc,phases      ] GC(174) Phase 1: Mark live objects 676.693ms
[2025-03-18T15:38:01.018+0100][90.681s][info][gc,phases,start] GC(174) Phase 2: Prepare compaction
[2025-03-18T15:38:01.019+0100][90.683s][info][gc,phases      ] GC(174) Phase 2: Prepare compaction 1.771ms
[2025-03-18T15:38:01.019+0100][90.683s][info][gc,phases,start] GC(174) Phase 3: Adjust pointers
[2025-03-18T15:38:01.115+0100][90.779s][info][gc,phases      ] GC(174) Phase 3: Adjust pointers 95.566ms
[2025-03-18T15:38:01.115+0100][90.779s][info][gc,phases,start] GC(174) Phase 4: Compact heap
[2025-03-18T15:38:01.117+0100][90.781s][info][gc,phases      ] GC(174) Phase 4: Compact heap 1.828ms
[2025-03-18T15:38:01.117+0100][90.781s][info][gc,phases,start] GC(174) Phase 5: Reset Metadata
[2025-03-18T15:38:01.176+0100][90.840s][info][gc,phases      ] GC(174) Phase 5: Reset Metadata 59.349ms
[2025-03-18T15:38:01.184+0100][90.848s][info][gc,heap        ] GC(174) Eden regions: 0->0(5)
[2025-03-18T15:38:01.184+0100][90.848s][info][gc,heap        ] GC(174) Survivor regions: 0->0(0)
[2025-03-18T15:38:01.184+0100][90.848s][info][gc,heap        ] GC(174) Old regions: 1021->1016
[2025-03-18T15:38:01.184+0100][90.848s][info][gc,heap        ] GC(174) Humongous regions: 3->3
[2025-03-18T15:38:01.184+0100][90.848s][info][gc,metaspace   ] GC(174) Metaspace: 27029K(27520K)->27029K(27520K) NonClass: 23483K(23808K)->23483K(23808K) Class: 3546K(3712K)->3546K(3712K)
[2025-03-18T15:38:01.184+0100][90.848s][info][gc             ] GC(174) Pause Full (G1 Compaction Pause) 4094M->4074M(4096M) 843.233ms
[2025-03-18T15:38:01.184+0100][90.848s][info][gc,cpu         ] GC(174) User=6.49s Sys=0.38s Real=0.84s
[2025-03-18T15:38:01.197+0100][90.861s][info][gc,start       ] GC(175) Pause Young (Concurrent Start) (G1 Evacuation Pause)
[2025-03-18T15:38:01.197+0100][90.861s][info][gc,task        ] GC(175) Using 9 workers of 9 for evacuation
[2025-03-18T15:38:01.199+0100][90.863s][info][gc,phases      ] GC(175)   Pre Evacuate Collection Set: 0.2ms
[2025-03-18T15:38:01.199+0100][90.863s][info][gc,phases      ] GC(175)   Merge Heap Roots: 0.0ms
[2025-03-18T15:38:01.199+0100][90.863s][info][gc,phases      ] GC(175)   Evacuate Collection Set: 0.8ms
[2025-03-18T15:38:01.199+0100][90.863s][info][gc,phases      ] GC(175)   Post Evacuate Collection Set: 0.6ms
[2025-03-18T15:38:01.199+0100][90.863s][info][gc,phases      ] GC(175)   Other: 0.1ms
[2025-03-18T15:38:01.199+0100][90.863s][info][gc,heap        ] GC(175) Eden regions: 5->0(0)
[2025-03-18T15:38:01.199+0100][90.863s][info][gc,heap        ] GC(175) Survivor regions: 0->0(0)
[2025-03-18T15:38:01.199+0100][90.863s][info][gc,heap        ] GC(175) Old regions: 1016->1021
[2025-03-18T15:38:01.199+0100][90.863s][info][gc,heap        ] GC(175) Humongous regions: 3->3
[2025-03-18T15:38:01.199+0100][90.863s][info][gc,metaspace   ] GC(175) Metaspace: 27029K(27520K)->27029K(27520K) NonClass: 23483K(23808K)->23483K(23808K) Class: 3546K(3712K)->3546K(3712K)
[2025-03-18T15:38:01.199+0100][90.863s][info][gc             ] GC(175) Pause Young (Concurrent Start) (G1 Evacuation Pause) (Evacuation Failure) 4094M->4094M(4096M) 1.840ms
[2025-03-18T15:38:01.199+0100][90.863s][info][gc             ] GC(176) Concurrent Mark Cycle
[2025-03-18T15:38:01.199+0100][90.863s][info][gc,cpu         ] GC(175) User=0.01s Sys=0.00s Real=0.00s
[2025-03-18T15:38:01.199+0100][90.863s][info][gc,marking     ] GC(176) Concurrent Scan Root Regions
[2025-03-18T15:38:01.199+0100][90.863s][info][gc,ergo        ] Attempting full compaction
[2025-03-18T15:38:01.199+0100][90.863s][info][gc,marking     ] GC(176) Concurrent Scan Root Regions 0.017ms
[2025-03-18T15:38:01.199+0100][90.863s][info][gc,start       ] GC(177) Pause Full (G1 Compaction Pause)
[2025-03-18T15:38:01.199+0100][90.863s][info][gc,marking     ] GC(176) Concurrent Mark
[2025-03-18T15:38:01.199+0100][90.863s][info][gc,marking     ] GC(176) Concurrent Mark From Roots
[2025-03-18T15:38:01.199+0100][90.863s][info][gc,task        ] GC(177) Using 9 workers of 9 for full compaction
[2025-03-18T15:38:01.199+0100][90.863s][info][gc,task        ] GC(176) Using 2 workers of 2 for marking
[2025-03-18T15:38:01.200+0100][90.864s][info][gc,phases,start] GC(177) Phase 1: Mark live objects
[2025-03-18T15:38:01.604+0100][91.267s][info][gc,phases      ] GC(177) Phase 1: Mark live objects 403.930ms
[2025-03-18T15:38:01.604+0100][91.267s][info][gc,phases,start] GC(177) Phase 2: Prepare compaction
[2025-03-18T15:38:01.605+0100][91.269s][info][gc,phases      ] GC(177) Phase 2: Prepare compaction 1.653ms
[2025-03-18T15:38:01.606+0100][91.269s][info][gc,phases,start] GC(177) Phase 3: Adjust pointers
[2025-03-18T15:38:01.701+0100][91.364s][info][gc,phases      ] GC(177) Phase 3: Adjust pointers 95.230ms
[2025-03-18T15:38:01.701+0100][91.364s][info][gc,phases,start] GC(177) Phase 4: Compact heap
[2025-03-18T15:38:01.702+0100][91.366s][info][gc,phases      ] GC(177) Phase 4: Compact heap 1.626ms
[2025-03-18T15:38:01.702+0100][91.366s][info][gc,phases,start] GC(177) Phase 5: Reset Metadata
[2025-03-18T15:38:01.763+0100][91.427s][info][gc,phases      ] GC(177) Phase 5: Reset Metadata 60.388ms
[2025-03-18T15:38:01.769+0100][91.433s][info][gc,heap        ] GC(177) Eden regions: 0->0(4)
[2025-03-18T15:38:01.769+0100][91.433s][info][gc,heap        ] GC(177) Survivor regions: 0->0(0)
[2025-03-18T15:38:01.769+0100][91.433s][info][gc,heap        ] GC(177) Old regions: 1021->1017
[2025-03-18T15:38:01.769+0100][91.433s][info][gc,heap        ] GC(177) Humongous regions: 3->3
[2025-03-18T15:38:01.769+0100][91.433s][info][gc,metaspace   ] GC(177) Metaspace: 27029K(27520K)->27029K(27520K) NonClass: 23483K(23808K)->23483K(23808K) Class: 3546K(3712K)->3546K(3712K)
[2025-03-18T15:38:01.769+0100][91.433s][info][gc             ] GC(177) Pause Full (G1 Compaction Pause) 4094M->4078M(4096M) 569.970ms
[2025-03-18T15:38:01.769+0100][91.433s][info][gc,cpu         ] GC(177) User=4.26s Sys=0.34s Real=0.57s
[2025-03-18T15:38:01.769+0100][91.433s][info][gc,marking     ] GC(176) Concurrent Mark From Roots 570.080ms
[2025-03-18T15:38:01.769+0100][91.433s][info][gc,marking     ] GC(176) Concurrent Mark Abort
[2025-03-18T15:38:01.769+0100][91.433s][info][gc             ] GC(176) Concurrent Mark Cycle 570.217ms
[2025-03-18T15:38:01.780+0100][91.444s][info][gc,start       ] GC(178) Pause Young (Normal) (G1 Evacuation Pause)
[2025-03-18T15:38:01.780+0100][91.444s][info][gc,task        ] GC(178) Using 9 workers of 9 for evacuation
[2025-03-18T15:38:01.781+0100][91.445s][info][gc,phases      ] GC(178)   Pre Evacuate Collection Set: 0.2ms
[2025-03-18T15:38:01.781+0100][91.445s][info][gc,phases      ] GC(178)   Merge Heap Roots: 0.0ms
[2025-03-18T15:38:01.781+0100][91.445s][info][gc,phases      ] GC(178)   Evacuate Collection Set: 0.7ms
[2025-03-18T15:38:01.781+0100][91.445s][info][gc,phases      ] GC(178)   Post Evacuate Collection Set: 0.5ms
[2025-03-18T15:38:01.781+0100][91.445s][info][gc,phases      ] GC(178)   Other: 0.0ms
[2025-03-18T15:38:01.781+0100][91.445s][info][gc,heap        ] GC(178) Eden regions: 4->0(0)
[2025-03-18T15:38:01.781+0100][91.445s][info][gc,heap        ] GC(178) Survivor regions: 0->0(0)
[2025-03-18T15:38:01.781+0100][91.445s][info][gc,heap        ] GC(178) Old regions: 1017->1021
[2025-03-18T15:38:01.781+0100][91.445s][info][gc,heap        ] GC(178) Humongous regions: 3->3
[2025-03-18T15:38:01.781+0100][91.445s][info][gc,metaspace   ] GC(178) Metaspace: 27029K(27520K)->27029K(27520K) NonClass: 23483K(23808K)->23483K(23808K) Class: 3546K(3712K)->3546K(3712K)
[2025-03-18T15:38:01.781+0100][91.445s][info][gc             ] GC(178) Pause Young (Normal) (G1 Evacuation Pause) (Evacuation Failure) 4094M->4094M(4096M) 1.543ms
[2025-03-18T15:38:01.781+0100][91.445s][info][gc,cpu         ] GC(178) User=0.00s Sys=0.00s Real=0.00s
[2025-03-18T15:38:01.781+0100][91.445s][info][gc,ergo        ] Attempting full compaction
[2025-03-18T15:38:01.781+0100][91.445s][info][gc,start       ] GC(179) Pause Full (G1 Compaction Pause)
[2025-03-18T15:38:01.781+0100][91.445s][info][gc,task        ] GC(179) Using 9 workers of 9 for full compaction
[2025-03-18T15:38:01.782+0100][91.445s][info][gc,phases,start] GC(179) Phase 1: Mark live objects
[2025-03-18T15:38:02.221+0100][91.884s][info][gc,phases      ] GC(179) Phase 1: Mark live objects 439.043ms
[2025-03-18T15:38:02.221+0100][91.884s][info][gc,phases,start] GC(179) Phase 2: Prepare compaction
[2025-03-18T15:38:02.222+0100][91.886s][info][gc,phases      ] GC(179) Phase 2: Prepare compaction 1.286ms
[2025-03-18T15:38:02.222+0100][91.886s][info][gc,phases,start] GC(179) Phase 3: Adjust pointers
[2025-03-18T15:38:02.317+0100][91.981s][info][gc,phases      ] GC(179) Phase 3: Adjust pointers 95.352ms
[2025-03-18T15:38:02.317+0100][91.981s][info][gc,phases,start] GC(179) Phase 4: Compact heap
[2025-03-18T15:38:02.319+0100][91.982s][info][gc,phases      ] GC(179) Phase 4: Compact heap 1.350ms
[2025-03-18T15:38:02.319+0100][91.982s][info][gc,phases,start] GC(179) Phase 5: Reset Metadata
[2025-03-18T15:38:02.378+0100][92.042s][info][gc,phases      ] GC(179) Phase 5: Reset Metadata 59.201ms
[2025-03-18T15:38:02.385+0100][92.048s][info][gc,heap        ] GC(179) Eden regions: 0->0(3)
[2025-03-18T15:38:02.385+0100][92.048s][info][gc,heap        ] GC(179) Survivor regions: 0->0(0)
[2025-03-18T15:38:02.385+0100][92.048s][info][gc,heap        ] GC(179) Old regions: 1021->1018
[2025-03-18T15:38:02.385+0100][92.048s][info][gc,heap        ] GC(179) Humongous regions: 3->3
[2025-03-18T15:38:02.385+0100][92.048s][info][gc,metaspace   ] GC(179) Metaspace: 27029K(27520K)->27029K(27520K) NonClass: 23483K(23808K)->23483K(23808K) Class: 3546K(3712K)->3546K(3712K)
[2025-03-18T15:38:02.385+0100][92.049s][info][gc             ] GC(179) Pause Full (G1 Compaction Pause) 4094M->4081M(4096M) 603.392ms
[2025-03-18T15:38:02.385+0100][92.049s][info][gc,cpu         ] GC(179) User=4.54s Sys=0.35s Real=0.60s
[2025-03-18T15:38:02.393+0100][92.057s][info][gc,start       ] GC(180) Pause Young (Concurrent Start) (G1 Evacuation Pause)
[2025-03-18T15:38:02.393+0100][92.057s][info][gc,task        ] GC(180) Using 9 workers of 9 for evacuation
[2025-03-18T15:38:02.394+0100][92.058s][info][gc,phases      ] GC(180)   Pre Evacuate Collection Set: 0.2ms
[2025-03-18T15:38:02.394+0100][92.058s][info][gc,phases      ] GC(180)   Merge Heap Roots: 0.0ms
[2025-03-18T15:38:02.394+0100][92.058s][info][gc,phases      ] GC(180)   Evacuate Collection Set: 0.6ms
[2025-03-18T15:38:02.394+0100][92.058s][info][gc,phases      ] GC(180)   Post Evacuate Collection Set: 0.5ms
[2025-03-18T15:38:02.394+0100][92.058s][info][gc,phases      ] GC(180)   Other: 0.1ms
[2025-03-18T15:38:02.394+0100][92.058s][info][gc,heap        ] GC(180) Eden regions: 3->0(0)
[2025-03-18T15:38:02.394+0100][92.058s][info][gc,heap        ] GC(180) Survivor regions: 0->0(0)
[2025-03-18T15:38:02.394+0100][92.058s][info][gc,heap        ] GC(180) Old regions: 1018->1021
[2025-03-18T15:38:02.394+0100][92.058s][info][gc,heap        ] GC(180) Humongous regions: 3->3
[2025-03-18T15:38:02.394+0100][92.058s][info][gc,metaspace   ] GC(180) Metaspace: 27029K(27520K)->27029K(27520K) NonClass: 23483K(23808K)->23483K(23808K) Class: 3546K(3712K)->3546K(3712K)
[2025-03-18T15:38:02.394+0100][92.058s][info][gc             ] GC(180) Pause Young (Concurrent Start) (G1 Evacuation Pause) (Evacuation Failure) 4093M->4093M(4096M) 1.479ms
[2025-03-18T15:38:02.394+0100][92.058s][info][gc             ] GC(181) Concurrent Mark Cycle
[2025-03-18T15:38:02.394+0100][92.058s][info][gc,cpu         ] GC(180) User=0.01s Sys=0.00s Real=0.00s
[2025-03-18T15:38:02.394+0100][92.058s][info][gc,marking     ] GC(181) Concurrent Scan Root Regions
[2025-03-18T15:38:02.394+0100][92.058s][info][gc,ergo        ] Attempting full compaction
[2025-03-18T15:38:02.394+0100][92.058s][info][gc,marking     ] GC(181) Concurrent Scan Root Regions 0.016ms
[2025-03-18T15:38:02.394+0100][92.058s][info][gc,start       ] GC(182) Pause Full (G1 Compaction Pause)
[2025-03-18T15:38:02.394+0100][92.058s][info][gc,marking     ] GC(181) Concurrent Mark
[2025-03-18T15:38:02.394+0100][92.058s][info][gc,task        ] GC(182) Using 9 workers of 9 for full compaction
[2025-03-18T15:38:02.394+0100][92.058s][info][gc,marking     ] GC(181) Concurrent Mark From Roots
[2025-03-18T15:38:02.395+0100][92.058s][info][gc,task        ] GC(181) Using 2 workers of 2 for marking
[2025-03-18T15:38:02.395+0100][92.059s][info][gc,phases,start] GC(182) Phase 1: Mark live objects
[2025-03-18T15:38:03.060+0100][92.724s][info][gc,phases      ] GC(182) Phase 1: Mark live objects 665.288ms
[2025-03-18T15:38:03.060+0100][92.724s][info][gc,phases,start] GC(182) Phase 2: Prepare compaction
[2025-03-18T15:38:03.061+0100][92.725s][info][gc,phases      ] GC(182) Phase 2: Prepare compaction 0.920ms
[2025-03-18T15:38:03.061+0100][92.725s][info][gc,phases,start] GC(182) Phase 3: Adjust pointers
[2025-03-18T15:38:03.158+0100][92.822s][info][gc,phases      ] GC(182) Phase 3: Adjust pointers 96.665ms
[2025-03-18T15:38:03.158+0100][92.822s][info][gc,phases,start] GC(182) Phase 4: Compact heap
[2025-03-18T15:38:03.159+0100][92.823s][info][gc,phases      ] GC(182) Phase 4: Compact heap 0.995ms
[2025-03-18T15:38:03.159+0100][92.823s][info][gc,phases,start] GC(182) Phase 5: Reset Metadata
[2025-03-18T15:38:03.218+0100][92.882s][info][gc,phases      ] GC(182) Phase 5: Reset Metadata 58.890ms
[2025-03-18T15:38:03.227+0100][92.890s][info][gc,heap        ] GC(182) Eden regions: 0->0(3)
[2025-03-18T15:38:03.227+0100][92.890s][info][gc,heap        ] GC(182) Survivor regions: 0->0(0)
[2025-03-18T15:38:03.227+0100][92.890s][info][gc,heap        ] GC(182) Old regions: 1021->1018
[2025-03-18T15:38:03.227+0100][92.890s][info][gc,heap        ] GC(182) Humongous regions: 3->3
[2025-03-18T15:38:03.227+0100][92.890s][info][gc,metaspace   ] GC(182) Metaspace: 27029K(27520K)->27029K(27520K) NonClass: 23483K(23808K)->23483K(23808K) Class: 3546K(3712K)->3546K(3712K)
[2025-03-18T15:38:03.227+0100][92.890s][info][gc             ] GC(182) Pause Full (G1 Compaction Pause) 4093M->4083M(4096M) 832.193ms
[2025-03-18T15:38:03.227+0100][92.890s][info][gc,cpu         ] GC(182) User=6.34s Sys=0.40s Real=0.83s
[2025-03-18T15:38:03.227+0100][92.890s][info][gc,marking     ] GC(181) Concurrent Mark From Roots 832.298ms
[2025-03-18T15:38:03.227+0100][92.890s][info][gc,marking     ] GC(181) Concurrent Mark Abort
[2025-03-18T15:38:03.227+0100][92.890s][info][gc             ] GC(181) Concurrent Mark Cycle 832.397ms
[2025-03-18T15:38:03.235+0100][92.898s][info][gc,start       ] GC(183) Pause Young (Normal) (G1 Evacuation Pause)
[2025-03-18T15:38:03.235+0100][92.898s][info][gc,task        ] GC(183) Using 9 workers of 9 for evacuation
[2025-03-18T15:38:03.236+0100][92.900s][info][gc,phases      ] GC(183)   Pre Evacuate Collection Set: 0.1ms
[2025-03-18T15:38:03.236+0100][92.900s][info][gc,phases      ] GC(183)   Merge Heap Roots: 0.0ms
[2025-03-18T15:38:03.236+0100][92.900s][info][gc,phases      ] GC(183)   Evacuate Collection Set: 0.5ms
[2025-03-18T15:38:03.236+0100][92.900s][info][gc,phases      ] GC(183)   Post Evacuate Collection Set: 0.4ms
[2025-03-18T15:38:03.236+0100][92.900s][info][gc,phases      ] GC(183)   Other: 0.0ms
[2025-03-18T15:38:03.236+0100][92.900s][info][gc,heap        ] GC(183) Eden regions: 3->0(0)
[2025-03-18T15:38:03.236+0100][92.900s][info][gc,heap        ] GC(183) Survivor regions: 0->0(0)
[2025-03-18T15:38:03.236+0100][92.900s][info][gc,heap        ] GC(183) Old regions: 1018->1021
[2025-03-18T15:38:03.236+0100][92.900s][info][gc,heap        ] GC(183) Humongous regions: 3->3
[2025-03-18T15:38:03.236+0100][92.900s][info][gc,metaspace   ] GC(183) Metaspace: 27029K(27520K)->27029K(27520K) NonClass: 23483K(23808K)->23483K(23808K) Class: 3546K(3712K)->3546K(3712K)
[2025-03-18T15:38:03.236+0100][92.900s][info][gc             ] GC(183) Pause Young (Normal) (G1 Evacuation Pause) (Evacuation Failure) 4095M->4095M(4096M) 1.228ms
[2025-03-18T15:38:03.236+0100][92.900s][info][gc,cpu         ] GC(183) User=0.01s Sys=0.00s Real=0.00s
[2025-03-18T15:38:03.236+0100][92.900s][info][gc,ergo        ] Attempting full compaction
[2025-03-18T15:38:03.236+0100][92.900s][info][gc,start       ] GC(184) Pause Full (G1 Compaction Pause)
[2025-03-18T15:38:03.236+0100][92.900s][info][gc,task        ] GC(184) Using 9 workers of 9 for full compaction
[2025-03-18T15:38:03.236+0100][92.900s][info][gc,phases,start] GC(184) Phase 1: Mark live objects
[2025-03-18T15:38:03.677+0100][93.341s][info][gc,phases      ] GC(184) Phase 1: Mark live objects 441.050ms
[2025-03-18T15:38:03.677+0100][93.341s][info][gc,phases,start] GC(184) Phase 2: Prepare compaction
[2025-03-18T15:38:03.678+0100][93.342s][info][gc,phases      ] GC(184) Phase 2: Prepare compaction 1.265ms
[2025-03-18T15:38:03.678+0100][93.342s][info][gc,phases,start] GC(184) Phase 3: Adjust pointers
[2025-03-18T15:38:03.774+0100][93.438s][info][gc,phases      ] GC(184) Phase 3: Adjust pointers 96.085ms
[2025-03-18T15:38:03.775+0100][93.438s][info][gc,phases,start] GC(184) Phase 4: Compact heap
[2025-03-18T15:38:03.776+0100][93.439s][info][gc,phases      ] GC(184) Phase 4: Compact heap 1.198ms
[2025-03-18T15:38:03.776+0100][93.439s][info][gc,phases,start] GC(184) Phase 5: Reset Metadata
[2025-03-18T15:38:03.835+0100][93.499s][info][gc,phases      ] GC(184) Phase 5: Reset Metadata 59.350ms
[2025-03-18T15:38:03.842+0100][93.506s][info][gc,heap        ] GC(184) Eden regions: 0->0(2)
[2025-03-18T15:38:03.842+0100][93.506s][info][gc,heap        ] GC(184) Survivor regions: 0->0(0)
[2025-03-18T15:38:03.843+0100][93.506s][info][gc,heap        ] GC(184) Old regions: 1021->1019
[2025-03-18T15:38:03.843+0100][93.506s][info][gc,heap        ] GC(184) Humongous regions: 3->3
[2025-03-18T15:38:03.843+0100][93.506s][info][gc,metaspace   ] GC(184) Metaspace: 27029K(27520K)->27029K(27520K) NonClass: 23483K(23808K)->23483K(23808K) Class: 3546K(3712K)->3546K(3712K)
[2025-03-18T15:38:03.843+0100][93.506s][info][gc             ] GC(184) Pause Full (G1 Compaction Pause) 4095M->4085M(4096M) 606.563ms
[2025-03-18T15:38:03.843+0100][93.506s][info][gc,cpu         ] GC(184) User=4.55s Sys=0.35s Real=0.61s
[2025-03-18T15:38:03.848+0100][93.512s][info][gc,start       ] GC(185) Pause Young (Concurrent Start) (G1 Evacuation Pause)
[2025-03-18T15:38:03.848+0100][93.512s][info][gc,task        ] GC(185) Using 9 workers of 9 for evacuation
[2025-03-18T15:38:03.849+0100][93.513s][info][gc,phases      ] GC(185)   Pre Evacuate Collection Set: 0.2ms
[2025-03-18T15:38:03.849+0100][93.513s][info][gc,phases      ] GC(185)   Merge Heap Roots: 0.0ms
[2025-03-18T15:38:03.849+0100][93.513s][info][gc,phases      ] GC(185)   Evacuate Collection Set: 0.5ms
[2025-03-18T15:38:03.849+0100][93.513s][info][gc,phases      ] GC(185)   Post Evacuate Collection Set: 0.4ms
[2025-03-18T15:38:03.849+0100][93.513s][info][gc,phases      ] GC(185)   Other: 0.0ms
[2025-03-18T15:38:03.849+0100][93.513s][info][gc,heap        ] GC(185) Eden regions: 2->0(0)
[2025-03-18T15:38:03.849+0100][93.513s][info][gc,heap        ] GC(185) Survivor regions: 0->0(0)
[2025-03-18T15:38:03.849+0100][93.513s][info][gc,heap        ] GC(185) Old regions: 1019->1021
[2025-03-18T15:38:03.849+0100][93.513s][info][gc,heap        ] GC(185) Humongous regions: 3->3
[2025-03-18T15:38:03.849+0100][93.513s][info][gc,metaspace   ] GC(185) Metaspace: 27029K(27520K)->27029K(27520K) NonClass: 23483K(23808K)->23483K(23808K) Class: 3546K(3712K)->3546K(3712K)
[2025-03-18T15:38:03.849+0100][93.513s][info][gc             ] GC(185) Pause Young (Concurrent Start) (G1 Evacuation Pause) (Evacuation Failure) 4093M->4093M(4096M) 1.163ms
[2025-03-18T15:38:03.849+0100][93.513s][info][gc,cpu         ] GC(185) User=0.00s Sys=0.01s Real=0.00s
[2025-03-18T15:38:03.850+0100][93.513s][info][gc,ergo        ] Attempting full compaction
[2025-03-18T15:38:03.850+0100][93.513s][info][gc             ] GC(186) Concurrent Mark Cycle
[2025-03-18T15:38:03.850+0100][93.513s][info][gc,start       ] GC(187) Pause Full (G1 Compaction Pause)
[2025-03-18T15:38:03.850+0100][93.513s][info][gc,marking     ] GC(186) Concurrent Scan Root Regions
[2025-03-18T15:38:03.850+0100][93.513s][info][gc,task        ] GC(187) Using 9 workers of 9 for full compaction
[2025-03-18T15:38:03.850+0100][93.513s][info][gc,marking     ] GC(186) Concurrent Scan Root Regions 0.029ms
[2025-03-18T15:38:03.850+0100][93.513s][info][gc,marking     ] GC(186) Concurrent Mark
[2025-03-18T15:38:03.850+0100][93.513s][info][gc,marking     ] GC(186) Concurrent Mark From Roots
[2025-03-18T15:38:03.850+0100][93.513s][info][gc,task        ] GC(186) Using 2 workers of 2 for marking
[2025-03-18T15:38:03.850+0100][93.514s][info][gc,phases,start] GC(187) Phase 1: Mark live objects
[2025-03-18T15:38:04.493+0100][94.157s][info][gc,phases      ] GC(187) Phase 1: Mark live objects 643.037ms
[2025-03-18T15:38:04.493+0100][94.157s][info][gc,phases,start] GC(187) Phase 2: Prepare compaction
[2025-03-18T15:38:04.494+0100][94.158s][info][gc,phases      ] GC(187) Phase 2: Prepare compaction 0.777ms
[2025-03-18T15:38:04.494+0100][94.158s][info][gc,phases,start] GC(187) Phase 3: Adjust pointers
[2025-03-18T15:38:04.591+0100][94.255s][info][gc,phases      ] GC(187) Phase 3: Adjust pointers 97.033ms
[2025-03-18T15:38:04.591+0100][94.255s][info][gc,phases,start] GC(187) Phase 4: Compact heap
[2025-03-18T15:38:04.592+0100][94.256s][info][gc,phases      ] GC(187) Phase 4: Compact heap 0.821ms
[2025-03-18T15:38:04.592+0100][94.256s][info][gc,phases,start] GC(187) Phase 5: Reset Metadata
[2025-03-18T15:38:04.652+0100][94.315s][info][gc,phases      ] GC(187) Phase 5: Reset Metadata 59.505ms
[2025-03-18T15:38:04.660+0100][94.323s][info][gc,heap        ] GC(187) Eden regions: 0->0(2)
[2025-03-18T15:38:04.660+0100][94.323s][info][gc,heap        ] GC(187) Survivor regions: 0->0(0)
[2025-03-18T15:38:04.660+0100][94.323s][info][gc,heap        ] GC(187) Old regions: 1021->1019
[2025-03-18T15:38:04.660+0100][94.323s][info][gc,heap        ] GC(187) Humongous regions: 3->3
[2025-03-18T15:38:04.660+0100][94.323s][info][gc,metaspace   ] GC(187) Metaspace: 27029K(27520K)->27029K(27520K) NonClass: 23483K(23808K)->23483K(23808K) Class: 3546K(3712K)->3546K(3712K)
[2025-03-18T15:38:04.660+0100][94.323s][info][gc             ] GC(187) Pause Full (G1 Compaction Pause) 4093M->4087M(4096M) 810.153ms
[2025-03-18T15:38:04.660+0100][94.323s][info][gc,cpu         ] GC(187) User=6.30s Sys=0.37s Real=0.81s
[2025-03-18T15:38:04.660+0100][94.323s][info][gc,marking     ] GC(186) Concurrent Mark From Roots 810.225ms
[2025-03-18T15:38:04.660+0100][94.324s][info][gc,marking     ] GC(186) Concurrent Mark Abort
[2025-03-18T15:38:04.660+0100][94.324s][info][gc             ] GC(186) Concurrent Mark Cycle 810.365ms
[2025-03-18T15:38:04.665+0100][94.329s][info][gc,start       ] GC(188) Pause Young (Normal) (G1 Evacuation Pause)
[2025-03-18T15:38:04.665+0100][94.329s][info][gc,task        ] GC(188) Using 9 workers of 9 for evacuation
[2025-03-18T15:38:04.666+0100][94.330s][info][gc,phases      ] GC(188)   Pre Evacuate Collection Set: 0.1ms
[2025-03-18T15:38:04.666+0100][94.330s][info][gc,phases      ] GC(188)   Merge Heap Roots: 0.0ms
[2025-03-18T15:38:04.666+0100][94.330s][info][gc,phases      ] GC(188)   Evacuate Collection Set: 0.4ms
[2025-03-18T15:38:04.666+0100][94.330s][info][gc,phases      ] GC(188)   Post Evacuate Collection Set: 0.4ms
[2025-03-18T15:38:04.666+0100][94.330s][info][gc,phases      ] GC(188)   Other: 0.0ms
[2025-03-18T15:38:04.666+0100][94.330s][info][gc,heap        ] GC(188) Eden regions: 2->0(0)
[2025-03-18T15:38:04.666+0100][94.330s][info][gc,heap        ] GC(188) Survivor regions: 0->0(0)
[2025-03-18T15:38:04.666+0100][94.330s][info][gc,heap        ] GC(188) Old regions: 1019->1021
[2025-03-18T15:38:04.666+0100][94.330s][info][gc,heap        ] GC(188) Humongous regions: 3->3
[2025-03-18T15:38:04.666+0100][94.330s][info][gc,metaspace   ] GC(188) Metaspace: 27029K(27520K)->27029K(27520K) NonClass: 23483K(23808K)->23483K(23808K) Class: 3546K(3712K)->3546K(3712K)
[2025-03-18T15:38:04.666+0100][94.330s][info][gc             ] GC(188) Pause Young (Normal) (G1 Evacuation Pause) (Evacuation Failure) 4095M->4095M(4096M) 1.101ms
[2025-03-18T15:38:04.666+0100][94.330s][info][gc,cpu         ] GC(188) User=0.01s Sys=0.00s Real=0.00s
[2025-03-18T15:38:04.666+0100][94.330s][info][gc,ergo        ] Attempting full compaction
[2025-03-18T15:38:04.666+0100][94.330s][info][gc,start       ] GC(189) Pause Full (G1 Compaction Pause)
[2025-03-18T15:38:04.666+0100][94.330s][info][gc,task        ] GC(189) Using 9 workers of 9 for full compaction
[2025-03-18T15:38:04.666+0100][94.330s][info][gc,phases,start] GC(189) Phase 1: Mark live objects
[2025-03-18T15:38:05.109+0100][94.773s][info][gc,phases      ] GC(189) Phase 1: Mark live objects 442.550ms
[2025-03-18T15:38:05.109+0100][94.773s][info][gc,phases,start] GC(189) Phase 2: Prepare compaction
[2025-03-18T15:38:05.110+0100][94.774s][info][gc,phases      ] GC(189) Phase 2: Prepare compaction 0.953ms
[2025-03-18T15:38:05.110+0100][94.774s][info][gc,phases,start] GC(189) Phase 3: Adjust pointers
[2025-03-18T15:38:05.205+0100][94.869s][info][gc,phases      ] GC(189) Phase 3: Adjust pointers 95.455ms
[2025-03-18T15:38:05.205+0100][94.869s][info][gc,phases,start] GC(189) Phase 4: Compact heap
[2025-03-18T15:38:05.206+0100][94.870s][info][gc,phases      ] GC(189) Phase 4: Compact heap 0.965ms
[2025-03-18T15:38:05.206+0100][94.870s][info][gc,phases,start] GC(189) Phase 5: Reset Metadata
[2025-03-18T15:38:05.267+0100][94.931s][info][gc,phases      ] GC(189) Phase 5: Reset Metadata 60.368ms
[2025-03-18T15:38:05.275+0100][94.938s][info][gc,heap        ] GC(189) Eden regions: 0->0(1)
[2025-03-18T15:38:05.275+0100][94.939s][info][gc,heap        ] GC(189) Survivor regions: 0->0(0)
[2025-03-18T15:38:05.275+0100][94.939s][info][gc,heap        ] GC(189) Old regions: 1021->1020
[2025-03-18T15:38:05.275+0100][94.939s][info][gc,heap        ] GC(189) Humongous regions: 3->3
[2025-03-18T15:38:05.275+0100][94.939s][info][gc,metaspace   ] GC(189) Metaspace: 27029K(27520K)->27029K(27520K) NonClass: 23483K(23808K)->23483K(23808K) Class: 3546K(3712K)->3546K(3712K)
[2025-03-18T15:38:05.275+0100][94.939s][info][gc             ] GC(189) Pause Full (G1 Compaction Pause) 4095M->4088M(4096M) 608.563ms
[2025-03-18T15:38:05.275+0100][94.939s][info][gc,cpu         ] GC(189) User=4.57s Sys=0.36s Real=0.61s
[2025-03-18T15:38:05.278+0100][94.942s][info][gc,start       ] GC(190) Pause Young (Concurrent Start) (G1 Evacuation Pause)
[2025-03-18T15:38:05.278+0100][94.942s][info][gc,task        ] GC(190) Using 9 workers of 9 for evacuation
[2025-03-18T15:38:05.279+0100][94.943s][info][gc,phases      ] GC(190)   Pre Evacuate Collection Set: 0.1ms
[2025-03-18T15:38:05.279+0100][94.943s][info][gc,phases      ] GC(190)   Merge Heap Roots: 0.0ms
[2025-03-18T15:38:05.279+0100][94.943s][info][gc,phases      ] GC(190)   Evacuate Collection Set: 0.3ms
[2025-03-18T15:38:05.279+0100][94.943s][info][gc,phases      ] GC(190)   Post Evacuate Collection Set: 0.3ms
[2025-03-18T15:38:05.279+0100][94.943s][info][gc,phases      ] GC(190)   Other: 0.1ms
[2025-03-18T15:38:05.279+0100][94.943s][info][gc,heap        ] GC(190) Eden regions: 1->0(0)
[2025-03-18T15:38:05.279+0100][94.943s][info][gc,heap        ] GC(190) Survivor regions: 0->0(0)
[2025-03-18T15:38:05.279+0100][94.943s][info][gc,heap        ] GC(190) Old regions: 1020->1021
[2025-03-18T15:38:05.279+0100][94.943s][info][gc,heap        ] GC(190) Humongous regions: 3->3
[2025-03-18T15:38:05.279+0100][94.943s][info][gc,metaspace   ] GC(190) Metaspace: 27029K(27520K)->27029K(27520K) NonClass: 23483K(23808K)->23483K(23808K) Class: 3546K(3712K)->3546K(3712K)
[2025-03-18T15:38:05.279+0100][94.943s][info][gc             ] GC(190) Pause Young (Concurrent Start) (G1 Evacuation Pause) (Evacuation Failure) 4092M->4092M(4096M) 1.040ms
[2025-03-18T15:38:05.279+0100][94.943s][info][gc,cpu         ] GC(190) User=0.01s Sys=0.00s Real=0.00s
[2025-03-18T15:38:05.279+0100][94.943s][info][gc,ergo        ] Attempting full compaction
[2025-03-18T15:38:05.279+0100][94.943s][info][gc             ] GC(191) Concurrent Mark Cycle
[2025-03-18T15:38:05.279+0100][94.943s][info][gc,start       ] GC(192) Pause Full (G1 Compaction Pause)
[2025-03-18T15:38:05.279+0100][94.943s][info][gc,marking     ] GC(191) Concurrent Scan Root Regions
[2025-03-18T15:38:05.279+0100][94.943s][info][gc,task        ] GC(192) Using 9 workers of 9 for full compaction
[2025-03-18T15:38:05.279+0100][94.943s][info][gc,marking     ] GC(191) Concurrent Scan Root Regions 0.026ms
[2025-03-18T15:38:05.279+0100][94.943s][info][gc,marking     ] GC(191) Concurrent Mark
[2025-03-18T15:38:05.279+0100][94.943s][info][gc,marking     ] GC(191) Concurrent Mark From Roots
[2025-03-18T15:38:05.279+0100][94.943s][info][gc,task        ] GC(191) Using 2 workers of 2 for marking
[2025-03-18T15:38:05.280+0100][94.944s][info][gc,phases,start] GC(192) Phase 1: Mark live objects
[2025-03-18T15:38:05.739+0100][95.402s][info][gc,phases      ] GC(192) Phase 1: Mark live objects 458.873ms
[2025-03-18T15:38:05.739+0100][95.403s][info][gc,phases,start] GC(192) Phase 2: Prepare compaction
[2025-03-18T15:38:05.740+0100][95.403s][info][gc,phases      ] GC(192) Phase 2: Prepare compaction 0.493ms
[2025-03-18T15:38:05.740+0100][95.403s][info][gc,phases,start] GC(192) Phase 3: Adjust pointers
[2025-03-18T15:38:05.835+0100][95.499s][info][gc,phases      ] GC(192) Phase 3: Adjust pointers 95.392ms
[2025-03-18T15:38:05.835+0100][95.499s][info][gc,phases,start] GC(192) Phase 4: Compact heap
[2025-03-18T15:38:05.836+0100][95.499s][info][gc,phases      ] GC(192) Phase 4: Compact heap 0.365ms
[2025-03-18T15:38:05.836+0100][95.499s][info][gc,phases,start] GC(192) Phase 5: Reset Metadata
[2025-03-18T15:38:05.896+0100][95.559s][info][gc,phases      ] GC(192) Phase 5: Reset Metadata 60.134ms
[2025-03-18T15:38:05.903+0100][95.567s][info][gc,heap        ] GC(192) Eden regions: 0->0(1)
[2025-03-18T15:38:05.903+0100][95.567s][info][gc,heap        ] GC(192) Survivor regions: 0->0(0)
[2025-03-18T15:38:05.903+0100][95.567s][info][gc,heap        ] GC(192) Old regions: 1021->1020
[2025-03-18T15:38:05.903+0100][95.567s][info][gc,heap        ] GC(192) Humongous regions: 3->3
[2025-03-18T15:38:05.903+0100][95.567s][info][gc,metaspace   ] GC(192) Metaspace: 27029K(27520K)->27029K(27520K) NonClass: 23483K(23808K)->23483K(23808K) Class: 3546K(3712K)->3546K(3712K)
[2025-03-18T15:38:05.903+0100][95.567s][info][gc             ] GC(192) Pause Full (G1 Compaction Pause) 4092M->4089M(4096M) 623.978ms
[2025-03-18T15:38:05.903+0100][95.567s][info][gc,cpu         ] GC(192) User=4.62s Sys=0.33s Real=0.63s
[2025-03-18T15:38:05.903+0100][95.567s][info][gc,marking     ] GC(191) Concurrent Mark From Roots 624.005ms
[2025-03-18T15:38:05.903+0100][95.567s][info][gc,marking     ] GC(191) Concurrent Mark Abort
[2025-03-18T15:38:05.903+0100][95.567s][info][gc             ] GC(191) Concurrent Mark Cycle 624.122ms
[2025-03-18T15:38:05.906+0100][95.570s][info][gc,start       ] GC(193) Pause Young (Normal) (G1 Evacuation Pause)
[2025-03-18T15:38:05.906+0100][95.570s][info][gc,task        ] GC(193) Using 9 workers of 9 for evacuation
[2025-03-18T15:38:05.907+0100][95.571s][info][gc,phases      ] GC(193)   Pre Evacuate Collection Set: 0.1ms
[2025-03-18T15:38:05.907+0100][95.571s][info][gc,phases      ] GC(193)   Merge Heap Roots: 0.0ms
[2025-03-18T15:38:05.907+0100][95.571s][info][gc,phases      ] GC(193)   Evacuate Collection Set: 0.4ms
[2025-03-18T15:38:05.907+0100][95.571s][info][gc,phases      ] GC(193)   Post Evacuate Collection Set: 0.3ms
[2025-03-18T15:38:05.907+0100][95.571s][info][gc,phases      ] GC(193)   Other: 0.0ms
[2025-03-18T15:38:05.907+0100][95.571s][info][gc,heap        ] GC(193) Eden regions: 1->0(0)
[2025-03-18T15:38:05.907+0100][95.571s][info][gc,heap        ] GC(193) Survivor regions: 0->0(0)
[2025-03-18T15:38:05.907+0100][95.571s][info][gc,heap        ] GC(193) Old regions: 1020->1021
[2025-03-18T15:38:05.907+0100][95.571s][info][gc,heap        ] GC(193) Humongous regions: 3->3
[2025-03-18T15:38:05.907+0100][95.571s][info][gc,metaspace   ] GC(193) Metaspace: 27029K(27520K)->27029K(27520K) NonClass: 23483K(23808K)->23483K(23808K) Class: 3546K(3712K)->3546K(3712K)
[2025-03-18T15:38:05.907+0100][95.571s][info][gc             ] GC(193) Pause Young (Normal) (G1 Evacuation Pause) (Evacuation Failure) 4093M->4093M(4096M) 0.997ms
[2025-03-18T15:38:05.907+0100][95.571s][info][gc,cpu         ] GC(193) User=0.00s Sys=0.00s Real=0.00s
[2025-03-18T15:38:05.907+0100][95.571s][info][gc,ergo        ] Attempting full compaction
[2025-03-18T15:38:05.907+0100][95.571s][info][gc,start       ] GC(194) Pause Full (G1 Compaction Pause)
[2025-03-18T15:38:05.907+0100][95.571s][info][gc,task        ] GC(194) Using 9 workers of 9 for full compaction
[2025-03-18T15:38:05.907+0100][95.571s][info][gc,phases,start] GC(194) Phase 1: Mark live objects
[2025-03-18T15:38:06.689+0100][96.353s][info][gc,phases      ] GC(194) Phase 1: Mark live objects 781.879ms
[2025-03-18T15:38:06.689+0100][96.353s][info][gc,phases,start] GC(194) Phase 2: Prepare compaction
[2025-03-18T15:38:06.690+0100][96.354s][info][gc,phases      ] GC(194) Phase 2: Prepare compaction 0.737ms
[2025-03-18T15:38:06.690+0100][96.354s][info][gc,phases,start] GC(194) Phase 3: Adjust pointers
[2025-03-18T15:38:06.789+0100][96.453s][info][gc,phases      ] GC(194) Phase 3: Adjust pointers 99.265ms
[2025-03-18T15:38:06.789+0100][96.453s][info][gc,phases,start] GC(194) Phase 4: Compact heap
[2025-03-18T15:38:06.790+0100][96.453s][info][gc,phases      ] GC(194) Phase 4: Compact heap 0.561ms
[2025-03-18T15:38:06.790+0100][96.453s][info][gc,phases,start] GC(194) Phase 5: Reset Metadata
[2025-03-18T15:38:06.850+0100][96.514s][info][gc,phases      ] GC(194) Phase 5: Reset Metadata 60.381ms
[2025-03-18T15:38:06.857+0100][96.521s][info][gc,heap        ] GC(194) Eden regions: 0->0(1)
[2025-03-18T15:38:06.857+0100][96.521s][info][gc,heap        ] GC(194) Survivor regions: 0->0(0)
[2025-03-18T15:38:06.857+0100][96.521s][info][gc,heap        ] GC(194) Old regions: 1021->1020
[2025-03-18T15:38:06.857+0100][96.521s][info][gc,heap        ] GC(194) Humongous regions: 3->3
[2025-03-18T15:38:06.857+0100][96.521s][info][gc,metaspace   ] GC(194) Metaspace: 27029K(27520K)->27029K(27520K) NonClass: 23483K(23808K)->23483K(23808K) Class: 3546K(3712K)->3546K(3712K)
[2025-03-18T15:38:06.857+0100][96.521s][info][gc             ] GC(194) Pause Full (G1 Compaction Pause) 4093M->4089M(4096M) 950.043ms
[2025-03-18T15:38:06.857+0100][96.521s][info][gc,cpu         ] GC(194) User=7.41s Sys=0.35s Real=0.95s
[2025-03-18T15:38:06.860+0100][96.524s][info][gc,start       ] GC(195) Pause Young (Concurrent Start) (G1 Evacuation Pause)
[2025-03-18T15:38:06.860+0100][96.524s][info][gc,task        ] GC(195) Using 9 workers of 9 for evacuation
[2025-03-18T15:38:06.861+0100][96.525s][info][gc,phases      ] GC(195)   Pre Evacuate Collection Set: 0.1ms
[2025-03-18T15:38:06.861+0100][96.525s][info][gc,phases      ] GC(195)   Merge Heap Roots: 0.0ms
[2025-03-18T15:38:06.861+0100][96.525s][info][gc,phases      ] GC(195)   Evacuate Collection Set: 0.3ms
[2025-03-18T15:38:06.861+0100][96.525s][info][gc,phases      ] GC(195)   Post Evacuate Collection Set: 0.3ms
[2025-03-18T15:38:06.861+0100][96.525s][info][gc,phases      ] GC(195)   Other: 0.1ms
[2025-03-18T15:38:06.861+0100][96.525s][info][gc,heap        ] GC(195) Eden regions: 1->0(0)
[2025-03-18T15:38:06.861+0100][96.525s][info][gc,heap        ] GC(195) Survivor regions: 0->0(0)
[2025-03-18T15:38:06.861+0100][96.525s][info][gc,heap        ] GC(195) Old regions: 1020->1021
[2025-03-18T15:38:06.861+0100][96.525s][info][gc,heap        ] GC(195) Humongous regions: 3->3
[2025-03-18T15:38:06.861+0100][96.525s][info][gc,metaspace   ] GC(195) Metaspace: 27029K(27520K)->27029K(27520K) NonClass: 23483K(23808K)->23483K(23808K) Class: 3546K(3712K)->3546K(3712K)
[2025-03-18T15:38:06.861+0100][96.525s][info][gc             ] GC(195) Pause Young (Concurrent Start) (G1 Evacuation Pause) (Evacuation Failure) 4093M->4093M(4096M) 0.902ms
[2025-03-18T15:38:06.861+0100][96.525s][info][gc,cpu         ] GC(195) User=0.00s Sys=0.00s Real=0.00s
[2025-03-18T15:38:06.861+0100][96.525s][info][gc,ergo        ] Attempting full compaction
[2025-03-18T15:38:06.861+0100][96.525s][info][gc             ] GC(196) Concurrent Mark Cycle
[2025-03-18T15:38:06.861+0100][96.525s][info][gc,start       ] GC(197) Pause Full (G1 Compaction Pause)
[2025-03-18T15:38:06.861+0100][96.525s][info][gc,marking     ] GC(196) Concurrent Scan Root Regions
[2025-03-18T15:38:06.861+0100][96.525s][info][gc,task        ] GC(197) Using 9 workers of 9 for full compaction
[2025-03-18T15:38:06.861+0100][96.525s][info][gc,marking     ] GC(196) Concurrent Scan Root Regions 0.023ms
[2025-03-18T15:38:06.861+0100][96.525s][info][gc,marking     ] GC(196) Concurrent Mark
[2025-03-18T15:38:06.861+0100][96.525s][info][gc,marking     ] GC(196) Concurrent Mark From Roots
[2025-03-18T15:38:06.861+0100][96.525s][info][gc,task        ] GC(196) Using 2 workers of 2 for marking
[2025-03-18T15:38:06.862+0100][96.525s][info][gc,phases,start] GC(197) Phase 1: Mark live objects
[2025-03-18T15:38:07.300+0100][96.963s][info][gc,phases      ] GC(197) Phase 1: Mark live objects 438.136ms
[2025-03-18T15:38:07.300+0100][96.964s][info][gc,phases,start] GC(197) Phase 2: Prepare compaction
[2025-03-18T15:38:07.300+0100][96.964s][info][gc,phases      ] GC(197) Phase 2: Prepare compaction 0.542ms
[2025-03-18T15:38:07.300+0100][96.964s][info][gc,phases,start] GC(197) Phase 3: Adjust pointers
[2025-03-18T15:38:07.397+0100][97.060s][info][gc,phases      ] GC(197) Phase 3: Adjust pointers 96.106ms
[2025-03-18T15:38:07.397+0100][97.060s][info][gc,phases,start] GC(197) Phase 4: Compact heap
[2025-03-18T15:38:07.397+0100][97.061s][info][gc,phases      ] GC(197) Phase 4: Compact heap 0.640ms
[2025-03-18T15:38:07.397+0100][97.061s][info][gc,phases,start] GC(197) Phase 5: Reset Metadata
[2025-03-18T15:38:07.458+0100][97.122s][info][gc,phases      ] GC(197) Phase 5: Reset Metadata 60.642ms
[2025-03-18T15:38:07.465+0100][97.129s][info][gc,heap        ] GC(197) Eden regions: 0->0(1)
[2025-03-18T15:38:07.465+0100][97.129s][info][gc,heap        ] GC(197) Survivor regions: 0->0(0)
[2025-03-18T15:38:07.465+0100][97.129s][info][gc,heap        ] GC(197) Old regions: 1021->1020
[2025-03-18T15:38:07.465+0100][97.129s][info][gc,heap        ] GC(197) Humongous regions: 3->3
[2025-03-18T15:38:07.465+0100][97.129s][info][gc,metaspace   ] GC(197) Metaspace: 27029K(27520K)->27029K(27520K) NonClass: 23483K(23808K)->23483K(23808K) Class: 3546K(3712K)->3546K(3712K)
[2025-03-18T15:38:07.465+0100][97.129s][info][gc             ] GC(197) Pause Full (G1 Compaction Pause) 4093M->4090M(4096M) 603.910ms
[2025-03-18T15:38:07.465+0100][97.129s][info][gc,cpu         ] GC(197) User=4.53s Sys=0.31s Real=0.60s
[2025-03-18T15:38:07.465+0100][97.129s][info][gc,marking     ] GC(196) Concurrent Mark From Roots 603.951ms
[2025-03-18T15:38:07.465+0100][97.129s][info][gc,marking     ] GC(196) Concurrent Mark Abort
[2025-03-18T15:38:07.465+0100][97.129s][info][gc             ] GC(196) Concurrent Mark Cycle 604.044ms
[2025-03-18T15:38:07.468+0100][97.132s][info][gc,start       ] GC(198) Pause Young (Normal) (G1 Evacuation Pause)
[2025-03-18T15:38:07.468+0100][97.132s][info][gc,task        ] GC(198) Using 9 workers of 9 for evacuation
[2025-03-18T15:38:07.469+0100][97.132s][info][gc,phases      ] GC(198)   Pre Evacuate Collection Set: 0.1ms
[2025-03-18T15:38:07.469+0100][97.132s][info][gc,phases      ] GC(198)   Merge Heap Roots: 0.0ms
[2025-03-18T15:38:07.469+0100][97.132s][info][gc,phases      ] GC(198)   Evacuate Collection Set: 0.3ms
[2025-03-18T15:38:07.469+0100][97.132s][info][gc,phases      ] GC(198)   Post Evacuate Collection Set: 0.3ms
[2025-03-18T15:38:07.469+0100][97.132s][info][gc,phases      ] GC(198)   Other: 0.0ms
[2025-03-18T15:38:07.469+0100][97.132s][info][gc,heap        ] GC(198) Eden regions: 1->0(0)
[2025-03-18T15:38:07.469+0100][97.133s][info][gc,heap        ] GC(198) Survivor regions: 0->0(0)
[2025-03-18T15:38:07.469+0100][97.133s][info][gc,heap        ] GC(198) Old regions: 1020->1021
[2025-03-18T15:38:07.469+0100][97.133s][info][gc,heap        ] GC(198) Humongous regions: 3->3
[2025-03-18T15:38:07.469+0100][97.133s][info][gc,metaspace   ] GC(198) Metaspace: 27029K(27520K)->27029K(27520K) NonClass: 23483K(23808K)->23483K(23808K) Class: 3546K(3712K)->3546K(3712K)
[2025-03-18T15:38:07.469+0100][97.133s][info][gc             ] GC(198) Pause Young (Normal) (G1 Evacuation Pause) (Evacuation Failure) 4094M->4094M(4096M) 0.950ms
[2025-03-18T15:38:07.469+0100][97.133s][info][gc,cpu         ] GC(198) User=0.01s Sys=0.00s Real=0.00s
[2025-03-18T15:38:07.469+0100][97.133s][info][gc,ergo        ] Attempting full compaction
[2025-03-18T15:38:07.469+0100][97.133s][info][gc,start       ] GC(199) Pause Full (G1 Compaction Pause)
[2025-03-18T15:38:07.469+0100][97.133s][info][gc,task        ] GC(199) Using 9 workers of 9 for full compaction
[2025-03-18T15:38:07.469+0100][97.133s][info][gc,phases,start] GC(199) Phase 1: Mark live objects
[2025-03-18T15:38:07.915+0100][97.579s][info][gc,phases      ] GC(199) Phase 1: Mark live objects 446.543ms
[2025-03-18T15:38:07.916+0100][97.579s][info][gc,phases,start] GC(199) Phase 2: Prepare compaction
[2025-03-18T15:38:07.916+0100][97.580s][info][gc,phases      ] GC(199) Phase 2: Prepare compaction 0.727ms
[2025-03-18T15:38:07.916+0100][97.580s][info][gc,phases,start] GC(199) Phase 3: Adjust pointers
[2025-03-18T15:38:08.014+0100][97.678s][info][gc,phases      ] GC(199) Phase 3: Adjust pointers 97.669ms
[2025-03-18T15:38:08.014+0100][97.678s][info][gc,phases,start] GC(199) Phase 4: Compact heap
[2025-03-18T15:38:08.015+0100][97.679s][info][gc,phases      ] GC(199) Phase 4: Compact heap 0.843ms
[2025-03-18T15:38:08.015+0100][97.679s][info][gc,phases,start] GC(199) Phase 5: Reset Metadata
[2025-03-18T15:38:08.074+0100][97.738s][info][gc,phases      ] GC(199) Phase 5: Reset Metadata 59.435ms
[2025-03-18T15:38:08.082+0100][97.745s][info][gc,heap        ] GC(199) Eden regions: 0->0(1)
[2025-03-18T15:38:08.082+0100][97.745s][info][gc,heap        ] GC(199) Survivor regions: 0->0(0)
[2025-03-18T15:38:08.082+0100][97.745s][info][gc,heap        ] GC(199) Old regions: 1021->1020
[2025-03-18T15:38:08.082+0100][97.745s][info][gc,heap        ] GC(199) Humongous regions: 3->3
[2025-03-18T15:38:08.082+0100][97.745s][info][gc,metaspace   ] GC(199) Metaspace: 27029K(27520K)->27029K(27520K) NonClass: 23483K(23808K)->23483K(23808K) Class: 3546K(3712K)->3546K(3712K)
[2025-03-18T15:38:08.082+0100][97.745s][info][gc             ] GC(199) Pause Full (G1 Compaction Pause) 4094M->4091M(4096M) 612.898ms
[2025-03-18T15:38:08.082+0100][97.746s][info][gc,cpu         ] GC(199) User=4.54s Sys=0.39s Real=0.62s
[2025-03-18T15:38:08.085+0100][97.748s][info][gc,start       ] GC(200) Pause Young (Concurrent Start) (G1 Evacuation Pause)
[2025-03-18T15:38:08.085+0100][97.748s][info][gc,task        ] GC(200) Using 9 workers of 9 for evacuation
[2025-03-18T15:38:08.086+0100][97.749s][info][gc,phases      ] GC(200)   Pre Evacuate Collection Set: 0.1ms
[2025-03-18T15:38:08.086+0100][97.749s][info][gc,phases      ] GC(200)   Merge Heap Roots: 0.0ms
[2025-03-18T15:38:08.086+0100][97.749s][info][gc,phases      ] GC(200)   Evacuate Collection Set: 0.5ms
[2025-03-18T15:38:08.086+0100][97.749s][info][gc,phases      ] GC(200)   Post Evacuate Collection Set: 0.3ms
[2025-03-18T15:38:08.086+0100][97.749s][info][gc,phases      ] GC(200)   Other: 0.1ms
[2025-03-18T15:38:08.086+0100][97.749s][info][gc,heap        ] GC(200) Eden regions: 1->0(0)
[2025-03-18T15:38:08.086+0100][97.749s][info][gc,heap        ] GC(200) Survivor regions: 0->0(0)
[2025-03-18T15:38:08.086+0100][97.749s][info][gc,heap        ] GC(200) Old regions: 1020->1021
[2025-03-18T15:38:08.086+0100][97.749s][info][gc,heap        ] GC(200) Humongous regions: 3->3
[2025-03-18T15:38:08.086+0100][97.749s][info][gc,metaspace   ] GC(200) Metaspace: 27029K(27520K)->27029K(27520K) NonClass: 23483K(23808K)->23483K(23808K) Class: 3546K(3712K)->3546K(3712K)
[2025-03-18T15:38:08.086+0100][97.749s][info][gc             ] GC(200) Pause Young (Concurrent Start) (G1 Evacuation Pause) (Evacuation Failure) 4095M->4095M(4096M) 1.116ms
[2025-03-18T15:38:08.086+0100][97.750s][info][gc             ] GC(201) Concurrent Mark Cycle
[2025-03-18T15:38:08.086+0100][97.750s][info][gc,cpu         ] GC(200) User=0.00s Sys=0.00s Real=0.00s
[2025-03-18T15:38:08.086+0100][97.750s][info][gc,marking     ] GC(201) Concurrent Scan Root Regions
[2025-03-18T15:38:08.086+0100][97.750s][info][gc,ergo        ] Attempting full compaction
[2025-03-18T15:38:08.086+0100][97.750s][info][gc,marking     ] GC(201) Concurrent Scan Root Regions 0.018ms
[2025-03-18T15:38:08.086+0100][97.750s][info][gc,start       ] GC(202) Pause Full (G1 Compaction Pause)
[2025-03-18T15:38:08.086+0100][97.750s][info][gc,marking     ] GC(201) Concurrent Mark
[2025-03-18T15:38:08.086+0100][97.750s][info][gc,task        ] GC(202) Using 9 workers of 9 for full compaction
[2025-03-18T15:38:08.086+0100][97.750s][info][gc,marking     ] GC(201) Concurrent Mark From Roots
[2025-03-18T15:38:08.086+0100][97.750s][info][gc,task        ] GC(201) Using 2 workers of 2 for marking
[2025-03-18T15:38:08.087+0100][97.750s][info][gc,phases,start] GC(202) Phase 1: Mark live objects
[2025-03-18T15:38:08.745+0100][98.408s][info][gc,phases      ] GC(202) Phase 1: Mark live objects 658.003ms
[2025-03-18T15:38:08.745+0100][98.408s][info][gc,phases,start] GC(202) Phase 2: Prepare compaction
[2025-03-18T15:38:08.745+0100][98.409s][info][gc,phases      ] GC(202) Phase 2: Prepare compaction 0.731ms
[2025-03-18T15:38:08.745+0100][98.409s][info][gc,phases,start] GC(202) Phase 3: Adjust pointers
[2025-03-18T15:38:08.841+0100][98.505s][info][gc,phases      ] GC(202) Phase 3: Adjust pointers 95.676ms
[2025-03-18T15:38:08.841+0100][98.505s][info][gc,phases,start] GC(202) Phase 4: Compact heap
[2025-03-18T15:38:08.842+0100][98.506s][info][gc,phases      ] GC(202) Phase 4: Compact heap 0.815ms
[2025-03-18T15:38:08.842+0100][98.506s][info][gc,phases,start] GC(202) Phase 5: Reset Metadata
[2025-03-18T15:38:08.902+0100][98.565s][info][gc,phases      ] GC(202) Phase 5: Reset Metadata 59.849ms
[2025-03-18T15:38:08.909+0100][98.572s][info][gc,heap        ] GC(202) Eden regions: 0->0(0)
[2025-03-18T15:38:08.909+0100][98.572s][info][gc,heap        ] GC(202) Survivor regions: 0->0(0)
[2025-03-18T15:38:08.909+0100][98.572s][info][gc,heap        ] GC(202) Old regions: 1021->1021
[2025-03-18T15:38:08.909+0100][98.572s][info][gc,heap        ] GC(202) Humongous regions: 3->3
[2025-03-18T15:38:08.909+0100][98.573s][info][gc,metaspace   ] GC(202) Metaspace: 27029K(27520K)->27029K(27520K) NonClass: 23483K(23808K)->23483K(23808K) Class: 3546K(3712K)->3546K(3712K)
[2025-03-18T15:38:08.909+0100][98.573s][info][gc             ] GC(202) Pause Full (G1 Compaction Pause) 4095M->4091M(4096M) 822.948ms
[2025-03-18T15:38:08.909+0100][98.573s][info][gc,cpu         ] GC(202) User=6.43s Sys=0.36s Real=0.82s
[2025-03-18T15:38:08.909+0100][98.573s][info][gc,ergo        ] Attempting maximal full compaction clearing soft references
[2025-03-18T15:38:08.909+0100][98.573s][info][gc,start       ] GC(203) Pause Full (G1 Compaction Pause)
[2025-03-18T15:38:08.909+0100][98.573s][info][gc,task        ] GC(203) Using 9 workers of 9 for full compaction
[2025-03-18T15:38:08.910+0100][98.573s][info][gc,phases,start] GC(203) Phase 1: Mark live objects
[2025-03-18T15:38:09.706+0100][99.369s][info][gc,phases      ] GC(203) Phase 1: Mark live objects 796.270ms
[2025-03-18T15:38:09.706+0100][99.369s][info][gc,phases,start] GC(203) Phase 2: Prepare compaction
[2025-03-18T15:38:09.839+0100][99.503s][info][gc,phases      ] GC(203) Phase 2: Prepare compaction 133.573ms
[2025-03-18T15:38:09.839+0100][99.503s][info][gc,phases,start] GC(203) Phase 3: Adjust pointers
[2025-03-18T15:38:09.961+0100][99.624s][info][gc,phases      ] GC(203) Phase 3: Adjust pointers 121.130ms
[2025-03-18T15:38:09.961+0100][99.624s][info][gc,phases,start] GC(203) Phase 4: Compact heap
[2025-03-18T15:38:10.058+0100][99.721s][info][gc,phases      ] GC(203) Phase 4: Compact heap 97.094ms
[2025-03-18T15:38:10.058+0100][99.721s][info][gc,phases,start] GC(203) Phase 5: Reset Metadata
[2025-03-18T15:38:10.058+0100][99.722s][info][gc,phases      ] GC(203) Phase 5: Reset Metadata 0.272ms
[2025-03-18T15:38:10.065+0100][99.729s][info][gc,heap        ] GC(203) Eden regions: 0->0(0)
[2025-03-18T15:38:10.065+0100][99.729s][info][gc,heap        ] GC(203) Survivor regions: 0->0(0)
[2025-03-18T15:38:10.065+0100][99.729s][info][gc,heap        ] GC(203) Old regions: 1021->1021
[2025-03-18T15:38:10.065+0100][99.729s][info][gc,heap        ] GC(203) Humongous regions: 3->3
[2025-03-18T15:38:10.065+0100][99.729s][info][gc,metaspace   ] GC(203) Metaspace: 27029K(27520K)->27029K(27520K) NonClass: 23483K(23808K)->23483K(23808K) Class: 3546K(3712K)->3546K(3712K)
[2025-03-18T15:38:10.065+0100][99.729s][info][gc             ] GC(203) Pause Full (G1 Compaction Pause) 4091M->4091M(4096M) 1156.493ms
[2025-03-18T15:38:10.065+0100][99.729s][info][gc,cpu         ] GC(203) User=8.60s Sys=0.43s Real=1.16s
[2025-03-18T15:38:10.066+0100][99.729s][info][gc,marking     ] GC(201) Concurrent Mark From Roots 1979.572ms
[2025-03-18T15:38:10.066+0100][99.729s][info][gc,start       ] GC(204) Pause Young (Normal) (G1 Evacuation Pause)
[2025-03-18T15:38:10.066+0100][99.729s][info][gc,task        ] GC(204) Using 9 workers of 9 for evacuation
[2025-03-18T15:38:10.066+0100][99.730s][info][gc,phases      ] GC(204)   Pre Evacuate Collection Set: 0.1ms
[2025-03-18T15:38:10.066+0100][99.730s][info][gc,phases      ] GC(204)   Merge Heap Roots: 0.0ms
[2025-03-18T15:38:10.066+0100][99.730s][info][gc,phases      ] GC(204)   Evacuate Collection Set: 0.3ms
[2025-03-18T15:38:10.066+0100][99.730s][info][gc,phases      ] GC(204)   Post Evacuate Collection Set: 0.2ms
[2025-03-18T15:38:10.066+0100][99.730s][info][gc,phases      ] GC(204)   Other: 0.0ms
[2025-03-18T15:38:10.066+0100][99.730s][info][gc,heap        ] GC(204) Eden regions: 0->0(0)
[2025-03-18T15:38:10.066+0100][99.730s][info][gc,heap        ] GC(204) Survivor regions: 0->0(0)
[2025-03-18T15:38:10.066+0100][99.730s][info][gc,heap        ] GC(204) Old regions: 1021->1021
[2025-03-18T15:38:10.066+0100][99.730s][info][gc,heap        ] GC(204) Humongous regions: 3->3
[2025-03-18T15:38:10.066+0100][99.730s][info][gc,metaspace   ] GC(204) Metaspace: 27029K(27520K)->27029K(27520K) NonClass: 23483K(23808K)->23483K(23808K) Class: 3546K(3712K)->3546K(3712K)
[2025-03-18T15:38:10.066+0100][99.730s][info][gc             ] GC(204) Pause Young (Normal) (G1 Evacuation Pause) 4091M->4091M(4096M) 0.790ms
[2025-03-18T15:38:10.066+0100][99.730s][info][gc,cpu         ] GC(204) User=0.00s Sys=0.00s Real=0.00s
[2025-03-18T15:38:10.066+0100][99.730s][info][gc,ergo        ] Attempting full compaction
[2025-03-18T15:38:10.066+0100][99.730s][info][gc,start       ] GC(205) Pause Full (G1 Compaction Pause)
[2025-03-18T15:38:10.066+0100][99.730s][info][gc,task        ] GC(205) Using 9 workers of 9 for full compaction
[2025-03-18T15:38:10.067+0100][99.731s][info][gc,phases,start] GC(205) Phase 1: Mark live objects
[2025-03-18T15:38:10.866+0100][100.530s][info][gc,phases      ] GC(205) Phase 1: Mark live objects 799.102ms
[2025-03-18T15:38:10.866+0100][100.530s][info][gc,phases,start] GC(205) Phase 2: Prepare compaction
[2025-03-18T15:38:10.866+0100][100.530s][info][gc,phases      ] GC(205) Phase 2: Prepare compaction 0.059ms
[2025-03-18T15:38:10.866+0100][100.530s][info][gc,phases,start] GC(205) Phase 3: Adjust pointers
[2025-03-18T15:38:10.964+0100][100.628s][info][gc,phases      ] GC(205) Phase 3: Adjust pointers 98.126ms
[2025-03-18T15:38:10.964+0100][100.628s][info][gc,phases,start] GC(205) Phase 4: Compact heap
[2025-03-18T15:38:10.964+0100][100.628s][info][gc,phases      ] GC(205) Phase 4: Compact heap 0.063ms
[2025-03-18T15:38:10.965+0100][100.628s][info][gc,phases,start] GC(205) Phase 5: Reset Metadata
[2025-03-18T15:38:11.025+0100][100.689s][info][gc,phases      ] GC(205) Phase 5: Reset Metadata 60.444ms
[2025-03-18T15:38:11.032+0100][100.696s][info][gc,heap        ] GC(205) Eden regions: 0->0(0)
[2025-03-18T15:38:11.032+0100][100.696s][info][gc,heap        ] GC(205) Survivor regions: 0->0(0)
[2025-03-18T15:38:11.032+0100][100.696s][info][gc,heap        ] GC(205) Old regions: 1021->1021
[2025-03-18T15:38:11.032+0100][100.696s][info][gc,heap        ] GC(205) Humongous regions: 3->3
[2025-03-18T15:38:11.032+0100][100.696s][info][gc,metaspace   ] GC(205) Metaspace: 27029K(27520K)->27029K(27520K) NonClass: 23483K(23808K)->23483K(23808K) Class: 3546K(3712K)->3546K(3712K)
[2025-03-18T15:38:11.032+0100][100.696s][info][gc             ] GC(205) Pause Full (G1 Compaction Pause) 4091M->4091M(4096M) 965.628ms
[2025-03-18T15:38:11.032+0100][100.696s][info][gc,cpu         ] GC(205) User=7.48s Sys=0.40s Real=0.97s
[2025-03-18T15:38:11.032+0100][100.696s][info][gc,ergo        ] Attempting maximal full compaction clearing soft references
[2025-03-18T15:38:11.032+0100][100.696s][info][gc,start       ] GC(206) Pause Full (G1 Compaction Pause)
[2025-03-18T15:38:11.032+0100][100.696s][info][gc,task        ] GC(206) Using 9 workers of 9 for full compaction
[2025-03-18T15:38:11.033+0100][100.696s][info][gc,phases,start] GC(206) Phase 1: Mark live objects
[2025-03-18T15:38:11.485+0100][101.149s][info][gc,phases      ] GC(206) Phase 1: Mark live objects 452.498ms
[2025-03-18T15:38:11.485+0100][101.149s][info][gc,phases,start] GC(206) Phase 2: Prepare compaction
[2025-03-18T15:38:11.642+0100][101.305s][info][gc,phases      ] GC(206) Phase 2: Prepare compaction 156.443ms
[2025-03-18T15:38:11.642+0100][101.306s][info][gc,phases,start] GC(206) Phase 3: Adjust pointers
[2025-03-18T15:38:11.788+0100][101.451s][info][gc,phases      ] GC(206) Phase 3: Adjust pointers 145.781ms
[2025-03-18T15:38:11.788+0100][101.451s][info][gc,phases,start] GC(206) Phase 4: Compact heap
[2025-03-18T15:38:11.886+0100][101.550s][info][gc,phases      ] GC(206) Phase 4: Compact heap 98.514ms
[2025-03-18T15:38:11.886+0100][101.550s][info][gc,phases,start] GC(206) Phase 5: Reset Metadata
[2025-03-18T15:38:11.887+0100][101.550s][info][gc,phases      ] GC(206) Phase 5: Reset Metadata 0.251ms
[2025-03-18T15:38:11.893+0100][101.557s][info][gc,heap        ] GC(206) Eden regions: 0->0(0)
[2025-03-18T15:38:11.893+0100][101.557s][info][gc,heap        ] GC(206) Survivor regions: 0->0(0)
[2025-03-18T15:38:11.893+0100][101.557s][info][gc,heap        ] GC(206) Old regions: 1021->1021
[2025-03-18T15:38:11.893+0100][101.557s][info][gc,heap        ] GC(206) Humongous regions: 3->3
[2025-03-18T15:38:11.893+0100][101.557s][info][gc,metaspace   ] GC(206) Metaspace: 27029K(27520K)->27029K(27520K) NonClass: 23483K(23808K)->23483K(23808K) Class: 3546K(3712K)->3546K(3712K)
[2025-03-18T15:38:11.893+0100][101.557s][info][gc             ] GC(206) Pause Full (G1 Compaction Pause) 4091M->4091M(4096M) 861.242ms
[2025-03-18T15:38:11.893+0100][101.557s][info][gc,cpu         ] GC(206) User=5.69s Sys=0.43s Real=0.86s
[2025-03-18T15:38:11.893+0100][101.557s][info][gc,marking     ] GC(201) Concurrent Mark Abort
[2025-03-18T15:38:11.893+0100][101.557s][info][gc             ] GC(201) Concurrent Mark Cycle 3807.538ms
[2025-03-18T15:38:11.893+0100][101.557s][info][gc,start       ] GC(207) Pause Young (Normal) (G1 Evacuation Pause)
[2025-03-18T15:38:11.894+0100][101.557s][info][gc,task        ] GC(207) Using 9 workers of 9 for evacuation
[2025-03-18T15:38:11.894+0100][101.558s][info][gc,phases      ] GC(207)   Pre Evacuate Collection Set: 0.1ms
[2025-03-18T15:38:11.894+0100][101.558s][info][gc,phases      ] GC(207)   Merge Heap Roots: 0.0ms
[2025-03-18T15:38:11.894+0100][101.558s][info][gc,phases      ] GC(207)   Evacuate Collection Set: 0.3ms
[2025-03-18T15:38:11.894+0100][101.558s][info][gc,phases      ] GC(207)   Post Evacuate Collection Set: 0.2ms
[2025-03-18T15:38:11.894+0100][101.558s][info][gc,phases      ] GC(207)   Other: 0.0ms
[2025-03-18T15:38:11.894+0100][101.558s][info][gc,heap        ] GC(207) Eden regions: 0->0(0)
[2025-03-18T15:38:11.894+0100][101.558s][info][gc,heap        ] GC(207) Survivor regions: 0->0(0)
[2025-03-18T15:38:11.894+0100][101.558s][info][gc,heap        ] GC(207) Old regions: 1021->1021
[2025-03-18T15:38:11.894+0100][101.558s][info][gc,heap        ] GC(207) Humongous regions: 3->3
[2025-03-18T15:38:11.894+0100][101.558s][info][gc,metaspace   ] GC(207) Metaspace: 27029K(27520K)->27029K(27520K) NonClass: 23483K(23808K)->23483K(23808K) Class: 3546K(3712K)->3546K(3712K)
[2025-03-18T15:38:11.894+0100][101.558s][info][gc             ] GC(207) Pause Young (Normal) (G1 Evacuation Pause) 4091M->4091M(4096M) 0.813ms
[2025-03-18T15:38:11.894+0100][101.558s][info][gc,cpu         ] GC(207) User=0.00s Sys=0.00s Real=0.00s
[2025-03-18T15:38:11.894+0100][101.558s][info][gc,ergo        ] Attempting full compaction
[2025-03-18T15:38:11.894+0100][101.558s][info][gc,start       ] GC(208) Pause Full (G1 Compaction Pause)
[2025-03-18T15:38:11.894+0100][101.558s][info][gc,task        ] GC(208) Using 9 workers of 9 for full compaction
[2025-03-18T15:38:11.894+0100][101.558s][info][gc,phases,start] GC(208) Phase 1: Mark live objects
[2025-03-18T15:38:12.681+0100][102.344s][info][gc,phases      ] GC(208) Phase 1: Mark live objects 786.154ms
[2025-03-18T15:38:12.681+0100][102.344s][info][gc,phases,start] GC(208) Phase 2: Prepare compaction
[2025-03-18T15:38:12.681+0100][102.344s][info][gc,phases      ] GC(208) Phase 2: Prepare compaction 0.091ms
[2025-03-18T15:38:12.681+0100][102.344s][info][gc,phases,start] GC(208) Phase 3: Adjust pointers
[2025-03-18T15:38:12.797+0100][102.460s][info][gc,phases      ] GC(208) Phase 3: Adjust pointers 115.921ms
[2025-03-18T15:38:12.797+0100][102.460s][info][gc,phases,start] GC(208) Phase 4: Compact heap
[2025-03-18T15:38:12.797+0100][102.460s][info][gc,phases      ] GC(208) Phase 4: Compact heap 0.055ms
[2025-03-18T15:38:12.797+0100][102.460s][info][gc,phases,start] GC(208) Phase 5: Reset Metadata
[2025-03-18T15:38:12.864+0100][102.527s][info][gc,phases      ] GC(208) Phase 5: Reset Metadata 66.946ms
[2025-03-18T15:38:12.872+0100][102.536s][info][gc,heap        ] GC(208) Eden regions: 0->0(0)
[2025-03-18T15:38:12.872+0100][102.536s][info][gc,heap        ] GC(208) Survivor regions: 0->0(0)
[2025-03-18T15:38:12.872+0100][102.536s][info][gc,heap        ] GC(208) Old regions: 1021->1021
[2025-03-18T15:38:12.872+0100][102.536s][info][gc,heap        ] GC(208) Humongous regions: 3->3
[2025-03-18T15:38:12.872+0100][102.536s][info][gc,metaspace   ] GC(208) Metaspace: 27029K(27520K)->27029K(27520K) NonClass: 23483K(23808K)->23483K(23808K) Class: 3546K(3712K)->3546K(3712K)
[2025-03-18T15:38:12.872+0100][102.536s][info][gc             ] GC(208) Pause Full (G1 Compaction Pause) 4091M->4091M(4096M) 977.739ms
[2025-03-18T15:38:12.872+0100][102.536s][info][gc,cpu         ] GC(208) User=6.85s Sys=0.47s Real=0.98s
[2025-03-18T15:38:12.872+0100][102.536s][info][gc,ergo        ] Attempting maximal full compaction clearing soft references
[2025-03-18T15:38:12.872+0100][102.536s][info][gc,start       ] GC(209) Pause Full (G1 Compaction Pause)
[2025-03-18T15:38:12.872+0100][102.536s][info][gc,task        ] GC(209) Using 9 workers of 9 for full compaction
[2025-03-18T15:38:12.872+0100][102.536s][info][gc,phases,start] GC(209) Phase 1: Mark live objects
[2025-03-18T15:38:13.334+0100][102.998s][info][gc,phases      ] GC(209) Phase 1: Mark live objects 462.049ms
[2025-03-18T15:38:13.334+0100][102.998s][info][gc,phases,start] GC(209) Phase 2: Prepare compaction
[2025-03-18T15:38:13.495+0100][103.159s][info][gc,phases      ] GC(209) Phase 2: Prepare compaction 161.119ms
[2025-03-18T15:38:13.495+0100][103.159s][info][gc,phases,start] GC(209) Phase 3: Adjust pointers
[2025-03-18T15:38:13.651+0100][103.314s][info][gc,phases      ] GC(209) Phase 3: Adjust pointers 155.097ms
[2025-03-18T15:38:13.651+0100][103.314s][info][gc,phases,start] GC(209) Phase 4: Compact heap
[2025-03-18T15:38:13.748+0100][103.412s][info][gc,phases      ] GC(209) Phase 4: Compact heap 97.640ms
[2025-03-18T15:38:13.748+0100][103.412s][info][gc,phases,start] GC(209) Phase 5: Reset Metadata
[2025-03-18T15:38:13.752+0100][103.415s][info][gc,phases      ] GC(209) Phase 5: Reset Metadata 3.467ms
[2025-03-18T15:38:13.815+0100][103.479s][info][gc,heap        ] GC(209) Eden regions: 0->0(0)
[2025-03-18T15:38:13.816+0100][103.479s][info][gc,heap        ] GC(209) Survivor regions: 0->0(0)
[2025-03-18T15:38:13.816+0100][103.480s][info][gc,heap        ] GC(209) Old regions: 1021->1021
[2025-03-18T15:38:13.816+0100][103.480s][info][gc,heap        ] GC(209) Humongous regions: 3->3
[2025-03-18T15:38:13.816+0100][103.480s][info][gc,metaspace   ] GC(209) Metaspace: 27029K(27520K)->27029K(27520K) NonClass: 23483K(23808K)->23483K(23808K) Class: 3546K(3712K)->3546K(3712K)
[2025-03-18T15:38:13.816+0100][103.480s][info][gc             ] GC(209) Pause Full (G1 Compaction Pause) 4091M->4091M(4096M) 943.908ms
[2025-03-18T15:38:13.816+0100][103.480s][info][gc,cpu         ] GC(209) User=5.91s Sys=0.38s Real=0.94s
[2025-03-18T15:46:10.513+0100][580.176s][info][gc,start       ] GC(210) Pause Young (Concurrent Start) (G1 Evacuation Pause)
[2025-03-18T15:46:10.513+0100][580.176s][info][gc,task        ] GC(210) Using 9 workers of 9 for evacuation
[2025-03-18T15:46:10.516+0100][580.180s][info][gc,phases      ] GC(210)   Pre Evacuate Collection Set: 1.0ms
[2025-03-18T15:46:10.516+0100][580.180s][info][gc,phases      ] GC(210)   Merge Heap Roots: 0.1ms
[2025-03-18T15:46:10.516+0100][580.180s][info][gc,phases      ] GC(210)   Evacuate Collection Set: 1.5ms
[2025-03-18T15:46:10.516+0100][580.180s][info][gc,phases      ] GC(210)   Post Evacuate Collection Set: 0.6ms
[2025-03-18T15:46:10.516+0100][580.180s][info][gc,phases      ] GC(210)   Other: 0.2ms
[2025-03-18T15:46:10.516+0100][580.180s][info][gc,heap        ] GC(210) Eden regions: 0->0(0)
[2025-03-18T15:46:10.516+0100][580.180s][info][gc,heap        ] GC(210) Survivor regions: 0->0(0)
[2025-03-18T15:46:10.516+0100][580.180s][info][gc,heap        ] GC(210) Old regions: 1021->1021
[2025-03-18T15:46:10.516+0100][580.180s][info][gc,heap        ] GC(210) Humongous regions: 3->3
[2025-03-18T15:46:10.516+0100][580.180s][info][gc,metaspace   ] GC(210) Metaspace: 27029K(27520K)->27029K(27520K) NonClass: 23483K(23808K)->23483K(23808K) Class: 3546K(3712K)->3546K(3712K)
[2025-03-18T15:46:10.516+0100][580.180s][info][gc             ] GC(210) Pause Young (Concurrent Start) (G1 Evacuation Pause) 4091M->4091M(4096M) 3.631ms
[2025-03-18T15:46:10.516+0100][580.180s][info][gc             ] GC(211) Concurrent Mark Cycle
[2025-03-18T15:46:10.516+0100][580.180s][info][gc,cpu         ] GC(210) User=0.00s Sys=0.01s Real=0.00s
[2025-03-18T15:46:10.517+0100][580.180s][info][gc,marking     ] GC(211) Concurrent Scan Root Regions
[2025-03-18T15:46:10.517+0100][580.180s][info][gc,ergo        ] Attempting full compaction
[2025-03-18T15:46:10.517+0100][580.180s][info][gc,marking     ] GC(211) Concurrent Scan Root Regions 0.024ms
[2025-03-18T15:46:10.517+0100][580.180s][info][gc,start       ] GC(212) Pause Full (G1 Compaction Pause)
[2025-03-18T15:46:10.517+0100][580.180s][info][gc,marking     ] GC(211) Concurrent Mark
[2025-03-18T15:46:10.517+0100][580.180s][info][gc,task        ] GC(212) Using 9 workers of 9 for full compaction
[2025-03-18T15:46:10.517+0100][580.180s][info][gc,marking     ] GC(211) Concurrent Mark From Roots
[2025-03-18T15:46:10.517+0100][580.180s][info][gc,task        ] GC(211) Using 2 workers of 2 for marking
[2025-03-18T15:46:10.525+0100][580.188s][info][gc,phases,start] GC(212) Phase 1: Mark live objects
[2025-03-18T15:46:11.511+0100][581.174s][info][gc,phases      ] GC(212) Phase 1: Mark live objects 985.989ms
[2025-03-18T15:46:11.511+0100][581.174s][info][gc,phases,start] GC(212) Phase 2: Prepare compaction
[2025-03-18T15:46:11.511+0100][581.174s][info][gc,phases      ] GC(212) Phase 2: Prepare compaction 0.063ms
[2025-03-18T15:46:11.511+0100][581.174s][info][gc,phases,start] GC(212) Phase 3: Adjust pointers
[2025-03-18T15:46:11.612+0100][581.276s][info][gc,phases      ] GC(212) Phase 3: Adjust pointers 101.279ms
[2025-03-18T15:46:11.612+0100][581.276s][info][gc,phases,start] GC(212) Phase 4: Compact heap
[2025-03-18T15:46:11.612+0100][581.276s][info][gc,phases      ] GC(212) Phase 4: Compact heap 0.056ms
[2025-03-18T15:46:11.612+0100][581.276s][info][gc,phases,start] GC(212) Phase 5: Reset Metadata
[2025-03-18T15:46:11.690+0100][581.354s][info][gc,phases      ] GC(212) Phase 5: Reset Metadata 77.983ms
[2025-03-18T15:46:11.892+0100][581.555s][info][gc,heap        ] GC(212) Eden regions: 0->0(0)
[2025-03-18T15:46:11.892+0100][581.555s][info][gc,heap        ] GC(212) Survivor regions: 0->0(0)
[2025-03-18T15:46:11.892+0100][581.555s][info][gc,heap        ] GC(212) Old regions: 1021->1021
[2025-03-18T15:46:11.892+0100][581.555s][info][gc,heap        ] GC(212) Humongous regions: 3->3
[2025-03-18T15:46:11.892+0100][581.555s][info][gc,metaspace   ] GC(212) Metaspace: 27029K(27520K)->27029K(27520K) NonClass: 23483K(23808K)->23483K(23808K) Class: 3546K(3712K)->3546K(3712K)
[2025-03-18T15:46:11.892+0100][581.555s][info][gc             ] GC(212) Pause Full (G1 Compaction Pause) 4091M->4091M(4096M) 1375.050ms
[2025-03-18T15:46:11.892+0100][581.555s][info][gc,cpu         ] GC(212) User=4.75s Sys=3.68s Real=1.38s
[2025-03-18T15:46:11.892+0100][581.555s][info][gc,ergo        ] Attempting maximal full compaction clearing soft references
[2025-03-18T15:46:11.892+0100][581.555s][info][gc,start       ] GC(213) Pause Full (G1 Compaction Pause)
[2025-03-18T15:46:11.892+0100][581.555s][info][gc,task        ] GC(213) Using 9 workers of 9 for full compaction
[2025-03-18T15:46:11.892+0100][581.556s][info][gc,phases,start] GC(213) Phase 1: Mark live objects
[2025-03-18T15:46:12.375+0100][582.038s][info][gc,phases      ] GC(213) Phase 1: Mark live objects 482.308ms
[2025-03-18T15:46:12.375+0100][582.038s][info][gc,phases,start] GC(213) Phase 2: Prepare compaction
[2025-03-18T15:46:12.534+0100][582.197s][info][gc,phases      ] GC(213) Phase 2: Prepare compaction 159.216ms
[2025-03-18T15:46:12.534+0100][582.197s][info][gc,phases,start] GC(213) Phase 3: Adjust pointers
[2025-03-18T15:46:12.661+0100][582.324s][info][gc,phases      ] GC(213) Phase 3: Adjust pointers 126.860ms
[2025-03-18T15:46:12.661+0100][582.324s][info][gc,phases,start] GC(213) Phase 4: Compact heap
[2025-03-18T15:46:12.758+0100][582.422s][info][gc,phases      ] GC(213) Phase 4: Compact heap 97.350ms
[2025-03-18T15:46:12.758+0100][582.422s][info][gc,phases,start] GC(213) Phase 5: Reset Metadata
[2025-03-18T15:46:12.759+0100][582.422s][info][gc,phases      ] GC(213) Phase 5: Reset Metadata 0.296ms
[2025-03-18T15:46:12.766+0100][582.429s][info][gc,heap        ] GC(213) Eden regions: 0->0(0)
[2025-03-18T15:46:12.766+0100][582.429s][info][gc,heap        ] GC(213) Survivor regions: 0->0(0)
[2025-03-18T15:46:12.766+0100][582.429s][info][gc,heap        ] GC(213) Old regions: 1021->1021
[2025-03-18T15:46:12.766+0100][582.429s][info][gc,heap        ] GC(213) Humongous regions: 3->3
[2025-03-18T15:46:12.766+0100][582.429s][info][gc,metaspace   ] GC(213) Metaspace: 27029K(27520K)->27029K(27520K) NonClass: 23483K(23808K)->23483K(23808K) Class: 3546K(3712K)->3546K(3712K)
[2025-03-18T15:46:12.766+0100][582.429s][info][gc             ] GC(213) Pause Full (G1 Compaction Pause) 4091M->4091M(4096M) 874.470ms
[2025-03-18T15:46:12.766+0100][582.429s][info][gc,cpu         ] GC(213) User=5.90s Sys=0.35s Real=0.87s
[2025-03-18T15:46:12.766+0100][582.430s][info][gc,marking     ] GC(211) Concurrent Mark From Roots 2249.713ms
[2025-03-18T15:46:12.766+0100][582.430s][info][gc,marking     ] GC(211) Concurrent Mark Abort
[2025-03-18T15:46:12.766+0100][582.430s][info][gc             ] GC(211) Concurrent Mark Cycle 2249.901ms
[2025-03-18T15:46:12.767+0100][582.430s][info][gc,start       ] GC(214) Pause Young (Normal) (G1 Evacuation Pause)
[2025-03-18T15:46:12.767+0100][582.430s][info][gc,task        ] GC(214) Using 9 workers of 9 for evacuation
[2025-03-18T15:46:12.767+0100][582.430s][info][gc,phases      ] GC(214)   Pre Evacuate Collection Set: 0.1ms
[2025-03-18T15:46:12.767+0100][582.430s][info][gc,phases      ] GC(214)   Merge Heap Roots: 0.0ms
[2025-03-18T15:46:12.767+0100][582.430s][info][gc,phases      ] GC(214)   Evacuate Collection Set: 0.2ms
[2025-03-18T15:46:12.767+0100][582.430s][info][gc,phases      ] GC(214)   Post Evacuate Collection Set: 0.2ms
[2025-03-18T15:46:12.767+0100][582.430s][info][gc,phases      ] GC(214)   Other: 0.0ms
[2025-03-18T15:46:12.767+0100][582.430s][info][gc,heap        ] GC(214) Eden regions: 0->0(0)
[2025-03-18T15:46:12.767+0100][582.430s][info][gc,heap        ] GC(214) Survivor regions: 0->0(0)
[2025-03-18T15:46:12.767+0100][582.430s][info][gc,heap        ] GC(214) Old regions: 1021->1021
[2025-03-18T15:46:12.767+0100][582.430s][info][gc,heap        ] GC(214) Humongous regions: 3->3
[2025-03-18T15:46:12.767+0100][582.431s][info][gc,metaspace   ] GC(214) Metaspace: 27029K(27520K)->27029K(27520K) NonClass: 23483K(23808K)->23483K(23808K) Class: 3546K(3712K)->3546K(3712K)
[2025-03-18T15:46:12.767+0100][582.431s][info][gc             ] GC(214) Pause Young (Normal) (G1 Evacuation Pause) 4091M->4091M(4096M) 0.633ms
[2025-03-18T15:46:12.767+0100][582.431s][info][gc,cpu         ] GC(214) User=0.00s Sys=0.00s Real=0.00s
[2025-03-18T15:46:12.767+0100][582.431s][info][gc,ergo        ] Attempting full compaction
[2025-03-18T15:46:12.767+0100][582.431s][info][gc,start       ] GC(215) Pause Full (G1 Compaction Pause)
[2025-03-18T15:46:12.767+0100][582.431s][info][gc,task        ] GC(215) Using 9 workers of 9 for full compaction
[2025-03-18T15:46:12.767+0100][582.431s][info][gc,phases,start] GC(215) Phase 1: Mark live objects
[2025-03-18T15:46:13.506+0100][583.170s][info][gc,phases      ] GC(215) Phase 1: Mark live objects 739.042ms
[2025-03-18T15:46:13.506+0100][583.170s][info][gc,phases,start] GC(215) Phase 2: Prepare compaction
[2025-03-18T15:46:13.506+0100][583.170s][info][gc,phases      ] GC(215) Phase 2: Prepare compaction 0.061ms
[2025-03-18T15:46:13.507+0100][583.170s][info][gc,phases,start] GC(215) Phase 3: Adjust pointers
[2025-03-18T15:46:13.626+0100][583.289s][info][gc,phases      ] GC(215) Phase 3: Adjust pointers 119.222ms
[2025-03-18T15:46:13.626+0100][583.289s][info][gc,phases,start] GC(215) Phase 4: Compact heap
[2025-03-18T15:46:13.626+0100][583.289s][info][gc,phases      ] GC(215) Phase 4: Compact heap 0.052ms
[2025-03-18T15:46:13.626+0100][583.289s][info][gc,phases,start] GC(215) Phase 5: Reset Metadata
[2025-03-18T15:46:13.696+0100][583.359s][info][gc,phases      ] GC(215) Phase 5: Reset Metadata 69.908ms
[2025-03-18T15:46:13.703+0100][583.366s][info][gc,heap        ] GC(215) Eden regions: 0->0(0)
[2025-03-18T15:46:13.703+0100][583.366s][info][gc,heap        ] GC(215) Survivor regions: 0->0(0)
[2025-03-18T15:46:13.703+0100][583.366s][info][gc,heap        ] GC(215) Old regions: 1021->1021
[2025-03-18T15:46:13.703+0100][583.366s][info][gc,heap        ] GC(215) Humongous regions: 3->3
[2025-03-18T15:46:13.703+0100][583.366s][info][gc,metaspace   ] GC(215) Metaspace: 27029K(27520K)->27029K(27520K) NonClass: 23483K(23808K)->23483K(23808K) Class: 3546K(3712K)->3546K(3712K)
[2025-03-18T15:46:13.703+0100][583.366s][info][gc             ] GC(215) Pause Full (G1 Compaction Pause) 4091M->4091M(4096M) 935.809ms
[2025-03-18T15:46:13.703+0100][583.366s][info][gc,cpu         ] GC(215) User=6.88s Sys=0.39s Real=0.94s
[2025-03-18T15:46:13.703+0100][583.366s][info][gc,ergo        ] Attempting maximal full compaction clearing soft references
[2025-03-18T15:46:13.703+0100][583.366s][info][gc,start       ] GC(216) Pause Full (G1 Compaction Pause)
[2025-03-18T15:46:13.703+0100][583.366s][info][gc,task        ] GC(216) Using 9 workers of 9 for full compaction
[2025-03-18T15:46:13.703+0100][583.366s][info][gc,phases,start] GC(216) Phase 1: Mark live objects
[2025-03-18T15:46:14.447+0100][584.110s][info][gc,phases      ] GC(216) Phase 1: Mark live objects 743.426ms
[2025-03-18T15:46:14.447+0100][584.110s][info][gc,phases,start] GC(216) Phase 2: Prepare compaction
[2025-03-18T15:46:14.620+0100][584.284s][info][gc,phases      ] GC(216) Phase 2: Prepare compaction 173.720ms
[2025-03-18T15:46:14.620+0100][584.284s][info][gc,phases,start] GC(216) Phase 3: Adjust pointers
[2025-03-18T15:46:14.778+0100][584.441s][info][gc,phases      ] GC(216) Phase 3: Adjust pointers 157.453ms
[2025-03-18T15:46:14.778+0100][584.441s][info][gc,phases,start] GC(216) Phase 4: Compact heap
[2025-03-18T15:46:14.863+0100][584.526s][info][gc,phases      ] GC(216) Phase 4: Compact heap 84.576ms
[2025-03-18T15:46:14.863+0100][584.526s][info][gc,phases,start] GC(216) Phase 5: Reset Metadata
[2025-03-18T15:46:14.863+0100][584.526s][info][gc,phases      ] GC(216) Phase 5: Reset Metadata 0.311ms
[2025-03-18T15:46:14.870+0100][584.533s][info][gc,heap        ] GC(216) Eden regions: 0->0(0)
[2025-03-18T15:46:14.870+0100][584.533s][info][gc,heap        ] GC(216) Survivor regions: 0->0(0)
[2025-03-18T15:46:14.870+0100][584.533s][info][gc,heap        ] GC(216) Old regions: 1021->1021
[2025-03-18T15:46:14.870+0100][584.533s][info][gc,heap        ] GC(216) Humongous regions: 3->3
[2025-03-18T15:46:14.870+0100][584.533s][info][gc,metaspace   ] GC(216) Metaspace: 27029K(27520K)->27029K(27520K) NonClass: 23483K(23808K)->23483K(23808K) Class: 3546K(3712K)->3546K(3712K)
[2025-03-18T15:46:14.870+0100][584.533s][info][gc             ] GC(216) Pause Full (G1 Compaction Pause) 4091M->4091M(4096M) 1166.950ms
[2025-03-18T15:46:14.870+0100][584.533s][info][gc,cpu         ] GC(216) User=8.12s Sys=0.38s Real=1.17s
[2025-03-18T15:46:14.870+0100][584.534s][info][gc,start       ] GC(217) Pause Young (Concurrent Start) (G1 Evacuation Pause)
[2025-03-18T15:46:14.870+0100][584.534s][info][gc,task        ] GC(217) Using 9 workers of 9 for evacuation
[2025-03-18T15:46:14.871+0100][584.534s][info][gc,phases      ] GC(217)   Pre Evacuate Collection Set: 0.1ms
[2025-03-18T15:46:14.871+0100][584.534s][info][gc,phases      ] GC(217)   Merge Heap Roots: 0.0ms
[2025-03-18T15:46:14.871+0100][584.534s][info][gc,phases      ] GC(217)   Evacuate Collection Set: 0.3ms
[2025-03-18T15:46:14.871+0100][584.534s][info][gc,phases      ] GC(217)   Post Evacuate Collection Set: 0.2ms
[2025-03-18T15:46:14.871+0100][584.534s][info][gc,phases      ] GC(217)   Other: 0.1ms
[2025-03-18T15:46:14.871+0100][584.534s][info][gc,heap        ] GC(217) Eden regions: 0->0(0)
[2025-03-18T15:46:14.871+0100][584.534s][info][gc,heap        ] GC(217) Survivor regions: 0->0(0)
[2025-03-18T15:46:14.871+0100][584.534s][info][gc,heap        ] GC(217) Old regions: 1021->1021
[2025-03-18T15:46:14.871+0100][584.534s][info][gc,heap        ] GC(217) Humongous regions: 3->3
[2025-03-18T15:46:14.871+0100][584.534s][info][gc,metaspace   ] GC(217) Metaspace: 27029K(27520K)->27029K(27520K) NonClass: 23483K(23808K)->23483K(23808K) Class: 3546K(3712K)->3546K(3712K)
[2025-03-18T15:46:14.871+0100][584.534s][info][gc             ] GC(217) Pause Young (Concurrent Start) (G1 Evacuation Pause) 4091M->4091M(4096M) 0.857ms
[2025-03-18T15:46:14.871+0100][584.534s][info][gc,cpu         ] GC(217) User=0.00s Sys=0.00s Real=0.00s
[2025-03-18T15:46:14.871+0100][584.534s][info][gc             ] GC(218) Concurrent Mark Cycle
[2025-03-18T15:46:14.871+0100][584.534s][info][gc,ergo        ] Attempting full compaction
[2025-03-18T15:46:14.871+0100][584.534s][info][gc,marking     ] GC(218) Concurrent Scan Root Regions
[2025-03-18T15:46:14.871+0100][584.534s][info][gc,start       ] GC(219) Pause Full (G1 Compaction Pause)
[2025-03-18T15:46:14.871+0100][584.534s][info][gc,marking     ] GC(218) Concurrent Scan Root Regions 0.017ms
[2025-03-18T15:46:14.871+0100][584.534s][info][gc,task        ] GC(219) Using 9 workers of 9 for full compaction
[2025-03-18T15:46:14.871+0100][584.534s][info][gc,marking     ] GC(218) Concurrent Mark
[2025-03-18T15:46:14.871+0100][584.535s][info][gc,marking     ] GC(218) Concurrent Mark From Roots
[2025-03-18T15:46:14.871+0100][584.535s][info][gc,task        ] GC(218) Using 2 workers of 2 for marking
[2025-03-18T15:46:14.872+0100][584.535s][info][gc,phases,start] GC(219) Phase 1: Mark live objects
[2025-03-18T15:46:15.306+0100][584.970s][info][gc,phases      ] GC(219) Phase 1: Mark live objects 434.385ms
[2025-03-18T15:46:15.306+0100][584.970s][info][gc,phases,start] GC(219) Phase 2: Prepare compaction
[2025-03-18T15:46:15.306+0100][584.970s][info][gc,phases      ] GC(219) Phase 2: Prepare compaction 0.058ms
[2025-03-18T15:46:15.306+0100][584.970s][info][gc,phases,start] GC(219) Phase 3: Adjust pointers
[2025-03-18T15:46:15.410+0100][585.073s][info][gc,phases      ] GC(219) Phase 3: Adjust pointers 103.270ms
[2025-03-18T15:46:15.410+0100][585.073s][info][gc,phases,start] GC(219) Phase 4: Compact heap
[2025-03-18T15:46:15.410+0100][585.073s][info][gc,phases      ] GC(219) Phase 4: Compact heap 0.057ms
[2025-03-18T15:46:15.410+0100][585.073s][info][gc,phases,start] GC(219) Phase 5: Reset Metadata
[2025-03-18T15:46:15.472+0100][585.135s][info][gc,phases      ] GC(219) Phase 5: Reset Metadata 61.893ms
[2025-03-18T15:46:15.478+0100][585.141s][info][gc,heap        ] GC(219) Eden regions: 0->0(0)
[2025-03-18T15:46:15.478+0100][585.141s][info][gc,heap        ] GC(219) Survivor regions: 0->0(0)
[2025-03-18T15:46:15.478+0100][585.141s][info][gc,heap        ] GC(219) Old regions: 1021->1021
[2025-03-18T15:46:15.478+0100][585.141s][info][gc,heap        ] GC(219) Humongous regions: 3->3
[2025-03-18T15:46:15.478+0100][585.141s][info][gc,metaspace   ] GC(219) Metaspace: 27029K(27520K)->27029K(27520K) NonClass: 23483K(23808K)->23483K(23808K) Class: 3546K(3712K)->3546K(3712K)
[2025-03-18T15:46:15.478+0100][585.141s][info][gc             ] GC(219) Pause Full (G1 Compaction Pause) 4091M->4091M(4096M) 606.858ms
[2025-03-18T15:46:15.478+0100][585.141s][info][gc,cpu         ] GC(219) User=4.41s Sys=0.34s Real=0.60s
[2025-03-18T15:46:15.478+0100][585.141s][info][gc,ergo        ] Attempting maximal full compaction clearing soft references
[2025-03-18T15:46:15.478+0100][585.141s][info][gc,start       ] GC(220) Pause Full (G1 Compaction Pause)
[2025-03-18T15:46:15.478+0100][585.141s][info][gc,task        ] GC(220) Using 9 workers of 9 for full compaction
[2025-03-18T15:46:15.479+0100][585.142s][info][gc,phases,start] GC(220) Phase 1: Mark live objects
[2025-03-18T15:46:15.966+0100][585.629s][info][gc,phases      ] GC(220) Phase 1: Mark live objects 486.814ms
[2025-03-18T15:46:15.966+0100][585.629s][info][gc,phases,start] GC(220) Phase 2: Prepare compaction
[2025-03-18T15:46:16.239+0100][585.903s][info][gc,phases      ] GC(220) Phase 2: Prepare compaction 273.807ms
[2025-03-18T15:46:16.239+0100][585.903s][info][gc,phases,start] GC(220) Phase 3: Adjust pointers
[2025-03-18T15:46:16.497+0100][586.160s][info][gc,phases      ] GC(220) Phase 3: Adjust pointers 257.049ms
[2025-03-18T15:46:16.497+0100][586.160s][info][gc,phases,start] GC(220) Phase 4: Compact heap
[2025-03-18T15:46:16.677+0100][586.340s][info][gc,phases      ] GC(220) Phase 4: Compact heap 180.130ms
[2025-03-18T15:46:16.677+0100][586.340s][info][gc,phases,start] GC(220) Phase 5: Reset Metadata
[2025-03-18T15:46:16.677+0100][586.341s][info][gc,phases      ] GC(220) Phase 5: Reset Metadata 0.534ms
[2025-03-18T15:46:16.688+0100][586.351s][info][gc,heap        ] GC(220) Eden regions: 0->0(0)
[2025-03-18T15:46:16.688+0100][586.351s][info][gc,heap        ] GC(220) Survivor regions: 0->0(0)
[2025-03-18T15:46:16.688+0100][586.352s][info][gc,heap        ] GC(220) Old regions: 1021->1021
[2025-03-18T15:46:16.688+0100][586.352s][info][gc,heap        ] GC(220) Humongous regions: 3->3
[2025-03-18T15:46:16.688+0100][586.352s][info][gc,metaspace   ] GC(220) Metaspace: 27029K(27520K)->27029K(27520K) NonClass: 23483K(23808K)->23483K(23808K) Class: 3546K(3712K)->3546K(3712K)
[2025-03-18T15:46:16.688+0100][586.352s][info][gc             ] GC(220) Pause Full (G1 Compaction Pause) 4091M->4091M(4096M) 1210.175ms
[2025-03-18T15:46:16.688+0100][586.352s][info][gc,cpu         ] GC(220) User=5.94s Sys=0.36s Real=1.21s
[2025-03-18T15:46:16.689+0100][586.352s][info][gc,marking     ] GC(218) Concurrent Mark From Roots 1817.772ms
[2025-03-18T15:46:16.689+0100][586.352s][info][gc,start       ] GC(221) Pause Young (Normal) (G1 Evacuation Pause)
[2025-03-18T15:46:16.689+0100][586.353s][info][gc,task        ] GC(221) Using 9 workers of 9 for evacuation
[2025-03-18T15:46:16.691+0100][586.354s][info][gc,phases      ] GC(221)   Pre Evacuate Collection Set: 0.4ms
[2025-03-18T15:46:16.691+0100][586.354s][info][gc,phases      ] GC(221)   Merge Heap Roots: 0.1ms
[2025-03-18T15:46:16.691+0100][586.354s][info][gc,phases      ] GC(221)   Evacuate Collection Set: 0.5ms
[2025-03-18T15:46:16.691+0100][586.354s][info][gc,phases      ] GC(221)   Post Evacuate Collection Set: 0.8ms
[2025-03-18T15:46:16.691+0100][586.354s][info][gc,phases      ] GC(221)   Other: 0.0ms
[2025-03-18T15:46:16.691+0100][586.354s][info][gc,heap        ] GC(221) Eden regions: 0->0(0)
[2025-03-18T15:46:16.691+0100][586.354s][info][gc,heap        ] GC(221) Survivor regions: 0->0(0)
[2025-03-18T15:46:16.691+0100][586.354s][info][gc,heap        ] GC(221) Old regions: 1021->1021
[2025-03-18T15:46:16.691+0100][586.354s][info][gc,heap        ] GC(221) Humongous regions: 3->3
[2025-03-18T15:46:16.691+0100][586.354s][info][gc,metaspace   ] GC(221) Metaspace: 27029K(27520K)->27029K(27520K) NonClass: 23483K(23808K)->23483K(23808K) Class: 3546K(3712K)->3546K(3712K)
[2025-03-18T15:46:16.691+0100][586.354s][info][gc             ] GC(221) Pause Young (Normal) (G1 Evacuation Pause) 4091M->4091M(4096M) 2.003ms
[2025-03-18T15:46:16.691+0100][586.354s][info][gc,cpu         ] GC(221) User=0.00s Sys=0.00s Real=0.01s
[2025-03-18T15:46:16.691+0100][586.355s][info][gc,ergo        ] Attempting full compaction
[2025-03-18T15:46:16.691+0100][586.355s][info][gc,start       ] GC(222) Pause Full (G1 Compaction Pause)
[2025-03-18T15:46:16.691+0100][586.355s][info][gc,task        ] GC(222) Using 9 workers of 9 for full compaction
[2025-03-18T15:46:16.692+0100][586.356s][info][gc,phases,start] GC(222) Phase 1: Mark live objects
[2025-03-18T15:46:17.758+0100][587.422s][info][gc,phases      ] GC(222) Phase 1: Mark live objects 1065.952ms
[2025-03-18T15:46:17.758+0100][587.422s][info][gc,phases,start] GC(222) Phase 2: Prepare compaction
[2025-03-18T15:46:17.760+0100][587.424s][info][gc,phases      ] GC(222) Phase 2: Prepare compaction 2.117ms
[2025-03-18T15:46:17.761+0100][587.424s][info][gc,phases,start] GC(222) Phase 3: Adjust pointers
[2025-03-18T15:46:17.910+0100][587.573s][info][gc,phases      ] GC(222) Phase 3: Adjust pointers 149.651ms
[2025-03-18T15:46:17.910+0100][587.574s][info][gc,phases,start] GC(222) Phase 4: Compact heap
[2025-03-18T15:46:17.910+0100][587.574s][info][gc,phases      ] GC(222) Phase 4: Compact heap 0.169ms
[2025-03-18T15:46:17.910+0100][587.574s][info][gc,phases,start] GC(222) Phase 5: Reset Metadata
[2025-03-18T15:46:17.985+0100][587.649s][info][gc,phases      ] GC(222) Phase 5: Reset Metadata 74.797ms
[2025-03-18T15:46:17.995+0100][587.659s][info][gc,heap        ] GC(222) Eden regions: 0->0(0)
[2025-03-18T15:46:17.996+0100][587.659s][info][gc,heap        ] GC(222) Survivor regions: 0->0(0)
[2025-03-18T15:46:17.996+0100][587.659s][info][gc,heap        ] GC(222) Old regions: 1021->1021
[2025-03-18T15:46:17.996+0100][587.659s][info][gc,heap        ] GC(222) Humongous regions: 3->3
[2025-03-18T15:46:17.996+0100][587.659s][info][gc,metaspace   ] GC(222) Metaspace: 27029K(27520K)->27029K(27520K) NonClass: 23483K(23808K)->23483K(23808K) Class: 3546K(3712K)->3546K(3712K)
[2025-03-18T15:46:17.996+0100][587.659s][info][gc             ] GC(222) Pause Full (G1 Compaction Pause) 4091M->4091M(4096M) 1304.338ms
[2025-03-18T15:46:17.996+0100][587.659s][info][gc,cpu         ] GC(222) User=4.86s Sys=0.16s Real=1.30s
[2025-03-18T15:46:17.996+0100][587.659s][info][gc,ergo        ] Attempting maximal full compaction clearing soft references
[2025-03-18T15:46:17.996+0100][587.659s][info][gc,start       ] GC(223) Pause Full (G1 Compaction Pause)
[2025-03-18T15:46:17.996+0100][587.659s][info][gc,task        ] GC(223) Using 9 workers of 9 for full compaction
[2025-03-18T15:46:17.996+0100][587.660s][info][gc,phases,start] GC(223) Phase 1: Mark live objects
[2025-03-18T15:46:18.985+0100][588.648s][info][gc,phases      ] GC(223) Phase 1: Mark live objects 988.861ms
[2025-03-18T15:46:18.985+0100][588.649s][info][gc,phases,start] GC(223) Phase 2: Prepare compaction
[2025-03-18T15:46:19.139+0100][588.802s][info][gc,phases      ] GC(223) Phase 2: Prepare compaction 153.354ms
[2025-03-18T15:46:19.139+0100][588.802s][info][gc,phases,start] GC(223) Phase 3: Adjust pointers
[2025-03-18T15:46:19.333+0100][588.996s][info][gc,phases      ] GC(223) Phase 3: Adjust pointers 194.089ms
[2025-03-18T15:46:19.333+0100][588.996s][info][gc,phases,start] GC(223) Phase 4: Compact heap
[2025-03-18T15:46:19.447+0100][589.110s][info][gc,phases      ] GC(223) Phase 4: Compact heap 114.003ms
[2025-03-18T15:46:19.447+0100][589.110s][info][gc,phases,start] GC(223) Phase 5: Reset Metadata
[2025-03-18T15:46:19.447+0100][589.111s][info][gc,phases      ] GC(223) Phase 5: Reset Metadata 0.311ms
[2025-03-18T15:46:19.458+0100][589.122s][info][gc,heap        ] GC(223) Eden regions: 0->0(0)
[2025-03-18T15:46:19.458+0100][589.122s][info][gc,heap        ] GC(223) Survivor regions: 0->0(0)
[2025-03-18T15:46:19.458+0100][589.122s][info][gc,heap        ] GC(223) Old regions: 1021->1021
[2025-03-18T15:46:19.458+0100][589.122s][info][gc,heap        ] GC(223) Humongous regions: 3->3
[2025-03-18T15:46:19.458+0100][589.122s][info][gc,metaspace   ] GC(223) Metaspace: 27029K(27520K)->27029K(27520K) NonClass: 23483K(23808K)->23483K(23808K) Class: 3546K(3712K)->3546K(3712K)
[2025-03-18T15:46:19.458+0100][589.122s][info][gc             ] GC(223) Pause Full (G1 Compaction Pause) 4091M->4091M(4096M) 1462.857ms
[2025-03-18T15:46:19.459+0100][589.122s][info][gc,cpu         ] GC(223) User=7.17s Sys=0.21s Real=1.46s
[2025-03-18T15:46:19.459+0100][589.122s][info][gc,marking     ] GC(218) Concurrent Mark Abort
[2025-03-18T15:46:19.459+0100][589.122s][info][gc             ] GC(218) Concurrent Mark Cycle 4587.479ms
[2025-03-18T15:46:19.459+0100][589.122s][info][gc,start       ] GC(224) Pause Young (Normal) (G1 Evacuation Pause)
[2025-03-18T15:46:19.459+0100][589.122s][info][gc,task        ] GC(224) Using 9 workers of 9 for evacuation
[2025-03-18T15:46:19.459+0100][589.123s][info][gc,phases      ] GC(224)   Pre Evacuate Collection Set: 0.1ms
[2025-03-18T15:46:19.459+0100][589.123s][info][gc,phases      ] GC(224)   Merge Heap Roots: 0.0ms
[2025-03-18T15:46:19.459+0100][589.123s][info][gc,phases      ] GC(224)   Evacuate Collection Set: 0.1ms
[2025-03-18T15:46:19.459+0100][589.123s][info][gc,phases      ] GC(224)   Post Evacuate Collection Set: 0.3ms
[2025-03-18T15:46:19.459+0100][589.123s][info][gc,phases      ] GC(224)   Other: 0.0ms
[2025-03-18T15:46:19.459+0100][589.123s][info][gc,heap        ] GC(224) Eden regions: 0->0(0)
[2025-03-18T15:46:19.459+0100][589.123s][info][gc,heap        ] GC(224) Survivor regions: 0->0(0)
[2025-03-18T15:46:19.459+0100][589.123s][info][gc,heap        ] GC(224) Old regions: 1021->1021
[2025-03-18T15:46:19.459+0100][589.123s][info][gc,heap        ] GC(224) Humongous regions: 3->3
[2025-03-18T15:46:19.459+0100][589.123s][info][gc,metaspace   ] GC(224) Metaspace: 27029K(27520K)->27029K(27520K) NonClass: 23483K(23808K)->23483K(23808K) Class: 3546K(3712K)->3546K(3712K)
[2025-03-18T15:46:19.459+0100][589.123s][info][gc             ] GC(224) Pause Young (Normal) (G1 Evacuation Pause) 4091M->4091M(4096M) 0.786ms
[2025-03-18T15:46:19.459+0100][589.123s][info][gc,cpu         ] GC(224) User=0.00s Sys=0.00s Real=0.00s
[2025-03-18T15:46:19.459+0100][589.123s][info][gc,ergo        ] Attempting full compaction
[2025-03-18T15:46:19.459+0100][589.123s][info][gc,start       ] GC(225) Pause Full (G1 Compaction Pause)
[2025-03-18T15:46:19.459+0100][589.123s][info][gc,task        ] GC(225) Using 9 workers of 9 for full compaction
[2025-03-18T15:46:19.460+0100][589.123s][info][gc,phases,start] GC(225) Phase 1: Mark live objects
[2025-03-18T15:46:20.338+0100][590.001s][info][gc,phases      ] GC(225) Phase 1: Mark live objects 878.217ms
[2025-03-18T15:46:20.338+0100][590.001s][info][gc,phases,start] GC(225) Phase 2: Prepare compaction
[2025-03-18T15:46:20.338+0100][590.001s][info][gc,phases      ] GC(225) Phase 2: Prepare compaction 0.063ms
[2025-03-18T15:46:20.338+0100][590.001s][info][gc,phases,start] GC(225) Phase 3: Adjust pointers
[2025-03-18T15:46:20.449+0100][590.113s][info][gc,phases      ] GC(225) Phase 3: Adjust pointers 111.540ms
[2025-03-18T15:46:20.449+0100][590.113s][info][gc,phases,start] GC(225) Phase 4: Compact heap
[2025-03-18T15:46:20.450+0100][590.113s][info][gc,phases      ] GC(225) Phase 4: Compact heap 0.062ms
[2025-03-18T15:46:20.450+0100][590.113s][info][gc,phases,start] GC(225) Phase 5: Reset Metadata
[2025-03-18T15:46:20.513+0100][590.177s][info][gc,phases      ] GC(225) Phase 5: Reset Metadata 63.684ms
[2025-03-18T15:46:20.519+0100][590.183s][info][gc,heap        ] GC(225) Eden regions: 0->0(0)
[2025-03-18T15:46:20.519+0100][590.183s][info][gc,heap        ] GC(225) Survivor regions: 0->0(0)
[2025-03-18T15:46:20.519+0100][590.183s][info][gc,heap        ] GC(225) Old regions: 1021->1021
[2025-03-18T15:46:20.519+0100][590.183s][info][gc,heap        ] GC(225) Humongous regions: 3->3
[2025-03-18T15:46:20.519+0100][590.183s][info][gc,metaspace   ] GC(225) Metaspace: 27029K(27520K)->27029K(27520K) NonClass: 23483K(23808K)->23483K(23808K) Class: 3546K(3712K)->3546K(3712K)
[2025-03-18T15:46:20.519+0100][590.183s][info][gc             ] GC(225) Pause Full (G1 Compaction Pause) 4091M->4091M(4096M) 1059.890ms
[2025-03-18T15:46:20.519+0100][590.183s][info][gc,cpu         ] GC(225) User=6.68s Sys=0.38s Real=1.06s
[2025-03-18T15:46:20.519+0100][590.183s][info][gc,ergo        ] Attempting maximal full compaction clearing soft references
[2025-03-18T15:46:20.519+0100][590.183s][info][gc,start       ] GC(226) Pause Full (G1 Compaction Pause)
[2025-03-18T15:46:20.519+0100][590.183s][info][gc,task        ] GC(226) Using 9 workers of 9 for full compaction
[2025-03-18T15:46:20.519+0100][590.183s][info][gc,phases,start] GC(226) Phase 1: Mark live objects
[2025-03-18T15:46:21.165+0100][590.828s][info][gc,phases      ] GC(226) Phase 1: Mark live objects 645.207ms
[2025-03-18T15:46:21.165+0100][590.828s][info][gc,phases,start] GC(226) Phase 2: Prepare compaction
[2025-03-18T15:46:21.322+0100][590.985s][info][gc,phases      ] GC(226) Phase 2: Prepare compaction 156.928ms
[2025-03-18T15:46:21.322+0100][590.985s][info][gc,phases,start] GC(226) Phase 3: Adjust pointers
[2025-03-18T15:46:21.449+0100][591.113s][info][gc,phases      ] GC(226) Phase 3: Adjust pointers 127.502ms
[2025-03-18T15:46:21.449+0100][591.113s][info][gc,phases,start] GC(226) Phase 4: Compact heap
[2025-03-18T15:46:21.531+0100][591.194s][info][gc,phases      ] GC(226) Phase 4: Compact heap 81.692ms
[2025-03-18T15:46:21.531+0100][591.194s][info][gc,phases,start] GC(226) Phase 5: Reset Metadata
[2025-03-18T15:46:21.531+0100][591.195s][info][gc,phases      ] GC(226) Phase 5: Reset Metadata 0.261ms
[2025-03-18T15:46:21.538+0100][591.201s][info][gc,heap        ] GC(226) Eden regions: 0->0(0)
[2025-03-18T15:46:21.538+0100][591.201s][info][gc,heap        ] GC(226) Survivor regions: 0->0(0)
[2025-03-18T15:46:21.538+0100][591.201s][info][gc,heap        ] GC(226) Old regions: 1021->1021
[2025-03-18T15:46:21.538+0100][591.201s][info][gc,heap        ] GC(226) Humongous regions: 3->3
[2025-03-18T15:46:21.538+0100][591.201s][info][gc,metaspace   ] GC(226) Metaspace: 27029K(27520K)->27029K(27520K) NonClass: 23483K(23808K)->23483K(23808K) Class: 3546K(3712K)->3546K(3712K)
[2025-03-18T15:46:21.538+0100][591.201s][info][gc             ] GC(226) Pause Full (G1 Compaction Pause) 4091M->4091M(4096M) 1018.760ms
[2025-03-18T15:46:21.538+0100][591.201s][info][gc,cpu         ] GC(226) User=7.45s Sys=0.35s Real=1.02s
[2025-03-18T15:46:21.538+0100][591.202s][info][gc,start       ] GC(227) Pause Young (Concurrent Start) (G1 Evacuation Pause)
[2025-03-18T15:46:21.538+0100][591.202s][info][gc,task        ] GC(227) Using 9 workers of 9 for evacuation
[2025-03-18T15:46:21.539+0100][591.202s][info][gc,phases      ] GC(227)   Pre Evacuate Collection Set: 0.2ms
[2025-03-18T15:46:21.539+0100][591.202s][info][gc,phases      ] GC(227)   Merge Heap Roots: 0.0ms
[2025-03-18T15:46:21.539+0100][591.202s][info][gc,phases      ] GC(227)   Evacuate Collection Set: 0.3ms
[2025-03-18T15:46:21.539+0100][591.202s][info][gc,phases      ] GC(227)   Post Evacuate Collection Set: 0.2ms
[2025-03-18T15:46:21.539+0100][591.202s][info][gc,phases      ] GC(227)   Other: 0.0ms
[2025-03-18T15:46:21.539+0100][591.202s][info][gc,heap        ] GC(227) Eden regions: 0->0(0)
[2025-03-18T15:46:21.539+0100][591.202s][info][gc,heap        ] GC(227) Survivor regions: 0->0(0)
[2025-03-18T15:46:21.539+0100][591.202s][info][gc,heap        ] GC(227) Old regions: 1021->1021
[2025-03-18T15:46:21.539+0100][591.202s][info][gc,heap        ] GC(227) Humongous regions: 3->3
[2025-03-18T15:46:21.539+0100][591.202s][info][gc,metaspace   ] GC(227) Metaspace: 27029K(27520K)->27029K(27520K) NonClass: 23483K(23808K)->23483K(23808K) Class: 3546K(3712K)->3546K(3712K)
[2025-03-18T15:46:21.539+0100][591.202s][info][gc             ] GC(227) Pause Young (Concurrent Start) (G1 Evacuation Pause) 4091M->4091M(4096M) 0.830ms
[2025-03-18T15:46:21.539+0100][591.202s][info][gc,cpu         ] GC(227) User=0.00s Sys=0.00s Real=0.00s
[2025-03-18T15:46:21.539+0100][591.202s][info][gc,ergo        ] Attempting full compaction
[2025-03-18T15:46:21.539+0100][591.202s][info][gc             ] GC(228) Concurrent Mark Cycle
[2025-03-18T15:46:21.539+0100][591.202s][info][gc,start       ] GC(229) Pause Full (G1 Compaction Pause)
[2025-03-18T15:46:21.539+0100][591.202s][info][gc,marking     ] GC(228) Concurrent Scan Root Regions
[2025-03-18T15:46:21.539+0100][591.202s][info][gc,task        ] GC(229) Using 9 workers of 9 for full compaction
[2025-03-18T15:46:21.539+0100][591.202s][info][gc,marking     ] GC(228) Concurrent Scan Root Regions 0.027ms
[2025-03-18T15:46:21.539+0100][591.203s][info][gc,marking     ] GC(228) Concurrent Mark
[2025-03-18T15:46:21.539+0100][591.203s][info][gc,marking     ] GC(228) Concurrent Mark From Roots
[2025-03-18T15:46:21.539+0100][591.203s][info][gc,task        ] GC(228) Using 2 workers of 2 for marking
[2025-03-18T15:46:21.540+0100][591.203s][info][gc,phases,start] GC(229) Phase 1: Mark live objects
[2025-03-18T15:46:22.026+0100][591.689s][info][gc,phases      ] GC(229) Phase 1: Mark live objects 486.007ms
[2025-03-18T15:46:22.026+0100][591.689s][info][gc,phases,start] GC(229) Phase 2: Prepare compaction
[2025-03-18T15:46:22.026+0100][591.689s][info][gc,phases      ] GC(229) Phase 2: Prepare compaction 0.063ms
[2025-03-18T15:46:22.026+0100][591.689s][info][gc,phases,start] GC(229) Phase 3: Adjust pointers
[2025-03-18T15:46:22.135+0100][591.798s][info][gc,phases      ] GC(229) Phase 3: Adjust pointers 108.920ms
[2025-03-18T15:46:22.135+0100][591.798s][info][gc,phases,start] GC(229) Phase 4: Compact heap
[2025-03-18T15:46:22.135+0100][591.798s][info][gc,phases      ] GC(229) Phase 4: Compact heap 0.057ms
[2025-03-18T15:46:22.135+0100][591.798s][info][gc,phases,start] GC(229) Phase 5: Reset Metadata
[2025-03-18T15:46:22.201+0100][591.865s][info][gc,phases      ] GC(229) Phase 5: Reset Metadata 66.333ms
[2025-03-18T15:46:22.208+0100][591.872s][info][gc,heap        ] GC(229) Eden regions: 0->0(0)
[2025-03-18T15:46:22.208+0100][591.872s][info][gc,heap        ] GC(229) Survivor regions: 0->0(0)
[2025-03-18T15:46:22.208+0100][591.872s][info][gc,heap        ] GC(229) Old regions: 1021->1021
[2025-03-18T15:46:22.208+0100][591.872s][info][gc,heap        ] GC(229) Humongous regions: 3->3
[2025-03-18T15:46:22.208+0100][591.872s][info][gc,metaspace   ] GC(229) Metaspace: 27029K(27520K)->27029K(27520K) NonClass: 23483K(23808K)->23483K(23808K) Class: 3546K(3712K)->3546K(3712K)
[2025-03-18T15:46:22.208+0100][591.872s][info][gc             ] GC(229) Pause Full (G1 Compaction Pause) 4091M->4091M(4096M) 669.279ms
[2025-03-18T15:46:22.208+0100][591.872s][info][gc,cpu         ] GC(229) User=4.65s Sys=0.35s Real=0.67s
[2025-03-18T15:46:22.208+0100][591.872s][info][gc,ergo        ] Attempting maximal full compaction clearing soft references
[2025-03-18T15:46:22.208+0100][591.872s][info][gc,start       ] GC(230) Pause Full (G1 Compaction Pause)
[2025-03-18T15:46:22.209+0100][591.872s][info][gc,task        ] GC(230) Using 9 workers of 9 for full compaction
[2025-03-18T15:46:22.209+0100][591.872s][info][gc,phases,start] GC(230) Phase 1: Mark live objects
[2025-03-18T15:46:22.851+0100][592.514s][info][gc,phases      ] GC(230) Phase 1: Mark live objects 641.877ms
[2025-03-18T15:46:22.851+0100][592.514s][info][gc,phases,start] GC(230) Phase 2: Prepare compaction
[2025-03-18T15:46:23.008+0100][592.672s][info][gc,phases      ] GC(230) Phase 2: Prepare compaction 157.406ms
[2025-03-18T15:46:23.009+0100][592.672s][info][gc,phases,start] GC(230) Phase 3: Adjust pointers
[2025-03-18T15:46:23.140+0100][592.803s][info][gc,phases      ] GC(230) Phase 3: Adjust pointers 131.621ms
[2025-03-18T15:46:23.141+0100][592.805s][info][gc,phases,start] GC(230) Phase 4: Compact heap
[2025-03-18T15:46:23.222+0100][592.886s][info][gc,phases      ] GC(230) Phase 4: Compact heap 81.017ms
[2025-03-18T15:46:23.222+0100][592.886s][info][gc,phases,start] GC(230) Phase 5: Reset Metadata
[2025-03-18T15:46:23.223+0100][592.886s][info][gc,phases      ] GC(230) Phase 5: Reset Metadata 0.272ms
[2025-03-18T15:46:23.230+0100][592.893s][info][gc,heap        ] GC(230) Eden regions: 0->0(0)
[2025-03-18T15:46:23.230+0100][592.893s][info][gc,heap        ] GC(230) Survivor regions: 0->0(0)
[2025-03-18T15:46:23.230+0100][592.893s][info][gc,heap        ] GC(230) Old regions: 1021->1021
[2025-03-18T15:46:23.230+0100][592.893s][info][gc,heap        ] GC(230) Humongous regions: 3->3
[2025-03-18T15:46:23.230+0100][592.893s][info][gc,metaspace   ] GC(230) Metaspace: 27029K(27520K)->27029K(27520K) NonClass: 23483K(23808K)->23483K(23808K) Class: 3546K(3712K)->3546K(3712K)
[2025-03-18T15:46:23.230+0100][592.893s][info][gc             ] GC(230) Pause Full (G1 Compaction Pause) 4091M->4091M(4096M) 1021.589ms
[2025-03-18T15:46:23.230+0100][592.893s][info][gc,cpu         ] GC(230) User=7.52s Sys=0.37s Real=1.03s
[2025-03-18T15:46:23.230+0100][592.893s][info][gc,marking     ] GC(228) Concurrent Mark From Roots 1690.952ms
[2025-03-18T15:46:23.230+0100][592.894s][info][gc,start       ] GC(231) Pause Young (Normal) (G1 Evacuation Pause)
[2025-03-18T15:46:23.230+0100][592.894s][info][gc,task        ] GC(231) Using 9 workers of 9 for evacuation
[2025-03-18T15:46:23.231+0100][592.894s][info][gc,phases      ] GC(231)   Pre Evacuate Collection Set: 0.1ms
[2025-03-18T15:46:23.231+0100][592.894s][info][gc,phases      ] GC(231)   Merge Heap Roots: 0.0ms
[2025-03-18T15:46:23.231+0100][592.894s][info][gc,phases      ] GC(231)   Evacuate Collection Set: 0.2ms
[2025-03-18T15:46:23.231+0100][592.894s][info][gc,phases      ] GC(231)   Post Evacuate Collection Set: 0.2ms
[2025-03-18T15:46:23.231+0100][592.894s][info][gc,phases      ] GC(231)   Other: 0.0ms
[2025-03-18T15:46:23.231+0100][592.894s][info][gc,heap        ] GC(231) Eden regions: 0->0(0)
[2025-03-18T15:46:23.231+0100][592.894s][info][gc,heap        ] GC(231) Survivor regions: 0->0(0)
[2025-03-18T15:46:23.231+0100][592.894s][info][gc,heap        ] GC(231) Old regions: 1021->1021
[2025-03-18T15:46:23.231+0100][592.894s][info][gc,heap        ] GC(231) Humongous regions: 3->3
[2025-03-18T15:46:23.231+0100][592.894s][info][gc,metaspace   ] GC(231) Metaspace: 27029K(27520K)->27029K(27520K) NonClass: 23483K(23808K)->23483K(23808K) Class: 3546K(3712K)->3546K(3712K)
[2025-03-18T15:46:23.231+0100][592.894s][info][gc             ] GC(231) Pause Young (Normal) (G1 Evacuation Pause) 4091M->4091M(4096M) 0.696ms
[2025-03-18T15:46:23.231+0100][592.894s][info][gc,cpu         ] GC(231) User=0.00s Sys=0.00s Real=0.00s
[2025-03-18T15:46:23.231+0100][592.894s][info][gc,ergo        ] Attempting full compaction
[2025-03-18T15:46:23.231+0100][592.894s][info][gc,start       ] GC(232) Pause Full (G1 Compaction Pause)
[2025-03-18T15:46:23.231+0100][592.894s][info][gc,task        ] GC(232) Using 9 workers of 9 for full compaction
[2025-03-18T15:46:23.232+0100][592.895s][info][gc,phases,start] GC(232) Phase 1: Mark live objects
[2025-03-18T15:46:23.995+0100][593.658s][info][gc,phases      ] GC(232) Phase 1: Mark live objects 763.312ms
[2025-03-18T15:46:23.995+0100][593.658s][info][gc,phases,start] GC(232) Phase 2: Prepare compaction
[2025-03-18T15:46:23.995+0100][593.658s][info][gc,phases      ] GC(232) Phase 2: Prepare compaction 0.069ms
[2025-03-18T15:46:23.995+0100][593.658s][info][gc,phases,start] GC(232) Phase 3: Adjust pointers
[2025-03-18T15:46:24.107+0100][593.771s][info][gc,phases      ] GC(232) Phase 3: Adjust pointers 112.286ms
[2025-03-18T15:46:24.107+0100][593.771s][info][gc,phases,start] GC(232) Phase 4: Compact heap
[2025-03-18T15:46:24.107+0100][593.771s][info][gc,phases      ] GC(232) Phase 4: Compact heap 0.056ms
[2025-03-18T15:46:24.108+0100][593.771s][info][gc,phases,start] GC(232) Phase 5: Reset Metadata
[2025-03-18T15:46:24.167+0100][593.830s][info][gc,phases      ] GC(232) Phase 5: Reset Metadata 59.102ms
[2025-03-18T15:46:24.177+0100][593.840s][info][gc,heap        ] GC(232) Eden regions: 0->0(0)
[2025-03-18T15:46:24.177+0100][593.840s][info][gc,heap        ] GC(232) Survivor regions: 0->0(0)
[2025-03-18T15:46:24.177+0100][593.840s][info][gc,heap        ] GC(232) Old regions: 1021->1021
[2025-03-18T15:46:24.177+0100][593.840s][info][gc,heap        ] GC(232) Humongous regions: 3->3
[2025-03-18T15:46:24.177+0100][593.840s][info][gc,metaspace   ] GC(232) Metaspace: 27029K(27520K)->27029K(27520K) NonClass: 23483K(23808K)->23483K(23808K) Class: 3546K(3712K)->3546K(3712K)
[2025-03-18T15:46:24.177+0100][593.840s][info][gc             ] GC(232) Pause Full (G1 Compaction Pause) 4091M->4091M(4096M) 946.010ms
[2025-03-18T15:46:24.177+0100][593.840s][info][gc,cpu         ] GC(232) User=6.96s Sys=0.52s Real=0.94s
[2025-03-18T15:46:24.177+0100][593.840s][info][gc,ergo        ] Attempting maximal full compaction clearing soft references
[2025-03-18T15:46:24.177+0100][593.840s][info][gc,start       ] GC(233) Pause Full (G1 Compaction Pause)
[2025-03-18T15:46:24.177+0100][593.840s][info][gc,task        ] GC(233) Using 9 workers of 9 for full compaction
[2025-03-18T15:46:24.178+0100][593.841s][info][gc,phases,start] GC(233) Phase 1: Mark live objects
[2025-03-18T15:46:24.975+0100][594.638s][info][gc,phases      ] GC(233) Phase 1: Mark live objects 797.454ms
[2025-03-18T15:46:24.975+0100][594.638s][info][gc,phases,start] GC(233) Phase 2: Prepare compaction
[2025-03-18T15:46:25.108+0100][594.771s][info][gc,phases      ] GC(233) Phase 2: Prepare compaction 132.364ms
[2025-03-18T15:46:25.108+0100][594.771s][info][gc,phases,start] GC(233) Phase 3: Adjust pointers
[2025-03-18T15:46:25.230+0100][594.893s][info][gc,phases      ] GC(233) Phase 3: Adjust pointers 122.391ms
[2025-03-18T15:46:25.230+0100][594.893s][info][gc,phases,start] GC(233) Phase 4: Compact heap
[2025-03-18T15:46:25.310+0100][594.973s][info][gc,phases      ] GC(233) Phase 4: Compact heap 79.925ms
[2025-03-18T15:46:25.310+0100][594.973s][info][gc,phases,start] GC(233) Phase 5: Reset Metadata
[2025-03-18T15:46:25.310+0100][594.974s][info][gc,phases      ] GC(233) Phase 5: Reset Metadata 0.307ms
[2025-03-18T15:46:25.323+0100][594.986s][info][gc,heap        ] GC(233) Eden regions: 0->0(0)
[2025-03-18T15:46:25.323+0100][594.986s][info][gc,heap        ] GC(233) Survivor regions: 0->0(0)
[2025-03-18T15:46:25.323+0100][594.986s][info][gc,heap        ] GC(233) Old regions: 1021->1021
[2025-03-18T15:46:25.323+0100][594.986s][info][gc,heap        ] GC(233) Humongous regions: 3->3
[2025-03-18T15:46:25.323+0100][594.986s][info][gc,metaspace   ] GC(233) Metaspace: 27029K(27520K)->27029K(27520K) NonClass: 23483K(23808K)->23483K(23808K) Class: 3546K(3712K)->3546K(3712K)
[2025-03-18T15:46:25.323+0100][594.986s][info][gc             ] GC(233) Pause Full (G1 Compaction Pause) 4091M->4091M(4096M) 1146.094ms
[2025-03-18T15:46:25.323+0100][594.986s][info][gc,cpu         ] GC(233) User=8.12s Sys=0.53s Real=1.15s
[2025-03-18T15:46:25.323+0100][594.987s][info][gc,marking     ] GC(228) Concurrent Mark Abort
[2025-03-18T15:46:25.323+0100][594.987s][info][gc             ] GC(228) Concurrent Mark Cycle 3784.105ms
[2025-03-18T15:46:25.323+0100][594.987s][info][gc,start       ] GC(234) Pause Young (Normal) (G1 Evacuation Pause)
[2025-03-18T15:46:25.323+0100][594.987s][info][gc,task        ] GC(234) Using 9 workers of 9 for evacuation
[2025-03-18T15:46:25.324+0100][594.987s][info][gc,phases      ] GC(234)   Pre Evacuate Collection Set: 0.1ms
[2025-03-18T15:46:25.324+0100][594.987s][info][gc,phases      ] GC(234)   Merge Heap Roots: 0.0ms
[2025-03-18T15:46:25.324+0100][594.987s][info][gc,phases      ] GC(234)   Evacuate Collection Set: 0.1ms
[2025-03-18T15:46:25.324+0100][594.987s][info][gc,phases      ] GC(234)   Post Evacuate Collection Set: 0.2ms
[2025-03-18T15:46:25.324+0100][594.987s][info][gc,phases      ] GC(234)   Other: 0.0ms
[2025-03-18T15:46:25.324+0100][594.987s][info][gc,heap        ] GC(234) Eden regions: 0->0(0)
[2025-03-18T15:46:25.324+0100][594.987s][info][gc,heap        ] GC(234) Survivor regions: 0->0(0)
[2025-03-18T15:46:25.324+0100][594.987s][info][gc,heap        ] GC(234) Old regions: 1021->1021
[2025-03-18T15:46:25.324+0100][594.987s][info][gc,heap        ] GC(234) Humongous regions: 3->3
[2025-03-18T15:46:25.324+0100][594.987s][info][gc,metaspace   ] GC(234) Metaspace: 27029K(27520K)->27029K(27520K) NonClass: 23483K(23808K)->23483K(23808K) Class: 3546K(3712K)->3546K(3712K)
[2025-03-18T15:46:25.324+0100][594.987s][info][gc             ] GC(234) Pause Young (Normal) (G1 Evacuation Pause) 4091M->4091M(4096M) 0.674ms
[2025-03-18T15:46:25.324+0100][594.987s][info][gc,cpu         ] GC(234) User=0.00s Sys=0.00s Real=0.00s
[2025-03-18T15:46:25.324+0100][594.987s][info][gc,ergo        ] Attempting full compaction
[2025-03-18T15:46:25.324+0100][594.987s][info][gc,start       ] GC(235) Pause Full (G1 Compaction Pause)
[2025-03-18T15:46:25.324+0100][594.987s][info][gc,task        ] GC(235) Using 9 workers of 9 for full compaction
[2025-03-18T15:46:25.324+0100][594.987s][info][gc,phases,start] GC(235) Phase 1: Mark live objects
[2025-03-18T15:46:26.083+0100][595.746s][info][gc,phases      ] GC(235) Phase 1: Mark live objects 758.540ms
[2025-03-18T15:46:26.083+0100][595.746s][info][gc,phases,start] GC(235) Phase 2: Prepare compaction
[2025-03-18T15:46:26.083+0100][595.746s][info][gc,phases      ] GC(235) Phase 2: Prepare compaction 0.060ms
[2025-03-18T15:46:26.083+0100][595.746s][info][gc,phases,start] GC(235) Phase 3: Adjust pointers
[2025-03-18T15:46:26.182+0100][595.845s][info][gc,phases      ] GC(235) Phase 3: Adjust pointers 98.941ms
[2025-03-18T15:46:26.182+0100][595.845s][info][gc,phases,start] GC(235) Phase 4: Compact heap
[2025-03-18T15:46:26.182+0100][595.845s][info][gc,phases      ] GC(235) Phase 4: Compact heap 0.046ms
[2025-03-18T15:46:26.182+0100][595.845s][info][gc,phases,start] GC(235) Phase 5: Reset Metadata
[2025-03-18T15:46:26.241+0100][595.904s][info][gc,phases      ] GC(235) Phase 5: Reset Metadata 59.122ms
[2025-03-18T15:46:26.248+0100][595.911s][info][gc,heap        ] GC(235) Eden regions: 0->0(0)
[2025-03-18T15:46:26.248+0100][595.911s][info][gc,heap        ] GC(235) Survivor regions: 0->0(0)
[2025-03-18T15:46:26.248+0100][595.911s][info][gc,heap        ] GC(235) Old regions: 1021->1021
[2025-03-18T15:46:26.248+0100][595.911s][info][gc,heap        ] GC(235) Humongous regions: 3->3
[2025-03-18T15:46:26.248+0100][595.911s][info][gc,metaspace   ] GC(235) Metaspace: 27029K(27520K)->27029K(27520K) NonClass: 23483K(23808K)->23483K(23808K) Class: 3546K(3712K)->3546K(3712K)
[2025-03-18T15:46:26.248+0100][595.911s][info][gc             ] GC(235) Pause Full (G1 Compaction Pause) 4091M->4091M(4096M) 923.973ms
[2025-03-18T15:46:26.248+0100][595.911s][info][gc,cpu         ] GC(235) User=7.14s Sys=0.39s Real=0.92s
[2025-03-18T15:46:26.248+0100][595.911s][info][gc,ergo        ] Attempting maximal full compaction clearing soft references
[2025-03-18T15:46:26.248+0100][595.911s][info][gc,start       ] GC(236) Pause Full (G1 Compaction Pause)
[2025-03-18T15:46:26.248+0100][595.911s][info][gc,task        ] GC(236) Using 9 workers of 9 for full compaction
[2025-03-18T15:46:26.248+0100][595.911s][info][gc,phases,start] GC(236) Phase 1: Mark live objects
[2025-03-18T15:46:26.698+0100][596.361s][info][gc,phases      ] GC(236) Phase 1: Mark live objects 449.821ms
[2025-03-18T15:46:26.698+0100][596.361s][info][gc,phases,start] GC(236) Phase 2: Prepare compaction
[2025-03-18T15:46:26.837+0100][596.500s][info][gc,phases      ] GC(236) Phase 2: Prepare compaction 138.823ms
[2025-03-18T15:46:26.837+0100][596.500s][info][gc,phases,start] GC(236) Phase 3: Adjust pointers
[2025-03-18T15:46:26.969+0100][596.632s][info][gc,phases      ] GC(236) Phase 3: Adjust pointers 132.277ms
[2025-03-18T15:46:26.974+0100][596.637s][info][gc,phases,start] GC(236) Phase 4: Compact heap
[2025-03-18T15:46:27.073+0100][596.737s][info][gc,phases      ] GC(236) Phase 4: Compact heap 99.184ms
[2025-03-18T15:46:27.073+0100][596.737s][info][gc,phases,start] GC(236) Phase 5: Reset Metadata
[2025-03-18T15:46:27.074+0100][596.737s][info][gc,phases      ] GC(236) Phase 5: Reset Metadata 0.319ms
[2025-03-18T15:46:27.080+0100][596.743s][info][gc,heap        ] GC(236) Eden regions: 0->0(1)
[2025-03-18T15:46:27.080+0100][596.744s][info][gc,heap        ] GC(236) Survivor regions: 0->0(0)
[2025-03-18T15:46:27.080+0100][596.744s][info][gc,heap        ] GC(236) Old regions: 1021->1020
[2025-03-18T15:46:27.080+0100][596.744s][info][gc,heap        ] GC(236) Humongous regions: 3->3
[2025-03-18T15:46:27.080+0100][596.744s][info][gc,metaspace   ] GC(236) Metaspace: 27029K(27520K)->27029K(27520K) NonClass: 23483K(23808K)->23483K(23808K) Class: 3546K(3712K)->3546K(3712K)
[2025-03-18T15:46:27.080+0100][596.744s][info][gc             ] GC(236) Pause Full (G1 Compaction Pause) 4091M->4091M(4096M) 832.248ms
[2025-03-18T15:46:27.080+0100][596.744s][info][gc,cpu         ] GC(236) User=5.78s Sys=0.35s Real=0.84s
[2025-03-18T15:46:27.083+0100][596.747s][info][gc,heap,exit   ] Heap
[2025-03-18T15:46:27.083+0100][596.747s][info][gc,heap,exit   ]  garbage-first heap   total 4194304K, used 4190687K [0x0000000700000000, 0x0000000800000000)
[2025-03-18T15:46:27.083+0100][596.747s][info][gc,heap,exit   ]   region size 4096K, 1 young (4096K), 0 survivors (0K)
[2025-03-18T15:46:27.083+0100][596.747s][info][gc,heap,exit   ]  Metaspace       used 27058K, committed 27520K, reserved 1114112K
[2025-03-18T15:46:27.083+0100][596.747s][info][gc,heap,exit   ]   class space    used 3553K, committed 3712K, reserved 1048576K
