[2025-03-17T17:37:49.376+0100][0.005s][info][gc,init] CardTable entry size: 512
[2025-03-17T17:37:49.376+0100][0.005s][info][gc     ] Using G1
[2025-03-17T17:37:49.377+0100][0.006s][info][gc,init] Version: 21.0.1+12-LTS-29 (release)
[2025-03-17T17:37:49.377+0100][0.006s][info][gc,init] CPUs: 10 total, 10 available
[2025-03-17T17:37:49.377+0100][0.006s][info][gc,init] Memory: 32768M
[2025-03-17T17:37:49.377+0100][0.006s][info][gc,init] Large Page Support: Disabled
[2025-03-17T17:37:49.377+0100][0.006s][info][gc,init] NUMA Support: Disabled
[2025-03-17T17:37:49.377+0100][0.006s][info][gc,init] Compressed Oops: Enabled (Zero based)
[2025-03-17T17:37:49.377+0100][0.006s][info][gc,init] Heap Region Size: 4M
[2025-03-17T17:37:49.377+0100][0.006s][info][gc,init] Heap Min Capacity: 2G
[2025-03-17T17:37:49.377+0100][0.006s][info][gc,init] Heap Initial Capacity: 2G
[2025-03-17T17:37:49.377+0100][0.006s][info][gc,init] Heap Max Capacity: 4G
[2025-03-17T17:37:49.377+0100][0.006s][info][gc,init] Pre-touch: Disabled
[2025-03-17T17:37:49.377+0100][0.006s][info][gc,init] Parallel Workers: 9
[2025-03-17T17:37:49.377+0100][0.006s][info][gc,init] Concurrent Workers: 2
[2025-03-17T17:37:49.377+0100][0.006s][info][gc,init] Concurrent Refinement Workers: 9
[2025-03-17T17:37:49.377+0100][0.006s][info][gc,init] Periodic GC: Disabled
[2025-03-17T17:37:49.381+0100][0.010s][info][gc,metaspace] CDS archive(s) mapped at: [0x0000000300000000-0x0000000300ca4000-0x0000000300ca4000), size 13254656, SharedBaseAddress: 0x0000000300000000, ArchiveRelocationMode: 1.
[2025-03-17T17:37:49.381+0100][0.010s][info][gc,metaspace] Compressed class space mapped at: 0x0000000301000000-0x0000000341000000, reserved size: 1073741824
[2025-03-17T17:37:49.381+0100][0.010s][info][gc,metaspace] Narrow klass base: 0x0000000300000000, Narrow klass shift: 0, Narrow klass range: 0x100000000
[2025-03-17T17:37:50.201+0100][0.830s][info][gc,start    ] GC(0) Pause Young (Normal) (G1 Evacuation Pause)
[2025-03-17T17:37:50.201+0100][0.830s][info][gc,task     ] GC(0) Using 9 workers of 9 for evacuation
[2025-03-17T17:37:50.204+0100][0.833s][info][gc,phases   ] GC(0)   Pre Evacuate Collection Set: 0.1ms
[2025-03-17T17:37:50.204+0100][0.833s][info][gc,phases   ] GC(0)   Merge Heap Roots: 0.0ms
[2025-03-17T17:37:50.204+0100][0.833s][info][gc,phases   ] GC(0)   Evacuate Collection Set: 2.3ms
[2025-03-17T17:37:50.204+0100][0.833s][info][gc,phases   ] GC(0)   Post Evacuate Collection Set: 0.3ms
[2025-03-17T17:37:50.204+0100][0.833s][info][gc,phases   ] GC(0)   Other: 0.2ms
[2025-03-17T17:37:50.204+0100][0.833s][info][gc,heap     ] GC(0) Eden regions: 25->0(22)
[2025-03-17T17:37:50.204+0100][0.833s][info][gc,heap     ] GC(0) Survivor regions: 0->3(4)
[2025-03-17T17:37:50.204+0100][0.833s][info][gc,heap     ] GC(0) Old regions: 1->1
[2025-03-17T17:37:50.204+0100][0.833s][info][gc,heap     ] GC(0) Humongous regions: 3->1
[2025-03-17T17:37:50.204+0100][0.833s][info][gc,metaspace] GC(0) Metaspace: 17793K(18112K)->17793K(18112K) NonClass: 15060K(15232K)->15060K(15232K) Class: 2732K(2880K)->2732K(2880K)
[2025-03-17T17:37:50.204+0100][0.833s][info][gc          ] GC(0) Pause Young (Normal) (G1 Evacuation Pause) 113M->13M(2052M) 3.091ms
[2025-03-17T17:37:50.204+0100][0.833s][info][gc,cpu      ] GC(0) User=0.01s Sys=0.00s Real=0.00s
[2025-03-17T17:38:01.172+0100][11.801s][info][gc,start    ] GC(1) Pause Young (Concurrent Start) (Metadata GC Threshold)
[2025-03-17T17:38:01.172+0100][11.801s][info][gc,task     ] GC(1) Using 9 workers of 9 for evacuation
[2025-03-17T17:38:01.176+0100][11.805s][info][gc,phases   ] GC(1)   Pre Evacuate Collection Set: 0.1ms
[2025-03-17T17:38:01.176+0100][11.805s][info][gc,phases   ] GC(1)   Merge Heap Roots: 0.0ms
[2025-03-17T17:38:01.176+0100][11.805s][info][gc,phases   ] GC(1)   Evacuate Collection Set: 3.4ms
[2025-03-17T17:38:01.176+0100][11.805s][info][gc,phases   ] GC(1)   Post Evacuate Collection Set: 0.4ms
[2025-03-17T17:38:01.176+0100][11.805s][info][gc,phases   ] GC(1)   Other: 0.1ms
[2025-03-17T17:38:01.176+0100][11.805s][info][gc,heap     ] GC(1) Eden regions: 10->0(24)
[2025-03-17T17:38:01.176+0100][11.805s][info][gc,heap     ] GC(1) Survivor regions: 3->1(4)
[2025-03-17T17:38:01.176+0100][11.805s][info][gc,heap     ] GC(1) Old regions: 1->4
[2025-03-17T17:38:01.176+0100][11.805s][info][gc,heap     ] GC(1) Humongous regions: 1->1
[2025-03-17T17:38:01.176+0100][11.805s][info][gc,metaspace] GC(1) Metaspace: 21272K(21504K)->21272K(21504K) NonClass: 18184K(18304K)->18184K(18304K) Class: 3088K(3200K)->3088K(3200K)
[2025-03-17T17:38:01.176+0100][11.805s][info][gc          ] GC(1) Pause Young (Concurrent Start) (Metadata GC Threshold) 52M->16M(2052M) 4.241ms
[2025-03-17T17:38:01.176+0100][11.805s][info][gc,cpu      ] GC(1) User=0.02s Sys=0.00s Real=0.00s
[2025-03-17T17:38:01.176+0100][11.805s][info][gc          ] GC(2) Concurrent Mark Cycle
[2025-03-17T17:38:01.176+0100][11.805s][info][gc,marking  ] GC(2) Concurrent Scan Root Regions
[2025-03-17T17:38:01.178+0100][11.807s][info][gc,marking  ] GC(2) Concurrent Scan Root Regions 1.898ms
[2025-03-17T17:38:01.178+0100][11.807s][info][gc,marking  ] GC(2) Concurrent Mark
[2025-03-17T17:38:01.178+0100][11.807s][info][gc,marking  ] GC(2) Concurrent Mark From Roots
[2025-03-17T17:38:01.178+0100][11.807s][info][gc,task     ] GC(2) Using 2 workers of 2 for marking
[2025-03-17T17:38:01.179+0100][11.808s][info][gc,marking  ] GC(2) Concurrent Mark From Roots 0.772ms
[2025-03-17T17:38:01.179+0100][11.808s][info][gc,marking  ] GC(2) Concurrent Preclean
[2025-03-17T17:38:01.179+0100][11.808s][info][gc,marking  ] GC(2) Concurrent Preclean 0.006ms
[2025-03-17T17:38:01.179+0100][11.808s][info][gc,start    ] GC(2) Pause Remark
[2025-03-17T17:38:01.180+0100][11.809s][info][gc          ] GC(2) Pause Remark 20M->20M(2048M) 0.969ms
[2025-03-17T17:38:01.180+0100][11.809s][info][gc,cpu      ] GC(2) User=0.00s Sys=0.00s Real=0.01s
[2025-03-17T17:38:01.180+0100][11.809s][info][gc,marking  ] GC(2) Concurrent Mark 2.102ms
[2025-03-17T17:38:01.180+0100][11.809s][info][gc,marking  ] GC(2) Concurrent Rebuild Remembered Sets and Scrub Regions
[2025-03-17T17:38:01.182+0100][11.811s][info][gc,marking  ] GC(2) Concurrent Rebuild Remembered Sets and Scrub Regions 2.244ms
[2025-03-17T17:38:01.182+0100][11.811s][info][gc,start    ] GC(2) Pause Cleanup
[2025-03-17T17:38:01.183+0100][11.811s][info][gc          ] GC(2) Pause Cleanup 21M->21M(2048M) 0.071ms
[2025-03-17T17:38:01.183+0100][11.811s][info][gc,cpu      ] GC(2) User=0.00s Sys=0.00s Real=0.00s
[2025-03-17T17:38:01.183+0100][11.811s][info][gc,marking  ] GC(2) Concurrent Clear Claimed Marks
[2025-03-17T17:38:01.183+0100][11.812s][info][gc,marking  ] GC(2) Concurrent Clear Claimed Marks 0.019ms
[2025-03-17T17:38:01.183+0100][11.812s][info][gc,marking  ] GC(2) Concurrent Cleanup for Next Mark
[2025-03-17T17:38:01.185+0100][11.814s][info][gc,marking  ] GC(2) Concurrent Cleanup for Next Mark 2.200ms
[2025-03-17T17:38:01.185+0100][11.814s][info][gc          ] GC(2) Concurrent Mark Cycle 8.774ms
[2025-03-17T17:38:01.616+0100][12.245s][info][gc,start    ] GC(3) Pause Young (Prepare Mixed) (G1 Evacuation Pause)
[2025-03-17T17:38:01.616+0100][12.245s][info][gc,task     ] GC(3) Using 9 workers of 9 for evacuation
[2025-03-17T17:38:01.623+0100][12.252s][info][gc,phases   ] GC(3)   Pre Evacuate Collection Set: 0.1ms
[2025-03-17T17:38:01.623+0100][12.252s][info][gc,phases   ] GC(3)   Merge Heap Roots: 0.1ms
[2025-03-17T17:38:01.623+0100][12.252s][info][gc,phases   ] GC(3)   Evacuate Collection Set: 6.3ms
[2025-03-17T17:38:01.623+0100][12.252s][info][gc,phases   ] GC(3)   Post Evacuate Collection Set: 0.6ms
[2025-03-17T17:38:01.623+0100][12.252s][info][gc,phases   ] GC(3)   Other: 0.0ms
[2025-03-17T17:38:01.623+0100][12.252s][info][gc,heap     ] GC(3) Eden regions: 24->0(21)
[2025-03-17T17:38:01.623+0100][12.252s][info][gc,heap     ] GC(3) Survivor regions: 1->4(4)
[2025-03-17T17:38:01.623+0100][12.252s][info][gc,heap     ] GC(3) Old regions: 4->5
[2025-03-17T17:38:01.623+0100][12.252s][info][gc,heap     ] GC(3) Humongous regions: 1->1
[2025-03-17T17:38:01.623+0100][12.252s][info][gc,metaspace] GC(3) Metaspace: 26026K(26432K)->26026K(26432K) NonClass: 22420K(22656K)->22420K(22656K) Class: 3605K(3776K)->3605K(3776K)
[2025-03-17T17:38:01.623+0100][12.252s][info][gc          ] GC(3) Pause Young (Prepare Mixed) (G1 Evacuation Pause) 112M->32M(2048M) 7.167ms
[2025-03-17T17:38:01.623+0100][12.252s][info][gc,cpu      ] GC(3) User=0.05s Sys=0.00s Real=0.01s
[2025-03-17T17:38:01.910+0100][12.539s][info][gc,start    ] GC(4) Pause Young (Mixed) (G1 Evacuation Pause)
[2025-03-17T17:38:01.911+0100][12.539s][info][gc,task     ] GC(4) Using 9 workers of 9 for evacuation
[2025-03-17T17:38:01.918+0100][12.547s][info][gc,phases   ] GC(4)   Pre Evacuate Collection Set: 0.1ms
[2025-03-17T17:38:01.918+0100][12.547s][info][gc,phases   ] GC(4)   Merge Heap Roots: 0.0ms
[2025-03-17T17:38:01.918+0100][12.547s][info][gc,phases   ] GC(4)   Evacuate Collection Set: 6.9ms
[2025-03-17T17:38:01.918+0100][12.547s][info][gc,phases   ] GC(4)   Post Evacuate Collection Set: 0.5ms
[2025-03-17T17:38:01.918+0100][12.547s][info][gc,phases   ] GC(4)   Other: 0.0ms
[2025-03-17T17:38:01.918+0100][12.547s][info][gc,heap     ] GC(4) Eden regions: 21->0(21)
[2025-03-17T17:38:01.918+0100][12.547s][info][gc,heap     ] GC(4) Survivor regions: 4->4(4)
[2025-03-17T17:38:01.918+0100][12.547s][info][gc,heap     ] GC(4) Old regions: 5->8
[2025-03-17T17:38:01.918+0100][12.547s][info][gc,heap     ] GC(4) Humongous regions: 1->1
[2025-03-17T17:38:01.918+0100][12.547s][info][gc,metaspace] GC(4) Metaspace: 26299K(26688K)->26299K(26688K) NonClass: 22693K(22912K)->22693K(22912K) Class: 3606K(3776K)->3606K(3776K)
[2025-03-17T17:38:01.918+0100][12.547s][info][gc          ] GC(4) Pause Young (Mixed) (G1 Evacuation Pause) 116M->43M(2048M) 7.685ms
[2025-03-17T17:38:01.918+0100][12.547s][info][gc,cpu      ] GC(4) User=0.05s Sys=0.00s Real=0.00s
[2025-03-17T17:38:02.189+0100][12.818s][info][gc,start    ] GC(5) Pause Young (Normal) (G1 Evacuation Pause)
[2025-03-17T17:38:02.189+0100][12.818s][info][gc,task     ] GC(5) Using 9 workers of 9 for evacuation
[2025-03-17T17:38:02.199+0100][12.827s][info][gc,phases   ] GC(5)   Pre Evacuate Collection Set: 0.1ms
[2025-03-17T17:38:02.199+0100][12.827s][info][gc,phases   ] GC(5)   Merge Heap Roots: 0.0ms
[2025-03-17T17:38:02.199+0100][12.827s][info][gc,phases   ] GC(5)   Evacuate Collection Set: 8.6ms
[2025-03-17T17:38:02.199+0100][12.827s][info][gc,phases   ] GC(5)   Post Evacuate Collection Set: 0.4ms
[2025-03-17T17:38:02.199+0100][12.827s][info][gc,phases   ] GC(5)   Other: 0.0ms
[2025-03-17T17:38:02.199+0100][12.828s][info][gc,heap     ] GC(5) Eden regions: 21->0(22)
[2025-03-17T17:38:02.199+0100][12.828s][info][gc,heap     ] GC(5) Survivor regions: 4->3(4)
[2025-03-17T17:38:02.199+0100][12.828s][info][gc,heap     ] GC(5) Old regions: 8->10
[2025-03-17T17:38:02.199+0100][12.828s][info][gc,heap     ] GC(5) Humongous regions: 1->1
[2025-03-17T17:38:02.199+0100][12.828s][info][gc,metaspace] GC(5) Metaspace: 26450K(26816K)->26450K(26816K) NonClass: 22843K(23040K)->22843K(23040K) Class: 3606K(3776K)->3606K(3776K)
[2025-03-17T17:38:02.199+0100][12.828s][info][gc          ] GC(5) Pause Young (Normal) (G1 Evacuation Pause) 127M->48M(2048M) 9.291ms
[2025-03-17T17:38:02.199+0100][12.828s][info][gc,cpu      ] GC(5) User=0.05s Sys=0.01s Real=0.01s
[2025-03-17T17:38:02.597+0100][13.226s][info][gc,start    ] GC(6) Pause Young (Normal) (G1 Evacuation Pause)
[2025-03-17T17:38:02.597+0100][13.226s][info][gc,task     ] GC(6) Using 9 workers of 9 for evacuation
[2025-03-17T17:38:02.603+0100][13.232s][info][gc,phases   ] GC(6)   Pre Evacuate Collection Set: 0.1ms
[2025-03-17T17:38:02.603+0100][13.232s][info][gc,phases   ] GC(6)   Merge Heap Roots: 0.1ms
[2025-03-17T17:38:02.603+0100][13.232s][info][gc,phases   ] GC(6)   Evacuate Collection Set: 5.3ms
[2025-03-17T17:38:02.603+0100][13.232s][info][gc,phases   ] GC(6)   Post Evacuate Collection Set: 0.4ms
[2025-03-17T17:38:02.603+0100][13.232s][info][gc,phases   ] GC(6)   Other: 0.0ms
[2025-03-17T17:38:02.603+0100][13.232s][info][gc,heap     ] GC(6) Eden regions: 22->0(39)
[2025-03-17T17:38:02.603+0100][13.232s][info][gc,heap     ] GC(6) Survivor regions: 3->2(4)
[2025-03-17T17:38:02.603+0100][13.232s][info][gc,heap     ] GC(6) Old regions: 10->12
[2025-03-17T17:38:02.603+0100][13.232s][info][gc,heap     ] GC(6) Humongous regions: 1->1
[2025-03-17T17:38:02.603+0100][13.232s][info][gc,metaspace] GC(6) Metaspace: 26603K(27008K)->26603K(27008K) NonClass: 22996K(23232K)->22996K(23232K) Class: 3607K(3776K)->3607K(3776K)
[2025-03-17T17:38:02.603+0100][13.232s][info][gc          ] GC(6) Pause Young (Normal) (G1 Evacuation Pause) 136M->52M(2048M) 6.073ms
[2025-03-17T17:38:02.603+0100][13.232s][info][gc,cpu      ] GC(6) User=0.03s Sys=0.01s Real=0.01s
[2025-03-17T17:38:03.774+0100][14.402s][info][gc,start    ] GC(7) Pause Young (Normal) (G1 Evacuation Pause)
[2025-03-17T17:38:03.777+0100][14.406s][info][gc,task     ] GC(7) Using 9 workers of 9 for evacuation
[2025-03-17T17:38:03.781+0100][14.409s][info][gc,phases   ] GC(7)   Pre Evacuate Collection Set: 0.2ms
[2025-03-17T17:38:03.781+0100][14.410s][info][gc,phases   ] GC(7)   Merge Heap Roots: 0.1ms
[2025-03-17T17:38:03.781+0100][14.410s][info][gc,phases   ] GC(7)   Evacuate Collection Set: 2.9ms
[2025-03-17T17:38:03.781+0100][14.410s][info][gc,phases   ] GC(7)   Post Evacuate Collection Set: 0.4ms
[2025-03-17T17:38:03.781+0100][14.410s][info][gc,phases   ] GC(7)   Other: 0.1ms
[2025-03-17T17:38:03.781+0100][14.410s][info][gc,heap     ] GC(7) Eden regions: 42->0(163)
[2025-03-17T17:38:03.781+0100][14.410s][info][gc,heap     ] GC(7) Survivor regions: 2->4(6)
[2025-03-17T17:38:03.781+0100][14.410s][info][gc,heap     ] GC(7) Old regions: 12->12
[2025-03-17T17:38:03.781+0100][14.410s][info][gc,heap     ] GC(7) Humongous regions: 1->1
[2025-03-17T17:38:03.781+0100][14.410s][info][gc,metaspace] GC(7) Metaspace: 26916K(27264K)->26916K(27264K) NonClass: 23306K(23488K)->23306K(23488K) Class: 3609K(3776K)->3609K(3776K)
[2025-03-17T17:38:03.781+0100][14.410s][info][gc          ] GC(7) Pause Young (Normal) (G1 Evacuation Pause) 220M->58M(2048M) 7.161ms
[2025-03-17T17:38:03.781+0100][14.410s][info][gc,cpu      ] GC(7) User=0.02s Sys=0.00s Real=0.01s
[2025-03-17T17:38:08.086+0100][18.715s][info][gc,start    ] GC(8) Pause Young (Normal) (G1 Evacuation Pause)
[2025-03-17T17:38:08.087+0100][18.715s][info][gc,task     ] GC(8) Using 9 workers of 9 for evacuation
[2025-03-17T17:38:08.097+0100][18.726s][info][gc,phases   ] GC(8)   Pre Evacuate Collection Set: 0.1ms
[2025-03-17T17:38:08.097+0100][18.726s][info][gc,phases   ] GC(8)   Merge Heap Roots: 0.1ms
[2025-03-17T17:38:08.097+0100][18.726s][info][gc,phases   ] GC(8)   Evacuate Collection Set: 9.0ms
[2025-03-17T17:38:08.097+0100][18.726s][info][gc,phases   ] GC(8)   Post Evacuate Collection Set: 0.9ms
[2025-03-17T17:38:08.097+0100][18.726s][info][gc,phases   ] GC(8)   Other: 0.1ms
[2025-03-17T17:38:08.097+0100][18.726s][info][gc,heap     ] GC(8) Eden regions: 191->0(153)
[2025-03-17T17:38:08.097+0100][18.726s][info][gc,heap     ] GC(8) Survivor regions: 4->7(25)
[2025-03-17T17:38:08.097+0100][18.726s][info][gc,heap     ] GC(8) Old regions: 12->12
[2025-03-17T17:38:08.097+0100][18.726s][info][gc,heap     ] GC(8) Humongous regions: 1->1
[2025-03-17T17:38:08.097+0100][18.726s][info][gc,metaspace] GC(8) Metaspace: 27352K(27712K)->27352K(27712K) NonClass: 23742K(23936K)->23742K(23936K) Class: 3610K(3776K)->3610K(3776K)
[2025-03-17T17:38:08.097+0100][18.726s][info][gc          ] GC(8) Pause Young (Normal) (G1 Evacuation Pause) 822M->71M(2048M) 10.797ms
[2025-03-17T17:38:08.097+0100][18.726s][info][gc,cpu      ] GC(8) User=0.06s Sys=0.01s Real=0.01s
[2025-03-17T17:38:11.575+0100][22.203s][info][gc,start    ] GC(9) Pause Young (Normal) (G1 Evacuation Pause)
[2025-03-17T17:38:11.575+0100][22.204s][info][gc,task     ] GC(9) Using 9 workers of 9 for evacuation
[2025-03-17T17:38:11.585+0100][22.214s][info][gc,phases   ] GC(9)   Pre Evacuate Collection Set: 0.1ms
[2025-03-17T17:38:11.585+0100][22.214s][info][gc,phases   ] GC(9)   Merge Heap Roots: 0.1ms
[2025-03-17T17:38:11.585+0100][22.214s][info][gc,phases   ] GC(9)   Evacuate Collection Set: 9.7ms
[2025-03-17T17:38:11.585+0100][22.214s][info][gc,phases   ] GC(9)   Post Evacuate Collection Set: 0.5ms
[2025-03-17T17:38:11.585+0100][22.214s][info][gc,phases   ] GC(9)   Other: 0.0ms
[2025-03-17T17:38:11.585+0100][22.214s][info][gc,heap     ] GC(9) Eden regions: 161->0(165)
[2025-03-17T17:38:11.585+0100][22.214s][info][gc,heap     ] GC(9) Survivor regions: 7->10(21)
[2025-03-17T17:38:11.585+0100][22.214s][info][gc,heap     ] GC(9) Old regions: 12->12
[2025-03-17T17:38:11.585+0100][22.214s][info][gc,heap     ] GC(9) Humongous regions: 1->1
[2025-03-17T17:38:11.585+0100][22.214s][info][gc,metaspace] GC(9) Metaspace: 27495K(27840K)->27495K(27840K) NonClass: 23884K(24064K)->23884K(24064K) Class: 3610K(3776K)->3610K(3776K)
[2025-03-17T17:38:11.585+0100][22.214s][info][gc          ] GC(9) Pause Young (Normal) (G1 Evacuation Pause) 715M->82M(2048M) 10.623ms
[2025-03-17T17:38:11.585+0100][22.214s][info][gc,cpu      ] GC(9) User=0.08s Sys=0.00s Real=0.01s
[2025-03-17T17:38:15.177+0100][25.806s][info][gc,start    ] GC(10) Pause Young (Normal) (G1 Evacuation Pause)
[2025-03-17T17:38:15.177+0100][25.806s][info][gc,task     ] GC(10) Using 9 workers of 9 for evacuation
[2025-03-17T17:38:15.190+0100][25.819s][info][gc,phases   ] GC(10)   Pre Evacuate Collection Set: 0.2ms
[2025-03-17T17:38:15.190+0100][25.819s][info][gc,phases   ] GC(10)   Merge Heap Roots: 0.0ms
[2025-03-17T17:38:15.190+0100][25.819s][info][gc,phases   ] GC(10)   Evacuate Collection Set: 12.2ms
[2025-03-17T17:38:15.190+0100][25.819s][info][gc,phases   ] GC(10)   Post Evacuate Collection Set: 0.7ms
[2025-03-17T17:38:15.190+0100][25.819s][info][gc,phases   ] GC(10)   Other: 0.1ms
[2025-03-17T17:38:15.190+0100][25.819s][info][gc,heap     ] GC(10) Eden regions: 173->0(182)
[2025-03-17T17:38:15.190+0100][25.819s][info][gc,heap     ] GC(10) Survivor regions: 10->13(23)
[2025-03-17T17:38:15.190+0100][25.819s][info][gc,heap     ] GC(10) Old regions: 12->12
[2025-03-17T17:38:15.190+0100][25.819s][info][gc,heap     ] GC(10) Humongous regions: 1->1
[2025-03-17T17:38:15.190+0100][25.819s][info][gc,metaspace] GC(10) Metaspace: 27585K(27968K)->27585K(27968K) NonClass: 23975K(24192K)->23975K(24192K) Class: 3610K(3776K)->3610K(3776K)
[2025-03-17T17:38:15.190+0100][25.819s][info][gc          ] GC(10) Pause Young (Normal) (G1 Evacuation Pause) 774M->95M(2048M) 13.487ms
[2025-03-17T17:38:15.190+0100][25.819s][info][gc,cpu      ] GC(10) User=0.10s Sys=0.01s Real=0.02s
[2025-03-17T17:38:18.198+0100][28.826s][info][gc,start    ] GC(11) Pause Young (Normal) (G1 Evacuation Pause)
[2025-03-17T17:38:18.198+0100][28.826s][info][gc,task     ] GC(11) Using 9 workers of 9 for evacuation
[2025-03-17T17:38:18.325+0100][28.954s][info][gc,mmu      ] GC(11) MMU target violated: 101.0ms (100.0ms/101.0ms)
[2025-03-17T17:38:18.325+0100][28.954s][info][gc,phases   ] GC(11)   Pre Evacuate Collection Set: 3.5ms
[2025-03-17T17:38:18.325+0100][28.954s][info][gc,phases   ] GC(11)   Merge Heap Roots: 1.5ms
[2025-03-17T17:38:18.325+0100][28.954s][info][gc,phases   ] GC(11)   Evacuate Collection Set: 111.3ms
[2025-03-17T17:38:18.325+0100][28.954s][info][gc,phases   ] GC(11)   Post Evacuate Collection Set: 10.9ms
[2025-03-17T17:38:18.325+0100][28.954s][info][gc,phases   ] GC(11)   Other: 0.3ms
[2025-03-17T17:38:18.325+0100][28.954s][info][gc,heap     ] GC(11) Eden regions: 182->0(6)
[2025-03-17T17:38:18.325+0100][28.954s][info][gc,heap     ] GC(11) Survivor regions: 13->19(25)
[2025-03-17T17:38:18.325+0100][28.954s][info][gc,heap     ] GC(11) Old regions: 12->12
[2025-03-17T17:38:18.325+0100][28.954s][info][gc,heap     ] GC(11) Humongous regions: 1->1
[2025-03-17T17:38:18.325+0100][28.954s][info][gc,metaspace] GC(11) Metaspace: 27613K(27968K)->27613K(27968K) NonClass: 24002K(24192K)->24002K(24192K) Class: 3610K(3776K)->3610K(3776K)
[2025-03-17T17:38:18.325+0100][28.954s][info][gc          ] GC(11) Pause Young (Normal) (G1 Evacuation Pause) 823M->119M(2048M) 127.655ms
[2025-03-17T17:38:18.325+0100][28.954s][info][gc,cpu      ] GC(11) User=0.18s Sys=0.05s Real=0.13s
[2025-03-17T17:38:18.409+0100][29.037s][info][gc,start    ] GC(12) Pause Young (Normal) (G1 Evacuation Pause)
[2025-03-17T17:38:18.409+0100][29.037s][info][gc,task     ] GC(12) Using 9 workers of 9 for evacuation
[2025-03-17T17:38:18.428+0100][29.057s][info][gc,phases   ] GC(12)   Pre Evacuate Collection Set: 0.1ms
[2025-03-17T17:38:18.428+0100][29.057s][info][gc,phases   ] GC(12)   Merge Heap Roots: 0.0ms
[2025-03-17T17:38:18.428+0100][29.057s][info][gc,phases   ] GC(12)   Evacuate Collection Set: 19.0ms
[2025-03-17T17:38:18.428+0100][29.057s][info][gc,phases   ] GC(12)   Post Evacuate Collection Set: 0.3ms
[2025-03-17T17:38:18.428+0100][29.057s][info][gc,phases   ] GC(12)   Other: 0.0ms
[2025-03-17T17:38:18.428+0100][29.057s][info][gc,heap     ] GC(12) Eden regions: 8->0(303)
[2025-03-17T17:38:18.428+0100][29.057s][info][gc,heap     ] GC(12) Survivor regions: 19->4(4)
[2025-03-17T17:38:18.428+0100][29.057s][info][gc,heap     ] GC(12) Old regions: 12->27
[2025-03-17T17:38:18.428+0100][29.057s][info][gc,heap     ] GC(12) Humongous regions: 1->1
[2025-03-17T17:38:18.428+0100][29.057s][info][gc,metaspace] GC(12) Metaspace: 27614K(27968K)->27614K(27968K) NonClass: 24004K(24192K)->24004K(24192K) Class: 3610K(3776K)->3610K(3776K)
[2025-03-17T17:38:18.428+0100][29.057s][info][gc          ] GC(12) Pause Young (Normal) (G1 Evacuation Pause) 151M->122M(2048M) 19.751ms
[2025-03-17T17:38:18.429+0100][29.057s][info][gc,cpu      ] GC(12) User=0.14s Sys=0.01s Real=0.02s
[2025-03-17T17:38:22.885+0100][33.513s][info][gc,start    ] GC(13) Pause Young (Normal) (G1 Evacuation Pause)
[2025-03-17T17:38:22.885+0100][33.513s][info][gc,task     ] GC(13) Using 9 workers of 9 for evacuation
[2025-03-17T17:38:22.892+0100][33.521s][info][gc,phases   ] GC(13)   Pre Evacuate Collection Set: 0.1ms
[2025-03-17T17:38:22.892+0100][33.521s][info][gc,phases   ] GC(13)   Merge Heap Roots: 0.1ms
[2025-03-17T17:38:22.892+0100][33.521s][info][gc,phases   ] GC(13)   Evacuate Collection Set: 6.5ms
[2025-03-17T17:38:22.892+0100][33.521s][info][gc,phases   ] GC(13)   Post Evacuate Collection Set: 0.7ms
[2025-03-17T17:38:22.892+0100][33.521s][info][gc,phases   ] GC(13)   Other: 0.1ms
[2025-03-17T17:38:22.892+0100][33.521s][info][gc,heap     ] GC(13) Eden regions: 303->0(300)
[2025-03-17T17:38:22.892+0100][33.521s][info][gc,heap     ] GC(13) Survivor regions: 4->7(39)
[2025-03-17T17:38:22.892+0100][33.521s][info][gc,heap     ] GC(13) Old regions: 27->27
[2025-03-17T17:38:22.892+0100][33.521s][info][gc,heap     ] GC(13) Humongous regions: 1->1
[2025-03-17T17:38:22.892+0100][33.521s][info][gc,metaspace] GC(13) Metaspace: 27625K(27968K)->27625K(27968K) NonClass: 24014K(24192K)->24014K(24192K) Class: 3610K(3776K)->3610K(3776K)
[2025-03-17T17:38:22.892+0100][33.521s][info][gc          ] GC(13) Pause Young (Normal) (G1 Evacuation Pause) 1334M->135M(2048M) 7.542ms
[2025-03-17T17:38:22.892+0100][33.521s][info][gc,cpu      ] GC(13) User=0.05s Sys=0.01s Real=0.01s
[2025-03-17T17:38:26.993+0100][37.621s][info][gc,start    ] GC(14) Pause Young (Normal) (G1 Evacuation Pause)
[2025-03-17T17:38:26.993+0100][37.622s][info][gc,task     ] GC(14) Using 9 workers of 9 for evacuation
[2025-03-17T17:38:27.003+0100][37.631s][info][gc,phases   ] GC(14)   Pre Evacuate Collection Set: 0.1ms
[2025-03-17T17:38:27.003+0100][37.631s][info][gc,phases   ] GC(14)   Merge Heap Roots: 0.1ms
[2025-03-17T17:38:27.003+0100][37.631s][info][gc,phases   ] GC(14)   Evacuate Collection Set: 8.6ms
[2025-03-17T17:38:27.003+0100][37.631s][info][gc,phases   ] GC(14)   Post Evacuate Collection Set: 0.7ms
[2025-03-17T17:38:27.003+0100][37.631s][info][gc,phases   ] GC(14)   Other: 0.1ms
[2025-03-17T17:38:27.003+0100][37.631s][info][gc,heap     ] GC(14) Eden regions: 300->0(296)
[2025-03-17T17:38:27.003+0100][37.631s][info][gc,heap     ] GC(14) Survivor regions: 7->11(39)
[2025-03-17T17:38:27.003+0100][37.631s][info][gc,heap     ] GC(14) Old regions: 27->27
[2025-03-17T17:38:27.003+0100][37.631s][info][gc,heap     ] GC(14) Humongous regions: 1->1
[2025-03-17T17:38:27.003+0100][37.631s][info][gc,metaspace] GC(14) Metaspace: 27671K(28032K)->27671K(28032K) NonClass: 24060K(24256K)->24060K(24256K) Class: 3610K(3776K)->3610K(3776K)
[2025-03-17T17:38:27.003+0100][37.631s][info][gc          ] GC(14) Pause Young (Normal) (G1 Evacuation Pause) 1335M->149M(2048M) 10.210ms
[2025-03-17T17:38:27.003+0100][37.632s][info][gc,cpu      ] GC(14) User=0.07s Sys=0.01s Real=0.01s
[2025-03-17T17:39:51.590+0100][122.218s][info][gc,start    ] GC(15) Pause Young (Normal) (G1 Evacuation Pause)
[2025-03-17T17:39:51.591+0100][122.219s][info][gc,task     ] GC(15) Using 9 workers of 9 for evacuation
[2025-03-17T17:39:51.611+0100][122.239s][info][gc,phases   ] GC(15)   Pre Evacuate Collection Set: 0.3ms
[2025-03-17T17:39:51.611+0100][122.239s][info][gc,phases   ] GC(15)   Merge Heap Roots: 0.1ms
[2025-03-17T17:39:51.611+0100][122.239s][info][gc,phases   ] GC(15)   Evacuate Collection Set: 19.0ms
[2025-03-17T17:39:51.611+0100][122.239s][info][gc,phases   ] GC(15)   Post Evacuate Collection Set: 0.6ms
[2025-03-17T17:39:51.611+0100][122.239s][info][gc,phases   ] GC(15)   Other: 0.1ms
[2025-03-17T17:39:51.611+0100][122.239s][info][gc,heap     ] GC(15) Eden regions: 296->0(292)
[2025-03-17T17:39:51.611+0100][122.239s][info][gc,heap     ] GC(15) Survivor regions: 11->15(39)
[2025-03-17T17:39:51.611+0100][122.239s][info][gc,heap     ] GC(15) Old regions: 27->27
[2025-03-17T17:39:51.611+0100][122.239s][info][gc,heap     ] GC(15) Humongous regions: 1->1
[2025-03-17T17:39:51.611+0100][122.239s][info][gc,metaspace] GC(15) Metaspace: 27778K(28160K)->27778K(28160K) NonClass: 24156K(24384K)->24156K(24384K) Class: 3621K(3776K)->3621K(3776K)
[2025-03-17T17:39:51.611+0100][122.239s][info][gc          ] GC(15) Pause Young (Normal) (G1 Evacuation Pause) 1333M->167M(2048M) 21.199ms
[2025-03-17T17:39:51.612+0100][122.239s][info][gc,cpu      ] GC(15) User=0.10s Sys=0.05s Real=0.02s
[2025-03-17T17:39:57.286+0100][127.913s][info][gc,start    ] GC(16) Pause Young (Normal) (G1 Evacuation Pause)
[2025-03-17T17:39:57.286+0100][127.913s][info][gc,task     ] GC(16) Using 9 workers of 9 for evacuation
[2025-03-17T17:39:57.301+0100][127.928s][info][gc,phases   ] GC(16)   Pre Evacuate Collection Set: 0.1ms
[2025-03-17T17:39:57.301+0100][127.928s][info][gc,phases   ] GC(16)   Merge Heap Roots: 0.1ms
[2025-03-17T17:39:57.301+0100][127.928s][info][gc,phases   ] GC(16)   Evacuate Collection Set: 13.6ms
[2025-03-17T17:39:57.301+0100][127.928s][info][gc,phases   ] GC(16)   Post Evacuate Collection Set: 0.7ms
[2025-03-17T17:39:57.301+0100][127.928s][info][gc,phases   ] GC(16)   Other: 0.0ms
[2025-03-17T17:39:57.301+0100][127.928s][info][gc,heap     ] GC(16) Eden regions: 292->0(289)
[2025-03-17T17:39:57.301+0100][127.928s][info][gc,heap     ] GC(16) Survivor regions: 15->18(39)
[2025-03-17T17:39:57.301+0100][127.928s][info][gc,heap     ] GC(16) Old regions: 27->27
[2025-03-17T17:39:57.301+0100][127.928s][info][gc,heap     ] GC(16) Humongous regions: 1->1
[2025-03-17T17:39:57.301+0100][127.928s][info][gc,metaspace] GC(16) Metaspace: 27787K(28160K)->27787K(28160K) NonClass: 24165K(24384K)->24165K(24384K) Class: 3621K(3776K)->3621K(3776K)
[2025-03-17T17:39:57.301+0100][127.928s][info][gc          ] GC(16) Pause Young (Normal) (G1 Evacuation Pause) 1335M->177M(2048M) 14.697ms
[2025-03-17T17:39:57.301+0100][127.928s][info][gc,cpu      ] GC(16) User=0.11s Sys=0.01s Real=0.02s
[2025-03-17T17:40:00.192+0100][130.819s][info][gc,start    ] GC(17) Pause Young (Normal) (G1 Evacuation Pause)
[2025-03-17T17:40:00.192+0100][130.820s][info][gc,task     ] GC(17) Using 9 workers of 9 for evacuation
[2025-03-17T17:40:00.210+0100][130.837s][info][gc,phases   ] GC(17)   Pre Evacuate Collection Set: 0.2ms
[2025-03-17T17:40:00.210+0100][130.837s][info][gc,phases   ] GC(17)   Merge Heap Roots: 0.1ms
[2025-03-17T17:40:00.210+0100][130.837s][info][gc,phases   ] GC(17)   Evacuate Collection Set: 16.7ms
[2025-03-17T17:40:00.210+0100][130.837s][info][gc,phases   ] GC(17)   Post Evacuate Collection Set: 0.7ms
[2025-03-17T17:40:00.210+0100][130.837s][info][gc,phases   ] GC(17)   Other: 0.1ms
[2025-03-17T17:40:00.210+0100][130.837s][info][gc,heap     ] GC(17) Eden regions: 289->0(287)
[2025-03-17T17:40:00.210+0100][130.837s][info][gc,heap     ] GC(17) Survivor regions: 18->20(39)
[2025-03-17T17:40:00.210+0100][130.837s][info][gc,heap     ] GC(17) Old regions: 27->27
[2025-03-17T17:40:00.210+0100][130.837s][info][gc,heap     ] GC(17) Humongous regions: 1->1
[2025-03-17T17:40:00.210+0100][130.837s][info][gc,metaspace] GC(17) Metaspace: 27796K(28160K)->27796K(28160K) NonClass: 24175K(24384K)->24175K(24384K) Class: 3621K(3776K)->3621K(3776K)
[2025-03-17T17:40:00.210+0100][130.837s][info][gc          ] GC(17) Pause Young (Normal) (G1 Evacuation Pause) 1333M->187M(2048M) 18.112ms
[2025-03-17T17:40:00.210+0100][130.837s][info][gc,cpu      ] GC(17) User=0.14s Sys=0.00s Real=0.02s
[2025-03-17T17:40:01.008+0100][131.635s][info][gc,start    ] GC(18) Pause Young (Normal) (G1 Evacuation Pause)
[2025-03-17T17:40:01.008+0100][131.635s][info][gc,task     ] GC(18) Using 9 workers of 9 for evacuation
[2025-03-17T17:40:01.034+0100][131.661s][info][gc,phases   ] GC(18)   Pre Evacuate Collection Set: 0.2ms
[2025-03-17T17:40:01.034+0100][131.661s][info][gc,phases   ] GC(18)   Merge Heap Roots: 0.1ms
[2025-03-17T17:40:01.034+0100][131.661s][info][gc,phases   ] GC(18)   Evacuate Collection Set: 24.8ms
[2025-03-17T17:40:01.034+0100][131.661s][info][gc,phases   ] GC(18)   Post Evacuate Collection Set: 1.0ms
[2025-03-17T17:40:01.034+0100][131.661s][info][gc,phases   ] GC(18)   Other: 0.1ms
[2025-03-17T17:40:01.034+0100][131.661s][info][gc,heap     ] GC(18) Eden regions: 287->0(274)
[2025-03-17T17:40:01.034+0100][131.661s][info][gc,heap     ] GC(18) Survivor regions: 20->33(39)
[2025-03-17T17:40:01.034+0100][131.661s][info][gc,heap     ] GC(18) Old regions: 27->27
[2025-03-17T17:40:01.034+0100][131.661s][info][gc,heap     ] GC(18) Humongous regions: 1->1
[2025-03-17T17:40:01.034+0100][131.661s][info][gc,metaspace] GC(18) Metaspace: 27806K(28224K)->27806K(28224K) NonClass: 24185K(24448K)->24185K(24448K) Class: 3621K(3776K)->3621K(3776K)
[2025-03-17T17:40:01.034+0100][131.661s][info][gc          ] GC(18) Pause Young (Normal) (G1 Evacuation Pause) 1335M->239M(2048M) 26.322ms
[2025-03-17T17:40:01.034+0100][131.661s][info][gc,cpu      ] GC(18) User=0.19s Sys=0.01s Real=0.03s
[2025-03-17T17:40:08.085+0100][138.712s][info][gc,start    ] GC(19) Pause Young (Normal) (G1 Evacuation Pause)
[2025-03-17T17:40:08.087+0100][138.714s][info][gc,task     ] GC(19) Using 9 workers of 9 for evacuation
[2025-03-17T17:40:08.132+0100][138.759s][info][gc,phases   ] GC(19)   Pre Evacuate Collection Set: 0.3ms
[2025-03-17T17:40:08.132+0100][138.759s][info][gc,phases   ] GC(19)   Merge Heap Roots: 0.1ms
[2025-03-17T17:40:08.132+0100][138.759s][info][gc,phases   ] GC(19)   Evacuate Collection Set: 44.4ms
[2025-03-17T17:40:08.132+0100][138.759s][info][gc,phases   ] GC(19)   Post Evacuate Collection Set: 0.8ms
[2025-03-17T17:40:08.132+0100][138.759s][info][gc,phases   ] GC(19)   Other: 0.1ms
[2025-03-17T17:40:08.132+0100][138.759s][info][gc,heap     ] GC(19) Eden regions: 274->0(290)
[2025-03-17T17:40:08.132+0100][138.759s][info][gc,heap     ] GC(19) Survivor regions: 33->17(39)
[2025-03-17T17:40:08.132+0100][138.760s][info][gc,heap     ] GC(19) Old regions: 27->41
[2025-03-17T17:40:08.132+0100][138.760s][info][gc,heap     ] GC(19) Humongous regions: 1->1
[2025-03-17T17:40:08.132+0100][138.760s][info][gc,metaspace] GC(19) Metaspace: 27811K(28224K)->27811K(28224K) NonClass: 24190K(24448K)->24190K(24448K) Class: 3621K(3776K)->3621K(3776K)
[2025-03-17T17:40:08.133+0100][138.760s][info][gc          ] GC(19) Pause Young (Normal) (G1 Evacuation Pause) 1335M->229M(2048M) 47.100ms
[2025-03-17T17:40:08.133+0100][138.760s][info][gc,cpu      ] GC(19) User=0.32s Sys=0.02s Real=0.05s
[2025-03-17T17:40:09.691+0100][140.318s][info][gc,start    ] GC(20) Pause Young (Normal) (G1 Evacuation Pause)
[2025-03-17T17:40:09.691+0100][140.318s][info][gc,task     ] GC(20) Using 9 workers of 9 for evacuation
[2025-03-17T17:40:09.706+0100][140.333s][info][gc,phases   ] GC(20)   Pre Evacuate Collection Set: 0.2ms
[2025-03-17T17:40:09.706+0100][140.333s][info][gc,phases   ] GC(20)   Merge Heap Roots: 0.1ms
[2025-03-17T17:40:09.707+0100][140.334s][info][gc,phases   ] GC(20)   Evacuate Collection Set: 14.7ms
[2025-03-17T17:40:09.707+0100][140.334s][info][gc,phases   ] GC(20)   Post Evacuate Collection Set: 0.8ms
[2025-03-17T17:40:09.707+0100][140.334s][info][gc,phases   ] GC(20)   Other: 0.0ms
[2025-03-17T17:40:09.707+0100][140.334s][info][gc,heap     ] GC(20) Eden regions: 290->0(286)
[2025-03-17T17:40:09.707+0100][140.334s][info][gc,heap     ] GC(20) Survivor regions: 17->21(39)
[2025-03-17T17:40:09.707+0100][140.334s][info][gc,heap     ] GC(20) Old regions: 41->41
[2025-03-17T17:40:09.707+0100][140.334s][info][gc,heap     ] GC(20) Humongous regions: 1->1
[2025-03-17T17:40:09.707+0100][140.334s][info][gc,metaspace] GC(20) Metaspace: 27815K(28224K)->27815K(28224K) NonClass: 24193K(24448K)->24193K(24448K) Class: 3621K(3776K)->3621K(3776K)
[2025-03-17T17:40:09.707+0100][140.334s][info][gc          ] GC(20) Pause Young (Normal) (G1 Evacuation Pause) 1389M->247M(2048M) 16.011ms
[2025-03-17T17:40:09.707+0100][140.334s][info][gc,cpu      ] GC(20) User=0.13s Sys=0.01s Real=0.01s
[2025-03-17T17:40:10.473+0100][141.100s][info][gc,start    ] GC(21) Pause Young (Normal) (G1 Evacuation Pause)
[2025-03-17T17:40:10.474+0100][141.101s][info][gc,task     ] GC(21) Using 9 workers of 9 for evacuation
[2025-03-17T17:40:10.493+0100][141.120s][info][gc,phases   ] GC(21)   Pre Evacuate Collection Set: 0.2ms
[2025-03-17T17:40:10.493+0100][141.120s][info][gc,phases   ] GC(21)   Merge Heap Roots: 0.1ms
[2025-03-17T17:40:10.493+0100][141.120s][info][gc,phases   ] GC(21)   Evacuate Collection Set: 18.6ms
[2025-03-17T17:40:10.493+0100][141.120s][info][gc,phases   ] GC(21)   Post Evacuate Collection Set: 0.9ms
[2025-03-17T17:40:10.493+0100][141.120s][info][gc,phases   ] GC(21)   Other: 0.0ms
[2025-03-17T17:40:10.493+0100][141.120s][info][gc,heap     ] GC(21) Eden regions: 286->0(284)
[2025-03-17T17:40:10.493+0100][141.120s][info][gc,heap     ] GC(21) Survivor regions: 21->23(39)
[2025-03-17T17:40:10.493+0100][141.120s][info][gc,heap     ] GC(21) Old regions: 41->44
[2025-03-17T17:40:10.493+0100][141.120s][info][gc,heap     ] GC(21) Humongous regions: 1->1
[2025-03-17T17:40:10.493+0100][141.120s][info][gc,metaspace] GC(21) Metaspace: 27820K(28224K)->27820K(28224K) NonClass: 24199K(24448K)->24199K(24448K) Class: 3621K(3776K)->3621K(3776K)
[2025-03-17T17:40:10.493+0100][141.120s][info][gc          ] GC(21) Pause Young (Normal) (G1 Evacuation Pause) 1391M->266M(2048M) 19.912ms
[2025-03-17T17:40:10.493+0100][141.120s][info][gc,cpu      ] GC(21) User=0.15s Sys=0.01s Real=0.02s
[2025-03-17T17:40:11.271+0100][141.898s][info][gc,start    ] GC(22) Pause Young (Normal) (G1 Evacuation Pause)
[2025-03-17T17:40:11.271+0100][141.898s][info][gc,task     ] GC(22) Using 9 workers of 9 for evacuation
[2025-03-17T17:40:11.292+0100][141.919s][info][gc,phases   ] GC(22)   Pre Evacuate Collection Set: 0.1ms
[2025-03-17T17:40:11.292+0100][141.919s][info][gc,phases   ] GC(22)   Merge Heap Roots: 0.1ms
[2025-03-17T17:40:11.292+0100][141.919s][info][gc,phases   ] GC(22)   Evacuate Collection Set: 19.5ms
[2025-03-17T17:40:11.292+0100][141.919s][info][gc,phases   ] GC(22)   Post Evacuate Collection Set: 1.1ms
[2025-03-17T17:40:11.292+0100][141.919s][info][gc,phases   ] GC(22)   Other: 0.0ms
[2025-03-17T17:40:11.292+0100][141.919s][info][gc,heap     ] GC(22) Eden regions: 284->0(289)
[2025-03-17T17:40:11.292+0100][141.919s][info][gc,heap     ] GC(22) Survivor regions: 23->18(39)
[2025-03-17T17:40:11.292+0100][141.919s][info][gc,heap     ] GC(22) Old regions: 44->53
[2025-03-17T17:40:11.292+0100][141.919s][info][gc,heap     ] GC(22) Humongous regions: 1->1
[2025-03-17T17:40:11.292+0100][141.919s][info][gc,metaspace] GC(22) Metaspace: 27827K(28224K)->27827K(28224K) NonClass: 24205K(24448K)->24205K(24448K) Class: 3621K(3776K)->3621K(3776K)
[2025-03-17T17:40:11.292+0100][141.919s][info][gc          ] GC(22) Pause Young (Normal) (G1 Evacuation Pause) 1402M->282M(2048M) 21.025ms
[2025-03-17T17:40:11.292+0100][141.919s][info][gc,cpu      ] GC(22) User=0.16s Sys=0.01s Real=0.02s
[2025-03-17T17:40:11.951+0100][142.578s][info][gc,start    ] GC(23) Pause Young (Normal) (G1 Evacuation Pause)
[2025-03-17T17:40:11.951+0100][142.578s][info][gc,task     ] GC(23) Using 9 workers of 9 for evacuation
[2025-03-17T17:40:11.973+0100][142.600s][info][gc,phases   ] GC(23)   Pre Evacuate Collection Set: 0.1ms
[2025-03-17T17:40:11.973+0100][142.600s][info][gc,phases   ] GC(23)   Merge Heap Roots: 0.1ms
[2025-03-17T17:40:11.973+0100][142.600s][info][gc,phases   ] GC(23)   Evacuate Collection Set: 20.3ms
[2025-03-17T17:40:11.973+0100][142.600s][info][gc,phases   ] GC(23)   Post Evacuate Collection Set: 1.0ms
[2025-03-17T17:40:11.973+0100][142.600s][info][gc,phases   ] GC(23)   Other: 0.0ms
[2025-03-17T17:40:11.973+0100][142.600s][info][gc,heap     ] GC(23) Eden regions: 289->0(276)
[2025-03-17T17:40:11.973+0100][142.600s][info][gc,heap     ] GC(23) Survivor regions: 18->31(39)
[2025-03-17T17:40:11.973+0100][142.600s][info][gc,heap     ] GC(23) Old regions: 53->53
[2025-03-17T17:40:11.973+0100][142.600s][info][gc,heap     ] GC(23) Humongous regions: 1->1
[2025-03-17T17:40:11.973+0100][142.600s][info][gc,metaspace] GC(23) Metaspace: 27831K(28224K)->27831K(28224K) NonClass: 24209K(24448K)->24209K(24448K) Class: 3621K(3776K)->3621K(3776K)
[2025-03-17T17:40:11.973+0100][142.600s][info][gc          ] GC(23) Pause Young (Normal) (G1 Evacuation Pause) 1438M->334M(2048M) 21.756ms
[2025-03-17T17:40:11.973+0100][142.600s][info][gc,cpu      ] GC(23) User=0.18s Sys=0.00s Real=0.02s
[2025-03-17T17:40:12.603+0100][143.230s][info][gc,start    ] GC(24) Pause Young (Normal) (G1 Evacuation Pause)
[2025-03-17T17:40:12.603+0100][143.230s][info][gc,task     ] GC(24) Using 9 workers of 9 for evacuation
[2025-03-17T17:40:12.625+0100][143.252s][info][gc,phases   ] GC(24)   Pre Evacuate Collection Set: 0.2ms
[2025-03-17T17:40:12.625+0100][143.252s][info][gc,phases   ] GC(24)   Merge Heap Roots: 0.1ms
[2025-03-17T17:40:12.625+0100][143.252s][info][gc,phases   ] GC(24)   Evacuate Collection Set: 20.6ms
[2025-03-17T17:40:12.625+0100][143.252s][info][gc,phases   ] GC(24)   Post Evacuate Collection Set: 1.0ms
[2025-03-17T17:40:12.625+0100][143.252s][info][gc,phases   ] GC(24)   Other: 0.1ms
[2025-03-17T17:40:12.625+0100][143.252s][info][gc,heap     ] GC(24) Eden regions: 276->0(288)
[2025-03-17T17:40:12.625+0100][143.252s][info][gc,heap     ] GC(24) Survivor regions: 31->19(39)
[2025-03-17T17:40:12.625+0100][143.252s][info][gc,heap     ] GC(24) Old regions: 53->63
[2025-03-17T17:40:12.625+0100][143.252s][info][gc,heap     ] GC(24) Humongous regions: 1->1
[2025-03-17T17:40:12.625+0100][143.252s][info][gc,metaspace] GC(24) Metaspace: 27834K(28224K)->27834K(28224K) NonClass: 24212K(24448K)->24212K(24448K) Class: 3621K(3776K)->3621K(3776K)
[2025-03-17T17:40:12.625+0100][143.252s][info][gc          ] GC(24) Pause Young (Normal) (G1 Evacuation Pause) 1438M->325M(2048M) 22.088ms
[2025-03-17T17:40:12.626+0100][143.252s][info][gc,cpu      ] GC(24) User=0.17s Sys=0.01s Real=0.02s
[2025-03-17T17:40:15.210+0100][145.836s][info][gc,start    ] GC(25) Pause Young (Normal) (G1 Evacuation Pause)
[2025-03-17T17:40:15.211+0100][145.838s][info][gc,task     ] GC(25) Using 9 workers of 9 for evacuation
[2025-03-17T17:40:15.224+0100][145.851s][info][gc,phases   ] GC(25)   Pre Evacuate Collection Set: 0.2ms
[2025-03-17T17:40:15.225+0100][145.851s][info][gc,phases   ] GC(25)   Merge Heap Roots: 0.1ms
[2025-03-17T17:40:15.225+0100][145.851s][info][gc,phases   ] GC(25)   Evacuate Collection Set: 12.7ms
[2025-03-17T17:40:15.225+0100][145.851s][info][gc,phases   ] GC(25)   Post Evacuate Collection Set: 0.8ms
[2025-03-17T17:40:15.225+0100][145.851s][info][gc,phases   ] GC(25)   Other: 0.1ms
[2025-03-17T17:40:15.225+0100][145.851s][info][gc,heap     ] GC(25) Eden regions: 288->0(287)
[2025-03-17T17:40:15.225+0100][145.851s][info][gc,heap     ] GC(25) Survivor regions: 19->20(39)
[2025-03-17T17:40:15.225+0100][145.851s][info][gc,heap     ] GC(25) Old regions: 63->63
[2025-03-17T17:40:15.225+0100][145.851s][info][gc,heap     ] GC(25) Humongous regions: 1->1
[2025-03-17T17:40:15.225+0100][145.851s][info][gc,metaspace] GC(25) Metaspace: 27837K(28224K)->27837K(28224K) NonClass: 24216K(24448K)->24216K(24448K) Class: 3621K(3776K)->3621K(3776K)
[2025-03-17T17:40:15.225+0100][145.852s][info][gc          ] GC(25) Pause Young (Normal) (G1 Evacuation Pause) 1477M->329M(2048M) 15.050ms
[2025-03-17T17:40:15.225+0100][145.852s][info][gc,cpu      ] GC(25) User=0.11s Sys=0.00s Real=0.01s
[2025-03-17T17:40:17.472+0100][148.099s][info][gc,start    ] GC(26) Pause Young (Normal) (G1 Evacuation Pause)
[2025-03-17T17:40:17.472+0100][148.099s][info][gc,task     ] GC(26) Using 9 workers of 9 for evacuation
[2025-03-17T17:40:17.490+0100][148.117s][info][gc,phases   ] GC(26)   Pre Evacuate Collection Set: 0.1ms
[2025-03-17T17:40:17.490+0100][148.117s][info][gc,phases   ] GC(26)   Merge Heap Roots: 0.1ms
[2025-03-17T17:40:17.490+0100][148.117s][info][gc,phases   ] GC(26)   Evacuate Collection Set: 17.0ms
[2025-03-17T17:40:17.490+0100][148.117s][info][gc,phases   ] GC(26)   Post Evacuate Collection Set: 1.0ms
[2025-03-17T17:40:17.490+0100][148.117s][info][gc,phases   ] GC(26)   Other: 0.0ms
[2025-03-17T17:40:17.490+0100][148.117s][info][gc,heap     ] GC(26) Eden regions: 287->0(285)
[2025-03-17T17:40:17.490+0100][148.117s][info][gc,heap     ] GC(26) Survivor regions: 20->22(39)
[2025-03-17T17:40:17.490+0100][148.117s][info][gc,heap     ] GC(26) Old regions: 63->63
[2025-03-17T17:40:17.490+0100][148.117s][info][gc,heap     ] GC(26) Humongous regions: 1->1
[2025-03-17T17:40:17.490+0100][148.117s][info][gc,metaspace] GC(26) Metaspace: 27842K(28224K)->27842K(28224K) NonClass: 24220K(24448K)->24220K(24448K) Class: 3621K(3776K)->3621K(3776K)
[2025-03-17T17:40:17.490+0100][148.117s][info][gc          ] GC(26) Pause Young (Normal) (G1 Evacuation Pause) 1477M->338M(2048M) 18.430ms
[2025-03-17T17:40:17.490+0100][148.117s][info][gc,cpu      ] GC(26) User=0.14s Sys=0.01s Real=0.02s
[2025-03-17T17:40:19.439+0100][150.066s][info][gc,start    ] GC(27) Pause Young (Normal) (G1 Evacuation Pause)
[2025-03-17T17:40:19.439+0100][150.066s][info][gc,task     ] GC(27) Using 9 workers of 9 for evacuation
[2025-03-17T17:40:19.458+0100][150.084s][info][gc,phases   ] GC(27)   Pre Evacuate Collection Set: 0.2ms
[2025-03-17T17:40:19.458+0100][150.084s][info][gc,phases   ] GC(27)   Merge Heap Roots: 0.1ms
[2025-03-17T17:40:19.458+0100][150.084s][info][gc,phases   ] GC(27)   Evacuate Collection Set: 17.6ms
[2025-03-17T17:40:19.458+0100][150.084s][info][gc,phases   ] GC(27)   Post Evacuate Collection Set: 0.7ms
[2025-03-17T17:40:19.458+0100][150.084s][info][gc,phases   ] GC(27)   Other: 0.0ms
[2025-03-17T17:40:19.458+0100][150.084s][info][gc,heap     ] GC(27) Eden regions: 285->0(293)
[2025-03-17T17:40:19.458+0100][150.084s][info][gc,heap     ] GC(27) Survivor regions: 22->14(39)
[2025-03-17T17:40:19.458+0100][150.084s][info][gc,heap     ] GC(27) Old regions: 63->74
[2025-03-17T17:40:19.458+0100][150.085s][info][gc,heap     ] GC(27) Humongous regions: 1->1
[2025-03-17T17:40:19.458+0100][150.085s][info][gc,metaspace] GC(27) Metaspace: 27844K(28224K)->27844K(28224K) NonClass: 24222K(24448K)->24222K(24448K) Class: 3621K(3776K)->3621K(3776K)
[2025-03-17T17:40:19.458+0100][150.085s][info][gc          ] GC(27) Pause Young (Normal) (G1 Evacuation Pause) 1478M->349M(2048M) 18.735ms
[2025-03-17T17:40:19.458+0100][150.085s][info][gc,cpu      ] GC(27) User=0.14s Sys=0.01s Real=0.02s
[2025-03-17T17:40:21.044+0100][151.671s][info][gc,start    ] GC(28) Pause Young (Normal) (G1 Evacuation Pause)
[2025-03-17T17:40:21.045+0100][151.672s][info][gc,task     ] GC(28) Using 9 workers of 9 for evacuation
[2025-03-17T17:40:21.059+0100][151.686s][info][gc,phases   ] GC(28)   Pre Evacuate Collection Set: 0.2ms
[2025-03-17T17:40:21.059+0100][151.686s][info][gc,phases   ] GC(28)   Merge Heap Roots: 0.0ms
[2025-03-17T17:40:21.059+0100][151.686s][info][gc,phases   ] GC(28)   Evacuate Collection Set: 13.7ms
[2025-03-17T17:40:21.059+0100][151.686s][info][gc,phases   ] GC(28)   Post Evacuate Collection Set: 0.7ms
[2025-03-17T17:40:21.059+0100][151.686s][info][gc,phases   ] GC(28)   Other: 0.1ms
[2025-03-17T17:40:21.060+0100][151.686s][info][gc,heap     ] GC(28) Eden regions: 293->0(291)
[2025-03-17T17:40:21.060+0100][151.686s][info][gc,heap     ] GC(28) Survivor regions: 14->16(39)
[2025-03-17T17:40:21.060+0100][151.686s][info][gc,heap     ] GC(28) Old regions: 74->74
[2025-03-17T17:40:21.060+0100][151.686s][info][gc,heap     ] GC(28) Humongous regions: 1->1
[2025-03-17T17:40:21.060+0100][151.686s][info][gc,metaspace] GC(28) Metaspace: 27848K(28224K)->27848K(28224K) NonClass: 24227K(24448K)->24227K(24448K) Class: 3621K(3776K)->3621K(3776K)
[2025-03-17T17:40:21.060+0100][151.686s][info][gc          ] GC(28) Pause Young (Normal) (G1 Evacuation Pause) 1521M->359M(2048M) 15.304ms
[2025-03-17T17:40:21.060+0100][151.686s][info][gc,cpu      ] GC(28) User=0.12s Sys=0.00s Real=0.02s
[2025-03-17T17:40:22.352+0100][152.979s][info][gc,start    ] GC(29) Pause Young (Normal) (G1 Evacuation Pause)
[2025-03-17T17:40:22.352+0100][152.979s][info][gc,task     ] GC(29) Using 9 workers of 9 for evacuation
[2025-03-17T17:40:22.370+0100][152.997s][info][gc,phases   ] GC(29)   Pre Evacuate Collection Set: 0.2ms
[2025-03-17T17:40:22.370+0100][152.997s][info][gc,phases   ] GC(29)   Merge Heap Roots: 0.1ms
[2025-03-17T17:40:22.370+0100][152.997s][info][gc,phases   ] GC(29)   Evacuate Collection Set: 17.0ms
[2025-03-17T17:40:22.370+0100][152.997s][info][gc,phases   ] GC(29)   Post Evacuate Collection Set: 1.0ms
[2025-03-17T17:40:22.370+0100][152.997s][info][gc,phases   ] GC(29)   Other: 0.0ms
[2025-03-17T17:40:22.370+0100][152.997s][info][gc,heap     ] GC(29) Eden regions: 291->0(288)
[2025-03-17T17:40:22.370+0100][152.997s][info][gc,heap     ] GC(29) Survivor regions: 16->19(39)
[2025-03-17T17:40:22.370+0100][152.997s][info][gc,heap     ] GC(29) Old regions: 74->74
[2025-03-17T17:40:22.370+0100][152.997s][info][gc,heap     ] GC(29) Humongous regions: 1->1
[2025-03-17T17:40:22.370+0100][152.997s][info][gc,metaspace] GC(29) Metaspace: 27862K(28224K)->27862K(28224K) NonClass: 24241K(24448K)->24241K(24448K) Class: 3621K(3776K)->3621K(3776K)
[2025-03-17T17:40:22.370+0100][152.997s][info][gc          ] GC(29) Pause Young (Normal) (G1 Evacuation Pause) 1523M->370M(2048M) 18.366ms
[2025-03-17T17:40:22.370+0100][152.997s][info][gc,cpu      ] GC(29) User=0.15s Sys=0.00s Real=0.02s
[2025-03-17T17:40:25.308+0100][155.935s][info][gc,start    ] GC(30) Pause Young (Normal) (G1 Evacuation Pause)
[2025-03-17T17:40:25.308+0100][155.935s][info][gc,task     ] GC(30) Using 9 workers of 9 for evacuation
[2025-03-17T17:40:25.326+0100][155.953s][info][gc,phases   ] GC(30)   Pre Evacuate Collection Set: 0.1ms
[2025-03-17T17:40:25.326+0100][155.953s][info][gc,phases   ] GC(30)   Merge Heap Roots: 0.0ms
[2025-03-17T17:40:25.326+0100][155.953s][info][gc,phases   ] GC(30)   Evacuate Collection Set: 16.8ms
[2025-03-17T17:40:25.326+0100][155.953s][info][gc,phases   ] GC(30)   Post Evacuate Collection Set: 0.9ms
[2025-03-17T17:40:25.326+0100][155.953s][info][gc,phases   ] GC(30)   Other: 0.1ms
[2025-03-17T17:40:25.326+0100][155.953s][info][gc,heap     ] GC(30) Eden regions: 288->0(286)
[2025-03-17T17:40:25.326+0100][155.953s][info][gc,heap     ] GC(30) Survivor regions: 19->21(39)
[2025-03-17T17:40:25.326+0100][155.953s][info][gc,heap     ] GC(30) Old regions: 74->74
[2025-03-17T17:40:25.326+0100][155.953s][info][gc,heap     ] GC(30) Humongous regions: 1->1
[2025-03-17T17:40:25.326+0100][155.953s][info][gc,metaspace] GC(30) Metaspace: 27873K(28224K)->27873K(28224K) NonClass: 24251K(24448K)->24251K(24448K) Class: 3621K(3776K)->3621K(3776K)
[2025-03-17T17:40:25.326+0100][155.953s][info][gc          ] GC(30) Pause Young (Normal) (G1 Evacuation Pause) 1522M->376M(2048M) 18.094ms
[2025-03-17T17:40:25.326+0100][155.953s][info][gc,cpu      ] GC(30) User=0.14s Sys=0.01s Real=0.02s
[2025-03-17T17:40:26.961+0100][157.587s][info][gc,start    ] GC(31) Pause Young (Normal) (G1 Evacuation Pause)
[2025-03-17T17:40:26.961+0100][157.587s][info][gc,task     ] GC(31) Using 9 workers of 9 for evacuation
[2025-03-17T17:40:26.981+0100][157.608s][info][gc,phases   ] GC(31)   Pre Evacuate Collection Set: 0.1ms
[2025-03-17T17:40:26.981+0100][157.608s][info][gc,phases   ] GC(31)   Merge Heap Roots: 0.1ms
[2025-03-17T17:40:26.981+0100][157.608s][info][gc,phases   ] GC(31)   Evacuate Collection Set: 19.6ms
[2025-03-17T17:40:26.981+0100][157.608s][info][gc,phases   ] GC(31)   Post Evacuate Collection Set: 1.0ms
[2025-03-17T17:40:26.981+0100][157.608s][info][gc,phases   ] GC(31)   Other: 0.0ms
[2025-03-17T17:40:26.981+0100][157.608s][info][gc,heap     ] GC(31) Eden regions: 286->0(282)
[2025-03-17T17:40:26.981+0100][157.608s][info][gc,heap     ] GC(31) Survivor regions: 21->25(39)
[2025-03-17T17:40:26.981+0100][157.608s][info][gc,heap     ] GC(31) Old regions: 74->74
[2025-03-17T17:40:26.981+0100][157.608s][info][gc,heap     ] GC(31) Humongous regions: 1->1
[2025-03-17T17:40:26.981+0100][157.608s][info][gc,metaspace] GC(31) Metaspace: 27876K(28288K)->27876K(28288K) NonClass: 24254K(24512K)->24254K(24512K) Class: 3621K(3776K)->3621K(3776K)
[2025-03-17T17:40:26.981+0100][157.608s][info][gc          ] GC(31) Pause Young (Normal) (G1 Evacuation Pause) 1520M->394M(2048M) 20.983ms
[2025-03-17T17:40:26.982+0100][157.608s][info][gc,cpu      ] GC(31) User=0.17s Sys=0.00s Real=0.02s
[2025-03-17T17:40:28.894+0100][159.521s][info][gc,start    ] GC(32) Pause Young (Normal) (G1 Evacuation Pause)
[2025-03-17T17:40:28.894+0100][159.521s][info][gc,task     ] GC(32) Using 9 workers of 9 for evacuation
[2025-03-17T17:40:28.917+0100][159.543s][info][gc,phases   ] GC(32)   Pre Evacuate Collection Set: 0.1ms
[2025-03-17T17:40:28.917+0100][159.544s][info][gc,phases   ] GC(32)   Merge Heap Roots: 0.1ms
[2025-03-17T17:40:28.917+0100][159.544s][info][gc,phases   ] GC(32)   Evacuate Collection Set: 21.4ms
[2025-03-17T17:40:28.917+0100][159.544s][info][gc,phases   ] GC(32)   Post Evacuate Collection Set: 0.7ms
[2025-03-17T17:40:28.917+0100][159.544s][info][gc,phases   ] GC(32)   Other: 0.0ms
[2025-03-17T17:40:28.917+0100][159.544s][info][gc,heap     ] GC(32) Eden regions: 282->0(284)
[2025-03-17T17:40:28.917+0100][159.544s][info][gc,heap     ] GC(32) Survivor regions: 25->23(39)
[2025-03-17T17:40:28.917+0100][159.544s][info][gc,heap     ] GC(32) Old regions: 74->78
[2025-03-17T17:40:28.917+0100][159.544s][info][gc,heap     ] GC(32) Humongous regions: 1->1
[2025-03-17T17:40:28.917+0100][159.544s][info][gc,metaspace] GC(32) Metaspace: 27876K(28288K)->27876K(28288K) NonClass: 24254K(24512K)->24254K(24512K) Class: 3621K(3776K)->3621K(3776K)
[2025-03-17T17:40:28.917+0100][159.544s][info][gc          ] GC(32) Pause Young (Normal) (G1 Evacuation Pause) 1522M->402M(2048M) 22.485ms
[2025-03-17T17:40:28.917+0100][159.544s][info][gc,cpu      ] GC(32) User=0.18s Sys=0.01s Real=0.02s
[2025-03-17T17:40:32.107+0100][162.733s][info][gc,start    ] GC(33) Pause Young (Normal) (G1 Evacuation Pause)
[2025-03-17T17:40:32.107+0100][162.734s][info][gc,task     ] GC(33) Using 9 workers of 9 for evacuation
[2025-03-17T17:40:32.147+0100][162.773s][info][gc,phases   ] GC(33)   Pre Evacuate Collection Set: 0.7ms
[2025-03-17T17:40:32.147+0100][162.773s][info][gc,phases   ] GC(33)   Merge Heap Roots: 0.2ms
[2025-03-17T17:40:32.147+0100][162.773s][info][gc,phases   ] GC(33)   Evacuate Collection Set: 38.0ms
[2025-03-17T17:40:32.147+0100][162.773s][info][gc,phases   ] GC(33)   Post Evacuate Collection Set: 0.8ms
[2025-03-17T17:40:32.147+0100][162.773s][info][gc,phases   ] GC(33)   Other: 0.2ms
[2025-03-17T17:40:32.147+0100][162.773s][info][gc,heap     ] GC(33) Eden regions: 284->0(285)
[2025-03-17T17:40:32.147+0100][162.773s][info][gc,heap     ] GC(33) Survivor regions: 23->22(39)
[2025-03-17T17:40:32.147+0100][162.773s][info][gc,heap     ] GC(33) Old regions: 78->82
[2025-03-17T17:40:32.147+0100][162.773s][info][gc,heap     ] GC(33) Humongous regions: 1->1
[2025-03-17T17:40:32.147+0100][162.773s][info][gc,metaspace] GC(33) Metaspace: 27880K(28288K)->27880K(28288K) NonClass: 24259K(24512K)->24259K(24512K) Class: 3621K(3776K)->3621K(3776K)
[2025-03-17T17:40:32.147+0100][162.773s][info][gc          ] GC(33) Pause Young (Normal) (G1 Evacuation Pause) 1538M->411M(2048M) 40.263ms
[2025-03-17T17:40:32.147+0100][162.774s][info][gc,cpu      ] GC(33) User=0.30s Sys=0.01s Real=0.04s
[2025-03-17T17:42:30.451+0100][281.076s][info][gc,start    ] GC(34) Pause Young (Normal) (G1 Evacuation Pause)
[2025-03-17T17:42:30.452+0100][281.077s][info][gc,task     ] GC(34) Using 9 workers of 9 for evacuation
[2025-03-17T17:42:30.473+0100][281.098s][info][gc,phases   ] GC(34)   Pre Evacuate Collection Set: 0.4ms
[2025-03-17T17:42:30.473+0100][281.098s][info][gc,phases   ] GC(34)   Merge Heap Roots: 0.2ms
[2025-03-17T17:42:30.473+0100][281.098s][info][gc,phases   ] GC(34)   Evacuate Collection Set: 19.6ms
[2025-03-17T17:42:30.473+0100][281.098s][info][gc,phases   ] GC(34)   Post Evacuate Collection Set: 1.1ms
[2025-03-17T17:42:30.473+0100][281.098s][info][gc,phases   ] GC(34)   Other: 0.1ms
[2025-03-17T17:42:30.473+0100][281.098s][info][gc,heap     ] GC(34) Eden regions: 285->0(281)
[2025-03-17T17:42:30.473+0100][281.098s][info][gc,heap     ] GC(34) Survivor regions: 22->26(39)
[2025-03-17T17:42:30.473+0100][281.098s][info][gc,heap     ] GC(34) Old regions: 82->82
[2025-03-17T17:42:30.473+0100][281.098s][info][gc,heap     ] GC(34) Humongous regions: 1->1
[2025-03-17T17:42:30.473+0100][281.098s][info][gc,metaspace] GC(34) Metaspace: 27923K(28288K)->27923K(28288K) NonClass: 24301K(24512K)->24301K(24512K) Class: 3621K(3776K)->3621K(3776K)
[2025-03-17T17:42:30.473+0100][281.098s][info][gc          ] GC(34) Pause Young (Normal) (G1 Evacuation Pause) 1551M->426M(2048M) 22.561ms
[2025-03-17T17:42:30.473+0100][281.098s][info][gc,cpu      ] GC(34) User=0.17s Sys=0.01s Real=0.02s
[2025-03-17T17:42:47.679+0100][298.304s][info][gc,start    ] GC(35) Pause Young (Normal) (G1 Evacuation Pause)
[2025-03-17T17:42:47.679+0100][298.304s][info][gc,task     ] GC(35) Using 9 workers of 9 for evacuation
[2025-03-17T17:42:47.703+0100][298.327s][info][gc,phases   ] GC(35)   Pre Evacuate Collection Set: 0.2ms
[2025-03-17T17:42:47.703+0100][298.327s][info][gc,phases   ] GC(35)   Merge Heap Roots: 0.1ms
[2025-03-17T17:42:47.703+0100][298.327s][info][gc,phases   ] GC(35)   Evacuate Collection Set: 22.3ms
[2025-03-17T17:42:47.703+0100][298.327s][info][gc,phases   ] GC(35)   Post Evacuate Collection Set: 0.6ms
[2025-03-17T17:42:47.703+0100][298.327s][info][gc,phases   ] GC(35)   Other: 0.0ms
[2025-03-17T17:42:47.703+0100][298.327s][info][gc,heap     ] GC(35) Eden regions: 281->0(284)
[2025-03-17T17:42:47.703+0100][298.327s][info][gc,heap     ] GC(35) Survivor regions: 26->23(39)
[2025-03-17T17:42:47.703+0100][298.327s][info][gc,heap     ] GC(35) Old regions: 82->87
[2025-03-17T17:42:47.703+0100][298.327s][info][gc,heap     ] GC(35) Humongous regions: 1->1
[2025-03-17T17:42:47.703+0100][298.327s][info][gc,metaspace] GC(35) Metaspace: 27928K(28288K)->27928K(28288K) NonClass: 24306K(24512K)->24306K(24512K) Class: 3621K(3776K)->3621K(3776K)
[2025-03-17T17:42:47.703+0100][298.327s][info][gc          ] GC(35) Pause Young (Normal) (G1 Evacuation Pause) 1550M->438M(2048M) 23.438ms
[2025-03-17T17:42:47.703+0100][298.327s][info][gc,cpu      ] GC(35) User=0.19s Sys=0.00s Real=0.03s
[2025-03-17T17:42:53.815+0100][304.439s][info][gc,start    ] GC(36) Pause Young (Normal) (G1 Evacuation Pause)
[2025-03-17T17:42:53.815+0100][304.439s][info][gc,task     ] GC(36) Using 9 workers of 9 for evacuation
[2025-03-17T17:42:53.836+0100][304.460s][info][gc,phases   ] GC(36)   Pre Evacuate Collection Set: 0.2ms
[2025-03-17T17:42:53.836+0100][304.460s][info][gc,phases   ] GC(36)   Merge Heap Roots: 0.1ms
[2025-03-17T17:42:53.836+0100][304.460s][info][gc,phases   ] GC(36)   Evacuate Collection Set: 19.9ms
[2025-03-17T17:42:53.836+0100][304.460s][info][gc,phases   ] GC(36)   Post Evacuate Collection Set: 0.7ms
[2025-03-17T17:42:53.836+0100][304.460s][info][gc,phases   ] GC(36)   Other: 0.1ms
[2025-03-17T17:42:53.836+0100][304.460s][info][gc,heap     ] GC(36) Eden regions: 284->0(285)
[2025-03-17T17:42:53.836+0100][304.460s][info][gc,heap     ] GC(36) Survivor regions: 23->22(39)
[2025-03-17T17:42:53.836+0100][304.460s][info][gc,heap     ] GC(36) Old regions: 87->90
[2025-03-17T17:42:53.836+0100][304.460s][info][gc,heap     ] GC(36) Humongous regions: 1->1
[2025-03-17T17:42:53.836+0100][304.460s][info][gc,metaspace] GC(36) Metaspace: 27946K(28288K)->27946K(28288K) NonClass: 24324K(24512K)->24324K(24512K) Class: 3621K(3776K)->3621K(3776K)
[2025-03-17T17:42:53.836+0100][304.460s][info][gc          ] GC(36) Pause Young (Normal) (G1 Evacuation Pause) 1574M->449M(2048M) 21.095ms
[2025-03-17T17:42:53.836+0100][304.460s][info][gc,cpu      ] GC(36) User=0.18s Sys=0.00s Real=0.02s
[2025-03-17T17:43:29.742+0100][340.366s][info][gc,heap,exit] Heap
[2025-03-17T17:43:29.743+0100][340.367s][info][gc,heap,exit]  garbage-first heap   total 2097152K, used 941071K [0x0000000700000000, 0x0000000800000000)
[2025-03-17T17:43:29.743+0100][340.367s][info][gc,heap,exit]   region size 4096K, 140 young (573440K), 22 survivors (90112K)
[2025-03-17T17:43:29.743+0100][340.367s][info][gc,heap,exit]  Metaspace       used 27956K, committed 28288K, reserved 1114112K
[2025-03-17T17:43:29.743+0100][340.367s][info][gc,heap,exit]   class space    used 3623K, committed 3776K, reserved 1048576K
