[2025-03-16T17:03:06.679+0100][0.005s][info][gc,init] CardTable entry size: 512
[2025-03-16T17:03:06.680+0100][0.005s][info][gc     ] Using G1
[2025-03-16T17:03:06.681+0100][0.006s][info][gc,init] Version: 21.0.1+12-LTS-29 (release)
[2025-03-16T17:03:06.681+0100][0.006s][info][gc,init] CPUs: 10 total, 10 available
[2025-03-16T17:03:06.681+0100][0.006s][info][gc,init] Memory: 32768M
[2025-03-16T17:03:06.681+0100][0.006s][info][gc,init] Large Page Support: Disabled
[2025-03-16T17:03:06.681+0100][0.006s][info][gc,init] NUMA Support: Disabled
[2025-03-16T17:03:06.681+0100][0.006s][info][gc,init] Compressed Oops: Enabled (Zero based)
[2025-03-16T17:03:06.681+0100][0.006s][info][gc,init] Heap Region Size: 4M
[2025-03-16T17:03:06.681+0100][0.006s][info][gc,init] Heap Min Capacity: 2G
[2025-03-16T17:03:06.681+0100][0.006s][info][gc,init] Heap Initial Capacity: 2G
[2025-03-16T17:03:06.681+0100][0.006s][info][gc,init] Heap Max Capacity: 4G
[2025-03-16T17:03:06.681+0100][0.006s][info][gc,init] Pre-touch: Disabled
[2025-03-16T17:03:06.681+0100][0.006s][info][gc,init] Parallel Workers: 9
[2025-03-16T17:03:06.681+0100][0.006s][info][gc,init] Concurrent Workers: 2
[2025-03-16T17:03:06.681+0100][0.006s][info][gc,init] Concurrent Refinement Workers: 9
[2025-03-16T17:03:06.681+0100][0.006s][info][gc,init] Periodic GC: Disabled
[2025-03-16T17:03:06.685+0100][0.010s][info][gc,metaspace] CDS archive(s) mapped at: [0x0000007000000000-0x0000007000ca4000-0x0000007000ca4000), size 13254656, SharedBaseAddress: 0x0000007000000000, ArchiveRelocationMode: 1.
[2025-03-16T17:03:06.685+0100][0.010s][info][gc,metaspace] Compressed class space mapped at: 0x0000007001000000-0x0000007041000000, reserved size: 1073741824
[2025-03-16T17:03:06.685+0100][0.010s][info][gc,metaspace] Narrow klass base: 0x0000007000000000, Narrow klass shift: 0, Narrow klass range: 0x100000000
[2025-03-16T17:03:07.595+0100][0.921s][info][gc,start    ] GC(0) Pause Young (Normal) (G1 Evacuation Pause)
[2025-03-16T17:03:07.596+0100][0.921s][info][gc,task     ] GC(0) Using 9 workers of 9 for evacuation
[2025-03-16T17:03:07.599+0100][0.924s][info][gc,phases   ] GC(0)   Pre Evacuate Collection Set: 0.1ms
[2025-03-16T17:03:07.599+0100][0.924s][info][gc,phases   ] GC(0)   Merge Heap Roots: 0.0ms
[2025-03-16T17:03:07.599+0100][0.924s][info][gc,phases   ] GC(0)   Evacuate Collection Set: 2.6ms
[2025-03-16T17:03:07.599+0100][0.924s][info][gc,phases   ] GC(0)   Post Evacuate Collection Set: 0.3ms
[2025-03-16T17:03:07.599+0100][0.924s][info][gc,phases   ] GC(0)   Other: 0.2ms
[2025-03-16T17:03:07.599+0100][0.924s][info][gc,heap     ] GC(0) Eden regions: 25->0(22)
[2025-03-16T17:03:07.599+0100][0.924s][info][gc,heap     ] GC(0) Survivor regions: 0->3(4)
[2025-03-16T17:03:07.599+0100][0.924s][info][gc,heap     ] GC(0) Old regions: 1->1
[2025-03-16T17:03:07.599+0100][0.924s][info][gc,heap     ] GC(0) Humongous regions: 3->1
[2025-03-16T17:03:07.599+0100][0.924s][info][gc,metaspace] GC(0) Metaspace: 18106K(18304K)->18106K(18304K) NonClass: 15338K(15424K)->15338K(15424K) Class: 2768K(2880K)->2768K(2880K)
[2025-03-16T17:03:07.599+0100][0.924s][info][gc          ] GC(0) Pause Young (Normal) (G1 Evacuation Pause) 113M->13M(2052M) 3.512ms
[2025-03-16T17:03:07.599+0100][0.925s][info][gc,cpu      ] GC(0) User=0.02s Sys=0.01s Real=0.00s
[2025-03-16T17:03:14.319+0100][7.645s][info][gc,start    ] GC(1) Pause Young (Normal) (G1 Evacuation Pause)
[2025-03-16T17:03:14.319+0100][7.645s][info][gc,task     ] GC(1) Using 9 workers of 9 for evacuation
[2025-03-16T17:03:14.324+0100][7.649s][info][gc,phases   ] GC(1)   Pre Evacuate Collection Set: 0.1ms
[2025-03-16T17:03:14.324+0100][7.650s][info][gc,phases   ] GC(1)   Merge Heap Roots: 0.1ms
[2025-03-16T17:03:14.324+0100][7.650s][info][gc,phases   ] GC(1)   Evacuate Collection Set: 4.0ms
[2025-03-16T17:03:14.324+0100][7.650s][info][gc,phases   ] GC(1)   Post Evacuate Collection Set: 0.5ms
[2025-03-16T17:03:14.324+0100][7.650s][info][gc,phases   ] GC(1)   Other: 0.0ms
[2025-03-16T17:03:14.324+0100][7.650s][info][gc,heap     ] GC(1) Eden regions: 22->0(24)
[2025-03-16T17:03:14.324+0100][7.650s][info][gc,heap     ] GC(1) Survivor regions: 3->1(4)
[2025-03-16T17:03:14.324+0100][7.650s][info][gc,heap     ] GC(1) Old regions: 1->4
[2025-03-16T17:03:14.324+0100][7.650s][info][gc,heap     ] GC(1) Humongous regions: 1->1
[2025-03-16T17:03:14.324+0100][7.650s][info][gc,metaspace] GC(1) Metaspace: 19790K(20096K)->19790K(20096K) NonClass: 16938K(17088K)->16938K(17088K) Class: 2851K(3008K)->2851K(3008K)
[2025-03-16T17:03:14.324+0100][7.650s][info][gc          ] GC(1) Pause Young (Normal) (G1 Evacuation Pause) 101M->17M(2052M) 4.899ms
[2025-03-16T17:03:14.324+0100][7.650s][info][gc,cpu      ] GC(1) User=0.01s Sys=0.01s Real=0.01s
[2025-03-16T17:03:19.197+0100][12.523s][info][gc,start    ] GC(2) Pause Young (Concurrent Start) (Metadata GC Threshold)
[2025-03-16T17:03:19.197+0100][12.523s][info][gc,task     ] GC(2) Using 9 workers of 9 for evacuation
[2025-03-16T17:03:19.199+0100][12.524s][info][gc,phases   ] GC(2)   Pre Evacuate Collection Set: 0.2ms
[2025-03-16T17:03:19.199+0100][12.524s][info][gc,phases   ] GC(2)   Merge Heap Roots: 0.1ms
[2025-03-16T17:03:19.199+0100][12.524s][info][gc,phases   ] GC(2)   Evacuate Collection Set: 1.1ms
[2025-03-16T17:03:19.199+0100][12.525s][info][gc,phases   ] GC(2)   Post Evacuate Collection Set: 0.2ms
[2025-03-16T17:03:19.199+0100][12.525s][info][gc,phases   ] GC(2)   Other: 0.0ms
[2025-03-16T17:03:19.199+0100][12.525s][info][gc,heap     ] GC(2) Eden regions: 10->0(48)
[2025-03-16T17:03:19.199+0100][12.525s][info][gc,heap     ] GC(2) Survivor regions: 1->1(4)
[2025-03-16T17:03:19.199+0100][12.525s][info][gc,heap     ] GC(2) Old regions: 4->4
[2025-03-16T17:03:19.199+0100][12.525s][info][gc,heap     ] GC(2) Humongous regions: 23->2
[2025-03-16T17:03:19.199+0100][12.525s][info][gc,metaspace] GC(2) Metaspace: 21265K(21504K)->21265K(21504K) NonClass: 18318K(18432K)->18318K(18432K) Class: 2946K(3072K)->2946K(3072K)
[2025-03-16T17:03:19.199+0100][12.525s][info][gc          ] GC(2) Pause Young (Concurrent Start) (Metadata GC Threshold) 144M->19M(2052M) 1.791ms
[2025-03-16T17:03:19.199+0100][12.525s][info][gc,cpu      ] GC(2) User=0.01s Sys=0.00s Real=0.00s
[2025-03-16T17:03:19.199+0100][12.525s][info][gc          ] GC(3) Concurrent Mark Cycle
[2025-03-16T17:03:19.199+0100][12.525s][info][gc,marking  ] GC(3) Concurrent Scan Root Regions
[2025-03-16T17:03:19.200+0100][12.525s][info][gc,marking  ] GC(3) Concurrent Scan Root Regions 0.691ms
[2025-03-16T17:03:19.200+0100][12.525s][info][gc,marking  ] GC(3) Concurrent Mark
[2025-03-16T17:03:19.200+0100][12.525s][info][gc,marking  ] GC(3) Concurrent Mark From Roots
[2025-03-16T17:03:19.200+0100][12.525s][info][gc,task     ] GC(3) Using 2 workers of 2 for marking
[2025-03-16T17:03:19.205+0100][12.531s][info][gc,marking  ] GC(3) Concurrent Mark From Roots 5.537ms
[2025-03-16T17:03:19.205+0100][12.531s][info][gc,marking  ] GC(3) Concurrent Preclean
[2025-03-16T17:03:19.205+0100][12.531s][info][gc,marking  ] GC(3) Concurrent Preclean 0.044ms
[2025-03-16T17:03:19.205+0100][12.531s][info][gc,start    ] GC(3) Pause Remark
[2025-03-16T17:03:19.207+0100][12.532s][info][gc          ] GC(3) Pause Remark 23M->23M(2048M) 1.316ms
[2025-03-16T17:03:19.207+0100][12.532s][info][gc,cpu      ] GC(3) User=0.01s Sys=0.00s Real=0.00s
[2025-03-16T17:03:19.207+0100][12.532s][info][gc,marking  ] GC(3) Concurrent Mark 7.072ms
[2025-03-16T17:03:19.207+0100][12.532s][info][gc,marking  ] GC(3) Concurrent Rebuild Remembered Sets and Scrub Regions
[2025-03-16T17:03:19.209+0100][12.535s][info][gc,marking  ] GC(3) Concurrent Rebuild Remembered Sets and Scrub Regions 2.608ms
[2025-03-16T17:03:19.210+0100][12.535s][info][gc,start    ] GC(3) Pause Cleanup
[2025-03-16T17:03:19.210+0100][12.535s][info][gc          ] GC(3) Pause Cleanup 23M->23M(2048M) 0.078ms
[2025-03-16T17:03:19.210+0100][12.535s][info][gc,cpu      ] GC(3) User=0.00s Sys=0.00s Real=0.00s
[2025-03-16T17:03:19.210+0100][12.535s][info][gc,marking  ] GC(3) Concurrent Clear Claimed Marks
[2025-03-16T17:03:19.210+0100][12.535s][info][gc,marking  ] GC(3) Concurrent Clear Claimed Marks 0.014ms
[2025-03-16T17:03:19.210+0100][12.535s][info][gc,marking  ] GC(3) Concurrent Cleanup for Next Mark
[2025-03-16T17:03:19.212+0100][12.538s][info][gc,marking  ] GC(3) Concurrent Cleanup for Next Mark 2.797ms
[2025-03-16T17:03:19.212+0100][12.538s][info][gc          ] GC(3) Concurrent Mark Cycle 13.473ms
[2025-03-16T17:03:20.172+0100][13.498s][info][gc,start    ] GC(4) Pause Young (Prepare Mixed) (G1 Evacuation Pause)
[2025-03-16T17:03:20.172+0100][13.498s][info][gc,task     ] GC(4) Using 9 workers of 9 for evacuation
[2025-03-16T17:03:20.183+0100][13.509s][info][gc,phases   ] GC(4)   Pre Evacuate Collection Set: 0.1ms
[2025-03-16T17:03:20.183+0100][13.509s][info][gc,phases   ] GC(4)   Merge Heap Roots: 0.0ms
[2025-03-16T17:03:20.183+0100][13.509s][info][gc,phases   ] GC(4)   Evacuate Collection Set: 8.8ms
[2025-03-16T17:03:20.183+0100][13.509s][info][gc,phases   ] GC(4)   Post Evacuate Collection Set: 1.9ms
[2025-03-16T17:03:20.183+0100][13.509s][info][gc,phases   ] GC(4)   Other: 0.1ms
[2025-03-16T17:03:20.183+0100][13.509s][info][gc,heap     ] GC(4) Eden regions: 46->0(19)
[2025-03-16T17:03:20.183+0100][13.509s][info][gc,heap     ] GC(4) Survivor regions: 1->6(6)
[2025-03-16T17:03:20.183+0100][13.509s][info][gc,heap     ] GC(4) Old regions: 4->5
[2025-03-16T17:03:20.183+0100][13.509s][info][gc,heap     ] GC(4) Humongous regions: 2->2
[2025-03-16T17:03:20.183+0100][13.509s][info][gc,metaspace] GC(4) Metaspace: 26872K(27264K)->26872K(27264K) NonClass: 23266K(23488K)->23266K(23488K) Class: 3605K(3776K)->3605K(3776K)
[2025-03-16T17:03:20.183+0100][13.509s][info][gc          ] GC(4) Pause Young (Prepare Mixed) (G1 Evacuation Pause) 203M->42M(2048M) 11.077ms
[2025-03-16T17:03:20.183+0100][13.509s][info][gc,cpu      ] GC(4) User=0.05s Sys=0.01s Real=0.01s
[2025-03-16T17:03:20.322+0100][13.647s][info][gc,start    ] GC(5) Pause Young (Mixed) (G1 Evacuation Pause)
[2025-03-16T17:03:20.322+0100][13.647s][info][gc,task     ] GC(5) Using 9 workers of 9 for evacuation
[2025-03-16T17:03:20.328+0100][13.654s][info][gc,phases   ] GC(5)   Pre Evacuate Collection Set: 0.1ms
[2025-03-16T17:03:20.328+0100][13.654s][info][gc,phases   ] GC(5)   Merge Heap Roots: 0.0ms
[2025-03-16T17:03:20.328+0100][13.654s][info][gc,phases   ] GC(5)   Evacuate Collection Set: 5.8ms
[2025-03-16T17:03:20.328+0100][13.654s][info][gc,phases   ] GC(5)   Post Evacuate Collection Set: 0.6ms
[2025-03-16T17:03:20.328+0100][13.654s][info][gc,phases   ] GC(5)   Other: 0.0ms
[2025-03-16T17:03:20.328+0100][13.654s][info][gc,heap     ] GC(5) Eden regions: 19->0(21)
[2025-03-16T17:03:20.328+0100][13.654s][info][gc,heap     ] GC(5) Survivor regions: 6->4(4)
[2025-03-16T17:03:20.328+0100][13.654s][info][gc,heap     ] GC(5) Old regions: 5->7
[2025-03-16T17:03:20.328+0100][13.654s][info][gc,heap     ] GC(5) Humongous regions: 2->2
[2025-03-16T17:03:20.328+0100][13.654s][info][gc,metaspace] GC(5) Metaspace: 26912K(27264K)->26912K(27264K) NonClass: 23306K(23488K)->23306K(23488K) Class: 3605K(3776K)->3605K(3776K)
[2025-03-16T17:03:20.328+0100][13.654s][info][gc          ] GC(5) Pause Young (Mixed) (G1 Evacuation Pause) 118M->46M(2048M) 6.753ms
[2025-03-16T17:03:20.328+0100][13.654s][info][gc,cpu      ] GC(5) User=0.03s Sys=0.01s Real=0.00s
[2025-03-16T17:03:20.553+0100][13.878s][info][gc,start    ] GC(6) Pause Young (Normal) (G1 Evacuation Pause)
[2025-03-16T17:03:20.553+0100][13.878s][info][gc,task     ] GC(6) Using 9 workers of 9 for evacuation
[2025-03-16T17:03:20.559+0100][13.884s][info][gc,phases   ] GC(6)   Pre Evacuate Collection Set: 0.1ms
[2025-03-16T17:03:20.559+0100][13.884s][info][gc,phases   ] GC(6)   Merge Heap Roots: 0.0ms
[2025-03-16T17:03:20.559+0100][13.884s][info][gc,phases   ] GC(6)   Evacuate Collection Set: 5.3ms
[2025-03-16T17:03:20.559+0100][13.884s][info][gc,phases   ] GC(6)   Post Evacuate Collection Set: 0.4ms
[2025-03-16T17:03:20.559+0100][13.884s][info][gc,phases   ] GC(6)   Other: 0.0ms
[2025-03-16T17:03:20.559+0100][13.884s][info][gc,heap     ] GC(6) Eden regions: 21->0(21)
[2025-03-16T17:03:20.559+0100][13.884s][info][gc,heap     ] GC(6) Survivor regions: 4->4(4)
[2025-03-16T17:03:20.559+0100][13.884s][info][gc,heap     ] GC(6) Old regions: 7->8
[2025-03-16T17:03:20.559+0100][13.884s][info][gc,heap     ] GC(6) Humongous regions: 2->2
[2025-03-16T17:03:20.559+0100][13.884s][info][gc,metaspace] GC(6) Metaspace: 26961K(27328K)->26961K(27328K) NonClass: 23355K(23552K)->23355K(23552K) Class: 3605K(3776K)->3605K(3776K)
[2025-03-16T17:03:20.559+0100][13.884s][info][gc          ] GC(6) Pause Young (Normal) (G1 Evacuation Pause) 130M->49M(2048M) 6.061ms
[2025-03-16T17:03:20.559+0100][13.884s][info][gc,cpu      ] GC(6) User=0.04s Sys=0.01s Real=0.00s
[2025-03-16T17:03:20.789+0100][14.114s][info][gc,start    ] GC(7) Pause Young (Normal) (G1 Evacuation Pause)
[2025-03-16T17:03:20.789+0100][14.114s][info][gc,task     ] GC(7) Using 9 workers of 9 for evacuation
[2025-03-16T17:03:20.793+0100][14.119s][info][gc,phases   ] GC(7)   Pre Evacuate Collection Set: 0.1ms
[2025-03-16T17:03:20.793+0100][14.119s][info][gc,phases   ] GC(7)   Merge Heap Roots: 0.0ms
[2025-03-16T17:03:20.793+0100][14.119s][info][gc,phases   ] GC(7)   Evacuate Collection Set: 3.7ms
[2025-03-16T17:03:20.793+0100][14.119s][info][gc,phases   ] GC(7)   Post Evacuate Collection Set: 0.3ms
[2025-03-16T17:03:20.793+0100][14.119s][info][gc,phases   ] GC(7)   Other: 0.0ms
[2025-03-16T17:03:20.793+0100][14.119s][info][gc,heap     ] GC(7) Eden regions: 24->0(44)
[2025-03-16T17:03:20.793+0100][14.119s][info][gc,heap     ] GC(7) Survivor regions: 4->4(4)
[2025-03-16T17:03:20.793+0100][14.119s][info][gc,heap     ] GC(7) Old regions: 8->9
[2025-03-16T17:03:20.793+0100][14.119s][info][gc,heap     ] GC(7) Humongous regions: 2->2
[2025-03-16T17:03:20.793+0100][14.119s][info][gc,metaspace] GC(7) Metaspace: 26978K(27328K)->26978K(27328K) NonClass: 23373K(23552K)->23373K(23552K) Class: 3605K(3776K)->3605K(3776K)
[2025-03-16T17:03:20.793+0100][14.119s][info][gc          ] GC(7) Pause Young (Normal) (G1 Evacuation Pause) 145M->52M(2048M) 4.410ms
[2025-03-16T17:03:20.793+0100][14.119s][info][gc,cpu      ] GC(7) User=0.02s Sys=0.00s Real=0.01s
[2025-03-16T17:03:21.242+0100][14.568s][info][gc,start    ] GC(8) Pause Young (Normal) (G1 Evacuation Pause)
[2025-03-16T17:03:21.242+0100][14.568s][info][gc,task     ] GC(8) Using 9 workers of 9 for evacuation
[2025-03-16T17:03:21.249+0100][14.575s][info][gc,phases   ] GC(8)   Pre Evacuate Collection Set: 0.1ms
[2025-03-16T17:03:21.249+0100][14.575s][info][gc,phases   ] GC(8)   Merge Heap Roots: 0.0ms
[2025-03-16T17:03:21.249+0100][14.575s][info][gc,phases   ] GC(8)   Evacuate Collection Set: 6.9ms
[2025-03-16T17:03:21.249+0100][14.575s][info][gc,phases   ] GC(8)   Post Evacuate Collection Set: 0.3ms
[2025-03-16T17:03:21.249+0100][14.575s][info][gc,phases   ] GC(8)   Other: 0.0ms
[2025-03-16T17:03:21.249+0100][14.575s][info][gc,heap     ] GC(8) Eden regions: 46->0(98)
[2025-03-16T17:03:21.249+0100][14.575s][info][gc,heap     ] GC(8) Survivor regions: 4->5(7)
[2025-03-16T17:03:21.249+0100][14.575s][info][gc,heap     ] GC(8) Old regions: 9->9
[2025-03-16T17:03:21.249+0100][14.575s][info][gc,heap     ] GC(8) Humongous regions: 2->2
[2025-03-16T17:03:21.249+0100][14.575s][info][gc,metaspace] GC(8) Metaspace: 27026K(27392K)->27026K(27392K) NonClass: 23420K(23616K)->23420K(23616K) Class: 3606K(3776K)->3606K(3776K)
[2025-03-16T17:03:21.249+0100][14.575s][info][gc          ] GC(8) Pause Young (Normal) (G1 Evacuation Pause) 236M->55M(2048M) 7.500ms
[2025-03-16T17:03:21.249+0100][14.575s][info][gc,cpu      ] GC(8) User=0.03s Sys=0.01s Real=0.00s
[2025-03-16T17:03:22.327+0100][15.653s][info][gc,start    ] GC(9) Pause Young (Normal) (G1 Evacuation Pause)
[2025-03-16T17:03:22.327+0100][15.653s][info][gc,task     ] GC(9) Using 9 workers of 9 for evacuation
[2025-03-16T17:03:22.337+0100][15.662s][info][gc,phases   ] GC(9)   Pre Evacuate Collection Set: 0.1ms
[2025-03-16T17:03:22.337+0100][15.662s][info][gc,phases   ] GC(9)   Merge Heap Roots: 0.1ms
[2025-03-16T17:03:22.337+0100][15.662s][info][gc,phases   ] GC(9)   Evacuate Collection Set: 8.8ms
[2025-03-16T17:03:22.337+0100][15.662s][info][gc,phases   ] GC(9)   Post Evacuate Collection Set: 0.4ms
[2025-03-16T17:03:22.337+0100][15.662s][info][gc,phases   ] GC(9)   Other: 0.1ms
[2025-03-16T17:03:22.337+0100][15.662s][info][gc,heap     ] GC(9) Eden regions: 103->0(232)
[2025-03-16T17:03:22.337+0100][15.662s][info][gc,heap     ] GC(9) Survivor regions: 5->5(14)
[2025-03-16T17:03:22.337+0100][15.662s][info][gc,heap     ] GC(9) Old regions: 9->9
[2025-03-16T17:03:22.337+0100][15.662s][info][gc,heap     ] GC(9) Humongous regions: 2->2
[2025-03-16T17:03:22.337+0100][15.662s][info][gc,metaspace] GC(9) Metaspace: 27174K(27520K)->27174K(27520K) NonClass: 23567K(23744K)->23567K(23744K) Class: 3606K(3776K)->3606K(3776K)
[2025-03-16T17:03:22.337+0100][15.662s][info][gc          ] GC(9) Pause Young (Normal) (G1 Evacuation Pause) 467M->55M(2048M) 9.625ms
[2025-03-16T17:03:22.337+0100][15.662s][info][gc,cpu      ] GC(9) User=0.05s Sys=0.02s Real=0.01s
[2025-03-16T17:03:24.937+0100][18.263s][info][gc,start    ] GC(10) Pause Young (Normal) (G1 Evacuation Pause)
[2025-03-16T17:03:24.937+0100][18.263s][info][gc,task     ] GC(10) Using 9 workers of 9 for evacuation
[2025-03-16T17:03:24.947+0100][18.272s][info][gc,phases   ] GC(10)   Pre Evacuate Collection Set: 0.2ms
[2025-03-16T17:03:24.947+0100][18.272s][info][gc,phases   ] GC(10)   Merge Heap Roots: 0.1ms
[2025-03-16T17:03:24.947+0100][18.272s][info][gc,phases   ] GC(10)   Evacuate Collection Set: 8.5ms
[2025-03-16T17:03:24.947+0100][18.272s][info][gc,phases   ] GC(10)   Post Evacuate Collection Set: 0.5ms
[2025-03-16T17:03:24.947+0100][18.272s][info][gc,phases   ] GC(10)   Other: 0.1ms
[2025-03-16T17:03:24.947+0100][18.272s][info][gc,heap     ] GC(10) Eden regions: 238->0(301)
[2025-03-16T17:03:24.947+0100][18.272s][info][gc,heap     ] GC(10) Survivor regions: 5->6(31)
[2025-03-16T17:03:24.947+0100][18.272s][info][gc,heap     ] GC(10) Old regions: 9->9
[2025-03-16T17:03:24.947+0100][18.272s][info][gc,heap     ] GC(10) Humongous regions: 2->2
[2025-03-16T17:03:24.947+0100][18.272s][info][gc,metaspace] GC(10) Metaspace: 27409K(27776K)->27409K(27776K) NonClass: 23801K(24000K)->23801K(24000K) Class: 3607K(3776K)->3607K(3776K)
[2025-03-16T17:03:24.947+0100][18.272s][info][gc          ] GC(10) Pause Young (Normal) (G1 Evacuation Pause) 1007M->61M(2048M) 9.508ms
[2025-03-16T17:03:24.947+0100][18.272s][info][gc,cpu      ] GC(10) User=0.05s Sys=0.02s Real=0.01s
[2025-03-16T17:03:28.270+0100][21.595s][info][gc,start    ] GC(11) Pause Young (Normal) (G1 Evacuation Pause)
[2025-03-16T17:03:28.270+0100][21.596s][info][gc,task     ] GC(11) Using 9 workers of 9 for evacuation
[2025-03-16T17:03:28.279+0100][21.605s][info][gc,phases   ] GC(11)   Pre Evacuate Collection Set: 0.4ms
[2025-03-16T17:03:28.279+0100][21.605s][info][gc,phases   ] GC(11)   Merge Heap Roots: 0.1ms
[2025-03-16T17:03:28.279+0100][21.605s][info][gc,phases   ] GC(11)   Evacuate Collection Set: 7.9ms
[2025-03-16T17:03:28.279+0100][21.605s][info][gc,phases   ] GC(11)   Post Evacuate Collection Set: 0.6ms
[2025-03-16T17:03:28.279+0100][21.605s][info][gc,phases   ] GC(11)   Other: 0.1ms
[2025-03-16T17:03:28.279+0100][21.605s][info][gc,heap     ] GC(11) Eden regions: 301->0(301)
[2025-03-16T17:03:28.279+0100][21.605s][info][gc,heap     ] GC(11) Survivor regions: 6->6(39)
[2025-03-16T17:03:28.279+0100][21.605s][info][gc,heap     ] GC(11) Old regions: 9->9
[2025-03-16T17:03:28.279+0100][21.605s][info][gc,heap     ] GC(11) Humongous regions: 2->2
[2025-03-16T17:03:28.279+0100][21.605s][info][gc,metaspace] GC(11) Metaspace: 27566K(27904K)->27566K(27904K) NonClass: 23958K(24128K)->23958K(24128K) Class: 3607K(3776K)->3607K(3776K)
[2025-03-16T17:03:28.280+0100][21.605s][info][gc          ] GC(11) Pause Young (Normal) (G1 Evacuation Pause) 1265M->59M(2048M) 9.658ms
[2025-03-16T17:03:28.280+0100][21.605s][info][gc,cpu      ] GC(11) User=0.04s Sys=0.01s Real=0.01s
[2025-03-16T17:03:31.530+0100][24.857s][info][gc,start    ] GC(12) Pause Young (Normal) (G1 Evacuation Pause)
[2025-03-16T17:03:31.530+0100][24.857s][info][gc,task     ] GC(12) Using 9 workers of 9 for evacuation
[2025-03-16T17:03:31.537+0100][24.865s][info][gc,phases   ] GC(12)   Pre Evacuate Collection Set: 0.1ms
[2025-03-16T17:03:31.537+0100][24.865s][info][gc,phases   ] GC(12)   Merge Heap Roots: 0.1ms
[2025-03-16T17:03:31.537+0100][24.865s][info][gc,phases   ] GC(12)   Evacuate Collection Set: 6.9ms
[2025-03-16T17:03:31.537+0100][24.865s][info][gc,phases   ] GC(12)   Post Evacuate Collection Set: 0.5ms
[2025-03-16T17:03:31.537+0100][24.865s][info][gc,phases   ] GC(12)   Other: 0.1ms
[2025-03-16T17:03:31.537+0100][24.865s][info][gc,heap     ] GC(12) Eden regions: 301->0(300)
[2025-03-16T17:03:31.537+0100][24.865s][info][gc,heap     ] GC(12) Survivor regions: 6->7(39)
[2025-03-16T17:03:31.537+0100][24.865s][info][gc,heap     ] GC(12) Old regions: 9->9
[2025-03-16T17:03:31.537+0100][24.865s][info][gc,heap     ] GC(12) Humongous regions: 2->2
[2025-03-16T17:03:31.537+0100][24.865s][info][gc,metaspace] GC(12) Metaspace: 27619K(27968K)->27619K(27968K) NonClass: 24012K(24192K)->24012K(24192K) Class: 3607K(3776K)->3607K(3776K)
[2025-03-16T17:03:31.537+0100][24.865s][info][gc          ] GC(12) Pause Young (Normal) (G1 Evacuation Pause) 1263M->63M(2048M) 7.758ms
[2025-03-16T17:03:31.537+0100][24.865s][info][gc,cpu      ] GC(12) User=0.04s Sys=0.01s Real=0.00s
[2025-03-16T17:03:35.011+0100][28.343s][info][gc,start    ] GC(13) Pause Young (Normal) (G1 Evacuation Pause)
[2025-03-16T17:03:35.012+0100][28.344s][info][gc,task     ] GC(13) Using 9 workers of 9 for evacuation
[2025-03-16T17:03:35.020+0100][28.351s][info][gc,phases   ] GC(13)   Pre Evacuate Collection Set: 0.2ms
[2025-03-16T17:03:35.020+0100][28.351s][info][gc,phases   ] GC(13)   Merge Heap Roots: 0.1ms
[2025-03-16T17:03:35.020+0100][28.351s][info][gc,phases   ] GC(13)   Evacuate Collection Set: 6.3ms
[2025-03-16T17:03:35.020+0100][28.351s][info][gc,phases   ] GC(13)   Post Evacuate Collection Set: 0.5ms
[2025-03-16T17:03:35.020+0100][28.351s][info][gc,phases   ] GC(13)   Other: 0.0ms
[2025-03-16T17:03:35.020+0100][28.351s][info][gc,heap     ] GC(13) Eden regions: 300->0(301)
[2025-03-16T17:03:35.020+0100][28.351s][info][gc,heap     ] GC(13) Survivor regions: 7->6(39)
[2025-03-16T17:03:35.020+0100][28.351s][info][gc,heap     ] GC(13) Old regions: 9->9
[2025-03-16T17:03:35.020+0100][28.351s][info][gc,heap     ] GC(13) Humongous regions: 2->2
[2025-03-16T17:03:35.020+0100][28.351s][info][gc,metaspace] GC(13) Metaspace: 27678K(28032K)->27678K(28032K) NonClass: 24070K(24256K)->24070K(24256K) Class: 3608K(3776K)->3608K(3776K)
[2025-03-16T17:03:35.020+0100][28.351s][info][gc          ] GC(13) Pause Young (Normal) (G1 Evacuation Pause) 1263M->59M(2048M) 8.226ms
[2025-03-16T17:03:35.020+0100][28.351s][info][gc,cpu      ] GC(13) User=0.04s Sys=0.01s Real=0.01s
[2025-03-16T17:03:38.360+0100][31.694s][info][gc,start    ] GC(14) Pause Young (Normal) (G1 Evacuation Pause)
[2025-03-16T17:03:38.360+0100][31.694s][info][gc,task     ] GC(14) Using 9 workers of 9 for evacuation
[2025-03-16T17:03:38.366+0100][31.700s][info][gc,phases   ] GC(14)   Pre Evacuate Collection Set: 0.1ms
[2025-03-16T17:03:38.366+0100][31.700s][info][gc,phases   ] GC(14)   Merge Heap Roots: 0.1ms
[2025-03-16T17:03:38.366+0100][31.700s][info][gc,phases   ] GC(14)   Evacuate Collection Set: 5.2ms
[2025-03-16T17:03:38.366+0100][31.700s][info][gc,phases   ] GC(14)   Post Evacuate Collection Set: 0.5ms
[2025-03-16T17:03:38.366+0100][31.700s][info][gc,phases   ] GC(14)   Other: 0.0ms
[2025-03-16T17:03:38.366+0100][31.700s][info][gc,heap     ] GC(14) Eden regions: 301->0(301)
[2025-03-16T17:03:38.366+0100][31.700s][info][gc,heap     ] GC(14) Survivor regions: 6->6(39)
[2025-03-16T17:03:38.366+0100][31.700s][info][gc,heap     ] GC(14) Old regions: 9->9
[2025-03-16T17:03:38.366+0100][31.700s][info][gc,heap     ] GC(14) Humongous regions: 2->2
[2025-03-16T17:03:38.366+0100][31.700s][info][gc,metaspace] GC(14) Metaspace: 27764K(28096K)->27764K(28096K) NonClass: 24153K(24320K)->24153K(24320K) Class: 3611K(3776K)->3611K(3776K)
[2025-03-16T17:03:38.366+0100][31.700s][info][gc          ] GC(14) Pause Young (Normal) (G1 Evacuation Pause) 1263M->58M(2048M) 6.022ms
[2025-03-16T17:03:38.366+0100][31.700s][info][gc,cpu      ] GC(14) User=0.04s Sys=0.01s Real=0.00s
[2025-03-16T17:03:41.774+0100][35.110s][info][gc,start    ] GC(15) Pause Young (Normal) (G1 Evacuation Pause)
[2025-03-16T17:03:41.774+0100][35.111s][info][gc,task     ] GC(15) Using 9 workers of 9 for evacuation
[2025-03-16T17:03:41.779+0100][35.116s][info][gc,phases   ] GC(15)   Pre Evacuate Collection Set: 0.1ms
[2025-03-16T17:03:41.779+0100][35.116s][info][gc,phases   ] GC(15)   Merge Heap Roots: 0.0ms
[2025-03-16T17:03:41.779+0100][35.116s][info][gc,phases   ] GC(15)   Evacuate Collection Set: 4.3ms
[2025-03-16T17:03:41.779+0100][35.116s][info][gc,phases   ] GC(15)   Post Evacuate Collection Set: 0.5ms
[2025-03-16T17:03:41.779+0100][35.116s][info][gc,phases   ] GC(15)   Other: 0.1ms
[2025-03-16T17:03:41.779+0100][35.116s][info][gc,heap     ] GC(15) Eden regions: 301->0(301)
[2025-03-16T17:03:41.779+0100][35.116s][info][gc,heap     ] GC(15) Survivor regions: 6->6(39)
[2025-03-16T17:03:41.779+0100][35.116s][info][gc,heap     ] GC(15) Old regions: 9->9
[2025-03-16T17:03:41.779+0100][35.116s][info][gc,heap     ] GC(15) Humongous regions: 2->2
[2025-03-16T17:03:41.779+0100][35.116s][info][gc,metaspace] GC(15) Metaspace: 27792K(28160K)->27792K(28160K) NonClass: 24181K(24384K)->24181K(24384K) Class: 3611K(3776K)->3611K(3776K)
[2025-03-16T17:03:41.779+0100][35.116s][info][gc          ] GC(15) Pause Young (Normal) (G1 Evacuation Pause) 1262M->61M(2048M) 5.647ms
[2025-03-16T17:03:41.779+0100][35.116s][info][gc,cpu      ] GC(15) User=0.04s Sys=0.00s Real=0.00s
[2025-03-16T17:03:45.343+0100][38.682s][info][gc,start    ] GC(16) Pause Young (Normal) (G1 Evacuation Pause)
[2025-03-16T17:03:45.343+0100][38.682s][info][gc,task     ] GC(16) Using 9 workers of 9 for evacuation
[2025-03-16T17:03:45.347+0100][38.686s][info][gc,phases   ] GC(16)   Pre Evacuate Collection Set: 0.1ms
[2025-03-16T17:03:45.347+0100][38.686s][info][gc,phases   ] GC(16)   Merge Heap Roots: 0.1ms
[2025-03-16T17:03:45.347+0100][38.686s][info][gc,phases   ] GC(16)   Evacuate Collection Set: 3.4ms
[2025-03-16T17:03:45.347+0100][38.686s][info][gc,phases   ] GC(16)   Post Evacuate Collection Set: 0.4ms
[2025-03-16T17:03:45.347+0100][38.686s][info][gc,phases   ] GC(16)   Other: 0.0ms
[2025-03-16T17:03:45.347+0100][38.686s][info][gc,heap     ] GC(16) Eden regions: 301->0(302)
[2025-03-16T17:03:45.347+0100][38.686s][info][gc,heap     ] GC(16) Survivor regions: 6->5(39)
[2025-03-16T17:03:45.347+0100][38.686s][info][gc,heap     ] GC(16) Old regions: 9->9
[2025-03-16T17:03:45.347+0100][38.686s][info][gc,heap     ] GC(16) Humongous regions: 2->2
[2025-03-16T17:03:45.347+0100][38.686s][info][gc,metaspace] GC(16) Metaspace: 27826K(28160K)->27826K(28160K) NonClass: 24215K(24384K)->24215K(24384K) Class: 3611K(3776K)->3611K(3776K)
[2025-03-16T17:03:45.347+0100][38.686s][info][gc          ] GC(16) Pause Young (Normal) (G1 Evacuation Pause) 1265M->57M(2048M) 4.166ms
[2025-03-16T17:03:45.347+0100][38.686s][info][gc,cpu      ] GC(16) User=0.03s Sys=0.00s Real=0.00s
[2025-03-16T17:07:20.969+0100][254.317s][info][gc,start    ] GC(17) Pause Young (Normal) (G1 Evacuation Pause)
[2025-03-16T17:07:20.970+0100][254.318s][info][gc,task     ] GC(17) Using 9 workers of 9 for evacuation
[2025-03-16T17:07:20.988+0100][254.336s][info][gc,phases   ] GC(17)   Pre Evacuate Collection Set: 0.4ms
[2025-03-16T17:07:20.988+0100][254.336s][info][gc,phases   ] GC(17)   Merge Heap Roots: 0.1ms
[2025-03-16T17:07:20.988+0100][254.336s][info][gc,phases   ] GC(17)   Evacuate Collection Set: 16.5ms
[2025-03-16T17:07:20.988+0100][254.336s][info][gc,phases   ] GC(17)   Post Evacuate Collection Set: 0.8ms
[2025-03-16T17:07:20.988+0100][254.336s][info][gc,phases   ] GC(17)   Other: 0.1ms
[2025-03-16T17:07:20.988+0100][254.336s][info][gc,heap     ] GC(17) Eden regions: 302->0(302)
[2025-03-16T17:07:20.988+0100][254.336s][info][gc,heap     ] GC(17) Survivor regions: 5->5(39)
[2025-03-16T17:07:20.988+0100][254.336s][info][gc,heap     ] GC(17) Old regions: 9->9
[2025-03-16T17:07:20.988+0100][254.336s][info][gc,heap     ] GC(17) Humongous regions: 2->2
[2025-03-16T17:07:20.988+0100][254.336s][info][gc,metaspace] GC(17) Metaspace: 27840K(28160K)->27840K(28160K) NonClass: 24229K(24384K)->24229K(24384K) Class: 3611K(3776K)->3611K(3776K)
[2025-03-16T17:07:20.988+0100][254.336s][info][gc          ] GC(17) Pause Young (Normal) (G1 Evacuation Pause) 1265M->57M(2048M) 19.260ms
[2025-03-16T17:07:20.988+0100][254.336s][info][gc,cpu      ] GC(17) User=0.03s Sys=0.07s Real=0.02s
[2025-03-16T17:09:13.790+0100][367.138s][info][gc,start    ] GC(18) Pause Young (Normal) (G1 Evacuation Pause)
[2025-03-16T17:09:13.791+0100][367.139s][info][gc,task     ] GC(18) Using 9 workers of 9 for evacuation
[2025-03-16T17:09:13.798+0100][367.147s][info][gc,phases   ] GC(18)   Pre Evacuate Collection Set: 0.1ms
[2025-03-16T17:09:13.798+0100][367.147s][info][gc,phases   ] GC(18)   Merge Heap Roots: 0.1ms
[2025-03-16T17:09:13.798+0100][367.147s][info][gc,phases   ] GC(18)   Evacuate Collection Set: 6.3ms
[2025-03-16T17:09:13.798+0100][367.147s][info][gc,phases   ] GC(18)   Post Evacuate Collection Set: 0.5ms
[2025-03-16T17:09:13.798+0100][367.147s][info][gc,phases   ] GC(18)   Other: 0.1ms
[2025-03-16T17:09:13.798+0100][367.147s][info][gc,heap     ] GC(18) Eden regions: 302->0(302)
[2025-03-16T17:09:13.798+0100][367.147s][info][gc,heap     ] GC(18) Survivor regions: 5->5(39)
[2025-03-16T17:09:13.798+0100][367.147s][info][gc,heap     ] GC(18) Old regions: 9->9
[2025-03-16T17:09:13.798+0100][367.147s][info][gc,heap     ] GC(18) Humongous regions: 2->2
[2025-03-16T17:09:13.798+0100][367.147s][info][gc,metaspace] GC(18) Metaspace: 27858K(28288K)->27858K(28288K) NonClass: 24247K(24512K)->24247K(24512K) Class: 3611K(3776K)->3611K(3776K)
[2025-03-16T17:09:13.798+0100][367.147s][info][gc          ] GC(18) Pause Young (Normal) (G1 Evacuation Pause) 1265M->57M(2048M) 8.350ms
[2025-03-16T17:09:13.798+0100][367.147s][info][gc,cpu      ] GC(18) User=0.03s Sys=0.01s Real=0.00s
[2025-03-16T17:10:50.679+0100][464.029s][info][gc,heap,exit] Heap
[2025-03-16T17:10:50.680+0100][464.030s][info][gc,heap,exit]  garbage-first heap   total 2097152K, used 218979K [0x0000000700000000, 0x0000000800000000)
[2025-03-16T17:10:50.680+0100][464.030s][info][gc,heap,exit]   region size 4096K, 44 young (180224K), 5 survivors (20480K)
[2025-03-16T17:10:50.680+0100][464.030s][info][gc,heap,exit]  Metaspace       used 27887K, committed 28288K, reserved 1114112K
[2025-03-16T17:10:50.680+0100][464.030s][info][gc,heap,exit]   class space    used 3616K, committed 3776K, reserved 1048576K
