[2025-03-18T13:48:00.125+0100][0.007s][info][gc,init] CardTable entry size: 512
[2025-03-18T13:48:00.125+0100][0.008s][info][gc     ] Using G1
[2025-03-18T13:48:00.126+0100][0.009s][info][gc,init] Version: 21.0.1+12-LTS-29 (release)
[2025-03-18T13:48:00.126+0100][0.009s][info][gc,init] CPUs: 10 total, 10 available
[2025-03-18T13:48:00.126+0100][0.009s][info][gc,init] Memory: 32768M
[2025-03-18T13:48:00.126+0100][0.009s][info][gc,init] Large Page Support: Disabled
[2025-03-18T13:48:00.126+0100][0.009s][info][gc,init] NUMA Support: Disabled
[2025-03-18T13:48:00.126+0100][0.009s][info][gc,init] Compressed Oops: Enabled (Zero based)
[2025-03-18T13:48:00.126+0100][0.009s][info][gc,init] Heap Region Size: 4M
[2025-03-18T13:48:00.126+0100][0.009s][info][gc,init] Heap Min Capacity: 2G
[2025-03-18T13:48:00.126+0100][0.009s][info][gc,init] Heap Initial Capacity: 2G
[2025-03-18T13:48:00.126+0100][0.009s][info][gc,init] Heap Max Capacity: 4G
[2025-03-18T13:48:00.126+0100][0.009s][info][gc,init] Pre-touch: Disabled
[2025-03-18T13:48:00.126+0100][0.009s][info][gc,init] Parallel Workers: 9
[2025-03-18T13:48:00.126+0100][0.009s][info][gc,init] Concurrent Workers: 2
[2025-03-18T13:48:00.126+0100][0.009s][info][gc,init] Concurrent Refinement Workers: 9
[2025-03-18T13:48:00.126+0100][0.009s][info][gc,init] Periodic GC: Disabled
[2025-03-18T13:48:00.130+0100][0.013s][info][gc,metaspace] CDS archive(s) mapped at: [0x0000007000000000-0x0000007000ca4000-0x0000007000ca4000), size 13254656, SharedBaseAddress: 0x0000007000000000, ArchiveRelocationMode: 1.
[2025-03-18T13:48:00.130+0100][0.013s][info][gc,metaspace] Compressed class space mapped at: 0x0000007001000000-0x0000007041000000, reserved size: 1073741824
[2025-03-18T13:48:00.130+0100][0.013s][info][gc,metaspace] Narrow klass base: 0x0000007000000000, Narrow klass shift: 0, Narrow klass range: 0x100000000
[2025-03-18T13:48:00.998+0100][0.880s][info][gc,start    ] GC(0) Pause Young (Normal) (G1 Evacuation Pause)
[2025-03-18T13:48:00.998+0100][0.881s][info][gc,task     ] GC(0) Using 9 workers of 9 for evacuation
[2025-03-18T13:48:01.001+0100][0.884s][info][gc,phases   ] GC(0)   Pre Evacuate Collection Set: 0.1ms
[2025-03-18T13:48:01.001+0100][0.884s][info][gc,phases   ] GC(0)   Merge Heap Roots: 0.0ms
[2025-03-18T13:48:01.001+0100][0.884s][info][gc,phases   ] GC(0)   Evacuate Collection Set: 2.4ms
[2025-03-18T13:48:01.001+0100][0.884s][info][gc,phases   ] GC(0)   Post Evacuate Collection Set: 0.3ms
[2025-03-18T13:48:01.001+0100][0.884s][info][gc,phases   ] GC(0)   Other: 0.2ms
[2025-03-18T13:48:01.001+0100][0.884s][info][gc,heap     ] GC(0) Eden regions: 25->0(22)
[2025-03-18T13:48:01.001+0100][0.884s][info][gc,heap     ] GC(0) Survivor regions: 0->3(4)
[2025-03-18T13:48:01.001+0100][0.884s][info][gc,heap     ] GC(0) Old regions: 1->1
[2025-03-18T13:48:01.001+0100][0.884s][info][gc,heap     ] GC(0) Humongous regions: 3->1
[2025-03-18T13:48:01.001+0100][0.884s][info][gc,metaspace] GC(0) Metaspace: 17732K(18048K)->17732K(18048K) NonClass: 15003K(15168K)->15003K(15168K) Class: 2728K(2880K)->2728K(2880K)
[2025-03-18T13:48:01.001+0100][0.884s][info][gc          ] GC(0) Pause Young (Normal) (G1 Evacuation Pause) 113M->13M(2052M) 3.179ms
[2025-03-18T13:48:01.001+0100][0.884s][info][gc,cpu      ] GC(0) User=0.02s Sys=0.01s Real=0.01s
[2025-03-18T13:48:06.207+0100][6.090s][info][gc,start    ] GC(1) Pause Young (Concurrent Start) (Metadata GC Threshold)
[2025-03-18T13:48:06.207+0100][6.090s][info][gc,task     ] GC(1) Using 9 workers of 9 for evacuation
[2025-03-18T13:48:06.213+0100][6.096s][info][gc,phases   ] GC(1)   Pre Evacuate Collection Set: 0.1ms
[2025-03-18T13:48:06.213+0100][6.096s][info][gc,phases   ] GC(1)   Merge Heap Roots: 0.0ms
[2025-03-18T13:48:06.213+0100][6.096s][info][gc,phases   ] GC(1)   Evacuate Collection Set: 5.1ms
[2025-03-18T13:48:06.213+0100][6.096s][info][gc,phases   ] GC(1)   Post Evacuate Collection Set: 0.6ms
[2025-03-18T13:48:06.213+0100][6.096s][info][gc,phases   ] GC(1)   Other: 0.1ms
[2025-03-18T13:48:06.213+0100][6.096s][info][gc,heap     ] GC(1) Eden regions: 18->0(23)
[2025-03-18T13:48:06.213+0100][6.096s][info][gc,heap     ] GC(1) Survivor regions: 3->2(4)
[2025-03-18T13:48:06.213+0100][6.096s][info][gc,heap     ] GC(1) Old regions: 1->3
[2025-03-18T13:48:06.213+0100][6.096s][info][gc,heap     ] GC(1) Humongous regions: 1->1
[2025-03-18T13:48:06.213+0100][6.096s][info][gc,metaspace] GC(1) Metaspace: 21243K(21504K)->21243K(21504K) NonClass: 18227K(18368K)->18227K(18368K) Class: 3015K(3136K)->3015K(3136K)
[2025-03-18T13:48:06.213+0100][6.096s][info][gc          ] GC(1) Pause Young (Concurrent Start) (Metadata GC Threshold) 84M->17M(2052M) 6.000ms
[2025-03-18T13:48:06.213+0100][6.096s][info][gc,cpu      ] GC(1) User=0.02s Sys=0.00s Real=0.01s
[2025-03-18T13:48:06.213+0100][6.096s][info][gc          ] GC(2) Concurrent Mark Cycle
[2025-03-18T13:48:06.213+0100][6.096s][info][gc,marking  ] GC(2) Concurrent Scan Root Regions
[2025-03-18T13:48:06.216+0100][6.098s][info][gc,marking  ] GC(2) Concurrent Scan Root Regions 2.317ms
[2025-03-18T13:48:06.216+0100][6.098s][info][gc,marking  ] GC(2) Concurrent Mark
[2025-03-18T13:48:06.216+0100][6.098s][info][gc,marking  ] GC(2) Concurrent Mark From Roots
[2025-03-18T13:48:06.216+0100][6.098s][info][gc,task     ] GC(2) Using 2 workers of 2 for marking
[2025-03-18T13:48:06.217+0100][6.099s][info][gc,marking  ] GC(2) Concurrent Mark From Roots 1.217ms
[2025-03-18T13:48:06.217+0100][6.099s][info][gc,marking  ] GC(2) Concurrent Preclean
[2025-03-18T13:48:06.217+0100][6.099s][info][gc,marking  ] GC(2) Concurrent Preclean 0.007ms
[2025-03-18T13:48:06.217+0100][6.099s][info][gc,start    ] GC(2) Pause Remark
[2025-03-18T13:48:06.218+0100][6.101s][info][gc          ] GC(2) Pause Remark 20M->20M(2048M) 1.205ms
[2025-03-18T13:48:06.218+0100][6.101s][info][gc,cpu      ] GC(2) User=0.00s Sys=0.00s Real=0.00s
[2025-03-18T13:48:06.218+0100][6.101s][info][gc,marking  ] GC(2) Concurrent Mark 2.597ms
[2025-03-18T13:48:06.218+0100][6.101s][info][gc,marking  ] GC(2) Concurrent Rebuild Remembered Sets and Scrub Regions
[2025-03-18T13:48:06.221+0100][6.103s][info][gc,marking  ] GC(2) Concurrent Rebuild Remembered Sets and Scrub Regions 2.500ms
[2025-03-18T13:48:06.221+0100][6.103s][info][gc,start    ] GC(2) Pause Cleanup
[2025-03-18T13:48:06.221+0100][6.103s][info][gc          ] GC(2) Pause Cleanup 20M->20M(2048M) 0.093ms
[2025-03-18T13:48:06.221+0100][6.103s][info][gc,cpu      ] GC(2) User=0.00s Sys=0.00s Real=0.00s
[2025-03-18T13:48:06.221+0100][6.104s][info][gc,marking  ] GC(2) Concurrent Clear Claimed Marks
[2025-03-18T13:48:06.221+0100][6.104s][info][gc,marking  ] GC(2) Concurrent Clear Claimed Marks 0.020ms
[2025-03-18T13:48:06.221+0100][6.104s][info][gc,marking  ] GC(2) Concurrent Cleanup for Next Mark
[2025-03-18T13:48:06.224+0100][6.107s][info][gc,marking  ] GC(2) Concurrent Cleanup for Next Mark 3.240ms
[2025-03-18T13:48:06.224+0100][6.107s][info][gc          ] GC(2) Concurrent Mark Cycle 11.094ms
[2025-03-18T13:48:06.921+0100][6.804s][info][gc,start    ] GC(3) Pause Young (Prepare Mixed) (G1 Evacuation Pause)
[2025-03-18T13:48:06.921+0100][6.804s][info][gc,task     ] GC(3) Using 9 workers of 9 for evacuation
[2025-03-18T13:48:06.931+0100][6.814s][info][gc,phases   ] GC(3)   Pre Evacuate Collection Set: 0.1ms
[2025-03-18T13:48:06.931+0100][6.814s][info][gc,phases   ] GC(3)   Merge Heap Roots: 0.1ms
[2025-03-18T13:48:06.931+0100][6.814s][info][gc,phases   ] GC(3)   Evacuate Collection Set: 9.4ms
[2025-03-18T13:48:06.931+0100][6.814s][info][gc,phases   ] GC(3)   Post Evacuate Collection Set: 0.3ms
[2025-03-18T13:48:06.931+0100][6.814s][info][gc,phases   ] GC(3)   Other: 0.0ms
[2025-03-18T13:48:06.931+0100][6.814s][info][gc,heap     ] GC(3) Eden regions: 23->0(21)
[2025-03-18T13:48:06.931+0100][6.814s][info][gc,heap     ] GC(3) Survivor regions: 2->4(4)
[2025-03-18T13:48:06.931+0100][6.814s][info][gc,heap     ] GC(3) Old regions: 3->3
[2025-03-18T13:48:06.931+0100][6.814s][info][gc,heap     ] GC(3) Humongous regions: 1->1
[2025-03-18T13:48:06.931+0100][6.814s][info][gc,metaspace] GC(3) Metaspace: 26189K(26624K)->26189K(26624K) NonClass: 22630K(22848K)->22630K(22848K) Class: 3558K(3776K)->3558K(3776K)
[2025-03-18T13:48:06.932+0100][6.814s][info][gc          ] GC(3) Pause Young (Prepare Mixed) (G1 Evacuation Pause) 109M->26M(2048M) 10.124ms
[2025-03-18T13:48:06.932+0100][6.814s][info][gc,cpu      ] GC(3) User=0.04s Sys=0.02s Real=0.01s
[2025-03-18T13:48:07.339+0100][7.222s][info][gc,start    ] GC(4) Pause Young (Mixed) (G1 Evacuation Pause)
[2025-03-18T13:48:07.339+0100][7.222s][info][gc,task     ] GC(4) Using 9 workers of 9 for evacuation
[2025-03-18T13:48:07.354+0100][7.236s][info][gc,phases   ] GC(4)   Pre Evacuate Collection Set: 0.1ms
[2025-03-18T13:48:07.354+0100][7.236s][info][gc,phases   ] GC(4)   Merge Heap Roots: 0.0ms
[2025-03-18T13:48:07.354+0100][7.236s][info][gc,phases   ] GC(4)   Evacuate Collection Set: 13.6ms
[2025-03-18T13:48:07.354+0100][7.236s][info][gc,phases   ] GC(4)   Post Evacuate Collection Set: 0.6ms
[2025-03-18T13:48:07.354+0100][7.236s][info][gc,phases   ] GC(4)   Other: 0.0ms
[2025-03-18T13:48:07.354+0100][7.236s][info][gc,heap     ] GC(4) Eden regions: 21->0(22)
[2025-03-18T13:48:07.354+0100][7.236s][info][gc,heap     ] GC(4) Survivor regions: 4->3(4)
[2025-03-18T13:48:07.354+0100][7.236s][info][gc,heap     ] GC(4) Old regions: 3->6
[2025-03-18T13:48:07.354+0100][7.236s][info][gc,heap     ] GC(4) Humongous regions: 1->1
[2025-03-18T13:48:07.354+0100][7.236s][info][gc,metaspace] GC(4) Metaspace: 26396K(26816K)->26396K(26816K) NonClass: 22837K(23040K)->22837K(23040K) Class: 3559K(3776K)->3559K(3776K)
[2025-03-18T13:48:07.354+0100][7.236s][info][gc          ] GC(4) Pause Young (Mixed) (G1 Evacuation Pause) 110M->33M(2048M) 14.475ms
[2025-03-18T13:48:07.354+0100][7.236s][info][gc,cpu      ] GC(4) User=0.06s Sys=0.01s Real=0.02s
[2025-03-18T13:48:08.126+0100][8.008s][info][gc,start    ] GC(5) Pause Young (Normal) (G1 Evacuation Pause)
[2025-03-18T13:48:08.126+0100][8.008s][info][gc,task     ] GC(5) Using 9 workers of 9 for evacuation
[2025-03-18T13:48:08.133+0100][8.016s][info][gc,phases   ] GC(5)   Pre Evacuate Collection Set: 0.1ms
[2025-03-18T13:48:08.133+0100][8.016s][info][gc,phases   ] GC(5)   Merge Heap Roots: 0.0ms
[2025-03-18T13:48:08.133+0100][8.016s][info][gc,phases   ] GC(5)   Evacuate Collection Set: 7.0ms
[2025-03-18T13:48:08.133+0100][8.016s][info][gc,phases   ] GC(5)   Post Evacuate Collection Set: 0.4ms
[2025-03-18T13:48:08.133+0100][8.016s][info][gc,phases   ] GC(5)   Other: 0.0ms
[2025-03-18T13:48:08.133+0100][8.016s][info][gc,heap     ] GC(5) Eden regions: 22->0(38)
[2025-03-18T13:48:08.133+0100][8.016s][info][gc,heap     ] GC(5) Survivor regions: 3->2(4)
[2025-03-18T13:48:08.133+0100][8.016s][info][gc,heap     ] GC(5) Old regions: 6->7
[2025-03-18T13:48:08.133+0100][8.016s][info][gc,heap     ] GC(5) Humongous regions: 1->1
[2025-03-18T13:48:08.133+0100][8.016s][info][gc,metaspace] GC(5) Metaspace: 26485K(26880K)->26485K(26880K) NonClass: 22926K(23104K)->22926K(23104K) Class: 3559K(3776K)->3559K(3776K)
[2025-03-18T13:48:08.133+0100][8.016s][info][gc          ] GC(5) Pause Young (Normal) (G1 Evacuation Pause) 121M->38M(2048M) 7.715ms
[2025-03-18T13:48:08.133+0100][8.016s][info][gc,cpu      ] GC(5) User=0.04s Sys=0.02s Real=0.01s
[2025-03-18T13:48:09.347+0100][9.229s][info][gc,start    ] GC(6) Pause Young (Normal) (G1 Evacuation Pause)
[2025-03-18T13:48:09.347+0100][9.229s][info][gc,task     ] GC(6) Using 9 workers of 9 for evacuation
[2025-03-18T13:48:09.349+0100][9.231s][info][gc,phases   ] GC(6)   Pre Evacuate Collection Set: 0.1ms
[2025-03-18T13:48:09.349+0100][9.231s][info][gc,phases   ] GC(6)   Merge Heap Roots: 0.0ms
[2025-03-18T13:48:09.349+0100][9.231s][info][gc,phases   ] GC(6)   Evacuate Collection Set: 1.4ms
[2025-03-18T13:48:09.349+0100][9.231s][info][gc,phases   ] GC(6)   Post Evacuate Collection Set: 0.3ms
[2025-03-18T13:48:09.349+0100][9.231s][info][gc,phases   ] GC(6)   Other: 0.0ms
[2025-03-18T13:48:09.349+0100][9.231s][info][gc,heap     ] GC(6) Eden regions: 41->0(305)
[2025-03-18T13:48:09.349+0100][9.231s][info][gc,heap     ] GC(6) Survivor regions: 2->2(6)
[2025-03-18T13:48:09.349+0100][9.231s][info][gc,heap     ] GC(6) Old regions: 7->7
[2025-03-18T13:48:09.349+0100][9.231s][info][gc,heap     ] GC(6) Humongous regions: 1->1
[2025-03-18T13:48:09.349+0100][9.231s][info][gc,metaspace] GC(6) Metaspace: 26626K(27008K)->26626K(27008K) NonClass: 23064K(23232K)->23064K(23232K) Class: 3561K(3776K)->3561K(3776K)
[2025-03-18T13:48:09.349+0100][9.231s][info][gc          ] GC(6) Pause Young (Normal) (G1 Evacuation Pause) 202M->38M(2048M) 1.990ms
[2025-03-18T13:48:09.349+0100][9.231s][info][gc,cpu      ] GC(6) User=0.02s Sys=0.01s Real=0.00s
[2025-03-18T13:48:15.056+0100][14.939s][info][gc,start    ] GC(7) Pause Young (Normal) (G1 Evacuation Pause)
[2025-03-18T13:48:15.057+0100][14.939s][info][gc,task     ] GC(7) Using 9 workers of 9 for evacuation
[2025-03-18T13:48:15.068+0100][14.950s][info][gc,phases   ] GC(7)   Pre Evacuate Collection Set: 0.3ms
[2025-03-18T13:48:15.068+0100][14.950s][info][gc,phases   ] GC(7)   Merge Heap Roots: 0.1ms
[2025-03-18T13:48:15.068+0100][14.950s][info][gc,phases   ] GC(7)   Evacuate Collection Set: 9.5ms
[2025-03-18T13:48:15.068+0100][14.950s][info][gc,phases   ] GC(7)   Post Evacuate Collection Set: 1.1ms
[2025-03-18T13:48:15.068+0100][14.950s][info][gc,phases   ] GC(7)   Other: 0.1ms
[2025-03-18T13:48:15.068+0100][14.950s][info][gc,heap     ] GC(7) Eden regions: 305->0(304)
[2025-03-18T13:48:15.068+0100][14.950s][info][gc,heap     ] GC(7) Survivor regions: 2->3(39)
[2025-03-18T13:48:15.068+0100][14.950s][info][gc,heap     ] GC(7) Old regions: 7->7
[2025-03-18T13:48:15.068+0100][14.950s][info][gc,heap     ] GC(7) Humongous regions: 1->1
[2025-03-18T13:48:15.068+0100][14.950s][info][gc,metaspace] GC(7) Metaspace: 26924K(27328K)->26924K(27328K) NonClass: 23362K(23552K)->23362K(23552K) Class: 3561K(3776K)->3561K(3776K)
[2025-03-18T13:48:15.068+0100][14.950s][info][gc          ] GC(7) Pause Young (Normal) (G1 Evacuation Pause) 1258M->43M(2048M) 11.365ms
[2025-03-18T13:48:15.068+0100][14.950s][info][gc,cpu      ] GC(7) User=0.02s Sys=0.01s Real=0.01s
[2025-03-18T13:48:18.835+0100][18.718s][info][gc,start    ] GC(8) Pause Young (Normal) (G1 Evacuation Pause)
[2025-03-18T13:48:18.836+0100][18.718s][info][gc,task     ] GC(8) Using 9 workers of 9 for evacuation
[2025-03-18T13:48:18.838+0100][18.720s][info][gc,phases   ] GC(8)   Pre Evacuate Collection Set: 0.1ms
[2025-03-18T13:48:18.838+0100][18.720s][info][gc,phases   ] GC(8)   Merge Heap Roots: 0.1ms
[2025-03-18T13:48:18.838+0100][18.720s][info][gc,phases   ] GC(8)   Evacuate Collection Set: 1.6ms
[2025-03-18T13:48:18.838+0100][18.720s][info][gc,phases   ] GC(8)   Post Evacuate Collection Set: 0.5ms
[2025-03-18T13:48:18.838+0100][18.720s][info][gc,phases   ] GC(8)   Other: 0.1ms
[2025-03-18T13:48:18.838+0100][18.720s][info][gc,heap     ] GC(8) Eden regions: 304->0(304)
[2025-03-18T13:48:18.838+0100][18.720s][info][gc,heap     ] GC(8) Survivor regions: 3->3(39)
[2025-03-18T13:48:18.838+0100][18.720s][info][gc,heap     ] GC(8) Old regions: 7->7
[2025-03-18T13:48:18.838+0100][18.720s][info][gc,heap     ] GC(8) Humongous regions: 1->1
[2025-03-18T13:48:18.838+0100][18.720s][info][gc,metaspace] GC(8) Metaspace: 27005K(27392K)->27005K(27392K) NonClass: 23443K(23616K)->23443K(23616K) Class: 3561K(3776K)->3561K(3776K)
[2025-03-18T13:48:18.838+0100][18.720s][info][gc          ] GC(8) Pause Young (Normal) (G1 Evacuation Pause) 1259M->41M(2048M) 2.427ms
[2025-03-18T13:48:18.838+0100][18.720s][info][gc,cpu      ] GC(8) User=0.01s Sys=0.00s Real=0.00s
[2025-03-18T13:48:21.937+0100][21.820s][info][gc,start    ] GC(9) Pause Young (Normal) (G1 Evacuation Pause)
[2025-03-18T13:48:21.937+0100][21.820s][info][gc,task     ] GC(9) Using 9 workers of 9 for evacuation
[2025-03-18T13:48:21.939+0100][21.822s][info][gc,phases   ] GC(9)   Pre Evacuate Collection Set: 0.1ms
[2025-03-18T13:48:21.939+0100][21.822s][info][gc,phases   ] GC(9)   Merge Heap Roots: 0.1ms
[2025-03-18T13:48:21.939+0100][21.822s][info][gc,phases   ] GC(9)   Evacuate Collection Set: 1.5ms
[2025-03-18T13:48:21.939+0100][21.822s][info][gc,phases   ] GC(9)   Post Evacuate Collection Set: 0.6ms
[2025-03-18T13:48:21.939+0100][21.822s][info][gc,phases   ] GC(9)   Other: 0.1ms
[2025-03-18T13:48:21.939+0100][21.822s][info][gc,heap     ] GC(9) Eden regions: 304->0(304)
[2025-03-18T13:48:21.939+0100][21.822s][info][gc,heap     ] GC(9) Survivor regions: 3->3(39)
[2025-03-18T13:48:21.940+0100][21.822s][info][gc,heap     ] GC(9) Old regions: 7->7
[2025-03-18T13:48:21.940+0100][21.822s][info][gc,heap     ] GC(9) Humongous regions: 1->1
[2025-03-18T13:48:21.940+0100][21.822s][info][gc,metaspace] GC(9) Metaspace: 27074K(27456K)->27074K(27456K) NonClass: 23512K(23680K)->23512K(23680K) Class: 3561K(3776K)->3561K(3776K)
[2025-03-18T13:48:21.940+0100][21.822s][info][gc          ] GC(9) Pause Young (Normal) (G1 Evacuation Pause) 1257M->41M(2048M) 2.488ms
[2025-03-18T13:48:21.940+0100][21.822s][info][gc,cpu      ] GC(9) User=0.01s Sys=0.00s Real=0.01s
[2025-03-18T13:48:24.624+0100][24.506s][info][gc,start    ] GC(10) Pause Young (Normal) (G1 Evacuation Pause)
[2025-03-18T13:48:24.624+0100][24.506s][info][gc,task     ] GC(10) Using 9 workers of 9 for evacuation
[2025-03-18T13:48:24.626+0100][24.509s][info][gc,phases   ] GC(10)   Pre Evacuate Collection Set: 0.1ms
[2025-03-18T13:48:24.626+0100][24.509s][info][gc,phases   ] GC(10)   Merge Heap Roots: 0.1ms
[2025-03-18T13:48:24.626+0100][24.509s][info][gc,phases   ] GC(10)   Evacuate Collection Set: 1.9ms
[2025-03-18T13:48:24.626+0100][24.509s][info][gc,phases   ] GC(10)   Post Evacuate Collection Set: 0.3ms
[2025-03-18T13:48:24.626+0100][24.509s][info][gc,phases   ] GC(10)   Other: 0.0ms
[2025-03-18T13:48:24.627+0100][24.509s][info][gc,heap     ] GC(10) Eden regions: 304->0(305)
[2025-03-18T13:48:24.627+0100][24.509s][info][gc,heap     ] GC(10) Survivor regions: 3->2(39)
[2025-03-18T13:48:24.627+0100][24.509s][info][gc,heap     ] GC(10) Old regions: 7->7
[2025-03-18T13:48:24.627+0100][24.509s][info][gc,heap     ] GC(10) Humongous regions: 1->1
[2025-03-18T13:48:24.627+0100][24.509s][info][gc,metaspace] GC(10) Metaspace: 27099K(27520K)->27099K(27520K) NonClass: 23537K(23744K)->23537K(23744K) Class: 3561K(3776K)->3561K(3776K)
[2025-03-18T13:48:24.627+0100][24.509s][info][gc          ] GC(10) Pause Young (Normal) (G1 Evacuation Pause) 1257M->38M(2048M) 2.783ms
[2025-03-18T13:48:24.627+0100][24.509s][info][gc,cpu      ] GC(10) User=0.01s Sys=0.01s Real=0.00s
[2025-03-18T13:48:26.945+0100][26.828s][info][gc,start    ] GC(11) Pause Young (Normal) (G1 Evacuation Pause)
[2025-03-18T13:48:26.945+0100][26.828s][info][gc,task     ] GC(11) Using 9 workers of 9 for evacuation
[2025-03-18T13:48:26.948+0100][26.830s][info][gc,phases   ] GC(11)   Pre Evacuate Collection Set: 0.1ms
[2025-03-18T13:48:26.948+0100][26.830s][info][gc,phases   ] GC(11)   Merge Heap Roots: 0.1ms
[2025-03-18T13:48:26.948+0100][26.830s][info][gc,phases   ] GC(11)   Evacuate Collection Set: 1.7ms
[2025-03-18T13:48:26.948+0100][26.830s][info][gc,phases   ] GC(11)   Post Evacuate Collection Set: 0.4ms
[2025-03-18T13:48:26.948+0100][26.830s][info][gc,phases   ] GC(11)   Other: 0.1ms
[2025-03-18T13:48:26.948+0100][26.830s][info][gc,heap     ] GC(11) Eden regions: 305->0(303)
[2025-03-18T13:48:26.948+0100][26.830s][info][gc,heap     ] GC(11) Survivor regions: 2->4(39)
[2025-03-18T13:48:26.948+0100][26.830s][info][gc,heap     ] GC(11) Old regions: 7->7
[2025-03-18T13:48:26.948+0100][26.830s][info][gc,heap     ] GC(11) Humongous regions: 1->1
[2025-03-18T13:48:26.948+0100][26.830s][info][gc,metaspace] GC(11) Metaspace: 27119K(27584K)->27119K(27584K) NonClass: 23557K(23808K)->23557K(23808K) Class: 3561K(3776K)->3561K(3776K)
[2025-03-18T13:48:26.948+0100][26.830s][info][gc          ] GC(11) Pause Young (Normal) (G1 Evacuation Pause) 1258M->44M(2048M) 2.610ms
[2025-03-18T13:48:26.948+0100][26.830s][info][gc,cpu      ] GC(11) User=0.02s Sys=0.00s Real=0.00s
[2025-03-18T13:48:29.060+0100][28.943s][info][gc,start    ] GC(12) Pause Young (Normal) (G1 Evacuation Pause)
[2025-03-18T13:48:29.060+0100][28.943s][info][gc,task     ] GC(12) Using 9 workers of 9 for evacuation
[2025-03-18T13:48:29.064+0100][28.946s][info][gc,phases   ] GC(12)   Pre Evacuate Collection Set: 0.1ms
[2025-03-18T13:48:29.064+0100][28.946s][info][gc,phases   ] GC(12)   Merge Heap Roots: 0.1ms
[2025-03-18T13:48:29.064+0100][28.946s][info][gc,phases   ] GC(12)   Evacuate Collection Set: 2.4ms
[2025-03-18T13:48:29.064+0100][28.946s][info][gc,phases   ] GC(12)   Post Evacuate Collection Set: 0.6ms
[2025-03-18T13:48:29.064+0100][28.946s][info][gc,phases   ] GC(12)   Other: 0.0ms
[2025-03-18T13:48:29.064+0100][28.946s][info][gc,heap     ] GC(12) Eden regions: 303->0(302)
[2025-03-18T13:48:29.064+0100][28.946s][info][gc,heap     ] GC(12) Survivor regions: 4->5(39)
[2025-03-18T13:48:29.064+0100][28.946s][info][gc,heap     ] GC(12) Old regions: 7->7
[2025-03-18T13:48:29.064+0100][28.946s][info][gc,heap     ] GC(12) Humongous regions: 1->1
[2025-03-18T13:48:29.064+0100][28.946s][info][gc,metaspace] GC(12) Metaspace: 27123K(27584K)->27123K(27584K) NonClass: 23561K(23808K)->23561K(23808K) Class: 3561K(3776K)->3561K(3776K)
[2025-03-18T13:48:29.064+0100][28.946s][info][gc          ] GC(12) Pause Young (Normal) (G1 Evacuation Pause) 1256M->48M(2048M) 3.397ms
[2025-03-18T13:48:29.064+0100][28.946s][info][gc,cpu      ] GC(12) User=0.02s Sys=0.00s Real=0.00s
[2025-03-18T13:48:31.044+0100][30.927s][info][gc,start    ] GC(13) Pause Young (Normal) (G1 Evacuation Pause)
[2025-03-18T13:48:31.044+0100][30.927s][info][gc,task     ] GC(13) Using 9 workers of 9 for evacuation
[2025-03-18T13:48:31.047+0100][30.929s][info][gc,phases   ] GC(13)   Pre Evacuate Collection Set: 0.1ms
[2025-03-18T13:48:31.047+0100][30.929s][info][gc,phases   ] GC(13)   Merge Heap Roots: 0.1ms
[2025-03-18T13:48:31.047+0100][30.929s][info][gc,phases   ] GC(13)   Evacuate Collection Set: 1.8ms
[2025-03-18T13:48:31.047+0100][30.929s][info][gc,phases   ] GC(13)   Post Evacuate Collection Set: 0.4ms
[2025-03-18T13:48:31.047+0100][30.929s][info][gc,phases   ] GC(13)   Other: 0.1ms
[2025-03-18T13:48:31.047+0100][30.929s][info][gc,heap     ] GC(13) Eden regions: 302->0(303)
[2025-03-18T13:48:31.047+0100][30.929s][info][gc,heap     ] GC(13) Survivor regions: 5->4(39)
[2025-03-18T13:48:31.047+0100][30.929s][info][gc,heap     ] GC(13) Old regions: 7->7
[2025-03-18T13:48:31.047+0100][30.929s][info][gc,heap     ] GC(13) Humongous regions: 1->1
[2025-03-18T13:48:31.047+0100][30.929s][info][gc,metaspace] GC(13) Metaspace: 27129K(27584K)->27129K(27584K) NonClass: 23567K(23808K)->23567K(23808K) Class: 3561K(3776K)->3561K(3776K)
[2025-03-18T13:48:31.047+0100][30.929s][info][gc          ] GC(13) Pause Young (Normal) (G1 Evacuation Pause) 1256M->44M(2048M) 2.841ms
[2025-03-18T13:48:31.047+0100][30.929s][info][gc,cpu      ] GC(13) User=0.01s Sys=0.01s Real=0.00s
[2025-03-18T13:48:32.870+0100][32.752s][info][gc,start    ] GC(14) Pause Young (Normal) (G1 Evacuation Pause)
[2025-03-18T13:48:32.870+0100][32.752s][info][gc,task     ] GC(14) Using 9 workers of 9 for evacuation
[2025-03-18T13:48:32.874+0100][32.756s][info][gc,phases   ] GC(14)   Pre Evacuate Collection Set: 0.1ms
[2025-03-18T13:48:32.874+0100][32.756s][info][gc,phases   ] GC(14)   Merge Heap Roots: 0.1ms
[2025-03-18T13:48:32.874+0100][32.756s][info][gc,phases   ] GC(14)   Evacuate Collection Set: 2.8ms
[2025-03-18T13:48:32.874+0100][32.756s][info][gc,phases   ] GC(14)   Post Evacuate Collection Set: 0.6ms
[2025-03-18T13:48:32.874+0100][32.756s][info][gc,phases   ] GC(14)   Other: 0.0ms
[2025-03-18T13:48:32.874+0100][32.756s][info][gc,heap     ] GC(14) Eden regions: 303->0(302)
[2025-03-18T13:48:32.874+0100][32.756s][info][gc,heap     ] GC(14) Survivor regions: 4->5(39)
[2025-03-18T13:48:32.874+0100][32.756s][info][gc,heap     ] GC(14) Old regions: 7->7
[2025-03-18T13:48:32.874+0100][32.756s][info][gc,heap     ] GC(14) Humongous regions: 1->1
[2025-03-18T13:48:32.874+0100][32.756s][info][gc,metaspace] GC(14) Metaspace: 27150K(27584K)->27150K(27584K) NonClass: 23588K(23808K)->23588K(23808K) Class: 3561K(3776K)->3561K(3776K)
[2025-03-18T13:48:32.874+0100][32.756s][info][gc          ] GC(14) Pause Young (Normal) (G1 Evacuation Pause) 1256M->50M(2048M) 3.870ms
[2025-03-18T13:48:32.874+0100][32.756s][info][gc,cpu      ] GC(14) User=0.02s Sys=0.00s Real=0.00s
[2025-03-18T13:48:45.066+0100][44.948s][info][gc,start    ] GC(15) Pause Young (Normal) (G1 Evacuation Pause)
[2025-03-18T13:48:45.066+0100][44.949s][info][gc,task     ] GC(15) Using 9 workers of 9 for evacuation
[2025-03-18T13:48:45.082+0100][44.965s][info][gc,phases   ] GC(15)   Pre Evacuate Collection Set: 0.4ms
[2025-03-18T13:48:45.083+0100][44.965s][info][gc,phases   ] GC(15)   Merge Heap Roots: 0.1ms
[2025-03-18T13:48:45.083+0100][44.965s][info][gc,phases   ] GC(15)   Evacuate Collection Set: 15.1ms
[2025-03-18T13:48:45.083+0100][44.965s][info][gc,phases   ] GC(15)   Post Evacuate Collection Set: 0.7ms
[2025-03-18T13:48:45.083+0100][44.965s][info][gc,phases   ] GC(15)   Other: 0.1ms
[2025-03-18T13:48:45.083+0100][44.965s][info][gc,heap     ] GC(15) Eden regions: 302->0(299)
[2025-03-18T13:48:45.083+0100][44.965s][info][gc,heap     ] GC(15) Survivor regions: 5->8(39)
[2025-03-18T13:48:45.083+0100][44.965s][info][gc,heap     ] GC(15) Old regions: 7->7
[2025-03-18T13:48:45.083+0100][44.965s][info][gc,heap     ] GC(15) Humongous regions: 1->1
[2025-03-18T13:48:45.083+0100][44.965s][info][gc,metaspace] GC(15) Metaspace: 27774K(28224K)->27774K(28224K) NonClass: 24142K(24384K)->24142K(24384K) Class: 3631K(3840K)->3631K(3840K)
[2025-03-18T13:48:45.083+0100][44.965s][info][gc          ] GC(15) Pause Young (Normal) (G1 Evacuation Pause) 1258M->60M(2048M) 17.025ms
[2025-03-18T13:48:45.083+0100][44.965s][info][gc,cpu      ] GC(15) User=0.08s Sys=0.02s Real=0.02s
[2025-03-18T13:48:46.231+0100][46.113s][info][gc,start    ] GC(16) Pause Young (Normal) (G1 Evacuation Pause)
[2025-03-18T13:48:46.231+0100][46.114s][info][gc,task     ] GC(16) Using 9 workers of 9 for evacuation
[2025-03-18T13:48:46.245+0100][46.128s][info][gc,phases   ] GC(16)   Pre Evacuate Collection Set: 0.1ms
[2025-03-18T13:48:46.245+0100][46.128s][info][gc,phases   ] GC(16)   Merge Heap Roots: 0.1ms
[2025-03-18T13:48:46.245+0100][46.128s][info][gc,phases   ] GC(16)   Evacuate Collection Set: 13.2ms
[2025-03-18T13:48:46.245+0100][46.128s][info][gc,phases   ] GC(16)   Post Evacuate Collection Set: 0.7ms
[2025-03-18T13:48:46.245+0100][46.128s][info][gc,phases   ] GC(16)   Other: 0.0ms
[2025-03-18T13:48:46.245+0100][46.128s][info][gc,heap     ] GC(16) Eden regions: 299->0(297)
[2025-03-18T13:48:46.245+0100][46.128s][info][gc,heap     ] GC(16) Survivor regions: 8->10(39)
[2025-03-18T13:48:46.245+0100][46.128s][info][gc,heap     ] GC(16) Old regions: 7->7
[2025-03-18T13:48:46.245+0100][46.128s][info][gc,heap     ] GC(16) Humongous regions: 1->1
[2025-03-18T13:48:46.245+0100][46.128s][info][gc,metaspace] GC(16) Metaspace: 27836K(28224K)->27836K(28224K) NonClass: 24204K(24384K)->24204K(24384K) Class: 3632K(3840K)->3632K(3840K)
[2025-03-18T13:48:46.245+0100][46.128s][info][gc          ] GC(16) Pause Young (Normal) (G1 Evacuation Pause) 1256M->68M(2048M) 14.324ms
[2025-03-18T13:48:46.245+0100][46.128s][info][gc,cpu      ] GC(16) User=0.08s Sys=0.01s Real=0.01s
[2025-03-18T13:48:47.060+0100][46.943s][info][gc,start    ] GC(17) Pause Young (Normal) (G1 Evacuation Pause)
[2025-03-18T13:48:47.061+0100][46.943s][info][gc,task     ] GC(17) Using 9 workers of 9 for evacuation
[2025-03-18T13:48:47.076+0100][46.959s][info][gc,phases   ] GC(17)   Pre Evacuate Collection Set: 0.1ms
[2025-03-18T13:48:47.076+0100][46.959s][info][gc,phases   ] GC(17)   Merge Heap Roots: 0.1ms
[2025-03-18T13:48:47.076+0100][46.959s][info][gc,phases   ] GC(17)   Evacuate Collection Set: 14.8ms
[2025-03-18T13:48:47.076+0100][46.959s][info][gc,phases   ] GC(17)   Post Evacuate Collection Set: 0.8ms
[2025-03-18T13:48:47.076+0100][46.959s][info][gc,phases   ] GC(17)   Other: 0.0ms
[2025-03-18T13:48:47.076+0100][46.959s][info][gc,heap     ] GC(17) Eden regions: 297->0(297)
[2025-03-18T13:48:47.076+0100][46.959s][info][gc,heap     ] GC(17) Survivor regions: 10->10(39)
[2025-03-18T13:48:47.076+0100][46.959s][info][gc,heap     ] GC(17) Old regions: 7->7
[2025-03-18T13:48:47.076+0100][46.959s][info][gc,heap     ] GC(17) Humongous regions: 1->1
[2025-03-18T13:48:47.076+0100][46.959s][info][gc,metaspace] GC(17) Metaspace: 27872K(28288K)->27872K(28288K) NonClass: 24240K(24448K)->24240K(24448K) Class: 3632K(3840K)->3632K(3840K)
[2025-03-18T13:48:47.076+0100][46.959s][info][gc          ] GC(17) Pause Young (Normal) (G1 Evacuation Pause) 1256M->70M(2048M) 16.042ms
[2025-03-18T13:48:47.077+0100][46.959s][info][gc,cpu      ] GC(17) User=0.09s Sys=0.02s Real=0.01s
[2025-03-18T13:48:47.846+0100][47.728s][info][gc,start    ] GC(18) Pause Young (Normal) (G1 Evacuation Pause)
[2025-03-18T13:48:47.846+0100][47.728s][info][gc,task     ] GC(18) Using 9 workers of 9 for evacuation
[2025-03-18T13:48:47.858+0100][47.740s][info][gc,phases   ] GC(18)   Pre Evacuate Collection Set: 0.1ms
[2025-03-18T13:48:47.858+0100][47.740s][info][gc,phases   ] GC(18)   Merge Heap Roots: 0.0ms
[2025-03-18T13:48:47.858+0100][47.740s][info][gc,phases   ] GC(18)   Evacuate Collection Set: 11.0ms
[2025-03-18T13:48:47.858+0100][47.740s][info][gc,phases   ] GC(18)   Post Evacuate Collection Set: 0.8ms
[2025-03-18T13:48:47.858+0100][47.740s][info][gc,phases   ] GC(18)   Other: 0.0ms
[2025-03-18T13:48:47.858+0100][47.740s][info][gc,heap     ] GC(18) Eden regions: 297->0(295)
[2025-03-18T13:48:47.858+0100][47.740s][info][gc,heap     ] GC(18) Survivor regions: 10->12(39)
[2025-03-18T13:48:47.858+0100][47.740s][info][gc,heap     ] GC(18) Old regions: 7->7
[2025-03-18T13:48:47.858+0100][47.740s][info][gc,heap     ] GC(18) Humongous regions: 1->1
[2025-03-18T13:48:47.858+0100][47.740s][info][gc,metaspace] GC(18) Metaspace: 27880K(28288K)->27880K(28288K) NonClass: 24248K(24448K)->24248K(24448K) Class: 3632K(3840K)->3632K(3840K)
[2025-03-18T13:48:47.858+0100][47.740s][info][gc          ] GC(18) Pause Young (Normal) (G1 Evacuation Pause) 1258M->77M(2048M) 12.155ms
[2025-03-18T13:48:47.858+0100][47.740s][info][gc,cpu      ] GC(18) User=0.08s Sys=0.01s Real=0.01s
[2025-03-18T13:48:48.625+0100][48.507s][info][gc,start    ] GC(19) Pause Young (Normal) (G1 Evacuation Pause)
[2025-03-18T13:48:48.625+0100][48.507s][info][gc,task     ] GC(19) Using 9 workers of 9 for evacuation
[2025-03-18T13:48:48.634+0100][48.517s][info][gc,phases   ] GC(19)   Pre Evacuate Collection Set: 0.1ms
[2025-03-18T13:48:48.634+0100][48.517s][info][gc,phases   ] GC(19)   Merge Heap Roots: 0.0ms
[2025-03-18T13:48:48.634+0100][48.517s][info][gc,phases   ] GC(19)   Evacuate Collection Set: 8.5ms
[2025-03-18T13:48:48.634+0100][48.517s][info][gc,phases   ] GC(19)   Post Evacuate Collection Set: 0.7ms
[2025-03-18T13:48:48.634+0100][48.517s][info][gc,phases   ] GC(19)   Other: 0.0ms
[2025-03-18T13:48:48.634+0100][48.517s][info][gc,heap     ] GC(19) Eden regions: 295->0(295)
[2025-03-18T13:48:48.634+0100][48.517s][info][gc,heap     ] GC(19) Survivor regions: 12->12(39)
[2025-03-18T13:48:48.634+0100][48.517s][info][gc,heap     ] GC(19) Old regions: 7->7
[2025-03-18T13:48:48.634+0100][48.517s][info][gc,heap     ] GC(19) Humongous regions: 1->1
[2025-03-18T13:48:48.634+0100][48.517s][info][gc,metaspace] GC(19) Metaspace: 27912K(28288K)->27912K(28288K) NonClass: 24280K(24448K)->24280K(24448K) Class: 3632K(3840K)->3632K(3840K)
[2025-03-18T13:48:48.634+0100][48.517s][info][gc          ] GC(19) Pause Young (Normal) (G1 Evacuation Pause) 1257M->79M(2048M) 9.560ms
[2025-03-18T13:48:48.635+0100][48.517s][info][gc,cpu      ] GC(19) User=0.07s Sys=0.01s Real=0.01s
[2025-03-18T13:48:49.370+0100][49.252s][info][gc,start    ] GC(20) Pause Young (Normal) (G1 Evacuation Pause)
[2025-03-18T13:48:49.370+0100][49.253s][info][gc,task     ] GC(20) Using 9 workers of 9 for evacuation
[2025-03-18T13:48:49.380+0100][49.262s][info][gc,phases   ] GC(20)   Pre Evacuate Collection Set: 0.1ms
[2025-03-18T13:48:49.380+0100][49.263s][info][gc,phases   ] GC(20)   Merge Heap Roots: 0.1ms
[2025-03-18T13:48:49.380+0100][49.263s][info][gc,phases   ] GC(20)   Evacuate Collection Set: 9.0ms
[2025-03-18T13:48:49.380+0100][49.263s][info][gc,phases   ] GC(20)   Post Evacuate Collection Set: 0.6ms
[2025-03-18T13:48:49.380+0100][49.263s][info][gc,phases   ] GC(20)   Other: 0.0ms
[2025-03-18T13:48:49.380+0100][49.263s][info][gc,heap     ] GC(20) Eden regions: 295->0(294)
[2025-03-18T13:48:49.380+0100][49.263s][info][gc,heap     ] GC(20) Survivor regions: 12->13(39)
[2025-03-18T13:48:49.380+0100][49.263s][info][gc,heap     ] GC(20) Old regions: 7->8
[2025-03-18T13:48:49.380+0100][49.263s][info][gc,heap     ] GC(20) Humongous regions: 1->1
[2025-03-18T13:48:49.380+0100][49.263s][info][gc,metaspace] GC(20) Metaspace: 27920K(28288K)->27920K(28288K) NonClass: 24287K(24448K)->24287K(24448K) Class: 3632K(3840K)->3632K(3840K)
[2025-03-18T13:48:49.380+0100][49.263s][info][gc          ] GC(20) Pause Young (Normal) (G1 Evacuation Pause) 1259M->84M(2048M) 10.106ms
[2025-03-18T13:48:49.380+0100][49.263s][info][gc,cpu      ] GC(20) User=0.07s Sys=0.01s Real=0.01s
[2025-03-18T13:48:50.118+0100][50.000s][info][gc,start    ] GC(21) Pause Young (Normal) (G1 Evacuation Pause)
[2025-03-18T13:48:50.118+0100][50.000s][info][gc,task     ] GC(21) Using 9 workers of 9 for evacuation
[2025-03-18T13:48:50.129+0100][50.012s][info][gc,phases   ] GC(21)   Pre Evacuate Collection Set: 0.1ms
[2025-03-18T13:48:50.129+0100][50.012s][info][gc,phases   ] GC(21)   Merge Heap Roots: 0.1ms
[2025-03-18T13:48:50.129+0100][50.012s][info][gc,phases   ] GC(21)   Evacuate Collection Set: 10.8ms
[2025-03-18T13:48:50.129+0100][50.012s][info][gc,phases   ] GC(21)   Post Evacuate Collection Set: 0.7ms
[2025-03-18T13:48:50.129+0100][50.012s][info][gc,phases   ] GC(21)   Other: 0.0ms
[2025-03-18T13:48:50.129+0100][50.012s][info][gc,heap     ] GC(21) Eden regions: 294->0(294)
[2025-03-18T13:48:50.129+0100][50.012s][info][gc,heap     ] GC(21) Survivor regions: 13->13(39)
[2025-03-18T13:48:50.130+0100][50.012s][info][gc,heap     ] GC(21) Old regions: 8->8
[2025-03-18T13:48:50.130+0100][50.012s][info][gc,heap     ] GC(21) Humongous regions: 1->1
[2025-03-18T13:48:50.130+0100][50.012s][info][gc,metaspace] GC(21) Metaspace: 27959K(28352K)->27959K(28352K) NonClass: 24326K(24512K)->24326K(24512K) Class: 3632K(3840K)->3632K(3840K)
[2025-03-18T13:48:50.130+0100][50.012s][info][gc          ] GC(21) Pause Young (Normal) (G1 Evacuation Pause) 1260M->86M(2048M) 11.908ms
[2025-03-18T13:48:50.130+0100][50.012s][info][gc,cpu      ] GC(21) User=0.08s Sys=0.00s Real=0.02s
[2025-03-18T13:48:50.838+0100][50.720s][info][gc,start    ] GC(22) Pause Young (Normal) (G1 Evacuation Pause)
[2025-03-18T13:48:50.838+0100][50.720s][info][gc,task     ] GC(22) Using 9 workers of 9 for evacuation
[2025-03-18T13:48:50.853+0100][50.736s][info][gc,phases   ] GC(22)   Pre Evacuate Collection Set: 0.1ms
[2025-03-18T13:48:50.853+0100][50.736s][info][gc,phases   ] GC(22)   Merge Heap Roots: 0.1ms
[2025-03-18T13:48:50.853+0100][50.736s][info][gc,phases   ] GC(22)   Evacuate Collection Set: 14.5ms
[2025-03-18T13:48:50.853+0100][50.736s][info][gc,phases   ] GC(22)   Post Evacuate Collection Set: 0.7ms
[2025-03-18T13:48:50.853+0100][50.736s][info][gc,phases   ] GC(22)   Other: 0.0ms
[2025-03-18T13:48:50.853+0100][50.736s][info][gc,heap     ] GC(22) Eden regions: 294->0(293)
[2025-03-18T13:48:50.853+0100][50.736s][info][gc,heap     ] GC(22) Survivor regions: 13->14(39)
[2025-03-18T13:48:50.853+0100][50.736s][info][gc,heap     ] GC(22) Old regions: 8->8
[2025-03-18T13:48:50.853+0100][50.736s][info][gc,heap     ] GC(22) Humongous regions: 1->1
[2025-03-18T13:48:50.853+0100][50.736s][info][gc,metaspace] GC(22) Metaspace: 27965K(28352K)->27965K(28352K) NonClass: 24332K(24512K)->24332K(24512K) Class: 3632K(3840K)->3632K(3840K)
[2025-03-18T13:48:50.853+0100][50.736s][info][gc          ] GC(22) Pause Young (Normal) (G1 Evacuation Pause) 1262M->87M(2048M) 15.574ms
[2025-03-18T13:48:50.853+0100][50.736s][info][gc,cpu      ] GC(22) User=0.11s Sys=0.01s Real=0.02s
[2025-03-18T13:48:51.587+0100][51.470s][info][gc,start    ] GC(23) Pause Young (Normal) (G1 Evacuation Pause)
[2025-03-18T13:48:51.587+0100][51.470s][info][gc,task     ] GC(23) Using 9 workers of 9 for evacuation
[2025-03-18T13:48:51.598+0100][51.481s][info][gc,phases   ] GC(23)   Pre Evacuate Collection Set: 0.1ms
[2025-03-18T13:48:51.598+0100][51.481s][info][gc,phases   ] GC(23)   Merge Heap Roots: 0.1ms
[2025-03-18T13:48:51.598+0100][51.481s][info][gc,phases   ] GC(23)   Evacuate Collection Set: 10.2ms
[2025-03-18T13:48:51.598+0100][51.481s][info][gc,phases   ] GC(23)   Post Evacuate Collection Set: 0.5ms
[2025-03-18T13:48:51.598+0100][51.481s][info][gc,phases   ] GC(23)   Other: 0.0ms
[2025-03-18T13:48:51.598+0100][51.481s][info][gc,heap     ] GC(23) Eden regions: 293->0(293)
[2025-03-18T13:48:51.598+0100][51.481s][info][gc,heap     ] GC(23) Survivor regions: 14->14(39)
[2025-03-18T13:48:51.598+0100][51.481s][info][gc,heap     ] GC(23) Old regions: 8->8
[2025-03-18T13:48:51.599+0100][51.481s][info][gc,heap     ] GC(23) Humongous regions: 1->1
[2025-03-18T13:48:51.599+0100][51.481s][info][gc,metaspace] GC(23) Metaspace: 27978K(28352K)->27978K(28352K) NonClass: 24346K(24512K)->24346K(24512K) Class: 3632K(3840K)->3632K(3840K)
[2025-03-18T13:48:51.599+0100][51.481s][info][gc          ] GC(23) Pause Young (Normal) (G1 Evacuation Pause) 1259M->89M(2048M) 11.152ms
[2025-03-18T13:48:51.599+0100][51.481s][info][gc,cpu      ] GC(23) User=0.08s Sys=0.00s Real=0.01s
[2025-03-18T13:48:52.305+0100][52.187s][info][gc,start    ] GC(24) Pause Young (Normal) (G1 Evacuation Pause)
[2025-03-18T13:48:52.305+0100][52.188s][info][gc,task     ] GC(24) Using 9 workers of 9 for evacuation
[2025-03-18T13:48:52.316+0100][52.198s][info][gc,phases   ] GC(24)   Pre Evacuate Collection Set: 0.1ms
[2025-03-18T13:48:52.316+0100][52.198s][info][gc,phases   ] GC(24)   Merge Heap Roots: 0.1ms
[2025-03-18T13:48:52.316+0100][52.198s][info][gc,phases   ] GC(24)   Evacuate Collection Set: 9.7ms
[2025-03-18T13:48:52.316+0100][52.198s][info][gc,phases   ] GC(24)   Post Evacuate Collection Set: 0.6ms
[2025-03-18T13:48:52.316+0100][52.198s][info][gc,phases   ] GC(24)   Other: 0.0ms
[2025-03-18T13:48:52.316+0100][52.198s][info][gc,heap     ] GC(24) Eden regions: 293->0(292)
[2025-03-18T13:48:52.316+0100][52.198s][info][gc,heap     ] GC(24) Survivor regions: 14->15(39)
[2025-03-18T13:48:52.316+0100][52.198s][info][gc,heap     ] GC(24) Old regions: 8->8
[2025-03-18T13:48:52.316+0100][52.199s][info][gc,heap     ] GC(24) Humongous regions: 1->1
[2025-03-18T13:48:52.316+0100][52.199s][info][gc,metaspace] GC(24) Metaspace: 27990K(28352K)->27990K(28352K) NonClass: 24358K(24512K)->24358K(24512K) Class: 3632K(3840K)->3632K(3840K)
[2025-03-18T13:48:52.316+0100][52.199s][info][gc          ] GC(24) Pause Young (Normal) (G1 Evacuation Pause) 1261M->94M(2048M) 11.202ms
[2025-03-18T13:48:52.316+0100][52.199s][info][gc,cpu      ] GC(24) User=0.08s Sys=0.00s Real=0.01s
[2025-03-18T13:48:53.036+0100][52.918s][info][gc,start    ] GC(25) Pause Young (Normal) (G1 Evacuation Pause)
[2025-03-18T13:48:53.036+0100][52.918s][info][gc,task     ] GC(25) Using 9 workers of 9 for evacuation
[2025-03-18T13:48:53.046+0100][52.929s][info][gc,phases   ] GC(25)   Pre Evacuate Collection Set: 0.1ms
[2025-03-18T13:48:53.046+0100][52.929s][info][gc,phases   ] GC(25)   Merge Heap Roots: 0.1ms
[2025-03-18T13:48:53.046+0100][52.929s][info][gc,phases   ] GC(25)   Evacuate Collection Set: 9.6ms
[2025-03-18T13:48:53.046+0100][52.929s][info][gc,phases   ] GC(25)   Post Evacuate Collection Set: 0.6ms
[2025-03-18T13:48:53.046+0100][52.929s][info][gc,phases   ] GC(25)   Other: 0.0ms
[2025-03-18T13:48:53.046+0100][52.929s][info][gc,heap     ] GC(25) Eden regions: 292->0(293)
[2025-03-18T13:48:53.046+0100][52.929s][info][gc,heap     ] GC(25) Survivor regions: 15->14(39)
[2025-03-18T13:48:53.046+0100][52.929s][info][gc,heap     ] GC(25) Old regions: 8->8
[2025-03-18T13:48:53.046+0100][52.929s][info][gc,heap     ] GC(25) Humongous regions: 1->1
[2025-03-18T13:48:53.046+0100][52.929s][info][gc,metaspace] GC(25) Metaspace: 27990K(28352K)->27990K(28352K) NonClass: 24358K(24512K)->24358K(24512K) Class: 3632K(3840K)->3632K(3840K)
[2025-03-18T13:48:53.046+0100][52.929s][info][gc          ] GC(25) Pause Young (Normal) (G1 Evacuation Pause) 1262M->89M(2048M) 10.624ms
[2025-03-18T13:48:53.046+0100][52.929s][info][gc,cpu      ] GC(25) User=0.08s Sys=0.00s Real=0.01s
[2025-03-18T13:48:53.772+0100][53.655s][info][gc,start    ] GC(26) Pause Young (Normal) (G1 Evacuation Pause)
[2025-03-18T13:48:53.772+0100][53.655s][info][gc,task     ] GC(26) Using 9 workers of 9 for evacuation
[2025-03-18T13:48:53.784+0100][53.667s][info][gc,phases   ] GC(26)   Pre Evacuate Collection Set: 0.1ms
[2025-03-18T13:48:53.784+0100][53.667s][info][gc,phases   ] GC(26)   Merge Heap Roots: 0.1ms
[2025-03-18T13:48:53.784+0100][53.667s][info][gc,phases   ] GC(26)   Evacuate Collection Set: 11.2ms
[2025-03-18T13:48:53.784+0100][53.667s][info][gc,phases   ] GC(26)   Post Evacuate Collection Set: 0.6ms
[2025-03-18T13:48:53.784+0100][53.667s][info][gc,phases   ] GC(26)   Other: 0.0ms
[2025-03-18T13:48:53.784+0100][53.667s][info][gc,heap     ] GC(26) Eden regions: 293->0(292)
[2025-03-18T13:48:53.784+0100][53.667s][info][gc,heap     ] GC(26) Survivor regions: 14->15(39)
[2025-03-18T13:48:53.784+0100][53.667s][info][gc,heap     ] GC(26) Old regions: 8->8
[2025-03-18T13:48:53.784+0100][53.667s][info][gc,heap     ] GC(26) Humongous regions: 1->1
[2025-03-18T13:48:53.784+0100][53.667s][info][gc,metaspace] GC(26) Metaspace: 27996K(28416K)->27996K(28416K) NonClass: 24363K(24576K)->24363K(24576K) Class: 3632K(3840K)->3632K(3840K)
[2025-03-18T13:48:53.784+0100][53.667s][info][gc          ] GC(26) Pause Young (Normal) (G1 Evacuation Pause) 1261M->94M(2048M) 12.135ms
[2025-03-18T13:48:53.784+0100][53.667s][info][gc,cpu      ] GC(26) User=0.09s Sys=0.00s Real=0.01s
[2025-03-18T13:48:54.511+0100][54.394s][info][gc,start    ] GC(27) Pause Young (Normal) (G1 Evacuation Pause)
[2025-03-18T13:48:54.511+0100][54.394s][info][gc,task     ] GC(27) Using 9 workers of 9 for evacuation
[2025-03-18T13:48:54.523+0100][54.406s][info][gc,phases   ] GC(27)   Pre Evacuate Collection Set: 0.1ms
[2025-03-18T13:48:54.523+0100][54.406s][info][gc,phases   ] GC(27)   Merge Heap Roots: 0.1ms
[2025-03-18T13:48:54.524+0100][54.406s][info][gc,phases   ] GC(27)   Evacuate Collection Set: 11.2ms
[2025-03-18T13:48:54.524+0100][54.406s][info][gc,phases   ] GC(27)   Post Evacuate Collection Set: 0.7ms
[2025-03-18T13:48:54.524+0100][54.406s][info][gc,phases   ] GC(27)   Other: 0.1ms
[2025-03-18T13:48:54.524+0100][54.406s][info][gc,heap     ] GC(27) Eden regions: 292->0(291)
[2025-03-18T13:48:54.524+0100][54.406s][info][gc,heap     ] GC(27) Survivor regions: 15->16(39)
[2025-03-18T13:48:54.524+0100][54.406s][info][gc,heap     ] GC(27) Old regions: 8->8
[2025-03-18T13:48:54.524+0100][54.406s][info][gc,heap     ] GC(27) Humongous regions: 1->1
[2025-03-18T13:48:54.524+0100][54.406s][info][gc,metaspace] GC(27) Metaspace: 28014K(28416K)->28014K(28416K) NonClass: 24381K(24576K)->24381K(24576K) Class: 3632K(3840K)->3632K(3840K)
[2025-03-18T13:48:54.524+0100][54.406s][info][gc          ] GC(27) Pause Young (Normal) (G1 Evacuation Pause) 1262M->98M(2048M) 12.349ms
[2025-03-18T13:48:54.524+0100][54.406s][info][gc,cpu      ] GC(27) User=0.10s Sys=0.01s Real=0.01s
[2025-03-18T13:48:55.241+0100][55.123s][info][gc,start    ] GC(28) Pause Young (Normal) (G1 Evacuation Pause)
[2025-03-18T13:48:55.241+0100][55.123s][info][gc,task     ] GC(28) Using 9 workers of 9 for evacuation
[2025-03-18T13:48:55.253+0100][55.136s][info][gc,phases   ] GC(28)   Pre Evacuate Collection Set: 0.2ms
[2025-03-18T13:48:55.253+0100][55.136s][info][gc,phases   ] GC(28)   Merge Heap Roots: 0.1ms
[2025-03-18T13:48:55.253+0100][55.136s][info][gc,phases   ] GC(28)   Evacuate Collection Set: 11.8ms
[2025-03-18T13:48:55.253+0100][55.136s][info][gc,phases   ] GC(28)   Post Evacuate Collection Set: 0.6ms
[2025-03-18T13:48:55.253+0100][55.136s][info][gc,phases   ] GC(28)   Other: 0.0ms
[2025-03-18T13:48:55.253+0100][55.136s][info][gc,heap     ] GC(28) Eden regions: 291->0(290)
[2025-03-18T13:48:55.253+0100][55.136s][info][gc,heap     ] GC(28) Survivor regions: 16->17(39)
[2025-03-18T13:48:55.253+0100][55.136s][info][gc,heap     ] GC(28) Old regions: 8->8
[2025-03-18T13:48:55.253+0100][55.136s][info][gc,heap     ] GC(28) Humongous regions: 1->1
[2025-03-18T13:48:55.253+0100][55.136s][info][gc,metaspace] GC(28) Metaspace: 28021K(28416K)->28021K(28416K) NonClass: 24388K(24576K)->24388K(24576K) Class: 3632K(3840K)->3632K(3840K)
[2025-03-18T13:48:55.253+0100][55.136s][info][gc          ] GC(28) Pause Young (Normal) (G1 Evacuation Pause) 1262M->100M(2048M) 12.831ms
[2025-03-18T13:48:55.253+0100][55.136s][info][gc,cpu      ] GC(28) User=0.10s Sys=0.01s Real=0.01s
[2025-03-18T13:48:55.972+0100][55.855s][info][gc,start    ] GC(29) Pause Young (Normal) (G1 Evacuation Pause)
[2025-03-18T13:48:55.973+0100][55.855s][info][gc,task     ] GC(29) Using 9 workers of 9 for evacuation
[2025-03-18T13:48:55.987+0100][55.869s][info][gc,phases   ] GC(29)   Pre Evacuate Collection Set: 0.1ms
[2025-03-18T13:48:55.987+0100][55.869s][info][gc,phases   ] GC(29)   Merge Heap Roots: 0.1ms
[2025-03-18T13:48:55.987+0100][55.869s][info][gc,phases   ] GC(29)   Evacuate Collection Set: 13.4ms
[2025-03-18T13:48:55.987+0100][55.869s][info][gc,phases   ] GC(29)   Post Evacuate Collection Set: 0.6ms
[2025-03-18T13:48:55.987+0100][55.869s][info][gc,phases   ] GC(29)   Other: 0.0ms
[2025-03-18T13:48:55.987+0100][55.869s][info][gc,heap     ] GC(29) Eden regions: 290->0(290)
[2025-03-18T13:48:55.987+0100][55.869s][info][gc,heap     ] GC(29) Survivor regions: 17->17(39)
[2025-03-18T13:48:55.987+0100][55.869s][info][gc,heap     ] GC(29) Old regions: 8->8
[2025-03-18T13:48:55.987+0100][55.869s][info][gc,heap     ] GC(29) Humongous regions: 1->1
[2025-03-18T13:48:55.987+0100][55.869s][info][gc,metaspace] GC(29) Metaspace: 28029K(28416K)->28029K(28416K) NonClass: 24396K(24576K)->24396K(24576K) Class: 3632K(3840K)->3632K(3840K)
[2025-03-18T13:48:55.987+0100][55.869s][info][gc          ] GC(29) Pause Young (Normal) (G1 Evacuation Pause) 1260M->102M(2048M) 14.374ms
[2025-03-18T13:48:55.987+0100][55.869s][info][gc,cpu      ] GC(29) User=0.11s Sys=0.01s Real=0.01s
[2025-03-18T13:48:56.719+0100][56.602s][info][gc,start    ] GC(30) Pause Young (Normal) (G1 Evacuation Pause)
[2025-03-18T13:48:56.719+0100][56.602s][info][gc,task     ] GC(30) Using 9 workers of 9 for evacuation
[2025-03-18T13:48:56.734+0100][56.617s][info][gc,phases   ] GC(30)   Pre Evacuate Collection Set: 0.1ms
[2025-03-18T13:48:56.734+0100][56.617s][info][gc,phases   ] GC(30)   Merge Heap Roots: 0.1ms
[2025-03-18T13:48:56.734+0100][56.617s][info][gc,phases   ] GC(30)   Evacuate Collection Set: 13.9ms
[2025-03-18T13:48:56.734+0100][56.617s][info][gc,phases   ] GC(30)   Post Evacuate Collection Set: 0.6ms
[2025-03-18T13:48:56.734+0100][56.617s][info][gc,phases   ] GC(30)   Other: 0.0ms
[2025-03-18T13:48:56.734+0100][56.617s][info][gc,heap     ] GC(30) Eden regions: 290->0(293)
[2025-03-18T13:48:56.734+0100][56.617s][info][gc,heap     ] GC(30) Survivor regions: 17->14(39)
[2025-03-18T13:48:56.734+0100][56.617s][info][gc,heap     ] GC(30) Old regions: 8->12
[2025-03-18T13:48:56.734+0100][56.617s][info][gc,heap     ] GC(30) Humongous regions: 1->1
[2025-03-18T13:48:56.734+0100][56.617s][info][gc,metaspace] GC(30) Metaspace: 28033K(28416K)->28033K(28416K) NonClass: 24401K(24576K)->24401K(24576K) Class: 3632K(3840K)->3632K(3840K)
[2025-03-18T13:48:56.734+0100][56.617s][info][gc          ] GC(30) Pause Young (Normal) (G1 Evacuation Pause) 1262M->104M(2048M) 14.911ms
[2025-03-18T13:48:56.734+0100][56.617s][info][gc,cpu      ] GC(30) User=0.11s Sys=0.00s Real=0.02s
[2025-03-18T13:48:57.483+0100][57.365s][info][gc,start    ] GC(31) Pause Young (Normal) (G1 Evacuation Pause)
[2025-03-18T13:48:57.483+0100][57.365s][info][gc,task     ] GC(31) Using 9 workers of 9 for evacuation
[2025-03-18T13:48:57.496+0100][57.378s][info][gc,phases   ] GC(31)   Pre Evacuate Collection Set: 0.1ms
[2025-03-18T13:48:57.496+0100][57.378s][info][gc,phases   ] GC(31)   Merge Heap Roots: 0.0ms
[2025-03-18T13:48:57.496+0100][57.378s][info][gc,phases   ] GC(31)   Evacuate Collection Set: 12.2ms
[2025-03-18T13:48:57.496+0100][57.378s][info][gc,phases   ] GC(31)   Post Evacuate Collection Set: 0.5ms
[2025-03-18T13:48:57.496+0100][57.378s][info][gc,phases   ] GC(31)   Other: 0.1ms
[2025-03-18T13:48:57.496+0100][57.378s][info][gc,heap     ] GC(31) Eden regions: 293->0(294)
[2025-03-18T13:48:57.496+0100][57.378s][info][gc,heap     ] GC(31) Survivor regions: 14->13(39)
[2025-03-18T13:48:57.496+0100][57.378s][info][gc,heap     ] GC(31) Old regions: 12->14
[2025-03-18T13:48:57.496+0100][57.378s][info][gc,heap     ] GC(31) Humongous regions: 1->1
[2025-03-18T13:48:57.496+0100][57.378s][info][gc,metaspace] GC(31) Metaspace: 28062K(28416K)->28062K(28416K) NonClass: 24429K(24576K)->24429K(24576K) Class: 3632K(3840K)->3632K(3840K)
[2025-03-18T13:48:57.496+0100][57.378s][info][gc          ] GC(31) Pause Young (Normal) (G1 Evacuation Pause) 1276M->109M(2048M) 13.188ms
[2025-03-18T13:48:57.496+0100][57.378s][info][gc,cpu      ] GC(31) User=0.11s Sys=0.00s Real=0.01s
[2025-03-18T13:48:58.258+0100][58.141s][info][gc,start    ] GC(32) Pause Young (Normal) (G1 Evacuation Pause)
[2025-03-18T13:48:58.258+0100][58.141s][info][gc,task     ] GC(32) Using 9 workers of 9 for evacuation
[2025-03-18T13:48:58.270+0100][58.152s][info][gc,phases   ] GC(32)   Pre Evacuate Collection Set: 0.1ms
[2025-03-18T13:48:58.270+0100][58.152s][info][gc,phases   ] GC(32)   Merge Heap Roots: 0.1ms
[2025-03-18T13:48:58.270+0100][58.152s][info][gc,phases   ] GC(32)   Evacuate Collection Set: 10.8ms
[2025-03-18T13:48:58.270+0100][58.152s][info][gc,phases   ] GC(32)   Post Evacuate Collection Set: 0.5ms
[2025-03-18T13:48:58.270+0100][58.152s][info][gc,phases   ] GC(32)   Other: 0.0ms
[2025-03-18T13:48:58.270+0100][58.152s][info][gc,heap     ] GC(32) Eden regions: 294->0(294)
[2025-03-18T13:48:58.270+0100][58.152s][info][gc,heap     ] GC(32) Survivor regions: 13->13(39)
[2025-03-18T13:48:58.270+0100][58.152s][info][gc,heap     ] GC(32) Old regions: 14->15
[2025-03-18T13:48:58.270+0100][58.152s][info][gc,heap     ] GC(32) Humongous regions: 1->1
[2025-03-18T13:48:58.270+0100][58.152s][info][gc,metaspace] GC(32) Metaspace: 28062K(28416K)->28062K(28416K) NonClass: 24429K(24576K)->24429K(24576K) Class: 3632K(3840K)->3632K(3840K)
[2025-03-18T13:48:58.270+0100][58.152s][info][gc          ] GC(32) Pause Young (Normal) (G1 Evacuation Pause) 1285M->111M(2048M) 11.883ms
[2025-03-18T13:48:58.270+0100][58.152s][info][gc,cpu      ] GC(32) User=0.09s Sys=0.00s Real=0.02s
[2025-03-18T13:48:59.020+0100][58.903s][info][gc,start    ] GC(33) Pause Young (Normal) (G1 Evacuation Pause)
[2025-03-18T13:48:59.020+0100][58.903s][info][gc,task     ] GC(33) Using 9 workers of 9 for evacuation
[2025-03-18T13:48:59.032+0100][58.915s][info][gc,phases   ] GC(33)   Pre Evacuate Collection Set: 0.1ms
[2025-03-18T13:48:59.032+0100][58.915s][info][gc,phases   ] GC(33)   Merge Heap Roots: 0.1ms
[2025-03-18T13:48:59.032+0100][58.915s][info][gc,phases   ] GC(33)   Evacuate Collection Set: 10.8ms
[2025-03-18T13:48:59.032+0100][58.915s][info][gc,phases   ] GC(33)   Post Evacuate Collection Set: 0.5ms
[2025-03-18T13:48:59.032+0100][58.915s][info][gc,phases   ] GC(33)   Other: 0.0ms
[2025-03-18T13:48:59.032+0100][58.915s][info][gc,heap     ] GC(33) Eden regions: 294->0(295)
[2025-03-18T13:48:59.032+0100][58.915s][info][gc,heap     ] GC(33) Survivor regions: 13->12(39)
[2025-03-18T13:48:59.032+0100][58.915s][info][gc,heap     ] GC(33) Old regions: 15->15
[2025-03-18T13:48:59.032+0100][58.915s][info][gc,heap     ] GC(33) Humongous regions: 1->1
[2025-03-18T13:48:59.032+0100][58.915s][info][gc,metaspace] GC(33) Metaspace: 28062K(28416K)->28062K(28416K) NonClass: 24429K(24576K)->24429K(24576K) Class: 3632K(3840K)->3632K(3840K)
[2025-03-18T13:48:59.032+0100][58.915s][info][gc          ] GC(33) Pause Young (Normal) (G1 Evacuation Pause) 1287M->111M(2048M) 11.815ms
[2025-03-18T13:48:59.032+0100][58.915s][info][gc,cpu      ] GC(33) User=0.09s Sys=0.00s Real=0.01s
[2025-03-18T13:48:59.736+0100][59.618s][info][gc,start    ] GC(34) Pause Young (Normal) (G1 Evacuation Pause)
[2025-03-18T13:48:59.736+0100][59.618s][info][gc,task     ] GC(34) Using 9 workers of 9 for evacuation
[2025-03-18T13:48:59.747+0100][59.629s][info][gc,phases   ] GC(34)   Pre Evacuate Collection Set: 0.1ms
[2025-03-18T13:48:59.747+0100][59.629s][info][gc,phases   ] GC(34)   Merge Heap Roots: 0.0ms
[2025-03-18T13:48:59.747+0100][59.629s][info][gc,phases   ] GC(34)   Evacuate Collection Set: 10.6ms
[2025-03-18T13:48:59.747+0100][59.629s][info][gc,phases   ] GC(34)   Post Evacuate Collection Set: 0.5ms
[2025-03-18T13:48:59.747+0100][59.629s][info][gc,phases   ] GC(34)   Other: 0.0ms
[2025-03-18T13:48:59.747+0100][59.629s][info][gc,heap     ] GC(34) Eden regions: 295->0(294)
[2025-03-18T13:48:59.747+0100][59.629s][info][gc,heap     ] GC(34) Survivor regions: 12->13(39)
[2025-03-18T13:48:59.747+0100][59.629s][info][gc,heap     ] GC(34) Old regions: 15->16
[2025-03-18T13:48:59.747+0100][59.629s][info][gc,heap     ] GC(34) Humongous regions: 1->1
[2025-03-18T13:48:59.747+0100][59.629s][info][gc,metaspace] GC(34) Metaspace: 28064K(28480K)->28064K(28480K) NonClass: 24431K(24640K)->24431K(24640K) Class: 3632K(3840K)->3632K(3840K)
[2025-03-18T13:48:59.747+0100][59.629s][info][gc          ] GC(34) Pause Young (Normal) (G1 Evacuation Pause) 1291M->118M(2048M) 11.468ms
[2025-03-18T13:48:59.747+0100][59.630s][info][gc,cpu      ] GC(34) User=0.09s Sys=0.01s Real=0.01s
[2025-03-18T13:49:00.482+0100][60.365s][info][gc,start    ] GC(35) Pause Young (Normal) (G1 Evacuation Pause)
[2025-03-18T13:49:00.482+0100][60.365s][info][gc,task     ] GC(35) Using 9 workers of 9 for evacuation
[2025-03-18T13:49:00.493+0100][60.376s][info][gc,phases   ] GC(35)   Pre Evacuate Collection Set: 0.1ms
[2025-03-18T13:49:00.493+0100][60.376s][info][gc,phases   ] GC(35)   Merge Heap Roots: 0.1ms
[2025-03-18T13:49:00.493+0100][60.376s][info][gc,phases   ] GC(35)   Evacuate Collection Set: 10.2ms
[2025-03-18T13:49:00.493+0100][60.376s][info][gc,phases   ] GC(35)   Post Evacuate Collection Set: 0.6ms
[2025-03-18T13:49:00.493+0100][60.376s][info][gc,phases   ] GC(35)   Other: 0.1ms
[2025-03-18T13:49:00.493+0100][60.376s][info][gc,heap     ] GC(35) Eden regions: 294->0(295)
[2025-03-18T13:49:00.493+0100][60.376s][info][gc,heap     ] GC(35) Survivor regions: 13->12(39)
[2025-03-18T13:49:00.493+0100][60.376s][info][gc,heap     ] GC(35) Old regions: 16->17
[2025-03-18T13:49:00.493+0100][60.376s][info][gc,heap     ] GC(35) Humongous regions: 1->1
[2025-03-18T13:49:00.493+0100][60.376s][info][gc,metaspace] GC(35) Metaspace: 28064K(28480K)->28064K(28480K) NonClass: 24431K(24640K)->24431K(24640K) Class: 3632K(3840K)->3632K(3840K)
[2025-03-18T13:49:00.493+0100][60.376s][info][gc          ] GC(35) Pause Young (Normal) (G1 Evacuation Pause) 1294M->116M(2048M) 11.261ms
[2025-03-18T13:49:00.493+0100][60.376s][info][gc,cpu      ] GC(35) User=0.09s Sys=0.00s Real=0.01s
[2025-03-18T13:49:01.208+0100][61.090s][info][gc,start    ] GC(36) Pause Young (Normal) (GCLocker Initiated GC)
[2025-03-18T13:49:01.208+0100][61.090s][info][gc,task     ] GC(36) Using 9 workers of 9 for evacuation
[2025-03-18T13:49:01.219+0100][61.102s][info][gc,phases   ] GC(36)   Pre Evacuate Collection Set: 0.1ms
[2025-03-18T13:49:01.220+0100][61.102s][info][gc,phases   ] GC(36)   Merge Heap Roots: 0.1ms
[2025-03-18T13:49:01.220+0100][61.102s][info][gc,phases   ] GC(36)   Evacuate Collection Set: 11.0ms
[2025-03-18T13:49:01.220+0100][61.102s][info][gc,phases   ] GC(36)   Post Evacuate Collection Set: 0.6ms
[2025-03-18T13:49:01.220+0100][61.102s][info][gc,phases   ] GC(36)   Other: 0.0ms
[2025-03-18T13:49:01.220+0100][61.102s][info][gc,heap     ] GC(36) Eden regions: 296->0(294)
[2025-03-18T13:49:01.220+0100][61.102s][info][gc,heap     ] GC(36) Survivor regions: 12->13(39)
[2025-03-18T13:49:01.220+0100][61.102s][info][gc,heap     ] GC(36) Old regions: 17->17
[2025-03-18T13:49:01.220+0100][61.102s][info][gc,heap     ] GC(36) Humongous regions: 1->1
[2025-03-18T13:49:01.220+0100][61.102s][info][gc,metaspace] GC(36) Metaspace: 28065K(28480K)->28065K(28480K) NonClass: 24432K(24640K)->24432K(24640K) Class: 3632K(3840K)->3632K(3840K)
[2025-03-18T13:49:01.220+0100][61.102s][info][gc          ] GC(36) Pause Young (Normal) (GCLocker Initiated GC) 1298M->123M(2048M) 12.076ms
[2025-03-18T13:49:01.220+0100][61.102s][info][gc,cpu      ] GC(36) User=0.09s Sys=0.01s Real=0.02s
[2025-03-18T13:49:01.952+0100][61.834s][info][gc,start    ] GC(37) Pause Young (Normal) (G1 Evacuation Pause)
[2025-03-18T13:49:01.952+0100][61.834s][info][gc,task     ] GC(37) Using 9 workers of 9 for evacuation
[2025-03-18T13:49:01.963+0100][61.846s][info][gc,phases   ] GC(37)   Pre Evacuate Collection Set: 0.1ms
[2025-03-18T13:49:01.963+0100][61.846s][info][gc,phases   ] GC(37)   Merge Heap Roots: 0.1ms
[2025-03-18T13:49:01.963+0100][61.846s][info][gc,phases   ] GC(37)   Evacuate Collection Set: 10.8ms
[2025-03-18T13:49:01.963+0100][61.846s][info][gc,phases   ] GC(37)   Post Evacuate Collection Set: 0.5ms
[2025-03-18T13:49:01.963+0100][61.846s][info][gc,phases   ] GC(37)   Other: 0.0ms
[2025-03-18T13:49:01.963+0100][61.846s][info][gc,heap     ] GC(37) Eden regions: 294->0(294)
[2025-03-18T13:49:01.963+0100][61.846s][info][gc,heap     ] GC(37) Survivor regions: 13->13(39)
[2025-03-18T13:49:01.963+0100][61.846s][info][gc,heap     ] GC(37) Old regions: 17->18
[2025-03-18T13:49:01.963+0100][61.846s][info][gc,heap     ] GC(37) Humongous regions: 1->1
[2025-03-18T13:49:01.963+0100][61.846s][info][gc,metaspace] GC(37) Metaspace: 28065K(28480K)->28065K(28480K) NonClass: 24432K(24640K)->24432K(24640K) Class: 3632K(3840K)->3632K(3840K)
[2025-03-18T13:49:01.963+0100][61.846s][info][gc          ] GC(37) Pause Young (Normal) (G1 Evacuation Pause) 1299M->123M(2048M) 11.789ms
[2025-03-18T13:49:01.963+0100][61.846s][info][gc,cpu      ] GC(37) User=0.09s Sys=0.00s Real=0.01s
[2025-03-18T13:49:02.696+0100][62.578s][info][gc,start    ] GC(38) Pause Young (Normal) (G1 Evacuation Pause)
[2025-03-18T13:49:02.696+0100][62.578s][info][gc,task     ] GC(38) Using 9 workers of 9 for evacuation
[2025-03-18T13:49:02.707+0100][62.590s][info][gc,phases   ] GC(38)   Pre Evacuate Collection Set: 0.1ms
[2025-03-18T13:49:02.707+0100][62.590s][info][gc,phases   ] GC(38)   Merge Heap Roots: 0.1ms
[2025-03-18T13:49:02.707+0100][62.590s][info][gc,phases   ] GC(38)   Evacuate Collection Set: 10.2ms
[2025-03-18T13:49:02.707+0100][62.590s][info][gc,phases   ] GC(38)   Post Evacuate Collection Set: 0.7ms
[2025-03-18T13:49:02.707+0100][62.590s][info][gc,phases   ] GC(38)   Other: 0.0ms
[2025-03-18T13:49:02.707+0100][62.590s][info][gc,heap     ] GC(38) Eden regions: 294->0(294)
[2025-03-18T13:49:02.707+0100][62.590s][info][gc,heap     ] GC(38) Survivor regions: 13->13(39)
[2025-03-18T13:49:02.707+0100][62.590s][info][gc,heap     ] GC(38) Old regions: 18->19
[2025-03-18T13:49:02.707+0100][62.590s][info][gc,heap     ] GC(38) Humongous regions: 1->1
[2025-03-18T13:49:02.707+0100][62.590s][info][gc,metaspace] GC(38) Metaspace: 28065K(28480K)->28065K(28480K) NonClass: 24432K(24640K)->24432K(24640K) Class: 3632K(3840K)->3632K(3840K)
[2025-03-18T13:49:02.707+0100][62.590s][info][gc          ] GC(38) Pause Young (Normal) (G1 Evacuation Pause) 1299M->124M(2048M) 11.365ms
[2025-03-18T13:49:02.707+0100][62.590s][info][gc,cpu      ] GC(38) User=0.09s Sys=0.00s Real=0.01s
[2025-03-18T13:49:03.410+0100][63.293s][info][gc,start    ] GC(39) Pause Young (Normal) (GCLocker Initiated GC)
[2025-03-18T13:49:03.410+0100][63.293s][info][gc,task     ] GC(39) Using 9 workers of 9 for evacuation
[2025-03-18T13:49:03.421+0100][63.304s][info][gc,phases   ] GC(39)   Pre Evacuate Collection Set: 0.1ms
[2025-03-18T13:49:03.421+0100][63.304s][info][gc,phases   ] GC(39)   Merge Heap Roots: 0.1ms
[2025-03-18T13:49:03.421+0100][63.304s][info][gc,phases   ] GC(39)   Evacuate Collection Set: 10.0ms
[2025-03-18T13:49:03.421+0100][63.304s][info][gc,phases   ] GC(39)   Post Evacuate Collection Set: 0.6ms
[2025-03-18T13:49:03.421+0100][63.304s][info][gc,phases   ] GC(39)   Other: 0.0ms
[2025-03-18T13:49:03.421+0100][63.304s][info][gc,heap     ] GC(39) Eden regions: 295->0(293)
[2025-03-18T13:49:03.421+0100][63.304s][info][gc,heap     ] GC(39) Survivor regions: 13->14(39)
[2025-03-18T13:49:03.421+0100][63.304s][info][gc,heap     ] GC(39) Old regions: 19->19
[2025-03-18T13:49:03.421+0100][63.304s][info][gc,heap     ] GC(39) Humongous regions: 1->1
[2025-03-18T13:49:03.421+0100][63.304s][info][gc,metaspace] GC(39) Metaspace: 28065K(28480K)->28065K(28480K) NonClass: 24432K(24640K)->24432K(24640K) Class: 3632K(3840K)->3632K(3840K)
[2025-03-18T13:49:03.421+0100][63.304s][info][gc          ] GC(39) Pause Young (Normal) (GCLocker Initiated GC) 1302M->131M(2048M) 11.031ms
[2025-03-18T13:49:03.421+0100][63.304s][info][gc,cpu      ] GC(39) User=0.08s Sys=0.00s Real=0.01s
[2025-03-18T13:49:04.149+0100][64.032s][info][gc,start    ] GC(40) Pause Young (Normal) (G1 Evacuation Pause)
[2025-03-18T13:49:04.150+0100][64.032s][info][gc,task     ] GC(40) Using 9 workers of 9 for evacuation
[2025-03-18T13:49:04.162+0100][64.044s][info][gc,phases   ] GC(40)   Pre Evacuate Collection Set: 0.1ms
[2025-03-18T13:49:04.162+0100][64.044s][info][gc,phases   ] GC(40)   Merge Heap Roots: 0.1ms
[2025-03-18T13:49:04.162+0100][64.044s][info][gc,phases   ] GC(40)   Evacuate Collection Set: 11.3ms
[2025-03-18T13:49:04.162+0100][64.044s][info][gc,phases   ] GC(40)   Post Evacuate Collection Set: 0.6ms
[2025-03-18T13:49:04.162+0100][64.044s][info][gc,phases   ] GC(40)   Other: 0.0ms
[2025-03-18T13:49:04.162+0100][64.044s][info][gc,heap     ] GC(40) Eden regions: 293->0(295)
[2025-03-18T13:49:04.162+0100][64.044s][info][gc,heap     ] GC(40) Survivor regions: 14->12(39)
[2025-03-18T13:49:04.162+0100][64.044s][info][gc,heap     ] GC(40) Old regions: 19->20
[2025-03-18T13:49:04.162+0100][64.044s][info][gc,heap     ] GC(40) Humongous regions: 1->1
[2025-03-18T13:49:04.162+0100][64.044s][info][gc,metaspace] GC(40) Metaspace: 28068K(28480K)->28068K(28480K) NonClass: 24435K(24640K)->24435K(24640K) Class: 3632K(3840K)->3632K(3840K)
[2025-03-18T13:49:04.162+0100][64.044s][info][gc          ] GC(40) Pause Young (Normal) (G1 Evacuation Pause) 1303M->128M(2048M) 12.800ms
[2025-03-18T13:49:04.162+0100][64.044s][info][gc,cpu      ] GC(40) User=0.10s Sys=0.00s Real=0.02s
[2025-03-18T13:49:04.875+0100][64.758s][info][gc,start    ] GC(41) Pause Young (Normal) (G1 Evacuation Pause)
[2025-03-18T13:49:04.875+0100][64.758s][info][gc,task     ] GC(41) Using 9 workers of 9 for evacuation
[2025-03-18T13:49:04.887+0100][64.769s][info][gc,phases   ] GC(41)   Pre Evacuate Collection Set: 0.1ms
[2025-03-18T13:49:04.887+0100][64.769s][info][gc,phases   ] GC(41)   Merge Heap Roots: 0.1ms
[2025-03-18T13:49:04.887+0100][64.769s][info][gc,phases   ] GC(41)   Evacuate Collection Set: 10.4ms
[2025-03-18T13:49:04.887+0100][64.769s][info][gc,phases   ] GC(41)   Post Evacuate Collection Set: 0.6ms
[2025-03-18T13:49:04.887+0100][64.769s][info][gc,phases   ] GC(41)   Other: 0.1ms
[2025-03-18T13:49:04.887+0100][64.769s][info][gc,heap     ] GC(41) Eden regions: 295->0(294)
[2025-03-18T13:49:04.887+0100][64.769s][info][gc,heap     ] GC(41) Survivor regions: 12->13(39)
[2025-03-18T13:49:04.887+0100][64.769s][info][gc,heap     ] GC(41) Old regions: 20->20
[2025-03-18T13:49:04.887+0100][64.769s][info][gc,heap     ] GC(41) Humongous regions: 1->1
[2025-03-18T13:49:04.887+0100][64.769s][info][gc,metaspace] GC(41) Metaspace: 28068K(28480K)->28068K(28480K) NonClass: 24436K(24640K)->24436K(24640K) Class: 3632K(3840K)->3632K(3840K)
[2025-03-18T13:49:04.887+0100][64.769s][info][gc          ] GC(41) Pause Young (Normal) (G1 Evacuation Pause) 1308M->135M(2048M) 11.417ms
[2025-03-18T13:49:04.887+0100][64.769s][info][gc,cpu      ] GC(41) User=0.09s Sys=0.00s Real=0.01s
[2025-03-18T13:49:05.612+0100][65.494s][info][gc,start    ] GC(42) Pause Young (Normal) (G1 Evacuation Pause)
[2025-03-18T13:49:05.612+0100][65.495s][info][gc,task     ] GC(42) Using 9 workers of 9 for evacuation
[2025-03-18T13:49:05.624+0100][65.507s][info][gc,phases   ] GC(42)   Pre Evacuate Collection Set: 0.2ms
[2025-03-18T13:49:05.625+0100][65.507s][info][gc,phases   ] GC(42)   Merge Heap Roots: 0.1ms
[2025-03-18T13:49:05.625+0100][65.507s][info][gc,phases   ] GC(42)   Evacuate Collection Set: 11.7ms
[2025-03-18T13:49:05.625+0100][65.507s][info][gc,phases   ] GC(42)   Post Evacuate Collection Set: 0.5ms
[2025-03-18T13:49:05.625+0100][65.507s][info][gc,phases   ] GC(42)   Other: 0.0ms
[2025-03-18T13:49:05.625+0100][65.507s][info][gc,heap     ] GC(42) Eden regions: 294->0(293)
[2025-03-18T13:49:05.625+0100][65.507s][info][gc,heap     ] GC(42) Survivor regions: 13->14(39)
[2025-03-18T13:49:05.625+0100][65.507s][info][gc,heap     ] GC(42) Old regions: 20->21
[2025-03-18T13:49:05.625+0100][65.507s][info][gc,heap     ] GC(42) Humongous regions: 1->1
[2025-03-18T13:49:05.625+0100][65.507s][info][gc,metaspace] GC(42) Metaspace: 28072K(28480K)->28072K(28480K) NonClass: 24440K(24640K)->24440K(24640K) Class: 3632K(3840K)->3632K(3840K)
[2025-03-18T13:49:05.625+0100][65.507s][info][gc          ] GC(42) Pause Young (Normal) (G1 Evacuation Pause) 1311M->141M(2048M) 12.669ms
[2025-03-18T13:49:05.625+0100][65.507s][info][gc,cpu      ] GC(42) User=0.10s Sys=0.00s Real=0.01s
[2025-03-18T13:49:06.346+0100][66.229s][info][gc,start    ] GC(43) Pause Young (Normal) (G1 Evacuation Pause)
[2025-03-18T13:49:06.346+0100][66.229s][info][gc,task     ] GC(43) Using 9 workers of 9 for evacuation
[2025-03-18T13:49:06.358+0100][66.240s][info][gc,phases   ] GC(43)   Pre Evacuate Collection Set: 0.1ms
[2025-03-18T13:49:06.358+0100][66.240s][info][gc,phases   ] GC(43)   Merge Heap Roots: 0.1ms
[2025-03-18T13:49:06.358+0100][66.240s][info][gc,phases   ] GC(43)   Evacuate Collection Set: 10.7ms
[2025-03-18T13:49:06.358+0100][66.240s][info][gc,phases   ] GC(43)   Post Evacuate Collection Set: 0.5ms
[2025-03-18T13:49:06.358+0100][66.240s][info][gc,phases   ] GC(43)   Other: 0.1ms
[2025-03-18T13:49:06.358+0100][66.240s][info][gc,heap     ] GC(43) Eden regions: 293->0(294)
[2025-03-18T13:49:06.358+0100][66.240s][info][gc,heap     ] GC(43) Survivor regions: 14->13(39)
[2025-03-18T13:49:06.358+0100][66.240s][info][gc,heap     ] GC(43) Old regions: 21->21
[2025-03-18T13:49:06.358+0100][66.240s][info][gc,heap     ] GC(43) Humongous regions: 1->1
[2025-03-18T13:49:06.358+0100][66.240s][info][gc,metaspace] GC(43) Metaspace: 28073K(28480K)->28073K(28480K) NonClass: 24440K(24640K)->24440K(24640K) Class: 3632K(3840K)->3632K(3840K)
[2025-03-18T13:49:06.358+0100][66.240s][info][gc          ] GC(43) Pause Young (Normal) (G1 Evacuation Pause) 1313M->137M(2048M) 11.619ms
[2025-03-18T13:49:06.358+0100][66.240s][info][gc,cpu      ] GC(43) User=0.09s Sys=0.00s Real=0.01s
[2025-03-18T13:49:07.079+0100][66.961s][info][gc,start    ] GC(44) Pause Young (Normal) (G1 Evacuation Pause)
[2025-03-18T13:49:07.079+0100][66.961s][info][gc,task     ] GC(44) Using 9 workers of 9 for evacuation
[2025-03-18T13:49:07.090+0100][66.973s][info][gc,phases   ] GC(44)   Pre Evacuate Collection Set: 0.1ms
[2025-03-18T13:49:07.090+0100][66.973s][info][gc,phases   ] GC(44)   Merge Heap Roots: 0.1ms
[2025-03-18T13:49:07.090+0100][66.973s][info][gc,phases   ] GC(44)   Evacuate Collection Set: 10.8ms
[2025-03-18T13:49:07.090+0100][66.973s][info][gc,phases   ] GC(44)   Post Evacuate Collection Set: 0.5ms
[2025-03-18T13:49:07.090+0100][66.973s][info][gc,phases   ] GC(44)   Other: 0.0ms
[2025-03-18T13:49:07.090+0100][66.973s][info][gc,heap     ] GC(44) Eden regions: 294->0(293)
[2025-03-18T13:49:07.090+0100][66.973s][info][gc,heap     ] GC(44) Survivor regions: 13->14(39)
[2025-03-18T13:49:07.090+0100][66.973s][info][gc,heap     ] GC(44) Old regions: 21->22
[2025-03-18T13:49:07.090+0100][66.973s][info][gc,heap     ] GC(44) Humongous regions: 1->1
[2025-03-18T13:49:07.090+0100][66.973s][info][gc,metaspace] GC(44) Metaspace: 28073K(28480K)->28073K(28480K) NonClass: 24440K(24640K)->24440K(24640K) Class: 3632K(3840K)->3632K(3840K)
[2025-03-18T13:49:07.090+0100][66.973s][info][gc          ] GC(44) Pause Young (Normal) (G1 Evacuation Pause) 1313M->144M(2048M) 11.724ms
[2025-03-18T13:49:07.090+0100][66.973s][info][gc,cpu      ] GC(44) User=0.10s Sys=0.01s Real=0.02s
[2025-03-18T13:49:07.814+0100][67.697s][info][gc,start    ] GC(45) Pause Young (Normal) (G1 Evacuation Pause)
[2025-03-18T13:49:07.814+0100][67.697s][info][gc,task     ] GC(45) Using 9 workers of 9 for evacuation
[2025-03-18T13:49:07.826+0100][67.708s][info][gc,phases   ] GC(45)   Pre Evacuate Collection Set: 0.1ms
[2025-03-18T13:49:07.826+0100][67.708s][info][gc,phases   ] GC(45)   Merge Heap Roots: 0.1ms
[2025-03-18T13:49:07.826+0100][67.708s][info][gc,phases   ] GC(45)   Evacuate Collection Set: 10.5ms
[2025-03-18T13:49:07.826+0100][67.708s][info][gc,phases   ] GC(45)   Post Evacuate Collection Set: 0.5ms
[2025-03-18T13:49:07.826+0100][67.708s][info][gc,phases   ] GC(45)   Other: 0.1ms
[2025-03-18T13:49:07.826+0100][67.708s][info][gc,heap     ] GC(45) Eden regions: 293->0(295)
[2025-03-18T13:49:07.826+0100][67.708s][info][gc,heap     ] GC(45) Survivor regions: 14->12(39)
[2025-03-18T13:49:07.826+0100][67.708s][info][gc,heap     ] GC(45) Old regions: 22->23
[2025-03-18T13:49:07.826+0100][67.708s][info][gc,heap     ] GC(45) Humongous regions: 1->1
[2025-03-18T13:49:07.826+0100][67.708s][info][gc,metaspace] GC(45) Metaspace: 28073K(28480K)->28073K(28480K) NonClass: 24440K(24640K)->24440K(24640K) Class: 3632K(3840K)->3632K(3840K)
[2025-03-18T13:49:07.826+0100][67.708s][info][gc          ] GC(45) Pause Young (Normal) (G1 Evacuation Pause) 1316M->139M(2048M) 11.453ms
[2025-03-18T13:49:07.826+0100][67.708s][info][gc,cpu      ] GC(45) User=0.09s Sys=0.00s Real=0.01s
[2025-03-18T13:49:08.545+0100][68.427s][info][gc,start    ] GC(46) Pause Young (Normal) (G1 Evacuation Pause)
[2025-03-18T13:49:08.545+0100][68.427s][info][gc,task     ] GC(46) Using 9 workers of 9 for evacuation
[2025-03-18T13:49:08.556+0100][68.438s][info][gc,phases   ] GC(46)   Pre Evacuate Collection Set: 0.1ms
[2025-03-18T13:49:08.556+0100][68.438s][info][gc,phases   ] GC(46)   Merge Heap Roots: 0.1ms
[2025-03-18T13:49:08.556+0100][68.438s][info][gc,phases   ] GC(46)   Evacuate Collection Set: 10.3ms
[2025-03-18T13:49:08.556+0100][68.438s][info][gc,phases   ] GC(46)   Post Evacuate Collection Set: 0.5ms
[2025-03-18T13:49:08.556+0100][68.438s][info][gc,phases   ] GC(46)   Other: 0.1ms
[2025-03-18T13:49:08.556+0100][68.438s][info][gc,heap     ] GC(46) Eden regions: 295->0(294)
[2025-03-18T13:49:08.556+0100][68.438s][info][gc,heap     ] GC(46) Survivor regions: 12->13(39)
[2025-03-18T13:49:08.556+0100][68.438s][info][gc,heap     ] GC(46) Old regions: 23->23
[2025-03-18T13:49:08.556+0100][68.438s][info][gc,heap     ] GC(46) Humongous regions: 1->1
[2025-03-18T13:49:08.556+0100][68.438s][info][gc,metaspace] GC(46) Metaspace: 28075K(28480K)->28075K(28480K) NonClass: 24443K(24640K)->24443K(24640K) Class: 3632K(3840K)->3632K(3840K)
[2025-03-18T13:49:08.556+0100][68.438s][info][gc          ] GC(46) Pause Young (Normal) (G1 Evacuation Pause) 1319M->143M(2048M) 11.218ms
[2025-03-18T13:49:08.556+0100][68.438s][info][gc,cpu      ] GC(46) User=0.09s Sys=0.00s Real=0.01s
[2025-03-18T13:49:09.275+0100][69.157s][info][gc,start    ] GC(47) Pause Young (Normal) (G1 Evacuation Pause)
[2025-03-18T13:49:09.275+0100][69.157s][info][gc,task     ] GC(47) Using 9 workers of 9 for evacuation
[2025-03-18T13:49:09.286+0100][69.169s][info][gc,phases   ] GC(47)   Pre Evacuate Collection Set: 0.1ms
[2025-03-18T13:49:09.286+0100][69.169s][info][gc,phases   ] GC(47)   Merge Heap Roots: 0.1ms
[2025-03-18T13:49:09.286+0100][69.169s][info][gc,phases   ] GC(47)   Evacuate Collection Set: 10.6ms
[2025-03-18T13:49:09.286+0100][69.169s][info][gc,phases   ] GC(47)   Post Evacuate Collection Set: 0.5ms
[2025-03-18T13:49:09.286+0100][69.169s][info][gc,phases   ] GC(47)   Other: 0.0ms
[2025-03-18T13:49:09.286+0100][69.169s][info][gc,heap     ] GC(47) Eden regions: 294->0(294)
[2025-03-18T13:49:09.286+0100][69.169s][info][gc,heap     ] GC(47) Survivor regions: 13->13(39)
[2025-03-18T13:49:09.286+0100][69.169s][info][gc,heap     ] GC(47) Old regions: 23->24
[2025-03-18T13:49:09.286+0100][69.169s][info][gc,heap     ] GC(47) Humongous regions: 1->1
[2025-03-18T13:49:09.286+0100][69.169s][info][gc,metaspace] GC(47) Metaspace: 28077K(28480K)->28077K(28480K) NonClass: 24445K(24640K)->24445K(24640K) Class: 3632K(3840K)->3632K(3840K)
[2025-03-18T13:49:09.286+0100][69.169s][info][gc          ] GC(47) Pause Young (Normal) (G1 Evacuation Pause) 1319M->149M(2048M) 11.519ms
[2025-03-18T13:49:09.286+0100][69.169s][info][gc,cpu      ] GC(47) User=0.09s Sys=0.00s Real=0.01s
[2025-03-18T13:49:10.033+0100][69.916s][info][gc,start    ] GC(48) Pause Young (Normal) (GCLocker Initiated GC)
[2025-03-18T13:49:10.034+0100][69.916s][info][gc,task     ] GC(48) Using 9 workers of 9 for evacuation
[2025-03-18T13:49:10.045+0100][69.927s][info][gc,phases   ] GC(48)   Pre Evacuate Collection Set: 0.1ms
[2025-03-18T13:49:10.045+0100][69.927s][info][gc,phases   ] GC(48)   Merge Heap Roots: 0.1ms
[2025-03-18T13:49:10.045+0100][69.927s][info][gc,phases   ] GC(48)   Evacuate Collection Set: 10.1ms
[2025-03-18T13:49:10.045+0100][69.927s][info][gc,phases   ] GC(48)   Post Evacuate Collection Set: 0.6ms
[2025-03-18T13:49:10.045+0100][69.927s][info][gc,phases   ] GC(48)   Other: 0.0ms
[2025-03-18T13:49:10.045+0100][69.927s][info][gc,heap     ] GC(48) Eden regions: 295->0(294)
[2025-03-18T13:49:10.045+0100][69.927s][info][gc,heap     ] GC(48) Survivor regions: 13->13(39)
[2025-03-18T13:49:10.045+0100][69.927s][info][gc,heap     ] GC(48) Old regions: 24->24
[2025-03-18T13:49:10.045+0100][69.927s][info][gc,heap     ] GC(48) Humongous regions: 1->1
[2025-03-18T13:49:10.045+0100][69.927s][info][gc,metaspace] GC(48) Metaspace: 28083K(28480K)->28083K(28480K) NonClass: 24450K(24640K)->24450K(24640K) Class: 3632K(3840K)->3632K(3840K)
[2025-03-18T13:49:10.045+0100][69.927s][info][gc          ] GC(48) Pause Young (Normal) (GCLocker Initiated GC) 1327M->150M(2048M) 11.510ms
[2025-03-18T13:49:10.045+0100][69.927s][info][gc,cpu      ] GC(48) User=0.08s Sys=0.00s Real=0.01s
[2025-03-18T13:49:10.772+0100][70.655s][info][gc,start    ] GC(49) Pause Young (Normal) (GCLocker Initiated GC)
[2025-03-18T13:49:10.772+0100][70.655s][info][gc,task     ] GC(49) Using 9 workers of 9 for evacuation
[2025-03-18T13:49:10.784+0100][70.666s][info][gc,phases   ] GC(49)   Pre Evacuate Collection Set: 0.1ms
[2025-03-18T13:49:10.784+0100][70.667s][info][gc,phases   ] GC(49)   Merge Heap Roots: 0.0ms
[2025-03-18T13:49:10.784+0100][70.667s][info][gc,phases   ] GC(49)   Evacuate Collection Set: 10.8ms
[2025-03-18T13:49:10.784+0100][70.667s][info][gc,phases   ] GC(49)   Post Evacuate Collection Set: 0.5ms
[2025-03-18T13:49:10.784+0100][70.667s][info][gc,phases   ] GC(49)   Other: 0.0ms
[2025-03-18T13:49:10.784+0100][70.667s][info][gc,heap     ] GC(49) Eden regions: 295->0(293)
[2025-03-18T13:49:10.784+0100][70.667s][info][gc,heap     ] GC(49) Survivor regions: 13->14(39)
[2025-03-18T13:49:10.784+0100][70.667s][info][gc,heap     ] GC(49) Old regions: 24->25
[2025-03-18T13:49:10.784+0100][70.667s][info][gc,heap     ] GC(49) Humongous regions: 1->1
[2025-03-18T13:49:10.784+0100][70.667s][info][gc,metaspace] GC(49) Metaspace: 28085K(28480K)->28085K(28480K) NonClass: 24453K(24640K)->24453K(24640K) Class: 3632K(3840K)->3632K(3840K)
[2025-03-18T13:49:10.784+0100][70.667s][info][gc          ] GC(49) Pause Young (Normal) (GCLocker Initiated GC) 1330M->155M(2048M) 11.732ms
[2025-03-18T13:49:10.784+0100][70.667s][info][gc,cpu      ] GC(49) User=0.09s Sys=0.00s Real=0.01s
[2025-03-18T13:49:11.610+0100][71.493s][info][gc,start    ] GC(50) Pause Young (Normal) (G1 Evacuation Pause)
[2025-03-18T13:49:11.610+0100][71.493s][info][gc,task     ] GC(50) Using 9 workers of 9 for evacuation
[2025-03-18T13:49:11.622+0100][71.505s][info][gc,phases   ] GC(50)   Pre Evacuate Collection Set: 0.1ms
[2025-03-18T13:49:11.622+0100][71.505s][info][gc,phases   ] GC(50)   Merge Heap Roots: 0.1ms
[2025-03-18T13:49:11.622+0100][71.505s][info][gc,phases   ] GC(50)   Evacuate Collection Set: 11.1ms
[2025-03-18T13:49:11.622+0100][71.505s][info][gc,phases   ] GC(50)   Post Evacuate Collection Set: 0.5ms
[2025-03-18T13:49:11.622+0100][71.505s][info][gc,phases   ] GC(50)   Other: 0.0ms
[2025-03-18T13:49:11.622+0100][71.505s][info][gc,heap     ] GC(50) Eden regions: 293->0(294)
[2025-03-18T13:49:11.622+0100][71.505s][info][gc,heap     ] GC(50) Survivor regions: 14->13(39)
[2025-03-18T13:49:11.622+0100][71.505s][info][gc,heap     ] GC(50) Old regions: 25->26
[2025-03-18T13:49:11.622+0100][71.505s][info][gc,heap     ] GC(50) Humongous regions: 1->1
[2025-03-18T13:49:11.622+0100][71.505s][info][gc,metaspace] GC(50) Metaspace: 28085K(28480K)->28085K(28480K) NonClass: 24453K(24640K)->24453K(24640K) Class: 3632K(3840K)->3632K(3840K)
[2025-03-18T13:49:11.622+0100][71.505s][info][gc          ] GC(50) Pause Young (Normal) (G1 Evacuation Pause) 1327M->153M(2048M) 12.121ms
[2025-03-18T13:49:11.622+0100][71.505s][info][gc,cpu      ] GC(50) User=0.09s Sys=0.00s Real=0.01s
[2025-03-18T13:49:12.910+0100][72.792s][info][gc,start    ] GC(51) Pause Young (Normal) (G1 Evacuation Pause)
[2025-03-18T13:49:12.910+0100][72.792s][info][gc,task     ] GC(51) Using 9 workers of 9 for evacuation
[2025-03-18T13:49:12.920+0100][72.802s][info][gc,phases   ] GC(51)   Pre Evacuate Collection Set: 0.1ms
[2025-03-18T13:49:12.920+0100][72.802s][info][gc,phases   ] GC(51)   Merge Heap Roots: 0.1ms
[2025-03-18T13:49:12.920+0100][72.802s][info][gc,phases   ] GC(51)   Evacuate Collection Set: 9.1ms
[2025-03-18T13:49:12.920+0100][72.802s][info][gc,phases   ] GC(51)   Post Evacuate Collection Set: 0.4ms
[2025-03-18T13:49:12.920+0100][72.802s][info][gc,phases   ] GC(51)   Other: 0.0ms
[2025-03-18T13:49:12.920+0100][72.802s][info][gc,heap     ] GC(51) Eden regions: 294->0(295)
[2025-03-18T13:49:12.920+0100][72.802s][info][gc,heap     ] GC(51) Survivor regions: 13->12(39)
[2025-03-18T13:49:12.920+0100][72.802s][info][gc,heap     ] GC(51) Old regions: 26->26
[2025-03-18T13:49:12.920+0100][72.802s][info][gc,heap     ] GC(51) Humongous regions: 1->1
[2025-03-18T13:49:12.920+0100][72.802s][info][gc,metaspace] GC(51) Metaspace: 28085K(28480K)->28085K(28480K) NonClass: 24453K(24640K)->24453K(24640K) Class: 3632K(3840K)->3632K(3840K)
[2025-03-18T13:49:12.920+0100][72.802s][info][gc          ] GC(51) Pause Young (Normal) (G1 Evacuation Pause) 1329M->152M(2048M) 10.019ms
[2025-03-18T13:49:12.920+0100][72.802s][info][gc,cpu      ] GC(51) User=0.07s Sys=0.01s Real=0.01s
[2025-03-18T13:49:14.907+0100][74.790s][info][gc,start    ] GC(52) Pause Young (Normal) (G1 Evacuation Pause)
[2025-03-18T13:49:14.907+0100][74.790s][info][gc,task     ] GC(52) Using 9 workers of 9 for evacuation
[2025-03-18T13:49:14.917+0100][74.799s][info][gc,phases   ] GC(52)   Pre Evacuate Collection Set: 0.1ms
[2025-03-18T13:49:14.917+0100][74.799s][info][gc,phases   ] GC(52)   Merge Heap Roots: 0.0ms
[2025-03-18T13:49:14.917+0100][74.799s][info][gc,phases   ] GC(52)   Evacuate Collection Set: 9.1ms
[2025-03-18T13:49:14.917+0100][74.799s][info][gc,phases   ] GC(52)   Post Evacuate Collection Set: 0.5ms
[2025-03-18T13:49:14.917+0100][74.799s][info][gc,phases   ] GC(52)   Other: 0.1ms
[2025-03-18T13:49:14.917+0100][74.799s][info][gc,heap     ] GC(52) Eden regions: 295->0(296)
[2025-03-18T13:49:14.917+0100][74.799s][info][gc,heap     ] GC(52) Survivor regions: 12->11(39)
[2025-03-18T13:49:14.917+0100][74.799s][info][gc,heap     ] GC(52) Old regions: 26->27
[2025-03-18T13:49:14.917+0100][74.799s][info][gc,heap     ] GC(52) Humongous regions: 1->1
[2025-03-18T13:49:14.917+0100][74.799s][info][gc,metaspace] GC(52) Metaspace: 28085K(28480K)->28085K(28480K) NonClass: 24453K(24640K)->24453K(24640K) Class: 3632K(3840K)->3632K(3840K)
[2025-03-18T13:49:14.917+0100][74.799s][info][gc          ] GC(52) Pause Young (Normal) (G1 Evacuation Pause) 1332M->152M(2048M) 9.986ms
[2025-03-18T13:49:14.917+0100][74.800s][info][gc,cpu      ] GC(52) User=0.07s Sys=0.00s Real=0.01s
[2025-03-18T13:49:20.862+0100][80.744s][info][gc,start    ] GC(53) Pause Young (Normal) (G1 Evacuation Pause)
[2025-03-18T13:49:20.862+0100][80.744s][info][gc,task     ] GC(53) Using 9 workers of 9 for evacuation
[2025-03-18T13:49:20.877+0100][80.760s][info][gc,phases   ] GC(53)   Pre Evacuate Collection Set: 0.2ms
[2025-03-18T13:49:20.877+0100][80.760s][info][gc,phases   ] GC(53)   Merge Heap Roots: 0.1ms
[2025-03-18T13:49:20.877+0100][80.760s][info][gc,phases   ] GC(53)   Evacuate Collection Set: 14.3ms
[2025-03-18T13:49:20.877+0100][80.760s][info][gc,phases   ] GC(53)   Post Evacuate Collection Set: 0.6ms
[2025-03-18T13:49:20.877+0100][80.760s][info][gc,phases   ] GC(53)   Other: 0.1ms
[2025-03-18T13:49:20.877+0100][80.760s][info][gc,heap     ] GC(53) Eden regions: 296->0(296)
[2025-03-18T13:49:20.877+0100][80.760s][info][gc,heap     ] GC(53) Survivor regions: 11->11(39)
[2025-03-18T13:49:20.877+0100][80.760s][info][gc,heap     ] GC(53) Old regions: 27->28
[2025-03-18T13:49:20.877+0100][80.760s][info][gc,heap     ] GC(53) Humongous regions: 1->1
[2025-03-18T13:49:20.877+0100][80.760s][info][gc,metaspace] GC(53) Metaspace: 28085K(28480K)->28085K(28480K) NonClass: 24453K(24640K)->24453K(24640K) Class: 3632K(3840K)->3632K(3840K)
[2025-03-18T13:49:20.877+0100][80.760s][info][gc          ] GC(53) Pause Young (Normal) (G1 Evacuation Pause) 1336M->153M(2048M) 15.477ms
[2025-03-18T13:49:20.877+0100][80.760s][info][gc,cpu      ] GC(53) User=0.13s Sys=0.00s Real=0.01s
[2025-03-18T13:49:37.366+0100][97.248s][info][gc,start    ] GC(54) Pause Young (Normal) (G1 Evacuation Pause)
[2025-03-18T13:49:37.367+0100][97.250s][info][gc,task     ] GC(54) Using 9 workers of 9 for evacuation
[2025-03-18T13:49:37.384+0100][97.266s][info][gc,phases   ] GC(54)   Pre Evacuate Collection Set: 0.3ms
[2025-03-18T13:49:37.384+0100][97.266s][info][gc,phases   ] GC(54)   Merge Heap Roots: 0.2ms
[2025-03-18T13:49:37.384+0100][97.266s][info][gc,phases   ] GC(54)   Evacuate Collection Set: 15.4ms
[2025-03-18T13:49:37.384+0100][97.266s][info][gc,phases   ] GC(54)   Post Evacuate Collection Set: 0.6ms
[2025-03-18T13:49:37.384+0100][97.266s][info][gc,phases   ] GC(54)   Other: 0.1ms
[2025-03-18T13:49:37.384+0100][97.266s][info][gc,heap     ] GC(54) Eden regions: 296->0(297)
[2025-03-18T13:49:37.384+0100][97.266s][info][gc,heap     ] GC(54) Survivor regions: 11->10(39)
[2025-03-18T13:49:37.384+0100][97.266s][info][gc,heap     ] GC(54) Old regions: 28->28
[2025-03-18T13:49:37.384+0100][97.266s][info][gc,heap     ] GC(54) Humongous regions: 1->1
[2025-03-18T13:49:37.384+0100][97.267s][info][gc,metaspace] GC(54) Metaspace: 28085K(28480K)->28085K(28480K) NonClass: 24453K(24640K)->24453K(24640K) Class: 3632K(3840K)->3632K(3840K)
[2025-03-18T13:49:37.384+0100][97.267s][info][gc          ] GC(54) Pause Young (Normal) (G1 Evacuation Pause) 1337M->151M(2048M) 18.292ms
[2025-03-18T13:49:37.384+0100][97.267s][info][gc,cpu      ] GC(54) User=0.12s Sys=0.00s Real=0.02s
[2025-03-18T13:49:54.839+0100][114.722s][info][gc,start    ] GC(55) Pause Young (Normal) (G1 Evacuation Pause)
[2025-03-18T13:49:54.841+0100][114.724s][info][gc,task     ] GC(55) Using 9 workers of 9 for evacuation
[2025-03-18T13:49:54.863+0100][114.746s][info][gc,phases   ] GC(55)   Pre Evacuate Collection Set: 1.5ms
[2025-03-18T13:49:54.863+0100][114.746s][info][gc,phases   ] GC(55)   Merge Heap Roots: 0.2ms
[2025-03-18T13:49:54.863+0100][114.746s][info][gc,phases   ] GC(55)   Evacuate Collection Set: 18.2ms
[2025-03-18T13:49:54.863+0100][114.746s][info][gc,phases   ] GC(55)   Post Evacuate Collection Set: 0.8ms
[2025-03-18T13:49:54.863+0100][114.746s][info][gc,phases   ] GC(55)   Other: 0.9ms
[2025-03-18T13:49:54.863+0100][114.746s][info][gc,heap     ] GC(55) Eden regions: 297->0(298)
[2025-03-18T13:49:54.863+0100][114.746s][info][gc,heap     ] GC(55) Survivor regions: 10->9(39)
[2025-03-18T13:49:54.863+0100][114.746s][info][gc,heap     ] GC(55) Old regions: 28->29
[2025-03-18T13:49:54.863+0100][114.746s][info][gc,heap     ] GC(55) Humongous regions: 1->1
[2025-03-18T13:49:54.863+0100][114.746s][info][gc,metaspace] GC(55) Metaspace: 28085K(28480K)->28085K(28480K) NonClass: 24453K(24640K)->24453K(24640K) Class: 3632K(3840K)->3632K(3840K)
[2025-03-18T13:49:54.863+0100][114.746s][info][gc          ] GC(55) Pause Young (Normal) (G1 Evacuation Pause) 1339M->150M(2048M) 23.828ms
[2025-03-18T13:49:54.863+0100][114.746s][info][gc,cpu      ] GC(55) User=0.14s Sys=0.01s Real=0.03s
[2025-03-18T13:50:11.859+0100][131.742s][info][gc,start    ] GC(56) Pause Young (Normal) (G1 Evacuation Pause)
[2025-03-18T13:50:11.860+0100][131.742s][info][gc,task     ] GC(56) Using 9 workers of 9 for evacuation
[2025-03-18T13:50:11.881+0100][131.763s][info][gc,phases   ] GC(56)   Pre Evacuate Collection Set: 0.2ms
[2025-03-18T13:50:11.881+0100][131.763s][info][gc,phases   ] GC(56)   Merge Heap Roots: 0.1ms
[2025-03-18T13:50:11.881+0100][131.763s][info][gc,phases   ] GC(56)   Evacuate Collection Set: 20.0ms
[2025-03-18T13:50:11.881+0100][131.763s][info][gc,phases   ] GC(56)   Post Evacuate Collection Set: 0.6ms
[2025-03-18T13:50:11.881+0100][131.763s][info][gc,phases   ] GC(56)   Other: 0.1ms
[2025-03-18T13:50:11.881+0100][131.764s][info][gc,heap     ] GC(56) Eden regions: 298->0(299)
[2025-03-18T13:50:11.881+0100][131.764s][info][gc,heap     ] GC(56) Survivor regions: 9->8(39)
[2025-03-18T13:50:11.881+0100][131.764s][info][gc,heap     ] GC(56) Old regions: 29->29
[2025-03-18T13:50:11.881+0100][131.764s][info][gc,heap     ] GC(56) Humongous regions: 1->1
[2025-03-18T13:50:11.881+0100][131.764s][info][gc,metaspace] GC(56) Metaspace: 28087K(28480K)->28087K(28480K) NonClass: 24454K(24640K)->24454K(24640K) Class: 3632K(3840K)->3632K(3840K)
[2025-03-18T13:50:11.881+0100][131.764s][info][gc          ] GC(56) Pause Young (Normal) (G1 Evacuation Pause) 1342M->151M(2048M) 21.524ms
[2025-03-18T13:50:11.881+0100][131.764s][info][gc,cpu      ] GC(56) User=0.07s Sys=0.01s Real=0.03s
[2025-03-18T13:50:28.877+0100][148.760s][info][gc,start    ] GC(57) Pause Young (Normal) (G1 Evacuation Pause)
[2025-03-18T13:50:28.879+0100][148.761s][info][gc,task     ] GC(57) Using 9 workers of 9 for evacuation
[2025-03-18T13:50:28.890+0100][148.773s][info][gc,phases   ] GC(57)   Pre Evacuate Collection Set: 0.2ms
[2025-03-18T13:50:28.890+0100][148.773s][info][gc,phases   ] GC(57)   Merge Heap Roots: 0.1ms
[2025-03-18T13:50:28.890+0100][148.773s][info][gc,phases   ] GC(57)   Evacuate Collection Set: 10.6ms
[2025-03-18T13:50:28.890+0100][148.773s][info][gc,phases   ] GC(57)   Post Evacuate Collection Set: 0.5ms
[2025-03-18T13:50:28.890+0100][148.773s][info][gc,phases   ] GC(57)   Other: 0.1ms
[2025-03-18T13:50:28.890+0100][148.773s][info][gc,heap     ] GC(57) Eden regions: 299->0(298)
[2025-03-18T13:50:28.890+0100][148.773s][info][gc,heap     ] GC(57) Survivor regions: 8->9(39)
[2025-03-18T13:50:28.890+0100][148.773s][info][gc,heap     ] GC(57) Old regions: 29->30
[2025-03-18T13:50:28.890+0100][148.773s][info][gc,heap     ] GC(57) Humongous regions: 1->1
[2025-03-18T13:50:28.891+0100][148.773s][info][gc,metaspace] GC(57) Metaspace: 28087K(28480K)->28087K(28480K) NonClass: 24454K(24640K)->24454K(24640K) Class: 3632K(3840K)->3632K(3840K)
[2025-03-18T13:50:28.891+0100][148.773s][info][gc          ] GC(57) Pause Young (Normal) (G1 Evacuation Pause) 1347M->154M(2048M) 13.197ms
[2025-03-18T13:50:28.891+0100][148.773s][info][gc,cpu      ] GC(57) User=0.09s Sys=0.01s Real=0.02s
[2025-03-18T13:50:41.934+0100][161.817s][info][gc,start    ] GC(58) Pause Young (Normal) (G1 Evacuation Pause)
[2025-03-18T13:50:41.935+0100][161.818s][info][gc,task     ] GC(58) Using 9 workers of 9 for evacuation
[2025-03-18T13:50:41.942+0100][161.824s][info][gc,phases   ] GC(58)   Pre Evacuate Collection Set: 0.1ms
[2025-03-18T13:50:41.942+0100][161.824s][info][gc,phases   ] GC(58)   Merge Heap Roots: 0.1ms
[2025-03-18T13:50:41.942+0100][161.824s][info][gc,phases   ] GC(58)   Evacuate Collection Set: 5.8ms
[2025-03-18T13:50:41.942+0100][161.824s][info][gc,phases   ] GC(58)   Post Evacuate Collection Set: 0.4ms
[2025-03-18T13:50:41.942+0100][161.824s][info][gc,phases   ] GC(58)   Other: 0.0ms
[2025-03-18T13:50:41.942+0100][161.824s][info][gc,heap     ] GC(58) Eden regions: 298->0(299)
[2025-03-18T13:50:41.942+0100][161.824s][info][gc,heap     ] GC(58) Survivor regions: 9->8(39)
[2025-03-18T13:50:41.942+0100][161.824s][info][gc,heap     ] GC(58) Old regions: 30->30
[2025-03-18T13:50:41.942+0100][161.824s][info][gc,heap     ] GC(58) Humongous regions: 1->1
[2025-03-18T13:50:41.942+0100][161.824s][info][gc,metaspace] GC(58) Metaspace: 28087K(28480K)->28087K(28480K) NonClass: 24454K(24640K)->24454K(24640K) Class: 3632K(3840K)->3632K(3840K)
[2025-03-18T13:50:41.942+0100][161.824s][info][gc          ] GC(58) Pause Young (Normal) (G1 Evacuation Pause) 1346M->153M(2048M) 7.781ms
[2025-03-18T13:50:41.942+0100][161.824s][info][gc,cpu      ] GC(58) User=0.05s Sys=0.00s Real=0.01s
[2025-03-18T13:50:58.368+0100][178.250s][info][gc,start    ] GC(59) Pause Young (Normal) (G1 Evacuation Pause)
[2025-03-18T13:50:58.369+0100][178.251s][info][gc,task     ] GC(59) Using 9 workers of 9 for evacuation
[2025-03-18T13:50:58.380+0100][178.262s][info][gc,phases   ] GC(59)   Pre Evacuate Collection Set: 0.2ms
[2025-03-18T13:50:58.380+0100][178.262s][info][gc,phases   ] GC(59)   Merge Heap Roots: 0.1ms
[2025-03-18T13:50:58.380+0100][178.262s][info][gc,phases   ] GC(59)   Evacuate Collection Set: 10.2ms
[2025-03-18T13:50:58.380+0100][178.262s][info][gc,phases   ] GC(59)   Post Evacuate Collection Set: 0.5ms
[2025-03-18T13:50:58.380+0100][178.262s][info][gc,phases   ] GC(59)   Other: 0.1ms
[2025-03-18T13:50:58.380+0100][178.263s][info][gc,heap     ] GC(59) Eden regions: 299->0(299)
[2025-03-18T13:50:58.380+0100][178.263s][info][gc,heap     ] GC(59) Survivor regions: 8->8(39)
[2025-03-18T13:50:58.380+0100][178.263s][info][gc,heap     ] GC(59) Old regions: 30->31
[2025-03-18T13:50:58.380+0100][178.263s][info][gc,heap     ] GC(59) Humongous regions: 1->1
[2025-03-18T13:50:58.380+0100][178.263s][info][gc,metaspace] GC(59) Metaspace: 28087K(28480K)->28087K(28480K) NonClass: 24455K(24640K)->24455K(24640K) Class: 3632K(3840K)->3632K(3840K)
[2025-03-18T13:50:58.380+0100][178.263s][info][gc          ] GC(59) Pause Young (Normal) (G1 Evacuation Pause) 1349M->157M(2048M) 12.342ms
[2025-03-18T13:50:58.380+0100][178.263s][info][gc,cpu      ] GC(59) User=0.08s Sys=0.01s Real=0.02s
[2025-03-18T13:51:15.861+0100][195.744s][info][gc,start    ] GC(60) Pause Young (Normal) (G1 Evacuation Pause)
[2025-03-18T13:51:15.862+0100][195.745s][info][gc,task     ] GC(60) Using 9 workers of 9 for evacuation
[2025-03-18T13:51:15.869+0100][195.752s][info][gc,phases   ] GC(60)   Pre Evacuate Collection Set: 0.2ms
[2025-03-18T13:51:15.869+0100][195.752s][info][gc,phases   ] GC(60)   Merge Heap Roots: 0.1ms
[2025-03-18T13:51:15.869+0100][195.752s][info][gc,phases   ] GC(60)   Evacuate Collection Set: 6.0ms
[2025-03-18T13:51:15.869+0100][195.752s][info][gc,phases   ] GC(60)   Post Evacuate Collection Set: 0.4ms
[2025-03-18T13:51:15.869+0100][195.752s][info][gc,phases   ] GC(60)   Other: 0.1ms
[2025-03-18T13:51:15.869+0100][195.752s][info][gc,heap     ] GC(60) Eden regions: 299->0(300)
[2025-03-18T13:51:15.869+0100][195.752s][info][gc,heap     ] GC(60) Survivor regions: 8->7(39)
[2025-03-18T13:51:15.869+0100][195.752s][info][gc,heap     ] GC(60) Old regions: 31->32
[2025-03-18T13:51:15.869+0100][195.752s][info][gc,heap     ] GC(60) Humongous regions: 1->1
[2025-03-18T13:51:15.869+0100][195.752s][info][gc,metaspace] GC(60) Metaspace: 28088K(28480K)->28088K(28480K) NonClass: 24456K(24640K)->24456K(24640K) Class: 3632K(3840K)->3632K(3840K)
[2025-03-18T13:51:15.869+0100][195.752s][info][gc          ] GC(60) Pause Young (Normal) (G1 Evacuation Pause) 1353M->154M(2048M) 7.927ms
[2025-03-18T13:51:15.869+0100][195.752s][info][gc,cpu      ] GC(60) User=0.06s Sys=0.00s Real=0.00s
[2025-03-18T13:51:32.871+0100][212.754s][info][gc,start    ] GC(61) Pause Young (Normal) (G1 Evacuation Pause)
[2025-03-18T13:51:32.872+0100][212.755s][info][gc,task     ] GC(61) Using 9 workers of 9 for evacuation
[2025-03-18T13:51:32.882+0100][212.765s][info][gc,phases   ] GC(61)   Pre Evacuate Collection Set: 0.2ms
[2025-03-18T13:51:32.882+0100][212.765s][info][gc,phases   ] GC(61)   Merge Heap Roots: 0.1ms
[2025-03-18T13:51:32.882+0100][212.765s][info][gc,phases   ] GC(61)   Evacuate Collection Set: 8.9ms
[2025-03-18T13:51:32.882+0100][212.765s][info][gc,phases   ] GC(61)   Post Evacuate Collection Set: 0.5ms
[2025-03-18T13:51:32.882+0100][212.765s][info][gc,phases   ] GC(61)   Other: 0.1ms
[2025-03-18T13:51:32.882+0100][212.765s][info][gc,heap     ] GC(61) Eden regions: 300->0(300)
[2025-03-18T13:51:32.882+0100][212.765s][info][gc,heap     ] GC(61) Survivor regions: 7->7(39)
[2025-03-18T13:51:32.882+0100][212.765s][info][gc,heap     ] GC(61) Old regions: 32->32
[2025-03-18T13:51:32.882+0100][212.765s][info][gc,heap     ] GC(61) Humongous regions: 1->1
[2025-03-18T13:51:32.882+0100][212.765s][info][gc,metaspace] GC(61) Metaspace: 28088K(28480K)->28088K(28480K) NonClass: 24456K(24640K)->24456K(24640K) Class: 3632K(3840K)->3632K(3840K)
[2025-03-18T13:51:32.882+0100][212.765s][info][gc          ] GC(61) Pause Young (Normal) (G1 Evacuation Pause) 1354M->158M(2048M) 10.637ms
[2025-03-18T13:51:32.882+0100][212.765s][info][gc,cpu      ] GC(61) User=0.08s Sys=0.00s Real=0.01s
[2025-03-18T13:51:50.356+0100][230.239s][info][gc,start    ] GC(62) Pause Young (Normal) (G1 Evacuation Pause)
[2025-03-18T13:51:50.357+0100][230.239s][info][gc,task     ] GC(62) Using 9 workers of 9 for evacuation
[2025-03-18T13:51:50.386+0100][230.269s][info][gc,phases   ] GC(62)   Pre Evacuate Collection Set: 0.3ms
[2025-03-18T13:51:50.386+0100][230.269s][info][gc,phases   ] GC(62)   Merge Heap Roots: 0.1ms
[2025-03-18T13:51:50.386+0100][230.269s][info][gc,phases   ] GC(62)   Evacuate Collection Set: 27.4ms
[2025-03-18T13:51:50.386+0100][230.269s][info][gc,phases   ] GC(62)   Post Evacuate Collection Set: 1.4ms
[2025-03-18T13:51:50.386+0100][230.269s][info][gc,phases   ] GC(62)   Other: 0.1ms
[2025-03-18T13:51:50.386+0100][230.269s][info][gc,heap     ] GC(62) Eden regions: 300->0(301)
[2025-03-18T13:51:50.386+0100][230.269s][info][gc,heap     ] GC(62) Survivor regions: 7->6(39)
[2025-03-18T13:51:50.386+0100][230.269s][info][gc,heap     ] GC(62) Old regions: 32->33
[2025-03-18T13:51:50.386+0100][230.269s][info][gc,heap     ] GC(62) Humongous regions: 1->1
[2025-03-18T13:51:50.386+0100][230.269s][info][gc,metaspace] GC(62) Metaspace: 28088K(28480K)->28088K(28480K) NonClass: 24456K(24640K)->24456K(24640K) Class: 3632K(3840K)->3632K(3840K)
[2025-03-18T13:51:50.386+0100][230.269s][info][gc          ] GC(62) Pause Young (Normal) (G1 Evacuation Pause) 1358M->154M(2048M) 30.024ms
[2025-03-18T13:51:50.386+0100][230.269s][info][gc,cpu      ] GC(62) User=0.05s Sys=0.00s Real=0.03s
[2025-03-18T13:52:07.252+0100][247.135s][info][gc,start    ] GC(63) Pause Young (Normal) (G1 Evacuation Pause)
[2025-03-18T13:52:07.252+0100][247.135s][info][gc,task     ] GC(63) Using 9 workers of 9 for evacuation
[2025-03-18T13:52:07.257+0100][247.140s][info][gc,phases   ] GC(63)   Pre Evacuate Collection Set: 0.1ms
[2025-03-18T13:52:07.257+0100][247.140s][info][gc,phases   ] GC(63)   Merge Heap Roots: 0.0ms
[2025-03-18T13:52:07.257+0100][247.140s][info][gc,phases   ] GC(63)   Evacuate Collection Set: 4.0ms
[2025-03-18T13:52:07.257+0100][247.140s][info][gc,phases   ] GC(63)   Post Evacuate Collection Set: 0.4ms
[2025-03-18T13:52:07.257+0100][247.140s][info][gc,phases   ] GC(63)   Other: 0.1ms
[2025-03-18T13:52:07.257+0100][247.140s][info][gc,heap     ] GC(63) Eden regions: 301->0(302)
[2025-03-18T13:52:07.257+0100][247.140s][info][gc,heap     ] GC(63) Survivor regions: 6->5(39)
[2025-03-18T13:52:07.257+0100][247.140s][info][gc,heap     ] GC(63) Old regions: 33->34
[2025-03-18T13:52:07.257+0100][247.140s][info][gc,heap     ] GC(63) Humongous regions: 1->1
[2025-03-18T13:52:07.257+0100][247.140s][info][gc,metaspace] GC(63) Metaspace: 28088K(28480K)->28088K(28480K) NonClass: 24456K(24640K)->24456K(24640K) Class: 3632K(3840K)->3632K(3840K)
[2025-03-18T13:52:07.257+0100][247.140s][info][gc          ] GC(63) Pause Young (Normal) (G1 Evacuation Pause) 1358M->153M(2048M) 4.741ms
[2025-03-18T13:52:07.257+0100][247.140s][info][gc,cpu      ] GC(63) User=0.03s Sys=0.00s Real=0.00s
[2025-03-18T13:52:19.865+0100][259.747s][info][gc,start    ] GC(64) Pause Young (Normal) (G1 Evacuation Pause)
[2025-03-18T13:52:19.865+0100][259.747s][info][gc,task     ] GC(64) Using 9 workers of 9 for evacuation
[2025-03-18T13:52:19.872+0100][259.755s][info][gc,phases   ] GC(64)   Pre Evacuate Collection Set: 0.2ms
[2025-03-18T13:52:19.872+0100][259.755s][info][gc,phases   ] GC(64)   Merge Heap Roots: 0.1ms
[2025-03-18T13:52:19.872+0100][259.755s][info][gc,phases   ] GC(64)   Evacuate Collection Set: 6.5ms
[2025-03-18T13:52:19.872+0100][259.755s][info][gc,phases   ] GC(64)   Post Evacuate Collection Set: 0.6ms
[2025-03-18T13:52:19.872+0100][259.755s][info][gc,phases   ] GC(64)   Other: 0.1ms
[2025-03-18T13:52:19.872+0100][259.755s][info][gc,heap     ] GC(64) Eden regions: 302->0(303)
[2025-03-18T13:52:19.872+0100][259.755s][info][gc,heap     ] GC(64) Survivor regions: 5->4(39)
[2025-03-18T13:52:19.872+0100][259.755s][info][gc,heap     ] GC(64) Old regions: 34->34
[2025-03-18T13:52:19.872+0100][259.755s][info][gc,heap     ] GC(64) Humongous regions: 1->1
[2025-03-18T13:52:19.872+0100][259.755s][info][gc,metaspace] GC(64) Metaspace: 28088K(28480K)->28088K(28480K) NonClass: 24456K(24640K)->24456K(24640K) Class: 3632K(3840K)->3632K(3840K)
[2025-03-18T13:52:19.872+0100][259.755s][info][gc          ] GC(64) Pause Young (Normal) (G1 Evacuation Pause) 1361M->154M(2048M) 7.823ms
[2025-03-18T13:52:19.872+0100][259.755s][info][gc,cpu      ] GC(64) User=0.05s Sys=0.01s Real=0.01s
[2025-03-18T13:52:37.352+0100][277.234s][info][gc,start    ] GC(65) Pause Young (Normal) (G1 Evacuation Pause)
[2025-03-18T13:52:37.352+0100][277.234s][info][gc,task     ] GC(65) Using 9 workers of 9 for evacuation
[2025-03-18T13:52:37.356+0100][277.239s][info][gc,phases   ] GC(65)   Pre Evacuate Collection Set: 0.2ms
[2025-03-18T13:52:37.356+0100][277.239s][info][gc,phases   ] GC(65)   Merge Heap Roots: 0.1ms
[2025-03-18T13:52:37.356+0100][277.239s][info][gc,phases   ] GC(65)   Evacuate Collection Set: 3.6ms
[2025-03-18T13:52:37.356+0100][277.239s][info][gc,phases   ] GC(65)   Post Evacuate Collection Set: 0.6ms
[2025-03-18T13:52:37.356+0100][277.239s][info][gc,phases   ] GC(65)   Other: 0.1ms
[2025-03-18T13:52:37.356+0100][277.239s][info][gc,heap     ] GC(65) Eden regions: 303->0(303)
[2025-03-18T13:52:37.356+0100][277.239s][info][gc,heap     ] GC(65) Survivor regions: 4->4(39)
[2025-03-18T13:52:37.356+0100][277.239s][info][gc,heap     ] GC(65) Old regions: 34->35
[2025-03-18T13:52:37.356+0100][277.239s][info][gc,heap     ] GC(65) Humongous regions: 1->1
[2025-03-18T13:52:37.356+0100][277.239s][info][gc,metaspace] GC(65) Metaspace: 28092K(28480K)->28092K(28480K) NonClass: 24460K(24640K)->24460K(24640K) Class: 3632K(3840K)->3632K(3840K)
[2025-03-18T13:52:37.357+0100][277.239s][info][gc          ] GC(65) Pause Young (Normal) (G1 Evacuation Pause) 1366M->152M(2048M) 5.012ms
[2025-03-18T13:52:37.357+0100][277.239s][info][gc,cpu      ] GC(65) User=0.03s Sys=0.00s Real=0.00s
[2025-03-18T13:52:54.857+0100][294.740s][info][gc,start    ] GC(66) Pause Young (Normal) (G1 Evacuation Pause)
[2025-03-18T13:52:54.859+0100][294.741s][info][gc,task     ] GC(66) Using 9 workers of 9 for evacuation
[2025-03-18T13:52:54.863+0100][294.746s][info][gc,phases   ] GC(66)   Pre Evacuate Collection Set: 0.1ms
[2025-03-18T13:52:54.863+0100][294.746s][info][gc,phases   ] GC(66)   Merge Heap Roots: 0.1ms
[2025-03-18T13:52:54.863+0100][294.746s][info][gc,phases   ] GC(66)   Evacuate Collection Set: 3.6ms
[2025-03-18T13:52:54.863+0100][294.746s][info][gc,phases   ] GC(66)   Post Evacuate Collection Set: 0.5ms
[2025-03-18T13:52:54.863+0100][294.746s][info][gc,phases   ] GC(66)   Other: 0.1ms
[2025-03-18T13:52:54.863+0100][294.746s][info][gc,heap     ] GC(66) Eden regions: 303->0(303)
[2025-03-18T13:52:54.863+0100][294.746s][info][gc,heap     ] GC(66) Survivor regions: 4->4(39)
[2025-03-18T13:52:54.863+0100][294.746s][info][gc,heap     ] GC(66) Old regions: 35->35
[2025-03-18T13:52:54.863+0100][294.746s][info][gc,heap     ] GC(66) Humongous regions: 1->1
[2025-03-18T13:52:54.863+0100][294.746s][info][gc,metaspace] GC(66) Metaspace: 28092K(28480K)->28092K(28480K) NonClass: 24460K(24640K)->24460K(24640K) Class: 3632K(3840K)->3632K(3840K)
[2025-03-18T13:52:54.863+0100][294.746s][info][gc          ] GC(66) Pause Young (Normal) (G1 Evacuation Pause) 1364M->154M(2048M) 5.666ms
[2025-03-18T13:52:54.863+0100][294.746s][info][gc,cpu      ] GC(66) User=0.03s Sys=0.01s Real=0.01s
[2025-03-18T13:53:12.355+0100][312.238s][info][gc,start    ] GC(67) Pause Young (Normal) (G1 Evacuation Pause)
[2025-03-18T13:53:12.355+0100][312.238s][info][gc,task     ] GC(67) Using 9 workers of 9 for evacuation
[2025-03-18T13:53:12.360+0100][312.243s][info][gc,phases   ] GC(67)   Pre Evacuate Collection Set: 0.2ms
[2025-03-18T13:53:12.360+0100][312.243s][info][gc,phases   ] GC(67)   Merge Heap Roots: 0.1ms
[2025-03-18T13:53:12.360+0100][312.243s][info][gc,phases   ] GC(67)   Evacuate Collection Set: 4.1ms
[2025-03-18T13:53:12.360+0100][312.243s][info][gc,phases   ] GC(67)   Post Evacuate Collection Set: 0.6ms
[2025-03-18T13:53:12.360+0100][312.243s][info][gc,phases   ] GC(67)   Other: 0.1ms
[2025-03-18T13:53:12.360+0100][312.243s][info][gc,heap     ] GC(67) Eden regions: 303->0(303)
[2025-03-18T13:53:12.360+0100][312.243s][info][gc,heap     ] GC(67) Survivor regions: 4->4(39)
[2025-03-18T13:53:12.360+0100][312.243s][info][gc,heap     ] GC(67) Old regions: 35->35
[2025-03-18T13:53:12.360+0100][312.243s][info][gc,heap     ] GC(67) Humongous regions: 1->1
[2025-03-18T13:53:12.360+0100][312.243s][info][gc,metaspace] GC(67) Metaspace: 28092K(28480K)->28092K(28480K) NonClass: 24460K(24640K)->24460K(24640K) Class: 3632K(3840K)->3632K(3840K)
[2025-03-18T13:53:12.360+0100][312.243s][info][gc          ] GC(67) Pause Young (Normal) (G1 Evacuation Pause) 1366M->153M(2048M) 5.462ms
[2025-03-18T13:53:12.360+0100][312.243s][info][gc,cpu      ] GC(67) User=0.04s Sys=0.00s Real=0.01s
[2025-03-18T13:53:27.060+0100][326.942s][info][gc,start    ] GC(68) Pause Young (Normal) (G1 Evacuation Pause)
[2025-03-18T13:53:27.060+0100][326.943s][info][gc,task     ] GC(68) Using 9 workers of 9 for evacuation
[2025-03-18T13:53:27.065+0100][326.947s][info][gc,phases   ] GC(68)   Pre Evacuate Collection Set: 0.2ms
[2025-03-18T13:53:27.065+0100][326.948s][info][gc,phases   ] GC(68)   Merge Heap Roots: 0.1ms
[2025-03-18T13:53:27.065+0100][326.948s][info][gc,phases   ] GC(68)   Evacuate Collection Set: 4.0ms
[2025-03-18T13:53:27.065+0100][326.948s][info][gc,phases   ] GC(68)   Post Evacuate Collection Set: 0.5ms
[2025-03-18T13:53:27.065+0100][326.948s][info][gc,phases   ] GC(68)   Other: 0.1ms
[2025-03-18T13:53:27.065+0100][326.948s][info][gc,heap     ] GC(68) Eden regions: 303->0(304)
[2025-03-18T13:53:27.065+0100][326.948s][info][gc,heap     ] GC(68) Survivor regions: 4->3(39)
[2025-03-18T13:53:27.065+0100][326.948s][info][gc,heap     ] GC(68) Old regions: 35->35
[2025-03-18T13:53:27.065+0100][326.948s][info][gc,heap     ] GC(68) Humongous regions: 1->1
[2025-03-18T13:53:27.065+0100][326.948s][info][gc,metaspace] GC(68) Metaspace: 28092K(28480K)->28092K(28480K) NonClass: 24460K(24640K)->24460K(24640K) Class: 3632K(3840K)->3632K(3840K)
[2025-03-18T13:53:27.065+0100][326.948s][info][gc          ] GC(68) Pause Young (Normal) (G1 Evacuation Pause) 1365M->152M(2048M) 5.237ms
[2025-03-18T13:53:27.065+0100][326.948s][info][gc,cpu      ] GC(68) User=0.03s Sys=0.00s Real=0.00s
[2025-03-18T13:53:37.590+0100][337.473s][info][gc,start    ] GC(69) Pause Young (Normal) (G1 Evacuation Pause)
[2025-03-18T13:53:37.592+0100][337.474s][info][gc,task     ] GC(69) Using 9 workers of 9 for evacuation
[2025-03-18T13:53:37.597+0100][337.479s][info][gc,phases   ] GC(69)   Pre Evacuate Collection Set: 0.2ms
[2025-03-18T13:53:37.597+0100][337.479s][info][gc,phases   ] GC(69)   Merge Heap Roots: 0.1ms
[2025-03-18T13:53:37.597+0100][337.479s][info][gc,phases   ] GC(69)   Evacuate Collection Set: 4.2ms
[2025-03-18T13:53:37.597+0100][337.479s][info][gc,phases   ] GC(69)   Post Evacuate Collection Set: 0.5ms
[2025-03-18T13:53:37.597+0100][337.479s][info][gc,phases   ] GC(69)   Other: 0.1ms
[2025-03-18T13:53:37.597+0100][337.479s][info][gc,heap     ] GC(69) Eden regions: 304->0(303)
[2025-03-18T13:53:37.597+0100][337.479s][info][gc,heap     ] GC(69) Survivor regions: 3->4(39)
[2025-03-18T13:53:37.597+0100][337.479s][info][gc,heap     ] GC(69) Old regions: 35->35
[2025-03-18T13:53:37.597+0100][337.479s][info][gc,heap     ] GC(69) Humongous regions: 1->1
[2025-03-18T13:53:37.597+0100][337.479s][info][gc,metaspace] GC(69) Metaspace: 28092K(28480K)->28092K(28480K) NonClass: 24460K(24640K)->24460K(24640K) Class: 3632K(3840K)->3632K(3840K)
[2025-03-18T13:53:37.597+0100][337.480s][info][gc          ] GC(69) Pause Young (Normal) (G1 Evacuation Pause) 1368M->155M(2048M) 6.850ms
[2025-03-18T13:53:37.597+0100][337.480s][info][gc,cpu      ] GC(69) User=0.03s Sys=0.00s Real=0.00s
[2025-03-18T13:53:54.359+0100][354.242s][info][gc,start    ] GC(70) Pause Young (Normal) (G1 Evacuation Pause)
[2025-03-18T13:53:54.360+0100][354.243s][info][gc,task     ] GC(70) Using 9 workers of 9 for evacuation
[2025-03-18T13:53:54.364+0100][354.247s][info][gc,phases   ] GC(70)   Pre Evacuate Collection Set: 0.1ms
[2025-03-18T13:53:54.364+0100][354.247s][info][gc,phases   ] GC(70)   Merge Heap Roots: 0.1ms
[2025-03-18T13:53:54.364+0100][354.247s][info][gc,phases   ] GC(70)   Evacuate Collection Set: 3.5ms
[2025-03-18T13:53:54.364+0100][354.247s][info][gc,phases   ] GC(70)   Post Evacuate Collection Set: 0.4ms
[2025-03-18T13:53:54.364+0100][354.247s][info][gc,phases   ] GC(70)   Other: 0.1ms
[2025-03-18T13:53:54.364+0100][354.247s][info][gc,heap     ] GC(70) Eden regions: 303->0(303)
[2025-03-18T13:53:54.364+0100][354.247s][info][gc,heap     ] GC(70) Survivor regions: 4->4(39)
[2025-03-18T13:53:54.364+0100][354.247s][info][gc,heap     ] GC(70) Old regions: 35->35
[2025-03-18T13:53:54.364+0100][354.247s][info][gc,heap     ] GC(70) Humongous regions: 1->1
[2025-03-18T13:53:54.364+0100][354.247s][info][gc,metaspace] GC(70) Metaspace: 28092K(28480K)->28092K(28480K) NonClass: 24460K(24640K)->24460K(24640K) Class: 3632K(3840K)->3632K(3840K)
[2025-03-18T13:53:54.364+0100][354.247s][info][gc          ] GC(70) Pause Young (Normal) (G1 Evacuation Pause) 1367M->155M(2048M) 5.302ms
[2025-03-18T13:53:54.364+0100][354.247s][info][gc,cpu      ] GC(70) User=0.03s Sys=0.00s Real=0.01s
[2025-03-18T13:54:07.383+0100][367.265s][info][gc,start    ] GC(71) Pause Young (Normal) (G1 Evacuation Pause)
[2025-03-18T13:54:07.383+0100][367.265s][info][gc,task     ] GC(71) Using 9 workers of 9 for evacuation
[2025-03-18T13:54:07.389+0100][367.271s][info][gc,phases   ] GC(71)   Pre Evacuate Collection Set: 0.2ms
[2025-03-18T13:54:07.389+0100][367.271s][info][gc,phases   ] GC(71)   Merge Heap Roots: 0.1ms
[2025-03-18T13:54:07.389+0100][367.271s][info][gc,phases   ] GC(71)   Evacuate Collection Set: 5.0ms
[2025-03-18T13:54:07.389+0100][367.271s][info][gc,phases   ] GC(71)   Post Evacuate Collection Set: 0.5ms
[2025-03-18T13:54:07.389+0100][367.271s][info][gc,phases   ] GC(71)   Other: 0.1ms
[2025-03-18T13:54:07.389+0100][367.271s][info][gc,heap     ] GC(71) Eden regions: 303->0(302)
[2025-03-18T13:54:07.389+0100][367.271s][info][gc,heap     ] GC(71) Survivor regions: 4->5(39)
[2025-03-18T13:54:07.389+0100][367.271s][info][gc,heap     ] GC(71) Old regions: 35->35
[2025-03-18T13:54:07.389+0100][367.271s][info][gc,heap     ] GC(71) Humongous regions: 1->1
[2025-03-18T13:54:07.389+0100][367.271s][info][gc,metaspace] GC(71) Metaspace: 28092K(28480K)->28092K(28480K) NonClass: 24460K(24640K)->24460K(24640K) Class: 3632K(3840K)->3632K(3840K)
[2025-03-18T13:54:07.389+0100][367.271s][info][gc          ] GC(71) Pause Young (Normal) (G1 Evacuation Pause) 1367M->157M(2048M) 6.240ms
[2025-03-18T13:54:07.389+0100][367.271s][info][gc,cpu      ] GC(71) User=0.04s Sys=0.00s Real=0.00s
[2025-03-18T13:54:20.848+0100][380.731s][info][gc,start    ] GC(72) Pause Young (Normal) (G1 Evacuation Pause)
[2025-03-18T13:54:20.850+0100][380.732s][info][gc,task     ] GC(72) Using 9 workers of 9 for evacuation
[2025-03-18T13:54:20.856+0100][380.739s][info][gc,phases   ] GC(72)   Pre Evacuate Collection Set: 0.2ms
[2025-03-18T13:54:20.856+0100][380.739s][info][gc,phases   ] GC(72)   Merge Heap Roots: 0.1ms
[2025-03-18T13:54:20.857+0100][380.739s][info][gc,phases   ] GC(72)   Evacuate Collection Set: 5.6ms
[2025-03-18T13:54:20.857+0100][380.739s][info][gc,phases   ] GC(72)   Post Evacuate Collection Set: 0.7ms
[2025-03-18T13:54:20.857+0100][380.739s][info][gc,phases   ] GC(72)   Other: 0.1ms
[2025-03-18T13:54:20.857+0100][380.739s][info][gc,heap     ] GC(72) Eden regions: 302->0(303)
[2025-03-18T13:54:20.857+0100][380.739s][info][gc,heap     ] GC(72) Survivor regions: 5->4(39)
[2025-03-18T13:54:20.857+0100][380.739s][info][gc,heap     ] GC(72) Old regions: 35->35
[2025-03-18T13:54:20.857+0100][380.739s][info][gc,heap     ] GC(72) Humongous regions: 1->1
[2025-03-18T13:54:20.857+0100][380.739s][info][gc,metaspace] GC(72) Metaspace: 28092K(28480K)->28092K(28480K) NonClass: 24460K(24640K)->24460K(24640K) Class: 3632K(3840K)->3632K(3840K)
[2025-03-18T13:54:20.857+0100][380.739s][info][gc          ] GC(72) Pause Young (Normal) (G1 Evacuation Pause) 1365M->154M(2048M) 8.434ms
[2025-03-18T13:54:20.857+0100][380.739s][info][gc,cpu      ] GC(72) User=0.04s Sys=0.01s Real=0.01s
[2025-03-18T13:54:37.360+0100][397.242s][info][gc,start    ] GC(73) Pause Young (Normal) (G1 Evacuation Pause)
[2025-03-18T13:54:37.361+0100][397.244s][info][gc,task     ] GC(73) Using 9 workers of 9 for evacuation
[2025-03-18T13:54:37.368+0100][397.250s][info][gc,phases   ] GC(73)   Pre Evacuate Collection Set: 0.2ms
[2025-03-18T13:54:37.368+0100][397.251s][info][gc,phases   ] GC(73)   Merge Heap Roots: 0.1ms
[2025-03-18T13:54:37.368+0100][397.251s][info][gc,phases   ] GC(73)   Evacuate Collection Set: 5.5ms
[2025-03-18T13:54:37.368+0100][397.251s][info][gc,phases   ] GC(73)   Post Evacuate Collection Set: 0.7ms
[2025-03-18T13:54:37.368+0100][397.251s][info][gc,phases   ] GC(73)   Other: 0.1ms
[2025-03-18T13:54:37.368+0100][397.251s][info][gc,heap     ] GC(73) Eden regions: 303->0(303)
[2025-03-18T13:54:37.368+0100][397.251s][info][gc,heap     ] GC(73) Survivor regions: 4->4(39)
[2025-03-18T13:54:37.368+0100][397.251s][info][gc,heap     ] GC(73) Old regions: 35->35
[2025-03-18T13:54:37.368+0100][397.251s][info][gc,heap     ] GC(73) Humongous regions: 1->1
[2025-03-18T13:54:37.368+0100][397.251s][info][gc,metaspace] GC(73) Metaspace: 28094K(28480K)->28094K(28480K) NonClass: 24461K(24640K)->24461K(24640K) Class: 3632K(3840K)->3632K(3840K)
[2025-03-18T13:54:37.368+0100][397.251s][info][gc          ] GC(73) Pause Young (Normal) (G1 Evacuation Pause) 1366M->154M(2048M) 8.452ms
[2025-03-18T13:54:37.368+0100][397.251s][info][gc,cpu      ] GC(73) User=0.05s Sys=0.00s Real=0.01s
[2025-03-18T13:54:54.852+0100][414.735s][info][gc,start    ] GC(74) Pause Young (Normal) (G1 Evacuation Pause)
[2025-03-18T13:54:54.854+0100][414.737s][info][gc,task     ] GC(74) Using 9 workers of 9 for evacuation
[2025-03-18T13:54:54.861+0100][414.744s][info][gc,phases   ] GC(74)   Pre Evacuate Collection Set: 0.8ms
[2025-03-18T13:54:54.861+0100][414.744s][info][gc,phases   ] GC(74)   Merge Heap Roots: 0.1ms
[2025-03-18T13:54:54.861+0100][414.744s][info][gc,phases   ] GC(74)   Evacuate Collection Set: 5.3ms
[2025-03-18T13:54:54.861+0100][414.744s][info][gc,phases   ] GC(74)   Post Evacuate Collection Set: 0.7ms
[2025-03-18T13:54:54.861+0100][414.744s][info][gc,phases   ] GC(74)   Other: 0.2ms
[2025-03-18T13:54:54.861+0100][414.744s][info][gc,heap     ] GC(74) Eden regions: 303->0(304)
[2025-03-18T13:54:54.861+0100][414.744s][info][gc,heap     ] GC(74) Survivor regions: 4->3(39)
[2025-03-18T13:54:54.861+0100][414.744s][info][gc,heap     ] GC(74) Old regions: 35->35
[2025-03-18T13:54:54.861+0100][414.744s][info][gc,heap     ] GC(74) Humongous regions: 1->1
[2025-03-18T13:54:54.861+0100][414.744s][info][gc,metaspace] GC(74) Metaspace: 28094K(28480K)->28094K(28480K) NonClass: 24461K(24640K)->24461K(24640K) Class: 3632K(3840K)->3632K(3840K)
[2025-03-18T13:54:54.861+0100][414.744s][info][gc          ] GC(74) Pause Young (Normal) (G1 Evacuation Pause) 1366M->152M(2048M) 8.960ms
[2025-03-18T13:54:54.861+0100][414.744s][info][gc,cpu      ] GC(74) User=0.03s Sys=0.00s Real=0.01s
[2025-03-18T13:55:12.358+0100][432.240s][info][gc,start    ] GC(75) Pause Young (Normal) (G1 Evacuation Pause)
[2025-03-18T13:55:12.359+0100][432.242s][info][gc,task     ] GC(75) Using 9 workers of 9 for evacuation
[2025-03-18T13:55:12.366+0100][432.249s][info][gc,phases   ] GC(75)   Pre Evacuate Collection Set: 0.2ms
[2025-03-18T13:55:12.366+0100][432.249s][info][gc,phases   ] GC(75)   Merge Heap Roots: 0.1ms
[2025-03-18T13:55:12.366+0100][432.249s][info][gc,phases   ] GC(75)   Evacuate Collection Set: 6.3ms
[2025-03-18T13:55:12.367+0100][432.249s][info][gc,phases   ] GC(75)   Post Evacuate Collection Set: 0.5ms
[2025-03-18T13:55:12.367+0100][432.249s][info][gc,phases   ] GC(75)   Other: 0.2ms
[2025-03-18T13:55:12.367+0100][432.249s][info][gc,heap     ] GC(75) Eden regions: 304->0(304)
[2025-03-18T13:55:12.367+0100][432.249s][info][gc,heap     ] GC(75) Survivor regions: 3->3(39)
[2025-03-18T13:55:12.367+0100][432.249s][info][gc,heap     ] GC(75) Old regions: 35->35
[2025-03-18T13:55:12.367+0100][432.249s][info][gc,heap     ] GC(75) Humongous regions: 1->1
[2025-03-18T13:55:12.367+0100][432.249s][info][gc,metaspace] GC(75) Metaspace: 28094K(28480K)->28094K(28480K) NonClass: 24461K(24640K)->24461K(24640K) Class: 3632K(3840K)->3632K(3840K)
[2025-03-18T13:55:12.367+0100][432.249s][info][gc          ] GC(75) Pause Young (Normal) (G1 Evacuation Pause) 1368M->153M(2048M) 8.994ms
[2025-03-18T13:55:12.367+0100][432.249s][info][gc,cpu      ] GC(75) User=0.03s Sys=0.01s Real=0.01s
[2025-03-18T13:55:24.368+0100][444.251s][info][gc,start    ] GC(76) Pause Young (Normal) (G1 Evacuation Pause)
[2025-03-18T13:55:24.368+0100][444.251s][info][gc,task     ] GC(76) Using 9 workers of 9 for evacuation
[2025-03-18T13:55:24.373+0100][444.256s][info][gc,phases   ] GC(76)   Pre Evacuate Collection Set: 0.1ms
[2025-03-18T13:55:24.373+0100][444.256s][info][gc,phases   ] GC(76)   Merge Heap Roots: 0.1ms
[2025-03-18T13:55:24.373+0100][444.256s][info][gc,phases   ] GC(76)   Evacuate Collection Set: 4.0ms
[2025-03-18T13:55:24.373+0100][444.256s][info][gc,phases   ] GC(76)   Post Evacuate Collection Set: 0.3ms
[2025-03-18T13:55:24.373+0100][444.256s][info][gc,phases   ] GC(76)   Other: 0.1ms
[2025-03-18T13:55:24.373+0100][444.256s][info][gc,heap     ] GC(76) Eden regions: 304->0(303)
[2025-03-18T13:55:24.373+0100][444.256s][info][gc,heap     ] GC(76) Survivor regions: 3->4(39)
[2025-03-18T13:55:24.373+0100][444.256s][info][gc,heap     ] GC(76) Old regions: 35->35
[2025-03-18T13:55:24.373+0100][444.256s][info][gc,heap     ] GC(76) Humongous regions: 1->1
[2025-03-18T13:55:24.373+0100][444.256s][info][gc,metaspace] GC(76) Metaspace: 28094K(28480K)->28094K(28480K) NonClass: 24461K(24640K)->24461K(24640K) Class: 3632K(3840K)->3632K(3840K)
[2025-03-18T13:55:24.373+0100][444.256s][info][gc          ] GC(76) Pause Young (Normal) (G1 Evacuation Pause) 1369M->158M(2048M) 5.045ms
[2025-03-18T13:55:24.373+0100][444.256s][info][gc,cpu      ] GC(76) User=0.02s Sys=0.01s Real=0.01s
[2025-03-18T13:55:41.880+0100][461.763s][info][gc,start    ] GC(77) Pause Young (Normal) (G1 Evacuation Pause)
[2025-03-18T13:55:41.881+0100][461.764s][info][gc,task     ] GC(77) Using 9 workers of 9 for evacuation
[2025-03-18T13:55:41.886+0100][461.769s][info][gc,phases   ] GC(77)   Pre Evacuate Collection Set: 0.1ms
[2025-03-18T13:55:41.886+0100][461.769s][info][gc,phases   ] GC(77)   Merge Heap Roots: 0.1ms
[2025-03-18T13:55:41.886+0100][461.769s][info][gc,phases   ] GC(77)   Evacuate Collection Set: 4.5ms
[2025-03-18T13:55:41.886+0100][461.769s][info][gc,phases   ] GC(77)   Post Evacuate Collection Set: 0.5ms
[2025-03-18T13:55:41.886+0100][461.769s][info][gc,phases   ] GC(77)   Other: 0.1ms
[2025-03-18T13:55:41.886+0100][461.769s][info][gc,heap     ] GC(77) Eden regions: 303->0(303)
[2025-03-18T13:55:41.886+0100][461.769s][info][gc,heap     ] GC(77) Survivor regions: 4->4(39)
[2025-03-18T13:55:41.886+0100][461.769s][info][gc,heap     ] GC(77) Old regions: 35->35
[2025-03-18T13:55:41.886+0100][461.769s][info][gc,heap     ] GC(77) Humongous regions: 1->1
[2025-03-18T13:55:41.886+0100][461.769s][info][gc,metaspace] GC(77) Metaspace: 28094K(28480K)->28094K(28480K) NonClass: 24461K(24640K)->24461K(24640K) Class: 3632K(3840K)->3632K(3840K)
[2025-03-18T13:55:41.886+0100][461.769s][info][gc          ] GC(77) Pause Young (Normal) (G1 Evacuation Pause) 1370M->158M(2048M) 6.492ms
[2025-03-18T13:55:41.886+0100][461.769s][info][gc,cpu      ] GC(77) User=0.04s Sys=0.00s Real=0.00s
[2025-03-18T13:55:59.366+0100][479.249s][info][gc,start    ] GC(78) Pause Young (Normal) (G1 Evacuation Pause)
[2025-03-18T13:55:59.366+0100][479.249s][info][gc,task     ] GC(78) Using 9 workers of 9 for evacuation
[2025-03-18T13:55:59.371+0100][479.253s][info][gc,phases   ] GC(78)   Pre Evacuate Collection Set: 0.1ms
[2025-03-18T13:55:59.371+0100][479.253s][info][gc,phases   ] GC(78)   Merge Heap Roots: 0.1ms
[2025-03-18T13:55:59.371+0100][479.253s][info][gc,phases   ] GC(78)   Evacuate Collection Set: 3.5ms
[2025-03-18T13:55:59.371+0100][479.253s][info][gc,phases   ] GC(78)   Post Evacuate Collection Set: 0.5ms
[2025-03-18T13:55:59.371+0100][479.253s][info][gc,phases   ] GC(78)   Other: 0.1ms
[2025-03-18T13:55:59.371+0100][479.253s][info][gc,heap     ] GC(78) Eden regions: 303->0(302)
[2025-03-18T13:55:59.371+0100][479.253s][info][gc,heap     ] GC(78) Survivor regions: 4->5(39)
[2025-03-18T13:55:59.371+0100][479.253s][info][gc,heap     ] GC(78) Old regions: 35->35
[2025-03-18T13:55:59.371+0100][479.253s][info][gc,heap     ] GC(78) Humongous regions: 1->1
[2025-03-18T13:55:59.371+0100][479.253s][info][gc,metaspace] GC(78) Metaspace: 28094K(28480K)->28094K(28480K) NonClass: 24461K(24640K)->24461K(24640K) Class: 3632K(3840K)->3632K(3840K)
[2025-03-18T13:55:59.371+0100][479.253s][info][gc          ] GC(78) Pause Young (Normal) (G1 Evacuation Pause) 1370M->159M(2048M) 4.671ms
[2025-03-18T13:55:59.371+0100][479.253s][info][gc,cpu      ] GC(78) User=0.02s Sys=0.00s Real=0.01s
[2025-03-18T13:56:16.879+0100][496.762s][info][gc,start    ] GC(79) Pause Young (Normal) (G1 Evacuation Pause)
[2025-03-18T13:56:16.879+0100][496.762s][info][gc,task     ] GC(79) Using 9 workers of 9 for evacuation
[2025-03-18T13:56:16.884+0100][496.766s][info][gc,phases   ] GC(79)   Pre Evacuate Collection Set: 0.1ms
[2025-03-18T13:56:16.884+0100][496.766s][info][gc,phases   ] GC(79)   Merge Heap Roots: 0.1ms
[2025-03-18T13:56:16.884+0100][496.767s][info][gc,phases   ] GC(79)   Evacuate Collection Set: 3.3ms
[2025-03-18T13:56:16.884+0100][496.767s][info][gc,phases   ] GC(79)   Post Evacuate Collection Set: 0.5ms
[2025-03-18T13:56:16.884+0100][496.767s][info][gc,phases   ] GC(79)   Other: 0.6ms
[2025-03-18T13:56:16.884+0100][496.767s][info][gc,heap     ] GC(79) Eden regions: 302->0(304)
[2025-03-18T13:56:16.884+0100][496.767s][info][gc,heap     ] GC(79) Survivor regions: 5->3(39)
[2025-03-18T13:56:16.884+0100][496.767s][info][gc,heap     ] GC(79) Old regions: 35->35
[2025-03-18T13:56:16.884+0100][496.767s][info][gc,heap     ] GC(79) Humongous regions: 1->1
[2025-03-18T13:56:16.884+0100][496.767s][info][gc,metaspace] GC(79) Metaspace: 28094K(28480K)->28094K(28480K) NonClass: 24461K(24640K)->24461K(24640K) Class: 3632K(3840K)->3632K(3840K)
[2025-03-18T13:56:16.884+0100][496.767s][info][gc          ] GC(79) Pause Young (Normal) (G1 Evacuation Pause) 1367M->153M(2048M) 5.030ms
[2025-03-18T13:56:16.884+0100][496.767s][info][gc,cpu      ] GC(79) User=0.02s Sys=0.00s Real=0.01s
[2025-03-18T13:56:34.855+0100][514.737s][info][gc,start    ] GC(80) Pause Young (Normal) (G1 Evacuation Pause)
[2025-03-18T13:56:34.856+0100][514.739s][info][gc,task     ] GC(80) Using 9 workers of 9 for evacuation
[2025-03-18T13:56:34.860+0100][514.743s][info][gc,phases   ] GC(80)   Pre Evacuate Collection Set: 0.2ms
[2025-03-18T13:56:34.860+0100][514.743s][info][gc,phases   ] GC(80)   Merge Heap Roots: 0.1ms
[2025-03-18T13:56:34.860+0100][514.743s][info][gc,phases   ] GC(80)   Evacuate Collection Set: 3.5ms
[2025-03-18T13:56:34.860+0100][514.743s][info][gc,phases   ] GC(80)   Post Evacuate Collection Set: 0.4ms
[2025-03-18T13:56:34.860+0100][514.743s][info][gc,phases   ] GC(80)   Other: 0.1ms
[2025-03-18T13:56:34.860+0100][514.743s][info][gc,heap     ] GC(80) Eden regions: 304->0(304)
[2025-03-18T13:56:34.860+0100][514.743s][info][gc,heap     ] GC(80) Survivor regions: 3->3(39)
[2025-03-18T13:56:34.860+0100][514.743s][info][gc,heap     ] GC(80) Old regions: 35->35
[2025-03-18T13:56:34.860+0100][514.743s][info][gc,heap     ] GC(80) Humongous regions: 1->1
[2025-03-18T13:56:34.860+0100][514.743s][info][gc,metaspace] GC(80) Metaspace: 28094K(28480K)->28094K(28480K) NonClass: 24461K(24640K)->24461K(24640K) Class: 3632K(3840K)->3632K(3840K)
[2025-03-18T13:56:34.860+0100][514.743s][info][gc          ] GC(80) Pause Young (Normal) (G1 Evacuation Pause) 1369M->153M(2048M) 5.592ms
[2025-03-18T13:56:34.860+0100][514.743s][info][gc,cpu      ] GC(80) User=0.03s Sys=0.00s Real=0.01s
[2025-03-18T13:56:47.354+0100][527.237s][info][gc,start    ] GC(81) Pause Young (Normal) (G1 Evacuation Pause)
[2025-03-18T13:56:47.354+0100][527.237s][info][gc,task     ] GC(81) Using 9 workers of 9 for evacuation
[2025-03-18T13:56:47.360+0100][527.243s][info][gc,phases   ] GC(81)   Pre Evacuate Collection Set: 0.3ms
[2025-03-18T13:56:47.360+0100][527.243s][info][gc,phases   ] GC(81)   Merge Heap Roots: 0.1ms
[2025-03-18T13:56:47.360+0100][527.243s][info][gc,phases   ] GC(81)   Evacuate Collection Set: 5.0ms
[2025-03-18T13:56:47.360+0100][527.243s][info][gc,phases   ] GC(81)   Post Evacuate Collection Set: 0.6ms
[2025-03-18T13:56:47.360+0100][527.243s][info][gc,phases   ] GC(81)   Other: 0.1ms
[2025-03-18T13:56:47.360+0100][527.243s][info][gc,heap     ] GC(81) Eden regions: 304->0(304)
[2025-03-18T13:56:47.360+0100][527.243s][info][gc,heap     ] GC(81) Survivor regions: 3->3(39)
[2025-03-18T13:56:47.360+0100][527.243s][info][gc,heap     ] GC(81) Old regions: 35->35
[2025-03-18T13:56:47.360+0100][527.243s][info][gc,heap     ] GC(81) Humongous regions: 1->1
[2025-03-18T13:56:47.360+0100][527.243s][info][gc,metaspace] GC(81) Metaspace: 28094K(28480K)->28094K(28480K) NonClass: 24461K(24640K)->24461K(24640K) Class: 3632K(3840K)->3632K(3840K)
[2025-03-18T13:56:47.360+0100][527.243s][info][gc          ] GC(81) Pause Young (Normal) (G1 Evacuation Pause) 1369M->153M(2048M) 6.384ms
[2025-03-18T13:56:47.360+0100][527.243s][info][gc,cpu      ] GC(81) User=0.05s Sys=0.00s Real=0.01s
[2025-03-18T13:57:04.857+0100][544.740s][info][gc,start    ] GC(82) Pause Young (Normal) (G1 Evacuation Pause)
[2025-03-18T13:57:04.857+0100][544.740s][info][gc,task     ] GC(82) Using 9 workers of 9 for evacuation
[2025-03-18T13:57:04.866+0100][544.748s][info][gc,phases   ] GC(82)   Pre Evacuate Collection Set: 0.3ms
[2025-03-18T13:57:04.866+0100][544.748s][info][gc,phases   ] GC(82)   Merge Heap Roots: 0.2ms
[2025-03-18T13:57:04.866+0100][544.748s][info][gc,phases   ] GC(82)   Evacuate Collection Set: 6.9ms
[2025-03-18T13:57:04.866+0100][544.748s][info][gc,phases   ] GC(82)   Post Evacuate Collection Set: 0.8ms
[2025-03-18T13:57:04.866+0100][544.748s][info][gc,phases   ] GC(82)   Other: 0.2ms
[2025-03-18T13:57:04.866+0100][544.749s][info][gc,heap     ] GC(82) Eden regions: 304->0(304)
[2025-03-18T13:57:04.866+0100][544.749s][info][gc,heap     ] GC(82) Survivor regions: 3->3(39)
[2025-03-18T13:57:04.866+0100][544.749s][info][gc,heap     ] GC(82) Old regions: 35->35
[2025-03-18T13:57:04.866+0100][544.749s][info][gc,heap     ] GC(82) Humongous regions: 1->1
[2025-03-18T13:57:04.866+0100][544.749s][info][gc,metaspace] GC(82) Metaspace: 28094K(28480K)->28094K(28480K) NonClass: 24461K(24640K)->24461K(24640K) Class: 3632K(3840K)->3632K(3840K)
[2025-03-18T13:57:04.866+0100][544.749s][info][gc          ] GC(82) Pause Young (Normal) (G1 Evacuation Pause) 1369M->154M(2048M) 8.991ms
[2025-03-18T13:57:04.866+0100][544.749s][info][gc,cpu      ] GC(82) User=0.05s Sys=0.01s Real=0.01s
[2025-03-18T13:57:18.958+0100][558.840s][info][gc,start    ] GC(83) Pause Young (Normal) (G1 Evacuation Pause)
[2025-03-18T13:57:18.958+0100][558.840s][info][gc,task     ] GC(83) Using 9 workers of 9 for evacuation
[2025-03-18T13:57:18.961+0100][558.844s][info][gc,phases   ] GC(83)   Pre Evacuate Collection Set: 0.1ms
[2025-03-18T13:57:18.961+0100][558.844s][info][gc,phases   ] GC(83)   Merge Heap Roots: 0.1ms
[2025-03-18T13:57:18.961+0100][558.844s][info][gc,phases   ] GC(83)   Evacuate Collection Set: 2.4ms
[2025-03-18T13:57:18.961+0100][558.844s][info][gc,phases   ] GC(83)   Post Evacuate Collection Set: 0.5ms
[2025-03-18T13:57:18.961+0100][558.844s][info][gc,phases   ] GC(83)   Other: 0.1ms
[2025-03-18T13:57:18.961+0100][558.844s][info][gc,heap     ] GC(83) Eden regions: 304->0(303)
[2025-03-18T13:57:18.961+0100][558.844s][info][gc,heap     ] GC(83) Survivor regions: 3->4(39)
[2025-03-18T13:57:18.961+0100][558.844s][info][gc,heap     ] GC(83) Old regions: 35->35
[2025-03-18T13:57:18.961+0100][558.844s][info][gc,heap     ] GC(83) Humongous regions: 1->1
[2025-03-18T13:57:18.961+0100][558.844s][info][gc,metaspace] GC(83) Metaspace: 28094K(28480K)->28094K(28480K) NonClass: 24461K(24640K)->24461K(24640K) Class: 3632K(3840K)->3632K(3840K)
[2025-03-18T13:57:18.961+0100][558.844s][info][gc          ] GC(83) Pause Young (Normal) (G1 Evacuation Pause) 1370M->156M(2048M) 3.219ms
[2025-03-18T13:57:18.961+0100][558.844s][info][gc,cpu      ] GC(83) User=0.02s Sys=0.00s Real=0.01s
[2025-03-18T13:57:31.363+0100][571.246s][info][gc,start    ] GC(84) Pause Young (Normal) (G1 Evacuation Pause)
[2025-03-18T13:57:31.363+0100][571.246s][info][gc,task     ] GC(84) Using 9 workers of 9 for evacuation
[2025-03-18T13:57:31.366+0100][571.249s][info][gc,phases   ] GC(84)   Pre Evacuate Collection Set: 0.1ms
[2025-03-18T13:57:31.366+0100][571.249s][info][gc,phases   ] GC(84)   Merge Heap Roots: 0.1ms
[2025-03-18T13:57:31.366+0100][571.249s][info][gc,phases   ] GC(84)   Evacuate Collection Set: 2.8ms
[2025-03-18T13:57:31.366+0100][571.249s][info][gc,phases   ] GC(84)   Post Evacuate Collection Set: 0.3ms
[2025-03-18T13:57:31.366+0100][571.249s][info][gc,phases   ] GC(84)   Other: 0.0ms
[2025-03-18T13:57:31.366+0100][571.249s][info][gc,heap     ] GC(84) Eden regions: 303->0(303)
[2025-03-18T13:57:31.366+0100][571.249s][info][gc,heap     ] GC(84) Survivor regions: 4->4(39)
[2025-03-18T13:57:31.366+0100][571.249s][info][gc,heap     ] GC(84) Old regions: 35->35
[2025-03-18T13:57:31.366+0100][571.249s][info][gc,heap     ] GC(84) Humongous regions: 1->1
[2025-03-18T13:57:31.366+0100][571.249s][info][gc,metaspace] GC(84) Metaspace: 28094K(28480K)->28094K(28480K) NonClass: 24461K(24640K)->24461K(24640K) Class: 3632K(3840K)->3632K(3840K)
[2025-03-18T13:57:31.366+0100][571.249s][info][gc          ] GC(84) Pause Young (Normal) (G1 Evacuation Pause) 1368M->159M(2048M) 3.434ms
[2025-03-18T13:57:31.366+0100][571.249s][info][gc,cpu      ] GC(84) User=0.03s Sys=0.00s Real=0.00s
[2025-03-18T13:57:48.861+0100][588.744s][info][gc,start    ] GC(85) Pause Young (Normal) (G1 Evacuation Pause)
[2025-03-18T13:57:48.861+0100][588.744s][info][gc,task     ] GC(85) Using 9 workers of 9 for evacuation
[2025-03-18T13:57:48.866+0100][588.749s][info][gc,phases   ] GC(85)   Pre Evacuate Collection Set: 0.1ms
[2025-03-18T13:57:48.866+0100][588.749s][info][gc,phases   ] GC(85)   Merge Heap Roots: 0.1ms
[2025-03-18T13:57:48.866+0100][588.749s][info][gc,phases   ] GC(85)   Evacuate Collection Set: 4.1ms
[2025-03-18T13:57:48.866+0100][588.749s][info][gc,phases   ] GC(85)   Post Evacuate Collection Set: 0.5ms
[2025-03-18T13:57:48.866+0100][588.749s][info][gc,phases   ] GC(85)   Other: 0.1ms
[2025-03-18T13:57:48.866+0100][588.749s][info][gc,heap     ] GC(85) Eden regions: 303->0(303)
[2025-03-18T13:57:48.866+0100][588.749s][info][gc,heap     ] GC(85) Survivor regions: 4->4(39)
[2025-03-18T13:57:48.866+0100][588.749s][info][gc,heap     ] GC(85) Old regions: 35->35
[2025-03-18T13:57:48.866+0100][588.749s][info][gc,heap     ] GC(85) Humongous regions: 1->1
[2025-03-18T13:57:48.866+0100][588.749s][info][gc,metaspace] GC(85) Metaspace: 28094K(28480K)->28094K(28480K) NonClass: 24461K(24640K)->24461K(24640K) Class: 3632K(3840K)->3632K(3840K)
[2025-03-18T13:57:48.866+0100][588.749s][info][gc          ] GC(85) Pause Young (Normal) (G1 Evacuation Pause) 1371M->159M(2048M) 5.280ms
[2025-03-18T13:57:48.866+0100][588.749s][info][gc,cpu      ] GC(85) User=0.03s Sys=0.00s Real=0.00s
[2025-03-18T13:58:06.376+0100][606.258s][info][gc,start    ] GC(86) Pause Young (Normal) (G1 Evacuation Pause)
[2025-03-18T13:58:06.376+0100][606.259s][info][gc,task     ] GC(86) Using 9 workers of 9 for evacuation
[2025-03-18T13:58:06.381+0100][606.264s][info][gc,phases   ] GC(86)   Pre Evacuate Collection Set: 0.1ms
[2025-03-18T13:58:06.381+0100][606.264s][info][gc,phases   ] GC(86)   Merge Heap Roots: 0.1ms
[2025-03-18T13:58:06.381+0100][606.264s][info][gc,phases   ] GC(86)   Evacuate Collection Set: 4.0ms
[2025-03-18T13:58:06.381+0100][606.264s][info][gc,phases   ] GC(86)   Post Evacuate Collection Set: 0.4ms
[2025-03-18T13:58:06.381+0100][606.264s][info][gc,phases   ] GC(86)   Other: 0.1ms
[2025-03-18T13:58:06.381+0100][606.264s][info][gc,heap     ] GC(86) Eden regions: 303->0(303)
[2025-03-18T13:58:06.381+0100][606.264s][info][gc,heap     ] GC(86) Survivor regions: 4->4(39)
[2025-03-18T13:58:06.381+0100][606.264s][info][gc,heap     ] GC(86) Old regions: 35->35
[2025-03-18T13:58:06.381+0100][606.264s][info][gc,heap     ] GC(86) Humongous regions: 1->1
[2025-03-18T13:58:06.381+0100][606.264s][info][gc,metaspace] GC(86) Metaspace: 28094K(28480K)->28094K(28480K) NonClass: 24461K(24640K)->24461K(24640K) Class: 3632K(3840K)->3632K(3840K)
[2025-03-18T13:58:06.381+0100][606.264s][info][gc          ] GC(86) Pause Young (Normal) (G1 Evacuation Pause) 1371M->159M(2048M) 5.207ms
[2025-03-18T13:58:06.381+0100][606.264s][info][gc,cpu      ] GC(86) User=0.04s Sys=0.00s Real=0.01s
[2025-03-18T13:58:23.882+0100][623.764s][info][gc,start    ] GC(87) Pause Young (Normal) (G1 Evacuation Pause)
[2025-03-18T13:58:23.882+0100][623.765s][info][gc,task     ] GC(87) Using 9 workers of 9 for evacuation
[2025-03-18T13:58:23.888+0100][623.771s][info][gc,phases   ] GC(87)   Pre Evacuate Collection Set: 0.2ms
[2025-03-18T13:58:23.888+0100][623.771s][info][gc,phases   ] GC(87)   Merge Heap Roots: 0.1ms
[2025-03-18T13:58:23.888+0100][623.771s][info][gc,phases   ] GC(87)   Evacuate Collection Set: 5.0ms
[2025-03-18T13:58:23.888+0100][623.771s][info][gc,phases   ] GC(87)   Post Evacuate Collection Set: 0.5ms
[2025-03-18T13:58:23.888+0100][623.771s][info][gc,phases   ] GC(87)   Other: 0.1ms
[2025-03-18T13:58:23.888+0100][623.771s][info][gc,heap     ] GC(87) Eden regions: 303->0(303)
[2025-03-18T13:58:23.888+0100][623.771s][info][gc,heap     ] GC(87) Survivor regions: 4->4(39)
[2025-03-18T13:58:23.888+0100][623.771s][info][gc,heap     ] GC(87) Old regions: 35->35
[2025-03-18T13:58:23.888+0100][623.771s][info][gc,heap     ] GC(87) Humongous regions: 1->1
[2025-03-18T13:58:23.888+0100][623.771s][info][gc,metaspace] GC(87) Metaspace: 28094K(28480K)->28094K(28480K) NonClass: 24461K(24640K)->24461K(24640K) Class: 3632K(3840K)->3632K(3840K)
[2025-03-18T13:58:23.888+0100][623.771s][info][gc          ] GC(87) Pause Young (Normal) (G1 Evacuation Pause) 1371M->157M(2048M) 6.550ms
[2025-03-18T13:58:23.888+0100][623.771s][info][gc,cpu      ] GC(87) User=0.04s Sys=0.00s Real=0.00s
[2025-03-18T13:58:35.933+0100][635.816s][info][gc,start    ] GC(88) Pause Young (Normal) (G1 Evacuation Pause)
[2025-03-18T13:58:35.933+0100][635.816s][info][gc,task     ] GC(88) Using 9 workers of 9 for evacuation
[2025-03-18T13:58:35.936+0100][635.819s][info][gc,phases   ] GC(88)   Pre Evacuate Collection Set: 0.1ms
[2025-03-18T13:58:35.936+0100][635.819s][info][gc,phases   ] GC(88)   Merge Heap Roots: 0.1ms
[2025-03-18T13:58:35.936+0100][635.819s][info][gc,phases   ] GC(88)   Evacuate Collection Set: 2.3ms
[2025-03-18T13:58:35.936+0100][635.819s][info][gc,phases   ] GC(88)   Post Evacuate Collection Set: 0.4ms
[2025-03-18T13:58:35.936+0100][635.819s][info][gc,phases   ] GC(88)   Other: 0.1ms
[2025-03-18T13:58:35.936+0100][635.819s][info][gc,heap     ] GC(88) Eden regions: 303->0(304)
[2025-03-18T13:58:35.936+0100][635.819s][info][gc,heap     ] GC(88) Survivor regions: 4->3(39)
[2025-03-18T13:58:35.936+0100][635.819s][info][gc,heap     ] GC(88) Old regions: 35->35
[2025-03-18T13:58:35.936+0100][635.819s][info][gc,heap     ] GC(88) Humongous regions: 1->1
[2025-03-18T13:58:35.936+0100][635.819s][info][gc,metaspace] GC(88) Metaspace: 28094K(28480K)->28094K(28480K) NonClass: 24461K(24640K)->24461K(24640K) Class: 3632K(3840K)->3632K(3840K)
[2025-03-18T13:58:35.936+0100][635.819s][info][gc          ] GC(88) Pause Young (Normal) (G1 Evacuation Pause) 1369M->154M(2048M) 3.130ms
[2025-03-18T13:58:35.936+0100][635.819s][info][gc,cpu      ] GC(88) User=0.01s Sys=0.00s Real=0.00s
[2025-03-18T13:58:53.845+0100][653.728s][info][gc,start    ] GC(89) Pause Young (Normal) (G1 Evacuation Pause)
[2025-03-18T13:58:53.846+0100][653.729s][info][gc,task     ] GC(89) Using 9 workers of 9 for evacuation
[2025-03-18T13:58:53.859+0100][653.742s][info][gc,phases   ] GC(89)   Pre Evacuate Collection Set: 1.1ms
[2025-03-18T13:58:53.859+0100][653.742s][info][gc,phases   ] GC(89)   Merge Heap Roots: 0.2ms
[2025-03-18T13:58:53.859+0100][653.742s][info][gc,phases   ] GC(89)   Evacuate Collection Set: 10.9ms
[2025-03-18T13:58:53.859+0100][653.742s][info][gc,phases   ] GC(89)   Post Evacuate Collection Set: 0.7ms
[2025-03-18T13:58:53.859+0100][653.742s][info][gc,phases   ] GC(89)   Other: 0.2ms
[2025-03-18T13:58:53.859+0100][653.742s][info][gc,heap     ] GC(89) Eden regions: 304->0(304)
[2025-03-18T13:58:53.859+0100][653.742s][info][gc,heap     ] GC(89) Survivor regions: 3->3(39)
[2025-03-18T13:58:53.859+0100][653.742s][info][gc,heap     ] GC(89) Old regions: 35->35
[2025-03-18T13:58:53.859+0100][653.742s][info][gc,heap     ] GC(89) Humongous regions: 1->1
[2025-03-18T13:58:53.859+0100][653.742s][info][gc,metaspace] GC(89) Metaspace: 28094K(28480K)->28094K(28480K) NonClass: 24461K(24640K)->24461K(24640K) Class: 3632K(3840K)->3632K(3840K)
[2025-03-18T13:58:53.859+0100][653.742s][info][gc          ] GC(89) Pause Young (Normal) (G1 Evacuation Pause) 1370M->154M(2048M) 13.782ms
[2025-03-18T13:58:53.859+0100][653.742s][info][gc,cpu      ] GC(89) User=0.04s Sys=0.01s Real=0.01s
[2025-03-18T13:59:11.353+0100][671.236s][info][gc,start    ] GC(90) Pause Young (Normal) (G1 Evacuation Pause)
[2025-03-18T13:59:11.353+0100][671.236s][info][gc,task     ] GC(90) Using 9 workers of 9 for evacuation
[2025-03-18T13:59:11.359+0100][671.242s][info][gc,phases   ] GC(90)   Pre Evacuate Collection Set: 0.3ms
[2025-03-18T13:59:11.359+0100][671.242s][info][gc,phases   ] GC(90)   Merge Heap Roots: 0.1ms
[2025-03-18T13:59:11.359+0100][671.242s][info][gc,phases   ] GC(90)   Evacuate Collection Set: 4.5ms
[2025-03-18T13:59:11.359+0100][671.242s][info][gc,phases   ] GC(90)   Post Evacuate Collection Set: 0.7ms
[2025-03-18T13:59:11.359+0100][671.242s][info][gc,phases   ] GC(90)   Other: 0.1ms
[2025-03-18T13:59:11.359+0100][671.242s][info][gc,heap     ] GC(90) Eden regions: 304->0(304)
[2025-03-18T13:59:11.359+0100][671.242s][info][gc,heap     ] GC(90) Survivor regions: 3->3(39)
[2025-03-18T13:59:11.359+0100][671.242s][info][gc,heap     ] GC(90) Old regions: 35->35
[2025-03-18T13:59:11.359+0100][671.242s][info][gc,heap     ] GC(90) Humongous regions: 1->1
[2025-03-18T13:59:11.359+0100][671.242s][info][gc,metaspace] GC(90) Metaspace: 28094K(28480K)->28094K(28480K) NonClass: 24461K(24640K)->24461K(24640K) Class: 3632K(3840K)->3632K(3840K)
[2025-03-18T13:59:11.359+0100][671.242s][info][gc          ] GC(90) Pause Young (Normal) (G1 Evacuation Pause) 1370M->153M(2048M) 6.319ms
[2025-03-18T13:59:11.359+0100][671.242s][info][gc,cpu      ] GC(90) User=0.04s Sys=0.00s Real=0.00s
[2025-03-18T13:59:28.860+0100][688.743s][info][gc,start    ] GC(91) Pause Young (Normal) (G1 Evacuation Pause)
[2025-03-18T13:59:28.861+0100][688.744s][info][gc,task     ] GC(91) Using 9 workers of 9 for evacuation
[2025-03-18T13:59:28.865+0100][688.748s][info][gc,phases   ] GC(91)   Pre Evacuate Collection Set: 0.2ms
[2025-03-18T13:59:28.865+0100][688.748s][info][gc,phases   ] GC(91)   Merge Heap Roots: 0.1ms
[2025-03-18T13:59:28.865+0100][688.748s][info][gc,phases   ] GC(91)   Evacuate Collection Set: 3.1ms
[2025-03-18T13:59:28.865+0100][688.748s][info][gc,phases   ] GC(91)   Post Evacuate Collection Set: 0.4ms
[2025-03-18T13:59:28.865+0100][688.748s][info][gc,phases   ] GC(91)   Other: 0.1ms
[2025-03-18T13:59:28.865+0100][688.748s][info][gc,heap     ] GC(91) Eden regions: 304->0(303)
[2025-03-18T13:59:28.865+0100][688.748s][info][gc,heap     ] GC(91) Survivor regions: 3->4(39)
[2025-03-18T13:59:28.865+0100][688.748s][info][gc,heap     ] GC(91) Old regions: 35->36
[2025-03-18T13:59:28.865+0100][688.748s][info][gc,heap     ] GC(91) Humongous regions: 1->1
[2025-03-18T13:59:28.865+0100][688.748s][info][gc,metaspace] GC(91) Metaspace: 28094K(28480K)->28094K(28480K) NonClass: 24461K(24640K)->24461K(24640K) Class: 3632K(3840K)->3632K(3840K)
[2025-03-18T13:59:28.865+0100][688.748s][info][gc          ] GC(91) Pause Young (Normal) (G1 Evacuation Pause) 1369M->157M(2048M) 4.970ms
[2025-03-18T13:59:28.865+0100][688.748s][info][gc,cpu      ] GC(91) User=0.02s Sys=0.00s Real=0.00s
[2025-03-18T13:59:46.365+0100][706.248s][info][gc,start    ] GC(92) Pause Young (Normal) (G1 Evacuation Pause)
[2025-03-18T13:59:46.368+0100][706.250s][info][gc,task     ] GC(92) Using 9 workers of 9 for evacuation
[2025-03-18T13:59:46.373+0100][706.256s][info][gc,phases   ] GC(92)   Pre Evacuate Collection Set: 0.3ms
[2025-03-18T13:59:46.373+0100][706.256s][info][gc,phases   ] GC(92)   Merge Heap Roots: 0.2ms
[2025-03-18T13:59:46.373+0100][706.256s][info][gc,phases   ] GC(92)   Evacuate Collection Set: 4.4ms
[2025-03-18T13:59:46.373+0100][706.256s][info][gc,phases   ] GC(92)   Post Evacuate Collection Set: 0.6ms
[2025-03-18T13:59:46.373+0100][706.256s][info][gc,phases   ] GC(92)   Other: 0.1ms
[2025-03-18T13:59:46.373+0100][706.256s][info][gc,heap     ] GC(92) Eden regions: 303->0(303)
[2025-03-18T13:59:46.373+0100][706.256s][info][gc,heap     ] GC(92) Survivor regions: 4->4(39)
[2025-03-18T13:59:46.373+0100][706.256s][info][gc,heap     ] GC(92) Old regions: 36->36
[2025-03-18T13:59:46.373+0100][706.256s][info][gc,heap     ] GC(92) Humongous regions: 1->1
[2025-03-18T13:59:46.373+0100][706.256s][info][gc,metaspace] GC(92) Metaspace: 28094K(28480K)->28094K(28480K) NonClass: 24461K(24640K)->24461K(24640K) Class: 3632K(3840K)->3632K(3840K)
[2025-03-18T13:59:46.373+0100][706.256s][info][gc          ] GC(92) Pause Young (Normal) (G1 Evacuation Pause) 1369M->156M(2048M) 7.783ms
[2025-03-18T13:59:46.373+0100][706.256s][info][gc,cpu      ] GC(92) User=0.04s Sys=0.00s Real=0.01s
[2025-03-18T14:00:03.845+0100][723.728s][info][gc,start    ] GC(93) Pause Young (Normal) (G1 Evacuation Pause)
[2025-03-18T14:00:03.847+0100][723.730s][info][gc,task     ] GC(93) Using 9 workers of 9 for evacuation
[2025-03-18T14:00:03.859+0100][723.742s][info][gc,phases   ] GC(93)   Pre Evacuate Collection Set: 0.5ms
[2025-03-18T14:00:03.859+0100][723.742s][info][gc,phases   ] GC(93)   Merge Heap Roots: 0.1ms
[2025-03-18T14:00:03.859+0100][723.742s][info][gc,phases   ] GC(93)   Evacuate Collection Set: 10.5ms
[2025-03-18T14:00:03.859+0100][723.742s][info][gc,phases   ] GC(93)   Post Evacuate Collection Set: 1.0ms
[2025-03-18T14:00:03.859+0100][723.742s][info][gc,phases   ] GC(93)   Other: 0.2ms
[2025-03-18T14:00:03.860+0100][723.742s][info][gc,heap     ] GC(93) Eden regions: 303->0(304)
[2025-03-18T14:00:03.860+0100][723.742s][info][gc,heap     ] GC(93) Survivor regions: 4->3(39)
[2025-03-18T14:00:03.860+0100][723.742s][info][gc,heap     ] GC(93) Old regions: 36->36
[2025-03-18T14:00:03.860+0100][723.742s][info][gc,heap     ] GC(93) Humongous regions: 1->1
[2025-03-18T14:00:03.860+0100][723.743s][info][gc,metaspace] GC(93) Metaspace: 28094K(28480K)->28094K(28480K) NonClass: 24461K(24640K)->24461K(24640K) Class: 3632K(3840K)->3632K(3840K)
[2025-03-18T14:00:03.860+0100][723.743s][info][gc          ] GC(93) Pause Young (Normal) (G1 Evacuation Pause) 1368M->154M(2048M) 14.334ms
[2025-03-18T14:00:03.860+0100][723.743s][info][gc,cpu      ] GC(93) User=0.05s Sys=0.00s Real=0.02s
[2025-03-18T14:00:12.746+0100][732.629s][info][gc,start    ] GC(94) Pause Young (Normal) (G1 Evacuation Pause)
[2025-03-18T14:00:12.747+0100][732.630s][info][gc,task     ] GC(94) Using 9 workers of 9 for evacuation
[2025-03-18T14:00:12.754+0100][732.637s][info][gc,phases   ] GC(94)   Pre Evacuate Collection Set: 0.3ms
[2025-03-18T14:00:12.754+0100][732.637s][info][gc,phases   ] GC(94)   Merge Heap Roots: 0.2ms
[2025-03-18T14:00:12.754+0100][732.637s][info][gc,phases   ] GC(94)   Evacuate Collection Set: 6.0ms
[2025-03-18T14:00:12.754+0100][732.637s][info][gc,phases   ] GC(94)   Post Evacuate Collection Set: 0.6ms
[2025-03-18T14:00:12.754+0100][732.637s][info][gc,phases   ] GC(94)   Other: 0.1ms
[2025-03-18T14:00:12.754+0100][732.637s][info][gc,heap     ] GC(94) Eden regions: 304->0(303)
[2025-03-18T14:00:12.754+0100][732.637s][info][gc,heap     ] GC(94) Survivor regions: 3->4(39)
[2025-03-18T14:00:12.754+0100][732.637s][info][gc,heap     ] GC(94) Old regions: 36->36
[2025-03-18T14:00:12.754+0100][732.637s][info][gc,heap     ] GC(94) Humongous regions: 1->1
[2025-03-18T14:00:12.754+0100][732.637s][info][gc,metaspace] GC(94) Metaspace: 28094K(28480K)->28094K(28480K) NonClass: 24461K(24640K)->24461K(24640K) Class: 3632K(3840K)->3632K(3840K)
[2025-03-18T14:00:12.754+0100][732.637s][info][gc          ] GC(94) Pause Young (Normal) (G1 Evacuation Pause) 1370M->157M(2048M) 7.554ms
[2025-03-18T14:00:12.754+0100][732.637s][info][gc,cpu      ] GC(94) User=0.03s Sys=0.01s Real=0.01s
[2025-03-18T14:00:28.379+0100][748.262s][info][gc,start    ] GC(95) Pause Young (Normal) (G1 Evacuation Pause)
[2025-03-18T14:00:28.380+0100][748.263s][info][gc,task     ] GC(95) Using 9 workers of 9 for evacuation
[2025-03-18T14:00:28.385+0100][748.268s][info][gc,phases   ] GC(95)   Pre Evacuate Collection Set: 0.2ms
[2025-03-18T14:00:28.385+0100][748.268s][info][gc,phases   ] GC(95)   Merge Heap Roots: 0.1ms
[2025-03-18T14:00:28.385+0100][748.268s][info][gc,phases   ] GC(95)   Evacuate Collection Set: 4.5ms
[2025-03-18T14:00:28.385+0100][748.268s][info][gc,phases   ] GC(95)   Post Evacuate Collection Set: 0.5ms
[2025-03-18T14:00:28.385+0100][748.268s][info][gc,phases   ] GC(95)   Other: 0.1ms
[2025-03-18T14:00:28.385+0100][748.268s][info][gc,heap     ] GC(95) Eden regions: 303->0(303)
[2025-03-18T14:00:28.385+0100][748.268s][info][gc,heap     ] GC(95) Survivor regions: 4->4(39)
[2025-03-18T14:00:28.385+0100][748.268s][info][gc,heap     ] GC(95) Old regions: 36->36
[2025-03-18T14:00:28.385+0100][748.268s][info][gc,heap     ] GC(95) Humongous regions: 1->1
[2025-03-18T14:00:28.385+0100][748.268s][info][gc,metaspace] GC(95) Metaspace: 28094K(28480K)->28094K(28480K) NonClass: 24461K(24640K)->24461K(24640K) Class: 3632K(3840K)->3632K(3840K)
[2025-03-18T14:00:28.385+0100][748.268s][info][gc          ] GC(95) Pause Young (Normal) (G1 Evacuation Pause) 1369M->158M(2048M) 5.885ms
[2025-03-18T14:00:28.385+0100][748.268s][info][gc,cpu      ] GC(95) User=0.04s Sys=0.00s Real=0.01s
[2025-03-18T14:00:45.886+0100][765.769s][info][gc,start    ] GC(96) Pause Young (Normal) (G1 Evacuation Pause)
[2025-03-18T14:00:45.887+0100][765.770s][info][gc,task     ] GC(96) Using 9 workers of 9 for evacuation
[2025-03-18T14:00:45.895+0100][765.778s][info][gc,phases   ] GC(96)   Pre Evacuate Collection Set: 0.2ms
[2025-03-18T14:00:45.895+0100][765.778s][info][gc,phases   ] GC(96)   Merge Heap Roots: 0.2ms
[2025-03-18T14:00:45.895+0100][765.778s][info][gc,phases   ] GC(96)   Evacuate Collection Set: 6.7ms
[2025-03-18T14:00:45.895+0100][765.778s][info][gc,phases   ] GC(96)   Post Evacuate Collection Set: 0.6ms
[2025-03-18T14:00:45.895+0100][765.778s][info][gc,phases   ] GC(96)   Other: 0.2ms
[2025-03-18T14:00:45.895+0100][765.778s][info][gc,heap     ] GC(96) Eden regions: 303->0(303)
[2025-03-18T14:00:45.895+0100][765.778s][info][gc,heap     ] GC(96) Survivor regions: 4->4(39)
[2025-03-18T14:00:45.895+0100][765.778s][info][gc,heap     ] GC(96) Old regions: 36->36
[2025-03-18T14:00:45.895+0100][765.778s][info][gc,heap     ] GC(96) Humongous regions: 1->1
[2025-03-18T14:00:45.895+0100][765.778s][info][gc,metaspace] GC(96) Metaspace: 28094K(28480K)->28094K(28480K) NonClass: 24461K(24640K)->24461K(24640K) Class: 3632K(3840K)->3632K(3840K)
[2025-03-18T14:00:45.895+0100][765.778s][info][gc          ] GC(96) Pause Young (Normal) (G1 Evacuation Pause) 1370M->160M(2048M) 9.610ms
[2025-03-18T14:00:45.895+0100][765.778s][info][gc,cpu      ] GC(96) User=0.04s Sys=0.01s Real=0.01s
[2025-03-18T14:01:03.381+0100][783.264s][info][gc,start    ] GC(97) Pause Young (Normal) (G1 Evacuation Pause)
[2025-03-18T14:01:03.382+0100][783.265s][info][gc,task     ] GC(97) Using 9 workers of 9 for evacuation
[2025-03-18T14:01:03.387+0100][783.270s][info][gc,phases   ] GC(97)   Pre Evacuate Collection Set: 0.3ms
[2025-03-18T14:01:03.387+0100][783.270s][info][gc,phases   ] GC(97)   Merge Heap Roots: 0.1ms
[2025-03-18T14:01:03.388+0100][783.271s][info][gc,phases   ] GC(97)   Evacuate Collection Set: 4.4ms
[2025-03-18T14:01:03.388+0100][783.271s][info][gc,phases   ] GC(97)   Post Evacuate Collection Set: 0.7ms
[2025-03-18T14:01:03.388+0100][783.271s][info][gc,phases   ] GC(97)   Other: 0.1ms
[2025-03-18T14:01:03.388+0100][783.271s][info][gc,heap     ] GC(97) Eden regions: 303->0(303)
[2025-03-18T14:01:03.388+0100][783.271s][info][gc,heap     ] GC(97) Survivor regions: 4->4(39)
[2025-03-18T14:01:03.388+0100][783.271s][info][gc,heap     ] GC(97) Old regions: 36->36
[2025-03-18T14:01:03.388+0100][783.271s][info][gc,heap     ] GC(97) Humongous regions: 1->1
[2025-03-18T14:01:03.388+0100][783.271s][info][gc,metaspace] GC(97) Metaspace: 28094K(28480K)->28094K(28480K) NonClass: 24461K(24640K)->24461K(24640K) Class: 3632K(3840K)->3632K(3840K)
[2025-03-18T14:01:03.388+0100][783.271s][info][gc          ] GC(97) Pause Young (Normal) (G1 Evacuation Pause) 1372M->159M(2048M) 6.345ms
[2025-03-18T14:01:03.388+0100][783.271s][info][gc,cpu      ] GC(97) User=0.04s Sys=0.00s Real=0.00s
[2025-03-18T14:01:20.867+0100][800.750s][info][gc,start    ] GC(98) Pause Young (Normal) (G1 Evacuation Pause)
[2025-03-18T14:01:20.869+0100][800.752s][info][gc,task     ] GC(98) Using 9 workers of 9 for evacuation
[2025-03-18T14:01:20.874+0100][800.757s][info][gc,phases   ] GC(98)   Pre Evacuate Collection Set: 0.2ms
[2025-03-18T14:01:20.874+0100][800.757s][info][gc,phases   ] GC(98)   Merge Heap Roots: 0.1ms
[2025-03-18T14:01:20.874+0100][800.757s][info][gc,phases   ] GC(98)   Evacuate Collection Set: 4.8ms
[2025-03-18T14:01:20.874+0100][800.757s][info][gc,phases   ] GC(98)   Post Evacuate Collection Set: 0.5ms
[2025-03-18T14:01:20.874+0100][800.757s][info][gc,phases   ] GC(98)   Other: 0.1ms
[2025-03-18T14:01:20.874+0100][800.757s][info][gc,heap     ] GC(98) Eden regions: 303->0(303)
[2025-03-18T14:01:20.874+0100][800.757s][info][gc,heap     ] GC(98) Survivor regions: 4->4(39)
[2025-03-18T14:01:20.874+0100][800.757s][info][gc,heap     ] GC(98) Old regions: 36->36
[2025-03-18T14:01:20.874+0100][800.757s][info][gc,heap     ] GC(98) Humongous regions: 1->1
[2025-03-18T14:01:20.874+0100][800.757s][info][gc,metaspace] GC(98) Metaspace: 28094K(28480K)->28094K(28480K) NonClass: 24461K(24640K)->24461K(24640K) Class: 3632K(3840K)->3632K(3840K)
[2025-03-18T14:01:20.874+0100][800.757s][info][gc          ] GC(98) Pause Young (Normal) (G1 Evacuation Pause) 1371M->157M(2048M) 7.449ms
[2025-03-18T14:01:20.874+0100][800.757s][info][gc,cpu      ] GC(98) User=0.03s Sys=0.01s Real=0.01s
[2025-03-18T14:01:38.385+0100][818.268s][info][gc,start    ] GC(99) Pause Young (Normal) (G1 Evacuation Pause)
[2025-03-18T14:01:38.385+0100][818.268s][info][gc,task     ] GC(99) Using 9 workers of 9 for evacuation
[2025-03-18T14:01:38.391+0100][818.274s][info][gc,phases   ] GC(99)   Pre Evacuate Collection Set: 0.2ms
[2025-03-18T14:01:38.391+0100][818.274s][info][gc,phases   ] GC(99)   Merge Heap Roots: 0.1ms
[2025-03-18T14:01:38.391+0100][818.274s][info][gc,phases   ] GC(99)   Evacuate Collection Set: 4.8ms
[2025-03-18T14:01:38.391+0100][818.274s][info][gc,phases   ] GC(99)   Post Evacuate Collection Set: 0.5ms
[2025-03-18T14:01:38.391+0100][818.274s][info][gc,phases   ] GC(99)   Other: 0.1ms
[2025-03-18T14:01:38.391+0100][818.274s][info][gc,heap     ] GC(99) Eden regions: 303->0(303)
[2025-03-18T14:01:38.391+0100][818.274s][info][gc,heap     ] GC(99) Survivor regions: 4->4(39)
[2025-03-18T14:01:38.391+0100][818.274s][info][gc,heap     ] GC(99) Old regions: 36->36
[2025-03-18T14:01:38.391+0100][818.274s][info][gc,heap     ] GC(99) Humongous regions: 1->1
[2025-03-18T14:01:38.391+0100][818.274s][info][gc,metaspace] GC(99) Metaspace: 28094K(28480K)->28094K(28480K) NonClass: 24461K(24640K)->24461K(24640K) Class: 3632K(3840K)->3632K(3840K)
[2025-03-18T14:01:38.391+0100][818.274s][info][gc          ] GC(99) Pause Young (Normal) (G1 Evacuation Pause) 1369M->160M(2048M) 6.204ms
[2025-03-18T14:01:38.391+0100][818.274s][info][gc,cpu      ] GC(99) User=0.04s Sys=0.00s Real=0.01s
[2025-03-18T14:01:55.880+0100][835.763s][info][gc,start    ] GC(100) Pause Young (Normal) (G1 Evacuation Pause)
[2025-03-18T14:01:55.881+0100][835.764s][info][gc,task     ] GC(100) Using 9 workers of 9 for evacuation
[2025-03-18T14:01:55.887+0100][835.770s][info][gc,phases   ] GC(100)   Pre Evacuate Collection Set: 0.2ms
[2025-03-18T14:01:55.887+0100][835.770s][info][gc,phases   ] GC(100)   Merge Heap Roots: 0.1ms
[2025-03-18T14:01:55.887+0100][835.770s][info][gc,phases   ] GC(100)   Evacuate Collection Set: 4.0ms
[2025-03-18T14:01:55.887+0100][835.770s][info][gc,phases   ] GC(100)   Post Evacuate Collection Set: 0.8ms
[2025-03-18T14:01:55.887+0100][835.770s][info][gc,phases   ] GC(100)   Other: 0.2ms
[2025-03-18T14:01:55.887+0100][835.770s][info][gc,heap     ] GC(100) Eden regions: 303->0(303)
[2025-03-18T14:01:55.887+0100][835.770s][info][gc,heap     ] GC(100) Survivor regions: 4->4(39)
[2025-03-18T14:01:55.887+0100][835.770s][info][gc,heap     ] GC(100) Old regions: 36->36
[2025-03-18T14:01:55.887+0100][835.770s][info][gc,heap     ] GC(100) Humongous regions: 1->1
[2025-03-18T14:01:55.887+0100][835.770s][info][gc,metaspace] GC(100) Metaspace: 28094K(28480K)->28094K(28480K) NonClass: 24461K(24640K)->24461K(24640K) Class: 3632K(3840K)->3632K(3840K)
[2025-03-18T14:01:55.887+0100][835.770s][info][gc          ] GC(100) Pause Young (Normal) (G1 Evacuation Pause) 1372M->158M(2048M) 7.265ms
[2025-03-18T14:01:55.887+0100][835.770s][info][gc,cpu      ] GC(100) User=0.04s Sys=0.00s Real=0.00s
[2025-03-18T14:02:10.899+0100][850.782s][info][gc,start    ] GC(101) Pause Young (Normal) (G1 Evacuation Pause)
[2025-03-18T14:02:10.899+0100][850.782s][info][gc,task     ] GC(101) Using 9 workers of 9 for evacuation
[2025-03-18T14:02:10.902+0100][850.785s][info][gc,phases   ] GC(101)   Pre Evacuate Collection Set: 0.1ms
[2025-03-18T14:02:10.902+0100][850.785s][info][gc,phases   ] GC(101)   Merge Heap Roots: 0.1ms
[2025-03-18T14:02:10.902+0100][850.785s][info][gc,phases   ] GC(101)   Evacuate Collection Set: 2.0ms
[2025-03-18T14:02:10.902+0100][850.785s][info][gc,phases   ] GC(101)   Post Evacuate Collection Set: 0.4ms
[2025-03-18T14:02:10.902+0100][850.785s][info][gc,phases   ] GC(101)   Other: 0.0ms
[2025-03-18T14:02:10.902+0100][850.785s][info][gc,heap     ] GC(101) Eden regions: 303->0(304)
[2025-03-18T14:02:10.902+0100][850.785s][info][gc,heap     ] GC(101) Survivor regions: 4->3(39)
[2025-03-18T14:02:10.902+0100][850.785s][info][gc,heap     ] GC(101) Old regions: 36->36
[2025-03-18T14:02:10.902+0100][850.785s][info][gc,heap     ] GC(101) Humongous regions: 1->1
[2025-03-18T14:02:10.902+0100][850.785s][info][gc,metaspace] GC(101) Metaspace: 28095K(28480K)->28095K(28480K) NonClass: 24462K(24640K)->24462K(24640K) Class: 3632K(3840K)->3632K(3840K)
[2025-03-18T14:02:10.902+0100][850.785s][info][gc          ] GC(101) Pause Young (Normal) (G1 Evacuation Pause) 1370M->155M(2048M) 2.824ms
[2025-03-18T14:02:10.902+0100][850.785s][info][gc,cpu      ] GC(101) User=0.01s Sys=0.00s Real=0.01s
[2025-03-18T14:02:20.362+0100][860.245s][info][gc,start    ] GC(102) Pause Young (Normal) (G1 Evacuation Pause)
[2025-03-18T14:02:20.364+0100][860.247s][info][gc,task     ] GC(102) Using 9 workers of 9 for evacuation
[2025-03-18T14:02:20.370+0100][860.253s][info][gc,phases   ] GC(102)   Pre Evacuate Collection Set: 0.2ms
[2025-03-18T14:02:20.370+0100][860.253s][info][gc,phases   ] GC(102)   Merge Heap Roots: 0.1ms
[2025-03-18T14:02:20.370+0100][860.253s][info][gc,phases   ] GC(102)   Evacuate Collection Set: 5.4ms
[2025-03-18T14:02:20.370+0100][860.253s][info][gc,phases   ] GC(102)   Post Evacuate Collection Set: 0.8ms
[2025-03-18T14:02:20.370+0100][860.254s][info][gc,phases   ] GC(102)   Other: 0.1ms
[2025-03-18T14:02:20.370+0100][860.254s][info][gc,heap     ] GC(102) Eden regions: 304->0(304)
[2025-03-18T14:02:20.370+0100][860.254s][info][gc,heap     ] GC(102) Survivor regions: 3->3(39)
[2025-03-18T14:02:20.371+0100][860.254s][info][gc,heap     ] GC(102) Old regions: 36->36
[2025-03-18T14:02:20.371+0100][860.254s][info][gc,heap     ] GC(102) Humongous regions: 1->1
[2025-03-18T14:02:20.371+0100][860.254s][info][gc,metaspace] GC(102) Metaspace: 28095K(28480K)->28095K(28480K) NonClass: 24462K(24640K)->24462K(24640K) Class: 3632K(3840K)->3632K(3840K)
[2025-03-18T14:02:20.371+0100][860.254s][info][gc          ] GC(102) Pause Young (Normal) (G1 Evacuation Pause) 1371M->156M(2048M) 8.405ms
[2025-03-18T14:02:20.371+0100][860.254s][info][gc,cpu      ] GC(102) User=0.05s Sys=0.01s Real=0.01s
[2025-03-18T14:02:33.863+0100][873.746s][info][gc,start    ] GC(103) Pause Young (Normal) (G1 Evacuation Pause)
[2025-03-18T14:02:33.863+0100][873.746s][info][gc,task     ] GC(103) Using 9 workers of 9 for evacuation
[2025-03-18T14:02:33.870+0100][873.753s][info][gc,phases   ] GC(103)   Pre Evacuate Collection Set: 0.2ms
[2025-03-18T14:02:33.870+0100][873.753s][info][gc,phases   ] GC(103)   Merge Heap Roots: 0.1ms
[2025-03-18T14:02:33.870+0100][873.753s][info][gc,phases   ] GC(103)   Evacuate Collection Set: 5.6ms
[2025-03-18T14:02:33.870+0100][873.753s][info][gc,phases   ] GC(103)   Post Evacuate Collection Set: 0.6ms
[2025-03-18T14:02:33.870+0100][873.753s][info][gc,phases   ] GC(103)   Other: 0.1ms
[2025-03-18T14:02:33.870+0100][873.753s][info][gc,heap     ] GC(103) Eden regions: 304->0(303)
[2025-03-18T14:02:33.870+0100][873.753s][info][gc,heap     ] GC(103) Survivor regions: 3->4(39)
[2025-03-18T14:02:33.870+0100][873.753s][info][gc,heap     ] GC(103) Old regions: 36->36
[2025-03-18T14:02:33.870+0100][873.753s][info][gc,heap     ] GC(103) Humongous regions: 1->1
[2025-03-18T14:02:33.870+0100][873.753s][info][gc,metaspace] GC(103) Metaspace: 28095K(28480K)->28095K(28480K) NonClass: 24462K(24640K)->24462K(24640K) Class: 3632K(3840K)->3632K(3840K)
[2025-03-18T14:02:33.870+0100][873.753s][info][gc          ] GC(103) Pause Young (Normal) (G1 Evacuation Pause) 1372M->157M(2048M) 7.110ms
[2025-03-18T14:02:33.870+0100][873.753s][info][gc,cpu      ] GC(103) User=0.05s Sys=0.01s Real=0.01s
[2025-03-18T14:02:46.442+0100][886.326s][info][gc,start    ] GC(104) Pause Young (Normal) (G1 Evacuation Pause)
[2025-03-18T14:02:46.443+0100][886.326s][info][gc,task     ] GC(104) Using 9 workers of 9 for evacuation
[2025-03-18T14:02:46.446+0100][886.329s][info][gc,phases   ] GC(104)   Pre Evacuate Collection Set: 0.1ms
[2025-03-18T14:02:46.446+0100][886.329s][info][gc,phases   ] GC(104)   Merge Heap Roots: 0.1ms
[2025-03-18T14:02:46.446+0100][886.329s][info][gc,phases   ] GC(104)   Evacuate Collection Set: 2.5ms
[2025-03-18T14:02:46.446+0100][886.329s][info][gc,phases   ] GC(104)   Post Evacuate Collection Set: 0.6ms
[2025-03-18T14:02:46.446+0100][886.329s][info][gc,phases   ] GC(104)   Other: 0.1ms
[2025-03-18T14:02:46.446+0100][886.329s][info][gc,heap     ] GC(104) Eden regions: 303->0(303)
[2025-03-18T14:02:46.446+0100][886.329s][info][gc,heap     ] GC(104) Survivor regions: 4->4(39)
[2025-03-18T14:02:46.446+0100][886.329s][info][gc,heap     ] GC(104) Old regions: 36->36
[2025-03-18T14:02:46.446+0100][886.329s][info][gc,heap     ] GC(104) Humongous regions: 1->1
[2025-03-18T14:02:46.446+0100][886.329s][info][gc,metaspace] GC(104) Metaspace: 28095K(28480K)->28095K(28480K) NonClass: 24462K(24640K)->24462K(24640K) Class: 3632K(3840K)->3632K(3840K)
[2025-03-18T14:02:46.446+0100][886.329s][info][gc          ] GC(104) Pause Young (Normal) (G1 Evacuation Pause) 1369M->159M(2048M) 3.486ms
[2025-03-18T14:02:46.446+0100][886.329s][info][gc,cpu      ] GC(104) User=0.02s Sys=0.00s Real=0.00s
[2025-03-18T14:03:02.357+0100][902.240s][info][gc,start    ] GC(105) Pause Young (Normal) (G1 Evacuation Pause)
[2025-03-18T14:03:02.358+0100][902.241s][info][gc,task     ] GC(105) Using 9 workers of 9 for evacuation
[2025-03-18T14:03:02.366+0100][902.249s][info][gc,phases   ] GC(105)   Pre Evacuate Collection Set: 0.2ms
[2025-03-18T14:03:02.366+0100][902.249s][info][gc,phases   ] GC(105)   Merge Heap Roots: 0.1ms
[2025-03-18T14:03:02.366+0100][902.249s][info][gc,phases   ] GC(105)   Evacuate Collection Set: 6.2ms
[2025-03-18T14:03:02.366+0100][902.249s][info][gc,phases   ] GC(105)   Post Evacuate Collection Set: 0.8ms
[2025-03-18T14:03:02.366+0100][902.249s][info][gc,phases   ] GC(105)   Other: 0.1ms
[2025-03-18T14:03:02.366+0100][902.249s][info][gc,heap     ] GC(105) Eden regions: 303->0(304)
[2025-03-18T14:03:02.366+0100][902.249s][info][gc,heap     ] GC(105) Survivor regions: 4->3(39)
[2025-03-18T14:03:02.366+0100][902.249s][info][gc,heap     ] GC(105) Old regions: 36->36
[2025-03-18T14:03:02.366+0100][902.249s][info][gc,heap     ] GC(105) Humongous regions: 1->1
[2025-03-18T14:03:02.366+0100][902.249s][info][gc,metaspace] GC(105) Metaspace: 28095K(28480K)->28095K(28480K) NonClass: 24462K(24640K)->24462K(24640K) Class: 3632K(3840K)->3632K(3840K)
[2025-03-18T14:03:02.366+0100][902.249s][info][gc          ] GC(105) Pause Young (Normal) (G1 Evacuation Pause) 1371M->156M(2048M) 9.300ms
[2025-03-18T14:03:02.366+0100][902.249s][info][gc,cpu      ] GC(105) User=0.06s Sys=0.00s Real=0.01s
[2025-03-18T14:03:19.861+0100][919.744s][info][gc,start    ] GC(106) Pause Young (Normal) (G1 Evacuation Pause)
[2025-03-18T14:03:19.861+0100][919.744s][info][gc,task     ] GC(106) Using 9 workers of 9 for evacuation
[2025-03-18T14:03:19.866+0100][919.749s][info][gc,phases   ] GC(106)   Pre Evacuate Collection Set: 0.2ms
[2025-03-18T14:03:19.866+0100][919.749s][info][gc,phases   ] GC(106)   Merge Heap Roots: 0.1ms
[2025-03-18T14:03:19.866+0100][919.749s][info][gc,phases   ] GC(106)   Evacuate Collection Set: 4.4ms
[2025-03-18T14:03:19.866+0100][919.749s][info][gc,phases   ] GC(106)   Post Evacuate Collection Set: 0.4ms
[2025-03-18T14:03:19.866+0100][919.749s][info][gc,phases   ] GC(106)   Other: 0.1ms
[2025-03-18T14:03:19.866+0100][919.749s][info][gc,heap     ] GC(106) Eden regions: 304->0(303)
[2025-03-18T14:03:19.866+0100][919.749s][info][gc,heap     ] GC(106) Survivor regions: 3->4(39)
[2025-03-18T14:03:19.866+0100][919.749s][info][gc,heap     ] GC(106) Old regions: 36->36
[2025-03-18T14:03:19.866+0100][919.749s][info][gc,heap     ] GC(106) Humongous regions: 1->1
[2025-03-18T14:03:19.866+0100][919.749s][info][gc,metaspace] GC(106) Metaspace: 28095K(28480K)->28095K(28480K) NonClass: 24462K(24640K)->24462K(24640K) Class: 3632K(3840K)->3632K(3840K)
[2025-03-18T14:03:19.866+0100][919.749s][info][gc          ] GC(106) Pause Young (Normal) (G1 Evacuation Pause) 1372M->158M(2048M) 5.613ms
[2025-03-18T14:03:19.866+0100][919.749s][info][gc,cpu      ] GC(106) User=0.04s Sys=0.00s Real=0.00s
[2025-03-18T14:03:37.344+0100][937.228s][info][gc,start    ] GC(107) Pause Young (Normal) (G1 Evacuation Pause)
[2025-03-18T14:03:37.346+0100][937.230s][info][gc,task     ] GC(107) Using 9 workers of 9 for evacuation
[2025-03-18T14:03:37.359+0100][937.242s][info][gc,phases   ] GC(107)   Pre Evacuate Collection Set: 0.7ms
[2025-03-18T14:03:37.359+0100][937.242s][info][gc,phases   ] GC(107)   Merge Heap Roots: 0.1ms
[2025-03-18T14:03:37.359+0100][937.242s][info][gc,phases   ] GC(107)   Evacuate Collection Set: 10.7ms
[2025-03-18T14:03:37.359+0100][937.242s][info][gc,phases   ] GC(107)   Post Evacuate Collection Set: 0.9ms
[2025-03-18T14:03:37.359+0100][937.242s][info][gc,phases   ] GC(107)   Other: 0.3ms
[2025-03-18T14:03:37.359+0100][937.242s][info][gc,heap     ] GC(107) Eden regions: 303->0(304)
[2025-03-18T14:03:37.359+0100][937.242s][info][gc,heap     ] GC(107) Survivor regions: 4->3(39)
[2025-03-18T14:03:37.359+0100][937.242s][info][gc,heap     ] GC(107) Old regions: 36->36
[2025-03-18T14:03:37.359+0100][937.242s][info][gc,heap     ] GC(107) Humongous regions: 1->1
[2025-03-18T14:03:37.359+0100][937.243s][info][gc,metaspace] GC(107) Metaspace: 28095K(28480K)->28095K(28480K) NonClass: 24462K(24640K)->24462K(24640K) Class: 3632K(3840K)->3632K(3840K)
[2025-03-18T14:03:37.359+0100][937.243s][info][gc          ] GC(107) Pause Young (Normal) (G1 Evacuation Pause) 1370M->156M(2048M) 14.957ms
[2025-03-18T14:03:37.359+0100][937.243s][info][gc,cpu      ] GC(107) User=0.05s Sys=0.00s Real=0.01s
[2025-03-18T14:03:54.853+0100][954.736s][info][gc,start    ] GC(108) Pause Young (Normal) (G1 Evacuation Pause)
[2025-03-18T14:03:54.854+0100][954.737s][info][gc,task     ] GC(108) Using 9 workers of 9 for evacuation
[2025-03-18T14:03:54.868+0100][954.751s][info][gc,phases   ] GC(108)   Pre Evacuate Collection Set: 1.0ms
[2025-03-18T14:03:54.868+0100][954.751s][info][gc,phases   ] GC(108)   Merge Heap Roots: 0.2ms
[2025-03-18T14:03:54.868+0100][954.751s][info][gc,phases   ] GC(108)   Evacuate Collection Set: 11.9ms
[2025-03-18T14:03:54.868+0100][954.751s][info][gc,phases   ] GC(108)   Post Evacuate Collection Set: 0.7ms
[2025-03-18T14:03:54.868+0100][954.751s][info][gc,phases   ] GC(108)   Other: 0.2ms
[2025-03-18T14:03:54.868+0100][954.751s][info][gc,heap     ] GC(108) Eden regions: 304->0(304)
[2025-03-18T14:03:54.868+0100][954.751s][info][gc,heap     ] GC(108) Survivor regions: 3->3(39)
[2025-03-18T14:03:54.868+0100][954.751s][info][gc,heap     ] GC(108) Old regions: 36->36
[2025-03-18T14:03:54.868+0100][954.751s][info][gc,heap     ] GC(108) Humongous regions: 1->1
[2025-03-18T14:03:54.868+0100][954.751s][info][gc,metaspace] GC(108) Metaspace: 28095K(28480K)->28095K(28480K) NonClass: 24462K(24640K)->24462K(24640K) Class: 3632K(3840K)->3632K(3840K)
[2025-03-18T14:03:54.868+0100][954.751s][info][gc          ] GC(108) Pause Young (Normal) (G1 Evacuation Pause) 1372M->156M(2048M) 14.579ms
[2025-03-18T14:03:54.868+0100][954.751s][info][gc,cpu      ] GC(108) User=0.04s Sys=0.00s Real=0.01s
[2025-03-18T14:04:12.335+0100][972.218s][info][gc,start    ] GC(109) Pause Young (Normal) (G1 Evacuation Pause)
[2025-03-18T14:04:12.336+0100][972.219s][info][gc,task     ] GC(109) Using 9 workers of 9 for evacuation
[2025-03-18T14:04:12.340+0100][972.223s][info][gc,phases   ] GC(109)   Pre Evacuate Collection Set: 0.2ms
[2025-03-18T14:04:12.340+0100][972.223s][info][gc,phases   ] GC(109)   Merge Heap Roots: 0.1ms
[2025-03-18T14:04:12.340+0100][972.223s][info][gc,phases   ] GC(109)   Evacuate Collection Set: 3.2ms
[2025-03-18T14:04:12.340+0100][972.223s][info][gc,phases   ] GC(109)   Post Evacuate Collection Set: 0.5ms
[2025-03-18T14:04:12.340+0100][972.223s][info][gc,phases   ] GC(109)   Other: 0.1ms
[2025-03-18T14:04:12.340+0100][972.223s][info][gc,heap     ] GC(109) Eden regions: 304->0(304)
[2025-03-18T14:04:12.340+0100][972.223s][info][gc,heap     ] GC(109) Survivor regions: 3->3(39)
[2025-03-18T14:04:12.340+0100][972.223s][info][gc,heap     ] GC(109) Old regions: 36->36
[2025-03-18T14:04:12.340+0100][972.223s][info][gc,heap     ] GC(109) Humongous regions: 1->1
[2025-03-18T14:04:12.340+0100][972.223s][info][gc,metaspace] GC(109) Metaspace: 28095K(28480K)->28095K(28480K) NonClass: 24462K(24640K)->24462K(24640K) Class: 3632K(3840K)->3632K(3840K)
[2025-03-18T14:04:12.340+0100][972.223s][info][gc          ] GC(109) Pause Young (Normal) (G1 Evacuation Pause) 1372M->156M(2048M) 5.687ms
[2025-03-18T14:04:12.340+0100][972.223s][info][gc,cpu      ] GC(109) User=0.03s Sys=0.01s Real=0.01s
[2025-03-18T14:04:29.387+0100][989.271s][info][gc,start    ] GC(110) Pause Young (Normal) (G1 Evacuation Pause)
[2025-03-18T14:04:29.388+0100][989.271s][info][gc,task     ] GC(110) Using 9 workers of 9 for evacuation
[2025-03-18T14:04:29.393+0100][989.276s][info][gc,phases   ] GC(110)   Pre Evacuate Collection Set: 0.2ms
[2025-03-18T14:04:29.393+0100][989.276s][info][gc,phases   ] GC(110)   Merge Heap Roots: 0.1ms
[2025-03-18T14:04:29.393+0100][989.276s][info][gc,phases   ] GC(110)   Evacuate Collection Set: 4.7ms
[2025-03-18T14:04:29.393+0100][989.276s][info][gc,phases   ] GC(110)   Post Evacuate Collection Set: 0.5ms
[2025-03-18T14:04:29.393+0100][989.276s][info][gc,phases   ] GC(110)   Other: 0.1ms
[2025-03-18T14:04:29.393+0100][989.276s][info][gc,heap     ] GC(110) Eden regions: 304->0(303)
[2025-03-18T14:04:29.393+0100][989.276s][info][gc,heap     ] GC(110) Survivor regions: 3->4(39)
[2025-03-18T14:04:29.393+0100][989.276s][info][gc,heap     ] GC(110) Old regions: 36->36
[2025-03-18T14:04:29.393+0100][989.276s][info][gc,heap     ] GC(110) Humongous regions: 1->1
[2025-03-18T14:04:29.393+0100][989.276s][info][gc,metaspace] GC(110) Metaspace: 28095K(28480K)->28095K(28480K) NonClass: 24462K(24640K)->24462K(24640K) Class: 3632K(3840K)->3632K(3840K)
[2025-03-18T14:04:29.393+0100][989.276s][info][gc          ] GC(110) Pause Young (Normal) (G1 Evacuation Pause) 1372M->162M(2048M) 5.879ms
[2025-03-18T14:04:29.393+0100][989.276s][info][gc,cpu      ] GC(110) User=0.03s Sys=0.01s Real=0.01s
[2025-03-18T14:04:46.882+0100][1006.766s][info][gc,start    ] GC(111) Pause Young (Normal) (G1 Evacuation Pause)
[2025-03-18T14:04:46.883+0100][1006.766s][info][gc,task     ] GC(111) Using 9 workers of 9 for evacuation
[2025-03-18T14:04:46.888+0100][1006.771s][info][gc,phases   ] GC(111)   Pre Evacuate Collection Set: 0.2ms
[2025-03-18T14:04:46.888+0100][1006.771s][info][gc,phases   ] GC(111)   Merge Heap Roots: 0.1ms
[2025-03-18T14:04:46.888+0100][1006.771s][info][gc,phases   ] GC(111)   Evacuate Collection Set: 4.2ms
[2025-03-18T14:04:46.888+0100][1006.771s][info][gc,phases   ] GC(111)   Post Evacuate Collection Set: 0.5ms
[2025-03-18T14:04:46.888+0100][1006.771s][info][gc,phases   ] GC(111)   Other: 0.1ms
[2025-03-18T14:04:46.888+0100][1006.771s][info][gc,heap     ] GC(111) Eden regions: 303->0(303)
[2025-03-18T14:04:46.888+0100][1006.771s][info][gc,heap     ] GC(111) Survivor regions: 4->4(39)
[2025-03-18T14:04:46.888+0100][1006.771s][info][gc,heap     ] GC(111) Old regions: 36->36
[2025-03-18T14:04:46.888+0100][1006.771s][info][gc,heap     ] GC(111) Humongous regions: 1->1
[2025-03-18T14:04:46.888+0100][1006.771s][info][gc,metaspace] GC(111) Metaspace: 28095K(28480K)->28095K(28480K) NonClass: 24462K(24640K)->24462K(24640K) Class: 3632K(3840K)->3632K(3840K)
[2025-03-18T14:04:46.888+0100][1006.771s][info][gc          ] GC(111) Pause Young (Normal) (G1 Evacuation Pause) 1374M->159M(2048M) 5.562ms
[2025-03-18T14:04:46.888+0100][1006.771s][info][gc,cpu      ] GC(111) User=0.03s Sys=0.00s Real=0.00s
[2025-03-18T14:04:59.351+0100][1019.234s][info][gc,start    ] GC(112) Pause Young (Normal) (G1 Evacuation Pause)
[2025-03-18T14:04:59.353+0100][1019.236s][info][gc,task     ] GC(112) Using 9 workers of 9 for evacuation
[2025-03-18T14:04:59.364+0100][1019.247s][info][gc,phases   ] GC(112)   Pre Evacuate Collection Set: 0.4ms
[2025-03-18T14:04:59.364+0100][1019.247s][info][gc,phases   ] GC(112)   Merge Heap Roots: 0.3ms
[2025-03-18T14:04:59.364+0100][1019.247s][info][gc,phases   ] GC(112)   Evacuate Collection Set: 9.3ms
[2025-03-18T14:04:59.364+0100][1019.247s][info][gc,phases   ] GC(112)   Post Evacuate Collection Set: 0.9ms
[2025-03-18T14:04:59.364+0100][1019.247s][info][gc,phases   ] GC(112)   Other: 0.2ms
[2025-03-18T14:04:59.364+0100][1019.247s][info][gc,heap     ] GC(112) Eden regions: 303->0(304)
[2025-03-18T14:04:59.364+0100][1019.247s][info][gc,heap     ] GC(112) Survivor regions: 4->3(39)
[2025-03-18T14:04:59.364+0100][1019.247s][info][gc,heap     ] GC(112) Old regions: 36->36
[2025-03-18T14:04:59.364+0100][1019.247s][info][gc,heap     ] GC(112) Humongous regions: 1->1
[2025-03-18T14:04:59.364+0100][1019.247s][info][gc,metaspace] GC(112) Metaspace: 28095K(28480K)->28095K(28480K) NonClass: 24462K(24640K)->24462K(24640K) Class: 3632K(3840K)->3632K(3840K)
[2025-03-18T14:04:59.364+0100][1019.247s][info][gc          ] GC(112) Pause Young (Normal) (G1 Evacuation Pause) 1371M->157M(2048M) 12.832ms
[2025-03-18T14:04:59.364+0100][1019.247s][info][gc,cpu      ] GC(112) User=0.06s Sys=0.01s Real=0.01s
[2025-03-18T14:05:16.427+0100][1036.311s][info][gc,start    ] GC(113) Pause Young (Normal) (G1 Evacuation Pause)
[2025-03-18T14:05:16.428+0100][1036.311s][info][gc,task     ] GC(113) Using 9 workers of 9 for evacuation
[2025-03-18T14:05:16.430+0100][1036.314s][info][gc,phases   ] GC(113)   Pre Evacuate Collection Set: 0.1ms
[2025-03-18T14:05:16.431+0100][1036.314s][info][gc,phases   ] GC(113)   Merge Heap Roots: 0.1ms
[2025-03-18T14:05:16.431+0100][1036.314s][info][gc,phases   ] GC(113)   Evacuate Collection Set: 2.1ms
[2025-03-18T14:05:16.431+0100][1036.314s][info][gc,phases   ] GC(113)   Post Evacuate Collection Set: 0.4ms
[2025-03-18T14:05:16.431+0100][1036.314s][info][gc,phases   ] GC(113)   Other: 0.0ms
[2025-03-18T14:05:16.431+0100][1036.314s][info][gc,heap     ] GC(113) Eden regions: 304->0(304)
[2025-03-18T14:05:16.431+0100][1036.314s][info][gc,heap     ] GC(113) Survivor regions: 3->3(39)
[2025-03-18T14:05:16.431+0100][1036.314s][info][gc,heap     ] GC(113) Old regions: 36->36
[2025-03-18T14:05:16.431+0100][1036.314s][info][gc,heap     ] GC(113) Humongous regions: 1->1
[2025-03-18T14:05:16.431+0100][1036.314s][info][gc,metaspace] GC(113) Metaspace: 28095K(28480K)->28095K(28480K) NonClass: 24462K(24640K)->24462K(24640K) Class: 3632K(3840K)->3632K(3840K)
[2025-03-18T14:05:16.431+0100][1036.314s][info][gc          ] GC(113) Pause Young (Normal) (G1 Evacuation Pause) 1373M->156M(2048M) 3.116ms
[2025-03-18T14:05:16.431+0100][1036.314s][info][gc,cpu      ] GC(113) User=0.02s Sys=0.00s Real=0.01s
[2025-03-18T14:05:34.341+0100][1054.224s][info][gc,start    ] GC(114) Pause Young (Normal) (G1 Evacuation Pause)
[2025-03-18T14:05:34.343+0100][1054.226s][info][gc,task     ] GC(114) Using 9 workers of 9 for evacuation
[2025-03-18T14:05:34.347+0100][1054.230s][info][gc,phases   ] GC(114)   Pre Evacuate Collection Set: 0.1ms
[2025-03-18T14:05:34.347+0100][1054.230s][info][gc,phases   ] GC(114)   Merge Heap Roots: 0.1ms
[2025-03-18T14:05:34.347+0100][1054.230s][info][gc,phases   ] GC(114)   Evacuate Collection Set: 3.4ms
[2025-03-18T14:05:34.347+0100][1054.230s][info][gc,phases   ] GC(114)   Post Evacuate Collection Set: 0.5ms
[2025-03-18T14:05:34.347+0100][1054.230s][info][gc,phases   ] GC(114)   Other: 0.1ms
[2025-03-18T14:05:34.347+0100][1054.230s][info][gc,heap     ] GC(114) Eden regions: 304->0(304)
[2025-03-18T14:05:34.347+0100][1054.230s][info][gc,heap     ] GC(114) Survivor regions: 3->3(39)
[2025-03-18T14:05:34.347+0100][1054.230s][info][gc,heap     ] GC(114) Old regions: 36->36
[2025-03-18T14:05:34.347+0100][1054.230s][info][gc,heap     ] GC(114) Humongous regions: 1->1
[2025-03-18T14:05:34.347+0100][1054.230s][info][gc,metaspace] GC(114) Metaspace: 28095K(28480K)->28095K(28480K) NonClass: 24462K(24640K)->24462K(24640K) Class: 3632K(3840K)->3632K(3840K)
[2025-03-18T14:05:34.347+0100][1054.231s][info][gc          ] GC(114) Pause Young (Normal) (G1 Evacuation Pause) 1372M->156M(2048M) 6.081ms
[2025-03-18T14:05:34.347+0100][1054.231s][info][gc,cpu      ] GC(114) User=0.03s Sys=0.01s Real=0.00s
[2025-03-18T14:05:51.425+0100][1071.308s][info][gc,start    ] GC(115) Pause Young (Normal) (G1 Evacuation Pause)
[2025-03-18T14:05:51.425+0100][1071.308s][info][gc,task     ] GC(115) Using 9 workers of 9 for evacuation
[2025-03-18T14:05:51.428+0100][1071.311s][info][gc,phases   ] GC(115)   Pre Evacuate Collection Set: 0.2ms
[2025-03-18T14:05:51.428+0100][1071.311s][info][gc,phases   ] GC(115)   Merge Heap Roots: 0.1ms
[2025-03-18T14:05:51.428+0100][1071.311s][info][gc,phases   ] GC(115)   Evacuate Collection Set: 2.1ms
[2025-03-18T14:05:51.428+0100][1071.311s][info][gc,phases   ] GC(115)   Post Evacuate Collection Set: 0.3ms
[2025-03-18T14:05:51.428+0100][1071.311s][info][gc,phases   ] GC(115)   Other: 0.0ms
[2025-03-18T14:05:51.428+0100][1071.311s][info][gc,heap     ] GC(115) Eden regions: 304->0(304)
[2025-03-18T14:05:51.428+0100][1071.311s][info][gc,heap     ] GC(115) Survivor regions: 3->3(39)
[2025-03-18T14:05:51.428+0100][1071.311s][info][gc,heap     ] GC(115) Old regions: 36->36
[2025-03-18T14:05:51.428+0100][1071.311s][info][gc,heap     ] GC(115) Humongous regions: 1->1
[2025-03-18T14:05:51.428+0100][1071.311s][info][gc,metaspace] GC(115) Metaspace: 28095K(28480K)->28095K(28480K) NonClass: 24462K(24640K)->24462K(24640K) Class: 3632K(3840K)->3632K(3840K)
[2025-03-18T14:05:51.428+0100][1071.311s][info][gc          ] GC(115) Pause Young (Normal) (G1 Evacuation Pause) 1372M->156M(2048M) 2.872ms
[2025-03-18T14:05:51.428+0100][1071.311s][info][gc,cpu      ] GC(115) User=0.02s Sys=0.00s Real=0.00s
[2025-03-18T14:06:05.367+0100][1085.250s][info][gc,start    ] GC(116) Pause Young (Normal) (G1 Evacuation Pause)
[2025-03-18T14:06:05.367+0100][1085.250s][info][gc,task     ] GC(116) Using 9 workers of 9 for evacuation
[2025-03-18T14:06:05.374+0100][1085.257s][info][gc,phases   ] GC(116)   Pre Evacuate Collection Set: 0.2ms
[2025-03-18T14:06:05.374+0100][1085.257s][info][gc,phases   ] GC(116)   Merge Heap Roots: 0.2ms
[2025-03-18T14:06:05.374+0100][1085.257s][info][gc,phases   ] GC(116)   Evacuate Collection Set: 5.6ms
[2025-03-18T14:06:05.374+0100][1085.257s][info][gc,phases   ] GC(116)   Post Evacuate Collection Set: 0.6ms
[2025-03-18T14:06:05.374+0100][1085.257s][info][gc,phases   ] GC(116)   Other: 0.1ms
[2025-03-18T14:06:05.374+0100][1085.257s][info][gc,heap     ] GC(116) Eden regions: 304->0(303)
[2025-03-18T14:06:05.374+0100][1085.257s][info][gc,heap     ] GC(116) Survivor regions: 3->4(39)
[2025-03-18T14:06:05.374+0100][1085.257s][info][gc,heap     ] GC(116) Old regions: 36->36
[2025-03-18T14:06:05.374+0100][1085.257s][info][gc,heap     ] GC(116) Humongous regions: 1->1
[2025-03-18T14:06:05.374+0100][1085.257s][info][gc,metaspace] GC(116) Metaspace: 28095K(28480K)->28095K(28480K) NonClass: 24462K(24640K)->24462K(24640K) Class: 3632K(3840K)->3632K(3840K)
[2025-03-18T14:06:05.374+0100][1085.257s][info][gc          ] GC(116) Pause Young (Normal) (G1 Evacuation Pause) 1372M->159M(2048M) 7.060ms
[2025-03-18T14:06:05.374+0100][1085.257s][info][gc,cpu      ] GC(116) User=0.05s Sys=0.01s Real=0.01s
[2025-03-18T14:06:21.355+0100][1101.238s][info][gc,start    ] GC(117) Pause Young (Normal) (G1 Evacuation Pause)
[2025-03-18T14:06:21.357+0100][1101.240s][info][gc,task     ] GC(117) Using 9 workers of 9 for evacuation
[2025-03-18T14:06:21.363+0100][1101.247s][info][gc,phases   ] GC(117)   Pre Evacuate Collection Set: 0.2ms
[2025-03-18T14:06:21.363+0100][1101.247s][info][gc,phases   ] GC(117)   Merge Heap Roots: 0.1ms
[2025-03-18T14:06:21.363+0100][1101.247s][info][gc,phases   ] GC(117)   Evacuate Collection Set: 5.5ms
[2025-03-18T14:06:21.363+0100][1101.247s][info][gc,phases   ] GC(117)   Post Evacuate Collection Set: 0.8ms
[2025-03-18T14:06:21.364+0100][1101.247s][info][gc,phases   ] GC(117)   Other: 0.1ms
[2025-03-18T14:06:21.364+0100][1101.247s][info][gc,heap     ] GC(117) Eden regions: 303->0(304)
[2025-03-18T14:06:21.364+0100][1101.247s][info][gc,heap     ] GC(117) Survivor regions: 4->3(39)
[2025-03-18T14:06:21.364+0100][1101.247s][info][gc,heap     ] GC(117) Old regions: 36->36
[2025-03-18T14:06:21.364+0100][1101.247s][info][gc,heap     ] GC(117) Humongous regions: 1->1
[2025-03-18T14:06:21.364+0100][1101.247s][info][gc,metaspace] GC(117) Metaspace: 28095K(28480K)->28095K(28480K) NonClass: 24462K(24640K)->24462K(24640K) Class: 3632K(3840K)->3632K(3840K)
[2025-03-18T14:06:21.364+0100][1101.247s][info][gc          ] GC(117) Pause Young (Normal) (G1 Evacuation Pause) 1371M->158M(2048M) 8.450ms
[2025-03-18T14:06:21.364+0100][1101.247s][info][gc,cpu      ] GC(117) User=0.05s Sys=0.01s Real=0.01s
[2025-03-18T14:06:36.341+0100][1116.225s][info][gc,start    ] GC(118) Pause Young (Normal) (G1 Evacuation Pause)
[2025-03-18T14:06:36.341+0100][1116.225s][info][gc,task     ] GC(118) Using 9 workers of 9 for evacuation
[2025-03-18T14:06:36.345+0100][1116.228s][info][gc,phases   ] GC(118)   Pre Evacuate Collection Set: 0.2ms
[2025-03-18T14:06:36.345+0100][1116.228s][info][gc,phases   ] GC(118)   Merge Heap Roots: 0.1ms
[2025-03-18T14:06:36.345+0100][1116.228s][info][gc,phases   ] GC(118)   Evacuate Collection Set: 2.6ms
[2025-03-18T14:06:36.345+0100][1116.228s][info][gc,phases   ] GC(118)   Post Evacuate Collection Set: 0.3ms
[2025-03-18T14:06:36.345+0100][1116.228s][info][gc,phases   ] GC(118)   Other: 0.0ms
[2025-03-18T14:06:36.345+0100][1116.228s][info][gc,heap     ] GC(118) Eden regions: 304->0(303)
[2025-03-18T14:06:36.345+0100][1116.228s][info][gc,heap     ] GC(118) Survivor regions: 3->4(39)
[2025-03-18T14:06:36.345+0100][1116.228s][info][gc,heap     ] GC(118) Old regions: 36->36
[2025-03-18T14:06:36.345+0100][1116.228s][info][gc,heap     ] GC(118) Humongous regions: 1->1
[2025-03-18T14:06:36.345+0100][1116.228s][info][gc,metaspace] GC(118) Metaspace: 28095K(28480K)->28095K(28480K) NonClass: 24462K(24640K)->24462K(24640K) Class: 3632K(3840K)->3632K(3840K)
[2025-03-18T14:06:36.345+0100][1116.228s][info][gc          ] GC(118) Pause Young (Normal) (G1 Evacuation Pause) 1374M->159M(2048M) 3.428ms
[2025-03-18T14:06:36.345+0100][1116.228s][info][gc,cpu      ] GC(118) User=0.02s Sys=0.00s Real=0.00s
[2025-03-18T14:06:50.882+0100][1130.765s][info][gc,start    ] GC(119) Pause Young (Normal) (G1 Evacuation Pause)
[2025-03-18T14:06:50.882+0100][1130.765s][info][gc,task     ] GC(119) Using 9 workers of 9 for evacuation
[2025-03-18T14:06:50.887+0100][1130.770s][info][gc,phases   ] GC(119)   Pre Evacuate Collection Set: 0.2ms
[2025-03-18T14:06:50.887+0100][1130.770s][info][gc,phases   ] GC(119)   Merge Heap Roots: 0.1ms
[2025-03-18T14:06:50.887+0100][1130.770s][info][gc,phases   ] GC(119)   Evacuate Collection Set: 4.3ms
[2025-03-18T14:06:50.887+0100][1130.770s][info][gc,phases   ] GC(119)   Post Evacuate Collection Set: 0.7ms
[2025-03-18T14:06:50.887+0100][1130.770s][info][gc,phases   ] GC(119)   Other: 0.1ms
[2025-03-18T14:06:50.887+0100][1130.770s][info][gc,heap     ] GC(119) Eden regions: 303->0(303)
[2025-03-18T14:06:50.887+0100][1130.770s][info][gc,heap     ] GC(119) Survivor regions: 4->4(39)
[2025-03-18T14:06:50.887+0100][1130.770s][info][gc,heap     ] GC(119) Old regions: 36->36
[2025-03-18T14:06:50.887+0100][1130.770s][info][gc,heap     ] GC(119) Humongous regions: 1->1
[2025-03-18T14:06:50.887+0100][1130.770s][info][gc,metaspace] GC(119) Metaspace: 28095K(28480K)->28095K(28480K) NonClass: 24462K(24640K)->24462K(24640K) Class: 3632K(3840K)->3632K(3840K)
[2025-03-18T14:06:50.887+0100][1130.770s][info][gc          ] GC(119) Pause Young (Normal) (G1 Evacuation Pause) 1371M->160M(2048M) 5.695ms
[2025-03-18T14:06:50.887+0100][1130.770s][info][gc,cpu      ] GC(119) User=0.03s Sys=0.00s Real=0.00s
[2025-03-18T14:07:08.363+0100][1148.246s][info][gc,start    ] GC(120) Pause Young (Normal) (G1 Evacuation Pause)
[2025-03-18T14:07:08.363+0100][1148.246s][info][gc,task     ] GC(120) Using 9 workers of 9 for evacuation
[2025-03-18T14:07:08.368+0100][1148.252s][info][gc,phases   ] GC(120)   Pre Evacuate Collection Set: 0.2ms
[2025-03-18T14:07:08.368+0100][1148.252s][info][gc,phases   ] GC(120)   Merge Heap Roots: 0.1ms
[2025-03-18T14:07:08.368+0100][1148.252s][info][gc,phases   ] GC(120)   Evacuate Collection Set: 4.5ms
[2025-03-18T14:07:08.368+0100][1148.252s][info][gc,phases   ] GC(120)   Post Evacuate Collection Set: 0.6ms
[2025-03-18T14:07:08.368+0100][1148.252s][info][gc,phases   ] GC(120)   Other: 0.1ms
[2025-03-18T14:07:08.369+0100][1148.252s][info][gc,heap     ] GC(120) Eden regions: 303->0(303)
[2025-03-18T14:07:08.369+0100][1148.252s][info][gc,heap     ] GC(120) Survivor regions: 4->4(39)
[2025-03-18T14:07:08.369+0100][1148.252s][info][gc,heap     ] GC(120) Old regions: 36->36
[2025-03-18T14:07:08.369+0100][1148.252s][info][gc,heap     ] GC(120) Humongous regions: 1->1
[2025-03-18T14:07:08.369+0100][1148.252s][info][gc,metaspace] GC(120) Metaspace: 28095K(28480K)->28095K(28480K) NonClass: 24462K(24640K)->24462K(24640K) Class: 3632K(3840K)->3632K(3840K)
[2025-03-18T14:07:08.369+0100][1148.252s][info][gc          ] GC(120) Pause Young (Normal) (G1 Evacuation Pause) 1372M->160M(2048M) 5.944ms
[2025-03-18T14:07:08.369+0100][1148.252s][info][gc,cpu      ] GC(120) User=0.04s Sys=0.00s Real=0.00s
[2025-03-18T14:07:20.364+0100][1160.247s][info][gc,start    ] GC(121) Pause Young (Normal) (G1 Evacuation Pause)
[2025-03-18T14:07:20.364+0100][1160.247s][info][gc,task     ] GC(121) Using 9 workers of 9 for evacuation
[2025-03-18T14:07:20.368+0100][1160.251s][info][gc,phases   ] GC(121)   Pre Evacuate Collection Set: 0.2ms
[2025-03-18T14:07:20.368+0100][1160.251s][info][gc,phases   ] GC(121)   Merge Heap Roots: 0.1ms
[2025-03-18T14:07:20.368+0100][1160.251s][info][gc,phases   ] GC(121)   Evacuate Collection Set: 2.8ms
[2025-03-18T14:07:20.368+0100][1160.251s][info][gc,phases   ] GC(121)   Post Evacuate Collection Set: 0.4ms
[2025-03-18T14:07:20.368+0100][1160.251s][info][gc,phases   ] GC(121)   Other: 0.1ms
[2025-03-18T14:07:20.368+0100][1160.251s][info][gc,heap     ] GC(121) Eden regions: 303->0(303)
[2025-03-18T14:07:20.368+0100][1160.251s][info][gc,heap     ] GC(121) Survivor regions: 4->4(39)
[2025-03-18T14:07:20.368+0100][1160.251s][info][gc,heap     ] GC(121) Old regions: 36->36
[2025-03-18T14:07:20.368+0100][1160.251s][info][gc,heap     ] GC(121) Humongous regions: 1->1
[2025-03-18T14:07:20.368+0100][1160.251s][info][gc,metaspace] GC(121) Metaspace: 28095K(28480K)->28095K(28480K) NonClass: 24462K(24640K)->24462K(24640K) Class: 3632K(3840K)->3632K(3840K)
[2025-03-18T14:07:20.368+0100][1160.251s][info][gc          ] GC(121) Pause Young (Normal) (G1 Evacuation Pause) 1372M->160M(2048M) 3.838ms
[2025-03-18T14:07:20.368+0100][1160.251s][info][gc,cpu      ] GC(121) User=0.02s Sys=0.00s Real=0.00s
[2025-03-18T14:07:37.874+0100][1177.758s][info][gc,start    ] GC(122) Pause Young (Normal) (G1 Evacuation Pause)
[2025-03-18T14:07:37.875+0100][1177.758s][info][gc,task     ] GC(122) Using 9 workers of 9 for evacuation
[2025-03-18T14:07:37.881+0100][1177.764s][info][gc,phases   ] GC(122)   Pre Evacuate Collection Set: 0.2ms
[2025-03-18T14:07:37.881+0100][1177.764s][info][gc,phases   ] GC(122)   Merge Heap Roots: 0.1ms
[2025-03-18T14:07:37.881+0100][1177.764s][info][gc,phases   ] GC(122)   Evacuate Collection Set: 4.6ms
[2025-03-18T14:07:37.881+0100][1177.764s][info][gc,phases   ] GC(122)   Post Evacuate Collection Set: 0.7ms
[2025-03-18T14:07:37.881+0100][1177.764s][info][gc,phases   ] GC(122)   Other: 0.1ms
[2025-03-18T14:07:37.881+0100][1177.764s][info][gc,heap     ] GC(122) Eden regions: 303->0(303)
[2025-03-18T14:07:37.881+0100][1177.764s][info][gc,heap     ] GC(122) Survivor regions: 4->4(39)
[2025-03-18T14:07:37.881+0100][1177.764s][info][gc,heap     ] GC(122) Old regions: 36->36
[2025-03-18T14:07:37.881+0100][1177.764s][info][gc,heap     ] GC(122) Humongous regions: 1->1
[2025-03-18T14:07:37.881+0100][1177.764s][info][gc,metaspace] GC(122) Metaspace: 28095K(28480K)->28095K(28480K) NonClass: 24462K(24640K)->24462K(24640K) Class: 3632K(3840K)->3632K(3840K)
[2025-03-18T14:07:37.881+0100][1177.764s][info][gc          ] GC(122) Pause Young (Normal) (G1 Evacuation Pause) 1372M->160M(2048M) 6.376ms
[2025-03-18T14:07:37.881+0100][1177.764s][info][gc,cpu      ] GC(122) User=0.04s Sys=0.00s Real=0.01s
[2025-03-18T14:07:55.359+0100][1195.242s][info][gc,start    ] GC(123) Pause Young (Normal) (G1 Evacuation Pause)
[2025-03-18T14:07:55.359+0100][1195.242s][info][gc,task     ] GC(123) Using 9 workers of 9 for evacuation
[2025-03-18T14:07:55.365+0100][1195.248s][info][gc,phases   ] GC(123)   Pre Evacuate Collection Set: 0.3ms
[2025-03-18T14:07:55.365+0100][1195.248s][info][gc,phases   ] GC(123)   Merge Heap Roots: 0.2ms
[2025-03-18T14:07:55.365+0100][1195.249s][info][gc,phases   ] GC(123)   Evacuate Collection Set: 4.9ms
[2025-03-18T14:07:55.365+0100][1195.249s][info][gc,phases   ] GC(123)   Post Evacuate Collection Set: 0.6ms
[2025-03-18T14:07:55.365+0100][1195.249s][info][gc,phases   ] GC(123)   Other: 0.1ms
[2025-03-18T14:07:55.365+0100][1195.249s][info][gc,heap     ] GC(123) Eden regions: 303->0(303)
[2025-03-18T14:07:55.365+0100][1195.249s][info][gc,heap     ] GC(123) Survivor regions: 4->4(39)
[2025-03-18T14:07:55.365+0100][1195.249s][info][gc,heap     ] GC(123) Old regions: 36->36
[2025-03-18T14:07:55.365+0100][1195.249s][info][gc,heap     ] GC(123) Humongous regions: 1->1
[2025-03-18T14:07:55.365+0100][1195.249s][info][gc,metaspace] GC(123) Metaspace: 28095K(28480K)->28095K(28480K) NonClass: 24463K(24640K)->24463K(24640K) Class: 3632K(3840K)->3632K(3840K)
[2025-03-18T14:07:55.365+0100][1195.249s][info][gc          ] GC(123) Pause Young (Normal) (G1 Evacuation Pause) 1372M->159M(2048M) 6.414ms
[2025-03-18T14:07:55.365+0100][1195.249s][info][gc,cpu      ] GC(123) User=0.04s Sys=0.00s Real=0.01s
[2025-03-18T14:08:12.865+0100][1212.740s][info][gc,start    ] GC(124) Pause Young (Normal) (G1 Evacuation Pause)
[2025-03-18T14:08:12.865+0100][1212.740s][info][gc,task     ] GC(124) Using 9 workers of 9 for evacuation
[2025-03-18T14:08:12.871+0100][1212.746s][info][gc,phases   ] GC(124)   Pre Evacuate Collection Set: 0.2ms
[2025-03-18T14:08:12.871+0100][1212.746s][info][gc,phases   ] GC(124)   Merge Heap Roots: 0.1ms
[2025-03-18T14:08:12.871+0100][1212.746s][info][gc,phases   ] GC(124)   Evacuate Collection Set: 4.8ms
[2025-03-18T14:08:12.871+0100][1212.746s][info][gc,phases   ] GC(124)   Post Evacuate Collection Set: 0.6ms
[2025-03-18T14:08:12.871+0100][1212.746s][info][gc,phases   ] GC(124)   Other: 0.1ms
[2025-03-18T14:08:12.871+0100][1212.746s][info][gc,heap     ] GC(124) Eden regions: 303->0(303)
[2025-03-18T14:08:12.871+0100][1212.746s][info][gc,heap     ] GC(124) Survivor regions: 4->4(39)
[2025-03-18T14:08:12.871+0100][1212.746s][info][gc,heap     ] GC(124) Old regions: 36->36
[2025-03-18T14:08:12.871+0100][1212.747s][info][gc,heap     ] GC(124) Humongous regions: 1->1
[2025-03-18T14:08:12.871+0100][1212.747s][info][gc,metaspace] GC(124) Metaspace: 28095K(28480K)->28095K(28480K) NonClass: 24463K(24640K)->24463K(24640K) Class: 3632K(3840K)->3632K(3840K)
[2025-03-18T14:08:12.871+0100][1212.747s][info][gc          ] GC(124) Pause Young (Normal) (G1 Evacuation Pause) 1371M->159M(2048M) 6.247ms
[2025-03-18T14:08:12.871+0100][1212.747s][info][gc,cpu      ] GC(124) User=0.04s Sys=0.00s Real=0.01s
[2025-03-18T14:08:30.361+0100][1230.233s][info][gc,start    ] GC(125) Pause Young (Normal) (G1 Evacuation Pause)
[2025-03-18T14:08:30.361+0100][1230.233s][info][gc,task     ] GC(125) Using 9 workers of 9 for evacuation
[2025-03-18T14:08:30.365+0100][1230.237s][info][gc,phases   ] GC(125)   Pre Evacuate Collection Set: 0.1ms
[2025-03-18T14:08:30.365+0100][1230.238s][info][gc,phases   ] GC(125)   Merge Heap Roots: 0.1ms
[2025-03-18T14:08:30.365+0100][1230.238s][info][gc,phases   ] GC(125)   Evacuate Collection Set: 3.8ms
[2025-03-18T14:08:30.365+0100][1230.238s][info][gc,phases   ] GC(125)   Post Evacuate Collection Set: 0.4ms
[2025-03-18T14:08:30.365+0100][1230.238s][info][gc,phases   ] GC(125)   Other: 0.1ms
[2025-03-18T14:08:30.365+0100][1230.238s][info][gc,heap     ] GC(125) Eden regions: 303->0(303)
[2025-03-18T14:08:30.365+0100][1230.238s][info][gc,heap     ] GC(125) Survivor regions: 4->4(39)
[2025-03-18T14:08:30.365+0100][1230.238s][info][gc,heap     ] GC(125) Old regions: 36->36
[2025-03-18T14:08:30.365+0100][1230.238s][info][gc,heap     ] GC(125) Humongous regions: 1->1
[2025-03-18T14:08:30.365+0100][1230.238s][info][gc,metaspace] GC(125) Metaspace: 28095K(28480K)->28095K(28480K) NonClass: 24463K(24640K)->24463K(24640K) Class: 3632K(3840K)->3632K(3840K)
[2025-03-18T14:08:30.365+0100][1230.238s][info][gc          ] GC(125) Pause Young (Normal) (G1 Evacuation Pause) 1371M->161M(2048M) 4.815ms
[2025-03-18T14:08:30.365+0100][1230.238s][info][gc,cpu      ] GC(125) User=0.03s Sys=0.01s Real=0.00s
[2025-03-18T14:08:45.101+0100][1244.973s][info][gc,start    ] GC(126) Pause Young (Normal) (G1 Evacuation Pause)
[2025-03-18T14:08:45.102+0100][1244.973s][info][gc,task     ] GC(126) Using 9 workers of 9 for evacuation
[2025-03-18T14:08:45.107+0100][1244.978s][info][gc,phases   ] GC(126)   Pre Evacuate Collection Set: 0.2ms
[2025-03-18T14:08:45.107+0100][1244.978s][info][gc,phases   ] GC(126)   Merge Heap Roots: 0.1ms
[2025-03-18T14:08:45.107+0100][1244.978s][info][gc,phases   ] GC(126)   Evacuate Collection Set: 3.9ms
[2025-03-18T14:08:45.107+0100][1244.978s][info][gc,phases   ] GC(126)   Post Evacuate Collection Set: 0.5ms
[2025-03-18T14:08:45.107+0100][1244.978s][info][gc,phases   ] GC(126)   Other: 0.1ms
[2025-03-18T14:08:45.107+0100][1244.978s][info][gc,heap     ] GC(126) Eden regions: 303->0(303)
[2025-03-18T14:08:45.107+0100][1244.978s][info][gc,heap     ] GC(126) Survivor regions: 4->4(39)
[2025-03-18T14:08:45.107+0100][1244.978s][info][gc,heap     ] GC(126) Old regions: 36->36
[2025-03-18T14:08:45.107+0100][1244.978s][info][gc,heap     ] GC(126) Humongous regions: 1->1
[2025-03-18T14:08:45.107+0100][1244.978s][info][gc,metaspace] GC(126) Metaspace: 28095K(28480K)->28095K(28480K) NonClass: 24463K(24640K)->24463K(24640K) Class: 3632K(3840K)->3632K(3840K)
[2025-03-18T14:08:45.107+0100][1244.978s][info][gc          ] GC(126) Pause Young (Normal) (G1 Evacuation Pause) 1373M->159M(2048M) 5.469ms
[2025-03-18T14:08:45.107+0100][1244.978s][info][gc,cpu      ] GC(126) User=0.03s Sys=0.00s Real=0.00s
[2025-03-18T14:08:56.366+0100][1256.237s][info][gc,start    ] GC(127) Pause Young (Normal) (G1 Evacuation Pause)
[2025-03-18T14:08:56.366+0100][1256.237s][info][gc,task     ] GC(127) Using 9 workers of 9 for evacuation
[2025-03-18T14:08:56.373+0100][1256.244s][info][gc,phases   ] GC(127)   Pre Evacuate Collection Set: 0.2ms
[2025-03-18T14:08:56.373+0100][1256.244s][info][gc,phases   ] GC(127)   Merge Heap Roots: 0.2ms
[2025-03-18T14:08:56.373+0100][1256.244s][info][gc,phases   ] GC(127)   Evacuate Collection Set: 5.6ms
[2025-03-18T14:08:56.373+0100][1256.244s][info][gc,phases   ] GC(127)   Post Evacuate Collection Set: 0.7ms
[2025-03-18T14:08:56.373+0100][1256.244s][info][gc,phases   ] GC(127)   Other: 0.1ms
[2025-03-18T14:08:56.373+0100][1256.244s][info][gc,heap     ] GC(127) Eden regions: 303->0(303)
[2025-03-18T14:08:56.373+0100][1256.244s][info][gc,heap     ] GC(127) Survivor regions: 4->4(39)
[2025-03-18T14:08:56.373+0100][1256.244s][info][gc,heap     ] GC(127) Old regions: 36->36
[2025-03-18T14:08:56.373+0100][1256.244s][info][gc,heap     ] GC(127) Humongous regions: 1->1
[2025-03-18T14:08:56.373+0100][1256.244s][info][gc,metaspace] GC(127) Metaspace: 28095K(28480K)->28095K(28480K) NonClass: 24463K(24640K)->24463K(24640K) Class: 3632K(3840K)->3632K(3840K)
[2025-03-18T14:08:56.373+0100][1256.244s][info][gc          ] GC(127) Pause Young (Normal) (G1 Evacuation Pause) 1371M->160M(2048M) 7.135ms
[2025-03-18T14:08:56.373+0100][1256.244s][info][gc,cpu      ] GC(127) User=0.05s Sys=0.00s Real=0.01s
[2025-03-18T14:09:12.843+0100][1272.714s][info][gc,start    ] GC(128) Pause Young (Normal) (G1 Evacuation Pause)
[2025-03-18T14:09:12.844+0100][1272.714s][info][gc,task     ] GC(128) Using 9 workers of 9 for evacuation
[2025-03-18T14:09:12.855+0100][1272.726s][info][gc,phases   ] GC(128)   Pre Evacuate Collection Set: 0.6ms
[2025-03-18T14:09:12.855+0100][1272.726s][info][gc,phases   ] GC(128)   Merge Heap Roots: 0.1ms
[2025-03-18T14:09:12.855+0100][1272.726s][info][gc,phases   ] GC(128)   Evacuate Collection Set: 10.1ms
[2025-03-18T14:09:12.855+0100][1272.726s][info][gc,phases   ] GC(128)   Post Evacuate Collection Set: 0.7ms
[2025-03-18T14:09:12.856+0100][1272.726s][info][gc,phases   ] GC(128)   Other: 0.2ms
[2025-03-18T14:09:12.856+0100][1272.726s][info][gc,heap     ] GC(128) Eden regions: 303->0(304)
[2025-03-18T14:09:12.856+0100][1272.726s][info][gc,heap     ] GC(128) Survivor regions: 4->3(39)
[2025-03-18T14:09:12.856+0100][1272.726s][info][gc,heap     ] GC(128) Old regions: 36->36
[2025-03-18T14:09:12.856+0100][1272.726s][info][gc,heap     ] GC(128) Humongous regions: 1->1
[2025-03-18T14:09:12.856+0100][1272.726s][info][gc,metaspace] GC(128) Metaspace: 28095K(28480K)->28095K(28480K) NonClass: 24463K(24640K)->24463K(24640K) Class: 3632K(3840K)->3632K(3840K)
[2025-03-18T14:09:12.856+0100][1272.726s][info][gc          ] GC(128) Pause Young (Normal) (G1 Evacuation Pause) 1372M->158M(2048M) 12.887ms
[2025-03-18T14:09:12.856+0100][1272.726s][info][gc,cpu      ] GC(128) User=0.04s Sys=0.00s Real=0.01s
[2025-03-18T14:09:25.357+0100][1285.228s][info][gc,start    ] GC(129) Pause Young (Normal) (G1 Evacuation Pause)
[2025-03-18T14:09:25.357+0100][1285.228s][info][gc,task     ] GC(129) Using 9 workers of 9 for evacuation
[2025-03-18T14:09:25.361+0100][1285.231s][info][gc,phases   ] GC(129)   Pre Evacuate Collection Set: 0.1ms
[2025-03-18T14:09:25.361+0100][1285.232s][info][gc,phases   ] GC(129)   Merge Heap Roots: 0.1ms
[2025-03-18T14:09:25.361+0100][1285.232s][info][gc,phases   ] GC(129)   Evacuate Collection Set: 3.0ms
[2025-03-18T14:09:25.361+0100][1285.232s][info][gc,phases   ] GC(129)   Post Evacuate Collection Set: 0.4ms
[2025-03-18T14:09:25.361+0100][1285.232s][info][gc,phases   ] GC(129)   Other: 0.1ms
[2025-03-18T14:09:25.361+0100][1285.232s][info][gc,heap     ] GC(129) Eden regions: 304->0(303)
[2025-03-18T14:09:25.361+0100][1285.232s][info][gc,heap     ] GC(129) Survivor regions: 3->4(39)
[2025-03-18T14:09:25.361+0100][1285.232s][info][gc,heap     ] GC(129) Old regions: 36->36
[2025-03-18T14:09:25.361+0100][1285.232s][info][gc,heap     ] GC(129) Humongous regions: 1->1
[2025-03-18T14:09:25.361+0100][1285.232s][info][gc,metaspace] GC(129) Metaspace: 28095K(28480K)->28095K(28480K) NonClass: 24463K(24640K)->24463K(24640K) Class: 3632K(3840K)->3632K(3840K)
[2025-03-18T14:09:25.361+0100][1285.232s][info][gc          ] GC(129) Pause Young (Normal) (G1 Evacuation Pause) 1374M->160M(2048M) 4.080ms
[2025-03-18T14:09:25.361+0100][1285.232s][info][gc,cpu      ] GC(129) User=0.02s Sys=0.00s Real=0.01s
[2025-03-18T14:09:42.861+0100][1302.732s][info][gc,start    ] GC(130) Pause Young (Normal) (G1 Evacuation Pause)
[2025-03-18T14:09:42.863+0100][1302.733s][info][gc,task     ] GC(130) Using 9 workers of 9 for evacuation
[2025-03-18T14:09:42.869+0100][1302.740s][info][gc,phases   ] GC(130)   Pre Evacuate Collection Set: 0.2ms
[2025-03-18T14:09:42.869+0100][1302.740s][info][gc,phases   ] GC(130)   Merge Heap Roots: 0.1ms
[2025-03-18T14:09:42.870+0100][1302.740s][info][gc,phases   ] GC(130)   Evacuate Collection Set: 5.6ms
[2025-03-18T14:09:42.870+0100][1302.740s][info][gc,phases   ] GC(130)   Post Evacuate Collection Set: 0.8ms
[2025-03-18T14:09:42.870+0100][1302.740s][info][gc,phases   ] GC(130)   Other: 0.1ms
[2025-03-18T14:09:42.870+0100][1302.740s][info][gc,heap     ] GC(130) Eden regions: 303->0(303)
[2025-03-18T14:09:42.870+0100][1302.740s][info][gc,heap     ] GC(130) Survivor regions: 4->4(39)
[2025-03-18T14:09:42.870+0100][1302.740s][info][gc,heap     ] GC(130) Old regions: 36->36
[2025-03-18T14:09:42.870+0100][1302.740s][info][gc,heap     ] GC(130) Humongous regions: 1->1
[2025-03-18T14:09:42.870+0100][1302.740s][info][gc,metaspace] GC(130) Metaspace: 28095K(28480K)->28095K(28480K) NonClass: 24463K(24640K)->24463K(24640K) Class: 3632K(3840K)->3632K(3840K)
[2025-03-18T14:09:42.870+0100][1302.740s][info][gc          ] GC(130) Pause Young (Normal) (G1 Evacuation Pause) 1372M->160M(2048M) 8.337ms
[2025-03-18T14:09:42.870+0100][1302.740s][info][gc,cpu      ] GC(130) User=0.04s Sys=0.01s Real=0.01s
[2025-03-18T14:10:00.341+0100][1320.212s][info][gc,start    ] GC(131) Pause Young (Normal) (G1 Evacuation Pause)
[2025-03-18T14:10:00.344+0100][1320.215s][info][gc,task     ] GC(131) Using 9 workers of 9 for evacuation
[2025-03-18T14:10:00.361+0100][1320.232s][info][gc,phases   ] GC(131)   Pre Evacuate Collection Set: 0.3ms
[2025-03-18T14:10:00.361+0100][1320.232s][info][gc,phases   ] GC(131)   Merge Heap Roots: 0.2ms
[2025-03-18T14:10:00.361+0100][1320.232s][info][gc,phases   ] GC(131)   Evacuate Collection Set: 16.0ms
[2025-03-18T14:10:00.361+0100][1320.232s][info][gc,phases   ] GC(131)   Post Evacuate Collection Set: 0.4ms
[2025-03-18T14:10:00.361+0100][1320.232s][info][gc,phases   ] GC(131)   Other: 0.2ms
[2025-03-18T14:10:00.361+0100][1320.232s][info][gc,heap     ] GC(131) Eden regions: 303->0(304)
[2025-03-18T14:10:00.361+0100][1320.232s][info][gc,heap     ] GC(131) Survivor regions: 4->3(39)
[2025-03-18T14:10:00.361+0100][1320.232s][info][gc,heap     ] GC(131) Old regions: 36->36
[2025-03-18T14:10:00.361+0100][1320.232s][info][gc,heap     ] GC(131) Humongous regions: 1->1
[2025-03-18T14:10:00.362+0100][1320.232s][info][gc,metaspace] GC(131) Metaspace: 28095K(28480K)->28095K(28480K) NonClass: 24463K(24640K)->24463K(24640K) Class: 3632K(3840K)->3632K(3840K)
[2025-03-18T14:10:00.362+0100][1320.232s][info][gc          ] GC(131) Pause Young (Normal) (G1 Evacuation Pause) 1372M->158M(2048M) 20.081ms
[2025-03-18T14:10:00.362+0100][1320.232s][info][gc,cpu      ] GC(131) User=0.04s Sys=0.00s Real=0.02s
[2025-03-18T14:10:17.841+0100][1337.712s][info][gc,start    ] GC(132) Pause Young (Normal) (G1 Evacuation Pause)
[2025-03-18T14:10:17.842+0100][1337.713s][info][gc,task     ] GC(132) Using 9 workers of 9 for evacuation
[2025-03-18T14:10:17.856+0100][1337.726s][info][gc,phases   ] GC(132)   Pre Evacuate Collection Set: 0.6ms
[2025-03-18T14:10:17.856+0100][1337.727s][info][gc,phases   ] GC(132)   Merge Heap Roots: 0.2ms
[2025-03-18T14:10:17.856+0100][1337.727s][info][gc,phases   ] GC(132)   Evacuate Collection Set: 12.1ms
[2025-03-18T14:10:17.856+0100][1337.727s][info][gc,phases   ] GC(132)   Post Evacuate Collection Set: 0.8ms
[2025-03-18T14:10:17.856+0100][1337.727s][info][gc,phases   ] GC(132)   Other: 0.2ms
[2025-03-18T14:10:17.856+0100][1337.727s][info][gc,heap     ] GC(132) Eden regions: 304->0(304)
[2025-03-18T14:10:17.856+0100][1337.727s][info][gc,heap     ] GC(132) Survivor regions: 3->3(39)
[2025-03-18T14:10:17.856+0100][1337.727s][info][gc,heap     ] GC(132) Old regions: 36->36
[2025-03-18T14:10:17.856+0100][1337.727s][info][gc,heap     ] GC(132) Humongous regions: 1->1
[2025-03-18T14:10:17.856+0100][1337.727s][info][gc,metaspace] GC(132) Metaspace: 28095K(28480K)->28095K(28480K) NonClass: 24463K(24640K)->24463K(24640K) Class: 3632K(3840K)->3632K(3840K)
[2025-03-18T14:10:17.856+0100][1337.727s][info][gc          ] GC(132) Pause Young (Normal) (G1 Evacuation Pause) 1374M->158M(2048M) 14.936ms
[2025-03-18T14:10:17.856+0100][1337.727s][info][gc,cpu      ] GC(132) User=0.05s Sys=0.00s Real=0.01s
[2025-03-18T14:10:34.882+0100][1354.752s][info][gc,start    ] GC(133) Pause Young (Normal) (G1 Evacuation Pause)
[2025-03-18T14:10:34.883+0100][1354.754s][info][gc,task     ] GC(133) Using 9 workers of 9 for evacuation
[2025-03-18T14:10:34.890+0100][1354.760s][info][gc,phases   ] GC(133)   Pre Evacuate Collection Set: 0.2ms
[2025-03-18T14:10:34.890+0100][1354.760s][info][gc,phases   ] GC(133)   Merge Heap Roots: 0.1ms
[2025-03-18T14:10:34.890+0100][1354.760s][info][gc,phases   ] GC(133)   Evacuate Collection Set: 5.3ms
[2025-03-18T14:10:34.890+0100][1354.760s][info][gc,phases   ] GC(133)   Post Evacuate Collection Set: 0.5ms
[2025-03-18T14:10:34.890+0100][1354.760s][info][gc,phases   ] GC(133)   Other: 0.1ms
[2025-03-18T14:10:34.890+0100][1354.760s][info][gc,heap     ] GC(133) Eden regions: 304->0(303)
[2025-03-18T14:10:34.890+0100][1354.760s][info][gc,heap     ] GC(133) Survivor regions: 3->4(39)
[2025-03-18T14:10:34.890+0100][1354.760s][info][gc,heap     ] GC(133) Old regions: 36->37
[2025-03-18T14:10:34.890+0100][1354.760s][info][gc,heap     ] GC(133) Humongous regions: 1->1
[2025-03-18T14:10:34.890+0100][1354.760s][info][gc,metaspace] GC(133) Metaspace: 28095K(28480K)->28095K(28480K) NonClass: 24463K(24640K)->24463K(24640K) Class: 3632K(3840K)->3632K(3840K)
[2025-03-18T14:10:34.890+0100][1354.760s][info][gc          ] GC(133) Pause Young (Normal) (G1 Evacuation Pause) 1374M->164M(2048M) 8.010ms
[2025-03-18T14:10:34.890+0100][1354.760s][info][gc,cpu      ] GC(133) User=0.04s Sys=0.00s Real=0.01s
[2025-03-18T14:10:43.377+0100][1363.248s][info][gc,start    ] GC(134) Pause Young (Normal) (G1 Evacuation Pause)
[2025-03-18T14:10:43.378+0100][1363.248s][info][gc,task     ] GC(134) Using 9 workers of 9 for evacuation
[2025-03-18T14:10:43.383+0100][1363.254s][info][gc,phases   ] GC(134)   Pre Evacuate Collection Set: 0.2ms
[2025-03-18T14:10:43.384+0100][1363.254s][info][gc,phases   ] GC(134)   Merge Heap Roots: 0.2ms
[2025-03-18T14:10:43.384+0100][1363.254s][info][gc,phases   ] GC(134)   Evacuate Collection Set: 4.8ms
[2025-03-18T14:10:43.384+0100][1363.254s][info][gc,phases   ] GC(134)   Post Evacuate Collection Set: 0.6ms
[2025-03-18T14:10:43.384+0100][1363.254s][info][gc,phases   ] GC(134)   Other: 0.1ms
[2025-03-18T14:10:43.384+0100][1363.254s][info][gc,heap     ] GC(134) Eden regions: 303->0(303)
[2025-03-18T14:10:43.384+0100][1363.254s][info][gc,heap     ] GC(134) Survivor regions: 4->4(39)
[2025-03-18T14:10:43.384+0100][1363.254s][info][gc,heap     ] GC(134) Old regions: 37->37
[2025-03-18T14:10:43.384+0100][1363.254s][info][gc,heap     ] GC(134) Humongous regions: 1->1
[2025-03-18T14:10:43.384+0100][1363.254s][info][gc,metaspace] GC(134) Metaspace: 28095K(28480K)->28095K(28480K) NonClass: 24463K(24640K)->24463K(24640K) Class: 3632K(3840K)->3632K(3840K)
[2025-03-18T14:10:43.384+0100][1363.254s][info][gc          ] GC(134) Pause Young (Normal) (G1 Evacuation Pause) 1376M->162M(2048M) 6.248ms
[2025-03-18T14:10:43.384+0100][1363.254s][info][gc,cpu      ] GC(134) User=0.04s Sys=0.01s Real=0.01s
[2025-03-18T14:11:00.364+0100][1380.235s][info][gc,start    ] GC(135) Pause Young (Normal) (G1 Evacuation Pause)
[2025-03-18T14:11:00.364+0100][1380.235s][info][gc,task     ] GC(135) Using 9 workers of 9 for evacuation
[2025-03-18T14:11:00.369+0100][1380.239s][info][gc,phases   ] GC(135)   Pre Evacuate Collection Set: 0.2ms
[2025-03-18T14:11:00.369+0100][1380.239s][info][gc,phases   ] GC(135)   Merge Heap Roots: 0.1ms
[2025-03-18T14:11:00.369+0100][1380.239s][info][gc,phases   ] GC(135)   Evacuate Collection Set: 3.6ms
[2025-03-18T14:11:00.369+0100][1380.239s][info][gc,phases   ] GC(135)   Post Evacuate Collection Set: 0.4ms
[2025-03-18T14:11:00.369+0100][1380.239s][info][gc,phases   ] GC(135)   Other: 0.1ms
[2025-03-18T14:11:00.369+0100][1380.239s][info][gc,heap     ] GC(135) Eden regions: 303->0(303)
[2025-03-18T14:11:00.369+0100][1380.239s][info][gc,heap     ] GC(135) Survivor regions: 4->4(39)
[2025-03-18T14:11:00.369+0100][1380.239s][info][gc,heap     ] GC(135) Old regions: 37->37
[2025-03-18T14:11:00.369+0100][1380.239s][info][gc,heap     ] GC(135) Humongous regions: 1->1
[2025-03-18T14:11:00.369+0100][1380.239s][info][gc,metaspace] GC(135) Metaspace: 28095K(28480K)->28095K(28480K) NonClass: 24463K(24640K)->24463K(24640K) Class: 3632K(3840K)->3632K(3840K)
[2025-03-18T14:11:00.369+0100][1380.239s][info][gc          ] GC(135) Pause Young (Normal) (G1 Evacuation Pause) 1374M->161M(2048M) 4.666ms
[2025-03-18T14:11:00.369+0100][1380.239s][info][gc,cpu      ] GC(135) User=0.02s Sys=0.00s Real=0.00s
[2025-03-18T14:11:17.879+0100][1397.749s][info][gc,start    ] GC(136) Pause Young (Normal) (G1 Evacuation Pause)
[2025-03-18T14:11:17.879+0100][1397.749s][info][gc,task     ] GC(136) Using 9 workers of 9 for evacuation
[2025-03-18T14:11:17.885+0100][1397.755s][info][gc,phases   ] GC(136)   Pre Evacuate Collection Set: 0.2ms
[2025-03-18T14:11:17.885+0100][1397.755s][info][gc,phases   ] GC(136)   Merge Heap Roots: 0.1ms
[2025-03-18T14:11:17.885+0100][1397.755s][info][gc,phases   ] GC(136)   Evacuate Collection Set: 5.0ms
[2025-03-18T14:11:17.885+0100][1397.755s][info][gc,phases   ] GC(136)   Post Evacuate Collection Set: 0.6ms
[2025-03-18T14:11:17.885+0100][1397.755s][info][gc,phases   ] GC(136)   Other: 0.1ms
[2025-03-18T14:11:17.885+0100][1397.755s][info][gc,heap     ] GC(136) Eden regions: 303->0(303)
[2025-03-18T14:11:17.885+0100][1397.755s][info][gc,heap     ] GC(136) Survivor regions: 4->4(39)
[2025-03-18T14:11:17.885+0100][1397.755s][info][gc,heap     ] GC(136) Old regions: 37->37
[2025-03-18T14:11:17.885+0100][1397.755s][info][gc,heap     ] GC(136) Humongous regions: 1->1
[2025-03-18T14:11:17.885+0100][1397.755s][info][gc,metaspace] GC(136) Metaspace: 28095K(28480K)->28095K(28480K) NonClass: 24463K(24640K)->24463K(24640K) Class: 3632K(3840K)->3632K(3840K)
[2025-03-18T14:11:17.885+0100][1397.755s][info][gc          ] GC(136) Pause Young (Normal) (G1 Evacuation Pause) 1373M->162M(2048M) 6.368ms
[2025-03-18T14:11:17.885+0100][1397.755s][info][gc,cpu      ] GC(136) User=0.04s Sys=0.00s Real=0.01s
[2025-03-18T14:11:35.365+0100][1415.236s][info][gc,start    ] GC(137) Pause Young (Normal) (G1 Evacuation Pause)
[2025-03-18T14:11:35.366+0100][1415.236s][info][gc,task     ] GC(137) Using 9 workers of 9 for evacuation
[2025-03-18T14:11:35.371+0100][1415.242s][info][gc,phases   ] GC(137)   Pre Evacuate Collection Set: 0.3ms
[2025-03-18T14:11:35.371+0100][1415.242s][info][gc,phases   ] GC(137)   Merge Heap Roots: 0.1ms
[2025-03-18T14:11:35.371+0100][1415.242s][info][gc,phases   ] GC(137)   Evacuate Collection Set: 4.8ms
[2025-03-18T14:11:35.371+0100][1415.242s][info][gc,phases   ] GC(137)   Post Evacuate Collection Set: 0.5ms
[2025-03-18T14:11:35.371+0100][1415.242s][info][gc,phases   ] GC(137)   Other: 0.1ms
[2025-03-18T14:11:35.371+0100][1415.242s][info][gc,heap     ] GC(137) Eden regions: 303->0(303)
[2025-03-18T14:11:35.372+0100][1415.242s][info][gc,heap     ] GC(137) Survivor regions: 4->4(39)
[2025-03-18T14:11:35.372+0100][1415.242s][info][gc,heap     ] GC(137) Old regions: 37->37
[2025-03-18T14:11:35.372+0100][1415.242s][info][gc,heap     ] GC(137) Humongous regions: 1->1
[2025-03-18T14:11:35.372+0100][1415.242s][info][gc,metaspace] GC(137) Metaspace: 28095K(28480K)->28095K(28480K) NonClass: 24463K(24640K)->24463K(24640K) Class: 3632K(3840K)->3632K(3840K)
[2025-03-18T14:11:35.372+0100][1415.242s][info][gc          ] GC(137) Pause Young (Normal) (G1 Evacuation Pause) 1374M->161M(2048M) 6.262ms
[2025-03-18T14:11:35.372+0100][1415.242s][info][gc,cpu      ] GC(137) User=0.04s Sys=0.00s Real=0.01s
[2025-03-18T14:11:50.938+0100][1430.808s][info][gc,start    ] GC(138) Pause Young (Normal) (G1 Evacuation Pause)
[2025-03-18T14:11:50.939+0100][1430.809s][info][gc,task     ] GC(138) Using 9 workers of 9 for evacuation
[2025-03-18T14:11:50.942+0100][1430.812s][info][gc,phases   ] GC(138)   Pre Evacuate Collection Set: 0.1ms
[2025-03-18T14:11:50.942+0100][1430.812s][info][gc,phases   ] GC(138)   Merge Heap Roots: 0.1ms
[2025-03-18T14:11:50.942+0100][1430.812s][info][gc,phases   ] GC(138)   Evacuate Collection Set: 2.3ms
[2025-03-18T14:11:50.942+0100][1430.812s][info][gc,phases   ] GC(138)   Post Evacuate Collection Set: 0.4ms
[2025-03-18T14:11:50.942+0100][1430.812s][info][gc,phases   ] GC(138)   Other: 0.0ms
[2025-03-18T14:11:50.942+0100][1430.812s][info][gc,heap     ] GC(138) Eden regions: 303->0(303)
[2025-03-18T14:11:50.942+0100][1430.812s][info][gc,heap     ] GC(138) Survivor regions: 4->4(39)
[2025-03-18T14:11:50.942+0100][1430.812s][info][gc,heap     ] GC(138) Old regions: 37->37
[2025-03-18T14:11:50.942+0100][1430.812s][info][gc,heap     ] GC(138) Humongous regions: 1->1
[2025-03-18T14:11:50.942+0100][1430.813s][info][gc,metaspace] GC(138) Metaspace: 28095K(28480K)->28095K(28480K) NonClass: 24463K(24640K)->24463K(24640K) Class: 3632K(3840K)->3632K(3840K)
[2025-03-18T14:11:50.942+0100][1430.813s][info][gc          ] GC(138) Pause Young (Normal) (G1 Evacuation Pause) 1373M->162M(2048M) 4.027ms
[2025-03-18T14:11:50.942+0100][1430.813s][info][gc,cpu      ] GC(138) User=0.02s Sys=0.00s Real=0.01s
[2025-03-18T14:12:06.362+0100][1446.232s][info][gc,start    ] GC(139) Pause Young (Normal) (G1 Evacuation Pause)
[2025-03-18T14:12:06.362+0100][1446.233s][info][gc,task     ] GC(139) Using 9 workers of 9 for evacuation
[2025-03-18T14:12:06.369+0100][1446.239s][info][gc,phases   ] GC(139)   Pre Evacuate Collection Set: 0.2ms
[2025-03-18T14:12:06.369+0100][1446.239s][info][gc,phases   ] GC(139)   Merge Heap Roots: 0.1ms
[2025-03-18T14:12:06.369+0100][1446.239s][info][gc,phases   ] GC(139)   Evacuate Collection Set: 5.4ms
[2025-03-18T14:12:06.369+0100][1446.239s][info][gc,phases   ] GC(139)   Post Evacuate Collection Set: 0.6ms
[2025-03-18T14:12:06.369+0100][1446.239s][info][gc,phases   ] GC(139)   Other: 0.1ms
[2025-03-18T14:12:06.369+0100][1446.239s][info][gc,heap     ] GC(139) Eden regions: 303->0(303)
[2025-03-18T14:12:06.369+0100][1446.239s][info][gc,heap     ] GC(139) Survivor regions: 4->4(39)
[2025-03-18T14:12:06.369+0100][1446.239s][info][gc,heap     ] GC(139) Old regions: 37->37
[2025-03-18T14:12:06.369+0100][1446.239s][info][gc,heap     ] GC(139) Humongous regions: 1->1
[2025-03-18T14:12:06.369+0100][1446.239s][info][gc,metaspace] GC(139) Metaspace: 28095K(28480K)->28095K(28480K) NonClass: 24463K(24640K)->24463K(24640K) Class: 3632K(3840K)->3632K(3840K)
[2025-03-18T14:12:06.369+0100][1446.239s][info][gc          ] GC(139) Pause Young (Normal) (G1 Evacuation Pause) 1374M->162M(2048M) 6.936ms
[2025-03-18T14:12:06.369+0100][1446.239s][info][gc,cpu      ] GC(139) User=0.04s Sys=0.00s Real=0.00s
[2025-03-18T14:12:23.870+0100][1463.741s][info][gc,start    ] GC(140) Pause Young (Normal) (G1 Evacuation Pause)
[2025-03-18T14:12:23.871+0100][1463.741s][info][gc,task     ] GC(140) Using 9 workers of 9 for evacuation
[2025-03-18T14:12:23.877+0100][1463.747s][info][gc,phases   ] GC(140)   Pre Evacuate Collection Set: 0.2ms
[2025-03-18T14:12:23.877+0100][1463.747s][info][gc,phases   ] GC(140)   Merge Heap Roots: 0.1ms
[2025-03-18T14:12:23.877+0100][1463.747s][info][gc,phases   ] GC(140)   Evacuate Collection Set: 4.9ms
[2025-03-18T14:12:23.877+0100][1463.747s][info][gc,phases   ] GC(140)   Post Evacuate Collection Set: 0.8ms
[2025-03-18T14:12:23.877+0100][1463.747s][info][gc,phases   ] GC(140)   Other: 0.1ms
[2025-03-18T14:12:23.877+0100][1463.747s][info][gc,heap     ] GC(140) Eden regions: 303->0(303)
[2025-03-18T14:12:23.877+0100][1463.747s][info][gc,heap     ] GC(140) Survivor regions: 4->4(39)
[2025-03-18T14:12:23.877+0100][1463.747s][info][gc,heap     ] GC(140) Old regions: 37->37
[2025-03-18T14:12:23.877+0100][1463.747s][info][gc,heap     ] GC(140) Humongous regions: 1->1
[2025-03-18T14:12:23.877+0100][1463.747s][info][gc,metaspace] GC(140) Metaspace: 28095K(28480K)->28095K(28480K) NonClass: 24463K(24640K)->24463K(24640K) Class: 3632K(3840K)->3632K(3840K)
[2025-03-18T14:12:23.877+0100][1463.747s][info][gc          ] GC(140) Pause Young (Normal) (G1 Evacuation Pause) 1374M->162M(2048M) 6.519ms
[2025-03-18T14:12:23.877+0100][1463.747s][info][gc,cpu      ] GC(140) User=0.04s Sys=0.01s Real=0.00s
[2025-03-18T14:12:41.362+0100][1481.232s][info][gc,start    ] GC(141) Pause Young (Normal) (G1 Evacuation Pause)
[2025-03-18T14:12:41.362+0100][1481.232s][info][gc,task     ] GC(141) Using 9 workers of 9 for evacuation
[2025-03-18T14:12:41.369+0100][1481.239s][info][gc,phases   ] GC(141)   Pre Evacuate Collection Set: 0.2ms
[2025-03-18T14:12:41.369+0100][1481.239s][info][gc,phases   ] GC(141)   Merge Heap Roots: 0.1ms
[2025-03-18T14:12:41.369+0100][1481.239s][info][gc,phases   ] GC(141)   Evacuate Collection Set: 6.0ms
[2025-03-18T14:12:41.369+0100][1481.239s][info][gc,phases   ] GC(141)   Post Evacuate Collection Set: 0.6ms
[2025-03-18T14:12:41.369+0100][1481.239s][info][gc,phases   ] GC(141)   Other: 0.1ms
[2025-03-18T14:12:41.369+0100][1481.239s][info][gc,heap     ] GC(141) Eden regions: 303->0(303)
[2025-03-18T14:12:41.369+0100][1481.239s][info][gc,heap     ] GC(141) Survivor regions: 4->4(39)
[2025-03-18T14:12:41.369+0100][1481.239s][info][gc,heap     ] GC(141) Old regions: 37->37
[2025-03-18T14:12:41.369+0100][1481.239s][info][gc,heap     ] GC(141) Humongous regions: 1->1
[2025-03-18T14:12:41.369+0100][1481.239s][info][gc,metaspace] GC(141) Metaspace: 28095K(28480K)->28095K(28480K) NonClass: 24463K(24640K)->24463K(24640K) Class: 3632K(3840K)->3632K(3840K)
[2025-03-18T14:12:41.369+0100][1481.239s][info][gc          ] GC(141) Pause Young (Normal) (G1 Evacuation Pause) 1374M->161M(2048M) 7.453ms
[2025-03-18T14:12:41.369+0100][1481.239s][info][gc,cpu      ] GC(141) User=0.05s Sys=0.00s Real=0.00s
[2025-03-18T14:12:58.388+0100][1498.258s][info][gc,start    ] GC(142) Pause Young (Normal) (G1 Evacuation Pause)
[2025-03-18T14:12:58.389+0100][1498.259s][info][gc,task     ] GC(142) Using 9 workers of 9 for evacuation
[2025-03-18T14:12:58.396+0100][1498.266s][info][gc,phases   ] GC(142)   Pre Evacuate Collection Set: 0.3ms
[2025-03-18T14:12:58.396+0100][1498.266s][info][gc,phases   ] GC(142)   Merge Heap Roots: 0.1ms
[2025-03-18T14:12:58.396+0100][1498.266s][info][gc,phases   ] GC(142)   Evacuate Collection Set: 5.2ms
[2025-03-18T14:12:58.396+0100][1498.266s][info][gc,phases   ] GC(142)   Post Evacuate Collection Set: 0.6ms
[2025-03-18T14:12:58.396+0100][1498.266s][info][gc,phases   ] GC(142)   Other: 0.1ms
[2025-03-18T14:12:58.396+0100][1498.266s][info][gc,heap     ] GC(142) Eden regions: 303->0(302)
[2025-03-18T14:12:58.396+0100][1498.266s][info][gc,heap     ] GC(142) Survivor regions: 4->5(39)
[2025-03-18T14:12:58.396+0100][1498.266s][info][gc,heap     ] GC(142) Old regions: 37->37
[2025-03-18T14:12:58.396+0100][1498.266s][info][gc,heap     ] GC(142) Humongous regions: 1->1
[2025-03-18T14:12:58.396+0100][1498.266s][info][gc,metaspace] GC(142) Metaspace: 28095K(28480K)->28095K(28480K) NonClass: 24463K(24640K)->24463K(24640K) Class: 3632K(3840K)->3632K(3840K)
[2025-03-18T14:12:58.396+0100][1498.266s][info][gc          ] GC(142) Pause Young (Normal) (G1 Evacuation Pause) 1373M->165M(2048M) 8.092ms
[2025-03-18T14:12:58.396+0100][1498.266s][info][gc,cpu      ] GC(142) User=0.03s Sys=0.00s Real=0.01s
[2025-03-18T14:13:11.812+0100][1511.682s][info][gc,start    ] GC(143) Pause Young (Normal) (G1 Evacuation Pause)
[2025-03-18T14:13:11.812+0100][1511.682s][info][gc,task     ] GC(143) Using 9 workers of 9 for evacuation
[2025-03-18T14:13:11.815+0100][1511.685s][info][gc,phases   ] GC(143)   Pre Evacuate Collection Set: 0.1ms
[2025-03-18T14:13:11.815+0100][1511.685s][info][gc,phases   ] GC(143)   Merge Heap Roots: 0.1ms
[2025-03-18T14:13:11.815+0100][1511.685s][info][gc,phases   ] GC(143)   Evacuate Collection Set: 2.0ms
[2025-03-18T14:13:11.815+0100][1511.685s][info][gc,phases   ] GC(143)   Post Evacuate Collection Set: 0.3ms
[2025-03-18T14:13:11.815+0100][1511.685s][info][gc,phases   ] GC(143)   Other: 0.0ms
[2025-03-18T14:13:11.815+0100][1511.685s][info][gc,heap     ] GC(143) Eden regions: 302->0(304)
[2025-03-18T14:13:11.815+0100][1511.685s][info][gc,heap     ] GC(143) Survivor regions: 5->3(39)
[2025-03-18T14:13:11.815+0100][1511.685s][info][gc,heap     ] GC(143) Old regions: 37->37
[2025-03-18T14:13:11.815+0100][1511.685s][info][gc,heap     ] GC(143) Humongous regions: 1->1
[2025-03-18T14:13:11.815+0100][1511.685s][info][gc,metaspace] GC(143) Metaspace: 28095K(28480K)->28095K(28480K) NonClass: 24463K(24640K)->24463K(24640K) Class: 3632K(3840K)->3632K(3840K)
[2025-03-18T14:13:11.815+0100][1511.685s][info][gc          ] GC(143) Pause Young (Normal) (G1 Evacuation Pause) 1373M->160M(2048M) 2.796ms
[2025-03-18T14:13:11.815+0100][1511.685s][info][gc,cpu      ] GC(143) User=0.02s Sys=0.00s Real=0.00s
[2025-03-18T14:13:19.133+0100][1519.003s][info][gc,start    ] GC(144) Pause Young (Normal) (G1 Evacuation Pause)
[2025-03-18T14:13:19.133+0100][1519.004s][info][gc,task     ] GC(144) Using 9 workers of 9 for evacuation
[2025-03-18T14:13:19.140+0100][1519.010s][info][gc,phases   ] GC(144)   Pre Evacuate Collection Set: 0.2ms
[2025-03-18T14:13:19.140+0100][1519.010s][info][gc,phases   ] GC(144)   Merge Heap Roots: 0.1ms
[2025-03-18T14:13:19.140+0100][1519.010s][info][gc,phases   ] GC(144)   Evacuate Collection Set: 5.0ms
[2025-03-18T14:13:19.140+0100][1519.010s][info][gc,phases   ] GC(144)   Post Evacuate Collection Set: 1.0ms
[2025-03-18T14:13:19.140+0100][1519.010s][info][gc,phases   ] GC(144)   Other: 0.1ms
[2025-03-18T14:13:19.140+0100][1519.010s][info][gc,heap     ] GC(144) Eden regions: 304->0(303)
[2025-03-18T14:13:19.140+0100][1519.010s][info][gc,heap     ] GC(144) Survivor regions: 3->4(39)
[2025-03-18T14:13:19.140+0100][1519.010s][info][gc,heap     ] GC(144) Old regions: 37->37
[2025-03-18T14:13:19.140+0100][1519.010s][info][gc,heap     ] GC(144) Humongous regions: 1->1
[2025-03-18T14:13:19.140+0100][1519.010s][info][gc,metaspace] GC(144) Metaspace: 28095K(28480K)->28095K(28480K) NonClass: 24463K(24640K)->24463K(24640K) Class: 3632K(3840K)->3632K(3840K)
[2025-03-18T14:13:19.140+0100][1519.010s][info][gc          ] GC(144) Pause Young (Normal) (G1 Evacuation Pause) 1376M->163M(2048M) 6.698ms
[2025-03-18T14:13:19.140+0100][1519.010s][info][gc,cpu      ] GC(144) User=0.05s Sys=0.00s Real=0.01s
[2025-03-18T14:13:30.854+0100][1530.724s][info][gc,start    ] GC(145) Pause Young (Normal) (G1 Evacuation Pause)
[2025-03-18T14:13:30.854+0100][1530.724s][info][gc,task     ] GC(145) Using 9 workers of 9 for evacuation
[2025-03-18T14:13:30.866+0100][1530.736s][info][gc,phases   ] GC(145)   Pre Evacuate Collection Set: 0.5ms
[2025-03-18T14:13:30.866+0100][1530.736s][info][gc,phases   ] GC(145)   Merge Heap Roots: 0.1ms
[2025-03-18T14:13:30.866+0100][1530.736s][info][gc,phases   ] GC(145)   Evacuate Collection Set: 10.0ms
[2025-03-18T14:13:30.866+0100][1530.736s][info][gc,phases   ] GC(145)   Post Evacuate Collection Set: 0.9ms
[2025-03-18T14:13:30.866+0100][1530.736s][info][gc,phases   ] GC(145)   Other: 0.2ms
[2025-03-18T14:13:30.866+0100][1530.736s][info][gc,heap     ] GC(145) Eden regions: 303->0(304)
[2025-03-18T14:13:30.866+0100][1530.736s][info][gc,heap     ] GC(145) Survivor regions: 4->3(39)
[2025-03-18T14:13:30.866+0100][1530.736s][info][gc,heap     ] GC(145) Old regions: 37->37
[2025-03-18T14:13:30.866+0100][1530.736s][info][gc,heap     ] GC(145) Humongous regions: 1->1
[2025-03-18T14:13:30.866+0100][1530.736s][info][gc,metaspace] GC(145) Metaspace: 28095K(28480K)->28095K(28480K) NonClass: 24463K(24640K)->24463K(24640K) Class: 3632K(3840K)->3632K(3840K)
[2025-03-18T14:13:30.866+0100][1530.736s][info][gc          ] GC(145) Pause Young (Normal) (G1 Evacuation Pause) 1375M->160M(2048M) 12.271ms
[2025-03-18T14:13:30.866+0100][1530.736s][info][gc,cpu      ] GC(145) User=0.06s Sys=0.00s Real=0.01s
[2025-03-18T14:13:48.361+0100][1548.231s][info][gc,start    ] GC(146) Pause Young (Normal) (G1 Evacuation Pause)
[2025-03-18T14:13:48.363+0100][1548.233s][info][gc,task     ] GC(146) Using 9 workers of 9 for evacuation
[2025-03-18T14:13:48.369+0100][1548.239s][info][gc,phases   ] GC(146)   Pre Evacuate Collection Set: 0.3ms
[2025-03-18T14:13:48.369+0100][1548.239s][info][gc,phases   ] GC(146)   Merge Heap Roots: 0.1ms
[2025-03-18T14:13:48.369+0100][1548.240s][info][gc,phases   ] GC(146)   Evacuate Collection Set: 5.6ms
[2025-03-18T14:13:48.369+0100][1548.240s][info][gc,phases   ] GC(146)   Post Evacuate Collection Set: 0.6ms
[2025-03-18T14:13:48.369+0100][1548.240s][info][gc,phases   ] GC(146)   Other: 0.1ms
[2025-03-18T14:13:48.369+0100][1548.240s][info][gc,heap     ] GC(146) Eden regions: 304->0(303)
[2025-03-18T14:13:48.369+0100][1548.240s][info][gc,heap     ] GC(146) Survivor regions: 3->4(39)
[2025-03-18T14:13:48.369+0100][1548.240s][info][gc,heap     ] GC(146) Old regions: 37->37
[2025-03-18T14:13:48.370+0100][1548.240s][info][gc,heap     ] GC(146) Humongous regions: 1->1
[2025-03-18T14:13:48.370+0100][1548.240s][info][gc,metaspace] GC(146) Metaspace: 28095K(28480K)->28095K(28480K) NonClass: 24463K(24640K)->24463K(24640K) Class: 3632K(3840K)->3632K(3840K)
[2025-03-18T14:13:48.370+0100][1548.240s][info][gc          ] GC(146) Pause Young (Normal) (G1 Evacuation Pause) 1376M->162M(2048M) 8.434ms
[2025-03-18T14:13:48.370+0100][1548.240s][info][gc,cpu      ] GC(146) User=0.05s Sys=0.00s Real=0.01s
[2025-03-18T14:14:05.862+0100][1565.732s][info][gc,start    ] GC(147) Pause Young (Normal) (G1 Evacuation Pause)
[2025-03-18T14:14:05.863+0100][1565.733s][info][gc,task     ] GC(147) Using 9 workers of 9 for evacuation
[2025-03-18T14:14:05.870+0100][1565.740s][info][gc,phases   ] GC(147)   Pre Evacuate Collection Set: 0.2ms
[2025-03-18T14:14:05.870+0100][1565.740s][info][gc,phases   ] GC(147)   Merge Heap Roots: 0.1ms
[2025-03-18T14:14:05.870+0100][1565.740s][info][gc,phases   ] GC(147)   Evacuate Collection Set: 6.1ms
[2025-03-18T14:14:05.870+0100][1565.740s][info][gc,phases   ] GC(147)   Post Evacuate Collection Set: 0.6ms
[2025-03-18T14:14:05.870+0100][1565.740s][info][gc,phases   ] GC(147)   Other: 0.1ms
[2025-03-18T14:14:05.870+0100][1565.740s][info][gc,heap     ] GC(147) Eden regions: 303->0(303)
[2025-03-18T14:14:05.870+0100][1565.740s][info][gc,heap     ] GC(147) Survivor regions: 4->4(39)
[2025-03-18T14:14:05.870+0100][1565.740s][info][gc,heap     ] GC(147) Old regions: 37->37
[2025-03-18T14:14:05.870+0100][1565.740s][info][gc,heap     ] GC(147) Humongous regions: 1->1
[2025-03-18T14:14:05.870+0100][1565.740s][info][gc,metaspace] GC(147) Metaspace: 28095K(28480K)->28095K(28480K) NonClass: 24463K(24640K)->24463K(24640K) Class: 3632K(3840K)->3632K(3840K)
[2025-03-18T14:14:05.870+0100][1565.740s][info][gc          ] GC(147) Pause Young (Normal) (G1 Evacuation Pause) 1374M->163M(2048M) 7.480ms
[2025-03-18T14:14:05.870+0100][1565.740s][info][gc,cpu      ] GC(147) User=0.05s Sys=0.00s Real=0.01s
[2025-03-18T14:14:23.345+0100][1583.215s][info][gc,start    ] GC(148) Pause Young (Normal) (G1 Evacuation Pause)
[2025-03-18T14:14:23.345+0100][1583.215s][info][gc,task     ] GC(148) Using 9 workers of 9 for evacuation
[2025-03-18T14:14:23.356+0100][1583.226s][info][gc,phases   ] GC(148)   Pre Evacuate Collection Set: 0.5ms
[2025-03-18T14:14:23.356+0100][1583.226s][info][gc,phases   ] GC(148)   Merge Heap Roots: 0.2ms
[2025-03-18T14:14:23.356+0100][1583.226s][info][gc,phases   ] GC(148)   Evacuate Collection Set: 8.7ms
[2025-03-18T14:14:23.356+0100][1583.226s][info][gc,phases   ] GC(148)   Post Evacuate Collection Set: 1.0ms
[2025-03-18T14:14:23.356+0100][1583.226s][info][gc,phases   ] GC(148)   Other: 0.3ms
[2025-03-18T14:14:23.356+0100][1583.226s][info][gc,heap     ] GC(148) Eden regions: 303->0(304)
[2025-03-18T14:14:23.356+0100][1583.226s][info][gc,heap     ] GC(148) Survivor regions: 4->3(39)
[2025-03-18T14:14:23.356+0100][1583.226s][info][gc,heap     ] GC(148) Old regions: 37->37
[2025-03-18T14:14:23.356+0100][1583.226s][info][gc,heap     ] GC(148) Humongous regions: 1->1
[2025-03-18T14:14:23.356+0100][1583.226s][info][gc,metaspace] GC(148) Metaspace: 28095K(28480K)->28095K(28480K) NonClass: 24463K(24640K)->24463K(24640K) Class: 3632K(3840K)->3632K(3840K)
[2025-03-18T14:14:23.356+0100][1583.226s][info][gc          ] GC(148) Pause Young (Normal) (G1 Evacuation Pause) 1375M->160M(2048M) 11.307ms
[2025-03-18T14:14:23.356+0100][1583.226s][info][gc,cpu      ] GC(148) User=0.06s Sys=0.01s Real=0.01s
[2025-03-18T14:14:40.836+0100][1600.706s][info][gc,start    ] GC(149) Pause Young (Normal) (G1 Evacuation Pause)
[2025-03-18T14:14:40.837+0100][1600.707s][info][gc,task     ] GC(149) Using 9 workers of 9 for evacuation
[2025-03-18T14:14:40.849+0100][1600.719s][info][gc,phases   ] GC(149)   Pre Evacuate Collection Set: 0.3ms
[2025-03-18T14:14:40.849+0100][1600.719s][info][gc,phases   ] GC(149)   Merge Heap Roots: 0.2ms
[2025-03-18T14:14:40.849+0100][1600.719s][info][gc,phases   ] GC(149)   Evacuate Collection Set: 11.4ms
[2025-03-18T14:14:40.849+0100][1600.719s][info][gc,phases   ] GC(149)   Post Evacuate Collection Set: 0.5ms
[2025-03-18T14:14:40.849+0100][1600.719s][info][gc,phases   ] GC(149)   Other: 0.1ms
[2025-03-18T14:14:40.849+0100][1600.719s][info][gc,heap     ] GC(149) Eden regions: 304->0(304)
[2025-03-18T14:14:40.849+0100][1600.719s][info][gc,heap     ] GC(149) Survivor regions: 3->3(39)
[2025-03-18T14:14:40.849+0100][1600.719s][info][gc,heap     ] GC(149) Old regions: 37->37
[2025-03-18T14:14:40.849+0100][1600.719s][info][gc,heap     ] GC(149) Humongous regions: 1->1
[2025-03-18T14:14:40.849+0100][1600.719s][info][gc,metaspace] GC(149) Metaspace: 28095K(28480K)->28095K(28480K) NonClass: 24463K(24640K)->24463K(24640K) Class: 3632K(3840K)->3632K(3840K)
[2025-03-18T14:14:40.849+0100][1600.719s][info][gc          ] GC(149) Pause Young (Normal) (G1 Evacuation Pause) 1376M->161M(2048M) 12.922ms
[2025-03-18T14:14:40.849+0100][1600.719s][info][gc,cpu      ] GC(149) User=0.04s Sys=0.00s Real=0.01s
[2025-03-18T14:14:58.352+0100][1618.222s][info][gc,start    ] GC(150) Pause Young (Normal) (G1 Evacuation Pause)
[2025-03-18T14:14:58.354+0100][1618.224s][info][gc,task     ] GC(150) Using 9 workers of 9 for evacuation
[2025-03-18T14:14:58.361+0100][1618.231s][info][gc,phases   ] GC(150)   Pre Evacuate Collection Set: 0.4ms
[2025-03-18T14:14:58.361+0100][1618.231s][info][gc,phases   ] GC(150)   Merge Heap Roots: 0.1ms
[2025-03-18T14:14:58.361+0100][1618.231s][info][gc,phases   ] GC(150)   Evacuate Collection Set: 5.3ms
[2025-03-18T14:14:58.361+0100][1618.231s][info][gc,phases   ] GC(150)   Post Evacuate Collection Set: 0.9ms
[2025-03-18T14:14:58.361+0100][1618.231s][info][gc,phases   ] GC(150)   Other: 0.2ms
[2025-03-18T14:14:58.361+0100][1618.231s][info][gc,heap     ] GC(150) Eden regions: 304->0(304)
[2025-03-18T14:14:58.361+0100][1618.231s][info][gc,heap     ] GC(150) Survivor regions: 3->3(39)
[2025-03-18T14:14:58.361+0100][1618.231s][info][gc,heap     ] GC(150) Old regions: 37->37
[2025-03-18T14:14:58.361+0100][1618.231s][info][gc,heap     ] GC(150) Humongous regions: 1->1
[2025-03-18T14:14:58.361+0100][1618.231s][info][gc,metaspace] GC(150) Metaspace: 28095K(28480K)->28095K(28480K) NonClass: 24463K(24640K)->24463K(24640K) Class: 3632K(3840K)->3632K(3840K)
[2025-03-18T14:14:58.361+0100][1618.231s][info][gc          ] GC(150) Pause Young (Normal) (G1 Evacuation Pause) 1377M->160M(2048M) 9.173ms
[2025-03-18T14:14:58.361+0100][1618.231s][info][gc,cpu      ] GC(150) User=0.05s Sys=0.00s Real=0.01s
[2025-03-18T14:15:15.849+0100][1635.719s][info][gc,start    ] GC(151) Pause Young (Normal) (G1 Evacuation Pause)
[2025-03-18T14:15:15.850+0100][1635.719s][info][gc,task     ] GC(151) Using 9 workers of 9 for evacuation
[2025-03-18T14:15:15.862+0100][1635.732s][info][gc,phases   ] GC(151)   Pre Evacuate Collection Set: 0.3ms
[2025-03-18T14:15:15.862+0100][1635.732s][info][gc,phases   ] GC(151)   Merge Heap Roots: 0.2ms
[2025-03-18T14:15:15.862+0100][1635.732s][info][gc,phases   ] GC(151)   Evacuate Collection Set: 11.3ms
[2025-03-18T14:15:15.862+0100][1635.732s][info][gc,phases   ] GC(151)   Post Evacuate Collection Set: 0.5ms
[2025-03-18T14:15:15.862+0100][1635.732s][info][gc,phases   ] GC(151)   Other: 0.1ms
[2025-03-18T14:15:15.862+0100][1635.732s][info][gc,heap     ] GC(151) Eden regions: 304->0(303)
[2025-03-18T14:15:15.862+0100][1635.732s][info][gc,heap     ] GC(151) Survivor regions: 3->4(39)
[2025-03-18T14:15:15.862+0100][1635.732s][info][gc,heap     ] GC(151) Old regions: 37->37
[2025-03-18T14:15:15.862+0100][1635.732s][info][gc,heap     ] GC(151) Humongous regions: 1->1
[2025-03-18T14:15:15.862+0100][1635.732s][info][gc,metaspace] GC(151) Metaspace: 28095K(28480K)->28095K(28480K) NonClass: 24463K(24640K)->24463K(24640K) Class: 3632K(3840K)->3632K(3840K)
[2025-03-18T14:15:15.862+0100][1635.732s][info][gc          ] GC(151) Pause Young (Normal) (G1 Evacuation Pause) 1376M->162M(2048M) 12.819ms
[2025-03-18T14:15:15.862+0100][1635.732s][info][gc,cpu      ] GC(151) User=0.04s Sys=0.00s Real=0.02s
[2025-03-18T14:15:23.371+0100][1643.241s][info][gc,start    ] GC(152) Pause Young (Normal) (G1 Evacuation Pause)
[2025-03-18T14:15:23.372+0100][1643.242s][info][gc,task     ] GC(152) Using 9 workers of 9 for evacuation
[2025-03-18T14:15:23.378+0100][1643.248s][info][gc,phases   ] GC(152)   Pre Evacuate Collection Set: 0.2ms
[2025-03-18T14:15:23.378+0100][1643.248s][info][gc,phases   ] GC(152)   Merge Heap Roots: 0.1ms
[2025-03-18T14:15:23.378+0100][1643.248s][info][gc,phases   ] GC(152)   Evacuate Collection Set: 4.7ms
[2025-03-18T14:15:23.378+0100][1643.248s][info][gc,phases   ] GC(152)   Post Evacuate Collection Set: 0.5ms
[2025-03-18T14:15:23.378+0100][1643.248s][info][gc,phases   ] GC(152)   Other: 0.1ms
[2025-03-18T14:15:23.378+0100][1643.248s][info][gc,heap     ] GC(152) Eden regions: 303->0(303)
[2025-03-18T14:15:23.378+0100][1643.248s][info][gc,heap     ] GC(152) Survivor regions: 4->4(39)
[2025-03-18T14:15:23.378+0100][1643.248s][info][gc,heap     ] GC(152) Old regions: 37->37
[2025-03-18T14:15:23.378+0100][1643.248s][info][gc,heap     ] GC(152) Humongous regions: 1->1
[2025-03-18T14:15:23.378+0100][1643.248s][info][gc,metaspace] GC(152) Metaspace: 28096K(28480K)->28096K(28480K) NonClass: 24463K(24640K)->24463K(24640K) Class: 3632K(3840K)->3632K(3840K)
[2025-03-18T14:15:23.378+0100][1643.248s][info][gc          ] GC(152) Pause Young (Normal) (G1 Evacuation Pause) 1374M->164M(2048M) 7.311ms
[2025-03-18T14:15:23.378+0100][1643.248s][info][gc,cpu      ] GC(152) User=0.04s Sys=0.00s Real=0.00s
[2025-03-18T14:15:39.479+0100][1659.349s][info][gc,start    ] GC(153) Pause Young (Normal) (G1 Evacuation Pause)
[2025-03-18T14:15:39.479+0100][1659.349s][info][gc,task     ] GC(153) Using 9 workers of 9 for evacuation
[2025-03-18T14:15:39.483+0100][1659.353s][info][gc,phases   ] GC(153)   Pre Evacuate Collection Set: 0.1ms
[2025-03-18T14:15:39.483+0100][1659.353s][info][gc,phases   ] GC(153)   Merge Heap Roots: 0.1ms
[2025-03-18T14:15:39.483+0100][1659.353s][info][gc,phases   ] GC(153)   Evacuate Collection Set: 3.8ms
[2025-03-18T14:15:39.483+0100][1659.353s][info][gc,phases   ] GC(153)   Post Evacuate Collection Set: 0.4ms
[2025-03-18T14:15:39.483+0100][1659.353s][info][gc,phases   ] GC(153)   Other: 0.0ms
[2025-03-18T14:15:39.483+0100][1659.353s][info][gc,heap     ] GC(153) Eden regions: 303->0(302)
[2025-03-18T14:15:39.484+0100][1659.353s][info][gc,heap     ] GC(153) Survivor regions: 4->5(39)
[2025-03-18T14:15:39.484+0100][1659.353s][info][gc,heap     ] GC(153) Old regions: 37->37
[2025-03-18T14:15:39.484+0100][1659.353s][info][gc,heap     ] GC(153) Humongous regions: 1->1
[2025-03-18T14:15:39.484+0100][1659.353s][info][gc,metaspace] GC(153) Metaspace: 28096K(28480K)->28096K(28480K) NonClass: 24464K(24640K)->24464K(24640K) Class: 3632K(3840K)->3632K(3840K)
[2025-03-18T14:15:39.484+0100][1659.353s][info][gc          ] GC(153) Pause Young (Normal) (G1 Evacuation Pause) 1376M->170M(2048M) 4.756ms
[2025-03-18T14:15:39.484+0100][1659.353s][info][gc,cpu      ] GC(153) User=0.03s Sys=0.00s Real=0.01s
[2025-03-18T14:15:52.846+0100][1672.716s][info][gc,start    ] GC(154) Pause Young (Normal) (G1 Evacuation Pause)
[2025-03-18T14:15:52.848+0100][1672.718s][info][gc,task     ] GC(154) Using 9 workers of 9 for evacuation
[2025-03-18T14:15:52.859+0100][1672.729s][info][gc,phases   ] GC(154)   Pre Evacuate Collection Set: 0.5ms
[2025-03-18T14:15:52.859+0100][1672.729s][info][gc,phases   ] GC(154)   Merge Heap Roots: 0.1ms
[2025-03-18T14:15:52.859+0100][1672.729s][info][gc,phases   ] GC(154)   Evacuate Collection Set: 9.3ms
[2025-03-18T14:15:52.859+0100][1672.729s][info][gc,phases   ] GC(154)   Post Evacuate Collection Set: 1.0ms
[2025-03-18T14:15:52.859+0100][1672.729s][info][gc,phases   ] GC(154)   Other: 0.3ms
[2025-03-18T14:15:52.859+0100][1672.729s][info][gc,heap     ] GC(154) Eden regions: 302->0(304)
[2025-03-18T14:15:52.859+0100][1672.729s][info][gc,heap     ] GC(154) Survivor regions: 5->3(39)
[2025-03-18T14:15:52.860+0100][1672.729s][info][gc,heap     ] GC(154) Old regions: 37->37
[2025-03-18T14:15:52.860+0100][1672.729s][info][gc,heap     ] GC(154) Humongous regions: 1->1
[2025-03-18T14:15:52.860+0100][1672.729s][info][gc,metaspace] GC(154) Metaspace: 28096K(28480K)->28096K(28480K) NonClass: 24464K(24640K)->24464K(24640K) Class: 3632K(3840K)->3632K(3840K)
[2025-03-18T14:15:52.860+0100][1672.729s][info][gc          ] GC(154) Pause Young (Normal) (G1 Evacuation Pause) 1378M->161M(2048M) 13.239ms
[2025-03-18T14:15:52.860+0100][1672.729s][info][gc,cpu      ] GC(154) User=0.05s Sys=0.01s Real=0.02s
[2025-03-18T14:16:10.367+0100][1690.237s][info][gc,start    ] GC(155) Pause Young (Normal) (G1 Evacuation Pause)
[2025-03-18T14:16:10.367+0100][1690.237s][info][gc,task     ] GC(155) Using 9 workers of 9 for evacuation
[2025-03-18T14:16:10.374+0100][1690.244s][info][gc,phases   ] GC(155)   Pre Evacuate Collection Set: 0.2ms
[2025-03-18T14:16:10.374+0100][1690.244s][info][gc,phases   ] GC(155)   Merge Heap Roots: 0.1ms
[2025-03-18T14:16:10.374+0100][1690.244s][info][gc,phases   ] GC(155)   Evacuate Collection Set: 5.9ms
[2025-03-18T14:16:10.374+0100][1690.244s][info][gc,phases   ] GC(155)   Post Evacuate Collection Set: 0.5ms
[2025-03-18T14:16:10.374+0100][1690.244s][info][gc,phases   ] GC(155)   Other: 0.1ms
[2025-03-18T14:16:10.374+0100][1690.244s][info][gc,heap     ] GC(155) Eden regions: 304->0(303)
[2025-03-18T14:16:10.374+0100][1690.244s][info][gc,heap     ] GC(155) Survivor regions: 3->4(39)
[2025-03-18T14:16:10.374+0100][1690.244s][info][gc,heap     ] GC(155) Old regions: 37->37
[2025-03-18T14:16:10.374+0100][1690.244s][info][gc,heap     ] GC(155) Humongous regions: 1->1
[2025-03-18T14:16:10.374+0100][1690.244s][info][gc,metaspace] GC(155) Metaspace: 28096K(28480K)->28096K(28480K) NonClass: 24464K(24640K)->24464K(24640K) Class: 3632K(3840K)->3632K(3840K)
[2025-03-18T14:16:10.374+0100][1690.244s][info][gc          ] GC(155) Pause Young (Normal) (G1 Evacuation Pause) 1377M->164M(2048M) 7.192ms
[2025-03-18T14:16:10.374+0100][1690.244s][info][gc,cpu      ] GC(155) User=0.05s Sys=0.00s Real=0.01s
[2025-03-18T14:16:27.866+0100][1707.736s][info][gc,start    ] GC(156) Pause Young (Normal) (G1 Evacuation Pause)
[2025-03-18T14:16:27.866+0100][1707.736s][info][gc,task     ] GC(156) Using 9 workers of 9 for evacuation
[2025-03-18T14:16:27.873+0100][1707.743s][info][gc,phases   ] GC(156)   Pre Evacuate Collection Set: 0.3ms
[2025-03-18T14:16:27.873+0100][1707.743s][info][gc,phases   ] GC(156)   Merge Heap Roots: 0.1ms
[2025-03-18T14:16:27.873+0100][1707.743s][info][gc,phases   ] GC(156)   Evacuate Collection Set: 5.7ms
[2025-03-18T14:16:27.873+0100][1707.743s][info][gc,phases   ] GC(156)   Post Evacuate Collection Set: 0.7ms
[2025-03-18T14:16:27.873+0100][1707.743s][info][gc,phases   ] GC(156)   Other: 0.1ms
[2025-03-18T14:16:27.873+0100][1707.743s][info][gc,heap     ] GC(156) Eden regions: 303->0(303)
[2025-03-18T14:16:27.873+0100][1707.743s][info][gc,heap     ] GC(156) Survivor regions: 4->4(39)
[2025-03-18T14:16:27.873+0100][1707.743s][info][gc,heap     ] GC(156) Old regions: 37->37
[2025-03-18T14:16:27.873+0100][1707.743s][info][gc,heap     ] GC(156) Humongous regions: 1->1
[2025-03-18T14:16:27.873+0100][1707.743s][info][gc,metaspace] GC(156) Metaspace: 28096K(28480K)->28096K(28480K) NonClass: 24464K(24640K)->24464K(24640K) Class: 3632K(3840K)->3632K(3840K)
[2025-03-18T14:16:27.873+0100][1707.743s][info][gc          ] GC(156) Pause Young (Normal) (G1 Evacuation Pause) 1376M->163M(2048M) 7.307ms
[2025-03-18T14:16:27.873+0100][1707.743s][info][gc,cpu      ] GC(156) User=0.05s Sys=0.01s Real=0.01s
[2025-03-18T14:16:36.809+0100][1716.678s][info][gc,start    ] GC(157) Pause Young (Normal) (G1 Evacuation Pause)
[2025-03-18T14:16:36.809+0100][1716.679s][info][gc,task     ] GC(157) Using 9 workers of 9 for evacuation
[2025-03-18T14:16:36.812+0100][1716.682s][info][gc,phases   ] GC(157)   Pre Evacuate Collection Set: 0.1ms
[2025-03-18T14:16:36.812+0100][1716.682s][info][gc,phases   ] GC(157)   Merge Heap Roots: 0.1ms
[2025-03-18T14:16:36.812+0100][1716.682s][info][gc,phases   ] GC(157)   Evacuate Collection Set: 2.7ms
[2025-03-18T14:16:36.812+0100][1716.682s][info][gc,phases   ] GC(157)   Post Evacuate Collection Set: 0.4ms
[2025-03-18T14:16:36.812+0100][1716.682s][info][gc,phases   ] GC(157)   Other: 0.1ms
[2025-03-18T14:16:36.812+0100][1716.682s][info][gc,heap     ] GC(157) Eden regions: 303->0(302)
[2025-03-18T14:16:36.812+0100][1716.682s][info][gc,heap     ] GC(157) Survivor regions: 4->5(39)
[2025-03-18T14:16:36.812+0100][1716.682s][info][gc,heap     ] GC(157) Old regions: 37->37
[2025-03-18T14:16:36.812+0100][1716.682s][info][gc,heap     ] GC(157) Humongous regions: 1->1
[2025-03-18T14:16:36.812+0100][1716.682s][info][gc,metaspace] GC(157) Metaspace: 28096K(28480K)->28096K(28480K) NonClass: 24464K(24640K)->24464K(24640K) Class: 3632K(3840K)->3632K(3840K)
[2025-03-18T14:16:36.812+0100][1716.682s][info][gc          ] GC(157) Pause Young (Normal) (G1 Evacuation Pause) 1375M->167M(2048M) 3.525ms
[2025-03-18T14:16:36.812+0100][1716.682s][info][gc,cpu      ] GC(157) User=0.03s Sys=0.00s Real=0.01s
[2025-03-18T14:16:54.340+0100][1734.209s][info][gc,start    ] GC(158) Pause Young (Normal) (G1 Evacuation Pause)
[2025-03-18T14:16:54.341+0100][1734.211s][info][gc,task     ] GC(158) Using 9 workers of 9 for evacuation
[2025-03-18T14:16:54.356+0100][1734.226s][info][gc,phases   ] GC(158)   Pre Evacuate Collection Set: 0.2ms
[2025-03-18T14:16:54.356+0100][1734.226s][info][gc,phases   ] GC(158)   Merge Heap Roots: 0.1ms
[2025-03-18T14:16:54.356+0100][1734.226s][info][gc,phases   ] GC(158)   Evacuate Collection Set: 14.2ms
[2025-03-18T14:16:54.356+0100][1734.226s][info][gc,phases   ] GC(158)   Post Evacuate Collection Set: 0.4ms
[2025-03-18T14:16:54.356+0100][1734.226s][info][gc,phases   ] GC(158)   Other: 0.1ms
[2025-03-18T14:16:54.356+0100][1734.226s][info][gc,heap     ] GC(158) Eden regions: 302->0(303)
[2025-03-18T14:16:54.356+0100][1734.226s][info][gc,heap     ] GC(158) Survivor regions: 5->4(39)
[2025-03-18T14:16:54.356+0100][1734.226s][info][gc,heap     ] GC(158) Old regions: 37->37
[2025-03-18T14:16:54.356+0100][1734.226s][info][gc,heap     ] GC(158) Humongous regions: 1->1
[2025-03-18T14:16:54.356+0100][1734.226s][info][gc,metaspace] GC(158) Metaspace: 28096K(28480K)->28096K(28480K) NonClass: 24464K(24640K)->24464K(24640K) Class: 3632K(3840K)->3632K(3840K)
[2025-03-18T14:16:54.356+0100][1734.226s][info][gc          ] GC(158) Pause Young (Normal) (G1 Evacuation Pause) 1375M->163M(2048M) 16.509ms
[2025-03-18T14:16:54.356+0100][1734.226s][info][gc,cpu      ] GC(158) User=0.04s Sys=0.00s Real=0.01s
[2025-03-18T14:17:06.365+0100][1746.234s][info][gc,start    ] GC(159) Pause Young (Normal) (G1 Evacuation Pause)
[2025-03-18T14:17:06.365+0100][1746.234s][info][gc,task     ] GC(159) Using 9 workers of 9 for evacuation
[2025-03-18T14:17:06.372+0100][1746.242s][info][gc,phases   ] GC(159)   Pre Evacuate Collection Set: 0.2ms
[2025-03-18T14:17:06.372+0100][1746.242s][info][gc,phases   ] GC(159)   Merge Heap Roots: 0.1ms
[2025-03-18T14:17:06.372+0100][1746.242s][info][gc,phases   ] GC(159)   Evacuate Collection Set: 5.9ms
[2025-03-18T14:17:06.372+0100][1746.242s][info][gc,phases   ] GC(159)   Post Evacuate Collection Set: 0.7ms
[2025-03-18T14:17:06.372+0100][1746.242s][info][gc,phases   ] GC(159)   Other: 0.1ms
[2025-03-18T14:17:06.372+0100][1746.242s][info][gc,heap     ] GC(159) Eden regions: 303->0(303)
[2025-03-18T14:17:06.372+0100][1746.242s][info][gc,heap     ] GC(159) Survivor regions: 4->4(39)
[2025-03-18T14:17:06.372+0100][1746.242s][info][gc,heap     ] GC(159) Old regions: 37->37
[2025-03-18T14:17:06.372+0100][1746.242s][info][gc,heap     ] GC(159) Humongous regions: 1->1
[2025-03-18T14:17:06.372+0100][1746.242s][info][gc,metaspace] GC(159) Metaspace: 28096K(28480K)->28096K(28480K) NonClass: 24464K(24640K)->24464K(24640K) Class: 3632K(3840K)->3632K(3840K)
[2025-03-18T14:17:06.372+0100][1746.242s][info][gc          ] GC(159) Pause Young (Normal) (G1 Evacuation Pause) 1375M->165M(2048M) 7.526ms
[2025-03-18T14:17:06.372+0100][1746.242s][info][gc,cpu      ] GC(159) User=0.05s Sys=0.00s Real=0.01s
[2025-03-18T14:17:23.861+0100][1763.730s][info][gc,start    ] GC(160) Pause Young (Normal) (G1 Evacuation Pause)
[2025-03-18T14:17:23.861+0100][1763.731s][info][gc,task     ] GC(160) Using 9 workers of 9 for evacuation
[2025-03-18T14:17:23.867+0100][1763.737s][info][gc,phases   ] GC(160)   Pre Evacuate Collection Set: 0.2ms
[2025-03-18T14:17:23.867+0100][1763.737s][info][gc,phases   ] GC(160)   Merge Heap Roots: 0.1ms
[2025-03-18T14:17:23.867+0100][1763.737s][info][gc,phases   ] GC(160)   Evacuate Collection Set: 4.9ms
[2025-03-18T14:17:23.867+0100][1763.737s][info][gc,phases   ] GC(160)   Post Evacuate Collection Set: 0.6ms
[2025-03-18T14:17:23.867+0100][1763.737s][info][gc,phases   ] GC(160)   Other: 0.1ms
[2025-03-18T14:17:23.867+0100][1763.737s][info][gc,heap     ] GC(160) Eden regions: 303->0(303)
[2025-03-18T14:17:23.867+0100][1763.737s][info][gc,heap     ] GC(160) Survivor regions: 4->4(39)
[2025-03-18T14:17:23.867+0100][1763.737s][info][gc,heap     ] GC(160) Old regions: 37->37
[2025-03-18T14:17:23.867+0100][1763.737s][info][gc,heap     ] GC(160) Humongous regions: 1->1
[2025-03-18T14:17:23.867+0100][1763.737s][info][gc,metaspace] GC(160) Metaspace: 28096K(28480K)->28096K(28480K) NonClass: 24464K(24640K)->24464K(24640K) Class: 3632K(3840K)->3632K(3840K)
[2025-03-18T14:17:23.867+0100][1763.737s][info][gc          ] GC(160) Pause Young (Normal) (G1 Evacuation Pause) 1377M->164M(2048M) 6.322ms
[2025-03-18T14:17:23.867+0100][1763.737s][info][gc,cpu      ] GC(160) User=0.05s Sys=0.00s Real=0.00s
[2025-03-18T14:17:36.361+0100][1776.231s][info][gc,start    ] GC(161) Pause Young (Normal) (G1 Evacuation Pause)
[2025-03-18T14:17:36.362+0100][1776.231s][info][gc,task     ] GC(161) Using 9 workers of 9 for evacuation
[2025-03-18T14:17:36.368+0100][1776.238s][info][gc,phases   ] GC(161)   Pre Evacuate Collection Set: 0.2ms
[2025-03-18T14:17:36.368+0100][1776.238s][info][gc,phases   ] GC(161)   Merge Heap Roots: 0.2ms
[2025-03-18T14:17:36.368+0100][1776.238s][info][gc,phases   ] GC(161)   Evacuate Collection Set: 5.7ms
[2025-03-18T14:17:36.368+0100][1776.238s][info][gc,phases   ] GC(161)   Post Evacuate Collection Set: 0.5ms
[2025-03-18T14:17:36.368+0100][1776.238s][info][gc,phases   ] GC(161)   Other: 0.1ms
[2025-03-18T14:17:36.368+0100][1776.238s][info][gc,heap     ] GC(161) Eden regions: 303->0(303)
[2025-03-18T14:17:36.368+0100][1776.238s][info][gc,heap     ] GC(161) Survivor regions: 4->4(39)
[2025-03-18T14:17:36.368+0100][1776.238s][info][gc,heap     ] GC(161) Old regions: 37->37
[2025-03-18T14:17:36.368+0100][1776.238s][info][gc,heap     ] GC(161) Humongous regions: 1->1
[2025-03-18T14:17:36.368+0100][1776.238s][info][gc,metaspace] GC(161) Metaspace: 28096K(28480K)->28096K(28480K) NonClass: 24464K(24640K)->24464K(24640K) Class: 3632K(3840K)->3632K(3840K)
[2025-03-18T14:17:36.368+0100][1776.238s][info][gc          ] GC(161) Pause Young (Normal) (G1 Evacuation Pause) 1376M->166M(2048M) 7.086ms
[2025-03-18T14:17:36.368+0100][1776.238s][info][gc,cpu      ] GC(161) User=0.05s Sys=0.00s Real=0.00s
[2025-03-18T14:17:50.380+0100][1790.249s][info][gc,start    ] GC(162) Pause Young (Normal) (G1 Evacuation Pause)
[2025-03-18T14:17:50.380+0100][1790.249s][info][gc,task     ] GC(162) Using 9 workers of 9 for evacuation
[2025-03-18T14:17:50.385+0100][1790.255s][info][gc,phases   ] GC(162)   Pre Evacuate Collection Set: 0.2ms
[2025-03-18T14:17:50.385+0100][1790.255s][info][gc,phases   ] GC(162)   Merge Heap Roots: 0.1ms
[2025-03-18T14:17:50.385+0100][1790.255s][info][gc,phases   ] GC(162)   Evacuate Collection Set: 4.5ms
[2025-03-18T14:17:50.385+0100][1790.255s][info][gc,phases   ] GC(162)   Post Evacuate Collection Set: 0.5ms
[2025-03-18T14:17:50.385+0100][1790.255s][info][gc,phases   ] GC(162)   Other: 0.1ms
[2025-03-18T14:17:50.385+0100][1790.255s][info][gc,heap     ] GC(162) Eden regions: 303->0(303)
[2025-03-18T14:17:50.385+0100][1790.255s][info][gc,heap     ] GC(162) Survivor regions: 4->4(39)
[2025-03-18T14:17:50.385+0100][1790.255s][info][gc,heap     ] GC(162) Old regions: 37->37
[2025-03-18T14:17:50.385+0100][1790.255s][info][gc,heap     ] GC(162) Humongous regions: 1->1
[2025-03-18T14:17:50.385+0100][1790.255s][info][gc,metaspace] GC(162) Metaspace: 28096K(28480K)->28096K(28480K) NonClass: 24464K(24640K)->24464K(24640K) Class: 3632K(3840K)->3632K(3840K)
[2025-03-18T14:17:50.385+0100][1790.255s][info][gc          ] GC(162) Pause Young (Normal) (G1 Evacuation Pause) 1378M->167M(2048M) 5.698ms
[2025-03-18T14:17:50.385+0100][1790.255s][info][gc,cpu      ] GC(162) User=0.04s Sys=0.00s Real=0.00s
[2025-03-18T14:18:08.343+0100][1808.212s][info][gc,start    ] GC(163) Pause Young (Normal) (G1 Evacuation Pause)
[2025-03-18T14:18:08.345+0100][1808.215s][info][gc,task     ] GC(163) Using 9 workers of 9 for evacuation
[2025-03-18T14:18:08.362+0100][1808.231s][info][gc,phases   ] GC(163)   Pre Evacuate Collection Set: 0.6ms
[2025-03-18T14:18:08.362+0100][1808.231s][info][gc,phases   ] GC(163)   Merge Heap Roots: 0.2ms
[2025-03-18T14:18:08.362+0100][1808.231s][info][gc,phases   ] GC(163)   Evacuate Collection Set: 14.9ms
[2025-03-18T14:18:08.362+0100][1808.231s][info][gc,phases   ] GC(163)   Post Evacuate Collection Set: 0.8ms
[2025-03-18T14:18:08.362+0100][1808.231s][info][gc,phases   ] GC(163)   Other: 0.4ms
[2025-03-18T14:18:08.362+0100][1808.231s][info][gc,heap     ] GC(163) Eden regions: 303->0(304)
[2025-03-18T14:18:08.362+0100][1808.231s][info][gc,heap     ] GC(163) Survivor regions: 4->3(39)
[2025-03-18T14:18:08.362+0100][1808.231s][info][gc,heap     ] GC(163) Old regions: 37->37
[2025-03-18T14:18:08.362+0100][1808.231s][info][gc,heap     ] GC(163) Humongous regions: 1->1
[2025-03-18T14:18:08.362+0100][1808.231s][info][gc,metaspace] GC(163) Metaspace: 28096K(28480K)->28096K(28480K) NonClass: 24464K(24640K)->24464K(24640K) Class: 3632K(3840K)->3632K(3840K)
[2025-03-18T14:18:08.362+0100][1808.231s][info][gc          ] GC(163) Pause Young (Normal) (G1 Evacuation Pause) 1379M->163M(2048M) 18.924ms
[2025-03-18T14:18:08.362+0100][1808.231s][info][gc,cpu      ] GC(163) User=0.05s Sys=0.01s Real=0.02s
[2025-03-18T14:18:22.381+0100][1822.250s][info][gc,start    ] GC(164) Pause Young (Normal) (G1 Evacuation Pause)
[2025-03-18T14:18:22.381+0100][1822.250s][info][gc,task     ] GC(164) Using 9 workers of 9 for evacuation
[2025-03-18T14:18:22.387+0100][1822.256s][info][gc,phases   ] GC(164)   Pre Evacuate Collection Set: 0.2ms
[2025-03-18T14:18:22.387+0100][1822.256s][info][gc,phases   ] GC(164)   Merge Heap Roots: 0.1ms
[2025-03-18T14:18:22.387+0100][1822.256s][info][gc,phases   ] GC(164)   Evacuate Collection Set: 4.8ms
[2025-03-18T14:18:22.387+0100][1822.256s][info][gc,phases   ] GC(164)   Post Evacuate Collection Set: 0.8ms
[2025-03-18T14:18:22.387+0100][1822.256s][info][gc,phases   ] GC(164)   Other: 0.1ms
[2025-03-18T14:18:22.387+0100][1822.256s][info][gc,heap     ] GC(164) Eden regions: 304->0(303)
[2025-03-18T14:18:22.387+0100][1822.256s][info][gc,heap     ] GC(164) Survivor regions: 3->4(39)
[2025-03-18T14:18:22.387+0100][1822.256s][info][gc,heap     ] GC(164) Old regions: 37->37
[2025-03-18T14:18:22.387+0100][1822.256s][info][gc,heap     ] GC(164) Humongous regions: 1->1
[2025-03-18T14:18:22.387+0100][1822.257s][info][gc,metaspace] GC(164) Metaspace: 28097K(28480K)->28097K(28480K) NonClass: 24464K(24640K)->24464K(24640K) Class: 3632K(3840K)->3632K(3840K)
[2025-03-18T14:18:22.387+0100][1822.257s][info][gc          ] GC(164) Pause Young (Normal) (G1 Evacuation Pause) 1379M->166M(2048M) 6.406ms
[2025-03-18T14:18:22.387+0100][1822.257s][info][gc,cpu      ] GC(164) User=0.04s Sys=0.00s Real=0.00s
[2025-03-18T14:18:39.858+0100][1839.727s][info][gc,start    ] GC(165) Pause Young (Normal) (G1 Evacuation Pause)
[2025-03-18T14:18:39.858+0100][1839.727s][info][gc,task     ] GC(165) Using 9 workers of 9 for evacuation
[2025-03-18T14:18:39.865+0100][1839.735s][info][gc,phases   ] GC(165)   Pre Evacuate Collection Set: 0.2ms
[2025-03-18T14:18:39.865+0100][1839.735s][info][gc,phases   ] GC(165)   Merge Heap Roots: 0.1ms
[2025-03-18T14:18:39.865+0100][1839.735s][info][gc,phases   ] GC(165)   Evacuate Collection Set: 6.3ms
[2025-03-18T14:18:39.865+0100][1839.735s][info][gc,phases   ] GC(165)   Post Evacuate Collection Set: 0.6ms
[2025-03-18T14:18:39.865+0100][1839.735s][info][gc,phases   ] GC(165)   Other: 0.1ms
[2025-03-18T14:18:39.865+0100][1839.735s][info][gc,heap     ] GC(165) Eden regions: 303->0(303)
[2025-03-18T14:18:39.865+0100][1839.735s][info][gc,heap     ] GC(165) Survivor regions: 4->4(39)
[2025-03-18T14:18:39.865+0100][1839.735s][info][gc,heap     ] GC(165) Old regions: 37->37
[2025-03-18T14:18:39.865+0100][1839.735s][info][gc,heap     ] GC(165) Humongous regions: 1->1
[2025-03-18T14:18:39.865+0100][1839.735s][info][gc,metaspace] GC(165) Metaspace: 28097K(28480K)->28097K(28480K) NonClass: 24464K(24640K)->24464K(24640K) Class: 3632K(3840K)->3632K(3840K)
[2025-03-18T14:18:39.865+0100][1839.735s][info][gc          ] GC(165) Pause Young (Normal) (G1 Evacuation Pause) 1378M->165M(2048M) 7.766ms
[2025-03-18T14:18:39.866+0100][1839.735s][info][gc,cpu      ] GC(165) User=0.05s Sys=0.01s Real=0.01s
[2025-03-18T14:18:57.349+0100][1857.218s][info][gc,start    ] GC(166) Pause Young (Normal) (G1 Evacuation Pause)
[2025-03-18T14:18:57.350+0100][1857.219s][info][gc,task     ] GC(166) Using 9 workers of 9 for evacuation
[2025-03-18T14:18:57.354+0100][1857.223s][info][gc,phases   ] GC(166)   Pre Evacuate Collection Set: 0.1ms
[2025-03-18T14:18:57.354+0100][1857.223s][info][gc,phases   ] GC(166)   Merge Heap Roots: 0.1ms
[2025-03-18T14:18:57.354+0100][1857.223s][info][gc,phases   ] GC(166)   Evacuate Collection Set: 3.6ms
[2025-03-18T14:18:57.354+0100][1857.223s][info][gc,phases   ] GC(166)   Post Evacuate Collection Set: 0.4ms
[2025-03-18T14:18:57.354+0100][1857.223s][info][gc,phases   ] GC(166)   Other: 0.1ms
[2025-03-18T14:18:57.354+0100][1857.223s][info][gc,heap     ] GC(166) Eden regions: 303->0(304)
[2025-03-18T14:18:57.354+0100][1857.223s][info][gc,heap     ] GC(166) Survivor regions: 4->3(39)
[2025-03-18T14:18:57.354+0100][1857.223s][info][gc,heap     ] GC(166) Old regions: 37->37
[2025-03-18T14:18:57.354+0100][1857.223s][info][gc,heap     ] GC(166) Humongous regions: 1->1
[2025-03-18T14:18:57.354+0100][1857.223s][info][gc,metaspace] GC(166) Metaspace: 28097K(28480K)->28097K(28480K) NonClass: 24464K(24640K)->24464K(24640K) Class: 3632K(3840K)->3632K(3840K)
[2025-03-18T14:18:57.354+0100][1857.223s][info][gc          ] GC(166) Pause Young (Normal) (G1 Evacuation Pause) 1377M->163M(2048M) 5.386ms
[2025-03-18T14:18:57.354+0100][1857.223s][info][gc,cpu      ] GC(166) User=0.02s Sys=0.00s Real=0.01s
[2025-03-18T14:19:14.383+0100][1874.253s][info][gc,start    ] GC(167) Pause Young (Normal) (G1 Evacuation Pause)
[2025-03-18T14:19:14.384+0100][1874.253s][info][gc,task     ] GC(167) Using 9 workers of 9 for evacuation
[2025-03-18T14:19:14.390+0100][1874.259s][info][gc,phases   ] GC(167)   Pre Evacuate Collection Set: 0.3ms
[2025-03-18T14:19:14.390+0100][1874.259s][info][gc,phases   ] GC(167)   Merge Heap Roots: 0.1ms
[2025-03-18T14:19:14.390+0100][1874.259s][info][gc,phases   ] GC(167)   Evacuate Collection Set: 5.3ms
[2025-03-18T14:19:14.390+0100][1874.259s][info][gc,phases   ] GC(167)   Post Evacuate Collection Set: 0.5ms
[2025-03-18T14:19:14.390+0100][1874.259s][info][gc,phases   ] GC(167)   Other: 0.1ms
[2025-03-18T14:19:14.390+0100][1874.259s][info][gc,heap     ] GC(167) Eden regions: 304->0(302)
[2025-03-18T14:19:14.390+0100][1874.259s][info][gc,heap     ] GC(167) Survivor regions: 3->5(39)
[2025-03-18T14:19:14.390+0100][1874.259s][info][gc,heap     ] GC(167) Old regions: 37->38
[2025-03-18T14:19:14.390+0100][1874.259s][info][gc,heap     ] GC(167) Humongous regions: 1->1
[2025-03-18T14:19:14.390+0100][1874.259s][info][gc,metaspace] GC(167) Metaspace: 28097K(28480K)->28097K(28480K) NonClass: 24464K(24640K)->24464K(24640K) Class: 3632K(3840K)->3632K(3840K)
[2025-03-18T14:19:14.390+0100][1874.259s][info][gc          ] GC(167) Pause Young (Normal) (G1 Evacuation Pause) 1379M->169M(2048M) 6.711ms
[2025-03-18T14:19:14.390+0100][1874.259s][info][gc,cpu      ] GC(167) User=0.04s Sys=0.01s Real=0.01s
[2025-03-18T14:19:31.885+0100][1891.755s][info][gc,start    ] GC(168) Pause Young (Normal) (G1 Evacuation Pause)
[2025-03-18T14:19:31.886+0100][1891.755s][info][gc,task     ] GC(168) Using 9 workers of 9 for evacuation
[2025-03-18T14:19:31.891+0100][1891.761s][info][gc,phases   ] GC(168)   Pre Evacuate Collection Set: 0.2ms
[2025-03-18T14:19:31.892+0100][1891.761s][info][gc,phases   ] GC(168)   Merge Heap Roots: 0.1ms
[2025-03-18T14:19:31.892+0100][1891.761s][info][gc,phases   ] GC(168)   Evacuate Collection Set: 4.5ms
[2025-03-18T14:19:31.892+0100][1891.761s][info][gc,phases   ] GC(168)   Post Evacuate Collection Set: 0.8ms
[2025-03-18T14:19:31.892+0100][1891.761s][info][gc,phases   ] GC(168)   Other: 0.1ms
[2025-03-18T14:19:31.892+0100][1891.761s][info][gc,heap     ] GC(168) Eden regions: 302->0(303)
[2025-03-18T14:19:31.892+0100][1891.761s][info][gc,heap     ] GC(168) Survivor regions: 5->4(39)
[2025-03-18T14:19:31.892+0100][1891.761s][info][gc,heap     ] GC(168) Old regions: 38->38
[2025-03-18T14:19:31.892+0100][1891.761s][info][gc,heap     ] GC(168) Humongous regions: 1->1
[2025-03-18T14:19:31.892+0100][1891.761s][info][gc,metaspace] GC(168) Metaspace: 28097K(28480K)->28097K(28480K) NonClass: 24464K(24640K)->24464K(24640K) Class: 3632K(3840K)->3632K(3840K)
[2025-03-18T14:19:31.892+0100][1891.761s][info][gc          ] GC(168) Pause Young (Normal) (G1 Evacuation Pause) 1377M->167M(2048M) 6.232ms
[2025-03-18T14:19:31.892+0100][1891.761s][info][gc,cpu      ] GC(168) User=0.04s Sys=0.00s Real=0.01s
[2025-03-18T14:19:49.380+0100][1909.249s][info][gc,start    ] GC(169) Pause Young (Normal) (G1 Evacuation Pause)
[2025-03-18T14:19:49.380+0100][1909.249s][info][gc,task     ] GC(169) Using 9 workers of 9 for evacuation
[2025-03-18T14:19:49.385+0100][1909.254s][info][gc,phases   ] GC(169)   Pre Evacuate Collection Set: 0.2ms
[2025-03-18T14:19:49.385+0100][1909.254s][info][gc,phases   ] GC(169)   Merge Heap Roots: 0.1ms
[2025-03-18T14:19:49.385+0100][1909.254s][info][gc,phases   ] GC(169)   Evacuate Collection Set: 4.1ms
[2025-03-18T14:19:49.385+0100][1909.254s][info][gc,phases   ] GC(169)   Post Evacuate Collection Set: 0.5ms
[2025-03-18T14:19:49.385+0100][1909.254s][info][gc,phases   ] GC(169)   Other: 0.2ms
[2025-03-18T14:19:49.385+0100][1909.254s][info][gc,heap     ] GC(169) Eden regions: 303->0(302)
[2025-03-18T14:19:49.385+0100][1909.254s][info][gc,heap     ] GC(169) Survivor regions: 4->5(39)
[2025-03-18T14:19:49.385+0100][1909.254s][info][gc,heap     ] GC(169) Old regions: 38->38
[2025-03-18T14:19:49.385+0100][1909.254s][info][gc,heap     ] GC(169) Humongous regions: 1->1
[2025-03-18T14:19:49.385+0100][1909.254s][info][gc,metaspace] GC(169) Metaspace: 28097K(28480K)->28097K(28480K) NonClass: 24464K(24640K)->24464K(24640K) Class: 3632K(3840K)->3632K(3840K)
[2025-03-18T14:19:49.385+0100][1909.254s][info][gc          ] GC(169) Pause Young (Normal) (G1 Evacuation Pause) 1379M->168M(2048M) 5.436ms
[2025-03-18T14:19:49.385+0100][1909.254s][info][gc,cpu      ] GC(169) User=0.04s Sys=0.00s Real=0.00s
[2025-03-18T14:20:06.883+0100][1926.752s][info][gc,start    ] GC(170) Pause Young (Normal) (G1 Evacuation Pause)
[2025-03-18T14:20:06.884+0100][1926.753s][info][gc,task     ] GC(170) Using 9 workers of 9 for evacuation
[2025-03-18T14:20:06.892+0100][1926.761s][info][gc,phases   ] GC(170)   Pre Evacuate Collection Set: 0.3ms
[2025-03-18T14:20:06.892+0100][1926.761s][info][gc,phases   ] GC(170)   Merge Heap Roots: 0.2ms
[2025-03-18T14:20:06.892+0100][1926.761s][info][gc,phases   ] GC(170)   Evacuate Collection Set: 6.9ms
[2025-03-18T14:20:06.892+0100][1926.761s][info][gc,phases   ] GC(170)   Post Evacuate Collection Set: 0.4ms
[2025-03-18T14:20:06.892+0100][1926.761s][info][gc,phases   ] GC(170)   Other: 0.1ms
[2025-03-18T14:20:06.892+0100][1926.761s][info][gc,heap     ] GC(170) Eden regions: 302->0(303)
[2025-03-18T14:20:06.892+0100][1926.761s][info][gc,heap     ] GC(170) Survivor regions: 5->4(39)
[2025-03-18T14:20:06.892+0100][1926.761s][info][gc,heap     ] GC(170) Old regions: 38->38
[2025-03-18T14:20:06.892+0100][1926.761s][info][gc,heap     ] GC(170) Humongous regions: 1->1
[2025-03-18T14:20:06.892+0100][1926.761s][info][gc,metaspace] GC(170) Metaspace: 28097K(28480K)->28097K(28480K) NonClass: 24464K(24640K)->24464K(24640K) Class: 3632K(3840K)->3632K(3840K)
[2025-03-18T14:20:06.892+0100][1926.761s][info][gc          ] GC(170) Pause Young (Normal) (G1 Evacuation Pause) 1376M->167M(2048M) 9.606ms
[2025-03-18T14:20:06.892+0100][1926.761s][info][gc,cpu      ] GC(170) User=0.04s Sys=0.02s Real=0.01s
[2025-03-18T14:20:16.798+0100][1936.667s][info][gc,start    ] GC(171) Pause Young (Normal) (G1 Evacuation Pause)
[2025-03-18T14:20:16.799+0100][1936.668s][info][gc,task     ] GC(171) Using 9 workers of 9 for evacuation
[2025-03-18T14:20:16.805+0100][1936.675s][info][gc,phases   ] GC(171)   Pre Evacuate Collection Set: 0.2ms
[2025-03-18T14:20:16.806+0100][1936.675s][info][gc,phases   ] GC(171)   Merge Heap Roots: 0.1ms
[2025-03-18T14:20:16.806+0100][1936.675s][info][gc,phases   ] GC(171)   Evacuate Collection Set: 5.6ms
[2025-03-18T14:20:16.806+0100][1936.675s][info][gc,phases   ] GC(171)   Post Evacuate Collection Set: 0.5ms
[2025-03-18T14:20:16.806+0100][1936.675s][info][gc,phases   ] GC(171)   Other: 0.1ms
[2025-03-18T14:20:16.806+0100][1936.675s][info][gc,heap     ] GC(171) Eden regions: 303->0(303)
[2025-03-18T14:20:16.806+0100][1936.675s][info][gc,heap     ] GC(171) Survivor regions: 4->4(39)
[2025-03-18T14:20:16.806+0100][1936.675s][info][gc,heap     ] GC(171) Old regions: 38->38
[2025-03-18T14:20:16.806+0100][1936.675s][info][gc,heap     ] GC(171) Humongous regions: 1->1
[2025-03-18T14:20:16.806+0100][1936.675s][info][gc,metaspace] GC(171) Metaspace: 28097K(28480K)->28097K(28480K) NonClass: 24464K(24640K)->24464K(24640K) Class: 3632K(3840K)->3632K(3840K)
[2025-03-18T14:20:16.806+0100][1936.675s][info][gc          ] GC(171) Pause Young (Normal) (G1 Evacuation Pause) 1379M->166M(2048M) 8.016ms
[2025-03-18T14:20:16.806+0100][1936.675s][info][gc,cpu      ] GC(171) User=0.04s Sys=0.02s Real=0.01s
[2025-03-18T14:20:31.364+0100][1951.233s][info][gc,start    ] GC(172) Pause Young (Normal) (G1 Evacuation Pause)
[2025-03-18T14:20:31.365+0100][1951.234s][info][gc,task     ] GC(172) Using 9 workers of 9 for evacuation
[2025-03-18T14:20:31.373+0100][1951.242s][info][gc,phases   ] GC(172)   Pre Evacuate Collection Set: 0.8ms
[2025-03-18T14:20:31.373+0100][1951.242s][info][gc,phases   ] GC(172)   Merge Heap Roots: 0.3ms
[2025-03-18T14:20:31.373+0100][1951.242s][info][gc,phases   ] GC(172)   Evacuate Collection Set: 5.8ms
[2025-03-18T14:20:31.373+0100][1951.242s][info][gc,phases   ] GC(172)   Post Evacuate Collection Set: 0.8ms
[2025-03-18T14:20:31.373+0100][1951.242s][info][gc,phases   ] GC(172)   Other: 0.1ms
[2025-03-18T14:20:31.373+0100][1951.242s][info][gc,heap     ] GC(172) Eden regions: 303->0(303)
[2025-03-18T14:20:31.373+0100][1951.242s][info][gc,heap     ] GC(172) Survivor regions: 4->4(39)
[2025-03-18T14:20:31.373+0100][1951.242s][info][gc,heap     ] GC(172) Old regions: 38->38
[2025-03-18T14:20:31.373+0100][1951.242s][info][gc,heap     ] GC(172) Humongous regions: 1->1
[2025-03-18T14:20:31.373+0100][1951.242s][info][gc,metaspace] GC(172) Metaspace: 28098K(28544K)->28098K(28544K) NonClass: 24465K(24704K)->24465K(24704K) Class: 3632K(3840K)->3632K(3840K)
[2025-03-18T14:20:31.373+0100][1951.242s][info][gc          ] GC(172) Pause Young (Normal) (G1 Evacuation Pause) 1378M->167M(2048M) 9.475ms
[2025-03-18T14:20:31.373+0100][1951.242s][info][gc,cpu      ] GC(172) User=0.04s Sys=0.01s Real=0.01s
[2025-03-18T14:20:48.857+0100][1968.726s][info][gc,start    ] GC(173) Pause Young (Normal) (G1 Evacuation Pause)
[2025-03-18T14:20:48.858+0100][1968.727s][info][gc,task     ] GC(173) Using 9 workers of 9 for evacuation
[2025-03-18T14:20:48.862+0100][1968.731s][info][gc,phases   ] GC(173)   Pre Evacuate Collection Set: 0.1ms
[2025-03-18T14:20:48.862+0100][1968.731s][info][gc,phases   ] GC(173)   Merge Heap Roots: 0.1ms
[2025-03-18T14:20:48.862+0100][1968.731s][info][gc,phases   ] GC(173)   Evacuate Collection Set: 3.9ms
[2025-03-18T14:20:48.862+0100][1968.731s][info][gc,phases   ] GC(173)   Post Evacuate Collection Set: 0.5ms
[2025-03-18T14:20:48.862+0100][1968.731s][info][gc,phases   ] GC(173)   Other: 0.1ms
[2025-03-18T14:20:48.862+0100][1968.731s][info][gc,heap     ] GC(173) Eden regions: 303->0(303)
[2025-03-18T14:20:48.862+0100][1968.731s][info][gc,heap     ] GC(173) Survivor regions: 4->4(39)
[2025-03-18T14:20:48.862+0100][1968.731s][info][gc,heap     ] GC(173) Old regions: 38->38
[2025-03-18T14:20:48.862+0100][1968.731s][info][gc,heap     ] GC(173) Humongous regions: 1->1
[2025-03-18T14:20:48.862+0100][1968.731s][info][gc,metaspace] GC(173) Metaspace: 28098K(28544K)->28098K(28544K) NonClass: 24465K(24704K)->24465K(24704K) Class: 3632K(3840K)->3632K(3840K)
[2025-03-18T14:20:48.862+0100][1968.731s][info][gc          ] GC(173) Pause Young (Normal) (G1 Evacuation Pause) 1379M->167M(2048M) 5.720ms
[2025-03-18T14:20:48.862+0100][1968.731s][info][gc,cpu      ] GC(173) User=0.02s Sys=0.01s Real=0.01s
[2025-03-18T14:21:06.360+0100][1986.229s][info][gc,start    ] GC(174) Pause Young (Normal) (G1 Evacuation Pause)
[2025-03-18T14:21:06.361+0100][1986.230s][info][gc,task     ] GC(174) Using 9 workers of 9 for evacuation
[2025-03-18T14:21:06.368+0100][1986.237s][info][gc,phases   ] GC(174)   Pre Evacuate Collection Set: 0.3ms
[2025-03-18T14:21:06.368+0100][1986.237s][info][gc,phases   ] GC(174)   Merge Heap Roots: 0.2ms
[2025-03-18T14:21:06.368+0100][1986.237s][info][gc,phases   ] GC(174)   Evacuate Collection Set: 6.0ms
[2025-03-18T14:21:06.368+0100][1986.237s][info][gc,phases   ] GC(174)   Post Evacuate Collection Set: 0.8ms
[2025-03-18T14:21:06.368+0100][1986.237s][info][gc,phases   ] GC(174)   Other: 0.2ms
[2025-03-18T14:21:06.368+0100][1986.237s][info][gc,heap     ] GC(174) Eden regions: 303->0(303)
[2025-03-18T14:21:06.368+0100][1986.237s][info][gc,heap     ] GC(174) Survivor regions: 4->4(39)
[2025-03-18T14:21:06.368+0100][1986.237s][info][gc,heap     ] GC(174) Old regions: 38->38
[2025-03-18T14:21:06.368+0100][1986.237s][info][gc,heap     ] GC(174) Humongous regions: 1->1
[2025-03-18T14:21:06.368+0100][1986.237s][info][gc,metaspace] GC(174) Metaspace: 28098K(28544K)->28098K(28544K) NonClass: 24465K(24704K)->24465K(24704K) Class: 3632K(3840K)->3632K(3840K)
[2025-03-18T14:21:06.368+0100][1986.237s][info][gc          ] GC(174) Pause Young (Normal) (G1 Evacuation Pause) 1379M->167M(2048M) 8.076ms
[2025-03-18T14:21:06.368+0100][1986.237s][info][gc,cpu      ] GC(174) User=0.05s Sys=0.01s Real=0.00s
[2025-03-18T14:21:23.857+0100][2003.726s][info][gc,start    ] GC(175) Pause Young (Normal) (G1 Evacuation Pause)
[2025-03-18T14:21:23.858+0100][2003.727s][info][gc,task     ] GC(175) Using 9 workers of 9 for evacuation
[2025-03-18T14:21:23.863+0100][2003.732s][info][gc,phases   ] GC(175)   Pre Evacuate Collection Set: 0.1ms
[2025-03-18T14:21:23.863+0100][2003.732s][info][gc,phases   ] GC(175)   Merge Heap Roots: 0.1ms
[2025-03-18T14:21:23.863+0100][2003.732s][info][gc,phases   ] GC(175)   Evacuate Collection Set: 3.6ms
[2025-03-18T14:21:23.863+0100][2003.732s][info][gc,phases   ] GC(175)   Post Evacuate Collection Set: 0.5ms
[2025-03-18T14:21:23.863+0100][2003.732s][info][gc,phases   ] GC(175)   Other: 0.1ms
[2025-03-18T14:21:23.863+0100][2003.732s][info][gc,heap     ] GC(175) Eden regions: 303->0(303)
[2025-03-18T14:21:23.863+0100][2003.732s][info][gc,heap     ] GC(175) Survivor regions: 4->4(39)
[2025-03-18T14:21:23.863+0100][2003.732s][info][gc,heap     ] GC(175) Old regions: 38->38
[2025-03-18T14:21:23.863+0100][2003.732s][info][gc,heap     ] GC(175) Humongous regions: 1->1
[2025-03-18T14:21:23.863+0100][2003.732s][info][gc,metaspace] GC(175) Metaspace: 28098K(28544K)->28098K(28544K) NonClass: 24465K(24704K)->24465K(24704K) Class: 3632K(3840K)->3632K(3840K)
[2025-03-18T14:21:23.863+0100][2003.732s][info][gc          ] GC(175) Pause Young (Normal) (G1 Evacuation Pause) 1379M->167M(2048M) 5.729ms
[2025-03-18T14:21:23.863+0100][2003.732s][info][gc,cpu      ] GC(175) User=0.03s Sys=0.00s Real=0.01s
[2025-03-18T14:21:41.340+0100][2021.209s][info][gc,start    ] GC(176) Pause Young (Normal) (G1 Evacuation Pause)
[2025-03-18T14:21:41.342+0100][2021.211s][info][gc,task     ] GC(176) Using 9 workers of 9 for evacuation
[2025-03-18T14:21:41.356+0100][2021.225s][info][gc,phases   ] GC(176)   Pre Evacuate Collection Set: 0.6ms
[2025-03-18T14:21:41.356+0100][2021.225s][info][gc,phases   ] GC(176)   Merge Heap Roots: 0.3ms
[2025-03-18T14:21:41.356+0100][2021.225s][info][gc,phases   ] GC(176)   Evacuate Collection Set: 12.1ms
[2025-03-18T14:21:41.356+0100][2021.225s][info][gc,phases   ] GC(176)   Post Evacuate Collection Set: 0.8ms
[2025-03-18T14:21:41.356+0100][2021.225s][info][gc,phases   ] GC(176)   Other: 0.2ms
[2025-03-18T14:21:41.356+0100][2021.225s][info][gc,heap     ] GC(176) Eden regions: 303->0(304)
[2025-03-18T14:21:41.356+0100][2021.225s][info][gc,heap     ] GC(176) Survivor regions: 4->3(39)
[2025-03-18T14:21:41.356+0100][2021.225s][info][gc,heap     ] GC(176) Old regions: 38->38
[2025-03-18T14:21:41.356+0100][2021.225s][info][gc,heap     ] GC(176) Humongous regions: 1->1
[2025-03-18T14:21:41.356+0100][2021.225s][info][gc,metaspace] GC(176) Metaspace: 28098K(28544K)->28098K(28544K) NonClass: 24465K(24704K)->24465K(24704K) Class: 3632K(3840K)->3632K(3840K)
[2025-03-18T14:21:41.356+0100][2021.225s][info][gc          ] GC(176) Pause Young (Normal) (G1 Evacuation Pause) 1379M->164M(2048M) 15.895ms
[2025-03-18T14:21:41.356+0100][2021.225s][info][gc,cpu      ] GC(176) User=0.05s Sys=0.01s Real=0.01s
[2025-03-18T14:21:58.376+0100][2038.244s][info][gc,start    ] GC(177) Pause Young (Normal) (G1 Evacuation Pause)
[2025-03-18T14:21:58.377+0100][2038.246s][info][gc,task     ] GC(177) Using 9 workers of 9 for evacuation
[2025-03-18T14:21:58.382+0100][2038.251s][info][gc,phases   ] GC(177)   Pre Evacuate Collection Set: 0.2ms
[2025-03-18T14:21:58.382+0100][2038.251s][info][gc,phases   ] GC(177)   Merge Heap Roots: 0.1ms
[2025-03-18T14:21:58.382+0100][2038.251s][info][gc,phases   ] GC(177)   Evacuate Collection Set: 4.0ms
[2025-03-18T14:21:58.382+0100][2038.251s][info][gc,phases   ] GC(177)   Post Evacuate Collection Set: 0.8ms
[2025-03-18T14:21:58.382+0100][2038.251s][info][gc,phases   ] GC(177)   Other: 0.1ms
[2025-03-18T14:21:58.382+0100][2038.251s][info][gc,heap     ] GC(177) Eden regions: 304->0(304)
[2025-03-18T14:21:58.382+0100][2038.251s][info][gc,heap     ] GC(177) Survivor regions: 3->3(39)
[2025-03-18T14:21:58.382+0100][2038.251s][info][gc,heap     ] GC(177) Old regions: 38->38
[2025-03-18T14:21:58.382+0100][2038.251s][info][gc,heap     ] GC(177) Humongous regions: 1->1
[2025-03-18T14:21:58.382+0100][2038.251s][info][gc,metaspace] GC(177) Metaspace: 28098K(28544K)->28098K(28544K) NonClass: 24465K(24704K)->24465K(24704K) Class: 3632K(3840K)->3632K(3840K)
[2025-03-18T14:21:58.382+0100][2038.251s][info][gc          ] GC(177) Pause Young (Normal) (G1 Evacuation Pause) 1380M->164M(2048M) 6.844ms
[2025-03-18T14:21:58.382+0100][2038.251s][info][gc,cpu      ] GC(177) User=0.03s Sys=0.00s Real=0.01s
[2025-03-18T14:22:16.350+0100][2056.219s][info][gc,start    ] GC(178) Pause Young (Normal) (G1 Evacuation Pause)
[2025-03-18T14:22:16.352+0100][2056.220s][info][gc,task     ] GC(178) Using 9 workers of 9 for evacuation
[2025-03-18T14:22:16.357+0100][2056.226s][info][gc,phases   ] GC(178)   Pre Evacuate Collection Set: 0.2ms
[2025-03-18T14:22:16.357+0100][2056.226s][info][gc,phases   ] GC(178)   Merge Heap Roots: 0.1ms
[2025-03-18T14:22:16.357+0100][2056.226s][info][gc,phases   ] GC(178)   Evacuate Collection Set: 4.1ms
[2025-03-18T14:22:16.357+0100][2056.226s][info][gc,phases   ] GC(178)   Post Evacuate Collection Set: 0.7ms
[2025-03-18T14:22:16.357+0100][2056.226s][info][gc,phases   ] GC(178)   Other: 0.1ms
[2025-03-18T14:22:16.357+0100][2056.226s][info][gc,heap     ] GC(178) Eden regions: 304->0(304)
[2025-03-18T14:22:16.357+0100][2056.226s][info][gc,heap     ] GC(178) Survivor regions: 3->3(39)
[2025-03-18T14:22:16.357+0100][2056.226s][info][gc,heap     ] GC(178) Old regions: 38->38
[2025-03-18T14:22:16.357+0100][2056.226s][info][gc,heap     ] GC(178) Humongous regions: 1->1
[2025-03-18T14:22:16.357+0100][2056.226s][info][gc,metaspace] GC(178) Metaspace: 28098K(28544K)->28098K(28544K) NonClass: 24465K(24704K)->24465K(24704K) Class: 3632K(3840K)->3632K(3840K)
[2025-03-18T14:22:16.357+0100][2056.226s][info][gc          ] GC(178) Pause Young (Normal) (G1 Evacuation Pause) 1380M->165M(2048M) 6.875ms
[2025-03-18T14:22:16.357+0100][2056.226s][info][gc,cpu      ] GC(178) User=0.03s Sys=0.00s Real=0.00s
[2025-03-18T14:22:24.747+0100][2064.615s][info][gc,start    ] GC(179) Pause Young (Normal) (G1 Evacuation Pause)
[2025-03-18T14:22:24.747+0100][2064.616s][info][gc,task     ] GC(179) Using 9 workers of 9 for evacuation
[2025-03-18T14:22:24.750+0100][2064.619s][info][gc,phases   ] GC(179)   Pre Evacuate Collection Set: 0.1ms
[2025-03-18T14:22:24.750+0100][2064.619s][info][gc,phases   ] GC(179)   Merge Heap Roots: 0.1ms
[2025-03-18T14:22:24.750+0100][2064.619s][info][gc,phases   ] GC(179)   Evacuate Collection Set: 2.2ms
[2025-03-18T14:22:24.750+0100][2064.619s][info][gc,phases   ] GC(179)   Post Evacuate Collection Set: 0.5ms
[2025-03-18T14:22:24.750+0100][2064.619s][info][gc,phases   ] GC(179)   Other: 0.1ms
[2025-03-18T14:22:24.750+0100][2064.619s][info][gc,heap     ] GC(179) Eden regions: 304->0(304)
[2025-03-18T14:22:24.750+0100][2064.619s][info][gc,heap     ] GC(179) Survivor regions: 3->3(39)
[2025-03-18T14:22:24.750+0100][2064.619s][info][gc,heap     ] GC(179) Old regions: 38->38
[2025-03-18T14:22:24.750+0100][2064.619s][info][gc,heap     ] GC(179) Humongous regions: 1->1
[2025-03-18T14:22:24.750+0100][2064.619s][info][gc,metaspace] GC(179) Metaspace: 28098K(28544K)->28098K(28544K) NonClass: 24465K(24704K)->24465K(24704K) Class: 3632K(3840K)->3632K(3840K)
[2025-03-18T14:22:24.750+0100][2064.619s][info][gc          ] GC(179) Pause Young (Normal) (G1 Evacuation Pause) 1381M->164M(2048M) 3.136ms
[2025-03-18T14:22:24.750+0100][2064.619s][info][gc,cpu      ] GC(179) User=0.02s Sys=0.01s Real=0.01s
[2025-03-18T14:22:41.348+0100][2081.216s][info][gc,start    ] GC(180) Pause Young (Normal) (G1 Evacuation Pause)
[2025-03-18T14:22:41.349+0100][2081.218s][info][gc,task     ] GC(180) Using 9 workers of 9 for evacuation
[2025-03-18T14:22:41.356+0100][2081.225s][info][gc,phases   ] GC(180)   Pre Evacuate Collection Set: 0.4ms
[2025-03-18T14:22:41.356+0100][2081.225s][info][gc,phases   ] GC(180)   Merge Heap Roots: 0.2ms
[2025-03-18T14:22:41.356+0100][2081.225s][info][gc,phases   ] GC(180)   Evacuate Collection Set: 5.0ms
[2025-03-18T14:22:41.356+0100][2081.225s][info][gc,phases   ] GC(180)   Post Evacuate Collection Set: 0.8ms
[2025-03-18T14:22:41.356+0100][2081.225s][info][gc,phases   ] GC(180)   Other: 0.2ms
[2025-03-18T14:22:41.356+0100][2081.225s][info][gc,heap     ] GC(180) Eden regions: 304->0(304)
[2025-03-18T14:22:41.356+0100][2081.225s][info][gc,heap     ] GC(180) Survivor regions: 3->3(39)
[2025-03-18T14:22:41.356+0100][2081.225s][info][gc,heap     ] GC(180) Old regions: 38->38
[2025-03-18T14:22:41.356+0100][2081.225s][info][gc,heap     ] GC(180) Humongous regions: 1->1
[2025-03-18T14:22:41.356+0100][2081.225s][info][gc,metaspace] GC(180) Metaspace: 28098K(28544K)->28098K(28544K) NonClass: 24465K(24704K)->24465K(24704K) Class: 3632K(3840K)->3632K(3840K)
[2025-03-18T14:22:41.356+0100][2081.225s][info][gc          ] GC(180) Pause Young (Normal) (G1 Evacuation Pause) 1380M->164M(2048M) 8.505ms
[2025-03-18T14:22:41.356+0100][2081.225s][info][gc,cpu      ] GC(180) User=0.04s Sys=0.00s Real=0.01s
[2025-03-18T14:22:58.852+0100][2098.721s][info][gc,start    ] GC(181) Pause Young (Normal) (G1 Evacuation Pause)
[2025-03-18T14:22:58.853+0100][2098.721s][info][gc,task     ] GC(181) Using 9 workers of 9 for evacuation
[2025-03-18T14:22:58.858+0100][2098.727s][info][gc,phases   ] GC(181)   Pre Evacuate Collection Set: 0.4ms
[2025-03-18T14:22:58.858+0100][2098.727s][info][gc,phases   ] GC(181)   Merge Heap Roots: 0.2ms
[2025-03-18T14:22:58.858+0100][2098.727s][info][gc,phases   ] GC(181)   Evacuate Collection Set: 4.1ms
[2025-03-18T14:22:58.858+0100][2098.727s][info][gc,phases   ] GC(181)   Post Evacuate Collection Set: 0.6ms
[2025-03-18T14:22:58.858+0100][2098.727s][info][gc,phases   ] GC(181)   Other: 0.1ms
[2025-03-18T14:22:58.858+0100][2098.727s][info][gc,heap     ] GC(181) Eden regions: 304->0(304)
[2025-03-18T14:22:58.858+0100][2098.727s][info][gc,heap     ] GC(181) Survivor regions: 3->3(39)
[2025-03-18T14:22:58.858+0100][2098.727s][info][gc,heap     ] GC(181) Old regions: 38->38
[2025-03-18T14:22:58.858+0100][2098.727s][info][gc,heap     ] GC(181) Humongous regions: 1->1
[2025-03-18T14:22:58.858+0100][2098.727s][info][gc,metaspace] GC(181) Metaspace: 28098K(28544K)->28098K(28544K) NonClass: 24465K(24704K)->24465K(24704K) Class: 3632K(3840K)->3632K(3840K)
[2025-03-18T14:22:58.858+0100][2098.727s][info][gc          ] GC(181) Pause Young (Normal) (G1 Evacuation Pause) 1380M->164M(2048M) 6.114ms
[2025-03-18T14:22:58.858+0100][2098.727s][info][gc,cpu      ] GC(181) User=0.03s Sys=0.00s Real=0.00s
[2025-03-18T14:23:16.358+0100][2116.227s][info][gc,start    ] GC(182) Pause Young (Normal) (G1 Evacuation Pause)
[2025-03-18T14:23:16.359+0100][2116.228s][info][gc,task     ] GC(182) Using 9 workers of 9 for evacuation
[2025-03-18T14:23:16.366+0100][2116.235s][info][gc,phases   ] GC(182)   Pre Evacuate Collection Set: 0.3ms
[2025-03-18T14:23:16.367+0100][2116.235s][info][gc,phases   ] GC(182)   Merge Heap Roots: 0.1ms
[2025-03-18T14:23:16.367+0100][2116.235s][info][gc,phases   ] GC(182)   Evacuate Collection Set: 5.7ms
[2025-03-18T14:23:16.367+0100][2116.235s][info][gc,phases   ] GC(182)   Post Evacuate Collection Set: 0.8ms
[2025-03-18T14:23:16.367+0100][2116.235s][info][gc,phases   ] GC(182)   Other: 0.1ms
[2025-03-18T14:23:16.367+0100][2116.235s][info][gc,heap     ] GC(182) Eden regions: 304->0(303)
[2025-03-18T14:23:16.367+0100][2116.235s][info][gc,heap     ] GC(182) Survivor regions: 3->4(39)
[2025-03-18T14:23:16.367+0100][2116.235s][info][gc,heap     ] GC(182) Old regions: 38->38
[2025-03-18T14:23:16.367+0100][2116.235s][info][gc,heap     ] GC(182) Humongous regions: 1->1
[2025-03-18T14:23:16.367+0100][2116.235s][info][gc,metaspace] GC(182) Metaspace: 28098K(28544K)->28098K(28544K) NonClass: 24465K(24704K)->24465K(24704K) Class: 3632K(3840K)->3632K(3840K)
[2025-03-18T14:23:16.367+0100][2116.235s][info][gc          ] GC(182) Pause Young (Normal) (G1 Evacuation Pause) 1380M->166M(2048M) 8.819ms
[2025-03-18T14:23:16.367+0100][2116.235s][info][gc,cpu      ] GC(182) User=0.04s Sys=0.01s Real=0.01s
[2025-03-18T14:23:33.855+0100][2133.723s][info][gc,start    ] GC(183) Pause Young (Normal) (G1 Evacuation Pause)
[2025-03-18T14:23:33.855+0100][2133.724s][info][gc,task     ] GC(183) Using 9 workers of 9 for evacuation
[2025-03-18T14:23:33.862+0100][2133.731s][info][gc,phases   ] GC(183)   Pre Evacuate Collection Set: 0.2ms
[2025-03-18T14:23:33.862+0100][2133.731s][info][gc,phases   ] GC(183)   Merge Heap Roots: 0.1ms
[2025-03-18T14:23:33.862+0100][2133.731s][info][gc,phases   ] GC(183)   Evacuate Collection Set: 6.0ms
[2025-03-18T14:23:33.862+0100][2133.731s][info][gc,phases   ] GC(183)   Post Evacuate Collection Set: 0.6ms
[2025-03-18T14:23:33.862+0100][2133.731s][info][gc,phases   ] GC(183)   Other: 0.1ms
[2025-03-18T14:23:33.862+0100][2133.731s][info][gc,heap     ] GC(183) Eden regions: 303->0(303)
[2025-03-18T14:23:33.862+0100][2133.731s][info][gc,heap     ] GC(183) Survivor regions: 4->4(39)
[2025-03-18T14:23:33.862+0100][2133.731s][info][gc,heap     ] GC(183) Old regions: 38->38
[2025-03-18T14:23:33.862+0100][2133.731s][info][gc,heap     ] GC(183) Humongous regions: 1->1
[2025-03-18T14:23:33.862+0100][2133.731s][info][gc,metaspace] GC(183) Metaspace: 28098K(28544K)->28098K(28544K) NonClass: 24465K(24704K)->24465K(24704K) Class: 3632K(3840K)->3632K(3840K)
[2025-03-18T14:23:33.862+0100][2133.731s][info][gc          ] GC(183) Pause Young (Normal) (G1 Evacuation Pause) 1378M->166M(2048M) 7.511ms
[2025-03-18T14:23:33.862+0100][2133.731s][info][gc,cpu      ] GC(183) User=0.04s Sys=0.00s Real=0.01s
[2025-03-18T14:23:51.359+0100][2151.228s][info][gc,start    ] GC(184) Pause Young (Normal) (G1 Evacuation Pause)
[2025-03-18T14:23:51.359+0100][2151.228s][info][gc,task     ] GC(184) Using 9 workers of 9 for evacuation
[2025-03-18T14:23:51.366+0100][2151.234s][info][gc,phases   ] GC(184)   Pre Evacuate Collection Set: 0.2ms
[2025-03-18T14:23:51.366+0100][2151.234s][info][gc,phases   ] GC(184)   Merge Heap Roots: 0.2ms
[2025-03-18T14:23:51.366+0100][2151.234s][info][gc,phases   ] GC(184)   Evacuate Collection Set: 5.5ms
[2025-03-18T14:23:51.366+0100][2151.234s][info][gc,phases   ] GC(184)   Post Evacuate Collection Set: 0.6ms
[2025-03-18T14:23:51.366+0100][2151.234s][info][gc,phases   ] GC(184)   Other: 0.1ms
[2025-03-18T14:23:51.366+0100][2151.234s][info][gc,heap     ] GC(184) Eden regions: 303->0(303)
[2025-03-18T14:23:51.366+0100][2151.234s][info][gc,heap     ] GC(184) Survivor regions: 4->4(39)
[2025-03-18T14:23:51.366+0100][2151.234s][info][gc,heap     ] GC(184) Old regions: 38->38
[2025-03-18T14:23:51.366+0100][2151.234s][info][gc,heap     ] GC(184) Humongous regions: 1->1
[2025-03-18T14:23:51.366+0100][2151.234s][info][gc,metaspace] GC(184) Metaspace: 28098K(28544K)->28098K(28544K) NonClass: 24465K(24704K)->24465K(24704K) Class: 3632K(3840K)->3632K(3840K)
[2025-03-18T14:23:51.366+0100][2151.234s][info][gc          ] GC(184) Pause Young (Normal) (G1 Evacuation Pause) 1378M->166M(2048M) 6.907ms
[2025-03-18T14:23:51.366+0100][2151.234s][info][gc,cpu      ] GC(184) User=0.03s Sys=0.02s Real=0.01s
[2025-03-18T14:24:08.852+0100][2168.721s][info][gc,start    ] GC(185) Pause Young (Normal) (G1 Evacuation Pause)
[2025-03-18T14:24:08.852+0100][2168.721s][info][gc,task     ] GC(185) Using 9 workers of 9 for evacuation
[2025-03-18T14:24:08.857+0100][2168.726s][info][gc,phases   ] GC(185)   Pre Evacuate Collection Set: 0.1ms
[2025-03-18T14:24:08.857+0100][2168.726s][info][gc,phases   ] GC(185)   Merge Heap Roots: 0.1ms
[2025-03-18T14:24:08.857+0100][2168.726s][info][gc,phases   ] GC(185)   Evacuate Collection Set: 4.5ms
[2025-03-18T14:24:08.857+0100][2168.726s][info][gc,phases   ] GC(185)   Post Evacuate Collection Set: 0.4ms
[2025-03-18T14:24:08.857+0100][2168.726s][info][gc,phases   ] GC(185)   Other: 0.1ms
[2025-03-18T14:24:08.857+0100][2168.726s][info][gc,heap     ] GC(185) Eden regions: 303->0(303)
[2025-03-18T14:24:08.857+0100][2168.726s][info][gc,heap     ] GC(185) Survivor regions: 4->4(39)
[2025-03-18T14:24:08.857+0100][2168.726s][info][gc,heap     ] GC(185) Old regions: 38->38
[2025-03-18T14:24:08.857+0100][2168.726s][info][gc,heap     ] GC(185) Humongous regions: 1->1
[2025-03-18T14:24:08.857+0100][2168.726s][info][gc,metaspace] GC(185) Metaspace: 28098K(28544K)->28098K(28544K) NonClass: 24465K(24704K)->24465K(24704K) Class: 3632K(3840K)->3632K(3840K)
[2025-03-18T14:24:08.857+0100][2168.726s][info][gc          ] GC(185) Pause Young (Normal) (G1 Evacuation Pause) 1378M->166M(2048M) 5.343ms
[2025-03-18T14:24:08.857+0100][2168.726s][info][gc,cpu      ] GC(185) User=0.03s Sys=0.01s Real=0.00s
[2025-03-18T14:24:26.357+0100][2186.226s][info][gc,start    ] GC(186) Pause Young (Normal) (G1 Evacuation Pause)
[2025-03-18T14:24:26.357+0100][2186.226s][info][gc,task     ] GC(186) Using 9 workers of 9 for evacuation
[2025-03-18T14:24:26.365+0100][2186.234s][info][gc,phases   ] GC(186)   Pre Evacuate Collection Set: 0.7ms
[2025-03-18T14:24:26.365+0100][2186.234s][info][gc,phases   ] GC(186)   Merge Heap Roots: 0.3ms
[2025-03-18T14:24:26.365+0100][2186.234s][info][gc,phases   ] GC(186)   Evacuate Collection Set: 5.8ms
[2025-03-18T14:24:26.365+0100][2186.234s][info][gc,phases   ] GC(186)   Post Evacuate Collection Set: 0.8ms
[2025-03-18T14:24:26.365+0100][2186.234s][info][gc,phases   ] GC(186)   Other: 0.1ms
[2025-03-18T14:24:26.365+0100][2186.234s][info][gc,heap     ] GC(186) Eden regions: 303->0(304)
[2025-03-18T14:24:26.365+0100][2186.234s][info][gc,heap     ] GC(186) Survivor regions: 4->3(39)
[2025-03-18T14:24:26.365+0100][2186.234s][info][gc,heap     ] GC(186) Old regions: 38->38
[2025-03-18T14:24:26.365+0100][2186.234s][info][gc,heap     ] GC(186) Humongous regions: 1->1
[2025-03-18T14:24:26.365+0100][2186.234s][info][gc,metaspace] GC(186) Metaspace: 28098K(28544K)->28098K(28544K) NonClass: 24465K(24704K)->24465K(24704K) Class: 3632K(3840K)->3632K(3840K)
[2025-03-18T14:24:26.365+0100][2186.234s][info][gc          ] GC(186) Pause Young (Normal) (G1 Evacuation Pause) 1378M->166M(2048M) 8.100ms
[2025-03-18T14:24:26.365+0100][2186.234s][info][gc,cpu      ] GC(186) User=0.04s Sys=0.02s Real=0.01s
[2025-03-18T14:24:40.361+0100][2200.230s][info][gc,start    ] GC(187) Pause Young (Normal) (G1 Evacuation Pause)
[2025-03-18T14:24:40.361+0100][2200.230s][info][gc,task     ] GC(187) Using 9 workers of 9 for evacuation
[2025-03-18T14:24:40.366+0100][2200.235s][info][gc,phases   ] GC(187)   Pre Evacuate Collection Set: 0.1ms
[2025-03-18T14:24:40.366+0100][2200.235s][info][gc,phases   ] GC(187)   Merge Heap Roots: 0.0ms
[2025-03-18T14:24:40.366+0100][2200.235s][info][gc,phases   ] GC(187)   Evacuate Collection Set: 3.9ms
[2025-03-18T14:24:40.366+0100][2200.235s][info][gc,phases   ] GC(187)   Post Evacuate Collection Set: 0.5ms
[2025-03-18T14:24:40.366+0100][2200.235s][info][gc,phases   ] GC(187)   Other: 0.1ms
[2025-03-18T14:24:40.366+0100][2200.235s][info][gc,heap     ] GC(187) Eden regions: 304->0(303)
[2025-03-18T14:24:40.366+0100][2200.235s][info][gc,heap     ] GC(187) Survivor regions: 3->4(39)
[2025-03-18T14:24:40.366+0100][2200.235s][info][gc,heap     ] GC(187) Old regions: 38->38
[2025-03-18T14:24:40.366+0100][2200.235s][info][gc,heap     ] GC(187) Humongous regions: 1->1
[2025-03-18T14:24:40.366+0100][2200.235s][info][gc,metaspace] GC(187) Metaspace: 28098K(28544K)->28098K(28544K) NonClass: 24465K(24704K)->24465K(24704K) Class: 3632K(3840K)->3632K(3840K)
[2025-03-18T14:24:40.366+0100][2200.235s][info][gc          ] GC(187) Pause Young (Normal) (G1 Evacuation Pause) 1382M->167M(2048M) 4.762ms
[2025-03-18T14:24:40.366+0100][2200.235s][info][gc,cpu      ] GC(187) User=0.03s Sys=0.01s Real=0.00s
[2025-03-18T14:24:56.367+0100][2216.235s][info][gc,start    ] GC(188) Pause Young (Normal) (G1 Evacuation Pause)
[2025-03-18T14:24:56.367+0100][2216.235s][info][gc,task     ] GC(188) Using 9 workers of 9 for evacuation
[2025-03-18T14:24:56.372+0100][2216.241s][info][gc,phases   ] GC(188)   Pre Evacuate Collection Set: 0.2ms
[2025-03-18T14:24:56.372+0100][2216.241s][info][gc,phases   ] GC(188)   Merge Heap Roots: 0.1ms
[2025-03-18T14:24:56.372+0100][2216.241s][info][gc,phases   ] GC(188)   Evacuate Collection Set: 4.2ms
[2025-03-18T14:24:56.372+0100][2216.241s][info][gc,phases   ] GC(188)   Post Evacuate Collection Set: 0.6ms
[2025-03-18T14:24:56.372+0100][2216.241s][info][gc,phases   ] GC(188)   Other: 0.1ms
[2025-03-18T14:24:56.372+0100][2216.241s][info][gc,heap     ] GC(188) Eden regions: 303->0(303)
[2025-03-18T14:24:56.372+0100][2216.241s][info][gc,heap     ] GC(188) Survivor regions: 4->4(39)
[2025-03-18T14:24:56.372+0100][2216.241s][info][gc,heap     ] GC(188) Old regions: 38->38
[2025-03-18T14:24:56.372+0100][2216.241s][info][gc,heap     ] GC(188) Humongous regions: 1->1
[2025-03-18T14:24:56.372+0100][2216.241s][info][gc,metaspace] GC(188) Metaspace: 28098K(28544K)->28098K(28544K) NonClass: 24465K(24704K)->24465K(24704K) Class: 3632K(3840K)->3632K(3840K)
[2025-03-18T14:24:56.372+0100][2216.241s][info][gc          ] GC(188) Pause Young (Normal) (G1 Evacuation Pause) 1379M->168M(2048M) 5.583ms
[2025-03-18T14:24:56.372+0100][2216.241s][info][gc,cpu      ] GC(188) User=0.04s Sys=0.00s Real=0.01s
[2025-03-18T14:25:13.869+0100][2233.738s][info][gc,start    ] GC(189) Pause Young (Normal) (G1 Evacuation Pause)
[2025-03-18T14:25:13.870+0100][2233.738s][info][gc,task     ] GC(189) Using 9 workers of 9 for evacuation
[2025-03-18T14:25:13.879+0100][2233.747s][info][gc,phases   ] GC(189)   Pre Evacuate Collection Set: 0.3ms
[2025-03-18T14:25:13.879+0100][2233.747s][info][gc,phases   ] GC(189)   Merge Heap Roots: 0.3ms
[2025-03-18T14:25:13.879+0100][2233.747s][info][gc,phases   ] GC(189)   Evacuate Collection Set: 7.7ms
[2025-03-18T14:25:13.879+0100][2233.747s][info][gc,phases   ] GC(189)   Post Evacuate Collection Set: 0.7ms
[2025-03-18T14:25:13.879+0100][2233.747s][info][gc,phases   ] GC(189)   Other: 0.1ms
[2025-03-18T14:25:13.879+0100][2233.747s][info][gc,heap     ] GC(189) Eden regions: 303->0(303)
[2025-03-18T14:25:13.879+0100][2233.747s][info][gc,heap     ] GC(189) Survivor regions: 4->4(39)
[2025-03-18T14:25:13.879+0100][2233.747s][info][gc,heap     ] GC(189) Old regions: 38->38
[2025-03-18T14:25:13.879+0100][2233.747s][info][gc,heap     ] GC(189) Humongous regions: 1->1
[2025-03-18T14:25:13.879+0100][2233.747s][info][gc,metaspace] GC(189) Metaspace: 28098K(28544K)->28098K(28544K) NonClass: 24465K(24704K)->24465K(24704K) Class: 3632K(3840K)->3632K(3840K)
[2025-03-18T14:25:13.879+0100][2233.747s][info][gc          ] GC(189) Pause Young (Normal) (G1 Evacuation Pause) 1380M->168M(2048M) 9.672ms
[2025-03-18T14:25:13.879+0100][2233.747s][info][gc,cpu      ] GC(189) User=0.03s Sys=0.02s Real=0.01s
[2025-03-18T14:25:31.367+0100][2251.235s][info][gc,start    ] GC(190) Pause Young (Normal) (G1 Evacuation Pause)
[2025-03-18T14:25:31.367+0100][2251.235s][info][gc,task     ] GC(190) Using 9 workers of 9 for evacuation
[2025-03-18T14:25:31.373+0100][2251.241s][info][gc,phases   ] GC(190)   Pre Evacuate Collection Set: 0.2ms
[2025-03-18T14:25:31.373+0100][2251.241s][info][gc,phases   ] GC(190)   Merge Heap Roots: 0.1ms
[2025-03-18T14:25:31.373+0100][2251.241s][info][gc,phases   ] GC(190)   Evacuate Collection Set: 5.0ms
[2025-03-18T14:25:31.373+0100][2251.241s][info][gc,phases   ] GC(190)   Post Evacuate Collection Set: 0.5ms
[2025-03-18T14:25:31.373+0100][2251.241s][info][gc,phases   ] GC(190)   Other: 0.1ms
[2025-03-18T14:25:31.373+0100][2251.241s][info][gc,heap     ] GC(190) Eden regions: 303->0(303)
[2025-03-18T14:25:31.373+0100][2251.241s][info][gc,heap     ] GC(190) Survivor regions: 4->4(39)
[2025-03-18T14:25:31.373+0100][2251.242s][info][gc,heap     ] GC(190) Old regions: 38->38
[2025-03-18T14:25:31.373+0100][2251.242s][info][gc,heap     ] GC(190) Humongous regions: 1->1
[2025-03-18T14:25:31.373+0100][2251.242s][info][gc,metaspace] GC(190) Metaspace: 28098K(28544K)->28098K(28544K) NonClass: 24465K(24704K)->24465K(24704K) Class: 3632K(3840K)->3632K(3840K)
[2025-03-18T14:25:31.373+0100][2251.242s][info][gc          ] GC(190) Pause Young (Normal) (G1 Evacuation Pause) 1380M->168M(2048M) 6.219ms
[2025-03-18T14:25:31.373+0100][2251.242s][info][gc,cpu      ] GC(190) User=0.04s Sys=0.01s Real=0.01s
[2025-03-18T14:25:48.842+0100][2268.711s][info][gc,start    ] GC(191) Pause Young (Normal) (G1 Evacuation Pause)
[2025-03-18T14:25:48.843+0100][2268.711s][info][gc,task     ] GC(191) Using 9 workers of 9 for evacuation
[2025-03-18T14:25:48.849+0100][2268.717s][info][gc,phases   ] GC(191)   Pre Evacuate Collection Set: 0.5ms
[2025-03-18T14:25:48.849+0100][2268.717s][info][gc,phases   ] GC(191)   Merge Heap Roots: 0.3ms
[2025-03-18T14:25:48.849+0100][2268.717s][info][gc,phases   ] GC(191)   Evacuate Collection Set: 4.5ms
[2025-03-18T14:25:48.849+0100][2268.717s][info][gc,phases   ] GC(191)   Post Evacuate Collection Set: 0.5ms
[2025-03-18T14:25:48.849+0100][2268.717s][info][gc,phases   ] GC(191)   Other: 0.2ms
[2025-03-18T14:25:48.849+0100][2268.717s][info][gc,heap     ] GC(191) Eden regions: 303->0(304)
[2025-03-18T14:25:48.849+0100][2268.717s][info][gc,heap     ] GC(191) Survivor regions: 4->3(39)
[2025-03-18T14:25:48.849+0100][2268.717s][info][gc,heap     ] GC(191) Old regions: 38->38
[2025-03-18T14:25:48.849+0100][2268.717s][info][gc,heap     ] GC(191) Humongous regions: 1->1
[2025-03-18T14:25:48.849+0100][2268.717s][info][gc,metaspace] GC(191) Metaspace: 28098K(28544K)->28098K(28544K) NonClass: 24465K(24704K)->24465K(24704K) Class: 3632K(3840K)->3632K(3840K)
[2025-03-18T14:25:48.849+0100][2268.717s][info][gc          ] GC(191) Pause Young (Normal) (G1 Evacuation Pause) 1380M->167M(2048M) 6.549ms
[2025-03-18T14:25:48.849+0100][2268.717s][info][gc,cpu      ] GC(191) User=0.04s Sys=0.00s Real=0.00s
[2025-03-18T14:26:06.346+0100][2286.214s][info][gc,start    ] GC(192) Pause Young (Normal) (G1 Evacuation Pause)
[2025-03-18T14:26:06.346+0100][2286.214s][info][gc,task     ] GC(192) Using 9 workers of 9 for evacuation
[2025-03-18T14:26:06.356+0100][2286.224s][info][gc,phases   ] GC(192)   Pre Evacuate Collection Set: 0.3ms
[2025-03-18T14:26:06.356+0100][2286.224s][info][gc,phases   ] GC(192)   Merge Heap Roots: 0.2ms
[2025-03-18T14:26:06.356+0100][2286.224s][info][gc,phases   ] GC(192)   Evacuate Collection Set: 8.8ms
[2025-03-18T14:26:06.356+0100][2286.224s][info][gc,phases   ] GC(192)   Post Evacuate Collection Set: 0.5ms
[2025-03-18T14:26:06.356+0100][2286.224s][info][gc,phases   ] GC(192)   Other: 0.1ms
[2025-03-18T14:26:06.356+0100][2286.224s][info][gc,heap     ] GC(192) Eden regions: 304->0(304)
[2025-03-18T14:26:06.356+0100][2286.224s][info][gc,heap     ] GC(192) Survivor regions: 3->3(39)
[2025-03-18T14:26:06.356+0100][2286.224s][info][gc,heap     ] GC(192) Old regions: 38->38
[2025-03-18T14:26:06.356+0100][2286.224s][info][gc,heap     ] GC(192) Humongous regions: 1->1
[2025-03-18T14:26:06.356+0100][2286.224s][info][gc,metaspace] GC(192) Metaspace: 28098K(28544K)->28098K(28544K) NonClass: 24465K(24704K)->24465K(24704K) Class: 3632K(3840K)->3632K(3840K)
[2025-03-18T14:26:06.356+0100][2286.224s][info][gc          ] GC(192) Pause Young (Normal) (G1 Evacuation Pause) 1383M->165M(2048M) 10.226ms
[2025-03-18T14:26:06.356+0100][2286.224s][info][gc,cpu      ] GC(192) User=0.03s Sys=0.00s Real=0.01s
[2025-03-18T14:26:23.871+0100][2303.739s][info][gc,start    ] GC(193) Pause Young (Normal) (G1 Evacuation Pause)
[2025-03-18T14:26:23.871+0100][2303.739s][info][gc,task     ] GC(193) Using 9 workers of 9 for evacuation
[2025-03-18T14:26:23.877+0100][2303.745s][info][gc,phases   ] GC(193)   Pre Evacuate Collection Set: 0.3ms
[2025-03-18T14:26:23.877+0100][2303.745s][info][gc,phases   ] GC(193)   Merge Heap Roots: 0.1ms
[2025-03-18T14:26:23.877+0100][2303.745s][info][gc,phases   ] GC(193)   Evacuate Collection Set: 4.3ms
[2025-03-18T14:26:23.877+0100][2303.745s][info][gc,phases   ] GC(193)   Post Evacuate Collection Set: 0.5ms
[2025-03-18T14:26:23.877+0100][2303.745s][info][gc,phases   ] GC(193)   Other: 0.1ms
[2025-03-18T14:26:23.877+0100][2303.745s][info][gc,heap     ] GC(193) Eden regions: 304->0(303)
[2025-03-18T14:26:23.877+0100][2303.745s][info][gc,heap     ] GC(193) Survivor regions: 3->4(39)
[2025-03-18T14:26:23.877+0100][2303.745s][info][gc,heap     ] GC(193) Old regions: 38->38
[2025-03-18T14:26:23.877+0100][2303.745s][info][gc,heap     ] GC(193) Humongous regions: 1->1
[2025-03-18T14:26:23.877+0100][2303.745s][info][gc,metaspace] GC(193) Metaspace: 28098K(28544K)->28098K(28544K) NonClass: 24465K(24704K)->24465K(24704K) Class: 3632K(3840K)->3632K(3840K)
[2025-03-18T14:26:23.877+0100][2303.745s][info][gc          ] GC(193) Pause Young (Normal) (G1 Evacuation Pause) 1381M->167M(2048M) 5.720ms
[2025-03-18T14:26:23.877+0100][2303.745s][info][gc,cpu      ] GC(193) User=0.04s Sys=0.01s Real=0.00s
[2025-03-18T14:26:41.348+0100][2321.216s][info][gc,start    ] GC(194) Pause Young (Normal) (G1 Evacuation Pause)
[2025-03-18T14:26:41.348+0100][2321.216s][info][gc,task     ] GC(194) Using 9 workers of 9 for evacuation
[2025-03-18T14:26:41.351+0100][2321.219s][info][gc,phases   ] GC(194)   Pre Evacuate Collection Set: 0.1ms
[2025-03-18T14:26:41.351+0100][2321.219s][info][gc,phases   ] GC(194)   Merge Heap Roots: 0.1ms
[2025-03-18T14:26:41.351+0100][2321.219s][info][gc,phases   ] GC(194)   Evacuate Collection Set: 2.6ms
[2025-03-18T14:26:41.351+0100][2321.219s][info][gc,phases   ] GC(194)   Post Evacuate Collection Set: 0.5ms
[2025-03-18T14:26:41.351+0100][2321.219s][info][gc,phases   ] GC(194)   Other: 0.1ms
[2025-03-18T14:26:41.351+0100][2321.219s][info][gc,heap     ] GC(194) Eden regions: 303->0(304)
[2025-03-18T14:26:41.351+0100][2321.219s][info][gc,heap     ] GC(194) Survivor regions: 4->3(39)
[2025-03-18T14:26:41.351+0100][2321.219s][info][gc,heap     ] GC(194) Old regions: 38->38
[2025-03-18T14:26:41.351+0100][2321.219s][info][gc,heap     ] GC(194) Humongous regions: 1->1
[2025-03-18T14:26:41.351+0100][2321.219s][info][gc,metaspace] GC(194) Metaspace: 28098K(28544K)->28098K(28544K) NonClass: 24465K(24704K)->24465K(24704K) Class: 3632K(3840K)->3632K(3840K)
[2025-03-18T14:26:41.351+0100][2321.219s][info][gc          ] GC(194) Pause Young (Normal) (G1 Evacuation Pause) 1379M->165M(2048M) 3.497ms
[2025-03-18T14:26:41.351+0100][2321.219s][info][gc,cpu      ] GC(194) User=0.02s Sys=0.00s Real=0.01s
[2025-03-18T14:26:58.851+0100][2338.719s][info][gc,start    ] GC(195) Pause Young (Normal) (G1 Evacuation Pause)
[2025-03-18T14:26:58.851+0100][2338.720s][info][gc,task     ] GC(195) Using 9 workers of 9 for evacuation
[2025-03-18T14:26:58.857+0100][2338.725s][info][gc,phases   ] GC(195)   Pre Evacuate Collection Set: 0.1ms
[2025-03-18T14:26:58.857+0100][2338.725s][info][gc,phases   ] GC(195)   Merge Heap Roots: 0.1ms
[2025-03-18T14:26:58.857+0100][2338.725s][info][gc,phases   ] GC(195)   Evacuate Collection Set: 4.3ms
[2025-03-18T14:26:58.857+0100][2338.725s][info][gc,phases   ] GC(195)   Post Evacuate Collection Set: 0.7ms
[2025-03-18T14:26:58.857+0100][2338.725s][info][gc,phases   ] GC(195)   Other: 0.1ms
[2025-03-18T14:26:58.857+0100][2338.725s][info][gc,heap     ] GC(195) Eden regions: 304->0(304)
[2025-03-18T14:26:58.857+0100][2338.725s][info][gc,heap     ] GC(195) Survivor regions: 3->3(39)
[2025-03-18T14:26:58.857+0100][2338.725s][info][gc,heap     ] GC(195) Old regions: 38->38
[2025-03-18T14:26:58.857+0100][2338.725s][info][gc,heap     ] GC(195) Humongous regions: 1->1
[2025-03-18T14:26:58.857+0100][2338.725s][info][gc,metaspace] GC(195) Metaspace: 28098K(28544K)->28098K(28544K) NonClass: 24465K(24704K)->24465K(24704K) Class: 3632K(3840K)->3632K(3840K)
[2025-03-18T14:26:58.857+0100][2338.725s][info][gc          ] GC(195) Pause Young (Normal) (G1 Evacuation Pause) 1381M->166M(2048M) 5.527ms
[2025-03-18T14:26:58.857+0100][2338.725s][info][gc,cpu      ] GC(195) User=0.04s Sys=0.00s Real=0.00s
[2025-03-18T14:27:11.357+0100][2351.226s][info][gc,start    ] GC(196) Pause Young (Normal) (G1 Evacuation Pause)
[2025-03-18T14:27:11.358+0100][2351.226s][info][gc,task     ] GC(196) Using 9 workers of 9 for evacuation
[2025-03-18T14:27:11.362+0100][2351.230s][info][gc,phases   ] GC(196)   Pre Evacuate Collection Set: 0.1ms
[2025-03-18T14:27:11.362+0100][2351.230s][info][gc,phases   ] GC(196)   Merge Heap Roots: 0.1ms
[2025-03-18T14:27:11.362+0100][2351.230s][info][gc,phases   ] GC(196)   Evacuate Collection Set: 3.4ms
[2025-03-18T14:27:11.362+0100][2351.230s][info][gc,phases   ] GC(196)   Post Evacuate Collection Set: 0.5ms
[2025-03-18T14:27:11.362+0100][2351.230s][info][gc,phases   ] GC(196)   Other: 0.1ms
[2025-03-18T14:27:11.362+0100][2351.230s][info][gc,heap     ] GC(196) Eden regions: 304->0(303)
[2025-03-18T14:27:11.362+0100][2351.230s][info][gc,heap     ] GC(196) Survivor regions: 3->4(39)
[2025-03-18T14:27:11.362+0100][2351.230s][info][gc,heap     ] GC(196) Old regions: 38->38
[2025-03-18T14:27:11.362+0100][2351.230s][info][gc,heap     ] GC(196) Humongous regions: 1->1
[2025-03-18T14:27:11.362+0100][2351.230s][info][gc,metaspace] GC(196) Metaspace: 28098K(28544K)->28098K(28544K) NonClass: 24465K(24704K)->24465K(24704K) Class: 3632K(3840K)->3632K(3840K)
[2025-03-18T14:27:11.362+0100][2351.230s][info][gc          ] GC(196) Pause Young (Normal) (G1 Evacuation Pause) 1382M->168M(2048M) 4.367ms
[2025-03-18T14:27:11.362+0100][2351.230s][info][gc,cpu      ] GC(196) User=0.02s Sys=0.00s Real=0.01s
[2025-03-18T14:27:28.372+0100][2368.240s][info][gc,start    ] GC(197) Pause Young (Normal) (G1 Evacuation Pause)
[2025-03-18T14:27:28.373+0100][2368.241s][info][gc,task     ] GC(197) Using 9 workers of 9 for evacuation
[2025-03-18T14:27:28.377+0100][2368.245s][info][gc,phases   ] GC(197)   Pre Evacuate Collection Set: 0.2ms
[2025-03-18T14:27:28.377+0100][2368.245s][info][gc,phases   ] GC(197)   Merge Heap Roots: 0.1ms
[2025-03-18T14:27:28.377+0100][2368.245s][info][gc,phases   ] GC(197)   Evacuate Collection Set: 2.8ms
[2025-03-18T14:27:28.377+0100][2368.245s][info][gc,phases   ] GC(197)   Post Evacuate Collection Set: 0.5ms
[2025-03-18T14:27:28.377+0100][2368.245s][info][gc,phases   ] GC(197)   Other: 0.1ms
[2025-03-18T14:27:28.377+0100][2368.245s][info][gc,heap     ] GC(197) Eden regions: 303->0(304)
[2025-03-18T14:27:28.377+0100][2368.245s][info][gc,heap     ] GC(197) Survivor regions: 4->3(39)
[2025-03-18T14:27:28.377+0100][2368.245s][info][gc,heap     ] GC(197) Old regions: 38->38
[2025-03-18T14:27:28.377+0100][2368.245s][info][gc,heap     ] GC(197) Humongous regions: 1->1
[2025-03-18T14:27:28.377+0100][2368.245s][info][gc,metaspace] GC(197) Metaspace: 28098K(28544K)->28098K(28544K) NonClass: 24465K(24704K)->24465K(24704K) Class: 3632K(3840K)->3632K(3840K)
[2025-03-18T14:27:28.377+0100][2368.245s][info][gc          ] GC(197) Pause Young (Normal) (G1 Evacuation Pause) 1380M->165M(2048M) 4.775ms
[2025-03-18T14:27:28.377+0100][2368.245s][info][gc,cpu      ] GC(197) User=0.02s Sys=0.00s Real=0.00s
[2025-03-18T14:27:45.928+0100][2385.802s][info][gc,start    ] GC(198) Pause Young (Normal) (G1 Evacuation Pause)
[2025-03-18T14:27:45.928+0100][2385.803s][info][gc,task     ] GC(198) Using 9 workers of 9 for evacuation
[2025-03-18T14:27:45.931+0100][2385.805s][info][gc,phases   ] GC(198)   Pre Evacuate Collection Set: 0.1ms
[2025-03-18T14:27:45.931+0100][2385.805s][info][gc,phases   ] GC(198)   Merge Heap Roots: 0.1ms
[2025-03-18T14:27:45.931+0100][2385.805s][info][gc,phases   ] GC(198)   Evacuate Collection Set: 1.9ms
[2025-03-18T14:27:45.931+0100][2385.805s][info][gc,phases   ] GC(198)   Post Evacuate Collection Set: 0.4ms
[2025-03-18T14:27:45.931+0100][2385.805s][info][gc,phases   ] GC(198)   Other: 0.1ms
[2025-03-18T14:27:45.931+0100][2385.805s][info][gc,heap     ] GC(198) Eden regions: 304->0(304)
[2025-03-18T14:27:45.931+0100][2385.805s][info][gc,heap     ] GC(198) Survivor regions: 3->3(39)
[2025-03-18T14:27:45.931+0100][2385.805s][info][gc,heap     ] GC(198) Old regions: 38->38
[2025-03-18T14:27:45.931+0100][2385.805s][info][gc,heap     ] GC(198) Humongous regions: 1->1
[2025-03-18T14:27:45.931+0100][2385.805s][info][gc,metaspace] GC(198) Metaspace: 28098K(28544K)->28098K(28544K) NonClass: 24465K(24704K)->24465K(24704K) Class: 3632K(3840K)->3632K(3840K)
[2025-03-18T14:27:45.931+0100][2385.805s][info][gc          ] GC(198) Pause Young (Normal) (G1 Evacuation Pause) 1381M->165M(2048M) 3.578ms
[2025-03-18T14:27:45.931+0100][2385.805s][info][gc,cpu      ] GC(198) User=0.01s Sys=0.00s Real=0.01s
[2025-03-18T14:28:03.385+0100][2403.263s][info][gc,start    ] GC(199) Pause Young (Normal) (G1 Evacuation Pause)
[2025-03-18T14:28:03.386+0100][2403.264s][info][gc,task     ] GC(199) Using 9 workers of 9 for evacuation
[2025-03-18T14:28:03.391+0100][2403.270s][info][gc,phases   ] GC(199)   Pre Evacuate Collection Set: 0.2ms
[2025-03-18T14:28:03.391+0100][2403.270s][info][gc,phases   ] GC(199)   Merge Heap Roots: 0.1ms
[2025-03-18T14:28:03.391+0100][2403.270s][info][gc,phases   ] GC(199)   Evacuate Collection Set: 4.3ms
[2025-03-18T14:28:03.391+0100][2403.270s][info][gc,phases   ] GC(199)   Post Evacuate Collection Set: 0.4ms
[2025-03-18T14:28:03.391+0100][2403.270s][info][gc,phases   ] GC(199)   Other: 0.1ms
[2025-03-18T14:28:03.391+0100][2403.270s][info][gc,heap     ] GC(199) Eden regions: 304->0(303)
[2025-03-18T14:28:03.391+0100][2403.270s][info][gc,heap     ] GC(199) Survivor regions: 3->4(39)
[2025-03-18T14:28:03.391+0100][2403.270s][info][gc,heap     ] GC(199) Old regions: 38->38
[2025-03-18T14:28:03.391+0100][2403.270s][info][gc,heap     ] GC(199) Humongous regions: 1->1
[2025-03-18T14:28:03.391+0100][2403.270s][info][gc,metaspace] GC(199) Metaspace: 28098K(28544K)->28098K(28544K) NonClass: 24465K(24704K)->24465K(24704K) Class: 3632K(3840K)->3632K(3840K)
[2025-03-18T14:28:03.392+0100][2403.270s][info][gc          ] GC(199) Pause Young (Normal) (G1 Evacuation Pause) 1381M->170M(2048M) 6.930ms
[2025-03-18T14:28:03.392+0100][2403.270s][info][gc,cpu      ] GC(199) User=0.03s Sys=0.01s Real=0.01s
[2025-03-18T14:28:20.874+0100][2420.754s][info][gc,start    ] GC(200) Pause Young (Normal) (G1 Evacuation Pause)
[2025-03-18T14:28:20.876+0100][2420.756s][info][gc,task     ] GC(200) Using 9 workers of 9 for evacuation
[2025-03-18T14:28:20.882+0100][2420.761s][info][gc,phases   ] GC(200)   Pre Evacuate Collection Set: 0.2ms
[2025-03-18T14:28:20.882+0100][2420.761s][info][gc,phases   ] GC(200)   Merge Heap Roots: 0.1ms
[2025-03-18T14:28:20.882+0100][2420.761s][info][gc,phases   ] GC(200)   Evacuate Collection Set: 4.7ms
[2025-03-18T14:28:20.882+0100][2420.762s][info][gc,phases   ] GC(200)   Post Evacuate Collection Set: 0.6ms
[2025-03-18T14:28:20.882+0100][2420.762s][info][gc,phases   ] GC(200)   Other: 0.1ms
[2025-03-18T14:28:20.882+0100][2420.762s][info][gc,heap     ] GC(200) Eden regions: 303->0(303)
[2025-03-18T14:28:20.882+0100][2420.762s][info][gc,heap     ] GC(200) Survivor regions: 4->4(39)
[2025-03-18T14:28:20.882+0100][2420.762s][info][gc,heap     ] GC(200) Old regions: 38->38
[2025-03-18T14:28:20.882+0100][2420.762s][info][gc,heap     ] GC(200) Humongous regions: 1->1
[2025-03-18T14:28:20.882+0100][2420.762s][info][gc,metaspace] GC(200) Metaspace: 28098K(28544K)->28098K(28544K) NonClass: 24465K(24704K)->24465K(24704K) Class: 3632K(3840K)->3632K(3840K)
[2025-03-18T14:28:20.882+0100][2420.762s][info][gc          ] GC(200) Pause Young (Normal) (G1 Evacuation Pause) 1382M->169M(2048M) 7.547ms
[2025-03-18T14:28:20.882+0100][2420.762s][info][gc,cpu      ] GC(200) User=0.04s Sys=0.01s Real=0.01s
[2025-03-18T14:28:35.341+0100][2435.221s][info][gc,start    ] GC(201) Pause Young (Normal) (G1 Evacuation Pause)
[2025-03-18T14:28:35.342+0100][2435.222s][info][gc,task     ] GC(201) Using 9 workers of 9 for evacuation
[2025-03-18T14:28:35.352+0100][2435.232s][info][gc,phases   ] GC(201)   Pre Evacuate Collection Set: 0.5ms
[2025-03-18T14:28:35.352+0100][2435.232s][info][gc,phases   ] GC(201)   Merge Heap Roots: 0.1ms
[2025-03-18T14:28:35.352+0100][2435.232s][info][gc,phases   ] GC(201)   Evacuate Collection Set: 7.9ms
[2025-03-18T14:28:35.352+0100][2435.232s][info][gc,phases   ] GC(201)   Post Evacuate Collection Set: 0.8ms
[2025-03-18T14:28:35.352+0100][2435.232s][info][gc,phases   ] GC(201)   Other: 0.2ms
[2025-03-18T14:28:35.352+0100][2435.232s][info][gc,heap     ] GC(201) Eden regions: 303->0(304)
[2025-03-18T14:28:35.352+0100][2435.232s][info][gc,heap     ] GC(201) Survivor regions: 4->3(39)
[2025-03-18T14:28:35.352+0100][2435.232s][info][gc,heap     ] GC(201) Old regions: 38->38
[2025-03-18T14:28:35.352+0100][2435.232s][info][gc,heap     ] GC(201) Humongous regions: 1->1
[2025-03-18T14:28:35.352+0100][2435.232s][info][gc,metaspace] GC(201) Metaspace: 28098K(28544K)->28098K(28544K) NonClass: 24465K(24704K)->24465K(24704K) Class: 3632K(3840K)->3632K(3840K)
[2025-03-18T14:28:35.352+0100][2435.232s][info][gc          ] GC(201) Pause Young (Normal) (G1 Evacuation Pause) 1381M->166M(2048M) 10.664ms
[2025-03-18T14:28:35.352+0100][2435.232s][info][gc,cpu      ] GC(201) User=0.05s Sys=0.01s Real=0.01s
[2025-03-18T14:28:45.850+0100][2445.730s][info][gc,start    ] GC(202) Pause Young (Normal) (G1 Evacuation Pause)
[2025-03-18T14:28:45.850+0100][2445.730s][info][gc,task     ] GC(202) Using 9 workers of 9 for evacuation
[2025-03-18T14:28:45.854+0100][2445.734s][info][gc,phases   ] GC(202)   Pre Evacuate Collection Set: 0.1ms
[2025-03-18T14:28:45.854+0100][2445.734s][info][gc,phases   ] GC(202)   Merge Heap Roots: 0.1ms
[2025-03-18T14:28:45.854+0100][2445.734s][info][gc,phases   ] GC(202)   Evacuate Collection Set: 3.3ms
[2025-03-18T14:28:45.854+0100][2445.734s][info][gc,phases   ] GC(202)   Post Evacuate Collection Set: 0.4ms
[2025-03-18T14:28:45.854+0100][2445.734s][info][gc,phases   ] GC(202)   Other: 0.1ms
[2025-03-18T14:28:45.854+0100][2445.734s][info][gc,heap     ] GC(202) Eden regions: 304->0(303)
[2025-03-18T14:28:45.854+0100][2445.734s][info][gc,heap     ] GC(202) Survivor regions: 3->4(39)
[2025-03-18T14:28:45.854+0100][2445.734s][info][gc,heap     ] GC(202) Old regions: 38->39
[2025-03-18T14:28:45.854+0100][2445.734s][info][gc,heap     ] GC(202) Humongous regions: 1->1
[2025-03-18T14:28:45.854+0100][2445.734s][info][gc,metaspace] GC(202) Metaspace: 28098K(28544K)->28098K(28544K) NonClass: 24465K(24704K)->24465K(24704K) Class: 3632K(3840K)->3632K(3840K)
[2025-03-18T14:28:45.854+0100][2445.734s][info][gc          ] GC(202) Pause Young (Normal) (G1 Evacuation Pause) 1382M->168M(2048M) 4.095ms
[2025-03-18T14:28:45.854+0100][2445.734s][info][gc,cpu      ] GC(202) User=0.02s Sys=0.00s Real=0.00s
[2025-03-18T14:28:57.903+0100][2457.783s][info][gc,start    ] GC(203) Pause Young (Normal) (G1 Evacuation Pause)
[2025-03-18T14:28:57.904+0100][2457.784s][info][gc,task     ] GC(203) Using 9 workers of 9 for evacuation
[2025-03-18T14:28:57.907+0100][2457.787s][info][gc,phases   ] GC(203)   Pre Evacuate Collection Set: 0.2ms
[2025-03-18T14:28:57.907+0100][2457.787s][info][gc,phases   ] GC(203)   Merge Heap Roots: 0.1ms
[2025-03-18T14:28:57.907+0100][2457.787s][info][gc,phases   ] GC(203)   Evacuate Collection Set: 2.8ms
[2025-03-18T14:28:57.907+0100][2457.787s][info][gc,phases   ] GC(203)   Post Evacuate Collection Set: 0.4ms
[2025-03-18T14:28:57.907+0100][2457.787s][info][gc,phases   ] GC(203)   Other: 0.1ms
[2025-03-18T14:28:57.907+0100][2457.787s][info][gc,heap     ] GC(203) Eden regions: 303->0(303)
[2025-03-18T14:28:57.907+0100][2457.787s][info][gc,heap     ] GC(203) Survivor regions: 4->4(39)
[2025-03-18T14:28:57.907+0100][2457.787s][info][gc,heap     ] GC(203) Old regions: 39->39
[2025-03-18T14:28:57.907+0100][2457.787s][info][gc,heap     ] GC(203) Humongous regions: 1->1
[2025-03-18T14:28:57.907+0100][2457.787s][info][gc,metaspace] GC(203) Metaspace: 28098K(28544K)->28098K(28544K) NonClass: 24465K(24704K)->24465K(24704K) Class: 3632K(3840K)->3632K(3840K)
[2025-03-18T14:28:57.907+0100][2457.788s][info][gc          ] GC(203) Pause Young (Normal) (G1 Evacuation Pause) 1380M->169M(2048M) 4.666ms
[2025-03-18T14:28:57.907+0100][2457.788s][info][gc,cpu      ] GC(203) User=0.02s Sys=0.00s Real=0.00s
[2025-03-18T14:29:15.365+0100][2475.245s][info][gc,start    ] GC(204) Pause Young (Normal) (G1 Evacuation Pause)
[2025-03-18T14:29:15.366+0100][2475.246s][info][gc,task     ] GC(204) Using 9 workers of 9 for evacuation
[2025-03-18T14:29:15.372+0100][2475.252s][info][gc,phases   ] GC(204)   Pre Evacuate Collection Set: 0.2ms
[2025-03-18T14:29:15.372+0100][2475.252s][info][gc,phases   ] GC(204)   Merge Heap Roots: 0.1ms
[2025-03-18T14:29:15.372+0100][2475.252s][info][gc,phases   ] GC(204)   Evacuate Collection Set: 4.5ms
[2025-03-18T14:29:15.372+0100][2475.252s][info][gc,phases   ] GC(204)   Post Evacuate Collection Set: 0.6ms
[2025-03-18T14:29:15.372+0100][2475.252s][info][gc,phases   ] GC(204)   Other: 0.1ms
[2025-03-18T14:29:15.372+0100][2475.252s][info][gc,heap     ] GC(204) Eden regions: 303->0(303)
[2025-03-18T14:29:15.372+0100][2475.252s][info][gc,heap     ] GC(204) Survivor regions: 4->4(39)
[2025-03-18T14:29:15.372+0100][2475.252s][info][gc,heap     ] GC(204) Old regions: 39->39
[2025-03-18T14:29:15.372+0100][2475.252s][info][gc,heap     ] GC(204) Humongous regions: 1->1
[2025-03-18T14:29:15.372+0100][2475.252s][info][gc,metaspace] GC(204) Metaspace: 28100K(28544K)->28100K(28544K) NonClass: 24467K(24704K)->24467K(24704K) Class: 3632K(3840K)->3632K(3840K)
[2025-03-18T14:29:15.372+0100][2475.252s][info][gc          ] GC(204) Pause Young (Normal) (G1 Evacuation Pause) 1381M->169M(2048M) 6.870ms
[2025-03-18T14:29:15.372+0100][2475.252s][info][gc,cpu      ] GC(204) User=0.04s Sys=0.00s Real=0.01s
[2025-03-18T14:29:32.750+0100][2492.630s][info][gc,start    ] GC(205) Pause Young (Normal) (G1 Evacuation Pause)
[2025-03-18T14:29:32.750+0100][2492.630s][info][gc,task     ] GC(205) Using 9 workers of 9 for evacuation
[2025-03-18T14:29:32.755+0100][2492.635s][info][gc,phases   ] GC(205)   Pre Evacuate Collection Set: 0.2ms
[2025-03-18T14:29:32.755+0100][2492.635s][info][gc,phases   ] GC(205)   Merge Heap Roots: 0.1ms
[2025-03-18T14:29:32.755+0100][2492.635s][info][gc,phases   ] GC(205)   Evacuate Collection Set: 3.8ms
[2025-03-18T14:29:32.755+0100][2492.635s][info][gc,phases   ] GC(205)   Post Evacuate Collection Set: 0.5ms
[2025-03-18T14:29:32.755+0100][2492.635s][info][gc,phases   ] GC(205)   Other: 0.1ms
[2025-03-18T14:29:32.755+0100][2492.635s][info][gc,heap     ] GC(205) Eden regions: 303->0(303)
[2025-03-18T14:29:32.755+0100][2492.635s][info][gc,heap     ] GC(205) Survivor regions: 4->4(39)
[2025-03-18T14:29:32.755+0100][2492.635s][info][gc,heap     ] GC(205) Old regions: 39->39
[2025-03-18T14:29:32.755+0100][2492.635s][info][gc,heap     ] GC(205) Humongous regions: 1->1
[2025-03-18T14:29:32.755+0100][2492.635s][info][gc,metaspace] GC(205) Metaspace: 28100K(28544K)->28100K(28544K) NonClass: 24467K(24704K)->24467K(24704K) Class: 3632K(3840K)->3632K(3840K)
[2025-03-18T14:29:32.755+0100][2492.635s][info][gc          ] GC(205) Pause Young (Normal) (G1 Evacuation Pause) 1381M->171M(2048M) 4.774ms
[2025-03-18T14:29:32.755+0100][2492.635s][info][gc,cpu      ] GC(205) User=0.03s Sys=0.01s Real=0.00s
[2025-03-18T14:29:45.364+0100][2505.244s][info][gc,start    ] GC(206) Pause Young (Normal) (G1 Evacuation Pause)
[2025-03-18T14:29:45.365+0100][2505.245s][info][gc,task     ] GC(206) Using 9 workers of 9 for evacuation
[2025-03-18T14:29:45.370+0100][2505.250s][info][gc,phases   ] GC(206)   Pre Evacuate Collection Set: 0.2ms
[2025-03-18T14:29:45.370+0100][2505.250s][info][gc,phases   ] GC(206)   Merge Heap Roots: 0.1ms
[2025-03-18T14:29:45.370+0100][2505.250s][info][gc,phases   ] GC(206)   Evacuate Collection Set: 4.2ms
[2025-03-18T14:29:45.370+0100][2505.250s][info][gc,phases   ] GC(206)   Post Evacuate Collection Set: 0.5ms
[2025-03-18T14:29:45.370+0100][2505.250s][info][gc,phases   ] GC(206)   Other: 0.1ms
[2025-03-18T14:29:45.370+0100][2505.250s][info][gc,heap     ] GC(206) Eden regions: 303->0(303)
[2025-03-18T14:29:45.370+0100][2505.250s][info][gc,heap     ] GC(206) Survivor regions: 4->4(39)
[2025-03-18T14:29:45.370+0100][2505.250s][info][gc,heap     ] GC(206) Old regions: 39->39
[2025-03-18T14:29:45.370+0100][2505.250s][info][gc,heap     ] GC(206) Humongous regions: 1->1
[2025-03-18T14:29:45.370+0100][2505.250s][info][gc,metaspace] GC(206) Metaspace: 28100K(28544K)->28100K(28544K) NonClass: 24467K(24704K)->24467K(24704K) Class: 3632K(3840K)->3632K(3840K)
[2025-03-18T14:29:45.370+0100][2505.250s][info][gc          ] GC(206) Pause Young (Normal) (G1 Evacuation Pause) 1383M->171M(2048M) 6.252ms
[2025-03-18T14:29:45.370+0100][2505.250s][info][gc,cpu      ] GC(206) User=0.04s Sys=0.00s Real=0.01s
[2025-03-18T14:30:02.867+0100][2522.747s][info][gc,start    ] GC(207) Pause Young (Normal) (G1 Evacuation Pause)
[2025-03-18T14:30:02.867+0100][2522.747s][info][gc,task     ] GC(207) Using 9 workers of 9 for evacuation
[2025-03-18T14:30:02.871+0100][2522.752s][info][gc,phases   ] GC(207)   Pre Evacuate Collection Set: 0.1ms
[2025-03-18T14:30:02.871+0100][2522.752s][info][gc,phases   ] GC(207)   Merge Heap Roots: 0.0ms
[2025-03-18T14:30:02.871+0100][2522.752s][info][gc,phases   ] GC(207)   Evacuate Collection Set: 4.0ms
[2025-03-18T14:30:02.871+0100][2522.752s][info][gc,phases   ] GC(207)   Post Evacuate Collection Set: 0.5ms
[2025-03-18T14:30:02.871+0100][2522.752s][info][gc,phases   ] GC(207)   Other: 0.1ms
[2025-03-18T14:30:02.871+0100][2522.752s][info][gc,heap     ] GC(207) Eden regions: 303->0(302)
[2025-03-18T14:30:02.871+0100][2522.752s][info][gc,heap     ] GC(207) Survivor regions: 4->5(39)
[2025-03-18T14:30:02.872+0100][2522.752s][info][gc,heap     ] GC(207) Old regions: 39->39
[2025-03-18T14:30:02.872+0100][2522.752s][info][gc,heap     ] GC(207) Humongous regions: 1->1
[2025-03-18T14:30:02.872+0100][2522.752s][info][gc,metaspace] GC(207) Metaspace: 28100K(28544K)->28100K(28544K) NonClass: 24467K(24704K)->24467K(24704K) Class: 3632K(3840K)->3632K(3840K)
[2025-03-18T14:30:02.872+0100][2522.752s][info][gc          ] GC(207) Pause Young (Normal) (G1 Evacuation Pause) 1383M->172M(2048M) 4.923ms
[2025-03-18T14:30:02.872+0100][2522.752s][info][gc,cpu      ] GC(207) User=0.03s Sys=0.00s Real=0.01s
[2025-03-18T14:30:14.880+0100][2534.760s][info][gc,start    ] GC(208) Pause Young (Normal) (G1 Evacuation Pause)
[2025-03-18T14:30:14.882+0100][2534.762s][info][gc,task     ] GC(208) Using 9 workers of 9 for evacuation
[2025-03-18T14:30:14.887+0100][2534.768s][info][gc,phases   ] GC(208)   Pre Evacuate Collection Set: 0.2ms
[2025-03-18T14:30:14.887+0100][2534.768s][info][gc,phases   ] GC(208)   Merge Heap Roots: 0.1ms
[2025-03-18T14:30:14.887+0100][2534.768s][info][gc,phases   ] GC(208)   Evacuate Collection Set: 4.8ms
[2025-03-18T14:30:14.887+0100][2534.768s][info][gc,phases   ] GC(208)   Post Evacuate Collection Set: 0.5ms
[2025-03-18T14:30:14.887+0100][2534.768s][info][gc,phases   ] GC(208)   Other: 0.1ms
[2025-03-18T14:30:14.887+0100][2534.768s][info][gc,heap     ] GC(208) Eden regions: 302->0(302)
[2025-03-18T14:30:14.887+0100][2534.768s][info][gc,heap     ] GC(208) Survivor regions: 5->5(39)
[2025-03-18T14:30:14.887+0100][2534.768s][info][gc,heap     ] GC(208) Old regions: 39->39
[2025-03-18T14:30:14.887+0100][2534.768s][info][gc,heap     ] GC(208) Humongous regions: 1->1
[2025-03-18T14:30:14.887+0100][2534.768s][info][gc,metaspace] GC(208) Metaspace: 28100K(28544K)->28100K(28544K) NonClass: 24468K(24704K)->24468K(24704K) Class: 3632K(3840K)->3632K(3840K)
[2025-03-18T14:30:14.887+0100][2534.768s][info][gc          ] GC(208) Pause Young (Normal) (G1 Evacuation Pause) 1380M->172M(2048M) 7.287ms
[2025-03-18T14:30:14.888+0100][2534.768s][info][gc,cpu      ] GC(208) User=0.03s Sys=0.00s Real=0.00s
[2025-03-18T14:30:32.372+0100][2552.252s][info][gc,start    ] GC(209) Pause Young (Normal) (G1 Evacuation Pause)
[2025-03-18T14:30:32.373+0100][2552.253s][info][gc,task     ] GC(209) Using 9 workers of 9 for evacuation
[2025-03-18T14:30:32.378+0100][2552.258s][info][gc,phases   ] GC(209)   Pre Evacuate Collection Set: 0.2ms
[2025-03-18T14:30:32.378+0100][2552.258s][info][gc,phases   ] GC(209)   Merge Heap Roots: 0.1ms
[2025-03-18T14:30:32.378+0100][2552.258s][info][gc,phases   ] GC(209)   Evacuate Collection Set: 4.2ms
[2025-03-18T14:30:32.378+0100][2552.258s][info][gc,phases   ] GC(209)   Post Evacuate Collection Set: 0.5ms
[2025-03-18T14:30:32.378+0100][2552.258s][info][gc,phases   ] GC(209)   Other: 0.1ms
[2025-03-18T14:30:32.378+0100][2552.258s][info][gc,heap     ] GC(209) Eden regions: 302->0(303)
[2025-03-18T14:30:32.378+0100][2552.258s][info][gc,heap     ] GC(209) Survivor regions: 5->4(39)
[2025-03-18T14:30:32.378+0100][2552.258s][info][gc,heap     ] GC(209) Old regions: 39->39
[2025-03-18T14:30:32.378+0100][2552.258s][info][gc,heap     ] GC(209) Humongous regions: 1->1
[2025-03-18T14:30:32.378+0100][2552.258s][info][gc,metaspace] GC(209) Metaspace: 28101K(28544K)->28101K(28544K) NonClass: 24468K(24704K)->24468K(24704K) Class: 3632K(3840K)->3632K(3840K)
[2025-03-18T14:30:32.378+0100][2552.258s][info][gc          ] GC(209) Pause Young (Normal) (G1 Evacuation Pause) 1380M->171M(2048M) 6.326ms
[2025-03-18T14:30:32.378+0100][2552.258s][info][gc,cpu      ] GC(209) User=0.03s Sys=0.00s Real=0.00s
[2025-03-18T14:30:49.865+0100][2569.745s][info][gc,start    ] GC(210) Pause Young (Normal) (G1 Evacuation Pause)
[2025-03-18T14:30:49.865+0100][2569.745s][info][gc,task     ] GC(210) Using 9 workers of 9 for evacuation
[2025-03-18T14:30:49.870+0100][2569.750s][info][gc,phases   ] GC(210)   Pre Evacuate Collection Set: 0.1ms
[2025-03-18T14:30:49.870+0100][2569.750s][info][gc,phases   ] GC(210)   Merge Heap Roots: 0.1ms
[2025-03-18T14:30:49.870+0100][2569.750s][info][gc,phases   ] GC(210)   Evacuate Collection Set: 4.4ms
[2025-03-18T14:30:49.870+0100][2569.750s][info][gc,phases   ] GC(210)   Post Evacuate Collection Set: 0.5ms
[2025-03-18T14:30:49.870+0100][2569.750s][info][gc,phases   ] GC(210)   Other: 0.1ms
[2025-03-18T14:30:49.870+0100][2569.750s][info][gc,heap     ] GC(210) Eden regions: 303->0(303)
[2025-03-18T14:30:49.870+0100][2569.750s][info][gc,heap     ] GC(210) Survivor regions: 4->4(39)
[2025-03-18T14:30:49.870+0100][2569.750s][info][gc,heap     ] GC(210) Old regions: 39->39
[2025-03-18T14:30:49.870+0100][2569.750s][info][gc,heap     ] GC(210) Humongous regions: 1->1
[2025-03-18T14:30:49.870+0100][2569.750s][info][gc,metaspace] GC(210) Metaspace: 28101K(28544K)->28101K(28544K) NonClass: 24469K(24704K)->24469K(24704K) Class: 3632K(3840K)->3632K(3840K)
[2025-03-18T14:30:49.870+0100][2569.750s][info][gc          ] GC(210) Pause Young (Normal) (G1 Evacuation Pause) 1383M->171M(2048M) 5.649ms
[2025-03-18T14:30:49.870+0100][2569.750s][info][gc,cpu      ] GC(210) User=0.03s Sys=0.01s Real=0.01s
[2025-03-18T14:30:59.858+0100][2579.738s][info][gc,start    ] GC(211) Pause Young (Normal) (G1 Evacuation Pause)
[2025-03-18T14:30:59.859+0100][2579.740s][info][gc,task     ] GC(211) Using 9 workers of 9 for evacuation
[2025-03-18T14:30:59.867+0100][2579.747s][info][gc,phases   ] GC(211)   Pre Evacuate Collection Set: 0.3ms
[2025-03-18T14:30:59.867+0100][2579.748s][info][gc,phases   ] GC(211)   Merge Heap Roots: 0.2ms
[2025-03-18T14:30:59.867+0100][2579.748s][info][gc,phases   ] GC(211)   Evacuate Collection Set: 6.6ms
[2025-03-18T14:30:59.867+0100][2579.748s][info][gc,phases   ] GC(211)   Post Evacuate Collection Set: 0.8ms
[2025-03-18T14:30:59.867+0100][2579.748s][info][gc,phases   ] GC(211)   Other: 0.1ms
[2025-03-18T14:30:59.867+0100][2579.748s][info][gc,heap     ] GC(211) Eden regions: 303->0(303)
[2025-03-18T14:30:59.867+0100][2579.748s][info][gc,heap     ] GC(211) Survivor regions: 4->4(39)
[2025-03-18T14:30:59.867+0100][2579.748s][info][gc,heap     ] GC(211) Old regions: 39->39
[2025-03-18T14:30:59.867+0100][2579.748s][info][gc,heap     ] GC(211) Humongous regions: 1->1
[2025-03-18T14:30:59.867+0100][2579.748s][info][gc,metaspace] GC(211) Metaspace: 28101K(28544K)->28101K(28544K) NonClass: 24469K(24704K)->24469K(24704K) Class: 3632K(3840K)->3632K(3840K)
[2025-03-18T14:30:59.867+0100][2579.748s][info][gc          ] GC(211) Pause Young (Normal) (G1 Evacuation Pause) 1383M->168M(2048M) 9.669ms
[2025-03-18T14:30:59.867+0100][2579.748s][info][gc,cpu      ] GC(211) User=0.05s Sys=0.00s Real=0.01s
[2025-03-18T14:31:15.357+0100][2595.238s][info][gc,start    ] GC(212) Pause Young (Normal) (G1 Evacuation Pause)
[2025-03-18T14:31:15.358+0100][2595.238s][info][gc,task     ] GC(212) Using 9 workers of 9 for evacuation
[2025-03-18T14:31:15.364+0100][2595.244s][info][gc,phases   ] GC(212)   Pre Evacuate Collection Set: 0.2ms
[2025-03-18T14:31:15.364+0100][2595.244s][info][gc,phases   ] GC(212)   Merge Heap Roots: 0.1ms
[2025-03-18T14:31:15.364+0100][2595.244s][info][gc,phases   ] GC(212)   Evacuate Collection Set: 5.0ms
[2025-03-18T14:31:15.364+0100][2595.244s][info][gc,phases   ] GC(212)   Post Evacuate Collection Set: 0.6ms
[2025-03-18T14:31:15.364+0100][2595.244s][info][gc,phases   ] GC(212)   Other: 0.1ms
[2025-03-18T14:31:15.364+0100][2595.244s][info][gc,heap     ] GC(212) Eden regions: 303->0(303)
[2025-03-18T14:31:15.364+0100][2595.244s][info][gc,heap     ] GC(212) Survivor regions: 4->4(39)
[2025-03-18T14:31:15.364+0100][2595.244s][info][gc,heap     ] GC(212) Old regions: 39->39
[2025-03-18T14:31:15.364+0100][2595.244s][info][gc,heap     ] GC(212) Humongous regions: 1->1
[2025-03-18T14:31:15.364+0100][2595.244s][info][gc,metaspace] GC(212) Metaspace: 28103K(28544K)->28103K(28544K) NonClass: 24470K(24704K)->24470K(24704K) Class: 3632K(3840K)->3632K(3840K)
[2025-03-18T14:31:15.364+0100][2595.244s][info][gc          ] GC(212) Pause Young (Normal) (G1 Evacuation Pause) 1380M->170M(2048M) 6.893ms
[2025-03-18T14:31:15.364+0100][2595.245s][info][gc,cpu      ] GC(212) User=0.04s Sys=0.00s Real=0.01s
[2025-03-18T14:31:21.097+0100][2600.978s][info][gc,start    ] GC(213) Pause Young (Normal) (G1 Evacuation Pause)
[2025-03-18T14:31:21.097+0100][2600.978s][info][gc,task     ] GC(213) Using 9 workers of 9 for evacuation
[2025-03-18T14:31:21.103+0100][2600.983s][info][gc,phases   ] GC(213)   Pre Evacuate Collection Set: 0.3ms
[2025-03-18T14:31:21.103+0100][2600.983s][info][gc,phases   ] GC(213)   Merge Heap Roots: 0.1ms
[2025-03-18T14:31:21.103+0100][2600.983s][info][gc,phases   ] GC(213)   Evacuate Collection Set: 4.6ms
[2025-03-18T14:31:21.103+0100][2600.983s][info][gc,phases   ] GC(213)   Post Evacuate Collection Set: 0.5ms
[2025-03-18T14:31:21.103+0100][2600.983s][info][gc,phases   ] GC(213)   Other: 0.1ms
[2025-03-18T14:31:21.103+0100][2600.983s][info][gc,heap     ] GC(213) Eden regions: 303->0(302)
[2025-03-18T14:31:21.103+0100][2600.983s][info][gc,heap     ] GC(213) Survivor regions: 4->5(39)
[2025-03-18T14:31:21.103+0100][2600.983s][info][gc,heap     ] GC(213) Old regions: 39->39
[2025-03-18T14:31:21.103+0100][2600.983s][info][gc,heap     ] GC(213) Humongous regions: 1->1
[2025-03-18T14:31:21.103+0100][2600.983s][info][gc,metaspace] GC(213) Metaspace: 28103K(28544K)->28103K(28544K) NonClass: 24470K(24704K)->24470K(24704K) Class: 3632K(3840K)->3632K(3840K)
[2025-03-18T14:31:21.103+0100][2600.983s][info][gc          ] GC(213) Pause Young (Normal) (G1 Evacuation Pause) 1382M->173M(2048M) 5.699ms
[2025-03-18T14:31:21.103+0100][2600.983s][info][gc,cpu      ] GC(213) User=0.03s Sys=0.01s Real=0.01s
[2025-03-18T14:31:30.878+0100][2610.759s][info][gc,start    ] GC(214) Pause Young (Normal) (G1 Evacuation Pause)
[2025-03-18T14:31:30.880+0100][2610.760s][info][gc,task     ] GC(214) Using 9 workers of 9 for evacuation
[2025-03-18T14:31:30.886+0100][2610.766s][info][gc,phases   ] GC(214)   Pre Evacuate Collection Set: 0.2ms
[2025-03-18T14:31:30.886+0100][2610.766s][info][gc,phases   ] GC(214)   Merge Heap Roots: 0.1ms
[2025-03-18T14:31:30.886+0100][2610.766s][info][gc,phases   ] GC(214)   Evacuate Collection Set: 5.4ms
[2025-03-18T14:31:30.886+0100][2610.766s][info][gc,phases   ] GC(214)   Post Evacuate Collection Set: 0.5ms
[2025-03-18T14:31:30.886+0100][2610.766s][info][gc,phases   ] GC(214)   Other: 0.1ms
[2025-03-18T14:31:30.886+0100][2610.766s][info][gc,heap     ] GC(214) Eden regions: 302->0(302)
[2025-03-18T14:31:30.886+0100][2610.766s][info][gc,heap     ] GC(214) Survivor regions: 5->5(39)
[2025-03-18T14:31:30.886+0100][2610.766s][info][gc,heap     ] GC(214) Old regions: 39->39
[2025-03-18T14:31:30.886+0100][2610.766s][info][gc,heap     ] GC(214) Humongous regions: 1->1
[2025-03-18T14:31:30.886+0100][2610.766s][info][gc,metaspace] GC(214) Metaspace: 28103K(28544K)->28103K(28544K) NonClass: 24470K(24704K)->24470K(24704K) Class: 3632K(3840K)->3632K(3840K)
[2025-03-18T14:31:30.886+0100][2610.766s][info][gc          ] GC(214) Pause Young (Normal) (G1 Evacuation Pause) 1381M->173M(2048M) 7.599ms
[2025-03-18T14:31:30.886+0100][2610.766s][info][gc,cpu      ] GC(214) User=0.04s Sys=0.00s Real=0.01s
[2025-03-18T14:31:48.381+0100][2628.261s][info][gc,start    ] GC(215) Pause Young (Normal) (G1 Evacuation Pause)
[2025-03-18T14:31:48.381+0100][2628.261s][info][gc,task     ] GC(215) Using 9 workers of 9 for evacuation
[2025-03-18T14:31:48.388+0100][2628.268s][info][gc,phases   ] GC(215)   Pre Evacuate Collection Set: 0.2ms
[2025-03-18T14:31:48.388+0100][2628.268s][info][gc,phases   ] GC(215)   Merge Heap Roots: 0.2ms
[2025-03-18T14:31:48.388+0100][2628.268s][info][gc,phases   ] GC(215)   Evacuate Collection Set: 5.9ms
[2025-03-18T14:31:48.388+0100][2628.268s][info][gc,phases   ] GC(215)   Post Evacuate Collection Set: 0.5ms
[2025-03-18T14:31:48.388+0100][2628.268s][info][gc,phases   ] GC(215)   Other: 0.1ms
[2025-03-18T14:31:48.388+0100][2628.268s][info][gc,heap     ] GC(215) Eden regions: 302->0(302)
[2025-03-18T14:31:48.388+0100][2628.268s][info][gc,heap     ] GC(215) Survivor regions: 5->5(39)
[2025-03-18T14:31:48.388+0100][2628.268s][info][gc,heap     ] GC(215) Old regions: 39->39
[2025-03-18T14:31:48.388+0100][2628.268s][info][gc,heap     ] GC(215) Humongous regions: 1->1
[2025-03-18T14:31:48.388+0100][2628.268s][info][gc,metaspace] GC(215) Metaspace: 28103K(28544K)->28103K(28544K) NonClass: 24470K(24704K)->24470K(24704K) Class: 3632K(3840K)->3632K(3840K)
[2025-03-18T14:31:48.388+0100][2628.268s][info][gc          ] GC(215) Pause Young (Normal) (G1 Evacuation Pause) 1381M->174M(2048M) 7.140ms
[2025-03-18T14:31:48.388+0100][2628.268s][info][gc,cpu      ] GC(215) User=0.05s Sys=0.01s Real=0.00s
[2025-03-18T14:32:02.343+0100][2642.224s][info][gc,start    ] GC(216) Pause Young (Normal) (G1 Evacuation Pause)
[2025-03-18T14:32:02.345+0100][2642.225s][info][gc,task     ] GC(216) Using 9 workers of 9 for evacuation
[2025-03-18T14:32:02.351+0100][2642.231s][info][gc,phases   ] GC(216)   Pre Evacuate Collection Set: 0.2ms
[2025-03-18T14:32:02.351+0100][2642.231s][info][gc,phases   ] GC(216)   Merge Heap Roots: 0.1ms
[2025-03-18T14:32:02.351+0100][2642.231s][info][gc,phases   ] GC(216)   Evacuate Collection Set: 5.3ms
[2025-03-18T14:32:02.351+0100][2642.231s][info][gc,phases   ] GC(216)   Post Evacuate Collection Set: 0.5ms
[2025-03-18T14:32:02.351+0100][2642.231s][info][gc,phases   ] GC(216)   Other: 0.1ms
[2025-03-18T14:32:02.351+0100][2642.231s][info][gc,heap     ] GC(216) Eden regions: 302->0(303)
[2025-03-18T14:32:02.351+0100][2642.231s][info][gc,heap     ] GC(216) Survivor regions: 5->4(39)
[2025-03-18T14:32:02.351+0100][2642.231s][info][gc,heap     ] GC(216) Old regions: 39->39
[2025-03-18T14:32:02.351+0100][2642.231s][info][gc,heap     ] GC(216) Humongous regions: 1->1
[2025-03-18T14:32:02.351+0100][2642.231s][info][gc,metaspace] GC(216) Metaspace: 28103K(28544K)->28103K(28544K) NonClass: 24470K(24704K)->24470K(24704K) Class: 3632K(3840K)->3632K(3840K)
[2025-03-18T14:32:02.351+0100][2642.231s][info][gc          ] GC(216) Pause Young (Normal) (G1 Evacuation Pause) 1382M->171M(2048M) 7.802ms
[2025-03-18T14:32:02.351+0100][2642.231s][info][gc,cpu      ] GC(216) User=0.04s Sys=0.00s Real=0.01s
[2025-03-18T14:32:18.359+0100][2658.239s][info][gc,start    ] GC(217) Pause Young (Normal) (G1 Evacuation Pause)
[2025-03-18T14:32:18.360+0100][2658.240s][info][gc,task     ] GC(217) Using 9 workers of 9 for evacuation
[2025-03-18T14:32:18.368+0100][2658.248s][info][gc,phases   ] GC(217)   Pre Evacuate Collection Set: 0.2ms
[2025-03-18T14:32:18.368+0100][2658.248s][info][gc,phases   ] GC(217)   Merge Heap Roots: 0.2ms
[2025-03-18T14:32:18.368+0100][2658.248s][info][gc,phases   ] GC(217)   Evacuate Collection Set: 6.8ms
[2025-03-18T14:32:18.368+0100][2658.248s][info][gc,phases   ] GC(217)   Post Evacuate Collection Set: 0.6ms
[2025-03-18T14:32:18.368+0100][2658.248s][info][gc,phases   ] GC(217)   Other: 0.1ms
[2025-03-18T14:32:18.368+0100][2658.248s][info][gc,heap     ] GC(217) Eden regions: 303->0(303)
[2025-03-18T14:32:18.368+0100][2658.248s][info][gc,heap     ] GC(217) Survivor regions: 4->4(39)
[2025-03-18T14:32:18.368+0100][2658.248s][info][gc,heap     ] GC(217) Old regions: 39->39
[2025-03-18T14:32:18.368+0100][2658.248s][info][gc,heap     ] GC(217) Humongous regions: 1->1
[2025-03-18T14:32:18.368+0100][2658.249s][info][gc,metaspace] GC(217) Metaspace: 28103K(28544K)->28103K(28544K) NonClass: 24470K(24704K)->24470K(24704K) Class: 3632K(3840K)->3632K(3840K)
[2025-03-18T14:32:18.368+0100][2658.249s][info][gc          ] GC(217) Pause Young (Normal) (G1 Evacuation Pause) 1383M->170M(2048M) 9.631ms
[2025-03-18T14:32:18.368+0100][2658.249s][info][gc,cpu      ] GC(217) User=0.06s Sys=0.00s Real=0.01s
[2025-03-18T14:32:30.380+0100][2670.260s][info][gc,start    ] GC(218) Pause Young (Normal) (G1 Evacuation Pause)
[2025-03-18T14:32:30.380+0100][2670.260s][info][gc,task     ] GC(218) Using 9 workers of 9 for evacuation
[2025-03-18T14:32:30.384+0100][2670.264s][info][gc,phases   ] GC(218)   Pre Evacuate Collection Set: 0.1ms
[2025-03-18T14:32:30.384+0100][2670.264s][info][gc,phases   ] GC(218)   Merge Heap Roots: 0.1ms
[2025-03-18T14:32:30.384+0100][2670.264s][info][gc,phases   ] GC(218)   Evacuate Collection Set: 3.4ms
[2025-03-18T14:32:30.384+0100][2670.265s][info][gc,phases   ] GC(218)   Post Evacuate Collection Set: 0.4ms
[2025-03-18T14:32:30.384+0100][2670.265s][info][gc,phases   ] GC(218)   Other: 0.1ms
[2025-03-18T14:32:30.384+0100][2670.265s][info][gc,heap     ] GC(218) Eden regions: 303->0(303)
[2025-03-18T14:32:30.384+0100][2670.265s][info][gc,heap     ] GC(218) Survivor regions: 4->4(39)
[2025-03-18T14:32:30.384+0100][2670.265s][info][gc,heap     ] GC(218) Old regions: 39->39
[2025-03-18T14:32:30.384+0100][2670.265s][info][gc,heap     ] GC(218) Humongous regions: 1->1
[2025-03-18T14:32:30.384+0100][2670.265s][info][gc,metaspace] GC(218) Metaspace: 28103K(28544K)->28103K(28544K) NonClass: 24470K(24704K)->24470K(24704K) Class: 3632K(3840K)->3632K(3840K)
[2025-03-18T14:32:30.384+0100][2670.265s][info][gc          ] GC(218) Pause Young (Normal) (G1 Evacuation Pause) 1382M->171M(2048M) 4.754ms
[2025-03-18T14:32:30.384+0100][2670.265s][info][gc,cpu      ] GC(218) User=0.02s Sys=0.00s Real=0.00s
[2025-03-18T14:32:47.871+0100][2687.751s][info][gc,start    ] GC(219) Pause Young (Normal) (G1 Evacuation Pause)
[2025-03-18T14:32:47.871+0100][2687.751s][info][gc,task     ] GC(219) Using 9 workers of 9 for evacuation
[2025-03-18T14:32:47.878+0100][2687.759s][info][gc,phases   ] GC(219)   Pre Evacuate Collection Set: 0.2ms
[2025-03-18T14:32:47.878+0100][2687.759s][info][gc,phases   ] GC(219)   Merge Heap Roots: 0.1ms
[2025-03-18T14:32:47.878+0100][2687.759s][info][gc,phases   ] GC(219)   Evacuate Collection Set: 6.3ms
[2025-03-18T14:32:47.878+0100][2687.759s][info][gc,phases   ] GC(219)   Post Evacuate Collection Set: 0.5ms
[2025-03-18T14:32:47.878+0100][2687.759s][info][gc,phases   ] GC(219)   Other: 0.1ms
[2025-03-18T14:32:47.878+0100][2687.759s][info][gc,heap     ] GC(219) Eden regions: 303->0(302)
[2025-03-18T14:32:47.878+0100][2687.759s][info][gc,heap     ] GC(219) Survivor regions: 4->5(39)
[2025-03-18T14:32:47.878+0100][2687.759s][info][gc,heap     ] GC(219) Old regions: 39->39
[2025-03-18T14:32:47.878+0100][2687.759s][info][gc,heap     ] GC(219) Humongous regions: 1->1
[2025-03-18T14:32:47.878+0100][2687.759s][info][gc,metaspace] GC(219) Metaspace: 28103K(28544K)->28103K(28544K) NonClass: 24470K(24704K)->24470K(24704K) Class: 3632K(3840K)->3632K(3840K)
[2025-03-18T14:32:47.878+0100][2687.759s][info][gc          ] GC(219) Pause Young (Normal) (G1 Evacuation Pause) 1383M->174M(2048M) 7.402ms
[2025-03-18T14:32:47.878+0100][2687.759s][info][gc,cpu      ] GC(219) User=0.06s Sys=0.00s Real=0.00s
[2025-03-18T14:33:05.378+0100][2705.258s][info][gc,start    ] GC(220) Pause Young (Normal) (G1 Evacuation Pause)
[2025-03-18T14:33:05.378+0100][2705.259s][info][gc,task     ] GC(220) Using 9 workers of 9 for evacuation
[2025-03-18T14:33:05.385+0100][2705.265s][info][gc,phases   ] GC(220)   Pre Evacuate Collection Set: 0.2ms
[2025-03-18T14:33:05.385+0100][2705.265s][info][gc,phases   ] GC(220)   Merge Heap Roots: 0.1ms
[2025-03-18T14:33:05.385+0100][2705.265s][info][gc,phases   ] GC(220)   Evacuate Collection Set: 5.2ms
[2025-03-18T14:33:05.385+0100][2705.265s][info][gc,phases   ] GC(220)   Post Evacuate Collection Set: 0.5ms
[2025-03-18T14:33:05.385+0100][2705.265s][info][gc,phases   ] GC(220)   Other: 0.1ms
[2025-03-18T14:33:05.385+0100][2705.265s][info][gc,heap     ] GC(220) Eden regions: 302->0(303)
[2025-03-18T14:33:05.385+0100][2705.265s][info][gc,heap     ] GC(220) Survivor regions: 5->4(39)
[2025-03-18T14:33:05.385+0100][2705.265s][info][gc,heap     ] GC(220) Old regions: 39->39
[2025-03-18T14:33:05.385+0100][2705.265s][info][gc,heap     ] GC(220) Humongous regions: 1->1
[2025-03-18T14:33:05.385+0100][2705.265s][info][gc,metaspace] GC(220) Metaspace: 28103K(28544K)->28103K(28544K) NonClass: 24470K(24704K)->24470K(24704K) Class: 3632K(3840K)->3632K(3840K)
[2025-03-18T14:33:05.385+0100][2705.265s][info][gc          ] GC(220) Pause Young (Normal) (G1 Evacuation Pause) 1382M->173M(2048M) 6.643ms
[2025-03-18T14:33:05.385+0100][2705.265s][info][gc,cpu      ] GC(220) User=0.05s Sys=0.01s Real=0.01s
[2025-03-18T14:33:22.882+0100][2722.763s][info][gc,start    ] GC(221) Pause Young (Normal) (G1 Evacuation Pause)
[2025-03-18T14:33:22.882+0100][2722.763s][info][gc,task     ] GC(221) Using 9 workers of 9 for evacuation
[2025-03-18T14:33:22.889+0100][2722.769s][info][gc,phases   ] GC(221)   Pre Evacuate Collection Set: 0.2ms
[2025-03-18T14:33:22.889+0100][2722.769s][info][gc,phases   ] GC(221)   Merge Heap Roots: 0.1ms
[2025-03-18T14:33:22.889+0100][2722.769s][info][gc,phases   ] GC(221)   Evacuate Collection Set: 5.6ms
[2025-03-18T14:33:22.889+0100][2722.769s][info][gc,phases   ] GC(221)   Post Evacuate Collection Set: 0.6ms
[2025-03-18T14:33:22.889+0100][2722.770s][info][gc,phases   ] GC(221)   Other: 0.1ms
[2025-03-18T14:33:22.889+0100][2722.770s][info][gc,heap     ] GC(221) Eden regions: 303->0(303)
[2025-03-18T14:33:22.889+0100][2722.770s][info][gc,heap     ] GC(221) Survivor regions: 4->4(39)
[2025-03-18T14:33:22.889+0100][2722.770s][info][gc,heap     ] GC(221) Old regions: 39->39
[2025-03-18T14:33:22.889+0100][2722.770s][info][gc,heap     ] GC(221) Humongous regions: 1->1
[2025-03-18T14:33:22.889+0100][2722.770s][info][gc,metaspace] GC(221) Metaspace: 28103K(28544K)->28103K(28544K) NonClass: 24470K(24704K)->24470K(24704K) Class: 3632K(3840K)->3632K(3840K)
[2025-03-18T14:33:22.889+0100][2722.770s][info][gc          ] GC(221) Pause Young (Normal) (G1 Evacuation Pause) 1385M->173M(2048M) 7.069ms
[2025-03-18T14:33:22.889+0100][2722.770s][info][gc,cpu      ] GC(221) User=0.04s Sys=0.01s Real=0.00s
[2025-03-18T14:33:39.785+0100][2739.666s][info][gc,start    ] GC(222) Pause Young (Normal) (G1 Evacuation Pause)
[2025-03-18T14:33:39.786+0100][2739.666s][info][gc,task     ] GC(222) Using 9 workers of 9 for evacuation
[2025-03-18T14:33:39.789+0100][2739.670s][info][gc,phases   ] GC(222)   Pre Evacuate Collection Set: 0.1ms
[2025-03-18T14:33:39.789+0100][2739.670s][info][gc,phases   ] GC(222)   Merge Heap Roots: 0.1ms
[2025-03-18T14:33:39.789+0100][2739.670s][info][gc,phases   ] GC(222)   Evacuate Collection Set: 3.1ms
[2025-03-18T14:33:39.789+0100][2739.670s][info][gc,phases   ] GC(222)   Post Evacuate Collection Set: 0.4ms
[2025-03-18T14:33:39.789+0100][2739.670s][info][gc,phases   ] GC(222)   Other: 0.1ms
[2025-03-18T14:33:39.789+0100][2739.670s][info][gc,heap     ] GC(222) Eden regions: 303->0(302)
[2025-03-18T14:33:39.789+0100][2739.670s][info][gc,heap     ] GC(222) Survivor regions: 4->5(39)
[2025-03-18T14:33:39.789+0100][2739.670s][info][gc,heap     ] GC(222) Old regions: 39->39
[2025-03-18T14:33:39.789+0100][2739.670s][info][gc,heap     ] GC(222) Humongous regions: 1->1
[2025-03-18T14:33:39.789+0100][2739.670s][info][gc,metaspace] GC(222) Metaspace: 28103K(28544K)->28103K(28544K) NonClass: 24470K(24704K)->24470K(24704K) Class: 3632K(3840K)->3632K(3840K)
[2025-03-18T14:33:39.790+0100][2739.670s][info][gc          ] GC(222) Pause Young (Normal) (G1 Evacuation Pause) 1385M->174M(2048M) 4.101ms
[2025-03-18T14:33:39.790+0100][2739.670s][info][gc,cpu      ] GC(222) User=0.03s Sys=0.00s Real=0.01s
[2025-03-18T14:33:52.165+0100][2752.045s][info][gc,start    ] GC(223) Pause Young (Normal) (G1 Evacuation Pause)
[2025-03-18T14:33:52.165+0100][2752.045s][info][gc,task     ] GC(223) Using 9 workers of 9 for evacuation
[2025-03-18T14:33:52.169+0100][2752.049s][info][gc,phases   ] GC(223)   Pre Evacuate Collection Set: 0.1ms
[2025-03-18T14:33:52.169+0100][2752.049s][info][gc,phases   ] GC(223)   Merge Heap Roots: 0.1ms
[2025-03-18T14:33:52.169+0100][2752.049s][info][gc,phases   ] GC(223)   Evacuate Collection Set: 3.3ms
[2025-03-18T14:33:52.169+0100][2752.049s][info][gc,phases   ] GC(223)   Post Evacuate Collection Set: 0.4ms
[2025-03-18T14:33:52.169+0100][2752.049s][info][gc,phases   ] GC(223)   Other: 0.0ms
[2025-03-18T14:33:52.169+0100][2752.049s][info][gc,heap     ] GC(223) Eden regions: 302->0(303)
[2025-03-18T14:33:52.169+0100][2752.049s][info][gc,heap     ] GC(223) Survivor regions: 5->4(39)
[2025-03-18T14:33:52.169+0100][2752.049s][info][gc,heap     ] GC(223) Old regions: 39->39
[2025-03-18T14:33:52.169+0100][2752.049s][info][gc,heap     ] GC(223) Humongous regions: 1->1
[2025-03-18T14:33:52.169+0100][2752.049s][info][gc,metaspace] GC(223) Metaspace: 28103K(28544K)->28103K(28544K) NonClass: 24470K(24704K)->24470K(24704K) Class: 3632K(3840K)->3632K(3840K)
[2025-03-18T14:33:52.169+0100][2752.049s][info][gc          ] GC(223) Pause Young (Normal) (G1 Evacuation Pause) 1382M->171M(2048M) 4.126ms
[2025-03-18T14:33:52.169+0100][2752.049s][info][gc,cpu      ] GC(223) User=0.02s Sys=0.00s Real=0.00s
[2025-03-18T14:34:04.885+0100][2764.766s][info][gc,start    ] GC(224) Pause Young (Normal) (G1 Evacuation Pause)
[2025-03-18T14:34:04.887+0100][2764.767s][info][gc,task     ] GC(224) Using 9 workers of 9 for evacuation
[2025-03-18T14:34:04.893+0100][2764.773s][info][gc,phases   ] GC(224)   Pre Evacuate Collection Set: 0.2ms
[2025-03-18T14:34:04.893+0100][2764.773s][info][gc,phases   ] GC(224)   Merge Heap Roots: 0.1ms
[2025-03-18T14:34:04.893+0100][2764.774s][info][gc,phases   ] GC(224)   Evacuate Collection Set: 5.1ms
[2025-03-18T14:34:04.893+0100][2764.774s][info][gc,phases   ] GC(224)   Post Evacuate Collection Set: 0.7ms
[2025-03-18T14:34:04.893+0100][2764.774s][info][gc,phases   ] GC(224)   Other: 0.1ms
[2025-03-18T14:34:04.893+0100][2764.774s][info][gc,heap     ] GC(224) Eden regions: 303->0(302)
[2025-03-18T14:34:04.893+0100][2764.774s][info][gc,heap     ] GC(224) Survivor regions: 4->5(39)
[2025-03-18T14:34:04.893+0100][2764.774s][info][gc,heap     ] GC(224) Old regions: 39->39
[2025-03-18T14:34:04.893+0100][2764.774s][info][gc,heap     ] GC(224) Humongous regions: 1->1
[2025-03-18T14:34:04.893+0100][2764.774s][info][gc,metaspace] GC(224) Metaspace: 28103K(28544K)->28103K(28544K) NonClass: 24470K(24704K)->24470K(24704K) Class: 3632K(3840K)->3632K(3840K)
[2025-03-18T14:34:04.893+0100][2764.774s][info][gc          ] GC(224) Pause Young (Normal) (G1 Evacuation Pause) 1383M->175M(2048M) 7.949ms
[2025-03-18T14:34:04.893+0100][2764.774s][info][gc,cpu      ] GC(224) User=0.04s Sys=0.00s Real=0.01s
[2025-03-18T14:34:22.366+0100][2782.246s][info][gc,start    ] GC(225) Pause Young (Normal) (G1 Evacuation Pause)
[2025-03-18T14:34:22.366+0100][2782.247s][info][gc,task     ] GC(225) Using 9 workers of 9 for evacuation
[2025-03-18T14:34:22.372+0100][2782.252s][info][gc,phases   ] GC(225)   Pre Evacuate Collection Set: 0.1ms
[2025-03-18T14:34:22.372+0100][2782.253s][info][gc,phases   ] GC(225)   Merge Heap Roots: 0.1ms
[2025-03-18T14:34:22.372+0100][2782.253s][info][gc,phases   ] GC(225)   Evacuate Collection Set: 5.1ms
[2025-03-18T14:34:22.372+0100][2782.253s][info][gc,phases   ] GC(225)   Post Evacuate Collection Set: 0.5ms
[2025-03-18T14:34:22.372+0100][2782.253s][info][gc,phases   ] GC(225)   Other: 0.1ms
[2025-03-18T14:34:22.372+0100][2782.253s][info][gc,heap     ] GC(225) Eden regions: 302->0(302)
[2025-03-18T14:34:22.372+0100][2782.253s][info][gc,heap     ] GC(225) Survivor regions: 5->5(39)
[2025-03-18T14:34:22.372+0100][2782.253s][info][gc,heap     ] GC(225) Old regions: 39->39
[2025-03-18T14:34:22.372+0100][2782.253s][info][gc,heap     ] GC(225) Humongous regions: 1->1
[2025-03-18T14:34:22.372+0100][2782.253s][info][gc,metaspace] GC(225) Metaspace: 28103K(28544K)->28103K(28544K) NonClass: 24470K(24704K)->24470K(24704K) Class: 3632K(3840K)->3632K(3840K)
[2025-03-18T14:34:22.372+0100][2782.253s][info][gc          ] GC(225) Pause Young (Normal) (G1 Evacuation Pause) 1383M->175M(2048M) 6.603ms
[2025-03-18T14:34:22.372+0100][2782.253s][info][gc,cpu      ] GC(225) User=0.04s Sys=0.00s Real=0.01s
[2025-03-18T14:34:39.880+0100][2799.760s][info][gc,start    ] GC(226) Pause Young (Normal) (G1 Evacuation Pause)
[2025-03-18T14:34:39.881+0100][2799.762s][info][gc,task     ] GC(226) Using 9 workers of 9 for evacuation
[2025-03-18T14:34:39.887+0100][2799.768s][info][gc,phases   ] GC(226)   Pre Evacuate Collection Set: 0.2ms
[2025-03-18T14:34:39.887+0100][2799.768s][info][gc,phases   ] GC(226)   Merge Heap Roots: 0.1ms
[2025-03-18T14:34:39.887+0100][2799.768s][info][gc,phases   ] GC(226)   Evacuate Collection Set: 5.2ms
[2025-03-18T14:34:39.887+0100][2799.768s][info][gc,phases   ] GC(226)   Post Evacuate Collection Set: 0.5ms
[2025-03-18T14:34:39.887+0100][2799.768s][info][gc,phases   ] GC(226)   Other: 0.1ms
[2025-03-18T14:34:39.887+0100][2799.768s][info][gc,heap     ] GC(226) Eden regions: 302->0(303)
[2025-03-18T14:34:39.887+0100][2799.768s][info][gc,heap     ] GC(226) Survivor regions: 5->4(39)
[2025-03-18T14:34:39.887+0100][2799.768s][info][gc,heap     ] GC(226) Old regions: 39->39
[2025-03-18T14:34:39.887+0100][2799.768s][info][gc,heap     ] GC(226) Humongous regions: 1->1
[2025-03-18T14:34:39.888+0100][2799.768s][info][gc,metaspace] GC(226) Metaspace: 28103K(28544K)->28103K(28544K) NonClass: 24470K(24704K)->24470K(24704K) Class: 3632K(3840K)->3632K(3840K)
[2025-03-18T14:34:39.888+0100][2799.768s][info][gc          ] GC(226) Pause Young (Normal) (G1 Evacuation Pause) 1383M->174M(2048M) 7.861ms
[2025-03-18T14:34:39.888+0100][2799.768s][info][gc,cpu      ] GC(226) User=0.04s Sys=0.01s Real=0.00s
[2025-03-18T14:34:57.380+0100][2817.261s][info][gc,start    ] GC(227) Pause Young (Normal) (G1 Evacuation Pause)
[2025-03-18T14:34:57.381+0100][2817.261s][info][gc,task     ] GC(227) Using 9 workers of 9 for evacuation
[2025-03-18T14:34:57.386+0100][2817.267s][info][gc,phases   ] GC(227)   Pre Evacuate Collection Set: 0.2ms
[2025-03-18T14:34:57.387+0100][2817.267s][info][gc,phases   ] GC(227)   Merge Heap Roots: 0.1ms
[2025-03-18T14:34:57.387+0100][2817.267s][info][gc,phases   ] GC(227)   Evacuate Collection Set: 5.0ms
[2025-03-18T14:34:57.387+0100][2817.267s][info][gc,phases   ] GC(227)   Post Evacuate Collection Set: 0.5ms
[2025-03-18T14:34:57.387+0100][2817.267s][info][gc,phases   ] GC(227)   Other: 0.1ms
[2025-03-18T14:34:57.387+0100][2817.267s][info][gc,heap     ] GC(227) Eden regions: 303->0(302)
[2025-03-18T14:34:57.387+0100][2817.267s][info][gc,heap     ] GC(227) Survivor regions: 4->5(39)
[2025-03-18T14:34:57.387+0100][2817.267s][info][gc,heap     ] GC(227) Old regions: 39->39
[2025-03-18T14:34:57.387+0100][2817.267s][info][gc,heap     ] GC(227) Humongous regions: 1->1
[2025-03-18T14:34:57.387+0100][2817.267s][info][gc,metaspace] GC(227) Metaspace: 28103K(28544K)->28103K(28544K) NonClass: 24470K(24704K)->24470K(24704K) Class: 3632K(3840K)->3632K(3840K)
[2025-03-18T14:34:57.387+0100][2817.267s][info][gc          ] GC(227) Pause Young (Normal) (G1 Evacuation Pause) 1386M->175M(2048M) 6.356ms
[2025-03-18T14:34:57.387+0100][2817.267s][info][gc,cpu      ] GC(227) User=0.04s Sys=0.00s Real=0.00s
[2025-03-18T14:35:14.882+0100][2834.763s][info][gc,start    ] GC(228) Pause Young (Normal) (G1 Evacuation Pause)
[2025-03-18T14:35:14.884+0100][2834.764s][info][gc,task     ] GC(228) Using 9 workers of 9 for evacuation
[2025-03-18T14:35:14.891+0100][2834.771s][info][gc,phases   ] GC(228)   Pre Evacuate Collection Set: 0.3ms
[2025-03-18T14:35:14.891+0100][2834.771s][info][gc,phases   ] GC(228)   Merge Heap Roots: 0.1ms
[2025-03-18T14:35:14.891+0100][2834.771s][info][gc,phases   ] GC(228)   Evacuate Collection Set: 5.9ms
[2025-03-18T14:35:14.891+0100][2834.771s][info][gc,phases   ] GC(228)   Post Evacuate Collection Set: 0.6ms
[2025-03-18T14:35:14.891+0100][2834.771s][info][gc,phases   ] GC(228)   Other: 0.1ms
[2025-03-18T14:35:14.891+0100][2834.771s][info][gc,heap     ] GC(228) Eden regions: 302->0(303)
[2025-03-18T14:35:14.891+0100][2834.771s][info][gc,heap     ] GC(228) Survivor regions: 5->4(39)
[2025-03-18T14:35:14.891+0100][2834.771s][info][gc,heap     ] GC(228) Old regions: 39->39
[2025-03-18T14:35:14.891+0100][2834.771s][info][gc,heap     ] GC(228) Humongous regions: 1->1
[2025-03-18T14:35:14.891+0100][2834.771s][info][gc,metaspace] GC(228) Metaspace: 28103K(28544K)->28103K(28544K) NonClass: 24470K(24704K)->24470K(24704K) Class: 3632K(3840K)->3632K(3840K)
[2025-03-18T14:35:14.891+0100][2834.771s][info][gc          ] GC(228) Pause Young (Normal) (G1 Evacuation Pause) 1383M->175M(2048M) 8.584ms
[2025-03-18T14:35:14.891+0100][2834.771s][info][gc,cpu      ] GC(228) User=0.04s Sys=0.01s Real=0.01s
[2025-03-18T14:35:25.772+0100][2845.653s][info][gc,start    ] GC(229) Pause Young (Normal) (G1 Evacuation Pause)
[2025-03-18T14:35:25.772+0100][2845.653s][info][gc,task     ] GC(229) Using 9 workers of 9 for evacuation
[2025-03-18T14:35:25.775+0100][2845.656s][info][gc,phases   ] GC(229)   Pre Evacuate Collection Set: 0.1ms
[2025-03-18T14:35:25.775+0100][2845.656s][info][gc,phases   ] GC(229)   Merge Heap Roots: 0.1ms
[2025-03-18T14:35:25.775+0100][2845.656s][info][gc,phases   ] GC(229)   Evacuate Collection Set: 2.2ms
[2025-03-18T14:35:25.775+0100][2845.656s][info][gc,phases   ] GC(229)   Post Evacuate Collection Set: 0.4ms
[2025-03-18T14:35:25.775+0100][2845.656s][info][gc,phases   ] GC(229)   Other: 0.1ms
[2025-03-18T14:35:25.775+0100][2845.656s][info][gc,heap     ] GC(229) Eden regions: 303->0(304)
[2025-03-18T14:35:25.775+0100][2845.656s][info][gc,heap     ] GC(229) Survivor regions: 4->3(39)
[2025-03-18T14:35:25.775+0100][2845.656s][info][gc,heap     ] GC(229) Old regions: 39->39
[2025-03-18T14:35:25.775+0100][2845.656s][info][gc,heap     ] GC(229) Humongous regions: 1->1
[2025-03-18T14:35:25.775+0100][2845.656s][info][gc,metaspace] GC(229) Metaspace: 28103K(28544K)->28103K(28544K) NonClass: 24470K(24704K)->24470K(24704K) Class: 3632K(3840K)->3632K(3840K)
[2025-03-18T14:35:25.775+0100][2845.656s][info][gc          ] GC(229) Pause Young (Normal) (G1 Evacuation Pause) 1387M->171M(2048M) 3.271ms
[2025-03-18T14:35:25.775+0100][2845.656s][info][gc,cpu      ] GC(229) User=0.02s Sys=0.00s Real=0.00s
[2025-03-18T14:35:34.866+0100][2854.747s][info][gc,start    ] GC(230) Pause Young (Normal) (G1 Evacuation Pause)
[2025-03-18T14:35:34.868+0100][2854.749s][info][gc,task     ] GC(230) Using 9 workers of 9 for evacuation
[2025-03-18T14:35:34.876+0100][2854.757s][info][gc,phases   ] GC(230)   Pre Evacuate Collection Set: 0.2ms
[2025-03-18T14:35:34.876+0100][2854.757s][info][gc,phases   ] GC(230)   Merge Heap Roots: 0.1ms
[2025-03-18T14:35:34.876+0100][2854.757s][info][gc,phases   ] GC(230)   Evacuate Collection Set: 6.8ms
[2025-03-18T14:35:34.876+0100][2854.757s][info][gc,phases   ] GC(230)   Post Evacuate Collection Set: 0.6ms
[2025-03-18T14:35:34.876+0100][2854.757s][info][gc,phases   ] GC(230)   Other: 0.1ms
[2025-03-18T14:35:34.876+0100][2854.757s][info][gc,heap     ] GC(230) Eden regions: 304->0(303)
[2025-03-18T14:35:34.876+0100][2854.757s][info][gc,heap     ] GC(230) Survivor regions: 3->4(39)
[2025-03-18T14:35:34.876+0100][2854.757s][info][gc,heap     ] GC(230) Old regions: 39->39
[2025-03-18T14:35:34.876+0100][2854.757s][info][gc,heap     ] GC(230) Humongous regions: 1->1
[2025-03-18T14:35:34.876+0100][2854.757s][info][gc,metaspace] GC(230) Metaspace: 28103K(28544K)->28103K(28544K) NonClass: 24470K(24704K)->24470K(24704K) Class: 3632K(3840K)->3632K(3840K)
[2025-03-18T14:35:34.876+0100][2854.757s][info][gc          ] GC(230) Pause Young (Normal) (G1 Evacuation Pause) 1387M->173M(2048M) 9.992ms
[2025-03-18T14:35:34.876+0100][2854.757s][info][gc,cpu      ] GC(230) User=0.05s Sys=0.01s Real=0.01s
[2025-03-18T14:35:41.098+0100][2860.978s][info][gc,start    ] GC(231) Pause Young (Normal) (G1 Evacuation Pause)
[2025-03-18T14:35:41.098+0100][2860.978s][info][gc,task     ] GC(231) Using 9 workers of 9 for evacuation
[2025-03-18T14:35:41.101+0100][2860.982s][info][gc,phases   ] GC(231)   Pre Evacuate Collection Set: 0.1ms
[2025-03-18T14:35:41.101+0100][2860.982s][info][gc,phases   ] GC(231)   Merge Heap Roots: 0.1ms
[2025-03-18T14:35:41.101+0100][2860.982s][info][gc,phases   ] GC(231)   Evacuate Collection Set: 3.1ms
[2025-03-18T14:35:41.101+0100][2860.982s][info][gc,phases   ] GC(231)   Post Evacuate Collection Set: 0.4ms
[2025-03-18T14:35:41.101+0100][2860.982s][info][gc,phases   ] GC(231)   Other: 0.0ms
[2025-03-18T14:35:41.101+0100][2860.982s][info][gc,heap     ] GC(231) Eden regions: 303->0(303)
[2025-03-18T14:35:41.101+0100][2860.982s][info][gc,heap     ] GC(231) Survivor regions: 4->4(39)
[2025-03-18T14:35:41.101+0100][2860.982s][info][gc,heap     ] GC(231) Old regions: 39->40
[2025-03-18T14:35:41.101+0100][2860.982s][info][gc,heap     ] GC(231) Humongous regions: 1->1
[2025-03-18T14:35:41.101+0100][2860.982s][info][gc,metaspace] GC(231) Metaspace: 28103K(28544K)->28103K(28544K) NonClass: 24470K(24704K)->24470K(24704K) Class: 3632K(3840K)->3632K(3840K)
[2025-03-18T14:35:41.101+0100][2860.982s][info][gc          ] GC(231) Pause Young (Normal) (G1 Evacuation Pause) 1385M->175M(2048M) 3.957ms
[2025-03-18T14:35:41.101+0100][2860.982s][info][gc,cpu      ] GC(231) User=0.03s Sys=0.00s Real=0.01s
[2025-03-18T14:35:53.384+0100][2873.265s][info][gc,start    ] GC(232) Pause Young (Normal) (G1 Evacuation Pause)
[2025-03-18T14:35:53.386+0100][2873.266s][info][gc,task     ] GC(232) Using 9 workers of 9 for evacuation
[2025-03-18T14:35:53.392+0100][2873.273s][info][gc,phases   ] GC(232)   Pre Evacuate Collection Set: 0.2ms
[2025-03-18T14:35:53.392+0100][2873.273s][info][gc,phases   ] GC(232)   Merge Heap Roots: 0.1ms
[2025-03-18T14:35:53.392+0100][2873.273s][info][gc,phases   ] GC(232)   Evacuate Collection Set: 5.5ms
[2025-03-18T14:35:53.392+0100][2873.273s][info][gc,phases   ] GC(232)   Post Evacuate Collection Set: 0.5ms
[2025-03-18T14:35:53.392+0100][2873.273s][info][gc,phases   ] GC(232)   Other: 0.1ms
[2025-03-18T14:35:53.392+0100][2873.273s][info][gc,heap     ] GC(232) Eden regions: 303->0(303)
[2025-03-18T14:35:53.392+0100][2873.273s][info][gc,heap     ] GC(232) Survivor regions: 4->4(39)
[2025-03-18T14:35:53.392+0100][2873.273s][info][gc,heap     ] GC(232) Old regions: 40->40
[2025-03-18T14:35:53.392+0100][2873.273s][info][gc,heap     ] GC(232) Humongous regions: 1->1
[2025-03-18T14:35:53.392+0100][2873.273s][info][gc,metaspace] GC(232) Metaspace: 28103K(28544K)->28103K(28544K) NonClass: 24470K(24704K)->24470K(24704K) Class: 3632K(3840K)->3632K(3840K)
[2025-03-18T14:35:53.392+0100][2873.273s][info][gc          ] GC(232) Pause Young (Normal) (G1 Evacuation Pause) 1387M->176M(2048M) 8.145ms
[2025-03-18T14:35:53.392+0100][2873.273s][info][gc,cpu      ] GC(232) User=0.04s Sys=0.01s Real=0.01s
[2025-03-18T14:36:10.366+0100][2890.247s][info][gc,start    ] GC(233) Pause Young (Normal) (G1 Evacuation Pause)
[2025-03-18T14:36:10.369+0100][2890.250s][info][gc,task     ] GC(233) Using 9 workers of 9 for evacuation
[2025-03-18T14:36:10.373+0100][2890.253s][info][gc,phases   ] GC(233)   Pre Evacuate Collection Set: 0.1ms
[2025-03-18T14:36:10.373+0100][2890.254s][info][gc,phases   ] GC(233)   Merge Heap Roots: 0.1ms
[2025-03-18T14:36:10.373+0100][2890.254s][info][gc,phases   ] GC(233)   Evacuate Collection Set: 3.1ms
[2025-03-18T14:36:10.373+0100][2890.254s][info][gc,phases   ] GC(233)   Post Evacuate Collection Set: 0.5ms
[2025-03-18T14:36:10.373+0100][2890.254s][info][gc,phases   ] GC(233)   Other: 0.1ms
[2025-03-18T14:36:10.373+0100][2890.254s][info][gc,heap     ] GC(233) Eden regions: 303->0(302)
[2025-03-18T14:36:10.373+0100][2890.254s][info][gc,heap     ] GC(233) Survivor regions: 4->5(39)
[2025-03-18T14:36:10.373+0100][2890.254s][info][gc,heap     ] GC(233) Old regions: 40->40
[2025-03-18T14:36:10.373+0100][2890.254s][info][gc,heap     ] GC(233) Humongous regions: 1->1
[2025-03-18T14:36:10.373+0100][2890.254s][info][gc,metaspace] GC(233) Metaspace: 28103K(28544K)->28103K(28544K) NonClass: 24470K(24704K)->24470K(24704K) Class: 3632K(3840K)->3632K(3840K)
[2025-03-18T14:36:10.373+0100][2890.254s][info][gc          ] GC(233) Pause Young (Normal) (G1 Evacuation Pause) 1388M->176M(2048M) 6.664ms
[2025-03-18T14:36:10.373+0100][2890.254s][info][gc,cpu      ] GC(233) User=0.03s Sys=0.00s Real=0.01s
[2025-03-18T14:36:18.486+0100][2898.367s][info][gc,start    ] GC(234) Pause Young (Normal) (G1 Evacuation Pause)
[2025-03-18T14:36:18.487+0100][2898.367s][info][gc,task     ] GC(234) Using 9 workers of 9 for evacuation
[2025-03-18T14:36:18.490+0100][2898.371s][info][gc,phases   ] GC(234)   Pre Evacuate Collection Set: 0.1ms
[2025-03-18T14:36:18.490+0100][2898.371s][info][gc,phases   ] GC(234)   Merge Heap Roots: 0.0ms
[2025-03-18T14:36:18.490+0100][2898.371s][info][gc,phases   ] GC(234)   Evacuate Collection Set: 2.9ms
[2025-03-18T14:36:18.490+0100][2898.371s][info][gc,phases   ] GC(234)   Post Evacuate Collection Set: 0.4ms
[2025-03-18T14:36:18.490+0100][2898.371s][info][gc,phases   ] GC(234)   Other: 0.0ms
[2025-03-18T14:36:18.490+0100][2898.371s][info][gc,heap     ] GC(234) Eden regions: 302->0(302)
[2025-03-18T14:36:18.490+0100][2898.371s][info][gc,heap     ] GC(234) Survivor regions: 5->5(39)
[2025-03-18T14:36:18.490+0100][2898.371s][info][gc,heap     ] GC(234) Old regions: 40->40
[2025-03-18T14:36:18.490+0100][2898.371s][info][gc,heap     ] GC(234) Humongous regions: 1->1
[2025-03-18T14:36:18.490+0100][2898.371s][info][gc,metaspace] GC(234) Metaspace: 28103K(28544K)->28103K(28544K) NonClass: 24470K(24704K)->24470K(24704K) Class: 3632K(3840K)->3632K(3840K)
[2025-03-18T14:36:18.490+0100][2898.371s][info][gc          ] GC(234) Pause Young (Normal) (G1 Evacuation Pause) 1384M->178M(2048M) 4.133ms
[2025-03-18T14:36:18.490+0100][2898.371s][info][gc,cpu      ] GC(234) User=0.03s Sys=0.00s Real=0.01s
[2025-03-18T14:36:27.838+0100][2907.718s][info][gc,start    ] GC(235) Pause Young (Normal) (G1 Evacuation Pause)
[2025-03-18T14:36:27.839+0100][2907.719s][info][gc,task     ] GC(235) Using 9 workers of 9 for evacuation
[2025-03-18T14:36:27.846+0100][2907.726s][info][gc,phases   ] GC(235)   Pre Evacuate Collection Set: 0.2ms
[2025-03-18T14:36:27.846+0100][2907.727s][info][gc,phases   ] GC(235)   Merge Heap Roots: 0.1ms
[2025-03-18T14:36:27.846+0100][2907.727s][info][gc,phases   ] GC(235)   Evacuate Collection Set: 6.3ms
[2025-03-18T14:36:27.846+0100][2907.727s][info][gc,phases   ] GC(235)   Post Evacuate Collection Set: 0.6ms
[2025-03-18T14:36:27.846+0100][2907.727s][info][gc,phases   ] GC(235)   Other: 0.1ms
[2025-03-18T14:36:27.846+0100][2907.727s][info][gc,heap     ] GC(235) Eden regions: 302->0(303)
[2025-03-18T14:36:27.846+0100][2907.727s][info][gc,heap     ] GC(235) Survivor regions: 5->4(39)
[2025-03-18T14:36:27.846+0100][2907.727s][info][gc,heap     ] GC(235) Old regions: 40->40
[2025-03-18T14:36:27.846+0100][2907.727s][info][gc,heap     ] GC(235) Humongous regions: 1->1
[2025-03-18T14:36:27.846+0100][2907.727s][info][gc,metaspace] GC(235) Metaspace: 28103K(28544K)->28103K(28544K) NonClass: 24470K(24704K)->24470K(24704K) Class: 3632K(3840K)->3632K(3840K)
[2025-03-18T14:36:27.846+0100][2907.727s][info][gc          ] GC(235) Pause Young (Normal) (G1 Evacuation Pause) 1386M->174M(2048M) 8.554ms
[2025-03-18T14:36:27.846+0100][2907.727s][info][gc,cpu      ] GC(235) User=0.05s Sys=0.01s Real=0.01s
[2025-03-18T14:36:30.008+0100][2909.888s][info][gc,start    ] GC(236) Pause Young (Normal) (G1 Evacuation Pause)
[2025-03-18T14:36:30.008+0100][2909.888s][info][gc,task     ] GC(236) Using 9 workers of 9 for evacuation
[2025-03-18T14:36:30.012+0100][2909.893s][info][gc,phases   ] GC(236)   Pre Evacuate Collection Set: 0.1ms
[2025-03-18T14:36:30.012+0100][2909.893s][info][gc,phases   ] GC(236)   Merge Heap Roots: 0.1ms
[2025-03-18T14:36:30.012+0100][2909.893s][info][gc,phases   ] GC(236)   Evacuate Collection Set: 3.8ms
[2025-03-18T14:36:30.012+0100][2909.893s][info][gc,phases   ] GC(236)   Post Evacuate Collection Set: 0.5ms
[2025-03-18T14:36:30.012+0100][2909.893s][info][gc,phases   ] GC(236)   Other: 0.1ms
[2025-03-18T14:36:30.012+0100][2909.893s][info][gc,heap     ] GC(236) Eden regions: 303->0(302)
[2025-03-18T14:36:30.012+0100][2909.893s][info][gc,heap     ] GC(236) Survivor regions: 4->5(39)
[2025-03-18T14:36:30.013+0100][2909.893s][info][gc,heap     ] GC(236) Old regions: 40->40
[2025-03-18T14:36:30.013+0100][2909.893s][info][gc,heap     ] GC(236) Humongous regions: 1->1
[2025-03-18T14:36:30.013+0100][2909.893s][info][gc,metaspace] GC(236) Metaspace: 28103K(28544K)->28103K(28544K) NonClass: 24470K(24704K)->24470K(24704K) Class: 3632K(3840K)->3632K(3840K)
[2025-03-18T14:36:30.013+0100][2909.893s][info][gc          ] GC(236) Pause Young (Normal) (G1 Evacuation Pause) 1386M->180M(2048M) 4.657ms
[2025-03-18T14:36:30.013+0100][2909.893s][info][gc,cpu      ] GC(236) User=0.03s Sys=0.01s Real=0.01s
[2025-03-18T14:36:35.374+0100][2915.254s][info][gc,start    ] GC(237) Pause Young (Normal) (G1 Evacuation Pause)
[2025-03-18T14:36:35.374+0100][2915.255s][info][gc,task     ] GC(237) Using 9 workers of 9 for evacuation
[2025-03-18T14:36:35.379+0100][2915.259s][info][gc,phases   ] GC(237)   Pre Evacuate Collection Set: 0.1ms
[2025-03-18T14:36:35.379+0100][2915.259s][info][gc,phases   ] GC(237)   Merge Heap Roots: 0.1ms
[2025-03-18T14:36:35.379+0100][2915.259s][info][gc,phases   ] GC(237)   Evacuate Collection Set: 4.0ms
[2025-03-18T14:36:35.379+0100][2915.259s][info][gc,phases   ] GC(237)   Post Evacuate Collection Set: 0.4ms
[2025-03-18T14:36:35.379+0100][2915.260s][info][gc,phases   ] GC(237)   Other: 0.1ms
[2025-03-18T14:36:35.379+0100][2915.260s][info][gc,heap     ] GC(237) Eden regions: 302->0(302)
[2025-03-18T14:36:35.379+0100][2915.260s][info][gc,heap     ] GC(237) Survivor regions: 5->5(39)
[2025-03-18T14:36:35.379+0100][2915.260s][info][gc,heap     ] GC(237) Old regions: 40->40
[2025-03-18T14:36:35.379+0100][2915.260s][info][gc,heap     ] GC(237) Humongous regions: 1->1
[2025-03-18T14:36:35.379+0100][2915.260s][info][gc,metaspace] GC(237) Metaspace: 28103K(28544K)->28103K(28544K) NonClass: 24470K(24704K)->24470K(24704K) Class: 3632K(3840K)->3632K(3840K)
[2025-03-18T14:36:35.379+0100][2915.260s][info][gc          ] GC(237) Pause Young (Normal) (G1 Evacuation Pause) 1388M->180M(2048M) 5.077ms
[2025-03-18T14:36:35.379+0100][2915.260s][info][gc,cpu      ] GC(237) User=0.03s Sys=0.00s Real=0.00s
[2025-03-18T14:36:51.390+0100][2931.270s][info][gc,start    ] GC(238) Pause Young (Normal) (G1 Evacuation Pause)
[2025-03-18T14:36:51.390+0100][2931.270s][info][gc,task     ] GC(238) Using 9 workers of 9 for evacuation
[2025-03-18T14:36:51.397+0100][2931.277s][info][gc,phases   ] GC(238)   Pre Evacuate Collection Set: 0.2ms
[2025-03-18T14:36:51.397+0100][2931.277s][info][gc,phases   ] GC(238)   Merge Heap Roots: 0.1ms
[2025-03-18T14:36:51.397+0100][2931.277s][info][gc,phases   ] GC(238)   Evacuate Collection Set: 5.9ms
[2025-03-18T14:36:51.397+0100][2931.277s][info][gc,phases   ] GC(238)   Post Evacuate Collection Set: 0.5ms
[2025-03-18T14:36:51.397+0100][2931.277s][info][gc,phases   ] GC(238)   Other: 0.1ms
[2025-03-18T14:36:51.397+0100][2931.277s][info][gc,heap     ] GC(238) Eden regions: 302->0(302)
[2025-03-18T14:36:51.397+0100][2931.277s][info][gc,heap     ] GC(238) Survivor regions: 5->5(39)
[2025-03-18T14:36:51.397+0100][2931.277s][info][gc,heap     ] GC(238) Old regions: 40->40
[2025-03-18T14:36:51.397+0100][2931.277s][info][gc,heap     ] GC(238) Humongous regions: 1->1
[2025-03-18T14:36:51.397+0100][2931.277s][info][gc,metaspace] GC(238) Metaspace: 28103K(28544K)->28103K(28544K) NonClass: 24470K(24704K)->24470K(24704K) Class: 3632K(3840K)->3632K(3840K)
[2025-03-18T14:36:51.397+0100][2931.277s][info][gc          ] GC(238) Pause Young (Normal) (G1 Evacuation Pause) 1388M->180M(2048M) 7.076ms
[2025-03-18T14:36:51.397+0100][2931.277s][info][gc,cpu      ] GC(238) User=0.05s Sys=0.01s Real=0.00s
[2025-03-18T14:37:03.385+0100][2943.266s][info][gc,start    ] GC(239) Pause Young (Normal) (G1 Evacuation Pause)
[2025-03-18T14:37:03.386+0100][2943.266s][info][gc,task     ] GC(239) Using 9 workers of 9 for evacuation
[2025-03-18T14:37:03.393+0100][2943.273s][info][gc,phases   ] GC(239)   Pre Evacuate Collection Set: 0.2ms
[2025-03-18T14:37:03.393+0100][2943.273s][info][gc,phases   ] GC(239)   Merge Heap Roots: 0.1ms
[2025-03-18T14:37:03.393+0100][2943.273s][info][gc,phases   ] GC(239)   Evacuate Collection Set: 6.2ms
[2025-03-18T14:37:03.393+0100][2943.273s][info][gc,phases   ] GC(239)   Post Evacuate Collection Set: 0.4ms
[2025-03-18T14:37:03.393+0100][2943.273s][info][gc,phases   ] GC(239)   Other: 0.1ms
[2025-03-18T14:37:03.393+0100][2943.273s][info][gc,heap     ] GC(239) Eden regions: 302->0(301)
[2025-03-18T14:37:03.393+0100][2943.273s][info][gc,heap     ] GC(239) Survivor regions: 5->6(39)
[2025-03-18T14:37:03.393+0100][2943.273s][info][gc,heap     ] GC(239) Old regions: 40->40
[2025-03-18T14:37:03.393+0100][2943.273s][info][gc,heap     ] GC(239) Humongous regions: 1->1
[2025-03-18T14:37:03.393+0100][2943.273s][info][gc,metaspace] GC(239) Metaspace: 28103K(28544K)->28103K(28544K) NonClass: 24470K(24704K)->24470K(24704K) Class: 3632K(3840K)->3632K(3840K)
[2025-03-18T14:37:03.393+0100][2943.273s][info][gc          ] GC(239) Pause Young (Normal) (G1 Evacuation Pause) 1388M->181M(2048M) 7.377ms
[2025-03-18T14:37:03.393+0100][2943.273s][info][gc,cpu      ] GC(239) User=0.05s Sys=0.00s Real=0.01s
[2025-03-18T14:37:06.159+0100][2946.039s][info][gc,start    ] GC(240) Pause Young (Normal) (G1 Evacuation Pause)
[2025-03-18T14:37:06.159+0100][2946.039s][info][gc,task     ] GC(240) Using 9 workers of 9 for evacuation
[2025-03-18T14:37:06.164+0100][2946.045s][info][gc,phases   ] GC(240)   Pre Evacuate Collection Set: 0.1ms
[2025-03-18T14:37:06.164+0100][2946.045s][info][gc,phases   ] GC(240)   Merge Heap Roots: 0.1ms
[2025-03-18T14:37:06.164+0100][2946.045s][info][gc,phases   ] GC(240)   Evacuate Collection Set: 4.5ms
[2025-03-18T14:37:06.164+0100][2946.045s][info][gc,phases   ] GC(240)   Post Evacuate Collection Set: 0.5ms
[2025-03-18T14:37:06.164+0100][2946.045s][info][gc,phases   ] GC(240)   Other: 0.0ms
[2025-03-18T14:37:06.164+0100][2946.045s][info][gc,heap     ] GC(240) Eden regions: 301->0(302)
[2025-03-18T14:37:06.164+0100][2946.045s][info][gc,heap     ] GC(240) Survivor regions: 6->5(39)
[2025-03-18T14:37:06.164+0100][2946.045s][info][gc,heap     ] GC(240) Old regions: 40->40
[2025-03-18T14:37:06.164+0100][2946.045s][info][gc,heap     ] GC(240) Humongous regions: 1->1
[2025-03-18T14:37:06.164+0100][2946.045s][info][gc,metaspace] GC(240) Metaspace: 28103K(28544K)->28103K(28544K) NonClass: 24470K(24704K)->24470K(24704K) Class: 3632K(3840K)->3632K(3840K)
[2025-03-18T14:37:06.164+0100][2946.045s][info][gc          ] GC(240) Pause Young (Normal) (G1 Evacuation Pause) 1385M->179M(2048M) 5.392ms
[2025-03-18T14:37:06.164+0100][2946.045s][info][gc,cpu      ] GC(240) User=0.04s Sys=0.00s Real=0.01s
[2025-03-18T14:37:09.347+0100][2949.228s][info][gc,start    ] GC(241) Pause Young (Normal) (G1 Evacuation Pause)
[2025-03-18T14:37:09.347+0100][2949.228s][info][gc,task     ] GC(241) Using 9 workers of 9 for evacuation
[2025-03-18T14:37:09.352+0100][2949.233s][info][gc,phases   ] GC(241)   Pre Evacuate Collection Set: 0.2ms
[2025-03-18T14:37:09.352+0100][2949.233s][info][gc,phases   ] GC(241)   Merge Heap Roots: 0.1ms
[2025-03-18T14:37:09.352+0100][2949.233s][info][gc,phases   ] GC(241)   Evacuate Collection Set: 4.6ms
[2025-03-18T14:37:09.352+0100][2949.233s][info][gc,phases   ] GC(241)   Post Evacuate Collection Set: 0.4ms
[2025-03-18T14:37:09.352+0100][2949.233s][info][gc,phases   ] GC(241)   Other: 0.1ms
[2025-03-18T14:37:09.352+0100][2949.233s][info][gc,heap     ] GC(241) Eden regions: 302->0(302)
[2025-03-18T14:37:09.352+0100][2949.233s][info][gc,heap     ] GC(241) Survivor regions: 5->5(39)
[2025-03-18T14:37:09.352+0100][2949.233s][info][gc,heap     ] GC(241) Old regions: 40->40
[2025-03-18T14:37:09.352+0100][2949.233s][info][gc,heap     ] GC(241) Humongous regions: 1->1
[2025-03-18T14:37:09.352+0100][2949.233s][info][gc,metaspace] GC(241) Metaspace: 28103K(28544K)->28103K(28544K) NonClass: 24470K(24704K)->24470K(24704K) Class: 3632K(3840K)->3632K(3840K)
[2025-03-18T14:37:09.353+0100][2949.233s][info][gc          ] GC(241) Pause Young (Normal) (G1 Evacuation Pause) 1387M->180M(2048M) 5.468ms
[2025-03-18T14:37:09.353+0100][2949.233s][info][gc,cpu      ] GC(241) User=0.04s Sys=0.00s Real=0.01s
[2025-03-18T14:37:18.878+0100][2958.759s][info][gc,start    ] GC(242) Pause Young (Normal) (G1 Evacuation Pause)
[2025-03-18T14:37:18.878+0100][2958.759s][info][gc,task     ] GC(242) Using 9 workers of 9 for evacuation
[2025-03-18T14:37:18.886+0100][2958.766s][info][gc,phases   ] GC(242)   Pre Evacuate Collection Set: 0.2ms
[2025-03-18T14:37:18.886+0100][2958.766s][info][gc,phases   ] GC(242)   Merge Heap Roots: 0.1ms
[2025-03-18T14:37:18.886+0100][2958.767s][info][gc,phases   ] GC(242)   Evacuate Collection Set: 6.9ms
[2025-03-18T14:37:18.886+0100][2958.767s][info][gc,phases   ] GC(242)   Post Evacuate Collection Set: 0.5ms
[2025-03-18T14:37:18.886+0100][2958.767s][info][gc,phases   ] GC(242)   Other: 0.1ms
[2025-03-18T14:37:18.886+0100][2958.767s][info][gc,heap     ] GC(242) Eden regions: 302->0(301)
[2025-03-18T14:37:18.886+0100][2958.767s][info][gc,heap     ] GC(242) Survivor regions: 5->6(39)
[2025-03-18T14:37:18.886+0100][2958.767s][info][gc,heap     ] GC(242) Old regions: 40->40
[2025-03-18T14:37:18.886+0100][2958.767s][info][gc,heap     ] GC(242) Humongous regions: 1->1
[2025-03-18T14:37:18.886+0100][2958.767s][info][gc,metaspace] GC(242) Metaspace: 28103K(28544K)->28103K(28544K) NonClass: 24470K(24704K)->24470K(24704K) Class: 3632K(3840K)->3632K(3840K)
[2025-03-18T14:37:18.886+0100][2958.767s][info][gc          ] GC(242) Pause Young (Normal) (G1 Evacuation Pause) 1388M->182M(2048M) 8.088ms
[2025-03-18T14:37:18.886+0100][2958.767s][info][gc,cpu      ] GC(242) User=0.06s Sys=0.01s Real=0.01s
[2025-03-18T14:37:22.617+0100][2962.497s][info][gc,start    ] GC(243) Pause Young (Normal) (G1 Evacuation Pause)
[2025-03-18T14:37:22.617+0100][2962.497s][info][gc,task     ] GC(243) Using 9 workers of 9 for evacuation
[2025-03-18T14:37:22.622+0100][2962.503s][info][gc,phases   ] GC(243)   Pre Evacuate Collection Set: 0.1ms
[2025-03-18T14:37:22.622+0100][2962.503s][info][gc,phases   ] GC(243)   Merge Heap Roots: 0.1ms
[2025-03-18T14:37:22.622+0100][2962.503s][info][gc,phases   ] GC(243)   Evacuate Collection Set: 4.6ms
[2025-03-18T14:37:22.622+0100][2962.503s][info][gc,phases   ] GC(243)   Post Evacuate Collection Set: 0.5ms
[2025-03-18T14:37:22.622+0100][2962.503s][info][gc,phases   ] GC(243)   Other: 0.0ms
[2025-03-18T14:37:22.622+0100][2962.503s][info][gc,heap     ] GC(243) Eden regions: 301->0(300)
[2025-03-18T14:37:22.622+0100][2962.503s][info][gc,heap     ] GC(243) Survivor regions: 6->7(39)
[2025-03-18T14:37:22.622+0100][2962.503s][info][gc,heap     ] GC(243) Old regions: 40->40
[2025-03-18T14:37:22.622+0100][2962.503s][info][gc,heap     ] GC(243) Humongous regions: 1->1
[2025-03-18T14:37:22.622+0100][2962.503s][info][gc,metaspace] GC(243) Metaspace: 28109K(28544K)->28109K(28544K) NonClass: 24476K(24704K)->24476K(24704K) Class: 3632K(3840K)->3632K(3840K)
[2025-03-18T14:37:22.622+0100][2962.503s][info][gc          ] GC(243) Pause Young (Normal) (G1 Evacuation Pause) 1386M->185M(2048M) 5.483ms
[2025-03-18T14:37:22.622+0100][2962.503s][info][gc,cpu      ] GC(243) User=0.04s Sys=0.00s Real=0.01s
[2025-03-18T14:37:24.456+0100][2964.336s][info][gc,start    ] GC(244) Pause Young (Normal) (G1 Evacuation Pause)
[2025-03-18T14:37:24.456+0100][2964.337s][info][gc,task     ] GC(244) Using 9 workers of 9 for evacuation
[2025-03-18T14:37:24.462+0100][2964.342s][info][gc,phases   ] GC(244)   Pre Evacuate Collection Set: 0.1ms
[2025-03-18T14:37:24.462+0100][2964.342s][info][gc,phases   ] GC(244)   Merge Heap Roots: 0.1ms
[2025-03-18T14:37:24.462+0100][2964.342s][info][gc,phases   ] GC(244)   Evacuate Collection Set: 4.9ms
[2025-03-18T14:37:24.462+0100][2964.342s][info][gc,phases   ] GC(244)   Post Evacuate Collection Set: 0.5ms
[2025-03-18T14:37:24.462+0100][2964.342s][info][gc,phases   ] GC(244)   Other: 0.0ms
[2025-03-18T14:37:24.462+0100][2964.342s][info][gc,heap     ] GC(244) Eden regions: 300->0(301)
[2025-03-18T14:37:24.462+0100][2964.342s][info][gc,heap     ] GC(244) Survivor regions: 7->6(39)
[2025-03-18T14:37:24.462+0100][2964.342s][info][gc,heap     ] GC(244) Old regions: 40->40
[2025-03-18T14:37:24.462+0100][2964.342s][info][gc,heap     ] GC(244) Humongous regions: 1->1
[2025-03-18T14:37:24.462+0100][2964.342s][info][gc,metaspace] GC(244) Metaspace: 28109K(28544K)->28109K(28544K) NonClass: 24476K(24704K)->24476K(24704K) Class: 3632K(3840K)->3632K(3840K)
[2025-03-18T14:37:24.462+0100][2964.342s][info][gc          ] GC(244) Pause Young (Normal) (G1 Evacuation Pause) 1385M->183M(2048M) 5.811ms
[2025-03-18T14:37:24.462+0100][2964.342s][info][gc,cpu      ] GC(244) User=0.04s Sys=0.00s Real=0.01s
[2025-03-18T14:37:25.625+0100][2965.506s][info][gc,start    ] GC(245) Pause Young (Normal) (G1 Evacuation Pause)
[2025-03-18T14:37:25.625+0100][2965.506s][info][gc,task     ] GC(245) Using 9 workers of 9 for evacuation
[2025-03-18T14:37:25.632+0100][2965.512s][info][gc,phases   ] GC(245)   Pre Evacuate Collection Set: 0.1ms
[2025-03-18T14:37:25.632+0100][2965.512s][info][gc,phases   ] GC(245)   Merge Heap Roots: 0.1ms
[2025-03-18T14:37:25.632+0100][2965.512s][info][gc,phases   ] GC(245)   Evacuate Collection Set: 5.6ms
[2025-03-18T14:37:25.632+0100][2965.512s][info][gc,phases   ] GC(245)   Post Evacuate Collection Set: 0.5ms
[2025-03-18T14:37:25.632+0100][2965.512s][info][gc,phases   ] GC(245)   Other: 0.1ms
[2025-03-18T14:37:25.632+0100][2965.512s][info][gc,heap     ] GC(245) Eden regions: 301->0(300)
[2025-03-18T14:37:25.632+0100][2965.512s][info][gc,heap     ] GC(245) Survivor regions: 6->7(39)
[2025-03-18T14:37:25.632+0100][2965.512s][info][gc,heap     ] GC(245) Old regions: 40->40
[2025-03-18T14:37:25.632+0100][2965.512s][info][gc,heap     ] GC(245) Humongous regions: 1->1
[2025-03-18T14:37:25.632+0100][2965.512s][info][gc,metaspace] GC(245) Metaspace: 28109K(28544K)->28109K(28544K) NonClass: 24476K(24704K)->24476K(24704K) Class: 3632K(3840K)->3632K(3840K)
[2025-03-18T14:37:25.632+0100][2965.512s][info][gc          ] GC(245) Pause Young (Normal) (G1 Evacuation Pause) 1387M->188M(2048M) 6.452ms
[2025-03-18T14:37:25.632+0100][2965.512s][info][gc,cpu      ] GC(245) User=0.04s Sys=0.00s Real=0.01s
[2025-03-18T14:37:26.800+0100][2966.680s][info][gc,start    ] GC(246) Pause Young (Normal) (G1 Evacuation Pause)
[2025-03-18T14:37:26.800+0100][2966.680s][info][gc,task     ] GC(246) Using 9 workers of 9 for evacuation
[2025-03-18T14:37:26.805+0100][2966.685s][info][gc,phases   ] GC(246)   Pre Evacuate Collection Set: 0.1ms
[2025-03-18T14:37:26.805+0100][2966.685s][info][gc,phases   ] GC(246)   Merge Heap Roots: 0.1ms
[2025-03-18T14:37:26.805+0100][2966.686s][info][gc,phases   ] GC(246)   Evacuate Collection Set: 4.6ms
[2025-03-18T14:37:26.805+0100][2966.686s][info][gc,phases   ] GC(246)   Post Evacuate Collection Set: 0.5ms
[2025-03-18T14:37:26.805+0100][2966.686s][info][gc,phases   ] GC(246)   Other: 0.0ms
[2025-03-18T14:37:26.805+0100][2966.686s][info][gc,heap     ] GC(246) Eden regions: 300->0(301)
[2025-03-18T14:37:26.805+0100][2966.686s][info][gc,heap     ] GC(246) Survivor regions: 7->6(39)
[2025-03-18T14:37:26.805+0100][2966.686s][info][gc,heap     ] GC(246) Old regions: 40->40
[2025-03-18T14:37:26.805+0100][2966.686s][info][gc,heap     ] GC(246) Humongous regions: 1->1
[2025-03-18T14:37:26.805+0100][2966.686s][info][gc,metaspace] GC(246) Metaspace: 28109K(28544K)->28109K(28544K) NonClass: 24476K(24704K)->24476K(24704K) Class: 3632K(3840K)->3632K(3840K)
[2025-03-18T14:37:26.805+0100][2966.686s][info][gc          ] GC(246) Pause Young (Normal) (G1 Evacuation Pause) 1388M->184M(2048M) 5.417ms
[2025-03-18T14:37:26.805+0100][2966.686s][info][gc,cpu      ] GC(246) User=0.04s Sys=0.00s Real=0.00s
[2025-03-18T14:37:27.631+0100][2967.512s][info][gc,start    ] GC(247) Pause Young (Normal) (G1 Evacuation Pause)
[2025-03-18T14:37:27.631+0100][2967.512s][info][gc,task     ] GC(247) Using 9 workers of 9 for evacuation
[2025-03-18T14:37:27.639+0100][2967.519s][info][gc,phases   ] GC(247)   Pre Evacuate Collection Set: 0.1ms
[2025-03-18T14:37:27.639+0100][2967.519s][info][gc,phases   ] GC(247)   Merge Heap Roots: 0.1ms
[2025-03-18T14:37:27.639+0100][2967.519s][info][gc,phases   ] GC(247)   Evacuate Collection Set: 6.3ms
[2025-03-18T14:37:27.639+0100][2967.519s][info][gc,phases   ] GC(247)   Post Evacuate Collection Set: 0.6ms
[2025-03-18T14:37:27.639+0100][2967.519s][info][gc,phases   ] GC(247)   Other: 0.0ms
[2025-03-18T14:37:27.639+0100][2967.519s][info][gc,heap     ] GC(247) Eden regions: 301->0(300)
[2025-03-18T14:37:27.639+0100][2967.519s][info][gc,heap     ] GC(247) Survivor regions: 6->7(39)
[2025-03-18T14:37:27.639+0100][2967.519s][info][gc,heap     ] GC(247) Old regions: 40->40
[2025-03-18T14:37:27.639+0100][2967.519s][info][gc,heap     ] GC(247) Humongous regions: 1->1
[2025-03-18T14:37:27.639+0100][2967.519s][info][gc,metaspace] GC(247) Metaspace: 28109K(28544K)->28109K(28544K) NonClass: 24476K(24704K)->24476K(24704K) Class: 3632K(3840K)->3632K(3840K)
[2025-03-18T14:37:27.639+0100][2967.519s][info][gc          ] GC(247) Pause Young (Normal) (G1 Evacuation Pause) 1388M->190M(2048M) 7.290ms
[2025-03-18T14:37:27.639+0100][2967.519s][info][gc,cpu      ] GC(247) User=0.05s Sys=0.00s Real=0.00s
[2025-03-18T14:37:28.621+0100][2968.502s][info][gc,start    ] GC(248) Pause Young (Normal) (G1 Evacuation Pause)
[2025-03-18T14:37:28.622+0100][2968.502s][info][gc,task     ] GC(248) Using 9 workers of 9 for evacuation
[2025-03-18T14:37:28.628+0100][2968.508s][info][gc,phases   ] GC(248)   Pre Evacuate Collection Set: 0.1ms
[2025-03-18T14:37:28.628+0100][2968.508s][info][gc,phases   ] GC(248)   Merge Heap Roots: 0.1ms
[2025-03-18T14:37:28.628+0100][2968.508s][info][gc,phases   ] GC(248)   Evacuate Collection Set: 5.4ms
[2025-03-18T14:37:28.628+0100][2968.508s][info][gc,phases   ] GC(248)   Post Evacuate Collection Set: 0.5ms
[2025-03-18T14:37:28.628+0100][2968.508s][info][gc,phases   ] GC(248)   Other: 0.1ms
[2025-03-18T14:37:28.628+0100][2968.508s][info][gc,heap     ] GC(248) Eden regions: 300->0(300)
[2025-03-18T14:37:28.628+0100][2968.508s][info][gc,heap     ] GC(248) Survivor regions: 7->7(39)
[2025-03-18T14:37:28.628+0100][2968.508s][info][gc,heap     ] GC(248) Old regions: 40->40
[2025-03-18T14:37:28.628+0100][2968.508s][info][gc,heap     ] GC(248) Humongous regions: 1->1
[2025-03-18T14:37:28.628+0100][2968.508s][info][gc,metaspace] GC(248) Metaspace: 28109K(28544K)->28109K(28544K) NonClass: 24476K(24704K)->24476K(24704K) Class: 3632K(3840K)->3632K(3840K)
[2025-03-18T14:37:28.628+0100][2968.508s][info][gc          ] GC(248) Pause Young (Normal) (G1 Evacuation Pause) 1390M->191M(2048M) 6.357ms
[2025-03-18T14:37:28.628+0100][2968.508s][info][gc,cpu      ] GC(248) User=0.05s Sys=0.00s Real=0.00s
[2025-03-18T14:37:30.311+0100][2970.192s][info][gc,start    ] GC(249) Pause Young (Normal) (G1 Evacuation Pause)
[2025-03-18T14:37:30.311+0100][2970.192s][info][gc,task     ] GC(249) Using 9 workers of 9 for evacuation
[2025-03-18T14:37:30.317+0100][2970.197s][info][gc,phases   ] GC(249)   Pre Evacuate Collection Set: 0.1ms
[2025-03-18T14:37:30.317+0100][2970.197s][info][gc,phases   ] GC(249)   Merge Heap Roots: 0.1ms
[2025-03-18T14:37:30.317+0100][2970.197s][info][gc,phases   ] GC(249)   Evacuate Collection Set: 4.8ms
[2025-03-18T14:37:30.317+0100][2970.197s][info][gc,phases   ] GC(249)   Post Evacuate Collection Set: 0.4ms
[2025-03-18T14:37:30.317+0100][2970.197s][info][gc,phases   ] GC(249)   Other: 0.0ms
[2025-03-18T14:37:30.317+0100][2970.197s][info][gc,heap     ] GC(249) Eden regions: 300->0(300)
[2025-03-18T14:37:30.317+0100][2970.197s][info][gc,heap     ] GC(249) Survivor regions: 7->7(39)
[2025-03-18T14:37:30.317+0100][2970.197s][info][gc,heap     ] GC(249) Old regions: 40->40
[2025-03-18T14:37:30.317+0100][2970.197s][info][gc,heap     ] GC(249) Humongous regions: 1->1
[2025-03-18T14:37:30.317+0100][2970.197s][info][gc,metaspace] GC(249) Metaspace: 28109K(28544K)->28109K(28544K) NonClass: 24476K(24704K)->24476K(24704K) Class: 3632K(3840K)->3632K(3840K)
[2025-03-18T14:37:30.317+0100][2970.197s][info][gc          ] GC(249) Pause Young (Normal) (G1 Evacuation Pause) 1391M->190M(2048M) 5.612ms
[2025-03-18T14:37:30.317+0100][2970.197s][info][gc,cpu      ] GC(249) User=0.04s Sys=0.00s Real=0.00s
[2025-03-18T14:37:33.557+0100][2973.437s][info][gc,start    ] GC(250) Pause Young (Normal) (G1 Evacuation Pause)
[2025-03-18T14:37:33.557+0100][2973.437s][info][gc,task     ] GC(250) Using 9 workers of 9 for evacuation
[2025-03-18T14:37:33.562+0100][2973.443s][info][gc,phases   ] GC(250)   Pre Evacuate Collection Set: 0.1ms
[2025-03-18T14:37:33.562+0100][2973.443s][info][gc,phases   ] GC(250)   Merge Heap Roots: 0.1ms
[2025-03-18T14:37:33.562+0100][2973.443s][info][gc,phases   ] GC(250)   Evacuate Collection Set: 4.7ms
[2025-03-18T14:37:33.562+0100][2973.443s][info][gc,phases   ] GC(250)   Post Evacuate Collection Set: 0.4ms
[2025-03-18T14:37:33.562+0100][2973.443s][info][gc,phases   ] GC(250)   Other: 0.0ms
[2025-03-18T14:37:33.562+0100][2973.443s][info][gc,heap     ] GC(250) Eden regions: 300->0(300)
[2025-03-18T14:37:33.562+0100][2973.443s][info][gc,heap     ] GC(250) Survivor regions: 7->7(39)
[2025-03-18T14:37:33.562+0100][2973.443s][info][gc,heap     ] GC(250) Old regions: 40->41
[2025-03-18T14:37:33.562+0100][2973.443s][info][gc,heap     ] GC(250) Humongous regions: 1->1
[2025-03-18T14:37:33.562+0100][2973.443s][info][gc,metaspace] GC(250) Metaspace: 28109K(28544K)->28109K(28544K) NonClass: 24476K(24704K)->24476K(24704K) Class: 3632K(3840K)->3632K(3840K)
[2025-03-18T14:37:33.562+0100][2973.443s][info][gc          ] GC(250) Pause Young (Normal) (G1 Evacuation Pause) 1390M->188M(2048M) 5.407ms
[2025-03-18T14:37:33.562+0100][2973.443s][info][gc,cpu      ] GC(250) User=0.04s Sys=0.00s Real=0.01s
[2025-03-18T14:37:39.542+0100][2979.423s][info][gc,start    ] GC(251) Pause Young (Normal) (G1 Evacuation Pause)
[2025-03-18T14:37:39.542+0100][2979.423s][info][gc,task     ] GC(251) Using 9 workers of 9 for evacuation
[2025-03-18T14:37:39.549+0100][2979.429s][info][gc,phases   ] GC(251)   Pre Evacuate Collection Set: 0.2ms
[2025-03-18T14:37:39.549+0100][2979.429s][info][gc,phases   ] GC(251)   Merge Heap Roots: 0.1ms
[2025-03-18T14:37:39.549+0100][2979.429s][info][gc,phases   ] GC(251)   Evacuate Collection Set: 5.5ms
[2025-03-18T14:37:39.549+0100][2979.429s][info][gc,phases   ] GC(251)   Post Evacuate Collection Set: 0.6ms
[2025-03-18T14:37:39.549+0100][2979.429s][info][gc,phases   ] GC(251)   Other: 0.1ms
[2025-03-18T14:37:39.549+0100][2979.429s][info][gc,heap     ] GC(251) Eden regions: 300->0(300)
[2025-03-18T14:37:39.549+0100][2979.429s][info][gc,heap     ] GC(251) Survivor regions: 7->7(39)
[2025-03-18T14:37:39.549+0100][2979.429s][info][gc,heap     ] GC(251) Old regions: 41->41
[2025-03-18T14:37:39.549+0100][2979.429s][info][gc,heap     ] GC(251) Humongous regions: 1->1
[2025-03-18T14:37:39.549+0100][2979.429s][info][gc,metaspace] GC(251) Metaspace: 28109K(28544K)->28109K(28544K) NonClass: 24476K(24704K)->24476K(24704K) Class: 3632K(3840K)->3632K(3840K)
[2025-03-18T14:37:39.549+0100][2979.429s][info][gc          ] GC(251) Pause Young (Normal) (G1 Evacuation Pause) 1388M->193M(2048M) 6.708ms
[2025-03-18T14:37:39.549+0100][2979.429s][info][gc,cpu      ] GC(251) User=0.04s Sys=0.00s Real=0.00s
[2025-03-18T14:37:41.504+0100][2981.385s][info][gc,start    ] GC(252) Pause Young (Normal) (G1 Evacuation Pause)
[2025-03-18T14:37:41.504+0100][2981.385s][info][gc,task     ] GC(252) Using 9 workers of 9 for evacuation
[2025-03-18T14:37:41.511+0100][2981.391s][info][gc,phases   ] GC(252)   Pre Evacuate Collection Set: 0.1ms
[2025-03-18T14:37:41.511+0100][2981.391s][info][gc,phases   ] GC(252)   Merge Heap Roots: 0.1ms
[2025-03-18T14:37:41.511+0100][2981.391s][info][gc,phases   ] GC(252)   Evacuate Collection Set: 5.5ms
[2025-03-18T14:37:41.511+0100][2981.391s][info][gc,phases   ] GC(252)   Post Evacuate Collection Set: 0.4ms
[2025-03-18T14:37:41.511+0100][2981.391s][info][gc,phases   ] GC(252)   Other: 0.0ms
[2025-03-18T14:37:41.511+0100][2981.391s][info][gc,heap     ] GC(252) Eden regions: 300->0(299)
[2025-03-18T14:37:41.511+0100][2981.391s][info][gc,heap     ] GC(252) Survivor regions: 7->8(39)
[2025-03-18T14:37:41.511+0100][2981.391s][info][gc,heap     ] GC(252) Old regions: 41->41
[2025-03-18T14:37:41.511+0100][2981.391s][info][gc,heap     ] GC(252) Humongous regions: 1->1
[2025-03-18T14:37:41.511+0100][2981.391s][info][gc,metaspace] GC(252) Metaspace: 28109K(28544K)->28109K(28544K) NonClass: 24476K(24704K)->24476K(24704K) Class: 3632K(3840K)->3632K(3840K)
[2025-03-18T14:37:41.511+0100][2981.391s][info][gc          ] GC(252) Pause Young (Normal) (G1 Evacuation Pause) 1393M->195M(2048M) 6.331ms
[2025-03-18T14:37:41.511+0100][2981.391s][info][gc,cpu      ] GC(252) User=0.05s Sys=0.00s Real=0.01s
[2025-03-18T14:37:48.843+0100][2988.723s][info][gc,start    ] GC(253) Pause Young (Normal) (G1 Evacuation Pause)
[2025-03-18T14:37:48.843+0100][2988.724s][info][gc,task     ] GC(253) Using 9 workers of 9 for evacuation
[2025-03-18T14:37:48.861+0100][2988.742s][info][gc,phases   ] GC(253)   Pre Evacuate Collection Set: 0.6ms
[2025-03-18T14:37:48.861+0100][2988.742s][info][gc,phases   ] GC(253)   Merge Heap Roots: 0.1ms
[2025-03-18T14:37:48.861+0100][2988.742s][info][gc,phases   ] GC(253)   Evacuate Collection Set: 16.5ms
[2025-03-18T14:37:48.861+0100][2988.742s][info][gc,phases   ] GC(253)   Post Evacuate Collection Set: 0.8ms
[2025-03-18T14:37:48.861+0100][2988.742s][info][gc,phases   ] GC(253)   Other: 0.2ms
[2025-03-18T14:37:48.862+0100][2988.742s][info][gc,heap     ] GC(253) Eden regions: 299->0(300)
[2025-03-18T14:37:48.862+0100][2988.742s][info][gc,heap     ] GC(253) Survivor regions: 8->7(39)
[2025-03-18T14:37:48.862+0100][2988.742s][info][gc,heap     ] GC(253) Old regions: 41->41
[2025-03-18T14:37:48.862+0100][2988.742s][info][gc,heap     ] GC(253) Humongous regions: 1->1
[2025-03-18T14:37:48.862+0100][2988.742s][info][gc,metaspace] GC(253) Metaspace: 28109K(28544K)->28109K(28544K) NonClass: 24476K(24704K)->24476K(24704K) Class: 3632K(3840K)->3632K(3840K)
[2025-03-18T14:37:48.862+0100][2988.742s][info][gc          ] GC(253) Pause Young (Normal) (G1 Evacuation Pause) 1391M->191M(2048M) 18.781ms
[2025-03-18T14:37:48.862+0100][2988.742s][info][gc,cpu      ] GC(253) User=0.10s Sys=0.00s Real=0.02s
[2025-03-18T14:38:05.878+0100][3005.759s][info][gc,start    ] GC(254) Pause Young (Normal) (G1 Evacuation Pause)
[2025-03-18T14:38:05.878+0100][3005.759s][info][gc,task     ] GC(254) Using 9 workers of 9 for evacuation
[2025-03-18T14:38:05.888+0100][3005.768s][info][gc,phases   ] GC(254)   Pre Evacuate Collection Set: 0.2ms
[2025-03-18T14:38:05.888+0100][3005.768s][info][gc,phases   ] GC(254)   Merge Heap Roots: 0.1ms
[2025-03-18T14:38:05.888+0100][3005.768s][info][gc,phases   ] GC(254)   Evacuate Collection Set: 8.8ms
[2025-03-18T14:38:05.888+0100][3005.768s][info][gc,phases   ] GC(254)   Post Evacuate Collection Set: 0.4ms
[2025-03-18T14:38:05.888+0100][3005.769s][info][gc,phases   ] GC(254)   Other: 0.1ms
[2025-03-18T14:38:05.888+0100][3005.769s][info][gc,heap     ] GC(254) Eden regions: 300->0(299)
[2025-03-18T14:38:05.888+0100][3005.769s][info][gc,heap     ] GC(254) Survivor regions: 7->8(39)
[2025-03-18T14:38:05.888+0100][3005.769s][info][gc,heap     ] GC(254) Old regions: 41->41
[2025-03-18T14:38:05.888+0100][3005.769s][info][gc,heap     ] GC(254) Humongous regions: 1->1
[2025-03-18T14:38:05.888+0100][3005.769s][info][gc,metaspace] GC(254) Metaspace: 28109K(28544K)->28109K(28544K) NonClass: 24476K(24704K)->24476K(24704K) Class: 3632K(3840K)->3632K(3840K)
[2025-03-18T14:38:05.888+0100][3005.769s][info][gc          ] GC(254) Pause Young (Normal) (G1 Evacuation Pause) 1391M->195M(2048M) 9.997ms
[2025-03-18T14:38:05.888+0100][3005.769s][info][gc,cpu      ] GC(254) User=0.07s Sys=0.00s Real=0.01s
[2025-03-18T14:38:23.346+0100][3023.226s][info][gc,start    ] GC(255) Pause Young (Normal) (G1 Evacuation Pause)
[2025-03-18T14:38:23.346+0100][3023.227s][info][gc,task     ] GC(255) Using 9 workers of 9 for evacuation
[2025-03-18T14:38:23.366+0100][3023.247s][info][gc,phases   ] GC(255)   Pre Evacuate Collection Set: 0.5ms
[2025-03-18T14:38:23.366+0100][3023.247s][info][gc,phases   ] GC(255)   Merge Heap Roots: 0.2ms
[2025-03-18T14:38:23.366+0100][3023.247s][info][gc,phases   ] GC(255)   Evacuate Collection Set: 18.6ms
[2025-03-18T14:38:23.366+0100][3023.247s][info][gc,phases   ] GC(255)   Post Evacuate Collection Set: 0.5ms
[2025-03-18T14:38:23.366+0100][3023.247s][info][gc,phases   ] GC(255)   Other: 0.2ms
[2025-03-18T14:38:23.366+0100][3023.247s][info][gc,heap     ] GC(255) Eden regions: 299->0(301)
[2025-03-18T14:38:23.366+0100][3023.247s][info][gc,heap     ] GC(255) Survivor regions: 8->6(39)
[2025-03-18T14:38:23.366+0100][3023.247s][info][gc,heap     ] GC(255) Old regions: 41->42
[2025-03-18T14:38:23.366+0100][3023.247s][info][gc,heap     ] GC(255) Humongous regions: 1->1
[2025-03-18T14:38:23.366+0100][3023.247s][info][gc,metaspace] GC(255) Metaspace: 28109K(28544K)->28109K(28544K) NonClass: 24476K(24704K)->24476K(24704K) Class: 3632K(3840K)->3632K(3840K)
[2025-03-18T14:38:23.366+0100][3023.247s][info][gc          ] GC(255) Pause Young (Normal) (G1 Evacuation Pause) 1391M->192M(2048M) 20.598ms
[2025-03-18T14:38:23.366+0100][3023.247s][info][gc,cpu      ] GC(255) User=0.09s Sys=0.00s Real=0.02s
[2025-03-18T14:38:40.841+0100][3040.721s][info][gc,start    ] GC(256) Pause Young (Normal) (G1 Evacuation Pause)
[2025-03-18T14:38:40.842+0100][3040.722s][info][gc,task     ] GC(256) Using 9 workers of 9 for evacuation
[2025-03-18T14:38:40.854+0100][3040.735s][info][gc,phases   ] GC(256)   Pre Evacuate Collection Set: 0.2ms
[2025-03-18T14:38:40.854+0100][3040.735s][info][gc,phases   ] GC(256)   Merge Heap Roots: 0.1ms
[2025-03-18T14:38:40.854+0100][3040.735s][info][gc,phases   ] GC(256)   Evacuate Collection Set: 11.3ms
[2025-03-18T14:38:40.854+0100][3040.735s][info][gc,phases   ] GC(256)   Post Evacuate Collection Set: 0.4ms
[2025-03-18T14:38:40.854+0100][3040.735s][info][gc,phases   ] GC(256)   Other: 0.1ms
[2025-03-18T14:38:40.854+0100][3040.735s][info][gc,heap     ] GC(256) Eden regions: 301->0(301)
[2025-03-18T14:38:40.854+0100][3040.735s][info][gc,heap     ] GC(256) Survivor regions: 6->6(39)
[2025-03-18T14:38:40.854+0100][3040.735s][info][gc,heap     ] GC(256) Old regions: 42->42
[2025-03-18T14:38:40.854+0100][3040.735s][info][gc,heap     ] GC(256) Humongous regions: 1->1
[2025-03-18T14:38:40.854+0100][3040.735s][info][gc,metaspace] GC(256) Metaspace: 28109K(28544K)->28109K(28544K) NonClass: 24476K(24704K)->24476K(24704K) Class: 3632K(3840K)->3632K(3840K)
[2025-03-18T14:38:40.854+0100][3040.735s][info][gc          ] GC(256) Pause Young (Normal) (G1 Evacuation Pause) 1396M->192M(2048M) 13.332ms
[2025-03-18T14:38:40.854+0100][3040.735s][info][gc,cpu      ] GC(256) User=0.05s Sys=0.00s Real=0.01s
[2025-03-18T14:38:52.856+0100][3052.737s][info][gc,start    ] GC(257) Pause Young (Normal) (G1 Evacuation Pause)
[2025-03-18T14:38:52.857+0100][3052.737s][info][gc,task     ] GC(257) Using 9 workers of 9 for evacuation
[2025-03-18T14:38:52.868+0100][3052.749s][info][gc,phases   ] GC(257)   Pre Evacuate Collection Set: 0.2ms
[2025-03-18T14:38:52.868+0100][3052.749s][info][gc,phases   ] GC(257)   Merge Heap Roots: 0.1ms
[2025-03-18T14:38:52.868+0100][3052.749s][info][gc,phases   ] GC(257)   Evacuate Collection Set: 10.4ms
[2025-03-18T14:38:52.868+0100][3052.749s][info][gc,phases   ] GC(257)   Post Evacuate Collection Set: 0.5ms
[2025-03-18T14:38:52.868+0100][3052.749s][info][gc,phases   ] GC(257)   Other: 0.1ms
[2025-03-18T14:38:52.868+0100][3052.749s][info][gc,heap     ] GC(257) Eden regions: 301->0(301)
[2025-03-18T14:38:52.868+0100][3052.749s][info][gc,heap     ] GC(257) Survivor regions: 6->6(39)
[2025-03-18T14:38:52.868+0100][3052.749s][info][gc,heap     ] GC(257) Old regions: 42->42
[2025-03-18T14:38:52.868+0100][3052.749s][info][gc,heap     ] GC(257) Humongous regions: 1->1
[2025-03-18T14:38:52.868+0100][3052.749s][info][gc,metaspace] GC(257) Metaspace: 28109K(28544K)->28109K(28544K) NonClass: 24476K(24704K)->24476K(24704K) Class: 3632K(3840K)->3632K(3840K)
[2025-03-18T14:38:52.868+0100][3052.749s][info][gc          ] GC(257) Pause Young (Normal) (G1 Evacuation Pause) 1396M->192M(2048M) 11.756ms
[2025-03-18T14:38:52.868+0100][3052.749s][info][gc,cpu      ] GC(257) User=0.08s Sys=0.00s Real=0.01s
[2025-03-18T14:39:10.342+0100][3070.222s][info][gc,start    ] GC(258) Pause Young (Normal) (G1 Evacuation Pause)
[2025-03-18T14:39:10.342+0100][3070.223s][info][gc,task     ] GC(258) Using 9 workers of 9 for evacuation
[2025-03-18T14:39:10.361+0100][3070.242s][info][gc,phases   ] GC(258)   Pre Evacuate Collection Set: 0.5ms
[2025-03-18T14:39:10.362+0100][3070.242s][info][gc,phases   ] GC(258)   Merge Heap Roots: 0.1ms
[2025-03-18T14:39:10.362+0100][3070.242s][info][gc,phases   ] GC(258)   Evacuate Collection Set: 17.5ms
[2025-03-18T14:39:10.362+0100][3070.242s][info][gc,phases   ] GC(258)   Post Evacuate Collection Set: 0.8ms
[2025-03-18T14:39:10.362+0100][3070.242s][info][gc,phases   ] GC(258)   Other: 0.2ms
[2025-03-18T14:39:10.362+0100][3070.242s][info][gc,heap     ] GC(258) Eden regions: 301->0(301)
[2025-03-18T14:39:10.362+0100][3070.242s][info][gc,heap     ] GC(258) Survivor regions: 6->6(39)
[2025-03-18T14:39:10.362+0100][3070.242s][info][gc,heap     ] GC(258) Old regions: 42->42
[2025-03-18T14:39:10.362+0100][3070.242s][info][gc,heap     ] GC(258) Humongous regions: 1->1
[2025-03-18T14:39:10.362+0100][3070.242s][info][gc,metaspace] GC(258) Metaspace: 28109K(28544K)->28109K(28544K) NonClass: 24476K(24704K)->24476K(24704K) Class: 3632K(3840K)->3632K(3840K)
[2025-03-18T14:39:10.362+0100][3070.242s][info][gc          ] GC(258) Pause Young (Normal) (G1 Evacuation Pause) 1396M->192M(2048M) 19.778ms
[2025-03-18T14:39:10.362+0100][3070.242s][info][gc,cpu      ] GC(258) User=0.08s Sys=0.00s Real=0.02s
[2025-03-18T14:39:27.396+0100][3087.276s][info][gc,start    ] GC(259) Pause Young (Normal) (G1 Evacuation Pause)
[2025-03-18T14:39:27.396+0100][3087.276s][info][gc,task     ] GC(259) Using 9 workers of 9 for evacuation
[2025-03-18T14:39:27.403+0100][3087.284s][info][gc,phases   ] GC(259)   Pre Evacuate Collection Set: 0.2ms
[2025-03-18T14:39:27.403+0100][3087.284s][info][gc,phases   ] GC(259)   Merge Heap Roots: 0.1ms
[2025-03-18T14:39:27.403+0100][3087.284s][info][gc,phases   ] GC(259)   Evacuate Collection Set: 6.5ms
[2025-03-18T14:39:27.403+0100][3087.284s][info][gc,phases   ] GC(259)   Post Evacuate Collection Set: 0.5ms
[2025-03-18T14:39:27.403+0100][3087.284s][info][gc,phases   ] GC(259)   Other: 0.1ms
[2025-03-18T14:39:27.403+0100][3087.284s][info][gc,heap     ] GC(259) Eden regions: 301->0(301)
[2025-03-18T14:39:27.403+0100][3087.284s][info][gc,heap     ] GC(259) Survivor regions: 6->6(39)
[2025-03-18T14:39:27.403+0100][3087.284s][info][gc,heap     ] GC(259) Old regions: 42->43
[2025-03-18T14:39:27.403+0100][3087.284s][info][gc,heap     ] GC(259) Humongous regions: 1->1
[2025-03-18T14:39:27.403+0100][3087.284s][info][gc,metaspace] GC(259) Metaspace: 28109K(28544K)->28109K(28544K) NonClass: 24476K(24704K)->24476K(24704K) Class: 3632K(3840K)->3632K(3840K)
[2025-03-18T14:39:27.403+0100][3087.284s][info][gc          ] GC(259) Pause Young (Normal) (G1 Evacuation Pause) 1396M->193M(2048M) 7.614ms
[2025-03-18T14:39:27.403+0100][3087.284s][info][gc,cpu      ] GC(259) User=0.05s Sys=0.00s Real=0.01s
[2025-03-18T14:39:44.883+0100][3104.763s][info][gc,start    ] GC(260) Pause Young (Normal) (G1 Evacuation Pause)
[2025-03-18T14:39:44.884+0100][3104.765s][info][gc,task     ] GC(260) Using 9 workers of 9 for evacuation
[2025-03-18T14:39:44.892+0100][3104.773s][info][gc,phases   ] GC(260)   Pre Evacuate Collection Set: 0.2ms
[2025-03-18T14:39:44.892+0100][3104.773s][info][gc,phases   ] GC(260)   Merge Heap Roots: 0.1ms
[2025-03-18T14:39:44.892+0100][3104.773s][info][gc,phases   ] GC(260)   Evacuate Collection Set: 7.2ms
[2025-03-18T14:39:44.892+0100][3104.773s][info][gc,phases   ] GC(260)   Post Evacuate Collection Set: 0.5ms
[2025-03-18T14:39:44.892+0100][3104.773s][info][gc,phases   ] GC(260)   Other: 0.1ms
[2025-03-18T14:39:44.892+0100][3104.773s][info][gc,heap     ] GC(260) Eden regions: 301->0(301)
[2025-03-18T14:39:44.892+0100][3104.773s][info][gc,heap     ] GC(260) Survivor regions: 6->6(39)
[2025-03-18T14:39:44.892+0100][3104.773s][info][gc,heap     ] GC(260) Old regions: 43->43
[2025-03-18T14:39:44.892+0100][3104.773s][info][gc,heap     ] GC(260) Humongous regions: 1->1
[2025-03-18T14:39:44.892+0100][3104.773s][info][gc,metaspace] GC(260) Metaspace: 28109K(28544K)->28109K(28544K) NonClass: 24476K(24704K)->24476K(24704K) Class: 3632K(3840K)->3632K(3840K)
[2025-03-18T14:39:44.892+0100][3104.773s][info][gc          ] GC(260) Pause Young (Normal) (G1 Evacuation Pause) 1397M->196M(2048M) 9.822ms
[2025-03-18T14:39:44.892+0100][3104.773s][info][gc,cpu      ] GC(260) User=0.05s Sys=0.00s Real=0.01s
[2025-03-18T14:39:52.875+0100][3112.756s][info][gc,start    ] GC(261) Pause Young (Normal) (G1 Evacuation Pause)
[2025-03-18T14:39:52.875+0100][3112.756s][info][gc,task     ] GC(261) Using 9 workers of 9 for evacuation
[2025-03-18T14:39:52.883+0100][3112.763s][info][gc,phases   ] GC(261)   Pre Evacuate Collection Set: 0.1ms
[2025-03-18T14:39:52.883+0100][3112.763s][info][gc,phases   ] GC(261)   Merge Heap Roots: 0.1ms
[2025-03-18T14:39:52.883+0100][3112.763s][info][gc,phases   ] GC(261)   Evacuate Collection Set: 6.8ms
[2025-03-18T14:39:52.883+0100][3112.763s][info][gc,phases   ] GC(261)   Post Evacuate Collection Set: 0.5ms
[2025-03-18T14:39:52.883+0100][3112.763s][info][gc,phases   ] GC(261)   Other: 0.0ms
[2025-03-18T14:39:52.883+0100][3112.763s][info][gc,heap     ] GC(261) Eden regions: 301->0(301)
[2025-03-18T14:39:52.884+0100][3112.764s][info][gc,heap     ] GC(261) Survivor regions: 6->6(39)
[2025-03-18T14:39:52.884+0100][3112.764s][info][gc,heap     ] GC(261) Old regions: 43->44
[2025-03-18T14:39:52.884+0100][3112.764s][info][gc,heap     ] GC(261) Humongous regions: 1->1
[2025-03-18T14:39:52.884+0100][3112.764s][info][gc,metaspace] GC(261) Metaspace: 28109K(28544K)->28109K(28544K) NonClass: 24476K(24704K)->24476K(24704K) Class: 3632K(3840K)->3632K(3840K)
[2025-03-18T14:39:52.884+0100][3112.764s][info][gc          ] GC(261) Pause Young (Normal) (G1 Evacuation Pause) 1400M->198M(2048M) 8.740ms
[2025-03-18T14:39:52.884+0100][3112.764s][info][gc,cpu      ] GC(261) User=0.06s Sys=0.01s Real=0.01s
[2025-03-18T14:40:09.357+0100][3129.237s][info][gc,start    ] GC(262) Pause Young (Normal) (G1 Evacuation Pause)
[2025-03-18T14:40:09.358+0100][3129.239s][info][gc,task     ] GC(262) Using 9 workers of 9 for evacuation
[2025-03-18T14:40:09.366+0100][3129.247s][info][gc,phases   ] GC(262)   Pre Evacuate Collection Set: 0.2ms
[2025-03-18T14:40:09.366+0100][3129.247s][info][gc,phases   ] GC(262)   Merge Heap Roots: 0.1ms
[2025-03-18T14:40:09.366+0100][3129.247s][info][gc,phases   ] GC(262)   Evacuate Collection Set: 7.5ms
[2025-03-18T14:40:09.366+0100][3129.247s][info][gc,phases   ] GC(262)   Post Evacuate Collection Set: 0.6ms
[2025-03-18T14:40:09.366+0100][3129.247s][info][gc,phases   ] GC(262)   Other: 0.1ms
[2025-03-18T14:40:09.367+0100][3129.247s][info][gc,heap     ] GC(262) Eden regions: 301->0(302)
[2025-03-18T14:40:09.367+0100][3129.247s][info][gc,heap     ] GC(262) Survivor regions: 6->5(39)
[2025-03-18T14:40:09.367+0100][3129.247s][info][gc,heap     ] GC(262) Old regions: 44->44
[2025-03-18T14:40:09.367+0100][3129.247s][info][gc,heap     ] GC(262) Humongous regions: 1->1
[2025-03-18T14:40:09.367+0100][3129.247s][info][gc,metaspace] GC(262) Metaspace: 28109K(28544K)->28109K(28544K) NonClass: 24476K(24704K)->24476K(24704K) Class: 3632K(3840K)->3632K(3840K)
[2025-03-18T14:40:09.367+0100][3129.247s][info][gc          ] GC(262) Pause Young (Normal) (G1 Evacuation Pause) 1402M->195M(2048M) 10.026ms
[2025-03-18T14:40:09.367+0100][3129.247s][info][gc,cpu      ] GC(262) User=0.06s Sys=0.00s Real=0.01s
[2025-03-18T14:40:26.427+0100][3146.308s][info][gc,start    ] GC(263) Pause Young (Normal) (G1 Evacuation Pause)
[2025-03-18T14:40:26.428+0100][3146.309s][info][gc,task     ] GC(263) Using 9 workers of 9 for evacuation
[2025-03-18T14:40:26.432+0100][3146.312s][info][gc,phases   ] GC(263)   Pre Evacuate Collection Set: 0.1ms
[2025-03-18T14:40:26.432+0100][3146.312s][info][gc,phases   ] GC(263)   Merge Heap Roots: 0.0ms
[2025-03-18T14:40:26.432+0100][3146.312s][info][gc,phases   ] GC(263)   Evacuate Collection Set: 2.8ms
[2025-03-18T14:40:26.432+0100][3146.312s][info][gc,phases   ] GC(263)   Post Evacuate Collection Set: 0.4ms
[2025-03-18T14:40:26.432+0100][3146.312s][info][gc,phases   ] GC(263)   Other: 0.1ms
[2025-03-18T14:40:26.432+0100][3146.312s][info][gc,heap     ] GC(263) Eden regions: 302->0(303)
[2025-03-18T14:40:26.432+0100][3146.312s][info][gc,heap     ] GC(263) Survivor regions: 5->4(39)
[2025-03-18T14:40:26.432+0100][3146.312s][info][gc,heap     ] GC(263) Old regions: 44->45
[2025-03-18T14:40:26.432+0100][3146.312s][info][gc,heap     ] GC(263) Humongous regions: 1->1
[2025-03-18T14:40:26.432+0100][3146.312s][info][gc,metaspace] GC(263) Metaspace: 28109K(28544K)->28109K(28544K) NonClass: 24476K(24704K)->24476K(24704K) Class: 3632K(3840K)->3632K(3840K)
[2025-03-18T14:40:26.432+0100][3146.312s][info][gc          ] GC(263) Pause Young (Normal) (G1 Evacuation Pause) 1403M->193M(2048M) 4.518ms
[2025-03-18T14:40:26.432+0100][3146.312s][info][gc,cpu      ] GC(263) User=0.03s Sys=0.00s Real=0.01s
[2025-03-18T14:40:37.684+0100][3157.565s][info][gc,start    ] GC(264) Pause Young (Normal) (G1 Evacuation Pause)
[2025-03-18T14:40:37.685+0100][3157.566s][info][gc,task     ] GC(264) Using 9 workers of 9 for evacuation
[2025-03-18T14:40:37.691+0100][3157.571s][info][gc,phases   ] GC(264)   Pre Evacuate Collection Set: 0.1ms
[2025-03-18T14:40:37.691+0100][3157.571s][info][gc,phases   ] GC(264)   Merge Heap Roots: 0.1ms
[2025-03-18T14:40:37.691+0100][3157.571s][info][gc,phases   ] GC(264)   Evacuate Collection Set: 5.1ms
[2025-03-18T14:40:37.691+0100][3157.571s][info][gc,phases   ] GC(264)   Post Evacuate Collection Set: 0.5ms
[2025-03-18T14:40:37.691+0100][3157.571s][info][gc,phases   ] GC(264)   Other: 0.1ms
[2025-03-18T14:40:37.691+0100][3157.571s][info][gc,heap     ] GC(264) Eden regions: 303->0(301)
[2025-03-18T14:40:37.691+0100][3157.571s][info][gc,heap     ] GC(264) Survivor regions: 4->6(39)
[2025-03-18T14:40:37.691+0100][3157.571s][info][gc,heap     ] GC(264) Old regions: 45->45
[2025-03-18T14:40:37.691+0100][3157.571s][info][gc,heap     ] GC(264) Humongous regions: 1->1
[2025-03-18T14:40:37.691+0100][3157.571s][info][gc,metaspace] GC(264) Metaspace: 28109K(28544K)->28109K(28544K) NonClass: 24476K(24704K)->24476K(24704K) Class: 3632K(3840K)->3632K(3840K)
[2025-03-18T14:40:37.691+0100][3157.571s][info][gc          ] GC(264) Pause Young (Normal) (G1 Evacuation Pause) 1405M->202M(2048M) 6.375ms
[2025-03-18T14:40:37.691+0100][3157.571s][info][gc,cpu      ] GC(264) User=0.04s Sys=0.00s Real=0.01s
[2025-03-18T14:40:42.800+0100][3162.681s][info][gc,start    ] GC(265) Pause Young (Normal) (G1 Evacuation Pause)
[2025-03-18T14:40:42.800+0100][3162.681s][info][gc,task     ] GC(265) Using 9 workers of 9 for evacuation
[2025-03-18T14:40:42.805+0100][3162.686s][info][gc,phases   ] GC(265)   Pre Evacuate Collection Set: 0.1ms
[2025-03-18T14:40:42.805+0100][3162.686s][info][gc,phases   ] GC(265)   Merge Heap Roots: 0.1ms
[2025-03-18T14:40:42.805+0100][3162.686s][info][gc,phases   ] GC(265)   Evacuate Collection Set: 4.1ms
[2025-03-18T14:40:42.805+0100][3162.686s][info][gc,phases   ] GC(265)   Post Evacuate Collection Set: 0.6ms
[2025-03-18T14:40:42.805+0100][3162.686s][info][gc,phases   ] GC(265)   Other: 0.0ms
[2025-03-18T14:40:42.805+0100][3162.686s][info][gc,heap     ] GC(265) Eden regions: 301->0(300)
[2025-03-18T14:40:42.805+0100][3162.686s][info][gc,heap     ] GC(265) Survivor regions: 6->7(39)
[2025-03-18T14:40:42.805+0100][3162.686s][info][gc,heap     ] GC(265) Old regions: 45->45
[2025-03-18T14:40:42.805+0100][3162.686s][info][gc,heap     ] GC(265) Humongous regions: 1->1
[2025-03-18T14:40:42.805+0100][3162.686s][info][gc,metaspace] GC(265) Metaspace: 28109K(28544K)->28109K(28544K) NonClass: 24476K(24704K)->24476K(24704K) Class: 3632K(3840K)->3632K(3840K)
[2025-03-18T14:40:42.805+0100][3162.686s][info][gc          ] GC(265) Pause Young (Normal) (G1 Evacuation Pause) 1406M->205M(2048M) 5.097ms
[2025-03-18T14:40:42.805+0100][3162.686s][info][gc,cpu      ] GC(265) User=0.04s Sys=0.00s Real=0.00s
[2025-03-18T14:40:48.346+0100][3168.227s][info][gc,start    ] GC(266) Pause Young (Normal) (G1 Evacuation Pause)
[2025-03-18T14:40:48.348+0100][3168.229s][info][gc,task     ] GC(266) Using 9 workers of 9 for evacuation
[2025-03-18T14:40:48.365+0100][3168.245s][info][gc,phases   ] GC(266)   Pre Evacuate Collection Set: 0.5ms
[2025-03-18T14:40:48.365+0100][3168.245s][info][gc,phases   ] GC(266)   Merge Heap Roots: 0.1ms
[2025-03-18T14:40:48.365+0100][3168.245s][info][gc,phases   ] GC(266)   Evacuate Collection Set: 15.2ms
[2025-03-18T14:40:48.365+0100][3168.245s][info][gc,phases   ] GC(266)   Post Evacuate Collection Set: 0.7ms
[2025-03-18T14:40:48.365+0100][3168.245s][info][gc,phases   ] GC(266)   Other: 0.2ms
[2025-03-18T14:40:48.365+0100][3168.245s][info][gc,heap     ] GC(266) Eden regions: 300->0(303)
[2025-03-18T14:40:48.365+0100][3168.245s][info][gc,heap     ] GC(266) Survivor regions: 7->4(39)
[2025-03-18T14:40:48.365+0100][3168.245s][info][gc,heap     ] GC(266) Old regions: 45->45
[2025-03-18T14:40:48.365+0100][3168.245s][info][gc,heap     ] GC(266) Humongous regions: 1->1
[2025-03-18T14:40:48.365+0100][3168.245s][info][gc,metaspace] GC(266) Metaspace: 28109K(28544K)->28109K(28544K) NonClass: 24476K(24704K)->24476K(24704K) Class: 3632K(3840K)->3632K(3840K)
[2025-03-18T14:40:48.365+0100][3168.245s][info][gc          ] GC(266) Pause Young (Normal) (G1 Evacuation Pause) 1405M->198M(2048M) 18.564ms
[2025-03-18T14:40:48.365+0100][3168.245s][info][gc,cpu      ] GC(266) User=0.08s Sys=0.01s Real=0.02s
[2025-03-18T14:41:02.387+0100][3182.267s][info][gc,start    ] GC(267) Pause Young (Normal) (G1 Evacuation Pause)
[2025-03-18T14:41:02.387+0100][3182.267s][info][gc,task     ] GC(267) Using 9 workers of 9 for evacuation
[2025-03-18T14:41:02.392+0100][3182.273s][info][gc,phases   ] GC(267)   Pre Evacuate Collection Set: 0.2ms
[2025-03-18T14:41:02.392+0100][3182.273s][info][gc,phases   ] GC(267)   Merge Heap Roots: 0.1ms
[2025-03-18T14:41:02.392+0100][3182.273s][info][gc,phases   ] GC(267)   Evacuate Collection Set: 4.7ms
[2025-03-18T14:41:02.392+0100][3182.273s][info][gc,phases   ] GC(267)   Post Evacuate Collection Set: 0.4ms
[2025-03-18T14:41:02.392+0100][3182.273s][info][gc,phases   ] GC(267)   Other: 0.1ms
[2025-03-18T14:41:02.392+0100][3182.273s][info][gc,heap     ] GC(267) Eden regions: 303->0(303)
[2025-03-18T14:41:02.392+0100][3182.273s][info][gc,heap     ] GC(267) Survivor regions: 4->4(39)
[2025-03-18T14:41:02.392+0100][3182.273s][info][gc,heap     ] GC(267) Old regions: 45->45
[2025-03-18T14:41:02.392+0100][3182.273s][info][gc,heap     ] GC(267) Humongous regions: 1->1
[2025-03-18T14:41:02.392+0100][3182.273s][info][gc,metaspace] GC(267) Metaspace: 28109K(28544K)->28109K(28544K) NonClass: 24476K(24704K)->24476K(24704K) Class: 3632K(3840K)->3632K(3840K)
[2025-03-18T14:41:02.392+0100][3182.273s][info][gc          ] GC(267) Pause Young (Normal) (G1 Evacuation Pause) 1410M->197M(2048M) 5.819ms
[2025-03-18T14:41:02.392+0100][3182.273s][info][gc,cpu      ] GC(267) User=0.04s Sys=0.00s Real=0.01s
[2025-03-18T14:41:19.881+0100][3199.762s][info][gc,start    ] GC(268) Pause Young (Normal) (G1 Evacuation Pause)
[2025-03-18T14:41:19.882+0100][3199.762s][info][gc,task     ] GC(268) Using 9 workers of 9 for evacuation
[2025-03-18T14:41:19.888+0100][3199.769s][info][gc,phases   ] GC(268)   Pre Evacuate Collection Set: 0.2ms
[2025-03-18T14:41:19.888+0100][3199.769s][info][gc,phases   ] GC(268)   Merge Heap Roots: 0.1ms
[2025-03-18T14:41:19.888+0100][3199.769s][info][gc,phases   ] GC(268)   Evacuate Collection Set: 5.2ms
[2025-03-18T14:41:19.888+0100][3199.769s][info][gc,phases   ] GC(268)   Post Evacuate Collection Set: 0.6ms
[2025-03-18T14:41:19.888+0100][3199.769s][info][gc,phases   ] GC(268)   Other: 0.1ms
[2025-03-18T14:41:19.888+0100][3199.769s][info][gc,heap     ] GC(268) Eden regions: 303->0(302)
[2025-03-18T14:41:19.888+0100][3199.769s][info][gc,heap     ] GC(268) Survivor regions: 4->5(39)
[2025-03-18T14:41:19.888+0100][3199.769s][info][gc,heap     ] GC(268) Old regions: 45->45
[2025-03-18T14:41:19.888+0100][3199.769s][info][gc,heap     ] GC(268) Humongous regions: 1->1
[2025-03-18T14:41:19.888+0100][3199.769s][info][gc,metaspace] GC(268) Metaspace: 28109K(28544K)->28109K(28544K) NonClass: 24476K(24704K)->24476K(24704K) Class: 3632K(3840K)->3632K(3840K)
[2025-03-18T14:41:19.888+0100][3199.769s][info][gc          ] GC(268) Pause Young (Normal) (G1 Evacuation Pause) 1409M->202M(2048M) 6.578ms
[2025-03-18T14:41:19.888+0100][3199.769s][info][gc,cpu      ] GC(268) User=0.05s Sys=0.01s Real=0.00s
[2025-03-18T14:41:30.835+0100][3210.716s][info][gc,start    ] GC(269) Pause Young (Normal) (G1 Evacuation Pause)
[2025-03-18T14:41:30.835+0100][3210.716s][info][gc,task     ] GC(269) Using 9 workers of 9 for evacuation
[2025-03-18T14:41:30.839+0100][3210.720s][info][gc,phases   ] GC(269)   Pre Evacuate Collection Set: 0.1ms
[2025-03-18T14:41:30.839+0100][3210.720s][info][gc,phases   ] GC(269)   Merge Heap Roots: 0.1ms
[2025-03-18T14:41:30.839+0100][3210.720s][info][gc,phases   ] GC(269)   Evacuate Collection Set: 3.3ms
[2025-03-18T14:41:30.839+0100][3210.720s][info][gc,phases   ] GC(269)   Post Evacuate Collection Set: 0.4ms
[2025-03-18T14:41:30.839+0100][3210.720s][info][gc,phases   ] GC(269)   Other: 0.1ms
[2025-03-18T14:41:30.839+0100][3210.720s][info][gc,heap     ] GC(269) Eden regions: 302->0(301)
[2025-03-18T14:41:30.839+0100][3210.720s][info][gc,heap     ] GC(269) Survivor regions: 5->6(39)
[2025-03-18T14:41:30.839+0100][3210.720s][info][gc,heap     ] GC(269) Old regions: 45->45
[2025-03-18T14:41:30.839+0100][3210.720s][info][gc,heap     ] GC(269) Humongous regions: 1->1
[2025-03-18T14:41:30.839+0100][3210.720s][info][gc,metaspace] GC(269) Metaspace: 28109K(28544K)->28109K(28544K) NonClass: 24476K(24704K)->24476K(24704K) Class: 3632K(3840K)->3632K(3840K)
[2025-03-18T14:41:30.839+0100][3210.720s][info][gc          ] GC(269) Pause Young (Normal) (G1 Evacuation Pause) 1410M->204M(2048M) 4.078ms
[2025-03-18T14:41:30.839+0100][3210.720s][info][gc,cpu      ] GC(269) User=0.03s Sys=0.00s Real=0.00s
[2025-03-18T14:41:41.851+0100][3221.732s][info][gc,start    ] GC(270) Pause Young (Normal) (G1 Evacuation Pause)
[2025-03-18T14:41:41.852+0100][3221.732s][info][gc,task     ] GC(270) Using 9 workers of 9 for evacuation
[2025-03-18T14:41:41.856+0100][3221.736s][info][gc,phases   ] GC(270)   Pre Evacuate Collection Set: 0.1ms
[2025-03-18T14:41:41.856+0100][3221.736s][info][gc,phases   ] GC(270)   Merge Heap Roots: 0.1ms
[2025-03-18T14:41:41.856+0100][3221.736s][info][gc,phases   ] GC(270)   Evacuate Collection Set: 3.4ms
[2025-03-18T14:41:41.856+0100][3221.736s][info][gc,phases   ] GC(270)   Post Evacuate Collection Set: 0.4ms
[2025-03-18T14:41:41.856+0100][3221.736s][info][gc,phases   ] GC(270)   Other: 0.1ms
[2025-03-18T14:41:41.856+0100][3221.736s][info][gc,heap     ] GC(270) Eden regions: 301->0(301)
[2025-03-18T14:41:41.856+0100][3221.736s][info][gc,heap     ] GC(270) Survivor regions: 6->6(39)
[2025-03-18T14:41:41.856+0100][3221.736s][info][gc,heap     ] GC(270) Old regions: 45->45
[2025-03-18T14:41:41.856+0100][3221.736s][info][gc,heap     ] GC(270) Humongous regions: 1->1
[2025-03-18T14:41:41.856+0100][3221.736s][info][gc,metaspace] GC(270) Metaspace: 28109K(28544K)->28109K(28544K) NonClass: 24476K(24704K)->24476K(24704K) Class: 3632K(3840K)->3632K(3840K)
[2025-03-18T14:41:41.856+0100][3221.736s][info][gc          ] GC(270) Pause Young (Normal) (G1 Evacuation Pause) 1408M->203M(2048M) 4.180ms
[2025-03-18T14:41:41.856+0100][3221.736s][info][gc,cpu      ] GC(270) User=0.03s Sys=0.00s Real=0.00s
[2025-03-18T14:41:51.863+0100][3231.744s][info][gc,start    ] GC(271) Pause Young (Normal) (G1 Evacuation Pause)
[2025-03-18T14:41:51.863+0100][3231.744s][info][gc,task     ] GC(271) Using 9 workers of 9 for evacuation
[2025-03-18T14:41:51.868+0100][3231.749s][info][gc,phases   ] GC(271)   Pre Evacuate Collection Set: 0.1ms
[2025-03-18T14:41:51.868+0100][3231.749s][info][gc,phases   ] GC(271)   Merge Heap Roots: 0.1ms
[2025-03-18T14:41:51.868+0100][3231.749s][info][gc,phases   ] GC(271)   Evacuate Collection Set: 4.2ms
[2025-03-18T14:41:51.868+0100][3231.749s][info][gc,phases   ] GC(271)   Post Evacuate Collection Set: 0.5ms
[2025-03-18T14:41:51.868+0100][3231.749s][info][gc,phases   ] GC(271)   Other: 0.1ms
[2025-03-18T14:41:51.868+0100][3231.749s][info][gc,heap     ] GC(271) Eden regions: 301->0(301)
[2025-03-18T14:41:51.868+0100][3231.749s][info][gc,heap     ] GC(271) Survivor regions: 6->6(39)
[2025-03-18T14:41:51.868+0100][3231.749s][info][gc,heap     ] GC(271) Old regions: 45->45
[2025-03-18T14:41:51.868+0100][3231.749s][info][gc,heap     ] GC(271) Humongous regions: 1->1
[2025-03-18T14:41:51.868+0100][3231.749s][info][gc,metaspace] GC(271) Metaspace: 28109K(28544K)->28109K(28544K) NonClass: 24476K(24704K)->24476K(24704K) Class: 3632K(3840K)->3632K(3840K)
[2025-03-18T14:41:51.868+0100][3231.749s][info][gc          ] GC(271) Pause Young (Normal) (G1 Evacuation Pause) 1407M->203M(2048M) 5.207ms
[2025-03-18T14:41:51.868+0100][3231.749s][info][gc,cpu      ] GC(271) User=0.03s Sys=0.01s Real=0.00s
[2025-03-18T14:42:04.837+0100][3244.718s][info][gc,start    ] GC(272) Pause Young (Normal) (G1 Evacuation Pause)
[2025-03-18T14:42:04.837+0100][3244.718s][info][gc,task     ] GC(272) Using 9 workers of 9 for evacuation
[2025-03-18T14:42:04.845+0100][3244.726s][info][gc,phases   ] GC(272)   Pre Evacuate Collection Set: 0.2ms
[2025-03-18T14:42:04.845+0100][3244.726s][info][gc,phases   ] GC(272)   Merge Heap Roots: 0.1ms
[2025-03-18T14:42:04.845+0100][3244.726s][info][gc,phases   ] GC(272)   Evacuate Collection Set: 6.5ms
[2025-03-18T14:42:04.845+0100][3244.726s][info][gc,phases   ] GC(272)   Post Evacuate Collection Set: 0.5ms
[2025-03-18T14:42:04.845+0100][3244.726s][info][gc,phases   ] GC(272)   Other: 0.1ms
[2025-03-18T14:42:04.845+0100][3244.726s][info][gc,heap     ] GC(272) Eden regions: 301->0(302)
[2025-03-18T14:42:04.845+0100][3244.726s][info][gc,heap     ] GC(272) Survivor regions: 6->5(39)
[2025-03-18T14:42:04.845+0100][3244.726s][info][gc,heap     ] GC(272) Old regions: 45->45
[2025-03-18T14:42:04.845+0100][3244.726s][info][gc,heap     ] GC(272) Humongous regions: 1->1
[2025-03-18T14:42:04.845+0100][3244.726s][info][gc,metaspace] GC(272) Metaspace: 28109K(28544K)->28109K(28544K) NonClass: 24476K(24704K)->24476K(24704K) Class: 3632K(3840K)->3632K(3840K)
[2025-03-18T14:42:04.845+0100][3244.726s][info][gc          ] GC(272) Pause Young (Normal) (G1 Evacuation Pause) 1407M->203M(2048M) 7.847ms
[2025-03-18T14:42:04.845+0100][3244.726s][info][gc,cpu      ] GC(272) User=0.06s Sys=0.01s Real=0.01s
[2025-03-18T14:42:20.851+0100][3260.731s][info][gc,start    ] GC(273) Pause Young (Normal) (G1 Evacuation Pause)
[2025-03-18T14:42:20.852+0100][3260.733s][info][gc,task     ] GC(273) Using 9 workers of 9 for evacuation
[2025-03-18T14:42:20.857+0100][3260.738s][info][gc,phases   ] GC(273)   Pre Evacuate Collection Set: 0.2ms
[2025-03-18T14:42:20.858+0100][3260.738s][info][gc,phases   ] GC(273)   Merge Heap Roots: 0.1ms
[2025-03-18T14:42:20.858+0100][3260.738s][info][gc,phases   ] GC(273)   Evacuate Collection Set: 4.2ms
[2025-03-18T14:42:20.858+0100][3260.738s][info][gc,phases   ] GC(273)   Post Evacuate Collection Set: 0.7ms
[2025-03-18T14:42:20.858+0100][3260.738s][info][gc,phases   ] GC(273)   Other: 0.1ms
[2025-03-18T14:42:20.858+0100][3260.738s][info][gc,heap     ] GC(273) Eden regions: 302->0(303)
[2025-03-18T14:42:20.858+0100][3260.738s][info][gc,heap     ] GC(273) Survivor regions: 5->4(39)
[2025-03-18T14:42:20.858+0100][3260.738s][info][gc,heap     ] GC(273) Old regions: 45->45
[2025-03-18T14:42:20.858+0100][3260.738s][info][gc,heap     ] GC(273) Humongous regions: 1->1
[2025-03-18T14:42:20.858+0100][3260.738s][info][gc,metaspace] GC(273) Metaspace: 28109K(28544K)->28109K(28544K) NonClass: 24476K(24704K)->24476K(24704K) Class: 3632K(3840K)->3632K(3840K)
[2025-03-18T14:42:20.858+0100][3260.738s][info][gc          ] GC(273) Pause Young (Normal) (G1 Evacuation Pause) 1411M->199M(2048M) 7.077ms
[2025-03-18T14:42:20.858+0100][3260.738s][info][gc,cpu      ] GC(273) User=0.03s Sys=0.01s Real=0.00s
[2025-03-18T14:42:37.885+0100][3277.766s][info][gc,start    ] GC(274) Pause Young (Normal) (G1 Evacuation Pause)
[2025-03-18T14:42:37.887+0100][3277.767s][info][gc,task     ] GC(274) Using 9 workers of 9 for evacuation
[2025-03-18T14:42:37.893+0100][3277.773s][info][gc,phases   ] GC(274)   Pre Evacuate Collection Set: 0.2ms
[2025-03-18T14:42:37.893+0100][3277.773s][info][gc,phases   ] GC(274)   Merge Heap Roots: 0.1ms
[2025-03-18T14:42:37.893+0100][3277.773s][info][gc,phases   ] GC(274)   Evacuate Collection Set: 5.2ms
[2025-03-18T14:42:37.893+0100][3277.773s][info][gc,phases   ] GC(274)   Post Evacuate Collection Set: 0.4ms
[2025-03-18T14:42:37.893+0100][3277.773s][info][gc,phases   ] GC(274)   Other: 0.1ms
[2025-03-18T14:42:37.893+0100][3277.773s][info][gc,heap     ] GC(274) Eden regions: 303->0(301)
[2025-03-18T14:42:37.893+0100][3277.773s][info][gc,heap     ] GC(274) Survivor regions: 4->6(39)
[2025-03-18T14:42:37.893+0100][3277.773s][info][gc,heap     ] GC(274) Old regions: 45->45
[2025-03-18T14:42:37.893+0100][3277.773s][info][gc,heap     ] GC(274) Humongous regions: 1->1
[2025-03-18T14:42:37.893+0100][3277.773s][info][gc,metaspace] GC(274) Metaspace: 28109K(28544K)->28109K(28544K) NonClass: 24476K(24704K)->24476K(24704K) Class: 3632K(3840K)->3632K(3840K)
[2025-03-18T14:42:37.893+0100][3277.773s][info][gc          ] GC(274) Pause Young (Normal) (G1 Evacuation Pause) 1411M->204M(2048M) 7.650ms
[2025-03-18T14:42:37.893+0100][3277.773s][info][gc,cpu      ] GC(274) User=0.05s Sys=0.01s Real=0.01s
[2025-03-18T14:42:50.869+0100][3290.750s][info][gc,start    ] GC(275) Pause Young (Normal) (G1 Evacuation Pause)
[2025-03-18T14:42:50.870+0100][3290.751s][info][gc,task     ] GC(275) Using 9 workers of 9 for evacuation
[2025-03-18T14:42:50.876+0100][3290.757s][info][gc,phases   ] GC(275)   Pre Evacuate Collection Set: 0.1ms
[2025-03-18T14:42:50.876+0100][3290.757s][info][gc,phases   ] GC(275)   Merge Heap Roots: 0.1ms
[2025-03-18T14:42:50.876+0100][3290.757s][info][gc,phases   ] GC(275)   Evacuate Collection Set: 5.2ms
[2025-03-18T14:42:50.876+0100][3290.757s][info][gc,phases   ] GC(275)   Post Evacuate Collection Set: 0.4ms
[2025-03-18T14:42:50.876+0100][3290.757s][info][gc,phases   ] GC(275)   Other: 0.0ms
[2025-03-18T14:42:50.876+0100][3290.757s][info][gc,heap     ] GC(275) Eden regions: 301->0(301)
[2025-03-18T14:42:50.876+0100][3290.757s][info][gc,heap     ] GC(275) Survivor regions: 6->6(39)
[2025-03-18T14:42:50.876+0100][3290.757s][info][gc,heap     ] GC(275) Old regions: 45->45
[2025-03-18T14:42:50.876+0100][3290.757s][info][gc,heap     ] GC(275) Humongous regions: 1->1
[2025-03-18T14:42:50.876+0100][3290.757s][info][gc,metaspace] GC(275) Metaspace: 28109K(28544K)->28109K(28544K) NonClass: 24476K(24704K)->24476K(24704K) Class: 3632K(3840K)->3632K(3840K)
[2025-03-18T14:42:50.876+0100][3290.757s][info][gc          ] GC(275) Pause Young (Normal) (G1 Evacuation Pause) 1408M->205M(2048M) 6.980ms
[2025-03-18T14:42:50.876+0100][3290.757s][info][gc,cpu      ] GC(275) User=0.04s Sys=0.00s Real=0.01s
[2025-03-18T14:43:07.864+0100][3307.745s][info][gc,start    ] GC(276) Pause Young (Normal) (G1 Evacuation Pause)
[2025-03-18T14:43:07.864+0100][3307.745s][info][gc,task     ] GC(276) Using 9 workers of 9 for evacuation
[2025-03-18T14:43:07.872+0100][3307.753s][info][gc,phases   ] GC(276)   Pre Evacuate Collection Set: 0.2ms
[2025-03-18T14:43:07.872+0100][3307.753s][info][gc,phases   ] GC(276)   Merge Heap Roots: 0.1ms
[2025-03-18T14:43:07.872+0100][3307.753s][info][gc,phases   ] GC(276)   Evacuate Collection Set: 6.5ms
[2025-03-18T14:43:07.872+0100][3307.753s][info][gc,phases   ] GC(276)   Post Evacuate Collection Set: 0.6ms
[2025-03-18T14:43:07.872+0100][3307.753s][info][gc,phases   ] GC(276)   Other: 0.1ms
[2025-03-18T14:43:07.872+0100][3307.753s][info][gc,heap     ] GC(276) Eden regions: 301->0(302)
[2025-03-18T14:43:07.872+0100][3307.753s][info][gc,heap     ] GC(276) Survivor regions: 6->5(39)
[2025-03-18T14:43:07.872+0100][3307.753s][info][gc,heap     ] GC(276) Old regions: 45->46
[2025-03-18T14:43:07.872+0100][3307.753s][info][gc,heap     ] GC(276) Humongous regions: 1->1
[2025-03-18T14:43:07.872+0100][3307.753s][info][gc,metaspace] GC(276) Metaspace: 28109K(28544K)->28109K(28544K) NonClass: 24476K(24704K)->24476K(24704K) Class: 3632K(3840K)->3632K(3840K)
[2025-03-18T14:43:07.872+0100][3307.753s][info][gc          ] GC(276) Pause Young (Normal) (G1 Evacuation Pause) 1409M->202M(2048M) 7.941ms
[2025-03-18T14:43:07.872+0100][3307.753s][info][gc,cpu      ] GC(276) User=0.05s Sys=0.00s Real=0.01s
[2025-03-18T14:43:25.358+0100][3325.239s][info][gc,start    ] GC(277) Pause Young (Normal) (G1 Evacuation Pause)
[2025-03-18T14:43:25.358+0100][3325.239s][info][gc,task     ] GC(277) Using 9 workers of 9 for evacuation
[2025-03-18T14:43:25.366+0100][3325.246s][info][gc,phases   ] GC(277)   Pre Evacuate Collection Set: 0.3ms
[2025-03-18T14:43:25.366+0100][3325.246s][info][gc,phases   ] GC(277)   Merge Heap Roots: 0.1ms
[2025-03-18T14:43:25.366+0100][3325.246s][info][gc,phases   ] GC(277)   Evacuate Collection Set: 6.6ms
[2025-03-18T14:43:25.366+0100][3325.246s][info][gc,phases   ] GC(277)   Post Evacuate Collection Set: 0.6ms
[2025-03-18T14:43:25.366+0100][3325.246s][info][gc,phases   ] GC(277)   Other: 0.1ms
[2025-03-18T14:43:25.366+0100][3325.247s][info][gc,heap     ] GC(277) Eden regions: 302->0(303)
[2025-03-18T14:43:25.366+0100][3325.247s][info][gc,heap     ] GC(277) Survivor regions: 5->4(39)
[2025-03-18T14:43:25.366+0100][3325.247s][info][gc,heap     ] GC(277) Old regions: 46->46
[2025-03-18T14:43:25.366+0100][3325.247s][info][gc,heap     ] GC(277) Humongous regions: 1->1
[2025-03-18T14:43:25.366+0100][3325.247s][info][gc,metaspace] GC(277) Metaspace: 28109K(28544K)->28109K(28544K) NonClass: 24476K(24704K)->24476K(24704K) Class: 3632K(3840K)->3632K(3840K)
[2025-03-18T14:43:25.366+0100][3325.247s][info][gc          ] GC(277) Pause Young (Normal) (G1 Evacuation Pause) 1410M->200M(2048M) 8.072ms
[2025-03-18T14:43:25.366+0100][3325.247s][info][gc,cpu      ] GC(277) User=0.06s Sys=0.00s Real=0.01s
[2025-03-18T14:43:42.365+0100][3342.246s][info][gc,start    ] GC(278) Pause Young (Normal) (G1 Evacuation Pause)
[2025-03-18T14:43:42.365+0100][3342.246s][info][gc,task     ] GC(278) Using 9 workers of 9 for evacuation
[2025-03-18T14:43:42.369+0100][3342.250s][info][gc,phases   ] GC(278)   Pre Evacuate Collection Set: 0.1ms
[2025-03-18T14:43:42.369+0100][3342.250s][info][gc,phases   ] GC(278)   Merge Heap Roots: 0.1ms
[2025-03-18T14:43:42.369+0100][3342.250s][info][gc,phases   ] GC(278)   Evacuate Collection Set: 3.1ms
[2025-03-18T14:43:42.369+0100][3342.250s][info][gc,phases   ] GC(278)   Post Evacuate Collection Set: 0.4ms
[2025-03-18T14:43:42.369+0100][3342.250s][info][gc,phases   ] GC(278)   Other: 0.0ms
[2025-03-18T14:43:42.369+0100][3342.250s][info][gc,heap     ] GC(278) Eden regions: 303->0(301)
[2025-03-18T14:43:42.369+0100][3342.250s][info][gc,heap     ] GC(278) Survivor regions: 4->6(39)
[2025-03-18T14:43:42.369+0100][3342.250s][info][gc,heap     ] GC(278) Old regions: 46->46
[2025-03-18T14:43:42.369+0100][3342.250s][info][gc,heap     ] GC(278) Humongous regions: 1->1
[2025-03-18T14:43:42.369+0100][3342.250s][info][gc,metaspace] GC(278) Metaspace: 28109K(28544K)->28109K(28544K) NonClass: 24476K(24704K)->24476K(24704K) Class: 3632K(3840K)->3632K(3840K)
[2025-03-18T14:43:42.369+0100][3342.250s][info][gc          ] GC(278) Pause Young (Normal) (G1 Evacuation Pause) 1412M->205M(2048M) 3.905ms
[2025-03-18T14:43:42.369+0100][3342.250s][info][gc,cpu      ] GC(278) User=0.03s Sys=0.00s Real=0.00s
[2025-03-18T14:43:59.887+0100][3359.768s][info][gc,start    ] GC(279) Pause Young (Normal) (G1 Evacuation Pause)
[2025-03-18T14:43:59.888+0100][3359.769s][info][gc,task     ] GC(279) Using 9 workers of 9 for evacuation
[2025-03-18T14:43:59.895+0100][3359.776s][info][gc,phases   ] GC(279)   Pre Evacuate Collection Set: 0.2ms
[2025-03-18T14:43:59.895+0100][3359.776s][info][gc,phases   ] GC(279)   Merge Heap Roots: 0.2ms
[2025-03-18T14:43:59.895+0100][3359.776s][info][gc,phases   ] GC(279)   Evacuate Collection Set: 5.7ms
[2025-03-18T14:43:59.895+0100][3359.776s][info][gc,phases   ] GC(279)   Post Evacuate Collection Set: 0.5ms
[2025-03-18T14:43:59.895+0100][3359.776s][info][gc,phases   ] GC(279)   Other: 0.1ms
[2025-03-18T14:43:59.895+0100][3359.776s][info][gc,heap     ] GC(279) Eden regions: 301->0(302)
[2025-03-18T14:43:59.895+0100][3359.776s][info][gc,heap     ] GC(279) Survivor regions: 6->5(39)
[2025-03-18T14:43:59.895+0100][3359.776s][info][gc,heap     ] GC(279) Old regions: 46->46
[2025-03-18T14:43:59.895+0100][3359.776s][info][gc,heap     ] GC(279) Humongous regions: 1->1
[2025-03-18T14:43:59.895+0100][3359.776s][info][gc,metaspace] GC(279) Metaspace: 28109K(28544K)->28109K(28544K) NonClass: 24476K(24704K)->24476K(24704K) Class: 3632K(3840K)->3632K(3840K)
[2025-03-18T14:43:59.895+0100][3359.776s][info][gc          ] GC(279) Pause Young (Normal) (G1 Evacuation Pause) 1409M->204M(2048M) 8.268ms
[2025-03-18T14:43:59.895+0100][3359.776s][info][gc,cpu      ] GC(279) User=0.05s Sys=0.01s Real=0.01s
[2025-03-18T14:44:17.365+0100][3377.246s][info][gc,start    ] GC(280) Pause Young (Normal) (G1 Evacuation Pause)
[2025-03-18T14:44:17.365+0100][3377.246s][info][gc,task     ] GC(280) Using 9 workers of 9 for evacuation
[2025-03-18T14:44:17.369+0100][3377.250s][info][gc,phases   ] GC(280)   Pre Evacuate Collection Set: 0.1ms
[2025-03-18T14:44:17.369+0100][3377.250s][info][gc,phases   ] GC(280)   Merge Heap Roots: 0.1ms
[2025-03-18T14:44:17.370+0100][3377.250s][info][gc,phases   ] GC(280)   Evacuate Collection Set: 4.1ms
[2025-03-18T14:44:17.370+0100][3377.250s][info][gc,phases   ] GC(280)   Post Evacuate Collection Set: 0.3ms
[2025-03-18T14:44:17.370+0100][3377.250s][info][gc,phases   ] GC(280)   Other: 0.0ms
[2025-03-18T14:44:17.370+0100][3377.250s][info][gc,heap     ] GC(280) Eden regions: 302->0(303)
[2025-03-18T14:44:17.370+0100][3377.250s][info][gc,heap     ] GC(280) Survivor regions: 5->4(39)
[2025-03-18T14:44:17.370+0100][3377.250s][info][gc,heap     ] GC(280) Old regions: 46->46
[2025-03-18T14:44:17.370+0100][3377.250s][info][gc,heap     ] GC(280) Humongous regions: 1->1
[2025-03-18T14:44:17.370+0100][3377.250s][info][gc,metaspace] GC(280) Metaspace: 28109K(28544K)->28109K(28544K) NonClass: 24476K(24704K)->24476K(24704K) Class: 3632K(3840K)->3632K(3840K)
[2025-03-18T14:44:17.370+0100][3377.250s][info][gc          ] GC(280) Pause Young (Normal) (G1 Evacuation Pause) 1412M->203M(2048M) 4.797ms
[2025-03-18T14:44:17.370+0100][3377.250s][info][gc,cpu      ] GC(280) User=0.03s Sys=0.00s Real=0.01s
[2025-03-18T14:44:27.818+0100][3387.699s][info][gc,start    ] GC(281) Pause Young (Normal) (G1 Evacuation Pause)
[2025-03-18T14:44:27.818+0100][3387.699s][info][gc,task     ] GC(281) Using 9 workers of 9 for evacuation
[2025-03-18T14:44:27.822+0100][3387.703s][info][gc,phases   ] GC(281)   Pre Evacuate Collection Set: 0.1ms
[2025-03-18T14:44:27.822+0100][3387.703s][info][gc,phases   ] GC(281)   Merge Heap Roots: 0.0ms
[2025-03-18T14:44:27.822+0100][3387.703s][info][gc,phases   ] GC(281)   Evacuate Collection Set: 3.2ms
[2025-03-18T14:44:27.822+0100][3387.703s][info][gc,phases   ] GC(281)   Post Evacuate Collection Set: 0.4ms
[2025-03-18T14:44:27.822+0100][3387.703s][info][gc,phases   ] GC(281)   Other: 0.0ms
[2025-03-18T14:44:27.822+0100][3387.703s][info][gc,heap     ] GC(281) Eden regions: 303->0(302)
[2025-03-18T14:44:27.822+0100][3387.703s][info][gc,heap     ] GC(281) Survivor regions: 4->5(39)
[2025-03-18T14:44:27.822+0100][3387.703s][info][gc,heap     ] GC(281) Old regions: 46->47
[2025-03-18T14:44:27.822+0100][3387.703s][info][gc,heap     ] GC(281) Humongous regions: 1->1
[2025-03-18T14:44:27.822+0100][3387.703s][info][gc,metaspace] GC(281) Metaspace: 28109K(28544K)->28109K(28544K) NonClass: 24476K(24704K)->24476K(24704K) Class: 3632K(3840K)->3632K(3840K)
[2025-03-18T14:44:27.822+0100][3387.703s][info][gc          ] GC(281) Pause Young (Normal) (G1 Evacuation Pause) 1415M->206M(2048M) 3.929ms
[2025-03-18T14:44:27.822+0100][3387.703s][info][gc,cpu      ] GC(281) User=0.03s Sys=0.00s Real=0.01s
[2025-03-18T14:44:29.502+0100][3389.382s][info][gc,start    ] GC(282) Pause Young (Normal) (G1 Evacuation Pause)
[2025-03-18T14:44:29.502+0100][3389.382s][info][gc,task     ] GC(282) Using 9 workers of 9 for evacuation
[2025-03-18T14:44:29.505+0100][3389.386s][info][gc,phases   ] GC(282)   Pre Evacuate Collection Set: 0.1ms
[2025-03-18T14:44:29.505+0100][3389.386s][info][gc,phases   ] GC(282)   Merge Heap Roots: 0.1ms
[2025-03-18T14:44:29.505+0100][3389.386s][info][gc,phases   ] GC(282)   Evacuate Collection Set: 2.9ms
[2025-03-18T14:44:29.505+0100][3389.386s][info][gc,phases   ] GC(282)   Post Evacuate Collection Set: 0.4ms
[2025-03-18T14:44:29.505+0100][3389.386s][info][gc,phases   ] GC(282)   Other: 0.1ms
[2025-03-18T14:44:29.505+0100][3389.386s][info][gc,heap     ] GC(282) Eden regions: 302->0(303)
[2025-03-18T14:44:29.505+0100][3389.386s][info][gc,heap     ] GC(282) Survivor regions: 5->4(39)
[2025-03-18T14:44:29.505+0100][3389.386s][info][gc,heap     ] GC(282) Old regions: 47->47
[2025-03-18T14:44:29.505+0100][3389.386s][info][gc,heap     ] GC(282) Humongous regions: 1->1
[2025-03-18T14:44:29.505+0100][3389.386s][info][gc,metaspace] GC(282) Metaspace: 28109K(28544K)->28109K(28544K) NonClass: 24476K(24704K)->24476K(24704K) Class: 3632K(3840K)->3632K(3840K)
[2025-03-18T14:44:29.505+0100][3389.386s][info][gc          ] GC(282) Pause Young (Normal) (G1 Evacuation Pause) 1414M->204M(2048M) 3.770ms
[2025-03-18T14:44:29.505+0100][3389.386s][info][gc,cpu      ] GC(282) User=0.03s Sys=0.00s Real=0.00s
[2025-03-18T14:44:32.099+0100][3391.980s][info][gc,start    ] GC(283) Pause Young (Normal) (G1 Evacuation Pause)
[2025-03-18T14:44:32.099+0100][3391.980s][info][gc,task     ] GC(283) Using 9 workers of 9 for evacuation
[2025-03-18T14:44:32.104+0100][3391.985s][info][gc,phases   ] GC(283)   Pre Evacuate Collection Set: 0.1ms
[2025-03-18T14:44:32.104+0100][3391.985s][info][gc,phases   ] GC(283)   Merge Heap Roots: 0.1ms
[2025-03-18T14:44:32.104+0100][3391.985s][info][gc,phases   ] GC(283)   Evacuate Collection Set: 4.0ms
[2025-03-18T14:44:32.104+0100][3391.985s][info][gc,phases   ] GC(283)   Post Evacuate Collection Set: 0.4ms
[2025-03-18T14:44:32.104+0100][3391.985s][info][gc,phases   ] GC(283)   Other: 0.1ms
[2025-03-18T14:44:32.104+0100][3391.985s][info][gc,heap     ] GC(283) Eden regions: 303->0(302)
[2025-03-18T14:44:32.104+0100][3391.985s][info][gc,heap     ] GC(283) Survivor regions: 4->5(39)
[2025-03-18T14:44:32.104+0100][3391.985s][info][gc,heap     ] GC(283) Old regions: 47->47
[2025-03-18T14:44:32.104+0100][3391.985s][info][gc,heap     ] GC(283) Humongous regions: 1->1
[2025-03-18T14:44:32.104+0100][3391.985s][info][gc,metaspace] GC(283) Metaspace: 28109K(28544K)->28109K(28544K) NonClass: 24476K(24704K)->24476K(24704K) Class: 3632K(3840K)->3632K(3840K)
[2025-03-18T14:44:32.104+0100][3391.985s][info][gc          ] GC(283) Pause Young (Normal) (G1 Evacuation Pause) 1416M->206M(2048M) 4.740ms
[2025-03-18T14:44:32.104+0100][3391.985s][info][gc,cpu      ] GC(283) User=0.03s Sys=0.00s Real=0.01s
[2025-03-18T14:44:35.161+0100][3395.042s][info][gc,start    ] GC(284) Pause Young (Normal) (G1 Evacuation Pause)
[2025-03-18T14:44:35.161+0100][3395.042s][info][gc,task     ] GC(284) Using 9 workers of 9 for evacuation
[2025-03-18T14:44:35.165+0100][3395.045s][info][gc,phases   ] GC(284)   Pre Evacuate Collection Set: 0.1ms
[2025-03-18T14:44:35.165+0100][3395.046s][info][gc,phases   ] GC(284)   Merge Heap Roots: 0.0ms
[2025-03-18T14:44:35.165+0100][3395.046s][info][gc,phases   ] GC(284)   Evacuate Collection Set: 3.0ms
[2025-03-18T14:44:35.165+0100][3395.046s][info][gc,phases   ] GC(284)   Post Evacuate Collection Set: 0.3ms
[2025-03-18T14:44:35.165+0100][3395.046s][info][gc,phases   ] GC(284)   Other: 0.0ms
[2025-03-18T14:44:35.165+0100][3395.046s][info][gc,heap     ] GC(284) Eden regions: 302->0(303)
[2025-03-18T14:44:35.165+0100][3395.046s][info][gc,heap     ] GC(284) Survivor regions: 5->4(39)
[2025-03-18T14:44:35.165+0100][3395.046s][info][gc,heap     ] GC(284) Old regions: 47->47
[2025-03-18T14:44:35.165+0100][3395.046s][info][gc,heap     ] GC(284) Humongous regions: 1->1
[2025-03-18T14:44:35.165+0100][3395.046s][info][gc,metaspace] GC(284) Metaspace: 28109K(28544K)->28109K(28544K) NonClass: 24476K(24704K)->24476K(24704K) Class: 3632K(3840K)->3632K(3840K)
[2025-03-18T14:44:35.165+0100][3395.046s][info][gc          ] GC(284) Pause Young (Normal) (G1 Evacuation Pause) 1414M->203M(2048M) 3.731ms
[2025-03-18T14:44:35.165+0100][3395.046s][info][gc,cpu      ] GC(284) User=0.03s Sys=0.00s Real=0.00s
[2025-03-18T14:44:38.399+0100][3398.280s][info][gc,start    ] GC(285) Pause Young (Normal) (G1 Evacuation Pause)
[2025-03-18T14:44:38.399+0100][3398.280s][info][gc,task     ] GC(285) Using 9 workers of 9 for evacuation
[2025-03-18T14:44:38.403+0100][3398.284s][info][gc,phases   ] GC(285)   Pre Evacuate Collection Set: 0.1ms
[2025-03-18T14:44:38.403+0100][3398.284s][info][gc,phases   ] GC(285)   Merge Heap Roots: 0.1ms
[2025-03-18T14:44:38.403+0100][3398.284s][info][gc,phases   ] GC(285)   Evacuate Collection Set: 3.2ms
[2025-03-18T14:44:38.403+0100][3398.284s][info][gc,phases   ] GC(285)   Post Evacuate Collection Set: 0.5ms
[2025-03-18T14:44:38.403+0100][3398.284s][info][gc,phases   ] GC(285)   Other: 0.0ms
[2025-03-18T14:44:38.403+0100][3398.284s][info][gc,heap     ] GC(285) Eden regions: 303->0(303)
[2025-03-18T14:44:38.403+0100][3398.284s][info][gc,heap     ] GC(285) Survivor regions: 4->4(39)
[2025-03-18T14:44:38.403+0100][3398.284s][info][gc,heap     ] GC(285) Old regions: 47->47
[2025-03-18T14:44:38.403+0100][3398.284s][info][gc,heap     ] GC(285) Humongous regions: 1->1
[2025-03-18T14:44:38.403+0100][3398.284s][info][gc,metaspace] GC(285) Metaspace: 28109K(28544K)->28109K(28544K) NonClass: 24476K(24704K)->24476K(24704K) Class: 3632K(3840K)->3632K(3840K)
[2025-03-18T14:44:38.403+0100][3398.284s][info][gc          ] GC(285) Pause Young (Normal) (G1 Evacuation Pause) 1415M->204M(2048M) 4.063ms
[2025-03-18T14:44:38.403+0100][3398.284s][info][gc,cpu      ] GC(285) User=0.02s Sys=0.01s Real=0.01s
[2025-03-18T14:44:41.885+0100][3401.766s][info][gc,start    ] GC(286) Pause Young (Normal) (G1 Evacuation Pause)
[2025-03-18T14:44:41.886+0100][3401.766s][info][gc,task     ] GC(286) Using 9 workers of 9 for evacuation
[2025-03-18T14:44:41.892+0100][3401.773s][info][gc,phases   ] GC(286)   Pre Evacuate Collection Set: 0.2ms
[2025-03-18T14:44:41.893+0100][3401.773s][info][gc,phases   ] GC(286)   Merge Heap Roots: 0.1ms
[2025-03-18T14:44:41.893+0100][3401.773s][info][gc,phases   ] GC(286)   Evacuate Collection Set: 6.0ms
[2025-03-18T14:44:41.893+0100][3401.773s][info][gc,phases   ] GC(286)   Post Evacuate Collection Set: 0.6ms
[2025-03-18T14:44:41.893+0100][3401.773s][info][gc,phases   ] GC(286)   Other: 0.1ms
[2025-03-18T14:44:41.893+0100][3401.773s][info][gc,heap     ] GC(286) Eden regions: 303->0(301)
[2025-03-18T14:44:41.893+0100][3401.773s][info][gc,heap     ] GC(286) Survivor regions: 4->6(39)
[2025-03-18T14:44:41.893+0100][3401.773s][info][gc,heap     ] GC(286) Old regions: 47->47
[2025-03-18T14:44:41.893+0100][3401.773s][info][gc,heap     ] GC(286) Humongous regions: 1->1
[2025-03-18T14:44:41.893+0100][3401.773s][info][gc,metaspace] GC(286) Metaspace: 28109K(28544K)->28109K(28544K) NonClass: 24476K(24704K)->24476K(24704K) Class: 3632K(3840K)->3632K(3840K)
[2025-03-18T14:44:41.893+0100][3401.773s][info][gc          ] GC(286) Pause Young (Normal) (G1 Evacuation Pause) 1416M->210M(2048M) 7.312ms
[2025-03-18T14:44:41.893+0100][3401.773s][info][gc,cpu      ] GC(286) User=0.05s Sys=0.01s Real=0.01s
[2025-03-18T14:44:50.949+0100][3410.830s][info][gc,start    ] GC(287) Pause Young (Normal) (G1 Evacuation Pause)
[2025-03-18T14:44:50.949+0100][3410.830s][info][gc,task     ] GC(287) Using 9 workers of 9 for evacuation
[2025-03-18T14:44:50.953+0100][3410.834s][info][gc,phases   ] GC(287)   Pre Evacuate Collection Set: 0.1ms
[2025-03-18T14:44:50.953+0100][3410.834s][info][gc,phases   ] GC(287)   Merge Heap Roots: 0.1ms
[2025-03-18T14:44:50.953+0100][3410.834s][info][gc,phases   ] GC(287)   Evacuate Collection Set: 3.6ms
[2025-03-18T14:44:50.953+0100][3410.834s][info][gc,phases   ] GC(287)   Post Evacuate Collection Set: 0.4ms
[2025-03-18T14:44:50.953+0100][3410.834s][info][gc,phases   ] GC(287)   Other: 0.1ms
[2025-03-18T14:44:50.953+0100][3410.834s][info][gc,heap     ] GC(287) Eden regions: 301->0(301)
[2025-03-18T14:44:50.954+0100][3410.834s][info][gc,heap     ] GC(287) Survivor regions: 6->6(39)
[2025-03-18T14:44:50.954+0100][3410.834s][info][gc,heap     ] GC(287) Old regions: 47->47
[2025-03-18T14:44:50.954+0100][3410.834s][info][gc,heap     ] GC(287) Humongous regions: 1->1
[2025-03-18T14:44:50.954+0100][3410.834s][info][gc,metaspace] GC(287) Metaspace: 28109K(28544K)->28109K(28544K) NonClass: 24476K(24704K)->24476K(24704K) Class: 3632K(3840K)->3632K(3840K)
[2025-03-18T14:44:50.954+0100][3410.834s][info][gc          ] GC(287) Pause Young (Normal) (G1 Evacuation Pause) 1414M->210M(2048M) 4.359ms
[2025-03-18T14:44:50.954+0100][3410.834s][info][gc,cpu      ] GC(287) User=0.03s Sys=0.00s Real=0.01s
[2025-03-18T14:44:56.266+0100][3416.147s][info][gc,start    ] GC(288) Pause Young (Normal) (G1 Evacuation Pause)
[2025-03-18T14:44:56.267+0100][3416.148s][info][gc,task     ] GC(288) Using 9 workers of 9 for evacuation
[2025-03-18T14:44:56.272+0100][3416.153s][info][gc,phases   ] GC(288)   Pre Evacuate Collection Set: 0.1ms
[2025-03-18T14:44:56.272+0100][3416.153s][info][gc,phases   ] GC(288)   Merge Heap Roots: 0.0ms
[2025-03-18T14:44:56.272+0100][3416.153s][info][gc,phases   ] GC(288)   Evacuate Collection Set: 4.5ms
[2025-03-18T14:44:56.272+0100][3416.153s][info][gc,phases   ] GC(288)   Post Evacuate Collection Set: 0.5ms
[2025-03-18T14:44:56.272+0100][3416.153s][info][gc,phases   ] GC(288)   Other: 0.1ms
[2025-03-18T14:44:56.272+0100][3416.153s][info][gc,heap     ] GC(288) Eden regions: 301->0(301)
[2025-03-18T14:44:56.272+0100][3416.153s][info][gc,heap     ] GC(288) Survivor regions: 6->6(39)
[2025-03-18T14:44:56.272+0100][3416.153s][info][gc,heap     ] GC(288) Old regions: 47->47
[2025-03-18T14:44:56.272+0100][3416.153s][info][gc,heap     ] GC(288) Humongous regions: 1->1
[2025-03-18T14:44:56.272+0100][3416.153s][info][gc,metaspace] GC(288) Metaspace: 28109K(28544K)->28109K(28544K) NonClass: 24476K(24704K)->24476K(24704K) Class: 3632K(3840K)->3632K(3840K)
[2025-03-18T14:44:56.272+0100][3416.153s][info][gc          ] GC(288) Pause Young (Normal) (G1 Evacuation Pause) 1414M->212M(2048M) 6.333ms
[2025-03-18T14:44:56.272+0100][3416.153s][info][gc,cpu      ] GC(288) User=0.04s Sys=0.00s Real=0.01s
[2025-03-18T14:44:58.302+0100][3418.183s][info][gc,start    ] GC(289) Pause Young (Normal) (G1 Evacuation Pause)
[2025-03-18T14:44:58.302+0100][3418.183s][info][gc,task     ] GC(289) Using 9 workers of 9 for evacuation
[2025-03-18T14:44:58.308+0100][3418.188s][info][gc,phases   ] GC(289)   Pre Evacuate Collection Set: 0.1ms
[2025-03-18T14:44:58.308+0100][3418.188s][info][gc,phases   ] GC(289)   Merge Heap Roots: 0.1ms
[2025-03-18T14:44:58.308+0100][3418.188s][info][gc,phases   ] GC(289)   Evacuate Collection Set: 4.9ms
[2025-03-18T14:44:58.308+0100][3418.188s][info][gc,phases   ] GC(289)   Post Evacuate Collection Set: 0.4ms
[2025-03-18T14:44:58.308+0100][3418.188s][info][gc,phases   ] GC(289)   Other: 0.0ms
[2025-03-18T14:44:58.308+0100][3418.188s][info][gc,heap     ] GC(289) Eden regions: 301->0(301)
[2025-03-18T14:44:58.308+0100][3418.188s][info][gc,heap     ] GC(289) Survivor regions: 6->6(39)
[2025-03-18T14:44:58.308+0100][3418.188s][info][gc,heap     ] GC(289) Old regions: 47->47
[2025-03-18T14:44:58.308+0100][3418.188s][info][gc,heap     ] GC(289) Humongous regions: 1->1
[2025-03-18T14:44:58.308+0100][3418.189s][info][gc,metaspace] GC(289) Metaspace: 28109K(28544K)->28109K(28544K) NonClass: 24476K(24704K)->24476K(24704K) Class: 3632K(3840K)->3632K(3840K)
[2025-03-18T14:44:58.308+0100][3418.189s][info][gc          ] GC(289) Pause Young (Normal) (G1 Evacuation Pause) 1416M->213M(2048M) 5.826ms
[2025-03-18T14:44:58.308+0100][3418.189s][info][gc,cpu      ] GC(289) User=0.04s Sys=0.00s Real=0.00s
[2025-03-18T14:45:03.849+0100][3423.730s][info][gc,start    ] GC(290) Pause Young (Normal) (G1 Evacuation Pause)
[2025-03-18T14:45:03.849+0100][3423.730s][info][gc,task     ] GC(290) Using 9 workers of 9 for evacuation
[2025-03-18T14:45:03.866+0100][3423.747s][info][gc,phases   ] GC(290)   Pre Evacuate Collection Set: 0.7ms
[2025-03-18T14:45:03.866+0100][3423.747s][info][gc,phases   ] GC(290)   Merge Heap Roots: 0.2ms
[2025-03-18T14:45:03.866+0100][3423.747s][info][gc,phases   ] GC(290)   Evacuate Collection Set: 14.6ms
[2025-03-18T14:45:03.866+0100][3423.747s][info][gc,phases   ] GC(290)   Post Evacuate Collection Set: 0.8ms
[2025-03-18T14:45:03.866+0100][3423.747s][info][gc,phases   ] GC(290)   Other: 0.2ms
[2025-03-18T14:45:03.866+0100][3423.747s][info][gc,heap     ] GC(290) Eden regions: 301->0(302)
[2025-03-18T14:45:03.866+0100][3423.747s][info][gc,heap     ] GC(290) Survivor regions: 6->5(39)
[2025-03-18T14:45:03.866+0100][3423.747s][info][gc,heap     ] GC(290) Old regions: 47->47
[2025-03-18T14:45:03.866+0100][3423.747s][info][gc,heap     ] GC(290) Humongous regions: 1->1
[2025-03-18T14:45:03.866+0100][3423.747s][info][gc,metaspace] GC(290) Metaspace: 28109K(28544K)->28109K(28544K) NonClass: 24476K(24704K)->24476K(24704K) Class: 3632K(3840K)->3632K(3840K)
[2025-03-18T14:45:03.866+0100][3423.747s][info][gc          ] GC(290) Pause Young (Normal) (G1 Evacuation Pause) 1417M->208M(2048M) 16.941ms
[2025-03-18T14:45:03.866+0100][3423.747s][info][gc,cpu      ] GC(290) User=0.06s Sys=0.00s Real=0.02s
[2025-03-18T14:45:18.879+0100][3438.759s][info][gc,start    ] GC(291) Pause Young (Normal) (G1 Evacuation Pause)
[2025-03-18T14:45:18.880+0100][3438.761s][info][gc,task     ] GC(291) Using 9 workers of 9 for evacuation
[2025-03-18T14:45:18.889+0100][3438.769s][info][gc,phases   ] GC(291)   Pre Evacuate Collection Set: 0.3ms
[2025-03-18T14:45:18.889+0100][3438.769s][info][gc,phases   ] GC(291)   Merge Heap Roots: 0.1ms
[2025-03-18T14:45:18.889+0100][3438.769s][info][gc,phases   ] GC(291)   Evacuate Collection Set: 7.4ms
[2025-03-18T14:45:18.889+0100][3438.769s][info][gc,phases   ] GC(291)   Post Evacuate Collection Set: 0.6ms
[2025-03-18T14:45:18.889+0100][3438.770s][info][gc,phases   ] GC(291)   Other: 0.1ms
[2025-03-18T14:45:18.889+0100][3438.770s][info][gc,heap     ] GC(291) Eden regions: 302->0(301)
[2025-03-18T14:45:18.889+0100][3438.770s][info][gc,heap     ] GC(291) Survivor regions: 5->6(39)
[2025-03-18T14:45:18.889+0100][3438.770s][info][gc,heap     ] GC(291) Old regions: 47->47
[2025-03-18T14:45:18.889+0100][3438.770s][info][gc,heap     ] GC(291) Humongous regions: 1->1
[2025-03-18T14:45:18.889+0100][3438.770s][info][gc,metaspace] GC(291) Metaspace: 28109K(28544K)->28109K(28544K) NonClass: 24476K(24704K)->24476K(24704K) Class: 3632K(3840K)->3632K(3840K)
[2025-03-18T14:45:18.889+0100][3438.770s][info][gc          ] GC(291) Pause Young (Normal) (G1 Evacuation Pause) 1416M->211M(2048M) 10.242ms
[2025-03-18T14:45:18.889+0100][3438.770s][info][gc,cpu      ] GC(291) User=0.06s Sys=0.01s Real=0.01s
[2025-03-18T14:45:23.198+0100][3443.078s][info][gc,start    ] GC(292) Pause Young (Normal) (G1 Evacuation Pause)
[2025-03-18T14:45:23.198+0100][3443.079s][info][gc,task     ] GC(292) Using 9 workers of 9 for evacuation
[2025-03-18T14:45:23.203+0100][3443.084s][info][gc,phases   ] GC(292)   Pre Evacuate Collection Set: 0.2ms
[2025-03-18T14:45:23.203+0100][3443.084s][info][gc,phases   ] GC(292)   Merge Heap Roots: 0.1ms
[2025-03-18T14:45:23.203+0100][3443.084s][info][gc,phases   ] GC(292)   Evacuate Collection Set: 4.4ms
[2025-03-18T14:45:23.203+0100][3443.084s][info][gc,phases   ] GC(292)   Post Evacuate Collection Set: 0.4ms
[2025-03-18T14:45:23.203+0100][3443.084s][info][gc,phases   ] GC(292)   Other: 0.1ms
[2025-03-18T14:45:23.203+0100][3443.084s][info][gc,heap     ] GC(292) Eden regions: 301->0(301)
[2025-03-18T14:45:23.203+0100][3443.084s][info][gc,heap     ] GC(292) Survivor regions: 6->6(39)
[2025-03-18T14:45:23.203+0100][3443.084s][info][gc,heap     ] GC(292) Old regions: 47->47
[2025-03-18T14:45:23.203+0100][3443.084s][info][gc,heap     ] GC(292) Humongous regions: 1->1
[2025-03-18T14:45:23.203+0100][3443.084s][info][gc,metaspace] GC(292) Metaspace: 28109K(28544K)->28109K(28544K) NonClass: 24476K(24704K)->24476K(24704K) Class: 3632K(3840K)->3632K(3840K)
[2025-03-18T14:45:23.203+0100][3443.084s][info][gc          ] GC(292) Pause Young (Normal) (G1 Evacuation Pause) 1415M->211M(2048M) 5.357ms
[2025-03-18T14:45:23.203+0100][3443.084s][info][gc,cpu      ] GC(292) User=0.04s Sys=0.00s Real=0.01s
[2025-03-18T14:45:26.690+0100][3446.571s][info][gc,start    ] GC(293) Pause Young (Normal) (G1 Evacuation Pause)
[2025-03-18T14:45:26.690+0100][3446.571s][info][gc,task     ] GC(293) Using 9 workers of 9 for evacuation
[2025-03-18T14:45:26.696+0100][3446.577s][info][gc,phases   ] GC(293)   Pre Evacuate Collection Set: 0.1ms
[2025-03-18T14:45:26.696+0100][3446.577s][info][gc,phases   ] GC(293)   Merge Heap Roots: 0.1ms
[2025-03-18T14:45:26.696+0100][3446.577s][info][gc,phases   ] GC(293)   Evacuate Collection Set: 5.3ms
[2025-03-18T14:45:26.696+0100][3446.577s][info][gc,phases   ] GC(293)   Post Evacuate Collection Set: 0.5ms
[2025-03-18T14:45:26.696+0100][3446.577s][info][gc,phases   ] GC(293)   Other: 0.0ms
[2025-03-18T14:45:26.696+0100][3446.577s][info][gc,heap     ] GC(293) Eden regions: 301->0(300)
[2025-03-18T14:45:26.696+0100][3446.577s][info][gc,heap     ] GC(293) Survivor regions: 6->7(39)
[2025-03-18T14:45:26.696+0100][3446.577s][info][gc,heap     ] GC(293) Old regions: 47->47
[2025-03-18T14:45:26.696+0100][3446.577s][info][gc,heap     ] GC(293) Humongous regions: 1->1
[2025-03-18T14:45:26.696+0100][3446.577s][info][gc,metaspace] GC(293) Metaspace: 28109K(28544K)->28109K(28544K) NonClass: 24476K(24704K)->24476K(24704K) Class: 3632K(3840K)->3632K(3840K)
[2025-03-18T14:45:26.696+0100][3446.577s][info][gc          ] GC(293) Pause Young (Normal) (G1 Evacuation Pause) 1415M->216M(2048M) 6.232ms
[2025-03-18T14:45:26.696+0100][3446.577s][info][gc,cpu      ] GC(293) User=0.05s Sys=0.00s Real=0.00s
[2025-03-18T14:45:29.205+0100][3449.086s][info][gc,start    ] GC(294) Pause Young (Normal) (G1 Evacuation Pause)
[2025-03-18T14:45:29.207+0100][3449.087s][info][gc,task     ] GC(294) Using 9 workers of 9 for evacuation
[2025-03-18T14:45:29.214+0100][3449.095s][info][gc,phases   ] GC(294)   Pre Evacuate Collection Set: 0.2ms
[2025-03-18T14:45:29.215+0100][3449.095s][info][gc,phases   ] GC(294)   Merge Heap Roots: 0.1ms
[2025-03-18T14:45:29.215+0100][3449.095s][info][gc,phases   ] GC(294)   Evacuate Collection Set: 6.9ms
[2025-03-18T14:45:29.215+0100][3449.095s][info][gc,phases   ] GC(294)   Post Evacuate Collection Set: 0.5ms
[2025-03-18T14:45:29.215+0100][3449.095s][info][gc,phases   ] GC(294)   Other: 0.1ms
[2025-03-18T14:45:29.215+0100][3449.095s][info][gc,heap     ] GC(294) Eden regions: 300->0(300)
[2025-03-18T14:45:29.215+0100][3449.095s][info][gc,heap     ] GC(294) Survivor regions: 7->7(39)
[2025-03-18T14:45:29.215+0100][3449.095s][info][gc,heap     ] GC(294) Old regions: 47->47
[2025-03-18T14:45:29.215+0100][3449.095s][info][gc,heap     ] GC(294) Humongous regions: 1->1
[2025-03-18T14:45:29.215+0100][3449.095s][info][gc,metaspace] GC(294) Metaspace: 28109K(28544K)->28109K(28544K) NonClass: 24476K(24704K)->24476K(24704K) Class: 3632K(3840K)->3632K(3840K)
[2025-03-18T14:45:29.215+0100][3449.095s][info][gc          ] GC(294) Pause Young (Normal) (G1 Evacuation Pause) 1416M->215M(2048M) 9.360ms
[2025-03-18T14:45:29.215+0100][3449.095s][info][gc,cpu      ] GC(294) User=0.06s Sys=0.00s Real=0.01s
[2025-03-18T14:45:35.876+0100][3455.756s][info][gc,start    ] GC(295) Pause Young (Normal) (G1 Evacuation Pause)
[2025-03-18T14:45:35.877+0100][3455.758s][info][gc,task     ] GC(295) Using 9 workers of 9 for evacuation
[2025-03-18T14:45:35.886+0100][3455.766s][info][gc,phases   ] GC(295)   Pre Evacuate Collection Set: 0.2ms
[2025-03-18T14:45:35.886+0100][3455.767s][info][gc,phases   ] GC(295)   Merge Heap Roots: 0.1ms
[2025-03-18T14:45:35.886+0100][3455.767s][info][gc,phases   ] GC(295)   Evacuate Collection Set: 7.7ms
[2025-03-18T14:45:35.886+0100][3455.767s][info][gc,phases   ] GC(295)   Post Evacuate Collection Set: 0.5ms
[2025-03-18T14:45:35.886+0100][3455.767s][info][gc,phases   ] GC(295)   Other: 0.1ms
[2025-03-18T14:45:35.886+0100][3455.767s][info][gc,heap     ] GC(295) Eden regions: 300->0(300)
[2025-03-18T14:45:35.886+0100][3455.767s][info][gc,heap     ] GC(295) Survivor regions: 7->7(39)
[2025-03-18T14:45:35.886+0100][3455.767s][info][gc,heap     ] GC(295) Old regions: 47->47
[2025-03-18T14:45:35.886+0100][3455.767s][info][gc,heap     ] GC(295) Humongous regions: 1->1
[2025-03-18T14:45:35.886+0100][3455.767s][info][gc,metaspace] GC(295) Metaspace: 28109K(28544K)->28109K(28544K) NonClass: 24476K(24704K)->24476K(24704K) Class: 3632K(3840K)->3632K(3840K)
[2025-03-18T14:45:35.886+0100][3455.767s][info][gc          ] GC(295) Pause Young (Normal) (G1 Evacuation Pause) 1415M->216M(2048M) 10.298ms
[2025-03-18T14:45:35.886+0100][3455.767s][info][gc,cpu      ] GC(295) User=0.07s Sys=0.01s Real=0.01s
[2025-03-18T14:45:51.861+0100][3471.742s][info][gc,start    ] GC(296) Pause Young (Normal) (G1 Evacuation Pause)
[2025-03-18T14:45:51.862+0100][3471.743s][info][gc,task     ] GC(296) Using 9 workers of 9 for evacuation
[2025-03-18T14:45:51.873+0100][3471.754s][info][gc,phases   ] GC(296)   Pre Evacuate Collection Set: 0.2ms
[2025-03-18T14:45:51.873+0100][3471.754s][info][gc,phases   ] GC(296)   Merge Heap Roots: 0.1ms
[2025-03-18T14:45:51.873+0100][3471.754s][info][gc,phases   ] GC(296)   Evacuate Collection Set: 9.6ms
[2025-03-18T14:45:51.873+0100][3471.754s][info][gc,phases   ] GC(296)   Post Evacuate Collection Set: 0.5ms
[2025-03-18T14:45:51.873+0100][3471.754s][info][gc,phases   ] GC(296)   Other: 0.1ms
[2025-03-18T14:45:51.873+0100][3471.754s][info][gc,heap     ] GC(296) Eden regions: 300->0(300)
[2025-03-18T14:45:51.873+0100][3471.754s][info][gc,heap     ] GC(296) Survivor regions: 7->7(39)
[2025-03-18T14:45:51.873+0100][3471.754s][info][gc,heap     ] GC(296) Old regions: 47->47
[2025-03-18T14:45:51.873+0100][3471.754s][info][gc,heap     ] GC(296) Humongous regions: 1->1
[2025-03-18T14:45:51.873+0100][3471.754s][info][gc,metaspace] GC(296) Metaspace: 28109K(28544K)->28109K(28544K) NonClass: 24476K(24704K)->24476K(24704K) Class: 3632K(3840K)->3632K(3840K)
[2025-03-18T14:45:51.873+0100][3471.754s][info][gc          ] GC(296) Pause Young (Normal) (G1 Evacuation Pause) 1416M->215M(2048M) 12.263ms
[2025-03-18T14:45:51.873+0100][3471.754s][info][gc,cpu      ] GC(296) User=0.07s Sys=0.01s Real=0.01s
[2025-03-18T14:46:05.862+0100][3485.743s][info][gc,start    ] GC(297) Pause Young (Normal) (G1 Evacuation Pause)
[2025-03-18T14:46:05.863+0100][3485.744s][info][gc,task     ] GC(297) Using 9 workers of 9 for evacuation
[2025-03-18T14:46:05.869+0100][3485.750s][info][gc,phases   ] GC(297)   Pre Evacuate Collection Set: 0.1ms
[2025-03-18T14:46:05.869+0100][3485.750s][info][gc,phases   ] GC(297)   Merge Heap Roots: 0.1ms
[2025-03-18T14:46:05.869+0100][3485.750s][info][gc,phases   ] GC(297)   Evacuate Collection Set: 5.2ms
[2025-03-18T14:46:05.869+0100][3485.750s][info][gc,phases   ] GC(297)   Post Evacuate Collection Set: 0.4ms
[2025-03-18T14:46:05.869+0100][3485.750s][info][gc,phases   ] GC(297)   Other: 0.0ms
[2025-03-18T14:46:05.869+0100][3485.750s][info][gc,heap     ] GC(297) Eden regions: 300->0(301)
[2025-03-18T14:46:05.869+0100][3485.750s][info][gc,heap     ] GC(297) Survivor regions: 7->6(39)
[2025-03-18T14:46:05.869+0100][3485.750s][info][gc,heap     ] GC(297) Old regions: 47->48
[2025-03-18T14:46:05.869+0100][3485.750s][info][gc,heap     ] GC(297) Humongous regions: 1->1
[2025-03-18T14:46:05.869+0100][3485.750s][info][gc,metaspace] GC(297) Metaspace: 28109K(28544K)->28109K(28544K) NonClass: 24476K(24704K)->24476K(24704K) Class: 3632K(3840K)->3632K(3840K)
[2025-03-18T14:46:05.869+0100][3485.750s][info][gc          ] GC(297) Pause Young (Normal) (G1 Evacuation Pause) 1415M->214M(2048M) 7.019ms
[2025-03-18T14:46:05.869+0100][3485.750s][info][gc,cpu      ] GC(297) User=0.04s Sys=0.00s Real=0.00s
[2025-03-18T14:46:15.866+0100][3495.747s][info][gc,start    ] GC(298) Pause Young (Normal) (G1 Evacuation Pause)
[2025-03-18T14:46:15.867+0100][3495.748s][info][gc,task     ] GC(298) Using 9 workers of 9 for evacuation
[2025-03-18T14:46:15.877+0100][3495.758s][info][gc,phases   ] GC(298)   Pre Evacuate Collection Set: 0.3ms
[2025-03-18T14:46:15.877+0100][3495.758s][info][gc,phases   ] GC(298)   Merge Heap Roots: 0.1ms
[2025-03-18T14:46:15.877+0100][3495.758s][info][gc,phases   ] GC(298)   Evacuate Collection Set: 8.6ms
[2025-03-18T14:46:15.877+0100][3495.758s][info][gc,phases   ] GC(298)   Post Evacuate Collection Set: 0.5ms
[2025-03-18T14:46:15.877+0100][3495.758s][info][gc,phases   ] GC(298)   Other: 0.1ms
[2025-03-18T14:46:15.877+0100][3495.758s][info][gc,heap     ] GC(298) Eden regions: 301->0(301)
[2025-03-18T14:46:15.877+0100][3495.758s][info][gc,heap     ] GC(298) Survivor regions: 6->6(39)
[2025-03-18T14:46:15.877+0100][3495.758s][info][gc,heap     ] GC(298) Old regions: 48->48
[2025-03-18T14:46:15.877+0100][3495.758s][info][gc,heap     ] GC(298) Humongous regions: 1->1
[2025-03-18T14:46:15.877+0100][3495.758s][info][gc,metaspace] GC(298) Metaspace: 28109K(28544K)->28109K(28544K) NonClass: 24476K(24704K)->24476K(24704K) Class: 3632K(3840K)->3632K(3840K)
[2025-03-18T14:46:15.877+0100][3495.758s][info][gc          ] GC(298) Pause Young (Normal) (G1 Evacuation Pause) 1418M->214M(2048M) 11.425ms
[2025-03-18T14:46:15.877+0100][3495.758s][info][gc,cpu      ] GC(298) User=0.07s Sys=0.01s Real=0.01s
[2025-03-18T14:46:26.416+0100][3506.296s][info][gc,start    ] GC(299) Pause Young (Normal) (G1 Evacuation Pause)
[2025-03-18T14:46:26.416+0100][3506.297s][info][gc,task     ] GC(299) Using 9 workers of 9 for evacuation
[2025-03-18T14:46:26.421+0100][3506.302s][info][gc,phases   ] GC(299)   Pre Evacuate Collection Set: 0.1ms
[2025-03-18T14:46:26.421+0100][3506.302s][info][gc,phases   ] GC(299)   Merge Heap Roots: 0.1ms
[2025-03-18T14:46:26.421+0100][3506.302s][info][gc,phases   ] GC(299)   Evacuate Collection Set: 4.4ms
[2025-03-18T14:46:26.421+0100][3506.302s][info][gc,phases   ] GC(299)   Post Evacuate Collection Set: 0.4ms
[2025-03-18T14:46:26.421+0100][3506.302s][info][gc,phases   ] GC(299)   Other: 0.0ms
[2025-03-18T14:46:26.421+0100][3506.302s][info][gc,heap     ] GC(299) Eden regions: 301->0(302)
[2025-03-18T14:46:26.421+0100][3506.302s][info][gc,heap     ] GC(299) Survivor regions: 6->5(39)
[2025-03-18T14:46:26.421+0100][3506.302s][info][gc,heap     ] GC(299) Old regions: 48->48
[2025-03-18T14:46:26.421+0100][3506.302s][info][gc,heap     ] GC(299) Humongous regions: 1->1
[2025-03-18T14:46:26.421+0100][3506.302s][info][gc,metaspace] GC(299) Metaspace: 28109K(28544K)->28109K(28544K) NonClass: 24476K(24704K)->24476K(24704K) Class: 3632K(3840K)->3632K(3840K)
[2025-03-18T14:46:26.421+0100][3506.302s][info][gc          ] GC(299) Pause Young (Normal) (G1 Evacuation Pause) 1418M->212M(2048M) 5.166ms
[2025-03-18T14:46:26.421+0100][3506.302s][info][gc,cpu      ] GC(299) User=0.04s Sys=0.00s Real=0.01s
[2025-03-18T14:46:39.871+0100][3519.752s][info][gc,start    ] GC(300) Pause Young (Normal) (G1 Evacuation Pause)
[2025-03-18T14:46:39.873+0100][3519.754s][info][gc,task     ] GC(300) Using 9 workers of 9 for evacuation
[2025-03-18T14:46:39.880+0100][3519.761s][info][gc,phases   ] GC(300)   Pre Evacuate Collection Set: 0.2ms
[2025-03-18T14:46:39.881+0100][3519.761s][info][gc,phases   ] GC(300)   Merge Heap Roots: 0.1ms
[2025-03-18T14:46:39.881+0100][3519.761s][info][gc,phases   ] GC(300)   Evacuate Collection Set: 7.0ms
[2025-03-18T14:46:39.881+0100][3519.761s][info][gc,phases   ] GC(300)   Post Evacuate Collection Set: 0.4ms
[2025-03-18T14:46:39.881+0100][3519.761s][info][gc,phases   ] GC(300)   Other: 0.1ms
[2025-03-18T14:46:39.881+0100][3519.761s][info][gc,heap     ] GC(300) Eden regions: 302->0(301)
[2025-03-18T14:46:39.881+0100][3519.761s][info][gc,heap     ] GC(300) Survivor regions: 5->6(39)
[2025-03-18T14:46:39.881+0100][3519.761s][info][gc,heap     ] GC(300) Old regions: 48->48
[2025-03-18T14:46:39.881+0100][3519.761s][info][gc,heap     ] GC(300) Humongous regions: 1->1
[2025-03-18T14:46:39.881+0100][3519.761s][info][gc,metaspace] GC(300) Metaspace: 28109K(28544K)->28109K(28544K) NonClass: 24476K(24704K)->24476K(24704K) Class: 3632K(3840K)->3632K(3840K)
[2025-03-18T14:46:39.881+0100][3519.761s][info][gc          ] GC(300) Pause Young (Normal) (G1 Evacuation Pause) 1420M->216M(2048M) 9.498ms
[2025-03-18T14:46:39.881+0100][3519.761s][info][gc,cpu      ] GC(300) User=0.05s Sys=0.00s Real=0.01s
[2025-03-18T14:46:53.857+0100][3533.738s][info][gc,start    ] GC(301) Pause Young (Normal) (G1 Evacuation Pause)
[2025-03-18T14:46:53.858+0100][3533.739s][info][gc,task     ] GC(301) Using 9 workers of 9 for evacuation
[2025-03-18T14:46:53.868+0100][3533.749s][info][gc,phases   ] GC(301)   Pre Evacuate Collection Set: 0.2ms
[2025-03-18T14:46:53.868+0100][3533.749s][info][gc,phases   ] GC(301)   Merge Heap Roots: 0.2ms
[2025-03-18T14:46:53.868+0100][3533.749s][info][gc,phases   ] GC(301)   Evacuate Collection Set: 8.5ms
[2025-03-18T14:46:53.868+0100][3533.749s][info][gc,phases   ] GC(301)   Post Evacuate Collection Set: 0.6ms
[2025-03-18T14:46:53.868+0100][3533.749s][info][gc,phases   ] GC(301)   Other: 0.1ms
[2025-03-18T14:46:53.868+0100][3533.749s][info][gc,heap     ] GC(301) Eden regions: 301->0(302)
[2025-03-18T14:46:53.868+0100][3533.749s][info][gc,heap     ] GC(301) Survivor regions: 6->5(39)
[2025-03-18T14:46:53.868+0100][3533.749s][info][gc,heap     ] GC(301) Old regions: 48->49
[2025-03-18T14:46:53.868+0100][3533.749s][info][gc,heap     ] GC(301) Humongous regions: 1->1
[2025-03-18T14:46:53.868+0100][3533.749s][info][gc,metaspace] GC(301) Metaspace: 28109K(28544K)->28109K(28544K) NonClass: 24476K(24704K)->24476K(24704K) Class: 3632K(3840K)->3632K(3840K)
[2025-03-18T14:46:53.868+0100][3533.749s][info][gc          ] GC(301) Pause Young (Normal) (G1 Evacuation Pause) 1420M->216M(2048M) 11.222ms
[2025-03-18T14:46:53.868+0100][3533.749s][info][gc,cpu      ] GC(301) User=0.07s Sys=0.00s Real=0.01s
[2025-03-18T14:47:04.892+0100][3544.772s][info][gc,start    ] GC(302) Pause Young (Normal) (G1 Evacuation Pause)
[2025-03-18T14:47:04.892+0100][3544.773s][info][gc,task     ] GC(302) Using 9 workers of 9 for evacuation
[2025-03-18T14:47:04.897+0100][3544.778s][info][gc,phases   ] GC(302)   Pre Evacuate Collection Set: 0.1ms
[2025-03-18T14:47:04.897+0100][3544.778s][info][gc,phases   ] GC(302)   Merge Heap Roots: 0.0ms
[2025-03-18T14:47:04.897+0100][3544.778s][info][gc,phases   ] GC(302)   Evacuate Collection Set: 3.6ms
[2025-03-18T14:47:04.897+0100][3544.778s][info][gc,phases   ] GC(302)   Post Evacuate Collection Set: 0.5ms
[2025-03-18T14:47:04.897+0100][3544.778s][info][gc,phases   ] GC(302)   Other: 0.0ms
[2025-03-18T14:47:04.897+0100][3544.778s][info][gc,heap     ] GC(302) Eden regions: 302->0(302)
[2025-03-18T14:47:04.897+0100][3544.778s][info][gc,heap     ] GC(302) Survivor regions: 5->5(39)
[2025-03-18T14:47:04.897+0100][3544.778s][info][gc,heap     ] GC(302) Old regions: 49->49
[2025-03-18T14:47:04.897+0100][3544.778s][info][gc,heap     ] GC(302) Humongous regions: 1->1
[2025-03-18T14:47:04.897+0100][3544.778s][info][gc,metaspace] GC(302) Metaspace: 28109K(28544K)->28109K(28544K) NonClass: 24476K(24704K)->24476K(24704K) Class: 3632K(3840K)->3632K(3840K)
[2025-03-18T14:47:04.897+0100][3544.778s][info][gc          ] GC(302) Pause Young (Normal) (G1 Evacuation Pause) 1424M->214M(2048M) 5.367ms
[2025-03-18T14:47:04.897+0100][3544.778s][info][gc,cpu      ] GC(302) User=0.03s Sys=0.00s Real=0.00s
[2025-03-18T14:47:07.770+0100][3547.651s][info][gc,start    ] GC(303) Pause Young (Normal) (G1 Evacuation Pause)
[2025-03-18T14:47:07.770+0100][3547.651s][info][gc,task     ] GC(303) Using 9 workers of 9 for evacuation
[2025-03-18T14:47:07.776+0100][3547.656s][info][gc,phases   ] GC(303)   Pre Evacuate Collection Set: 0.1ms
[2025-03-18T14:47:07.776+0100][3547.657s][info][gc,phases   ] GC(303)   Merge Heap Roots: 0.0ms
[2025-03-18T14:47:07.776+0100][3547.657s][info][gc,phases   ] GC(303)   Evacuate Collection Set: 5.1ms
[2025-03-18T14:47:07.776+0100][3547.657s][info][gc,phases   ] GC(303)   Post Evacuate Collection Set: 0.5ms
[2025-03-18T14:47:07.776+0100][3547.657s][info][gc,phases   ] GC(303)   Other: 0.0ms
[2025-03-18T14:47:07.776+0100][3547.657s][info][gc,heap     ] GC(303) Eden regions: 302->0(301)
[2025-03-18T14:47:07.776+0100][3547.657s][info][gc,heap     ] GC(303) Survivor regions: 5->6(39)
[2025-03-18T14:47:07.776+0100][3547.657s][info][gc,heap     ] GC(303) Old regions: 49->49
[2025-03-18T14:47:07.776+0100][3547.657s][info][gc,heap     ] GC(303) Humongous regions: 1->1
[2025-03-18T14:47:07.776+0100][3547.657s][info][gc,metaspace] GC(303) Metaspace: 28109K(28544K)->28109K(28544K) NonClass: 24476K(24704K)->24476K(24704K) Class: 3632K(3840K)->3632K(3840K)
[2025-03-18T14:47:07.776+0100][3547.657s][info][gc          ] GC(303) Pause Young (Normal) (G1 Evacuation Pause) 1422M->220M(2048M) 5.938ms
[2025-03-18T14:47:07.776+0100][3547.657s][info][gc,cpu      ] GC(303) User=0.05s Sys=0.00s Real=0.00s
[2025-03-18T14:47:09.062+0100][3548.943s][info][gc,start    ] GC(304) Pause Young (Normal) (G1 Evacuation Pause)
[2025-03-18T14:47:09.062+0100][3548.943s][info][gc,task     ] GC(304) Using 9 workers of 9 for evacuation
[2025-03-18T14:47:09.067+0100][3548.948s][info][gc,phases   ] GC(304)   Pre Evacuate Collection Set: 0.1ms
[2025-03-18T14:47:09.067+0100][3548.948s][info][gc,phases   ] GC(304)   Merge Heap Roots: 0.1ms
[2025-03-18T14:47:09.067+0100][3548.948s][info][gc,phases   ] GC(304)   Evacuate Collection Set: 4.1ms
[2025-03-18T14:47:09.067+0100][3548.948s][info][gc,phases   ] GC(304)   Post Evacuate Collection Set: 0.4ms
[2025-03-18T14:47:09.067+0100][3548.948s][info][gc,phases   ] GC(304)   Other: 0.0ms
[2025-03-18T14:47:09.067+0100][3548.948s][info][gc,heap     ] GC(304) Eden regions: 301->0(302)
[2025-03-18T14:47:09.067+0100][3548.948s][info][gc,heap     ] GC(304) Survivor regions: 6->5(39)
[2025-03-18T14:47:09.067+0100][3548.948s][info][gc,heap     ] GC(304) Old regions: 49->49
[2025-03-18T14:47:09.067+0100][3548.948s][info][gc,heap     ] GC(304) Humongous regions: 1->1
[2025-03-18T14:47:09.067+0100][3548.948s][info][gc,metaspace] GC(304) Metaspace: 28109K(28544K)->28109K(28544K) NonClass: 24476K(24704K)->24476K(24704K) Class: 3632K(3840K)->3632K(3840K)
[2025-03-18T14:47:09.067+0100][3548.948s][info][gc          ] GC(304) Pause Young (Normal) (G1 Evacuation Pause) 1424M->218M(2048M) 4.927ms
[2025-03-18T14:47:09.067+0100][3548.948s][info][gc,cpu      ] GC(304) User=0.03s Sys=0.00s Real=0.00s
[2025-03-18T14:47:11.835+0100][3551.715s][info][gc,start    ] GC(305) Pause Young (Normal) (G1 Evacuation Pause)
[2025-03-18T14:47:11.835+0100][3551.715s][info][gc,task     ] GC(305) Using 9 workers of 9 for evacuation
[2025-03-18T14:47:11.840+0100][3551.721s][info][gc,phases   ] GC(305)   Pre Evacuate Collection Set: 0.1ms
[2025-03-18T14:47:11.840+0100][3551.721s][info][gc,phases   ] GC(305)   Merge Heap Roots: 0.1ms
[2025-03-18T14:47:11.840+0100][3551.721s][info][gc,phases   ] GC(305)   Evacuate Collection Set: 4.4ms
[2025-03-18T14:47:11.840+0100][3551.721s][info][gc,phases   ] GC(305)   Post Evacuate Collection Set: 0.4ms
[2025-03-18T14:47:11.840+0100][3551.721s][info][gc,phases   ] GC(305)   Other: 0.1ms
[2025-03-18T14:47:11.840+0100][3551.721s][info][gc,heap     ] GC(305) Eden regions: 302->0(302)
[2025-03-18T14:47:11.840+0100][3551.721s][info][gc,heap     ] GC(305) Survivor regions: 5->5(39)
[2025-03-18T14:47:11.840+0100][3551.721s][info][gc,heap     ] GC(305) Old regions: 49->49
[2025-03-18T14:47:11.840+0100][3551.721s][info][gc,heap     ] GC(305) Humongous regions: 1->1
[2025-03-18T14:47:11.840+0100][3551.721s][info][gc,metaspace] GC(305) Metaspace: 28109K(28544K)->28109K(28544K) NonClass: 24476K(24704K)->24476K(24704K) Class: 3632K(3840K)->3632K(3840K)
[2025-03-18T14:47:11.840+0100][3551.721s][info][gc          ] GC(305) Pause Young (Normal) (G1 Evacuation Pause) 1426M->218M(2048M) 5.202ms
[2025-03-18T14:47:11.840+0100][3551.721s][info][gc,cpu      ] GC(305) User=0.04s Sys=0.00s Real=0.01s
[2025-03-18T14:47:20.588+0100][3560.469s][info][gc,start    ] GC(306) Pause Young (Normal) (G1 Evacuation Pause)
[2025-03-18T14:47:20.588+0100][3560.469s][info][gc,task     ] GC(306) Using 9 workers of 9 for evacuation
[2025-03-18T14:47:20.596+0100][3560.477s][info][gc,phases   ] GC(306)   Pre Evacuate Collection Set: 0.3ms
[2025-03-18T14:47:20.596+0100][3560.477s][info][gc,phases   ] GC(306)   Merge Heap Roots: 0.1ms
[2025-03-18T14:47:20.596+0100][3560.477s][info][gc,phases   ] GC(306)   Evacuate Collection Set: 7.0ms
[2025-03-18T14:47:20.596+0100][3560.477s][info][gc,phases   ] GC(306)   Post Evacuate Collection Set: 0.4ms
[2025-03-18T14:47:20.596+0100][3560.477s][info][gc,phases   ] GC(306)   Other: 0.1ms
[2025-03-18T14:47:20.596+0100][3560.477s][info][gc,heap     ] GC(306) Eden regions: 302->0(301)
[2025-03-18T14:47:20.596+0100][3560.477s][info][gc,heap     ] GC(306) Survivor regions: 5->6(39)
[2025-03-18T14:47:20.596+0100][3560.477s][info][gc,heap     ] GC(306) Old regions: 49->49
[2025-03-18T14:47:20.596+0100][3560.477s][info][gc,heap     ] GC(306) Humongous regions: 1->1
[2025-03-18T14:47:20.596+0100][3560.477s][info][gc,metaspace] GC(306) Metaspace: 28109K(28544K)->28109K(28544K) NonClass: 24476K(24704K)->24476K(24704K) Class: 3632K(3840K)->3632K(3840K)
[2025-03-18T14:47:20.596+0100][3560.477s][info][gc          ] GC(306) Pause Young (Normal) (G1 Evacuation Pause) 1426M->220M(2048M) 8.180ms
[2025-03-18T14:47:20.596+0100][3560.477s][info][gc,cpu      ] GC(306) User=0.06s Sys=0.01s Real=0.01s
[2025-03-18T14:47:34.003+0100][3573.884s][info][gc,start    ] GC(307) Pause Young (Normal) (G1 Evacuation Pause)
[2025-03-18T14:47:34.003+0100][3573.884s][info][gc,task     ] GC(307) Using 9 workers of 9 for evacuation
[2025-03-18T14:47:34.008+0100][3573.889s][info][gc,phases   ] GC(307)   Pre Evacuate Collection Set: 0.1ms
[2025-03-18T14:47:34.008+0100][3573.889s][info][gc,phases   ] GC(307)   Merge Heap Roots: 0.1ms
[2025-03-18T14:47:34.008+0100][3573.889s][info][gc,phases   ] GC(307)   Evacuate Collection Set: 4.3ms
[2025-03-18T14:47:34.008+0100][3573.889s][info][gc,phases   ] GC(307)   Post Evacuate Collection Set: 0.4ms
[2025-03-18T14:47:34.008+0100][3573.889s][info][gc,phases   ] GC(307)   Other: 0.0ms
[2025-03-18T14:47:34.008+0100][3573.889s][info][gc,heap     ] GC(307) Eden regions: 301->0(302)
[2025-03-18T14:47:34.008+0100][3573.889s][info][gc,heap     ] GC(307) Survivor regions: 6->5(39)
[2025-03-18T14:47:34.008+0100][3573.889s][info][gc,heap     ] GC(307) Old regions: 49->50
[2025-03-18T14:47:34.008+0100][3573.889s][info][gc,heap     ] GC(307) Humongous regions: 1->1
[2025-03-18T14:47:34.008+0100][3573.889s][info][gc,metaspace] GC(307) Metaspace: 28109K(28544K)->28109K(28544K) NonClass: 24476K(24704K)->24476K(24704K) Class: 3632K(3840K)->3632K(3840K)
[2025-03-18T14:47:34.008+0100][3573.889s][info][gc          ] GC(307) Pause Young (Normal) (G1 Evacuation Pause) 1424M->219M(2048M) 5.111ms
[2025-03-18T14:47:34.008+0100][3573.889s][info][gc,cpu      ] GC(307) User=0.03s Sys=0.01s Real=0.00s
[2025-03-18T14:47:39.864+0100][3579.745s][info][gc,start    ] GC(308) Pause Young (Normal) (G1 Evacuation Pause)
[2025-03-18T14:47:39.864+0100][3579.745s][info][gc,task     ] GC(308) Using 9 workers of 9 for evacuation
[2025-03-18T14:47:39.874+0100][3579.755s][info][gc,phases   ] GC(308)   Pre Evacuate Collection Set: 0.2ms
[2025-03-18T14:47:39.874+0100][3579.755s][info][gc,phases   ] GC(308)   Merge Heap Roots: 0.1ms
[2025-03-18T14:47:39.874+0100][3579.755s][info][gc,phases   ] GC(308)   Evacuate Collection Set: 9.0ms
[2025-03-18T14:47:39.874+0100][3579.755s][info][gc,phases   ] GC(308)   Post Evacuate Collection Set: 0.5ms
[2025-03-18T14:47:39.874+0100][3579.755s][info][gc,phases   ] GC(308)   Other: 0.1ms
[2025-03-18T14:47:39.874+0100][3579.755s][info][gc,heap     ] GC(308) Eden regions: 302->0(302)
[2025-03-18T14:47:39.874+0100][3579.755s][info][gc,heap     ] GC(308) Survivor regions: 5->5(39)
[2025-03-18T14:47:39.874+0100][3579.755s][info][gc,heap     ] GC(308) Old regions: 50->50
[2025-03-18T14:47:39.874+0100][3579.755s][info][gc,heap     ] GC(308) Humongous regions: 1->1
[2025-03-18T14:47:39.875+0100][3579.755s][info][gc,metaspace] GC(308) Metaspace: 28109K(28544K)->28109K(28544K) NonClass: 24476K(24704K)->24476K(24704K) Class: 3632K(3840K)->3632K(3840K)
[2025-03-18T14:47:39.875+0100][3579.755s][info][gc          ] GC(308) Pause Young (Normal) (G1 Evacuation Pause) 1427M->221M(2048M) 10.347ms
[2025-03-18T14:47:39.875+0100][3579.755s][info][gc,cpu      ] GC(308) User=0.08s Sys=0.00s Real=0.01s
[2025-03-18T14:47:57.350+0100][3597.231s][info][gc,start    ] GC(309) Pause Young (Normal) (G1 Evacuation Pause)
[2025-03-18T14:47:57.350+0100][3597.231s][info][gc,task     ] GC(309) Using 9 workers of 9 for evacuation
[2025-03-18T14:47:57.362+0100][3597.242s][info][gc,phases   ] GC(309)   Pre Evacuate Collection Set: 0.6ms
[2025-03-18T14:47:57.362+0100][3597.242s][info][gc,phases   ] GC(309)   Merge Heap Roots: 0.2ms
[2025-03-18T14:47:57.362+0100][3597.243s][info][gc,phases   ] GC(309)   Evacuate Collection Set: 9.8ms
[2025-03-18T14:47:57.362+0100][3597.243s][info][gc,phases   ] GC(309)   Post Evacuate Collection Set: 0.7ms
[2025-03-18T14:47:57.362+0100][3597.243s][info][gc,phases   ] GC(309)   Other: 0.2ms
[2025-03-18T14:47:57.362+0100][3597.243s][info][gc,heap     ] GC(309) Eden regions: 302->0(303)
[2025-03-18T14:47:57.362+0100][3597.243s][info][gc,heap     ] GC(309) Survivor regions: 5->4(39)
[2025-03-18T14:47:57.362+0100][3597.243s][info][gc,heap     ] GC(309) Old regions: 50->50
[2025-03-18T14:47:57.362+0100][3597.243s][info][gc,heap     ] GC(309) Humongous regions: 1->1
[2025-03-18T14:47:57.362+0100][3597.243s][info][gc,metaspace] GC(309) Metaspace: 28109K(28544K)->28109K(28544K) NonClass: 24476K(24704K)->24476K(24704K) Class: 3632K(3840K)->3632K(3840K)
[2025-03-18T14:47:57.362+0100][3597.243s][info][gc          ] GC(309) Pause Young (Normal) (G1 Evacuation Pause) 1429M->218M(2048M) 11.981ms
[2025-03-18T14:47:57.362+0100][3597.243s][info][gc,cpu      ] GC(309) User=0.08s Sys=0.01s Real=0.01s
[2025-03-18T14:48:13.568+0100][3613.449s][info][gc,start    ] GC(310) Pause Young (Normal) (G1 Evacuation Pause)
[2025-03-18T14:48:13.569+0100][3613.450s][info][gc,task     ] GC(310) Using 9 workers of 9 for evacuation
[2025-03-18T14:48:13.574+0100][3613.455s][info][gc,phases   ] GC(310)   Pre Evacuate Collection Set: 0.1ms
[2025-03-18T14:48:13.574+0100][3613.455s][info][gc,phases   ] GC(310)   Merge Heap Roots: 0.1ms
[2025-03-18T14:48:13.574+0100][3613.455s][info][gc,phases   ] GC(310)   Evacuate Collection Set: 3.8ms
[2025-03-18T14:48:13.574+0100][3613.455s][info][gc,phases   ] GC(310)   Post Evacuate Collection Set: 0.5ms
[2025-03-18T14:48:13.574+0100][3613.455s][info][gc,phases   ] GC(310)   Other: 0.1ms
[2025-03-18T14:48:13.574+0100][3613.455s][info][gc,heap     ] GC(310) Eden regions: 303->0(301)
[2025-03-18T14:48:13.574+0100][3613.455s][info][gc,heap     ] GC(310) Survivor regions: 4->6(39)
[2025-03-18T14:48:13.574+0100][3613.455s][info][gc,heap     ] GC(310) Old regions: 50->50
[2025-03-18T14:48:13.574+0100][3613.455s][info][gc,heap     ] GC(310) Humongous regions: 1->1
[2025-03-18T14:48:13.574+0100][3613.455s][info][gc,metaspace] GC(310) Metaspace: 28109K(28544K)->28109K(28544K) NonClass: 24476K(24704K)->24476K(24704K) Class: 3632K(3840K)->3632K(3840K)
[2025-03-18T14:48:13.574+0100][3613.455s][info][gc          ] GC(310) Pause Young (Normal) (G1 Evacuation Pause) 1430M->224M(2048M) 5.613ms
[2025-03-18T14:48:13.574+0100][3613.455s][info][gc,cpu      ] GC(310) User=0.03s Sys=0.01s Real=0.01s
[2025-03-18T14:48:26.867+0100][3626.748s][info][gc,start    ] GC(311) Pause Young (Normal) (G1 Evacuation Pause)
[2025-03-18T14:48:26.867+0100][3626.748s][info][gc,task     ] GC(311) Using 9 workers of 9 for evacuation
[2025-03-18T14:48:26.875+0100][3626.756s][info][gc,phases   ] GC(311)   Pre Evacuate Collection Set: 0.2ms
[2025-03-18T14:48:26.875+0100][3626.756s][info][gc,phases   ] GC(311)   Merge Heap Roots: 0.1ms
[2025-03-18T14:48:26.875+0100][3626.756s][info][gc,phases   ] GC(311)   Evacuate Collection Set: 7.4ms
[2025-03-18T14:48:26.875+0100][3626.756s][info][gc,phases   ] GC(311)   Post Evacuate Collection Set: 0.6ms
[2025-03-18T14:48:26.875+0100][3626.756s][info][gc,phases   ] GC(311)   Other: 0.1ms
[2025-03-18T14:48:26.875+0100][3626.756s][info][gc,heap     ] GC(311) Eden regions: 301->0(302)
[2025-03-18T14:48:26.875+0100][3626.756s][info][gc,heap     ] GC(311) Survivor regions: 6->5(39)
[2025-03-18T14:48:26.875+0100][3626.756s][info][gc,heap     ] GC(311) Old regions: 50->50
[2025-03-18T14:48:26.875+0100][3626.756s][info][gc,heap     ] GC(311) Humongous regions: 1->1
[2025-03-18T14:48:26.875+0100][3626.756s][info][gc,metaspace] GC(311) Metaspace: 28109K(28544K)->28109K(28544K) NonClass: 24476K(24704K)->24476K(24704K) Class: 3632K(3840K)->3632K(3840K)
[2025-03-18T14:48:26.875+0100][3626.756s][info][gc          ] GC(311) Pause Young (Normal) (G1 Evacuation Pause) 1428M->221M(2048M) 8.763ms
[2025-03-18T14:48:26.875+0100][3626.756s][info][gc,cpu      ] GC(311) User=0.06s Sys=0.00s Real=0.01s
[2025-03-18T14:48:31.160+0100][3631.041s][info][gc,start    ] GC(312) Pause Young (Normal) (G1 Evacuation Pause)
[2025-03-18T14:48:31.160+0100][3631.041s][info][gc,task     ] GC(312) Using 9 workers of 9 for evacuation
[2025-03-18T14:48:31.165+0100][3631.046s][info][gc,phases   ] GC(312)   Pre Evacuate Collection Set: 0.1ms
[2025-03-18T14:48:31.165+0100][3631.046s][info][gc,phases   ] GC(312)   Merge Heap Roots: 0.1ms
[2025-03-18T14:48:31.165+0100][3631.046s][info][gc,phases   ] GC(312)   Evacuate Collection Set: 3.9ms
[2025-03-18T14:48:31.165+0100][3631.046s][info][gc,phases   ] GC(312)   Post Evacuate Collection Set: 0.4ms
[2025-03-18T14:48:31.165+0100][3631.046s][info][gc,phases   ] GC(312)   Other: 0.1ms
[2025-03-18T14:48:31.165+0100][3631.046s][info][gc,heap     ] GC(312) Eden regions: 302->0(302)
[2025-03-18T14:48:31.165+0100][3631.046s][info][gc,heap     ] GC(312) Survivor regions: 5->5(39)
[2025-03-18T14:48:31.165+0100][3631.046s][info][gc,heap     ] GC(312) Old regions: 50->50
[2025-03-18T14:48:31.165+0100][3631.046s][info][gc,heap     ] GC(312) Humongous regions: 1->1
[2025-03-18T14:48:31.165+0100][3631.046s][info][gc,metaspace] GC(312) Metaspace: 28109K(28544K)->28109K(28544K) NonClass: 24476K(24704K)->24476K(24704K) Class: 3632K(3840K)->3632K(3840K)
[2025-03-18T14:48:31.165+0100][3631.046s][info][gc          ] GC(312) Pause Young (Normal) (G1 Evacuation Pause) 1429M->223M(2048M) 4.725ms
[2025-03-18T14:48:31.165+0100][3631.046s][info][gc,cpu      ] GC(312) User=0.03s Sys=0.00s Real=0.00s
[2025-03-18T14:48:35.012+0100][3634.893s][info][gc,start    ] GC(313) Pause Young (Normal) (G1 Evacuation Pause)
[2025-03-18T14:48:35.012+0100][3634.893s][info][gc,task     ] GC(313) Using 9 workers of 9 for evacuation
[2025-03-18T14:48:35.018+0100][3634.899s][info][gc,phases   ] GC(313)   Pre Evacuate Collection Set: 0.2ms
[2025-03-18T14:48:35.018+0100][3634.899s][info][gc,phases   ] GC(313)   Merge Heap Roots: 0.1ms
[2025-03-18T14:48:35.018+0100][3634.899s][info][gc,phases   ] GC(313)   Evacuate Collection Set: 4.7ms
[2025-03-18T14:48:35.018+0100][3634.899s][info][gc,phases   ] GC(313)   Post Evacuate Collection Set: 0.4ms
[2025-03-18T14:48:35.018+0100][3634.899s][info][gc,phases   ] GC(313)   Other: 0.1ms
[2025-03-18T14:48:35.018+0100][3634.899s][info][gc,heap     ] GC(313) Eden regions: 302->0(302)
[2025-03-18T14:48:35.018+0100][3634.899s][info][gc,heap     ] GC(313) Survivor regions: 5->5(39)
[2025-03-18T14:48:35.018+0100][3634.899s][info][gc,heap     ] GC(313) Old regions: 50->50
[2025-03-18T14:48:35.018+0100][3634.899s][info][gc,heap     ] GC(313) Humongous regions: 1->1
[2025-03-18T14:48:35.018+0100][3634.899s][info][gc,metaspace] GC(313) Metaspace: 28109K(28544K)->28109K(28544K) NonClass: 24476K(24704K)->24476K(24704K) Class: 3632K(3840K)->3632K(3840K)
[2025-03-18T14:48:35.018+0100][3634.899s][info][gc          ] GC(313) Pause Young (Normal) (G1 Evacuation Pause) 1431M->221M(2048M) 5.639ms
[2025-03-18T14:48:35.018+0100][3634.899s][info][gc,cpu      ] GC(313) User=0.04s Sys=0.00s Real=0.00s
[2025-03-18T14:48:45.855+0100][3645.736s][info][gc,start    ] GC(314) Pause Young (Normal) (G1 Evacuation Pause)
[2025-03-18T14:48:45.855+0100][3645.736s][info][gc,task     ] GC(314) Using 9 workers of 9 for evacuation
[2025-03-18T14:48:45.865+0100][3645.746s][info][gc,phases   ] GC(314)   Pre Evacuate Collection Set: 0.2ms
[2025-03-18T14:48:45.865+0100][3645.746s][info][gc,phases   ] GC(314)   Merge Heap Roots: 0.2ms
[2025-03-18T14:48:45.865+0100][3645.746s][info][gc,phases   ] GC(314)   Evacuate Collection Set: 9.2ms
[2025-03-18T14:48:45.865+0100][3645.746s][info][gc,phases   ] GC(314)   Post Evacuate Collection Set: 0.7ms
[2025-03-18T14:48:45.866+0100][3645.746s][info][gc,phases   ] GC(314)   Other: 0.1ms
[2025-03-18T14:48:45.866+0100][3645.746s][info][gc,heap     ] GC(314) Eden regions: 302->0(302)
[2025-03-18T14:48:45.866+0100][3645.746s][info][gc,heap     ] GC(314) Survivor regions: 5->5(39)
[2025-03-18T14:48:45.866+0100][3645.746s][info][gc,heap     ] GC(314) Old regions: 50->51
[2025-03-18T14:48:45.866+0100][3645.746s][info][gc,heap     ] GC(314) Humongous regions: 1->1
[2025-03-18T14:48:45.866+0100][3645.746s][info][gc,metaspace] GC(314) Metaspace: 28109K(28544K)->28109K(28544K) NonClass: 24476K(24704K)->24476K(24704K) Class: 3632K(3840K)->3632K(3840K)
[2025-03-18T14:48:45.866+0100][3645.746s][info][gc          ] GC(314) Pause Young (Normal) (G1 Evacuation Pause) 1429M->223M(2048M) 10.650ms
[2025-03-18T14:48:45.866+0100][3645.747s][info][gc,cpu      ] GC(314) User=0.08s Sys=0.00s Real=0.01s
[2025-03-18T14:49:03.342+0100][3663.242s][info][gc,start    ] GC(315) Pause Young (Normal) (G1 Evacuation Pause)
[2025-03-18T14:49:03.342+0100][3663.243s][info][gc,task     ] GC(315) Using 9 workers of 9 for evacuation
[2025-03-18T14:49:03.360+0100][3663.260s][info][gc,phases   ] GC(315)   Pre Evacuate Collection Set: 0.8ms
[2025-03-18T14:49:03.360+0100][3663.260s][info][gc,phases   ] GC(315)   Merge Heap Roots: 0.1ms
[2025-03-18T14:49:03.360+0100][3663.260s][info][gc,phases   ] GC(315)   Evacuate Collection Set: 15.7ms
[2025-03-18T14:49:03.360+0100][3663.260s][info][gc,phases   ] GC(315)   Post Evacuate Collection Set: 0.8ms
[2025-03-18T14:49:03.360+0100][3663.260s][info][gc,phases   ] GC(315)   Other: 0.2ms
[2025-03-18T14:49:03.360+0100][3663.260s][info][gc,heap     ] GC(315) Eden regions: 302->0(302)
[2025-03-18T14:49:03.360+0100][3663.260s][info][gc,heap     ] GC(315) Survivor regions: 5->5(39)
[2025-03-18T14:49:03.360+0100][3663.260s][info][gc,heap     ] GC(315) Old regions: 51->51
[2025-03-18T14:49:03.360+0100][3663.260s][info][gc,heap     ] GC(315) Humongous regions: 1->1
[2025-03-18T14:49:03.360+0100][3663.260s][info][gc,metaspace] GC(315) Metaspace: 28109K(28544K)->28109K(28544K) NonClass: 24476K(24704K)->24476K(24704K) Class: 3632K(3840K)->3632K(3840K)
[2025-03-18T14:49:03.360+0100][3663.260s][info][gc          ] GC(315) Pause Young (Normal) (G1 Evacuation Pause) 1431M->220M(2048M) 18.246ms
[2025-03-18T14:49:03.360+0100][3663.260s][info][gc,cpu      ] GC(315) User=0.08s Sys=0.00s Real=0.02s
[2025-03-18T14:49:20.385+0100][3680.293s][info][gc,start    ] GC(316) Pause Young (Normal) (G1 Evacuation Pause)
[2025-03-18T14:49:20.387+0100][3680.294s][info][gc,task     ] GC(316) Using 9 workers of 9 for evacuation
[2025-03-18T14:49:20.394+0100][3680.302s][info][gc,phases   ] GC(316)   Pre Evacuate Collection Set: 0.3ms
[2025-03-18T14:49:20.394+0100][3680.302s][info][gc,phases   ] GC(316)   Merge Heap Roots: 0.1ms
[2025-03-18T14:49:20.394+0100][3680.302s][info][gc,phases   ] GC(316)   Evacuate Collection Set: 6.4ms
[2025-03-18T14:49:20.394+0100][3680.302s][info][gc,phases   ] GC(316)   Post Evacuate Collection Set: 0.5ms
[2025-03-18T14:49:20.394+0100][3680.302s][info][gc,phases   ] GC(316)   Other: 0.1ms
[2025-03-18T14:49:20.394+0100][3680.302s][info][gc,heap     ] GC(316) Eden regions: 302->0(301)
[2025-03-18T14:49:20.394+0100][3680.302s][info][gc,heap     ] GC(316) Survivor regions: 5->6(39)
[2025-03-18T14:49:20.394+0100][3680.302s][info][gc,heap     ] GC(316) Old regions: 51->51
[2025-03-18T14:49:20.394+0100][3680.302s][info][gc,heap     ] GC(316) Humongous regions: 1->1
[2025-03-18T14:49:20.394+0100][3680.302s][info][gc,metaspace] GC(316) Metaspace: 28109K(28544K)->28109K(28544K) NonClass: 24476K(24704K)->24476K(24704K) Class: 3632K(3840K)->3632K(3840K)
[2025-03-18T14:49:20.394+0100][3680.302s][info][gc          ] GC(316) Pause Young (Normal) (G1 Evacuation Pause) 1428M->226M(2048M) 9.009ms
[2025-03-18T14:49:20.394+0100][3680.302s][info][gc,cpu      ] GC(316) User=0.05s Sys=0.01s Real=0.01s
[2025-03-18T14:49:32.848+0100][3692.758s][info][gc,start    ] GC(317) Pause Young (Normal) (G1 Evacuation Pause)
[2025-03-18T14:49:32.849+0100][3692.758s][info][gc,task     ] GC(317) Using 9 workers of 9 for evacuation
[2025-03-18T14:49:32.863+0100][3692.772s][info][gc,phases   ] GC(317)   Pre Evacuate Collection Set: 0.4ms
[2025-03-18T14:49:32.863+0100][3692.772s][info][gc,phases   ] GC(317)   Merge Heap Roots: 0.1ms
[2025-03-18T14:49:32.863+0100][3692.772s][info][gc,phases   ] GC(317)   Evacuate Collection Set: 12.7ms
[2025-03-18T14:49:32.863+0100][3692.772s][info][gc,phases   ] GC(317)   Post Evacuate Collection Set: 0.7ms
[2025-03-18T14:49:32.863+0100][3692.772s][info][gc,phases   ] GC(317)   Other: 0.2ms
[2025-03-18T14:49:32.863+0100][3692.772s][info][gc,heap     ] GC(317) Eden regions: 301->0(302)
[2025-03-18T14:49:32.863+0100][3692.772s][info][gc,heap     ] GC(317) Survivor regions: 6->5(39)
[2025-03-18T14:49:32.863+0100][3692.772s][info][gc,heap     ] GC(317) Old regions: 51->51
[2025-03-18T14:49:32.863+0100][3692.772s][info][gc,heap     ] GC(317) Humongous regions: 1->1
[2025-03-18T14:49:32.863+0100][3692.772s][info][gc,metaspace] GC(317) Metaspace: 28109K(28544K)->28109K(28544K) NonClass: 24476K(24704K)->24476K(24704K) Class: 3632K(3840K)->3632K(3840K)
[2025-03-18T14:49:32.863+0100][3692.773s][info][gc          ] GC(317) Pause Young (Normal) (G1 Evacuation Pause) 1430M->221M(2048M) 14.701ms
[2025-03-18T14:49:32.863+0100][3692.773s][info][gc,cpu      ] GC(317) User=0.08s Sys=0.01s Real=0.02s
[2025-03-18T14:49:42.368+0100][3702.278s][info][gc,start    ] GC(318) Pause Young (Normal) (G1 Evacuation Pause)
[2025-03-18T14:49:42.368+0100][3702.278s][info][gc,task     ] GC(318) Using 9 workers of 9 for evacuation
[2025-03-18T14:49:42.377+0100][3702.287s][info][gc,phases   ] GC(318)   Pre Evacuate Collection Set: 0.2ms
[2025-03-18T14:49:42.377+0100][3702.287s][info][gc,phases   ] GC(318)   Merge Heap Roots: 0.2ms
[2025-03-18T14:49:42.377+0100][3702.287s][info][gc,phases   ] GC(318)   Evacuate Collection Set: 7.6ms
[2025-03-18T14:49:42.377+0100][3702.287s][info][gc,phases   ] GC(318)   Post Evacuate Collection Set: 0.6ms
[2025-03-18T14:49:42.377+0100][3702.287s][info][gc,phases   ] GC(318)   Other: 0.1ms
[2025-03-18T14:49:42.377+0100][3702.287s][info][gc,heap     ] GC(318) Eden regions: 302->0(302)
[2025-03-18T14:49:42.377+0100][3702.287s][info][gc,heap     ] GC(318) Survivor regions: 5->5(39)
[2025-03-18T14:49:42.377+0100][3702.287s][info][gc,heap     ] GC(318) Old regions: 51->51
[2025-03-18T14:49:42.377+0100][3702.287s][info][gc,heap     ] GC(318) Humongous regions: 1->1
[2025-03-18T14:49:42.377+0100][3702.287s][info][gc,metaspace] GC(318) Metaspace: 28109K(28544K)->28109K(28544K) NonClass: 24476K(24704K)->24476K(24704K) Class: 3632K(3840K)->3632K(3840K)
[2025-03-18T14:49:42.377+0100][3702.287s][info][gc          ] GC(318) Pause Young (Normal) (G1 Evacuation Pause) 1429M->224M(2048M) 9.058ms
[2025-03-18T14:49:42.377+0100][3702.287s][info][gc,cpu      ] GC(318) User=0.07s Sys=0.00s Real=0.01s
[2025-03-18T14:49:57.875+0100][3717.786s][info][gc,start    ] GC(319) Pause Young (Normal) (G1 Evacuation Pause)
[2025-03-18T14:49:57.875+0100][3717.786s][info][gc,task     ] GC(319) Using 9 workers of 9 for evacuation
[2025-03-18T14:49:57.882+0100][3717.793s][info][gc,phases   ] GC(319)   Pre Evacuate Collection Set: 0.2ms
[2025-03-18T14:49:57.882+0100][3717.793s][info][gc,phases   ] GC(319)   Merge Heap Roots: 0.1ms
[2025-03-18T14:49:57.882+0100][3717.793s][info][gc,phases   ] GC(319)   Evacuate Collection Set: 6.5ms
[2025-03-18T14:49:57.882+0100][3717.793s][info][gc,phases   ] GC(319)   Post Evacuate Collection Set: 0.5ms
[2025-03-18T14:49:57.882+0100][3717.793s][info][gc,phases   ] GC(319)   Other: 0.1ms
[2025-03-18T14:49:57.882+0100][3717.793s][info][gc,heap     ] GC(319) Eden regions: 302->0(302)
[2025-03-18T14:49:57.882+0100][3717.793s][info][gc,heap     ] GC(319) Survivor regions: 5->5(39)
[2025-03-18T14:49:57.882+0100][3717.793s][info][gc,heap     ] GC(319) Old regions: 51->52
[2025-03-18T14:49:57.882+0100][3717.793s][info][gc,heap     ] GC(319) Humongous regions: 1->1
[2025-03-18T14:49:57.882+0100][3717.793s][info][gc,metaspace] GC(319) Metaspace: 28109K(28544K)->28109K(28544K) NonClass: 24476K(24704K)->24476K(24704K) Class: 3632K(3840K)->3632K(3840K)
[2025-03-18T14:49:57.882+0100][3717.793s][info][gc          ] GC(319) Pause Young (Normal) (G1 Evacuation Pause) 1432M->228M(2048M) 7.530ms
[2025-03-18T14:49:57.882+0100][3717.793s][info][gc,cpu      ] GC(319) User=0.05s Sys=0.00s Real=0.01s
[2025-03-18T14:50:10.336+0100][3730.247s][info][gc,start    ] GC(320) Pause Young (Normal) (G1 Evacuation Pause)
[2025-03-18T14:50:10.336+0100][3730.248s][info][gc,task     ] GC(320) Using 9 workers of 9 for evacuation
[2025-03-18T14:50:10.356+0100][3730.268s][info][gc,phases   ] GC(320)   Pre Evacuate Collection Set: 1.3ms
[2025-03-18T14:50:10.356+0100][3730.268s][info][gc,phases   ] GC(320)   Merge Heap Roots: 0.2ms
[2025-03-18T14:50:10.356+0100][3730.268s][info][gc,phases   ] GC(320)   Evacuate Collection Set: 17.8ms
[2025-03-18T14:50:10.356+0100][3730.268s][info][gc,phases   ] GC(320)   Post Evacuate Collection Set: 0.5ms
[2025-03-18T14:50:10.356+0100][3730.268s][info][gc,phases   ] GC(320)   Other: 0.1ms
[2025-03-18T14:50:10.356+0100][3730.268s][info][gc,heap     ] GC(320) Eden regions: 302->0(303)
[2025-03-18T14:50:10.356+0100][3730.268s][info][gc,heap     ] GC(320) Survivor regions: 5->4(39)
[2025-03-18T14:50:10.356+0100][3730.268s][info][gc,heap     ] GC(320) Old regions: 52->52
[2025-03-18T14:50:10.356+0100][3730.268s][info][gc,heap     ] GC(320) Humongous regions: 1->1
[2025-03-18T14:50:10.356+0100][3730.268s][info][gc,metaspace] GC(320) Metaspace: 28109K(28544K)->28109K(28544K) NonClass: 24476K(24704K)->24476K(24704K) Class: 3632K(3840K)->3632K(3840K)
[2025-03-18T14:50:10.356+0100][3730.268s][info][gc          ] GC(320) Pause Young (Normal) (G1 Evacuation Pause) 1436M->223M(2048M) 20.574ms
[2025-03-18T14:50:10.356+0100][3730.268s][info][gc,cpu      ] GC(320) User=0.04s Sys=0.00s Real=0.02s
[2025-03-18T14:50:27.848+0100][3747.759s][info][gc,start    ] GC(321) Pause Young (Normal) (G1 Evacuation Pause)
[2025-03-18T14:50:27.848+0100][3747.759s][info][gc,task     ] GC(321) Using 9 workers of 9 for evacuation
[2025-03-18T14:50:27.862+0100][3747.774s][info][gc,phases   ] GC(321)   Pre Evacuate Collection Set: 0.3ms
[2025-03-18T14:50:27.862+0100][3747.774s][info][gc,phases   ] GC(321)   Merge Heap Roots: 0.1ms
[2025-03-18T14:50:27.862+0100][3747.774s][info][gc,phases   ] GC(321)   Evacuate Collection Set: 13.1ms
[2025-03-18T14:50:27.862+0100][3747.774s][info][gc,phases   ] GC(321)   Post Evacuate Collection Set: 0.5ms
[2025-03-18T14:50:27.862+0100][3747.774s][info][gc,phases   ] GC(321)   Other: 0.1ms
[2025-03-18T14:50:27.862+0100][3747.774s][info][gc,heap     ] GC(321) Eden regions: 303->0(303)
[2025-03-18T14:50:27.862+0100][3747.774s][info][gc,heap     ] GC(321) Survivor regions: 4->4(39)
[2025-03-18T14:50:27.862+0100][3747.774s][info][gc,heap     ] GC(321) Old regions: 52->52
[2025-03-18T14:50:27.862+0100][3747.774s][info][gc,heap     ] GC(321) Humongous regions: 1->1
[2025-03-18T14:50:27.862+0100][3747.774s][info][gc,metaspace] GC(321) Metaspace: 28109K(28544K)->28109K(28544K) NonClass: 24476K(24704K)->24476K(24704K) Class: 3632K(3840K)->3632K(3840K)
[2025-03-18T14:50:27.862+0100][3747.774s][info][gc          ] GC(321) Pause Young (Normal) (G1 Evacuation Pause) 1435M->223M(2048M) 14.540ms
[2025-03-18T14:50:27.862+0100][3747.774s][info][gc,cpu      ] GC(321) User=0.05s Sys=0.00s Real=0.02s
[2025-03-18T14:50:45.344+0100][3765.256s][info][gc,start    ] GC(322) Pause Young (Normal) (G1 Evacuation Pause)
[2025-03-18T14:50:45.344+0100][3765.256s][info][gc,task     ] GC(322) Using 9 workers of 9 for evacuation
[2025-03-18T14:50:45.363+0100][3765.274s][info][gc,phases   ] GC(322)   Pre Evacuate Collection Set: 0.5ms
[2025-03-18T14:50:45.363+0100][3765.274s][info][gc,phases   ] GC(322)   Merge Heap Roots: 0.2ms
[2025-03-18T14:50:45.363+0100][3765.274s][info][gc,phases   ] GC(322)   Evacuate Collection Set: 16.6ms
[2025-03-18T14:50:45.363+0100][3765.274s][info][gc,phases   ] GC(322)   Post Evacuate Collection Set: 0.7ms
[2025-03-18T14:50:45.363+0100][3765.274s][info][gc,phases   ] GC(322)   Other: 0.2ms
[2025-03-18T14:50:45.363+0100][3765.274s][info][gc,heap     ] GC(322) Eden regions: 303->0(303)
[2025-03-18T14:50:45.363+0100][3765.274s][info][gc,heap     ] GC(322) Survivor regions: 4->4(39)
[2025-03-18T14:50:45.363+0100][3765.274s][info][gc,heap     ] GC(322) Old regions: 52->52
[2025-03-18T14:50:45.363+0100][3765.274s][info][gc,heap     ] GC(322) Humongous regions: 1->1
[2025-03-18T14:50:45.363+0100][3765.274s][info][gc,metaspace] GC(322) Metaspace: 28109K(28544K)->28109K(28544K) NonClass: 24476K(24704K)->24476K(24704K) Class: 3632K(3840K)->3632K(3840K)
[2025-03-18T14:50:45.363+0100][3765.274s][info][gc          ] GC(322) Pause Young (Normal) (G1 Evacuation Pause) 1435M->222M(2048M) 18.773ms
[2025-03-18T14:50:45.363+0100][3765.274s][info][gc,cpu      ] GC(322) User=0.06s Sys=0.00s Real=0.02s
[2025-03-18T14:51:02.836+0100][3782.748s][info][gc,start    ] GC(323) Pause Young (Normal) (G1 Evacuation Pause)
[2025-03-18T14:51:02.837+0100][3782.749s][info][gc,task     ] GC(323) Using 9 workers of 9 for evacuation
[2025-03-18T14:51:02.855+0100][3782.766s][info][gc,phases   ] GC(323)   Pre Evacuate Collection Set: 0.2ms
[2025-03-18T14:51:02.855+0100][3782.766s][info][gc,phases   ] GC(323)   Merge Heap Roots: 0.1ms
[2025-03-18T14:51:02.855+0100][3782.766s][info][gc,phases   ] GC(323)   Evacuate Collection Set: 16.9ms
[2025-03-18T14:51:02.855+0100][3782.766s][info][gc,phases   ] GC(323)   Post Evacuate Collection Set: 0.4ms
[2025-03-18T14:51:02.855+0100][3782.766s][info][gc,phases   ] GC(323)   Other: 0.1ms
[2025-03-18T14:51:02.855+0100][3782.766s][info][gc,heap     ] GC(323) Eden regions: 303->0(303)
[2025-03-18T14:51:02.855+0100][3782.766s][info][gc,heap     ] GC(323) Survivor regions: 4->4(39)
[2025-03-18T14:51:02.855+0100][3782.766s][info][gc,heap     ] GC(323) Old regions: 52->52
[2025-03-18T14:51:02.855+0100][3782.766s][info][gc,heap     ] GC(323) Humongous regions: 1->1
[2025-03-18T14:51:02.855+0100][3782.766s][info][gc,metaspace] GC(323) Metaspace: 28109K(28544K)->28109K(28544K) NonClass: 24476K(24704K)->24476K(24704K) Class: 3632K(3840K)->3632K(3840K)
[2025-03-18T14:51:02.855+0100][3782.767s][info][gc          ] GC(323) Pause Young (Normal) (G1 Evacuation Pause) 1434M->223M(2048M) 18.987ms
[2025-03-18T14:51:02.855+0100][3782.767s][info][gc,cpu      ] GC(323) User=0.03s Sys=0.00s Real=0.02s
[2025-03-18T14:51:19.883+0100][3799.795s][info][gc,start    ] GC(324) Pause Young (Normal) (G1 Evacuation Pause)
[2025-03-18T14:51:19.884+0100][3799.796s][info][gc,task     ] GC(324) Using 9 workers of 9 for evacuation
[2025-03-18T14:51:19.889+0100][3799.801s][info][gc,phases   ] GC(324)   Pre Evacuate Collection Set: 0.1ms
[2025-03-18T14:51:19.889+0100][3799.801s][info][gc,phases   ] GC(324)   Merge Heap Roots: 0.1ms
[2025-03-18T14:51:19.889+0100][3799.801s][info][gc,phases   ] GC(324)   Evacuate Collection Set: 5.0ms
[2025-03-18T14:51:19.889+0100][3799.801s][info][gc,phases   ] GC(324)   Post Evacuate Collection Set: 0.4ms
[2025-03-18T14:51:19.889+0100][3799.801s][info][gc,phases   ] GC(324)   Other: 0.1ms
[2025-03-18T14:51:19.889+0100][3799.801s][info][gc,heap     ] GC(324) Eden regions: 303->0(302)
[2025-03-18T14:51:19.889+0100][3799.801s][info][gc,heap     ] GC(324) Survivor regions: 4->5(39)
[2025-03-18T14:51:19.889+0100][3799.801s][info][gc,heap     ] GC(324) Old regions: 52->52
[2025-03-18T14:51:19.889+0100][3799.801s][info][gc,heap     ] GC(324) Humongous regions: 1->1
[2025-03-18T14:51:19.889+0100][3799.801s][info][gc,metaspace] GC(324) Metaspace: 28109K(28544K)->28109K(28544K) NonClass: 24476K(24704K)->24476K(24704K) Class: 3632K(3840K)->3632K(3840K)
[2025-03-18T14:51:19.889+0100][3799.801s][info][gc          ] GC(324) Pause Young (Normal) (G1 Evacuation Pause) 1435M->228M(2048M) 6.731ms
[2025-03-18T14:51:19.889+0100][3799.801s][info][gc,cpu      ] GC(324) User=0.04s Sys=0.01s Real=0.00s
[2025-03-18T14:51:37.836+0100][3817.748s][info][gc,start    ] GC(325) Pause Young (Normal) (G1 Evacuation Pause)
[2025-03-18T14:51:37.837+0100][3817.749s][info][gc,task     ] GC(325) Using 9 workers of 9 for evacuation
[2025-03-18T14:51:37.852+0100][3817.764s][info][gc,phases   ] GC(325)   Pre Evacuate Collection Set: 0.2ms
[2025-03-18T14:51:37.852+0100][3817.764s][info][gc,phases   ] GC(325)   Merge Heap Roots: 0.1ms
[2025-03-18T14:51:37.852+0100][3817.764s][info][gc,phases   ] GC(325)   Evacuate Collection Set: 14.1ms
[2025-03-18T14:51:37.852+0100][3817.764s][info][gc,phases   ] GC(325)   Post Evacuate Collection Set: 0.3ms
[2025-03-18T14:51:37.852+0100][3817.764s][info][gc,phases   ] GC(325)   Other: 0.1ms
[2025-03-18T14:51:37.852+0100][3817.764s][info][gc,heap     ] GC(325) Eden regions: 302->0(303)
[2025-03-18T14:51:37.852+0100][3817.764s][info][gc,heap     ] GC(325) Survivor regions: 5->4(39)
[2025-03-18T14:51:37.852+0100][3817.764s][info][gc,heap     ] GC(325) Old regions: 52->52
[2025-03-18T14:51:37.852+0100][3817.764s][info][gc,heap     ] GC(325) Humongous regions: 1->1
[2025-03-18T14:51:37.852+0100][3817.764s][info][gc,metaspace] GC(325) Metaspace: 28109K(28544K)->28109K(28544K) NonClass: 24476K(24704K)->24476K(24704K) Class: 3632K(3840K)->3632K(3840K)
[2025-03-18T14:51:37.852+0100][3817.764s][info][gc          ] GC(325) Pause Young (Normal) (G1 Evacuation Pause) 1436M->223M(2048M) 16.046ms
[2025-03-18T14:51:37.852+0100][3817.764s][info][gc,cpu      ] GC(325) User=0.03s Sys=0.00s Real=0.02s
[2025-03-18T14:51:54.875+0100][3834.787s][info][gc,start    ] GC(326) Pause Young (Normal) (G1 Evacuation Pause)
[2025-03-18T14:51:54.876+0100][3834.788s][info][gc,task     ] GC(326) Using 9 workers of 9 for evacuation
[2025-03-18T14:51:54.881+0100][3834.793s][info][gc,phases   ] GC(326)   Pre Evacuate Collection Set: 0.1ms
[2025-03-18T14:51:54.881+0100][3834.794s][info][gc,phases   ] GC(326)   Merge Heap Roots: 0.1ms
[2025-03-18T14:51:54.881+0100][3834.794s][info][gc,phases   ] GC(326)   Evacuate Collection Set: 4.5ms
[2025-03-18T14:51:54.881+0100][3834.794s][info][gc,phases   ] GC(326)   Post Evacuate Collection Set: 0.5ms
[2025-03-18T14:51:54.881+0100][3834.794s][info][gc,phases   ] GC(326)   Other: 0.1ms
[2025-03-18T14:51:54.881+0100][3834.794s][info][gc,heap     ] GC(326) Eden regions: 303->0(302)
[2025-03-18T14:51:54.881+0100][3834.794s][info][gc,heap     ] GC(326) Survivor regions: 4->5(39)
[2025-03-18T14:51:54.881+0100][3834.794s][info][gc,heap     ] GC(326) Old regions: 52->52
[2025-03-18T14:51:54.881+0100][3834.794s][info][gc,heap     ] GC(326) Humongous regions: 1->1
[2025-03-18T14:51:54.881+0100][3834.794s][info][gc,metaspace] GC(326) Metaspace: 28109K(28544K)->28109K(28544K) NonClass: 24476K(24704K)->24476K(24704K) Class: 3632K(3840K)->3632K(3840K)
[2025-03-18T14:51:54.881+0100][3834.794s][info][gc          ] GC(326) Pause Young (Normal) (G1 Evacuation Pause) 1435M->228M(2048M) 6.360ms
[2025-03-18T14:51:54.881+0100][3834.794s][info][gc,cpu      ] GC(326) User=0.04s Sys=0.01s Real=0.01s
[2025-03-18T14:52:12.377+0100][3852.289s][info][gc,start    ] GC(327) Pause Young (Normal) (G1 Evacuation Pause)
[2025-03-18T14:52:12.378+0100][3852.291s][info][gc,task     ] GC(327) Using 9 workers of 9 for evacuation
[2025-03-18T14:52:12.385+0100][3852.297s][info][gc,phases   ] GC(327)   Pre Evacuate Collection Set: 0.2ms
[2025-03-18T14:52:12.385+0100][3852.297s][info][gc,phases   ] GC(327)   Merge Heap Roots: 0.1ms
[2025-03-18T14:52:12.385+0100][3852.297s][info][gc,phases   ] GC(327)   Evacuate Collection Set: 5.3ms
[2025-03-18T14:52:12.385+0100][3852.297s][info][gc,phases   ] GC(327)   Post Evacuate Collection Set: 0.4ms
[2025-03-18T14:52:12.385+0100][3852.297s][info][gc,phases   ] GC(327)   Other: 0.1ms
[2025-03-18T14:52:12.385+0100][3852.297s][info][gc,heap     ] GC(327) Eden regions: 302->0(302)
[2025-03-18T14:52:12.385+0100][3852.297s][info][gc,heap     ] GC(327) Survivor regions: 5->5(39)
[2025-03-18T14:52:12.385+0100][3852.297s][info][gc,heap     ] GC(327) Old regions: 52->52
[2025-03-18T14:52:12.385+0100][3852.297s][info][gc,heap     ] GC(327) Humongous regions: 1->1
[2025-03-18T14:52:12.385+0100][3852.297s][info][gc,metaspace] GC(327) Metaspace: 28109K(28544K)->28109K(28544K) NonClass: 24476K(24704K)->24476K(24704K) Class: 3632K(3840K)->3632K(3840K)
[2025-03-18T14:52:12.385+0100][3852.297s][info][gc          ] GC(327) Pause Young (Normal) (G1 Evacuation Pause) 1436M->227M(2048M) 7.933ms
[2025-03-18T14:52:12.385+0100][3852.297s][info][gc,cpu      ] GC(327) User=0.04s Sys=0.00s Real=0.01s
[2025-03-18T14:52:29.870+0100][3869.782s][info][gc,start    ] GC(328) Pause Young (Normal) (G1 Evacuation Pause)
[2025-03-18T14:52:29.870+0100][3869.782s][info][gc,task     ] GC(328) Using 9 workers of 9 for evacuation
[2025-03-18T14:52:29.874+0100][3869.787s][info][gc,phases   ] GC(328)   Pre Evacuate Collection Set: 0.2ms
[2025-03-18T14:52:29.874+0100][3869.787s][info][gc,phases   ] GC(328)   Merge Heap Roots: 0.1ms
[2025-03-18T14:52:29.874+0100][3869.787s][info][gc,phases   ] GC(328)   Evacuate Collection Set: 3.6ms
[2025-03-18T14:52:29.874+0100][3869.787s][info][gc,phases   ] GC(328)   Post Evacuate Collection Set: 0.5ms
[2025-03-18T14:52:29.874+0100][3869.787s][info][gc,phases   ] GC(328)   Other: 0.1ms
[2025-03-18T14:52:29.874+0100][3869.787s][info][gc,heap     ] GC(328) Eden regions: 302->0(303)
[2025-03-18T14:52:29.874+0100][3869.787s][info][gc,heap     ] GC(328) Survivor regions: 5->4(39)
[2025-03-18T14:52:29.874+0100][3869.787s][info][gc,heap     ] GC(328) Old regions: 52->52
[2025-03-18T14:52:29.874+0100][3869.787s][info][gc,heap     ] GC(328) Humongous regions: 1->1
[2025-03-18T14:52:29.874+0100][3869.787s][info][gc,metaspace] GC(328) Metaspace: 28109K(28544K)->28109K(28544K) NonClass: 24476K(24704K)->24476K(24704K) Class: 3632K(3840K)->3632K(3840K)
[2025-03-18T14:52:29.874+0100][3869.787s][info][gc          ] GC(328) Pause Young (Normal) (G1 Evacuation Pause) 1435M->225M(2048M) 4.705ms
[2025-03-18T14:52:29.874+0100][3869.787s][info][gc,cpu      ] GC(328) User=0.03s Sys=0.00s Real=0.00s
[2025-03-18T14:52:42.869+0100][3882.782s][info][gc,start    ] GC(329) Pause Young (Normal) (G1 Evacuation Pause)
[2025-03-18T14:52:42.869+0100][3882.782s][info][gc,task     ] GC(329) Using 9 workers of 9 for evacuation
[2025-03-18T14:52:42.873+0100][3882.786s][info][gc,phases   ] GC(329)   Pre Evacuate Collection Set: 0.1ms
[2025-03-18T14:52:42.873+0100][3882.786s][info][gc,phases   ] GC(329)   Merge Heap Roots: 0.1ms
[2025-03-18T14:52:42.873+0100][3882.786s][info][gc,phases   ] GC(329)   Evacuate Collection Set: 3.3ms
[2025-03-18T14:52:42.873+0100][3882.786s][info][gc,phases   ] GC(329)   Post Evacuate Collection Set: 0.4ms
[2025-03-18T14:52:42.873+0100][3882.786s][info][gc,phases   ] GC(329)   Other: 0.0ms
[2025-03-18T14:52:42.873+0100][3882.786s][info][gc,heap     ] GC(329) Eden regions: 303->0(302)
[2025-03-18T14:52:42.873+0100][3882.786s][info][gc,heap     ] GC(329) Survivor regions: 4->5(39)
[2025-03-18T14:52:42.873+0100][3882.786s][info][gc,heap     ] GC(329) Old regions: 52->53
[2025-03-18T14:52:42.873+0100][3882.786s][info][gc,heap     ] GC(329) Humongous regions: 1->1
[2025-03-18T14:52:42.873+0100][3882.786s][info][gc,metaspace] GC(329) Metaspace: 28109K(28544K)->28109K(28544K) NonClass: 24476K(24704K)->24476K(24704K) Class: 3632K(3840K)->3632K(3840K)
[2025-03-18T14:52:42.873+0100][3882.786s][info][gc          ] GC(329) Pause Young (Normal) (G1 Evacuation Pause) 1437M->229M(2048M) 4.083ms
[2025-03-18T14:52:42.873+0100][3882.786s][info][gc,cpu      ] GC(329) User=0.02s Sys=0.01s Real=0.01s
[2025-03-18T14:52:59.379+0100][3899.292s][info][gc,start    ] GC(330) Pause Young (Normal) (G1 Evacuation Pause)
[2025-03-18T14:52:59.379+0100][3899.292s][info][gc,task     ] GC(330) Using 9 workers of 9 for evacuation
[2025-03-18T14:52:59.385+0100][3899.298s][info][gc,phases   ] GC(330)   Pre Evacuate Collection Set: 0.2ms
[2025-03-18T14:52:59.385+0100][3899.298s][info][gc,phases   ] GC(330)   Merge Heap Roots: 0.1ms
[2025-03-18T14:52:59.385+0100][3899.298s][info][gc,phases   ] GC(330)   Evacuate Collection Set: 4.6ms
[2025-03-18T14:52:59.385+0100][3899.298s][info][gc,phases   ] GC(330)   Post Evacuate Collection Set: 0.6ms
[2025-03-18T14:52:59.385+0100][3899.298s][info][gc,phases   ] GC(330)   Other: 0.1ms
[2025-03-18T14:52:59.385+0100][3899.298s][info][gc,heap     ] GC(330) Eden regions: 302->0(303)
[2025-03-18T14:52:59.385+0100][3899.298s][info][gc,heap     ] GC(330) Survivor regions: 5->4(39)
[2025-03-18T14:52:59.385+0100][3899.298s][info][gc,heap     ] GC(330) Old regions: 53->53
[2025-03-18T14:52:59.385+0100][3899.298s][info][gc,heap     ] GC(330) Humongous regions: 1->1
[2025-03-18T14:52:59.385+0100][3899.298s][info][gc,metaspace] GC(330) Metaspace: 28109K(28544K)->28109K(28544K) NonClass: 24476K(24704K)->24476K(24704K) Class: 3632K(3840K)->3632K(3840K)
[2025-03-18T14:52:59.385+0100][3899.298s][info][gc          ] GC(330) Pause Young (Normal) (G1 Evacuation Pause) 1437M->226M(2048M) 5.906ms
[2025-03-18T14:52:59.385+0100][3899.298s][info][gc,cpu      ] GC(330) User=0.04s Sys=0.00s Real=0.01s
[2025-03-18T14:53:06.771+0100][3906.684s][info][gc,start    ] GC(331) Pause Young (Normal) (G1 Evacuation Pause)
[2025-03-18T14:53:06.771+0100][3906.684s][info][gc,task     ] GC(331) Using 9 workers of 9 for evacuation
[2025-03-18T14:53:06.775+0100][3906.687s][info][gc,phases   ] GC(331)   Pre Evacuate Collection Set: 0.1ms
[2025-03-18T14:53:06.775+0100][3906.687s][info][gc,phases   ] GC(331)   Merge Heap Roots: 0.1ms
[2025-03-18T14:53:06.775+0100][3906.687s][info][gc,phases   ] GC(331)   Evacuate Collection Set: 2.8ms
[2025-03-18T14:53:06.775+0100][3906.687s][info][gc,phases   ] GC(331)   Post Evacuate Collection Set: 0.5ms
[2025-03-18T14:53:06.775+0100][3906.687s][info][gc,phases   ] GC(331)   Other: 0.1ms
[2025-03-18T14:53:06.775+0100][3906.687s][info][gc,heap     ] GC(331) Eden regions: 303->0(304)
[2025-03-18T14:53:06.775+0100][3906.687s][info][gc,heap     ] GC(331) Survivor regions: 4->3(39)
[2025-03-18T14:53:06.775+0100][3906.687s][info][gc,heap     ] GC(331) Old regions: 53->53
[2025-03-18T14:53:06.775+0100][3906.687s][info][gc,heap     ] GC(331) Humongous regions: 1->1
[2025-03-18T14:53:06.775+0100][3906.687s][info][gc,metaspace] GC(331) Metaspace: 28109K(28544K)->28109K(28544K) NonClass: 24476K(24704K)->24476K(24704K) Class: 3632K(3840K)->3632K(3840K)
[2025-03-18T14:53:06.775+0100][3906.687s][info][gc          ] GC(331) Pause Young (Normal) (G1 Evacuation Pause) 1438M->224M(2048M) 3.651ms
[2025-03-18T14:53:06.775+0100][3906.687s][info][gc,cpu      ] GC(331) User=0.02s Sys=0.00s Real=0.00s
[2025-03-18T14:53:10.847+0100][3910.760s][info][gc,start    ] GC(332) Pause Young (Normal) (G1 Evacuation Pause)
[2025-03-18T14:53:10.847+0100][3910.760s][info][gc,task     ] GC(332) Using 9 workers of 9 for evacuation
[2025-03-18T14:53:10.850+0100][3910.763s][info][gc,phases   ] GC(332)   Pre Evacuate Collection Set: 0.1ms
[2025-03-18T14:53:10.850+0100][3910.763s][info][gc,phases   ] GC(332)   Merge Heap Roots: 0.1ms
[2025-03-18T14:53:10.850+0100][3910.763s][info][gc,phases   ] GC(332)   Evacuate Collection Set: 2.8ms
[2025-03-18T14:53:10.850+0100][3910.763s][info][gc,phases   ] GC(332)   Post Evacuate Collection Set: 0.4ms
[2025-03-18T14:53:10.850+0100][3910.763s][info][gc,phases   ] GC(332)   Other: 0.0ms
[2025-03-18T14:53:10.850+0100][3910.763s][info][gc,heap     ] GC(332) Eden regions: 304->0(303)
[2025-03-18T14:53:10.850+0100][3910.763s][info][gc,heap     ] GC(332) Survivor regions: 3->4(39)
[2025-03-18T14:53:10.850+0100][3910.763s][info][gc,heap     ] GC(332) Old regions: 53->53
[2025-03-18T14:53:10.850+0100][3910.763s][info][gc,heap     ] GC(332) Humongous regions: 1->1
[2025-03-18T14:53:10.850+0100][3910.763s][info][gc,metaspace] GC(332) Metaspace: 28109K(28544K)->28109K(28544K) NonClass: 24476K(24704K)->24476K(24704K) Class: 3632K(3840K)->3632K(3840K)
[2025-03-18T14:53:10.850+0100][3910.763s][info][gc          ] GC(332) Pause Young (Normal) (G1 Evacuation Pause) 1440M->227M(2048M) 3.588ms
[2025-03-18T14:53:10.850+0100][3910.763s][info][gc,cpu      ] GC(332) User=0.03s Sys=0.00s Real=0.01s
[2025-03-18T14:53:23.848+0100][3923.761s][info][gc,start    ] GC(333) Pause Young (Normal) (G1 Evacuation Pause)
[2025-03-18T14:53:23.849+0100][3923.762s][info][gc,task     ] GC(333) Using 9 workers of 9 for evacuation
[2025-03-18T14:53:23.856+0100][3923.769s][info][gc,phases   ] GC(333)   Pre Evacuate Collection Set: 0.2ms
[2025-03-18T14:53:23.856+0100][3923.769s][info][gc,phases   ] GC(333)   Merge Heap Roots: 0.1ms
[2025-03-18T14:53:23.856+0100][3923.769s][info][gc,phases   ] GC(333)   Evacuate Collection Set: 5.7ms
[2025-03-18T14:53:23.856+0100][3923.769s][info][gc,phases   ] GC(333)   Post Evacuate Collection Set: 0.6ms
[2025-03-18T14:53:23.856+0100][3923.769s][info][gc,phases   ] GC(333)   Other: 0.1ms
[2025-03-18T14:53:23.856+0100][3923.769s][info][gc,heap     ] GC(333) Eden regions: 303->0(304)
[2025-03-18T14:53:23.856+0100][3923.769s][info][gc,heap     ] GC(333) Survivor regions: 4->3(39)
[2025-03-18T14:53:23.856+0100][3923.769s][info][gc,heap     ] GC(333) Old regions: 53->53
[2025-03-18T14:53:23.856+0100][3923.769s][info][gc,heap     ] GC(333) Humongous regions: 1->1
[2025-03-18T14:53:23.856+0100][3923.769s][info][gc,metaspace] GC(333) Metaspace: 28109K(28544K)->28109K(28544K) NonClass: 24476K(24704K)->24476K(24704K) Class: 3632K(3840K)->3632K(3840K)
[2025-03-18T14:53:23.856+0100][3923.769s][info][gc          ] GC(333) Pause Young (Normal) (G1 Evacuation Pause) 1439M->225M(2048M) 8.411ms
[2025-03-18T14:53:23.856+0100][3923.769s][info][gc,cpu      ] GC(333) User=0.05s Sys=0.00s Real=0.01s
[2025-03-18T14:53:41.361+0100][3941.274s][info][gc,start    ] GC(334) Pause Young (Normal) (G1 Evacuation Pause)
[2025-03-18T14:53:41.362+0100][3941.275s][info][gc,task     ] GC(334) Using 9 workers of 9 for evacuation
[2025-03-18T14:53:41.368+0100][3941.281s][info][gc,phases   ] GC(334)   Pre Evacuate Collection Set: 0.2ms
[2025-03-18T14:53:41.368+0100][3941.281s][info][gc,phases   ] GC(334)   Merge Heap Roots: 0.1ms
[2025-03-18T14:53:41.368+0100][3941.281s][info][gc,phases   ] GC(334)   Evacuate Collection Set: 5.0ms
[2025-03-18T14:53:41.368+0100][3941.281s][info][gc,phases   ] GC(334)   Post Evacuate Collection Set: 0.5ms
[2025-03-18T14:53:41.368+0100][3941.281s][info][gc,phases   ] GC(334)   Other: 0.1ms
[2025-03-18T14:53:41.368+0100][3941.281s][info][gc,heap     ] GC(334) Eden regions: 304->0(303)
[2025-03-18T14:53:41.368+0100][3941.281s][info][gc,heap     ] GC(334) Survivor regions: 3->4(39)
[2025-03-18T14:53:41.368+0100][3941.281s][info][gc,heap     ] GC(334) Old regions: 53->53
[2025-03-18T14:53:41.368+0100][3941.281s][info][gc,heap     ] GC(334) Humongous regions: 1->1
[2025-03-18T14:53:41.368+0100][3941.281s][info][gc,metaspace] GC(334) Metaspace: 28109K(28544K)->28109K(28544K) NonClass: 24476K(24704K)->24476K(24704K) Class: 3632K(3840K)->3632K(3840K)
[2025-03-18T14:53:41.368+0100][3941.281s][info][gc          ] GC(334) Pause Young (Normal) (G1 Evacuation Pause) 1441M->226M(2048M) 6.434ms
[2025-03-18T14:53:41.368+0100][3941.281s][info][gc,cpu      ] GC(334) User=0.05s Sys=0.00s Real=0.00s
[2025-03-18T14:53:58.859+0100][3958.772s][info][gc,start    ] GC(335) Pause Young (Normal) (G1 Evacuation Pause)
[2025-03-18T14:53:58.859+0100][3958.772s][info][gc,task     ] GC(335) Using 9 workers of 9 for evacuation
[2025-03-18T14:53:58.865+0100][3958.778s][info][gc,phases   ] GC(335)   Pre Evacuate Collection Set: 0.2ms
[2025-03-18T14:53:58.865+0100][3958.778s][info][gc,phases   ] GC(335)   Merge Heap Roots: 0.1ms
[2025-03-18T14:53:58.865+0100][3958.778s][info][gc,phases   ] GC(335)   Evacuate Collection Set: 5.1ms
[2025-03-18T14:53:58.865+0100][3958.778s][info][gc,phases   ] GC(335)   Post Evacuate Collection Set: 0.6ms
[2025-03-18T14:53:58.865+0100][3958.778s][info][gc,phases   ] GC(335)   Other: 0.1ms
[2025-03-18T14:53:58.865+0100][3958.778s][info][gc,heap     ] GC(335) Eden regions: 303->0(303)
[2025-03-18T14:53:58.865+0100][3958.778s][info][gc,heap     ] GC(335) Survivor regions: 4->4(39)
[2025-03-18T14:53:58.865+0100][3958.778s][info][gc,heap     ] GC(335) Old regions: 53->53
[2025-03-18T14:53:58.865+0100][3958.778s][info][gc,heap     ] GC(335) Humongous regions: 1->1
[2025-03-18T14:53:58.865+0100][3958.778s][info][gc,metaspace] GC(335) Metaspace: 28109K(28544K)->28109K(28544K) NonClass: 24476K(24704K)->24476K(24704K) Class: 3632K(3840K)->3632K(3840K)
[2025-03-18T14:53:58.865+0100][3958.778s][info][gc          ] GC(335) Pause Young (Normal) (G1 Evacuation Pause) 1438M->227M(2048M) 6.595ms
[2025-03-18T14:53:58.865+0100][3958.778s][info][gc,cpu      ] GC(335) User=0.04s Sys=0.00s Real=0.01s
[2025-03-18T14:54:16.364+0100][3976.278s][info][gc,start    ] GC(336) Pause Young (Normal) (G1 Evacuation Pause)
[2025-03-18T14:54:16.365+0100][3976.278s][info][gc,task     ] GC(336) Using 9 workers of 9 for evacuation
[2025-03-18T14:54:16.370+0100][3976.284s][info][gc,phases   ] GC(336)   Pre Evacuate Collection Set: 0.2ms
[2025-03-18T14:54:16.370+0100][3976.284s][info][gc,phases   ] GC(336)   Merge Heap Roots: 0.1ms
[2025-03-18T14:54:16.370+0100][3976.284s][info][gc,phases   ] GC(336)   Evacuate Collection Set: 4.6ms
[2025-03-18T14:54:16.370+0100][3976.284s][info][gc,phases   ] GC(336)   Post Evacuate Collection Set: 0.5ms
[2025-03-18T14:54:16.370+0100][3976.284s][info][gc,phases   ] GC(336)   Other: 0.1ms
[2025-03-18T14:54:16.370+0100][3976.284s][info][gc,heap     ] GC(336) Eden regions: 303->0(303)
[2025-03-18T14:54:16.370+0100][3976.284s][info][gc,heap     ] GC(336) Survivor regions: 4->4(39)
[2025-03-18T14:54:16.370+0100][3976.284s][info][gc,heap     ] GC(336) Old regions: 53->53
[2025-03-18T14:54:16.370+0100][3976.284s][info][gc,heap     ] GC(336) Humongous regions: 1->1
[2025-03-18T14:54:16.370+0100][3976.284s][info][gc,metaspace] GC(336) Metaspace: 28109K(28544K)->28109K(28544K) NonClass: 24476K(24704K)->24476K(24704K) Class: 3632K(3840K)->3632K(3840K)
[2025-03-18T14:54:16.370+0100][3976.284s][info][gc          ] GC(336) Pause Young (Normal) (G1 Evacuation Pause) 1439M->227M(2048M) 5.953ms
[2025-03-18T14:54:16.370+0100][3976.284s][info][gc,cpu      ] GC(336) User=0.04s Sys=0.00s Real=0.01s
[2025-03-18T14:54:29.421+0100][3989.335s][info][gc,start    ] GC(337) Pause Young (Normal) (G1 Evacuation Pause)
[2025-03-18T14:54:29.422+0100][3989.336s][info][gc,task     ] GC(337) Using 9 workers of 9 for evacuation
[2025-03-18T14:54:29.426+0100][3989.340s][info][gc,phases   ] GC(337)   Pre Evacuate Collection Set: 0.1ms
[2025-03-18T14:54:29.426+0100][3989.340s][info][gc,phases   ] GC(337)   Merge Heap Roots: 0.1ms
[2025-03-18T14:54:29.426+0100][3989.340s][info][gc,phases   ] GC(337)   Evacuate Collection Set: 3.0ms
[2025-03-18T14:54:29.426+0100][3989.340s][info][gc,phases   ] GC(337)   Post Evacuate Collection Set: 0.4ms
[2025-03-18T14:54:29.426+0100][3989.340s][info][gc,phases   ] GC(337)   Other: 0.1ms
[2025-03-18T14:54:29.426+0100][3989.340s][info][gc,heap     ] GC(337) Eden regions: 303->0(303)
[2025-03-18T14:54:29.426+0100][3989.340s][info][gc,heap     ] GC(337) Survivor regions: 4->4(39)
[2025-03-18T14:54:29.426+0100][3989.340s][info][gc,heap     ] GC(337) Old regions: 53->53
[2025-03-18T14:54:29.426+0100][3989.340s][info][gc,heap     ] GC(337) Humongous regions: 1->1
[2025-03-18T14:54:29.426+0100][3989.340s][info][gc,metaspace] GC(337) Metaspace: 28109K(28544K)->28109K(28544K) NonClass: 24476K(24704K)->24476K(24704K) Class: 3632K(3840K)->3632K(3840K)
[2025-03-18T14:54:29.426+0100][3989.340s][info][gc          ] GC(337) Pause Young (Normal) (G1 Evacuation Pause) 1439M->229M(2048M) 4.859ms
[2025-03-18T14:54:29.426+0100][3989.340s][info][gc,cpu      ] GC(337) User=0.03s Sys=0.00s Real=0.00s
[2025-03-18T14:54:46.373+0100][4006.286s][info][gc,start    ] GC(338) Pause Young (Normal) (G1 Evacuation Pause)
[2025-03-18T14:54:46.373+0100][4006.286s][info][gc,task     ] GC(338) Using 9 workers of 9 for evacuation
[2025-03-18T14:54:46.378+0100][4006.292s][info][gc,phases   ] GC(338)   Pre Evacuate Collection Set: 0.2ms
[2025-03-18T14:54:46.378+0100][4006.292s][info][gc,phases   ] GC(338)   Merge Heap Roots: 0.1ms
[2025-03-18T14:54:46.378+0100][4006.292s][info][gc,phases   ] GC(338)   Evacuate Collection Set: 4.7ms
[2025-03-18T14:54:46.378+0100][4006.292s][info][gc,phases   ] GC(338)   Post Evacuate Collection Set: 0.4ms
[2025-03-18T14:54:46.378+0100][4006.292s][info][gc,phases   ] GC(338)   Other: 0.1ms
[2025-03-18T14:54:46.378+0100][4006.292s][info][gc,heap     ] GC(338) Eden regions: 303->0(303)
[2025-03-18T14:54:46.378+0100][4006.292s][info][gc,heap     ] GC(338) Survivor regions: 4->4(39)
[2025-03-18T14:54:46.379+0100][4006.292s][info][gc,heap     ] GC(338) Old regions: 53->53
[2025-03-18T14:54:46.379+0100][4006.292s][info][gc,heap     ] GC(338) Humongous regions: 1->1
[2025-03-18T14:54:46.379+0100][4006.292s][info][gc,metaspace] GC(338) Metaspace: 28109K(28544K)->28109K(28544K) NonClass: 24476K(24704K)->24476K(24704K) Class: 3632K(3840K)->3632K(3840K)
[2025-03-18T14:54:46.379+0100][4006.292s][info][gc          ] GC(338) Pause Young (Normal) (G1 Evacuation Pause) 1441M->227M(2048M) 5.968ms
[2025-03-18T14:54:46.379+0100][4006.292s][info][gc,cpu      ] GC(338) User=0.04s Sys=0.00s Real=0.00s
[2025-03-18T14:55:03.928+0100][4023.841s][info][gc,start    ] GC(339) Pause Young (Normal) (G1 Evacuation Pause)
[2025-03-18T14:55:03.929+0100][4023.843s][info][gc,task     ] GC(339) Using 9 workers of 9 for evacuation
[2025-03-18T14:55:03.932+0100][4023.846s][info][gc,phases   ] GC(339)   Pre Evacuate Collection Set: 0.1ms
[2025-03-18T14:55:03.932+0100][4023.846s][info][gc,phases   ] GC(339)   Merge Heap Roots: 0.1ms
[2025-03-18T14:55:03.932+0100][4023.846s][info][gc,phases   ] GC(339)   Evacuate Collection Set: 2.9ms
[2025-03-18T14:55:03.933+0100][4023.846s][info][gc,phases   ] GC(339)   Post Evacuate Collection Set: 0.3ms
[2025-03-18T14:55:03.933+0100][4023.846s][info][gc,phases   ] GC(339)   Other: 0.1ms
[2025-03-18T14:55:03.933+0100][4023.846s][info][gc,heap     ] GC(339) Eden regions: 303->0(304)
[2025-03-18T14:55:03.933+0100][4023.846s][info][gc,heap     ] GC(339) Survivor regions: 4->3(39)
[2025-03-18T14:55:03.933+0100][4023.846s][info][gc,heap     ] GC(339) Old regions: 53->53
[2025-03-18T14:55:03.933+0100][4023.846s][info][gc,heap     ] GC(339) Humongous regions: 1->1
[2025-03-18T14:55:03.933+0100][4023.846s][info][gc,metaspace] GC(339) Metaspace: 28109K(28544K)->28109K(28544K) NonClass: 24476K(24704K)->24476K(24704K) Class: 3632K(3840K)->3632K(3840K)
[2025-03-18T14:55:03.933+0100][4023.846s][info][gc          ] GC(339) Pause Young (Normal) (G1 Evacuation Pause) 1439M->225M(2048M) 4.838ms
[2025-03-18T14:55:03.933+0100][4023.846s][info][gc,cpu      ] GC(339) User=0.03s Sys=0.00s Real=0.01s
[2025-03-18T14:55:18.912+0100][4038.826s][info][gc,start    ] GC(340) Pause Young (Normal) (G1 Evacuation Pause)
[2025-03-18T14:55:18.913+0100][4038.827s][info][gc,task     ] GC(340) Using 9 workers of 9 for evacuation
[2025-03-18T14:55:18.916+0100][4038.830s][info][gc,phases   ] GC(340)   Pre Evacuate Collection Set: 0.1ms
[2025-03-18T14:55:18.916+0100][4038.830s][info][gc,phases   ] GC(340)   Merge Heap Roots: 0.1ms
[2025-03-18T14:55:18.916+0100][4038.830s][info][gc,phases   ] GC(340)   Evacuate Collection Set: 2.6ms
[2025-03-18T14:55:18.916+0100][4038.830s][info][gc,phases   ] GC(340)   Post Evacuate Collection Set: 0.4ms
[2025-03-18T14:55:18.916+0100][4038.830s][info][gc,phases   ] GC(340)   Other: 0.0ms
[2025-03-18T14:55:18.916+0100][4038.830s][info][gc,heap     ] GC(340) Eden regions: 304->0(303)
[2025-03-18T14:55:18.916+0100][4038.830s][info][gc,heap     ] GC(340) Survivor regions: 3->4(39)
[2025-03-18T14:55:18.916+0100][4038.830s][info][gc,heap     ] GC(340) Old regions: 53->53
[2025-03-18T14:55:18.916+0100][4038.830s][info][gc,heap     ] GC(340) Humongous regions: 1->1
[2025-03-18T14:55:18.916+0100][4038.830s][info][gc,metaspace] GC(340) Metaspace: 28112K(28544K)->28112K(28544K) NonClass: 24479K(24704K)->24479K(24704K) Class: 3632K(3840K)->3632K(3840K)
[2025-03-18T14:55:18.916+0100][4038.830s][info][gc          ] GC(340) Pause Young (Normal) (G1 Evacuation Pause) 1441M->228M(2048M) 4.296ms
[2025-03-18T14:55:18.916+0100][4038.830s][info][gc,cpu      ] GC(340) User=0.03s Sys=0.00s Real=0.00s
[2025-03-18T14:55:34.365+0100][4054.279s][info][gc,start    ] GC(341) Pause Young (Normal) (G1 Evacuation Pause)
[2025-03-18T14:55:34.366+0100][4054.280s][info][gc,task     ] GC(341) Using 9 workers of 9 for evacuation
[2025-03-18T14:55:34.372+0100][4054.286s][info][gc,phases   ] GC(341)   Pre Evacuate Collection Set: 0.2ms
[2025-03-18T14:55:34.372+0100][4054.286s][info][gc,phases   ] GC(341)   Merge Heap Roots: 0.1ms
[2025-03-18T14:55:34.372+0100][4054.286s][info][gc,phases   ] GC(341)   Evacuate Collection Set: 5.0ms
[2025-03-18T14:55:34.372+0100][4054.286s][info][gc,phases   ] GC(341)   Post Evacuate Collection Set: 0.5ms
[2025-03-18T14:55:34.372+0100][4054.286s][info][gc,phases   ] GC(341)   Other: 0.1ms
[2025-03-18T14:55:34.372+0100][4054.286s][info][gc,heap     ] GC(341) Eden regions: 303->0(303)
[2025-03-18T14:55:34.372+0100][4054.286s][info][gc,heap     ] GC(341) Survivor regions: 4->4(39)
[2025-03-18T14:55:34.372+0100][4054.286s][info][gc,heap     ] GC(341) Old regions: 53->53
[2025-03-18T14:55:34.372+0100][4054.286s][info][gc,heap     ] GC(341) Humongous regions: 1->1
[2025-03-18T14:55:34.372+0100][4054.286s][info][gc,metaspace] GC(341) Metaspace: 28112K(28544K)->28112K(28544K) NonClass: 24479K(24704K)->24479K(24704K) Class: 3632K(3840K)->3632K(3840K)
[2025-03-18T14:55:34.372+0100][4054.286s][info][gc          ] GC(341) Pause Young (Normal) (G1 Evacuation Pause) 1440M->228M(2048M) 7.252ms
[2025-03-18T14:55:34.372+0100][4054.286s][info][gc,cpu      ] GC(341) User=0.05s Sys=0.00s Real=0.01s
[2025-03-18T14:55:46.884+0100][4066.798s][info][gc,start    ] GC(342) Pause Young (Normal) (G1 Evacuation Pause)
[2025-03-18T14:55:46.884+0100][4066.798s][info][gc,task     ] GC(342) Using 9 workers of 9 for evacuation
[2025-03-18T14:55:46.890+0100][4066.804s][info][gc,phases   ] GC(342)   Pre Evacuate Collection Set: 0.2ms
[2025-03-18T14:55:46.890+0100][4066.804s][info][gc,phases   ] GC(342)   Merge Heap Roots: 0.1ms
[2025-03-18T14:55:46.890+0100][4066.804s][info][gc,phases   ] GC(342)   Evacuate Collection Set: 5.3ms
[2025-03-18T14:55:46.890+0100][4066.804s][info][gc,phases   ] GC(342)   Post Evacuate Collection Set: 0.5ms
[2025-03-18T14:55:46.890+0100][4066.804s][info][gc,phases   ] GC(342)   Other: 0.1ms
[2025-03-18T14:55:46.890+0100][4066.804s][info][gc,heap     ] GC(342) Eden regions: 303->0(302)
[2025-03-18T14:55:46.890+0100][4066.804s][info][gc,heap     ] GC(342) Survivor regions: 4->5(39)
[2025-03-18T14:55:46.890+0100][4066.804s][info][gc,heap     ] GC(342) Old regions: 53->53
[2025-03-18T14:55:46.890+0100][4066.804s][info][gc,heap     ] GC(342) Humongous regions: 1->1
[2025-03-18T14:55:46.890+0100][4066.804s][info][gc,metaspace] GC(342) Metaspace: 28112K(28544K)->28112K(28544K) NonClass: 24479K(24704K)->24479K(24704K) Class: 3632K(3840K)->3632K(3840K)
[2025-03-18T14:55:46.890+0100][4066.804s][info][gc          ] GC(342) Pause Young (Normal) (G1 Evacuation Pause) 1440M->231M(2048M) 6.483ms
[2025-03-18T14:55:46.890+0100][4066.804s][info][gc,cpu      ] GC(342) User=0.05s Sys=0.00s Real=0.01s
[2025-03-18T14:56:04.359+0100][4084.274s][info][gc,start    ] GC(343) Pause Young (Normal) (G1 Evacuation Pause)
[2025-03-18T14:56:04.359+0100][4084.274s][info][gc,task     ] GC(343) Using 9 workers of 9 for evacuation
[2025-03-18T14:56:04.365+0100][4084.279s][info][gc,phases   ] GC(343)   Pre Evacuate Collection Set: 0.2ms
[2025-03-18T14:56:04.365+0100][4084.280s][info][gc,phases   ] GC(343)   Merge Heap Roots: 0.1ms
[2025-03-18T14:56:04.365+0100][4084.280s][info][gc,phases   ] GC(343)   Evacuate Collection Set: 4.9ms
[2025-03-18T14:56:04.365+0100][4084.280s][info][gc,phases   ] GC(343)   Post Evacuate Collection Set: 0.5ms
[2025-03-18T14:56:04.365+0100][4084.280s][info][gc,phases   ] GC(343)   Other: 0.1ms
[2025-03-18T14:56:04.365+0100][4084.280s][info][gc,heap     ] GC(343) Eden regions: 302->0(303)
[2025-03-18T14:56:04.365+0100][4084.280s][info][gc,heap     ] GC(343) Survivor regions: 5->4(39)
[2025-03-18T14:56:04.365+0100][4084.280s][info][gc,heap     ] GC(343) Old regions: 53->53
[2025-03-18T14:56:04.365+0100][4084.280s][info][gc,heap     ] GC(343) Humongous regions: 1->1
[2025-03-18T14:56:04.365+0100][4084.280s][info][gc,metaspace] GC(343) Metaspace: 28112K(28544K)->28112K(28544K) NonClass: 24479K(24704K)->24479K(24704K) Class: 3632K(3840K)->3632K(3840K)
[2025-03-18T14:56:04.365+0100][4084.280s][info][gc          ] GC(343) Pause Young (Normal) (G1 Evacuation Pause) 1439M->228M(2048M) 6.141ms
[2025-03-18T14:56:04.365+0100][4084.280s][info][gc,cpu      ] GC(343) User=0.05s Sys=0.01s Real=0.01s
[2025-03-18T14:56:16.380+0100][4096.294s][info][gc,start    ] GC(344) Pause Young (Normal) (G1 Evacuation Pause)
[2025-03-18T14:56:16.380+0100][4096.295s][info][gc,task     ] GC(344) Using 9 workers of 9 for evacuation
[2025-03-18T14:56:16.387+0100][4096.301s][info][gc,phases   ] GC(344)   Pre Evacuate Collection Set: 0.2ms
[2025-03-18T14:56:16.387+0100][4096.301s][info][gc,phases   ] GC(344)   Merge Heap Roots: 0.1ms
[2025-03-18T14:56:16.387+0100][4096.301s][info][gc,phases   ] GC(344)   Evacuate Collection Set: 5.8ms
[2025-03-18T14:56:16.387+0100][4096.301s][info][gc,phases   ] GC(344)   Post Evacuate Collection Set: 0.4ms
[2025-03-18T14:56:16.387+0100][4096.301s][info][gc,phases   ] GC(344)   Other: 0.1ms
[2025-03-18T14:56:16.387+0100][4096.301s][info][gc,heap     ] GC(344) Eden regions: 303->0(302)
[2025-03-18T14:56:16.387+0100][4096.301s][info][gc,heap     ] GC(344) Survivor regions: 4->5(39)
[2025-03-18T14:56:16.387+0100][4096.301s][info][gc,heap     ] GC(344) Old regions: 53->53
[2025-03-18T14:56:16.387+0100][4096.301s][info][gc,heap     ] GC(344) Humongous regions: 1->1
[2025-03-18T14:56:16.387+0100][4096.301s][info][gc,metaspace] GC(344) Metaspace: 28112K(28544K)->28112K(28544K) NonClass: 24479K(24704K)->24479K(24704K) Class: 3632K(3840K)->3632K(3840K)
[2025-03-18T14:56:16.387+0100][4096.301s][info][gc          ] GC(344) Pause Young (Normal) (G1 Evacuation Pause) 1440M->231M(2048M) 7.332ms
[2025-03-18T14:56:16.387+0100][4096.301s][info][gc,cpu      ] GC(344) User=0.04s Sys=0.01s Real=0.00s
[2025-03-18T14:56:28.890+0100][4108.805s][info][gc,start    ] GC(345) Pause Young (Normal) (G1 Evacuation Pause)
[2025-03-18T14:56:28.891+0100][4108.805s][info][gc,task     ] GC(345) Using 9 workers of 9 for evacuation
[2025-03-18T14:56:28.897+0100][4108.811s][info][gc,phases   ] GC(345)   Pre Evacuate Collection Set: 0.2ms
[2025-03-18T14:56:28.897+0100][4108.811s][info][gc,phases   ] GC(345)   Merge Heap Roots: 0.1ms
[2025-03-18T14:56:28.897+0100][4108.812s][info][gc,phases   ] GC(345)   Evacuate Collection Set: 5.5ms
[2025-03-18T14:56:28.897+0100][4108.812s][info][gc,phases   ] GC(345)   Post Evacuate Collection Set: 0.5ms
[2025-03-18T14:56:28.897+0100][4108.812s][info][gc,phases   ] GC(345)   Other: 0.1ms
[2025-03-18T14:56:28.897+0100][4108.812s][info][gc,heap     ] GC(345) Eden regions: 302->0(302)
[2025-03-18T14:56:28.897+0100][4108.812s][info][gc,heap     ] GC(345) Survivor regions: 5->5(39)
[2025-03-18T14:56:28.897+0100][4108.812s][info][gc,heap     ] GC(345) Old regions: 53->53
[2025-03-18T14:56:28.897+0100][4108.812s][info][gc,heap     ] GC(345) Humongous regions: 1->1
[2025-03-18T14:56:28.897+0100][4108.812s][info][gc,metaspace] GC(345) Metaspace: 28112K(28544K)->28112K(28544K) NonClass: 24479K(24704K)->24479K(24704K) Class: 3632K(3840K)->3632K(3840K)
[2025-03-18T14:56:28.897+0100][4108.812s][info][gc          ] GC(345) Pause Young (Normal) (G1 Evacuation Pause) 1439M->232M(2048M) 7.032ms
[2025-03-18T14:56:28.897+0100][4108.812s][info][gc,cpu      ] GC(345) User=0.04s Sys=0.00s Real=0.00s
[2025-03-18T14:56:46.383+0100][4126.297s][info][gc,start    ] GC(346) Pause Young (Normal) (G1 Evacuation Pause)
[2025-03-18T14:56:46.383+0100][4126.297s][info][gc,task     ] GC(346) Using 9 workers of 9 for evacuation
[2025-03-18T14:56:46.389+0100][4126.303s][info][gc,phases   ] GC(346)   Pre Evacuate Collection Set: 0.2ms
[2025-03-18T14:56:46.389+0100][4126.303s][info][gc,phases   ] GC(346)   Merge Heap Roots: 0.1ms
[2025-03-18T14:56:46.389+0100][4126.303s][info][gc,phases   ] GC(346)   Evacuate Collection Set: 5.0ms
[2025-03-18T14:56:46.389+0100][4126.303s][info][gc,phases   ] GC(346)   Post Evacuate Collection Set: 0.5ms
[2025-03-18T14:56:46.389+0100][4126.303s][info][gc,phases   ] GC(346)   Other: 0.1ms
[2025-03-18T14:56:46.389+0100][4126.303s][info][gc,heap     ] GC(346) Eden regions: 302->0(303)
[2025-03-18T14:56:46.389+0100][4126.303s][info][gc,heap     ] GC(346) Survivor regions: 5->4(39)
[2025-03-18T14:56:46.389+0100][4126.303s][info][gc,heap     ] GC(346) Old regions: 53->53
[2025-03-18T14:56:46.389+0100][4126.303s][info][gc,heap     ] GC(346) Humongous regions: 1->1
[2025-03-18T14:56:46.389+0100][4126.303s][info][gc,metaspace] GC(346) Metaspace: 28112K(28544K)->28112K(28544K) NonClass: 24479K(24704K)->24479K(24704K) Class: 3632K(3840K)->3632K(3840K)
[2025-03-18T14:56:46.389+0100][4126.303s][info][gc          ] GC(346) Pause Young (Normal) (G1 Evacuation Pause) 1440M->229M(2048M) 6.282ms
[2025-03-18T14:56:46.389+0100][4126.304s][info][gc,cpu      ] GC(346) User=0.04s Sys=0.00s Real=0.00s
[2025-03-18T14:57:03.872+0100][4143.787s][info][gc,start    ] GC(347) Pause Young (Normal) (G1 Evacuation Pause)
[2025-03-18T14:57:03.872+0100][4143.787s][info][gc,task     ] GC(347) Using 9 workers of 9 for evacuation
[2025-03-18T14:57:03.877+0100][4143.792s][info][gc,phases   ] GC(347)   Pre Evacuate Collection Set: 0.1ms
[2025-03-18T14:57:03.877+0100][4143.792s][info][gc,phases   ] GC(347)   Merge Heap Roots: 0.1ms
[2025-03-18T14:57:03.877+0100][4143.792s][info][gc,phases   ] GC(347)   Evacuate Collection Set: 3.7ms
[2025-03-18T14:57:03.877+0100][4143.792s][info][gc,phases   ] GC(347)   Post Evacuate Collection Set: 0.4ms
[2025-03-18T14:57:03.877+0100][4143.792s][info][gc,phases   ] GC(347)   Other: 0.1ms
[2025-03-18T14:57:03.877+0100][4143.792s][info][gc,heap     ] GC(347) Eden regions: 303->0(303)
[2025-03-18T14:57:03.877+0100][4143.792s][info][gc,heap     ] GC(347) Survivor regions: 4->4(39)
[2025-03-18T14:57:03.877+0100][4143.792s][info][gc,heap     ] GC(347) Old regions: 53->53
[2025-03-18T14:57:03.877+0100][4143.792s][info][gc,heap     ] GC(347) Humongous regions: 1->1
[2025-03-18T14:57:03.877+0100][4143.792s][info][gc,metaspace] GC(347) Metaspace: 28112K(28544K)->28112K(28544K) NonClass: 24479K(24704K)->24479K(24704K) Class: 3632K(3840K)->3632K(3840K)
[2025-03-18T14:57:03.877+0100][4143.792s][info][gc          ] GC(347) Pause Young (Normal) (G1 Evacuation Pause) 1441M->229M(2048M) 4.641ms
[2025-03-18T14:57:03.877+0100][4143.792s][info][gc,cpu      ] GC(347) User=0.03s Sys=0.00s Real=0.00s
[2025-03-18T14:57:15.269+0100][4155.184s][info][gc,start    ] GC(348) Pause Young (Normal) (G1 Evacuation Pause)
[2025-03-18T14:57:15.270+0100][4155.184s][info][gc,task     ] GC(348) Using 9 workers of 9 for evacuation
[2025-03-18T14:57:15.273+0100][4155.188s][info][gc,phases   ] GC(348)   Pre Evacuate Collection Set: 0.1ms
[2025-03-18T14:57:15.273+0100][4155.188s][info][gc,phases   ] GC(348)   Merge Heap Roots: 0.1ms
[2025-03-18T14:57:15.273+0100][4155.188s][info][gc,phases   ] GC(348)   Evacuate Collection Set: 3.0ms
[2025-03-18T14:57:15.273+0100][4155.188s][info][gc,phases   ] GC(348)   Post Evacuate Collection Set: 0.4ms
[2025-03-18T14:57:15.273+0100][4155.188s][info][gc,phases   ] GC(348)   Other: 0.1ms
[2025-03-18T14:57:15.273+0100][4155.188s][info][gc,heap     ] GC(348) Eden regions: 303->0(303)
[2025-03-18T14:57:15.273+0100][4155.188s][info][gc,heap     ] GC(348) Survivor regions: 4->4(39)
[2025-03-18T14:57:15.273+0100][4155.188s][info][gc,heap     ] GC(348) Old regions: 53->53
[2025-03-18T14:57:15.273+0100][4155.188s][info][gc,heap     ] GC(348) Humongous regions: 1->1
[2025-03-18T14:57:15.273+0100][4155.188s][info][gc,metaspace] GC(348) Metaspace: 28112K(28544K)->28112K(28544K) NonClass: 24479K(24704K)->24479K(24704K) Class: 3632K(3840K)->3632K(3840K)
[2025-03-18T14:57:15.273+0100][4155.188s][info][gc          ] GC(348) Pause Young (Normal) (G1 Evacuation Pause) 1441M->231M(2048M) 3.878ms
[2025-03-18T14:57:15.273+0100][4155.188s][info][gc,cpu      ] GC(348) User=0.03s Sys=0.00s Real=0.01s
[2025-03-18T14:57:28.349+0100][4168.264s][info][gc,start    ] GC(349) Pause Young (Normal) (G1 Evacuation Pause)
[2025-03-18T14:57:28.350+0100][4168.264s][info][gc,task     ] GC(349) Using 9 workers of 9 for evacuation
[2025-03-18T14:57:28.357+0100][4168.272s][info][gc,phases   ] GC(349)   Pre Evacuate Collection Set: 0.2ms
[2025-03-18T14:57:28.357+0100][4168.272s][info][gc,phases   ] GC(349)   Merge Heap Roots: 0.1ms
[2025-03-18T14:57:28.357+0100][4168.272s][info][gc,phases   ] GC(349)   Evacuate Collection Set: 6.3ms
[2025-03-18T14:57:28.357+0100][4168.272s][info][gc,phases   ] GC(349)   Post Evacuate Collection Set: 0.5ms
[2025-03-18T14:57:28.357+0100][4168.272s][info][gc,phases   ] GC(349)   Other: 0.1ms
[2025-03-18T14:57:28.357+0100][4168.272s][info][gc,heap     ] GC(349) Eden regions: 303->0(303)
[2025-03-18T14:57:28.357+0100][4168.272s][info][gc,heap     ] GC(349) Survivor regions: 4->4(39)
[2025-03-18T14:57:28.357+0100][4168.272s][info][gc,heap     ] GC(349) Old regions: 53->53
[2025-03-18T14:57:28.357+0100][4168.272s][info][gc,heap     ] GC(349) Humongous regions: 1->1
[2025-03-18T14:57:28.357+0100][4168.272s][info][gc,metaspace] GC(349) Metaspace: 28112K(28544K)->28112K(28544K) NonClass: 24479K(24704K)->24479K(24704K) Class: 3632K(3840K)->3632K(3840K)
[2025-03-18T14:57:28.357+0100][4168.272s][info][gc          ] GC(349) Pause Young (Normal) (G1 Evacuation Pause) 1443M->229M(2048M) 7.626ms
[2025-03-18T14:57:28.357+0100][4168.272s][info][gc,cpu      ] GC(349) User=0.06s Sys=0.00s Real=0.01s
[2025-03-18T14:57:44.365+0100][4184.280s][info][gc,start    ] GC(350) Pause Young (Normal) (G1 Evacuation Pause)
[2025-03-18T14:57:44.366+0100][4184.281s][info][gc,task     ] GC(350) Using 9 workers of 9 for evacuation
[2025-03-18T14:57:44.369+0100][4184.284s][info][gc,phases   ] GC(350)   Pre Evacuate Collection Set: 0.1ms
[2025-03-18T14:57:44.369+0100][4184.284s][info][gc,phases   ] GC(350)   Merge Heap Roots: 0.0ms
[2025-03-18T14:57:44.369+0100][4184.284s][info][gc,phases   ] GC(350)   Evacuate Collection Set: 2.9ms
[2025-03-18T14:57:44.369+0100][4184.284s][info][gc,phases   ] GC(350)   Post Evacuate Collection Set: 0.4ms
[2025-03-18T14:57:44.369+0100][4184.284s][info][gc,phases   ] GC(350)   Other: 0.1ms
[2025-03-18T14:57:44.369+0100][4184.284s][info][gc,heap     ] GC(350) Eden regions: 303->0(303)
[2025-03-18T14:57:44.369+0100][4184.284s][info][gc,heap     ] GC(350) Survivor regions: 4->4(39)
[2025-03-18T14:57:44.369+0100][4184.284s][info][gc,heap     ] GC(350) Old regions: 53->53
[2025-03-18T14:57:44.369+0100][4184.284s][info][gc,heap     ] GC(350) Humongous regions: 1->1
[2025-03-18T14:57:44.369+0100][4184.284s][info][gc,metaspace] GC(350) Metaspace: 28112K(28544K)->28112K(28544K) NonClass: 24479K(24704K)->24479K(24704K) Class: 3632K(3840K)->3632K(3840K)
[2025-03-18T14:57:44.369+0100][4184.284s][info][gc          ] GC(350) Pause Young (Normal) (G1 Evacuation Pause) 1441M->229M(2048M) 4.697ms
[2025-03-18T14:57:44.369+0100][4184.284s][info][gc,cpu      ] GC(350) User=0.03s Sys=0.00s Real=0.00s
[2025-03-18T14:57:57.883+0100][4197.798s][info][gc,start    ] GC(351) Pause Young (Normal) (G1 Evacuation Pause)
[2025-03-18T14:57:57.883+0100][4197.798s][info][gc,task     ] GC(351) Using 9 workers of 9 for evacuation
[2025-03-18T14:57:57.890+0100][4197.805s][info][gc,phases   ] GC(351)   Pre Evacuate Collection Set: 0.2ms
[2025-03-18T14:57:57.890+0100][4197.805s][info][gc,phases   ] GC(351)   Merge Heap Roots: 0.1ms
[2025-03-18T14:57:57.890+0100][4197.805s][info][gc,phases   ] GC(351)   Evacuate Collection Set: 5.9ms
[2025-03-18T14:57:57.890+0100][4197.805s][info][gc,phases   ] GC(351)   Post Evacuate Collection Set: 0.6ms
[2025-03-18T14:57:57.890+0100][4197.805s][info][gc,phases   ] GC(351)   Other: 0.1ms
[2025-03-18T14:57:57.890+0100][4197.805s][info][gc,heap     ] GC(351) Eden regions: 303->0(302)
[2025-03-18T14:57:57.890+0100][4197.805s][info][gc,heap     ] GC(351) Survivor regions: 4->5(39)
[2025-03-18T14:57:57.890+0100][4197.805s][info][gc,heap     ] GC(351) Old regions: 53->53
[2025-03-18T14:57:57.890+0100][4197.805s][info][gc,heap     ] GC(351) Humongous regions: 1->1
[2025-03-18T14:57:57.890+0100][4197.805s][info][gc,metaspace] GC(351) Metaspace: 28112K(28544K)->28112K(28544K) NonClass: 24479K(24704K)->24479K(24704K) Class: 3632K(3840K)->3632K(3840K)
[2025-03-18T14:57:57.890+0100][4197.805s][info][gc          ] GC(351) Pause Young (Normal) (G1 Evacuation Pause) 1441M->232M(2048M) 7.185ms
[2025-03-18T14:57:57.890+0100][4197.805s][info][gc,cpu      ] GC(351) User=0.05s Sys=0.00s Real=0.01s
[2025-03-18T14:58:09.456+0100][4209.371s][info][gc,start    ] GC(352) Pause Young (Normal) (G1 Evacuation Pause)
[2025-03-18T14:58:09.456+0100][4209.371s][info][gc,task     ] GC(352) Using 9 workers of 9 for evacuation
[2025-03-18T14:58:09.459+0100][4209.375s][info][gc,phases   ] GC(352)   Pre Evacuate Collection Set: 0.1ms
[2025-03-18T14:58:09.459+0100][4209.375s][info][gc,phases   ] GC(352)   Merge Heap Roots: 0.1ms
[2025-03-18T14:58:09.459+0100][4209.375s][info][gc,phases   ] GC(352)   Evacuate Collection Set: 2.8ms
[2025-03-18T14:58:09.459+0100][4209.375s][info][gc,phases   ] GC(352)   Post Evacuate Collection Set: 0.4ms
[2025-03-18T14:58:09.459+0100][4209.375s][info][gc,phases   ] GC(352)   Other: 0.1ms
[2025-03-18T14:58:09.459+0100][4209.375s][info][gc,heap     ] GC(352) Eden regions: 302->0(302)
[2025-03-18T14:58:09.459+0100][4209.375s][info][gc,heap     ] GC(352) Survivor regions: 5->5(39)
[2025-03-18T14:58:09.459+0100][4209.375s][info][gc,heap     ] GC(352) Old regions: 53->53
[2025-03-18T14:58:09.459+0100][4209.375s][info][gc,heap     ] GC(352) Humongous regions: 1->1
[2025-03-18T14:58:09.459+0100][4209.375s][info][gc,metaspace] GC(352) Metaspace: 28112K(28544K)->28112K(28544K) NonClass: 24479K(24704K)->24479K(24704K) Class: 3632K(3840K)->3632K(3840K)
[2025-03-18T14:58:09.459+0100][4209.375s][info][gc          ] GC(352) Pause Young (Normal) (G1 Evacuation Pause) 1440M->234M(2048M) 3.667ms
[2025-03-18T14:58:09.459+0100][4209.375s][info][gc,cpu      ] GC(352) User=0.03s Sys=0.00s Real=0.00s
[2025-03-18T14:58:14.354+0100][4214.269s][info][gc,start    ] GC(353) Pause Young (Normal) (G1 Evacuation Pause)
[2025-03-18T14:58:14.354+0100][4214.269s][info][gc,task     ] GC(353) Using 9 workers of 9 for evacuation
[2025-03-18T14:58:14.357+0100][4214.272s][info][gc,phases   ] GC(353)   Pre Evacuate Collection Set: 0.1ms
[2025-03-18T14:58:14.357+0100][4214.273s][info][gc,phases   ] GC(353)   Merge Heap Roots: 0.1ms
[2025-03-18T14:58:14.357+0100][4214.273s][info][gc,phases   ] GC(353)   Evacuate Collection Set: 2.8ms
[2025-03-18T14:58:14.357+0100][4214.273s][info][gc,phases   ] GC(353)   Post Evacuate Collection Set: 0.4ms
[2025-03-18T14:58:14.357+0100][4214.273s][info][gc,phases   ] GC(353)   Other: 0.1ms
[2025-03-18T14:58:14.357+0100][4214.273s][info][gc,heap     ] GC(353) Eden regions: 302->0(303)
[2025-03-18T14:58:14.357+0100][4214.273s][info][gc,heap     ] GC(353) Survivor regions: 5->4(39)
[2025-03-18T14:58:14.357+0100][4214.273s][info][gc,heap     ] GC(353) Old regions: 53->53
[2025-03-18T14:58:14.357+0100][4214.273s][info][gc,heap     ] GC(353) Humongous regions: 1->1
[2025-03-18T14:58:14.357+0100][4214.273s][info][gc,metaspace] GC(353) Metaspace: 28112K(28544K)->28112K(28544K) NonClass: 24479K(24704K)->24479K(24704K) Class: 3632K(3840K)->3632K(3840K)
[2025-03-18T14:58:14.357+0100][4214.273s][info][gc          ] GC(353) Pause Young (Normal) (G1 Evacuation Pause) 1442M->228M(2048M) 3.563ms
[2025-03-18T14:58:14.357+0100][4214.273s][info][gc,cpu      ] GC(353) User=0.02s Sys=0.00s Real=0.00s
[2025-03-18T14:58:30.892+0100][4230.808s][info][gc,start    ] GC(354) Pause Young (Normal) (G1 Evacuation Pause)
[2025-03-18T14:58:30.894+0100][4230.809s][info][gc,task     ] GC(354) Using 9 workers of 9 for evacuation
[2025-03-18T14:58:30.899+0100][4230.814s][info][gc,phases   ] GC(354)   Pre Evacuate Collection Set: 0.2ms
[2025-03-18T14:58:30.899+0100][4230.814s][info][gc,phases   ] GC(354)   Merge Heap Roots: 0.1ms
[2025-03-18T14:58:30.899+0100][4230.814s][info][gc,phases   ] GC(354)   Evacuate Collection Set: 4.1ms
[2025-03-18T14:58:30.899+0100][4230.814s][info][gc,phases   ] GC(354)   Post Evacuate Collection Set: 0.5ms
[2025-03-18T14:58:30.899+0100][4230.814s][info][gc,phases   ] GC(354)   Other: 0.1ms
[2025-03-18T14:58:30.899+0100][4230.814s][info][gc,heap     ] GC(354) Eden regions: 303->0(303)
[2025-03-18T14:58:30.899+0100][4230.814s][info][gc,heap     ] GC(354) Survivor regions: 4->4(39)
[2025-03-18T14:58:30.899+0100][4230.814s][info][gc,heap     ] GC(354) Old regions: 53->53
[2025-03-18T14:58:30.899+0100][4230.814s][info][gc,heap     ] GC(354) Humongous regions: 1->1
[2025-03-18T14:58:30.899+0100][4230.814s][info][gc,metaspace] GC(354) Metaspace: 28112K(28544K)->28112K(28544K) NonClass: 24479K(24704K)->24479K(24704K) Class: 3632K(3840K)->3632K(3840K)
[2025-03-18T14:58:30.899+0100][4230.814s][info][gc          ] GC(354) Pause Young (Normal) (G1 Evacuation Pause) 1440M->228M(2048M) 6.718ms
[2025-03-18T14:58:30.899+0100][4230.814s][info][gc,cpu      ] GC(354) User=0.03s Sys=0.00s Real=0.00s
[2025-03-18T14:58:43.877+0100][4243.792s][info][gc,start    ] GC(355) Pause Young (Normal) (G1 Evacuation Pause)
[2025-03-18T14:58:43.877+0100][4243.792s][info][gc,task     ] GC(355) Using 9 workers of 9 for evacuation
[2025-03-18T14:58:43.884+0100][4243.799s][info][gc,phases   ] GC(355)   Pre Evacuate Collection Set: 0.2ms
[2025-03-18T14:58:43.884+0100][4243.799s][info][gc,phases   ] GC(355)   Merge Heap Roots: 0.1ms
[2025-03-18T14:58:43.884+0100][4243.799s][info][gc,phases   ] GC(355)   Evacuate Collection Set: 6.0ms
[2025-03-18T14:58:43.884+0100][4243.799s][info][gc,phases   ] GC(355)   Post Evacuate Collection Set: 0.5ms
[2025-03-18T14:58:43.884+0100][4243.799s][info][gc,phases   ] GC(355)   Other: 0.1ms
[2025-03-18T14:58:43.884+0100][4243.799s][info][gc,heap     ] GC(355) Eden regions: 303->0(302)
[2025-03-18T14:58:43.884+0100][4243.799s][info][gc,heap     ] GC(355) Survivor regions: 4->5(39)
[2025-03-18T14:58:43.884+0100][4243.799s][info][gc,heap     ] GC(355) Old regions: 53->54
[2025-03-18T14:58:43.884+0100][4243.799s][info][gc,heap     ] GC(355) Humongous regions: 1->1
[2025-03-18T14:58:43.884+0100][4243.799s][info][gc,metaspace] GC(355) Metaspace: 28112K(28544K)->28112K(28544K) NonClass: 24479K(24704K)->24479K(24704K) Class: 3632K(3840K)->3632K(3840K)
[2025-03-18T14:58:43.884+0100][4243.799s][info][gc          ] GC(355) Pause Young (Normal) (G1 Evacuation Pause) 1440M->235M(2048M) 7.154ms
[2025-03-18T14:58:43.884+0100][4243.799s][info][gc,cpu      ] GC(355) User=0.05s Sys=0.00s Real=0.01s
[2025-03-18T14:58:59.802+0100][4259.718s][info][gc,start    ] GC(356) Pause Young (Normal) (G1 Evacuation Pause)
[2025-03-18T14:58:59.802+0100][4259.718s][info][gc,task     ] GC(356) Using 9 workers of 9 for evacuation
[2025-03-18T14:58:59.805+0100][4259.721s][info][gc,phases   ] GC(356)   Pre Evacuate Collection Set: 0.1ms
[2025-03-18T14:58:59.805+0100][4259.721s][info][gc,phases   ] GC(356)   Merge Heap Roots: 0.1ms
[2025-03-18T14:58:59.805+0100][4259.721s][info][gc,phases   ] GC(356)   Evacuate Collection Set: 2.9ms
[2025-03-18T14:58:59.805+0100][4259.721s][info][gc,phases   ] GC(356)   Post Evacuate Collection Set: 0.4ms
[2025-03-18T14:58:59.805+0100][4259.721s][info][gc,phases   ] GC(356)   Other: 0.0ms
[2025-03-18T14:58:59.805+0100][4259.721s][info][gc,heap     ] GC(356) Eden regions: 302->0(303)
[2025-03-18T14:58:59.806+0100][4259.721s][info][gc,heap     ] GC(356) Survivor regions: 5->4(39)
[2025-03-18T14:58:59.806+0100][4259.721s][info][gc,heap     ] GC(356) Old regions: 54->54
[2025-03-18T14:58:59.806+0100][4259.721s][info][gc,heap     ] GC(356) Humongous regions: 1->1
[2025-03-18T14:58:59.806+0100][4259.721s][info][gc,metaspace] GC(356) Metaspace: 28112K(28544K)->28112K(28544K) NonClass: 24479K(24704K)->24479K(24704K) Class: 3632K(3840K)->3632K(3840K)
[2025-03-18T14:58:59.806+0100][4259.721s][info][gc          ] GC(356) Pause Young (Normal) (G1 Evacuation Pause) 1443M->231M(2048M) 3.672ms
[2025-03-18T14:58:59.806+0100][4259.721s][info][gc,cpu      ] GC(356) User=0.02s Sys=0.00s Real=0.00s
[2025-03-18T14:59:13.349+0100][4273.264s][info][gc,start    ] GC(357) Pause Young (Normal) (G1 Evacuation Pause)
[2025-03-18T14:59:13.349+0100][4273.265s][info][gc,task     ] GC(357) Using 9 workers of 9 for evacuation
[2025-03-18T14:59:13.355+0100][4273.271s][info][gc,phases   ] GC(357)   Pre Evacuate Collection Set: 0.1ms
[2025-03-18T14:59:13.355+0100][4273.271s][info][gc,phases   ] GC(357)   Merge Heap Roots: 0.1ms
[2025-03-18T14:59:13.355+0100][4273.271s][info][gc,phases   ] GC(357)   Evacuate Collection Set: 5.7ms
[2025-03-18T14:59:13.355+0100][4273.271s][info][gc,phases   ] GC(357)   Post Evacuate Collection Set: 0.5ms
[2025-03-18T14:59:13.355+0100][4273.271s][info][gc,phases   ] GC(357)   Other: 0.0ms
[2025-03-18T14:59:13.355+0100][4273.271s][info][gc,heap     ] GC(357) Eden regions: 303->0(303)
[2025-03-18T14:59:13.355+0100][4273.271s][info][gc,heap     ] GC(357) Survivor regions: 4->4(39)
[2025-03-18T14:59:13.355+0100][4273.271s][info][gc,heap     ] GC(357) Old regions: 54->54
[2025-03-18T14:59:13.355+0100][4273.271s][info][gc,heap     ] GC(357) Humongous regions: 1->1
[2025-03-18T14:59:13.355+0100][4273.271s][info][gc,metaspace] GC(357) Metaspace: 28112K(28544K)->28112K(28544K) NonClass: 24479K(24704K)->24479K(24704K) Class: 3632K(3840K)->3632K(3840K)
[2025-03-18T14:59:13.355+0100][4273.271s][info][gc          ] GC(357) Pause Young (Normal) (G1 Evacuation Pause) 1443M->232M(2048M) 6.743ms
[2025-03-18T14:59:13.355+0100][4273.271s][info][gc,cpu      ] GC(357) User=0.05s Sys=0.00s Real=0.01s
[2025-03-18T14:59:30.871+0100][4290.787s][info][gc,start    ] GC(358) Pause Young (Normal) (G1 Evacuation Pause)
[2025-03-18T14:59:30.872+0100][4290.787s][info][gc,task     ] GC(358) Using 9 workers of 9 for evacuation
[2025-03-18T14:59:30.878+0100][4290.794s][info][gc,phases   ] GC(358)   Pre Evacuate Collection Set: 0.2ms
[2025-03-18T14:59:30.878+0100][4290.794s][info][gc,phases   ] GC(358)   Merge Heap Roots: 0.1ms
[2025-03-18T14:59:30.878+0100][4290.794s][info][gc,phases   ] GC(358)   Evacuate Collection Set: 5.7ms
[2025-03-18T14:59:30.878+0100][4290.794s][info][gc,phases   ] GC(358)   Post Evacuate Collection Set: 0.5ms
[2025-03-18T14:59:30.878+0100][4290.794s][info][gc,phases   ] GC(358)   Other: 0.1ms
[2025-03-18T14:59:30.878+0100][4290.794s][info][gc,heap     ] GC(358) Eden regions: 303->0(303)
[2025-03-18T14:59:30.878+0100][4290.794s][info][gc,heap     ] GC(358) Survivor regions: 4->4(39)
[2025-03-18T14:59:30.878+0100][4290.794s][info][gc,heap     ] GC(358) Old regions: 54->54
[2025-03-18T14:59:30.878+0100][4290.794s][info][gc,heap     ] GC(358) Humongous regions: 1->1
[2025-03-18T14:59:30.878+0100][4290.794s][info][gc,metaspace] GC(358) Metaspace: 28112K(28544K)->28112K(28544K) NonClass: 24479K(24704K)->24479K(24704K) Class: 3632K(3840K)->3632K(3840K)
[2025-03-18T14:59:30.878+0100][4290.794s][info][gc          ] GC(358) Pause Young (Normal) (G1 Evacuation Pause) 1444M->231M(2048M) 7.040ms
[2025-03-18T14:59:30.878+0100][4290.794s][info][gc,cpu      ] GC(358) User=0.04s Sys=0.01s Real=0.00s
[2025-03-18T14:59:43.364+0100][4303.280s][info][gc,start    ] GC(359) Pause Young (Normal) (G1 Evacuation Pause)
[2025-03-18T14:59:43.364+0100][4303.280s][info][gc,task     ] GC(359) Using 9 workers of 9 for evacuation
[2025-03-18T14:59:43.368+0100][4303.284s][info][gc,phases   ] GC(359)   Pre Evacuate Collection Set: 0.1ms
[2025-03-18T14:59:43.368+0100][4303.284s][info][gc,phases   ] GC(359)   Merge Heap Roots: 0.1ms
[2025-03-18T14:59:43.368+0100][4303.284s][info][gc,phases   ] GC(359)   Evacuate Collection Set: 3.8ms
[2025-03-18T14:59:43.368+0100][4303.284s][info][gc,phases   ] GC(359)   Post Evacuate Collection Set: 0.3ms
[2025-03-18T14:59:43.368+0100][4303.284s][info][gc,phases   ] GC(359)   Other: 0.1ms
[2025-03-18T14:59:43.368+0100][4303.284s][info][gc,heap     ] GC(359) Eden regions: 303->0(302)
[2025-03-18T14:59:43.368+0100][4303.284s][info][gc,heap     ] GC(359) Survivor regions: 4->5(39)
[2025-03-18T14:59:43.368+0100][4303.284s][info][gc,heap     ] GC(359) Old regions: 54->54
[2025-03-18T14:59:43.368+0100][4303.284s][info][gc,heap     ] GC(359) Humongous regions: 1->1
[2025-03-18T14:59:43.368+0100][4303.284s][info][gc,metaspace] GC(359) Metaspace: 28112K(28544K)->28112K(28544K) NonClass: 24479K(24704K)->24479K(24704K) Class: 3632K(3840K)->3632K(3840K)
[2025-03-18T14:59:43.368+0100][4303.284s][info][gc          ] GC(359) Pause Young (Normal) (G1 Evacuation Pause) 1443M->234M(2048M) 4.873ms
[2025-03-18T14:59:43.368+0100][4303.284s][info][gc,cpu      ] GC(359) User=0.03s Sys=0.00s Real=0.00s
[2025-03-18T15:00:00.874+0100][4320.790s][info][gc,start    ] GC(360) Pause Young (Normal) (G1 Evacuation Pause)
[2025-03-18T15:00:00.874+0100][4320.791s][info][gc,task     ] GC(360) Using 9 workers of 9 for evacuation
[2025-03-18T15:00:00.880+0100][4320.797s][info][gc,phases   ] GC(360)   Pre Evacuate Collection Set: 0.3ms
[2025-03-18T15:00:00.881+0100][4320.797s][info][gc,phases   ] GC(360)   Merge Heap Roots: 0.1ms
[2025-03-18T15:00:00.881+0100][4320.797s][info][gc,phases   ] GC(360)   Evacuate Collection Set: 5.1ms
[2025-03-18T15:00:00.881+0100][4320.797s][info][gc,phases   ] GC(360)   Post Evacuate Collection Set: 0.6ms
[2025-03-18T15:00:00.881+0100][4320.797s][info][gc,phases   ] GC(360)   Other: 0.1ms
[2025-03-18T15:00:00.881+0100][4320.797s][info][gc,heap     ] GC(360) Eden regions: 302->0(303)
[2025-03-18T15:00:00.881+0100][4320.797s][info][gc,heap     ] GC(360) Survivor regions: 5->4(39)
[2025-03-18T15:00:00.881+0100][4320.797s][info][gc,heap     ] GC(360) Old regions: 54->54
[2025-03-18T15:00:00.881+0100][4320.797s][info][gc,heap     ] GC(360) Humongous regions: 1->1
[2025-03-18T15:00:00.881+0100][4320.797s][info][gc,metaspace] GC(360) Metaspace: 28112K(28544K)->28112K(28544K) NonClass: 24479K(24704K)->24479K(24704K) Class: 3632K(3840K)->3632K(3840K)
[2025-03-18T15:00:00.881+0100][4320.797s][info][gc          ] GC(360) Pause Young (Normal) (G1 Evacuation Pause) 1442M->233M(2048M) 6.492ms
[2025-03-18T15:00:00.881+0100][4320.797s][info][gc,cpu      ] GC(360) User=0.05s Sys=0.00s Real=0.01s
[2025-03-18T15:00:12.867+0100][4332.783s][info][gc,start    ] GC(361) Pause Young (Normal) (G1 Evacuation Pause)
[2025-03-18T15:00:12.867+0100][4332.783s][info][gc,task     ] GC(361) Using 9 workers of 9 for evacuation
[2025-03-18T15:00:12.871+0100][4332.788s][info][gc,phases   ] GC(361)   Pre Evacuate Collection Set: 0.1ms
[2025-03-18T15:00:12.871+0100][4332.788s][info][gc,phases   ] GC(361)   Merge Heap Roots: 0.1ms
[2025-03-18T15:00:12.871+0100][4332.788s][info][gc,phases   ] GC(361)   Evacuate Collection Set: 3.7ms
[2025-03-18T15:00:12.871+0100][4332.788s][info][gc,phases   ] GC(361)   Post Evacuate Collection Set: 0.4ms
[2025-03-18T15:00:12.871+0100][4332.788s][info][gc,phases   ] GC(361)   Other: 0.1ms
[2025-03-18T15:00:12.871+0100][4332.788s][info][gc,heap     ] GC(361) Eden regions: 303->0(302)
[2025-03-18T15:00:12.871+0100][4332.788s][info][gc,heap     ] GC(361) Survivor regions: 4->5(39)
[2025-03-18T15:00:12.871+0100][4332.788s][info][gc,heap     ] GC(361) Old regions: 54->54
[2025-03-18T15:00:12.871+0100][4332.788s][info][gc,heap     ] GC(361) Humongous regions: 1->1
[2025-03-18T15:00:12.871+0100][4332.788s][info][gc,metaspace] GC(361) Metaspace: 28112K(28544K)->28112K(28544K) NonClass: 24479K(24704K)->24479K(24704K) Class: 3632K(3840K)->3632K(3840K)
[2025-03-18T15:00:12.871+0100][4332.788s][info][gc          ] GC(361) Pause Young (Normal) (G1 Evacuation Pause) 1445M->234M(2048M) 4.601ms
[2025-03-18T15:00:12.871+0100][4332.788s][info][gc,cpu      ] GC(361) User=0.03s Sys=0.00s Real=0.01s
[2025-03-18T15:00:25.871+0100][4345.787s][info][gc,start    ] GC(362) Pause Young (Normal) (G1 Evacuation Pause)
[2025-03-18T15:00:25.871+0100][4345.787s][info][gc,task     ] GC(362) Using 9 workers of 9 for evacuation
[2025-03-18T15:00:25.877+0100][4345.794s][info][gc,phases   ] GC(362)   Pre Evacuate Collection Set: 0.2ms
[2025-03-18T15:00:25.877+0100][4345.794s][info][gc,phases   ] GC(362)   Merge Heap Roots: 0.1ms
[2025-03-18T15:00:25.877+0100][4345.794s][info][gc,phases   ] GC(362)   Evacuate Collection Set: 5.4ms
[2025-03-18T15:00:25.877+0100][4345.794s][info][gc,phases   ] GC(362)   Post Evacuate Collection Set: 0.5ms
[2025-03-18T15:00:25.877+0100][4345.794s][info][gc,phases   ] GC(362)   Other: 0.1ms
[2025-03-18T15:00:25.877+0100][4345.794s][info][gc,heap     ] GC(362) Eden regions: 302->0(303)
[2025-03-18T15:00:25.877+0100][4345.794s][info][gc,heap     ] GC(362) Survivor regions: 5->4(39)
[2025-03-18T15:00:25.878+0100][4345.794s][info][gc,heap     ] GC(362) Old regions: 54->54
[2025-03-18T15:00:25.878+0100][4345.794s][info][gc,heap     ] GC(362) Humongous regions: 1->1
[2025-03-18T15:00:25.878+0100][4345.794s][info][gc,metaspace] GC(362) Metaspace: 28112K(28544K)->28112K(28544K) NonClass: 24479K(24704K)->24479K(24704K) Class: 3632K(3840K)->3632K(3840K)
[2025-03-18T15:00:25.878+0100][4345.794s][info][gc          ] GC(362) Pause Young (Normal) (G1 Evacuation Pause) 1442M->233M(2048M) 6.695ms
[2025-03-18T15:00:25.878+0100][4345.794s][info][gc,cpu      ] GC(362) User=0.04s Sys=0.00s Real=0.00s
[2025-03-18T15:00:43.373+0100][4363.290s][info][gc,start    ] GC(363) Pause Young (Normal) (G1 Evacuation Pause)
[2025-03-18T15:00:43.375+0100][4363.292s][info][gc,task     ] GC(363) Using 9 workers of 9 for evacuation
[2025-03-18T15:00:43.381+0100][4363.298s][info][gc,phases   ] GC(363)   Pre Evacuate Collection Set: 0.3ms
[2025-03-18T15:00:43.381+0100][4363.298s][info][gc,phases   ] GC(363)   Merge Heap Roots: 0.1ms
[2025-03-18T15:00:43.381+0100][4363.298s][info][gc,phases   ] GC(363)   Evacuate Collection Set: 5.0ms
[2025-03-18T15:00:43.381+0100][4363.298s][info][gc,phases   ] GC(363)   Post Evacuate Collection Set: 0.5ms
[2025-03-18T15:00:43.381+0100][4363.298s][info][gc,phases   ] GC(363)   Other: 0.1ms
[2025-03-18T15:00:43.381+0100][4363.298s][info][gc,heap     ] GC(363) Eden regions: 303->0(303)
[2025-03-18T15:00:43.381+0100][4363.298s][info][gc,heap     ] GC(363) Survivor regions: 4->4(39)
[2025-03-18T15:00:43.381+0100][4363.298s][info][gc,heap     ] GC(363) Old regions: 54->54
[2025-03-18T15:00:43.381+0100][4363.298s][info][gc,heap     ] GC(363) Humongous regions: 1->1
[2025-03-18T15:00:43.381+0100][4363.298s][info][gc,metaspace] GC(363) Metaspace: 28112K(28544K)->28112K(28544K) NonClass: 24479K(24704K)->24479K(24704K) Class: 3632K(3840K)->3632K(3840K)
[2025-03-18T15:00:43.381+0100][4363.298s][info][gc          ] GC(363) Pause Young (Normal) (G1 Evacuation Pause) 1445M->232M(2048M) 7.843ms
[2025-03-18T15:00:43.381+0100][4363.298s][info][gc,cpu      ] GC(363) User=0.05s Sys=0.00s Real=0.01s
[2025-03-18T15:00:55.386+0100][4375.302s][info][gc,start    ] GC(364) Pause Young (Normal) (G1 Evacuation Pause)
[2025-03-18T15:00:55.386+0100][4375.302s][info][gc,task     ] GC(364) Using 9 workers of 9 for evacuation
[2025-03-18T15:00:55.392+0100][4375.309s][info][gc,phases   ] GC(364)   Pre Evacuate Collection Set: 0.2ms
[2025-03-18T15:00:55.393+0100][4375.309s][info][gc,phases   ] GC(364)   Merge Heap Roots: 0.1ms
[2025-03-18T15:00:55.393+0100][4375.309s][info][gc,phases   ] GC(364)   Evacuate Collection Set: 5.5ms
[2025-03-18T15:00:55.393+0100][4375.309s][info][gc,phases   ] GC(364)   Post Evacuate Collection Set: 0.7ms
[2025-03-18T15:00:55.393+0100][4375.309s][info][gc,phases   ] GC(364)   Other: 0.1ms
[2025-03-18T15:00:55.393+0100][4375.309s][info][gc,heap     ] GC(364) Eden regions: 303->0(302)
[2025-03-18T15:00:55.393+0100][4375.309s][info][gc,heap     ] GC(364) Survivor regions: 4->5(39)
[2025-03-18T15:00:55.393+0100][4375.309s][info][gc,heap     ] GC(364) Old regions: 54->54
[2025-03-18T15:00:55.393+0100][4375.309s][info][gc,heap     ] GC(364) Humongous regions: 1->1
[2025-03-18T15:00:55.393+0100][4375.309s][info][gc,metaspace] GC(364) Metaspace: 28112K(28544K)->28112K(28544K) NonClass: 24479K(24704K)->24479K(24704K) Class: 3632K(3840K)->3632K(3840K)
[2025-03-18T15:00:55.393+0100][4375.309s][info][gc          ] GC(364) Pause Young (Normal) (G1 Evacuation Pause) 1444M->236M(2048M) 6.940ms
[2025-03-18T15:00:55.393+0100][4375.309s][info][gc,cpu      ] GC(364) User=0.05s Sys=0.01s Real=0.01s
[2025-03-18T15:01:08.390+0100][4388.306s][info][gc,start    ] GC(365) Pause Young (Normal) (G1 Evacuation Pause)
[2025-03-18T15:01:08.390+0100][4388.307s][info][gc,task     ] GC(365) Using 9 workers of 9 for evacuation
[2025-03-18T15:01:08.394+0100][4388.311s][info][gc,phases   ] GC(365)   Pre Evacuate Collection Set: 0.1ms
[2025-03-18T15:01:08.394+0100][4388.311s][info][gc,phases   ] GC(365)   Merge Heap Roots: 0.1ms
[2025-03-18T15:01:08.394+0100][4388.311s][info][gc,phases   ] GC(365)   Evacuate Collection Set: 3.9ms
[2025-03-18T15:01:08.395+0100][4388.311s][info][gc,phases   ] GC(365)   Post Evacuate Collection Set: 0.4ms
[2025-03-18T15:01:08.395+0100][4388.311s][info][gc,phases   ] GC(365)   Other: 0.1ms
[2025-03-18T15:01:08.395+0100][4388.311s][info][gc,heap     ] GC(365) Eden regions: 302->0(303)
[2025-03-18T15:01:08.395+0100][4388.311s][info][gc,heap     ] GC(365) Survivor regions: 5->4(39)
[2025-03-18T15:01:08.395+0100][4388.311s][info][gc,heap     ] GC(365) Old regions: 54->54
[2025-03-18T15:01:08.395+0100][4388.311s][info][gc,heap     ] GC(365) Humongous regions: 1->1
[2025-03-18T15:01:08.395+0100][4388.311s][info][gc,metaspace] GC(365) Metaspace: 28112K(28544K)->28112K(28544K) NonClass: 24479K(24704K)->24479K(24704K) Class: 3632K(3840K)->3632K(3840K)
[2025-03-18T15:01:08.395+0100][4388.311s][info][gc          ] GC(365) Pause Young (Normal) (G1 Evacuation Pause) 1444M->231M(2048M) 4.966ms
[2025-03-18T15:01:08.395+0100][4388.311s][info][gc,cpu      ] GC(365) User=0.04s Sys=0.00s Real=0.00s
[2025-03-18T15:01:25.867+0100][4405.784s][info][gc,start    ] GC(366) Pause Young (Normal) (G1 Evacuation Pause)
[2025-03-18T15:01:25.867+0100][4405.784s][info][gc,task     ] GC(366) Using 9 workers of 9 for evacuation
[2025-03-18T15:01:25.875+0100][4405.792s][info][gc,phases   ] GC(366)   Pre Evacuate Collection Set: 0.2ms
[2025-03-18T15:01:25.875+0100][4405.792s][info][gc,phases   ] GC(366)   Merge Heap Roots: 0.1ms
[2025-03-18T15:01:25.875+0100][4405.792s][info][gc,phases   ] GC(366)   Evacuate Collection Set: 6.6ms
[2025-03-18T15:01:25.875+0100][4405.792s][info][gc,phases   ] GC(366)   Post Evacuate Collection Set: 0.7ms
[2025-03-18T15:01:25.875+0100][4405.792s][info][gc,phases   ] GC(366)   Other: 0.1ms
[2025-03-18T15:01:25.875+0100][4405.792s][info][gc,heap     ] GC(366) Eden regions: 303->0(303)
[2025-03-18T15:01:25.875+0100][4405.792s][info][gc,heap     ] GC(366) Survivor regions: 4->4(39)
[2025-03-18T15:01:25.875+0100][4405.792s][info][gc,heap     ] GC(366) Old regions: 54->54
[2025-03-18T15:01:25.875+0100][4405.792s][info][gc,heap     ] GC(366) Humongous regions: 1->1
[2025-03-18T15:01:25.875+0100][4405.792s][info][gc,metaspace] GC(366) Metaspace: 28112K(28544K)->28112K(28544K) NonClass: 24479K(24704K)->24479K(24704K) Class: 3632K(3840K)->3632K(3840K)
[2025-03-18T15:01:25.875+0100][4405.792s][info][gc          ] GC(366) Pause Young (Normal) (G1 Evacuation Pause) 1443M->232M(2048M) 8.254ms
[2025-03-18T15:01:25.875+0100][4405.792s][info][gc,cpu      ] GC(366) User=0.05s Sys=0.01s Real=0.01s
[2025-03-18T15:01:43.363+0100][4423.280s][info][gc,start    ] GC(367) Pause Young (Normal) (G1 Evacuation Pause)
[2025-03-18T15:01:43.364+0100][4423.281s][info][gc,task     ] GC(367) Using 9 workers of 9 for evacuation
[2025-03-18T15:01:43.372+0100][4423.289s][info][gc,phases   ] GC(367)   Pre Evacuate Collection Set: 0.2ms
[2025-03-18T15:01:43.372+0100][4423.289s][info][gc,phases   ] GC(367)   Merge Heap Roots: 0.1ms
[2025-03-18T15:01:43.372+0100][4423.289s][info][gc,phases   ] GC(367)   Evacuate Collection Set: 6.9ms
[2025-03-18T15:01:43.372+0100][4423.289s][info][gc,phases   ] GC(367)   Post Evacuate Collection Set: 0.6ms
[2025-03-18T15:01:43.373+0100][4423.289s][info][gc,phases   ] GC(367)   Other: 0.1ms
[2025-03-18T15:01:43.373+0100][4423.289s][info][gc,heap     ] GC(367) Eden regions: 303->0(303)
[2025-03-18T15:01:43.373+0100][4423.290s][info][gc,heap     ] GC(367) Survivor regions: 4->4(39)
[2025-03-18T15:01:43.373+0100][4423.290s][info][gc,heap     ] GC(367) Old regions: 54->54
[2025-03-18T15:01:43.373+0100][4423.290s][info][gc,heap     ] GC(367) Humongous regions: 1->1
[2025-03-18T15:01:43.373+0100][4423.290s][info][gc,metaspace] GC(367) Metaspace: 28112K(28544K)->28112K(28544K) NonClass: 24479K(24704K)->24479K(24704K) Class: 3632K(3840K)->3632K(3840K)
[2025-03-18T15:01:43.373+0100][4423.290s][info][gc          ] GC(367) Pause Young (Normal) (G1 Evacuation Pause) 1444M->232M(2048M) 9.691ms
[2025-03-18T15:01:43.373+0100][4423.290s][info][gc,cpu      ] GC(367) User=0.04s Sys=0.01s Real=0.01s
[2025-03-18T15:02:00.854+0100][4440.771s][info][gc,start    ] GC(368) Pause Young (Normal) (G1 Evacuation Pause)
[2025-03-18T15:02:00.855+0100][4440.772s][info][gc,task     ] GC(368) Using 9 workers of 9 for evacuation
[2025-03-18T15:02:00.862+0100][4440.779s][info][gc,phases   ] GC(368)   Pre Evacuate Collection Set: 0.2ms
[2025-03-18T15:02:00.862+0100][4440.779s][info][gc,phases   ] GC(368)   Merge Heap Roots: 0.1ms
[2025-03-18T15:02:00.862+0100][4440.779s][info][gc,phases   ] GC(368)   Evacuate Collection Set: 6.0ms
[2025-03-18T15:02:00.862+0100][4440.779s][info][gc,phases   ] GC(368)   Post Evacuate Collection Set: 0.8ms
[2025-03-18T15:02:00.862+0100][4440.779s][info][gc,phases   ] GC(368)   Other: 0.2ms
[2025-03-18T15:02:00.862+0100][4440.779s][info][gc,heap     ] GC(368) Eden regions: 303->0(303)
[2025-03-18T15:02:00.862+0100][4440.780s][info][gc,heap     ] GC(368) Survivor regions: 4->4(39)
[2025-03-18T15:02:00.862+0100][4440.780s][info][gc,heap     ] GC(368) Old regions: 54->54
[2025-03-18T15:02:00.862+0100][4440.780s][info][gc,heap     ] GC(368) Humongous regions: 1->1
[2025-03-18T15:02:00.862+0100][4440.780s][info][gc,metaspace] GC(368) Metaspace: 28112K(28544K)->28112K(28544K) NonClass: 24479K(24704K)->24479K(24704K) Class: 3632K(3840K)->3632K(3840K)
[2025-03-18T15:02:00.862+0100][4440.780s][info][gc          ] GC(368) Pause Young (Normal) (G1 Evacuation Pause) 1444M->232M(2048M) 8.974ms
[2025-03-18T15:02:00.863+0100][4440.780s][info][gc,cpu      ] GC(368) User=0.05s Sys=0.00s Real=0.01s
[2025-03-18T15:02:18.340+0100][4458.257s][info][gc,start    ] GC(369) Pause Young (Normal) (G1 Evacuation Pause)
[2025-03-18T15:02:18.342+0100][4458.259s][info][gc,task     ] GC(369) Using 9 workers of 9 for evacuation
[2025-03-18T15:02:18.354+0100][4458.271s][info][gc,phases   ] GC(369)   Pre Evacuate Collection Set: 0.6ms
[2025-03-18T15:02:18.354+0100][4458.271s][info][gc,phases   ] GC(369)   Merge Heap Roots: 0.1ms
[2025-03-18T15:02:18.354+0100][4458.271s][info][gc,phases   ] GC(369)   Evacuate Collection Set: 10.4ms
[2025-03-18T15:02:18.354+0100][4458.271s][info][gc,phases   ] GC(369)   Post Evacuate Collection Set: 0.9ms
[2025-03-18T15:02:18.354+0100][4458.272s][info][gc,phases   ] GC(369)   Other: 0.2ms
[2025-03-18T15:02:18.354+0100][4458.272s][info][gc,heap     ] GC(369) Eden regions: 303->0(304)
[2025-03-18T15:02:18.354+0100][4458.272s][info][gc,heap     ] GC(369) Survivor regions: 4->3(39)
[2025-03-18T15:02:18.354+0100][4458.272s][info][gc,heap     ] GC(369) Old regions: 54->54
[2025-03-18T15:02:18.354+0100][4458.272s][info][gc,heap     ] GC(369) Humongous regions: 1->1
[2025-03-18T15:02:18.354+0100][4458.272s][info][gc,metaspace] GC(369) Metaspace: 28112K(28544K)->28112K(28544K) NonClass: 24479K(24704K)->24479K(24704K) Class: 3632K(3840K)->3632K(3840K)
[2025-03-18T15:02:18.354+0100][4458.272s][info][gc          ] GC(369) Pause Young (Normal) (G1 Evacuation Pause) 1444M->230M(2048M) 14.381ms
[2025-03-18T15:02:18.354+0100][4458.272s][info][gc,cpu      ] GC(369) User=0.05s Sys=0.00s Real=0.01s
[2025-03-18T15:02:30.371+0100][4470.288s][info][gc,start    ] GC(370) Pause Young (Normal) (G1 Evacuation Pause)
[2025-03-18T15:02:30.372+0100][4470.289s][info][gc,task     ] GC(370) Using 9 workers of 9 for evacuation
[2025-03-18T15:02:30.379+0100][4470.296s][info][gc,phases   ] GC(370)   Pre Evacuate Collection Set: 0.3ms
[2025-03-18T15:02:30.379+0100][4470.296s][info][gc,phases   ] GC(370)   Merge Heap Roots: 0.2ms
[2025-03-18T15:02:30.379+0100][4470.296s][info][gc,phases   ] GC(370)   Evacuate Collection Set: 6.2ms
[2025-03-18T15:02:30.379+0100][4470.296s][info][gc,phases   ] GC(370)   Post Evacuate Collection Set: 0.5ms
[2025-03-18T15:02:30.379+0100][4470.296s][info][gc,phases   ] GC(370)   Other: 0.1ms
[2025-03-18T15:02:30.379+0100][4470.296s][info][gc,heap     ] GC(370) Eden regions: 304->0(303)
[2025-03-18T15:02:30.379+0100][4470.296s][info][gc,heap     ] GC(370) Survivor regions: 3->4(39)
[2025-03-18T15:02:30.379+0100][4470.296s][info][gc,heap     ] GC(370) Old regions: 54->54
[2025-03-18T15:02:30.379+0100][4470.296s][info][gc,heap     ] GC(370) Humongous regions: 1->1
[2025-03-18T15:02:30.379+0100][4470.296s][info][gc,metaspace] GC(370) Metaspace: 28112K(28544K)->28112K(28544K) NonClass: 24479K(24704K)->24479K(24704K) Class: 3632K(3840K)->3632K(3840K)
[2025-03-18T15:02:30.379+0100][4470.297s][info][gc          ] GC(370) Pause Young (Normal) (G1 Evacuation Pause) 1446M->234M(2048M) 8.029ms
[2025-03-18T15:02:30.379+0100][4470.297s][info][gc,cpu      ] GC(370) User=0.04s Sys=0.01s Real=0.00s
[2025-03-18T15:02:47.880+0100][4487.798s][info][gc,start    ] GC(371) Pause Young (Normal) (G1 Evacuation Pause)
[2025-03-18T15:02:47.882+0100][4487.799s][info][gc,task     ] GC(371) Using 9 workers of 9 for evacuation
[2025-03-18T15:02:47.888+0100][4487.805s][info][gc,phases   ] GC(371)   Pre Evacuate Collection Set: 0.3ms
[2025-03-18T15:02:47.888+0100][4487.805s][info][gc,phases   ] GC(371)   Merge Heap Roots: 0.1ms
[2025-03-18T15:02:47.888+0100][4487.805s][info][gc,phases   ] GC(371)   Evacuate Collection Set: 5.0ms
[2025-03-18T15:02:47.888+0100][4487.805s][info][gc,phases   ] GC(371)   Post Evacuate Collection Set: 0.5ms
[2025-03-18T15:02:47.888+0100][4487.805s][info][gc,phases   ] GC(371)   Other: 0.1ms
[2025-03-18T15:02:47.888+0100][4487.805s][info][gc,heap     ] GC(371) Eden regions: 303->0(303)
[2025-03-18T15:02:47.888+0100][4487.805s][info][gc,heap     ] GC(371) Survivor regions: 4->4(39)
[2025-03-18T15:02:47.888+0100][4487.805s][info][gc,heap     ] GC(371) Old regions: 54->55
[2025-03-18T15:02:47.888+0100][4487.805s][info][gc,heap     ] GC(371) Humongous regions: 1->1
[2025-03-18T15:02:47.888+0100][4487.805s][info][gc,metaspace] GC(371) Metaspace: 28112K(28544K)->28112K(28544K) NonClass: 24479K(24704K)->24479K(24704K) Class: 3632K(3840K)->3632K(3840K)
[2025-03-18T15:02:47.888+0100][4487.805s][info][gc          ] GC(371) Pause Young (Normal) (G1 Evacuation Pause) 1446M->235M(2048M) 7.696ms
[2025-03-18T15:02:47.888+0100][4487.805s][info][gc,cpu      ] GC(371) User=0.05s Sys=0.00s Real=0.00s
[2025-03-18T15:03:05.372+0100][4505.290s][info][gc,start    ] GC(372) Pause Young (Normal) (G1 Evacuation Pause)
[2025-03-18T15:03:05.373+0100][4505.290s][info][gc,task     ] GC(372) Using 9 workers of 9 for evacuation
[2025-03-18T15:03:05.379+0100][4505.297s][info][gc,phases   ] GC(372)   Pre Evacuate Collection Set: 0.2ms
[2025-03-18T15:03:05.379+0100][4505.297s][info][gc,phases   ] GC(372)   Merge Heap Roots: 0.1ms
[2025-03-18T15:03:05.379+0100][4505.297s][info][gc,phases   ] GC(372)   Evacuate Collection Set: 5.8ms
[2025-03-18T15:03:05.379+0100][4505.297s][info][gc,phases   ] GC(372)   Post Evacuate Collection Set: 0.5ms
[2025-03-18T15:03:05.379+0100][4505.297s][info][gc,phases   ] GC(372)   Other: 0.1ms
[2025-03-18T15:03:05.379+0100][4505.297s][info][gc,heap     ] GC(372) Eden regions: 303->0(303)
[2025-03-18T15:03:05.379+0100][4505.297s][info][gc,heap     ] GC(372) Survivor regions: 4->4(39)
[2025-03-18T15:03:05.379+0100][4505.297s][info][gc,heap     ] GC(372) Old regions: 55->55
[2025-03-18T15:03:05.379+0100][4505.297s][info][gc,heap     ] GC(372) Humongous regions: 1->1
[2025-03-18T15:03:05.379+0100][4505.297s][info][gc,metaspace] GC(372) Metaspace: 28112K(28544K)->28112K(28544K) NonClass: 24479K(24704K)->24479K(24704K) Class: 3632K(3840K)->3632K(3840K)
[2025-03-18T15:03:05.379+0100][4505.297s][info][gc          ] GC(372) Pause Young (Normal) (G1 Evacuation Pause) 1447M->234M(2048M) 7.071ms
[2025-03-18T15:03:05.379+0100][4505.297s][info][gc,cpu      ] GC(372) User=0.05s Sys=0.00s Real=0.00s
[2025-03-18T15:03:22.882+0100][4522.800s][info][gc,start    ] GC(373) Pause Young (Normal) (G1 Evacuation Pause)
[2025-03-18T15:03:22.882+0100][4522.800s][info][gc,task     ] GC(373) Using 9 workers of 9 for evacuation
[2025-03-18T15:03:22.888+0100][4522.806s][info][gc,phases   ] GC(373)   Pre Evacuate Collection Set: 0.2ms
[2025-03-18T15:03:22.888+0100][4522.806s][info][gc,phases   ] GC(373)   Merge Heap Roots: 0.1ms
[2025-03-18T15:03:22.888+0100][4522.806s][info][gc,phases   ] GC(373)   Evacuate Collection Set: 4.7ms
[2025-03-18T15:03:22.888+0100][4522.806s][info][gc,phases   ] GC(373)   Post Evacuate Collection Set: 0.5ms
[2025-03-18T15:03:22.888+0100][4522.806s][info][gc,phases   ] GC(373)   Other: 0.1ms
[2025-03-18T15:03:22.888+0100][4522.806s][info][gc,heap     ] GC(373) Eden regions: 303->0(303)
[2025-03-18T15:03:22.888+0100][4522.806s][info][gc,heap     ] GC(373) Survivor regions: 4->4(39)
[2025-03-18T15:03:22.888+0100][4522.806s][info][gc,heap     ] GC(373) Old regions: 55->55
[2025-03-18T15:03:22.888+0100][4522.806s][info][gc,heap     ] GC(373) Humongous regions: 1->1
[2025-03-18T15:03:22.888+0100][4522.806s][info][gc,metaspace] GC(373) Metaspace: 28112K(28544K)->28112K(28544K) NonClass: 24479K(24704K)->24479K(24704K) Class: 3632K(3840K)->3632K(3840K)
[2025-03-18T15:03:22.888+0100][4522.806s][info][gc          ] GC(373) Pause Young (Normal) (G1 Evacuation Pause) 1446M->235M(2048M) 6.006ms
[2025-03-18T15:03:22.888+0100][4522.806s][info][gc,cpu      ] GC(373) User=0.04s Sys=0.00s Real=0.00s
[2025-03-18T15:03:40.368+0100][4540.286s][info][gc,start    ] GC(374) Pause Young (Normal) (G1 Evacuation Pause)
[2025-03-18T15:03:40.369+0100][4540.286s][info][gc,task     ] GC(374) Using 9 workers of 9 for evacuation
[2025-03-18T15:03:40.374+0100][4540.292s][info][gc,phases   ] GC(374)   Pre Evacuate Collection Set: 0.2ms
[2025-03-18T15:03:40.375+0100][4540.292s][info][gc,phases   ] GC(374)   Merge Heap Roots: 0.1ms
[2025-03-18T15:03:40.375+0100][4540.292s][info][gc,phases   ] GC(374)   Evacuate Collection Set: 5.0ms
[2025-03-18T15:03:40.375+0100][4540.292s][info][gc,phases   ] GC(374)   Post Evacuate Collection Set: 0.6ms
[2025-03-18T15:03:40.375+0100][4540.292s][info][gc,phases   ] GC(374)   Other: 0.1ms
[2025-03-18T15:03:40.375+0100][4540.292s][info][gc,heap     ] GC(374) Eden regions: 303->0(303)
[2025-03-18T15:03:40.375+0100][4540.293s][info][gc,heap     ] GC(374) Survivor regions: 4->4(39)
[2025-03-18T15:03:40.375+0100][4540.293s][info][gc,heap     ] GC(374) Old regions: 55->55
[2025-03-18T15:03:40.375+0100][4540.293s][info][gc,heap     ] GC(374) Humongous regions: 1->1
[2025-03-18T15:03:40.375+0100][4540.293s][info][gc,metaspace] GC(374) Metaspace: 28112K(28544K)->28112K(28544K) NonClass: 24479K(24704K)->24479K(24704K) Class: 3632K(3840K)->3632K(3840K)
[2025-03-18T15:03:40.375+0100][4540.293s][info][gc          ] GC(374) Pause Young (Normal) (G1 Evacuation Pause) 1447M->236M(2048M) 6.230ms
[2025-03-18T15:03:40.375+0100][4540.293s][info][gc,cpu      ] GC(374) User=0.05s Sys=0.00s Real=0.01s
[2025-03-18T15:03:47.852+0100][4547.770s][info][gc,start    ] GC(375) Pause Young (Normal) (G1 Evacuation Pause)
[2025-03-18T15:03:47.853+0100][4547.771s][info][gc,task     ] GC(375) Using 9 workers of 9 for evacuation
[2025-03-18T15:03:47.860+0100][4547.778s][info][gc,phases   ] GC(375)   Pre Evacuate Collection Set: 0.2ms
[2025-03-18T15:03:47.860+0100][4547.778s][info][gc,phases   ] GC(375)   Merge Heap Roots: 0.2ms
[2025-03-18T15:03:47.860+0100][4547.778s][info][gc,phases   ] GC(375)   Evacuate Collection Set: 6.1ms
[2025-03-18T15:03:47.860+0100][4547.778s][info][gc,phases   ] GC(375)   Post Evacuate Collection Set: 0.9ms
[2025-03-18T15:03:47.860+0100][4547.778s][info][gc,phases   ] GC(375)   Other: 0.1ms
[2025-03-18T15:03:47.860+0100][4547.778s][info][gc,heap     ] GC(375) Eden regions: 303->0(304)
[2025-03-18T15:03:47.860+0100][4547.778s][info][gc,heap     ] GC(375) Survivor regions: 4->3(39)
[2025-03-18T15:03:47.860+0100][4547.778s][info][gc,heap     ] GC(375) Old regions: 55->55
[2025-03-18T15:03:47.860+0100][4547.778s][info][gc,heap     ] GC(375) Humongous regions: 1->1
[2025-03-18T15:03:47.860+0100][4547.778s][info][gc,metaspace] GC(375) Metaspace: 28112K(28544K)->28112K(28544K) NonClass: 24479K(24704K)->24479K(24704K) Class: 3632K(3840K)->3632K(3840K)
[2025-03-18T15:03:47.860+0100][4547.778s][info][gc          ] GC(375) Pause Young (Normal) (G1 Evacuation Pause) 1448M->232M(2048M) 8.349ms
[2025-03-18T15:03:47.861+0100][4547.778s][info][gc,cpu      ] GC(375) User=0.05s Sys=0.01s Real=0.01s
[2025-03-18T15:04:05.365+0100][4565.283s][info][gc,start    ] GC(376) Pause Young (Normal) (G1 Evacuation Pause)
[2025-03-18T15:04:05.366+0100][4565.284s][info][gc,task     ] GC(376) Using 9 workers of 9 for evacuation
[2025-03-18T15:04:05.372+0100][4565.290s][info][gc,phases   ] GC(376)   Pre Evacuate Collection Set: 0.2ms
[2025-03-18T15:04:05.372+0100][4565.290s][info][gc,phases   ] GC(376)   Merge Heap Roots: 0.2ms
[2025-03-18T15:04:05.372+0100][4565.290s][info][gc,phases   ] GC(376)   Evacuate Collection Set: 5.6ms
[2025-03-18T15:04:05.372+0100][4565.290s][info][gc,phases   ] GC(376)   Post Evacuate Collection Set: 0.6ms
[2025-03-18T15:04:05.372+0100][4565.290s][info][gc,phases   ] GC(376)   Other: 0.1ms
[2025-03-18T15:04:05.372+0100][4565.290s][info][gc,heap     ] GC(376) Eden regions: 304->0(303)
[2025-03-18T15:04:05.372+0100][4565.290s][info][gc,heap     ] GC(376) Survivor regions: 3->4(39)
[2025-03-18T15:04:05.372+0100][4565.290s][info][gc,heap     ] GC(376) Old regions: 55->55
[2025-03-18T15:04:05.372+0100][4565.290s][info][gc,heap     ] GC(376) Humongous regions: 1->1
[2025-03-18T15:04:05.372+0100][4565.290s][info][gc,metaspace] GC(376) Metaspace: 28112K(28544K)->28112K(28544K) NonClass: 24479K(24704K)->24479K(24704K) Class: 3632K(3840K)->3632K(3840K)
[2025-03-18T15:04:05.372+0100][4565.290s][info][gc          ] GC(376) Pause Young (Normal) (G1 Evacuation Pause) 1448M->233M(2048M) 7.041ms
[2025-03-18T15:04:05.372+0100][4565.290s][info][gc,cpu      ] GC(376) User=0.04s Sys=0.00s Real=0.01s
[2025-03-18T15:04:22.873+0100][4582.791s][info][gc,start    ] GC(377) Pause Young (Normal) (G1 Evacuation Pause)
[2025-03-18T15:04:22.873+0100][4582.791s][info][gc,task     ] GC(377) Using 9 workers of 9 for evacuation
[2025-03-18T15:04:22.879+0100][4582.797s][info][gc,phases   ] GC(377)   Pre Evacuate Collection Set: 0.2ms
[2025-03-18T15:04:22.879+0100][4582.797s][info][gc,phases   ] GC(377)   Merge Heap Roots: 0.1ms
[2025-03-18T15:04:22.879+0100][4582.797s][info][gc,phases   ] GC(377)   Evacuate Collection Set: 4.9ms
[2025-03-18T15:04:22.879+0100][4582.797s][info][gc,phases   ] GC(377)   Post Evacuate Collection Set: 0.5ms
[2025-03-18T15:04:22.879+0100][4582.797s][info][gc,phases   ] GC(377)   Other: 0.1ms
[2025-03-18T15:04:22.879+0100][4582.797s][info][gc,heap     ] GC(377) Eden regions: 303->0(303)
[2025-03-18T15:04:22.879+0100][4582.797s][info][gc,heap     ] GC(377) Survivor regions: 4->4(39)
[2025-03-18T15:04:22.879+0100][4582.797s][info][gc,heap     ] GC(377) Old regions: 55->55
[2025-03-18T15:04:22.879+0100][4582.797s][info][gc,heap     ] GC(377) Humongous regions: 1->1
[2025-03-18T15:04:22.879+0100][4582.797s][info][gc,metaspace] GC(377) Metaspace: 28112K(28544K)->28112K(28544K) NonClass: 24479K(24704K)->24479K(24704K) Class: 3632K(3840K)->3632K(3840K)
[2025-03-18T15:04:22.879+0100][4582.797s][info][gc          ] GC(377) Pause Young (Normal) (G1 Evacuation Pause) 1445M->233M(2048M) 6.285ms
[2025-03-18T15:04:22.879+0100][4582.797s][info][gc,cpu      ] GC(377) User=0.04s Sys=0.00s Real=0.00s
[2025-03-18T15:04:37.658+0100][4597.576s][info][gc,start    ] GC(378) Pause Young (Normal) (G1 Evacuation Pause)
[2025-03-18T15:04:37.658+0100][4597.577s][info][gc,task     ] GC(378) Using 9 workers of 9 for evacuation
[2025-03-18T15:04:37.665+0100][4597.583s][info][gc,phases   ] GC(378)   Pre Evacuate Collection Set: 0.2ms
[2025-03-18T15:04:37.665+0100][4597.583s][info][gc,phases   ] GC(378)   Merge Heap Roots: 0.1ms
[2025-03-18T15:04:37.665+0100][4597.583s][info][gc,phases   ] GC(378)   Evacuate Collection Set: 5.5ms
[2025-03-18T15:04:37.665+0100][4597.583s][info][gc,phases   ] GC(378)   Post Evacuate Collection Set: 0.6ms
[2025-03-18T15:04:37.665+0100][4597.583s][info][gc,phases   ] GC(378)   Other: 0.1ms
[2025-03-18T15:04:37.665+0100][4597.583s][info][gc,heap     ] GC(378) Eden regions: 303->0(304)
[2025-03-18T15:04:37.665+0100][4597.583s][info][gc,heap     ] GC(378) Survivor regions: 4->3(39)
[2025-03-18T15:04:37.665+0100][4597.583s][info][gc,heap     ] GC(378) Old regions: 55->55
[2025-03-18T15:04:37.665+0100][4597.583s][info][gc,heap     ] GC(378) Humongous regions: 1->1
[2025-03-18T15:04:37.665+0100][4597.583s][info][gc,metaspace] GC(378) Metaspace: 28112K(28544K)->28112K(28544K) NonClass: 24479K(24704K)->24479K(24704K) Class: 3632K(3840K)->3632K(3840K)
[2025-03-18T15:04:37.665+0100][4597.583s][info][gc          ] GC(378) Pause Young (Normal) (G1 Evacuation Pause) 1445M->232M(2048M) 7.027ms
[2025-03-18T15:04:37.665+0100][4597.583s][info][gc,cpu      ] GC(378) User=0.05s Sys=0.00s Real=0.01s
[2025-03-18T15:04:48.346+0100][4608.264s][info][gc,start    ] GC(379) Pause Young (Normal) (G1 Evacuation Pause)
[2025-03-18T15:04:48.347+0100][4608.266s][info][gc,task     ] GC(379) Using 9 workers of 9 for evacuation
[2025-03-18T15:04:48.358+0100][4608.276s][info][gc,phases   ] GC(379)   Pre Evacuate Collection Set: 0.2ms
[2025-03-18T15:04:48.358+0100][4608.276s][info][gc,phases   ] GC(379)   Merge Heap Roots: 0.1ms
[2025-03-18T15:04:48.358+0100][4608.276s][info][gc,phases   ] GC(379)   Evacuate Collection Set: 9.5ms
[2025-03-18T15:04:48.358+0100][4608.276s][info][gc,phases   ] GC(379)   Post Evacuate Collection Set: 0.4ms
[2025-03-18T15:04:48.358+0100][4608.276s][info][gc,phases   ] GC(379)   Other: 0.1ms
[2025-03-18T15:04:48.358+0100][4608.276s][info][gc,heap     ] GC(379) Eden regions: 304->0(304)
[2025-03-18T15:04:48.358+0100][4608.276s][info][gc,heap     ] GC(379) Survivor regions: 3->3(39)
[2025-03-18T15:04:48.358+0100][4608.276s][info][gc,heap     ] GC(379) Old regions: 55->55
[2025-03-18T15:04:48.358+0100][4608.276s][info][gc,heap     ] GC(379) Humongous regions: 1->1
[2025-03-18T15:04:48.358+0100][4608.276s][info][gc,metaspace] GC(379) Metaspace: 28112K(28544K)->28112K(28544K) NonClass: 24479K(24704K)->24479K(24704K) Class: 3632K(3840K)->3632K(3840K)
[2025-03-18T15:04:48.358+0100][4608.276s][info][gc          ] GC(379) Pause Young (Normal) (G1 Evacuation Pause) 1448M->232M(2048M) 12.042ms
[2025-03-18T15:04:48.358+0100][4608.276s][info][gc,cpu      ] GC(379) User=0.03s Sys=0.00s Real=0.01s
[2025-03-18T15:05:04.856+0100][4624.774s][info][gc,start    ] GC(380) Pause Young (Normal) (G1 Evacuation Pause)
[2025-03-18T15:05:04.856+0100][4624.775s][info][gc,task     ] GC(380) Using 9 workers of 9 for evacuation
[2025-03-18T15:05:04.864+0100][4624.782s][info][gc,phases   ] GC(380)   Pre Evacuate Collection Set: 0.3ms
[2025-03-18T15:05:04.864+0100][4624.782s][info][gc,phases   ] GC(380)   Merge Heap Roots: 0.1ms
[2025-03-18T15:05:04.864+0100][4624.782s][info][gc,phases   ] GC(380)   Evacuate Collection Set: 6.5ms
[2025-03-18T15:05:04.864+0100][4624.782s][info][gc,phases   ] GC(380)   Post Evacuate Collection Set: 0.8ms
[2025-03-18T15:05:04.864+0100][4624.782s][info][gc,phases   ] GC(380)   Other: 0.1ms
[2025-03-18T15:05:04.864+0100][4624.782s][info][gc,heap     ] GC(380) Eden regions: 304->0(304)
[2025-03-18T15:05:04.864+0100][4624.783s][info][gc,heap     ] GC(380) Survivor regions: 3->3(39)
[2025-03-18T15:05:04.864+0100][4624.783s][info][gc,heap     ] GC(380) Old regions: 55->55
[2025-03-18T15:05:04.864+0100][4624.783s][info][gc,heap     ] GC(380) Humongous regions: 1->1
[2025-03-18T15:05:04.864+0100][4624.783s][info][gc,metaspace] GC(380) Metaspace: 28112K(28544K)->28112K(28544K) NonClass: 24479K(24704K)->24479K(24704K) Class: 3632K(3840K)->3632K(3840K)
[2025-03-18T15:05:04.864+0100][4624.783s][info][gc          ] GC(380) Pause Young (Normal) (G1 Evacuation Pause) 1448M->232M(2048M) 8.279ms
[2025-03-18T15:05:04.864+0100][4624.783s][info][gc,cpu      ] GC(380) User=0.05s Sys=0.01s Real=0.01s
[2025-03-18T15:05:19.387+0100][4639.306s][info][gc,start    ] GC(381) Pause Young (Normal) (G1 Evacuation Pause)
[2025-03-18T15:05:19.388+0100][4639.306s][info][gc,task     ] GC(381) Using 9 workers of 9 for evacuation
[2025-03-18T15:05:19.393+0100][4639.312s][info][gc,phases   ] GC(381)   Pre Evacuate Collection Set: 0.3ms
[2025-03-18T15:05:19.394+0100][4639.312s][info][gc,phases   ] GC(381)   Merge Heap Roots: 0.1ms
[2025-03-18T15:05:19.394+0100][4639.312s][info][gc,phases   ] GC(381)   Evacuate Collection Set: 5.0ms
[2025-03-18T15:05:19.394+0100][4639.312s][info][gc,phases   ] GC(381)   Post Evacuate Collection Set: 0.5ms
[2025-03-18T15:05:19.394+0100][4639.312s][info][gc,phases   ] GC(381)   Other: 0.1ms
[2025-03-18T15:05:19.394+0100][4639.312s][info][gc,heap     ] GC(381) Eden regions: 304->0(302)
[2025-03-18T15:05:19.394+0100][4639.312s][info][gc,heap     ] GC(381) Survivor regions: 3->5(39)
[2025-03-18T15:05:19.394+0100][4639.312s][info][gc,heap     ] GC(381) Old regions: 55->55
[2025-03-18T15:05:19.394+0100][4639.312s][info][gc,heap     ] GC(381) Humongous regions: 1->1
[2025-03-18T15:05:19.394+0100][4639.312s][info][gc,metaspace] GC(381) Metaspace: 28112K(28544K)->28112K(28544K) NonClass: 24479K(24704K)->24479K(24704K) Class: 3632K(3840K)->3632K(3840K)
[2025-03-18T15:05:19.394+0100][4639.312s][info][gc          ] GC(381) Pause Young (Normal) (G1 Evacuation Pause) 1448M->239M(2048M) 6.613ms
[2025-03-18T15:05:19.394+0100][4639.312s][info][gc,cpu      ] GC(381) User=0.04s Sys=0.00s Real=0.01s
[2025-03-18T15:05:34.864+0100][4654.783s][info][gc,start    ] GC(382) Pause Young (Normal) (G1 Evacuation Pause)
[2025-03-18T15:05:34.865+0100][4654.784s][info][gc,task     ] GC(382) Using 9 workers of 9 for evacuation
[2025-03-18T15:05:34.871+0100][4654.790s][info][gc,phases   ] GC(382)   Pre Evacuate Collection Set: 0.2ms
[2025-03-18T15:05:34.871+0100][4654.790s][info][gc,phases   ] GC(382)   Merge Heap Roots: 0.1ms
[2025-03-18T15:05:34.871+0100][4654.790s][info][gc,phases   ] GC(382)   Evacuate Collection Set: 5.4ms
[2025-03-18T15:05:34.871+0100][4654.790s][info][gc,phases   ] GC(382)   Post Evacuate Collection Set: 0.4ms
[2025-03-18T15:05:34.871+0100][4654.790s][info][gc,phases   ] GC(382)   Other: 0.1ms
[2025-03-18T15:05:34.871+0100][4654.790s][info][gc,heap     ] GC(382) Eden regions: 302->0(303)
[2025-03-18T15:05:34.871+0100][4654.790s][info][gc,heap     ] GC(382) Survivor regions: 5->4(39)
[2025-03-18T15:05:34.871+0100][4654.790s][info][gc,heap     ] GC(382) Old regions: 55->55
[2025-03-18T15:05:34.871+0100][4654.790s][info][gc,heap     ] GC(382) Humongous regions: 1->1
[2025-03-18T15:05:34.871+0100][4654.790s][info][gc,metaspace] GC(382) Metaspace: 28112K(28544K)->28112K(28544K) NonClass: 24479K(24704K)->24479K(24704K) Class: 3632K(3840K)->3632K(3840K)
[2025-03-18T15:05:34.871+0100][4654.790s][info][gc          ] GC(382) Pause Young (Normal) (G1 Evacuation Pause) 1447M->235M(2048M) 7.013ms
[2025-03-18T15:05:34.871+0100][4654.790s][info][gc,cpu      ] GC(382) User=0.04s Sys=0.00s Real=0.01s
[2025-03-18T15:05:52.365+0100][4672.284s][info][gc,start    ] GC(383) Pause Young (Normal) (G1 Evacuation Pause)
[2025-03-18T15:05:52.365+0100][4672.284s][info][gc,task     ] GC(383) Using 9 workers of 9 for evacuation
[2025-03-18T15:05:52.370+0100][4672.289s][info][gc,phases   ] GC(383)   Pre Evacuate Collection Set: 0.1ms
[2025-03-18T15:05:52.371+0100][4672.289s][info][gc,phases   ] GC(383)   Merge Heap Roots: 0.1ms
[2025-03-18T15:05:52.371+0100][4672.289s][info][gc,phases   ] GC(383)   Evacuate Collection Set: 4.3ms
[2025-03-18T15:05:52.371+0100][4672.289s][info][gc,phases   ] GC(383)   Post Evacuate Collection Set: 0.5ms
[2025-03-18T15:05:52.371+0100][4672.289s][info][gc,phases   ] GC(383)   Other: 0.1ms
[2025-03-18T15:05:52.371+0100][4672.289s][info][gc,heap     ] GC(383) Eden regions: 303->0(302)
[2025-03-18T15:05:52.371+0100][4672.289s][info][gc,heap     ] GC(383) Survivor regions: 4->5(39)
[2025-03-18T15:05:52.371+0100][4672.290s][info][gc,heap     ] GC(383) Old regions: 55->55
[2025-03-18T15:05:52.371+0100][4672.290s][info][gc,heap     ] GC(383) Humongous regions: 1->1
[2025-03-18T15:05:52.371+0100][4672.290s][info][gc,metaspace] GC(383) Metaspace: 28112K(28544K)->28112K(28544K) NonClass: 24479K(24704K)->24479K(24704K) Class: 3632K(3840K)->3632K(3840K)
[2025-03-18T15:05:52.371+0100][4672.290s][info][gc          ] GC(383) Pause Young (Normal) (G1 Evacuation Pause) 1447M->237M(2048M) 5.400ms
[2025-03-18T15:05:52.371+0100][4672.290s][info][gc,cpu      ] GC(383) User=0.04s Sys=0.00s Real=0.01s
[2025-03-18T15:06:09.875+0100][4689.794s][info][gc,start    ] GC(384) Pause Young (Normal) (G1 Evacuation Pause)
[2025-03-18T15:06:09.875+0100][4689.794s][info][gc,task     ] GC(384) Using 9 workers of 9 for evacuation
[2025-03-18T15:06:09.881+0100][4689.800s][info][gc,phases   ] GC(384)   Pre Evacuate Collection Set: 0.2ms
[2025-03-18T15:06:09.881+0100][4689.800s][info][gc,phases   ] GC(384)   Merge Heap Roots: 0.1ms
[2025-03-18T15:06:09.881+0100][4689.800s][info][gc,phases   ] GC(384)   Evacuate Collection Set: 4.7ms
[2025-03-18T15:06:09.881+0100][4689.800s][info][gc,phases   ] GC(384)   Post Evacuate Collection Set: 0.4ms
[2025-03-18T15:06:09.881+0100][4689.800s][info][gc,phases   ] GC(384)   Other: 0.1ms
[2025-03-18T15:06:09.881+0100][4689.800s][info][gc,heap     ] GC(384) Eden regions: 302->0(303)
[2025-03-18T15:06:09.881+0100][4689.800s][info][gc,heap     ] GC(384) Survivor regions: 5->4(39)
[2025-03-18T15:06:09.881+0100][4689.800s][info][gc,heap     ] GC(384) Old regions: 55->55
[2025-03-18T15:06:09.881+0100][4689.800s][info][gc,heap     ] GC(384) Humongous regions: 1->1
[2025-03-18T15:06:09.881+0100][4689.800s][info][gc,metaspace] GC(384) Metaspace: 28112K(28544K)->28112K(28544K) NonClass: 24479K(24704K)->24479K(24704K) Class: 3632K(3840K)->3632K(3840K)
[2025-03-18T15:06:09.881+0100][4689.800s][info][gc          ] GC(384) Pause Young (Normal) (G1 Evacuation Pause) 1445M->236M(2048M) 5.947ms
[2025-03-18T15:06:09.881+0100][4689.800s][info][gc,cpu      ] GC(384) User=0.04s Sys=0.00s Real=0.01s
[2025-03-18T15:06:27.381+0100][4707.300s][info][gc,start    ] GC(385) Pause Young (Normal) (G1 Evacuation Pause)
[2025-03-18T15:06:27.381+0100][4707.301s][info][gc,task     ] GC(385) Using 9 workers of 9 for evacuation
[2025-03-18T15:06:27.387+0100][4707.306s][info][gc,phases   ] GC(385)   Pre Evacuate Collection Set: 0.2ms
[2025-03-18T15:06:27.387+0100][4707.306s][info][gc,phases   ] GC(385)   Merge Heap Roots: 0.1ms
[2025-03-18T15:06:27.387+0100][4707.306s][info][gc,phases   ] GC(385)   Evacuate Collection Set: 4.9ms
[2025-03-18T15:06:27.387+0100][4707.306s][info][gc,phases   ] GC(385)   Post Evacuate Collection Set: 0.5ms
[2025-03-18T15:06:27.387+0100][4707.306s][info][gc,phases   ] GC(385)   Other: 0.1ms
[2025-03-18T15:06:27.387+0100][4707.306s][info][gc,heap     ] GC(385) Eden regions: 303->0(303)
[2025-03-18T15:06:27.387+0100][4707.306s][info][gc,heap     ] GC(385) Survivor regions: 4->4(39)
[2025-03-18T15:06:27.387+0100][4707.306s][info][gc,heap     ] GC(385) Old regions: 55->55
[2025-03-18T15:06:27.387+0100][4707.306s][info][gc,heap     ] GC(385) Humongous regions: 1->1
[2025-03-18T15:06:27.387+0100][4707.306s][info][gc,metaspace] GC(385) Metaspace: 28112K(28544K)->28112K(28544K) NonClass: 24479K(24704K)->24479K(24704K) Class: 3632K(3840K)->3632K(3840K)
[2025-03-18T15:06:27.387+0100][4707.306s][info][gc          ] GC(385) Pause Young (Normal) (G1 Evacuation Pause) 1448M->237M(2048M) 6.102ms
[2025-03-18T15:06:27.387+0100][4707.306s][info][gc,cpu      ] GC(385) User=0.04s Sys=0.00s Real=0.00s
[2025-03-18T15:06:45.354+0100][4725.273s][info][gc,start    ] GC(386) Pause Young (Normal) (G1 Evacuation Pause)
[2025-03-18T15:06:45.355+0100][4725.274s][info][gc,task     ] GC(386) Using 9 workers of 9 for evacuation
[2025-03-18T15:06:45.362+0100][4725.281s][info][gc,phases   ] GC(386)   Pre Evacuate Collection Set: 0.2ms
[2025-03-18T15:06:45.362+0100][4725.281s][info][gc,phases   ] GC(386)   Merge Heap Roots: 0.1ms
[2025-03-18T15:06:45.362+0100][4725.281s][info][gc,phases   ] GC(386)   Evacuate Collection Set: 5.7ms
[2025-03-18T15:06:45.362+0100][4725.281s][info][gc,phases   ] GC(386)   Post Evacuate Collection Set: 0.8ms
[2025-03-18T15:06:45.362+0100][4725.281s][info][gc,phases   ] GC(386)   Other: 0.2ms
[2025-03-18T15:06:45.362+0100][4725.281s][info][gc,heap     ] GC(386) Eden regions: 303->0(303)
[2025-03-18T15:06:45.362+0100][4725.281s][info][gc,heap     ] GC(386) Survivor regions: 4->4(39)
[2025-03-18T15:06:45.362+0100][4725.281s][info][gc,heap     ] GC(386) Old regions: 55->55
[2025-03-18T15:06:45.362+0100][4725.281s][info][gc,heap     ] GC(386) Humongous regions: 1->1
[2025-03-18T15:06:45.362+0100][4725.281s][info][gc,metaspace] GC(386) Metaspace: 28112K(28544K)->28112K(28544K) NonClass: 24479K(24704K)->24479K(24704K) Class: 3632K(3840K)->3632K(3840K)
[2025-03-18T15:06:45.362+0100][4725.281s][info][gc          ] GC(386) Pause Young (Normal) (G1 Evacuation Pause) 1449M->234M(2048M) 7.883ms
[2025-03-18T15:06:45.362+0100][4725.281s][info][gc,cpu      ] GC(386) User=0.05s Sys=0.00s Real=0.01s
[2025-03-18T15:07:00.348+0100][4740.267s][info][gc,start    ] GC(387) Pause Young (Normal) (G1 Evacuation Pause)
[2025-03-18T15:07:00.349+0100][4740.268s][info][gc,task     ] GC(387) Using 9 workers of 9 for evacuation
[2025-03-18T15:07:00.352+0100][4740.272s][info][gc,phases   ] GC(387)   Pre Evacuate Collection Set: 0.1ms
[2025-03-18T15:07:00.352+0100][4740.272s][info][gc,phases   ] GC(387)   Merge Heap Roots: 0.1ms
[2025-03-18T15:07:00.352+0100][4740.272s][info][gc,phases   ] GC(387)   Evacuate Collection Set: 2.5ms
[2025-03-18T15:07:00.352+0100][4740.272s][info][gc,phases   ] GC(387)   Post Evacuate Collection Set: 0.4ms
[2025-03-18T15:07:00.352+0100][4740.272s][info][gc,phases   ] GC(387)   Other: 0.1ms
[2025-03-18T15:07:00.352+0100][4740.272s][info][gc,heap     ] GC(387) Eden regions: 303->0(303)
[2025-03-18T15:07:00.352+0100][4740.272s][info][gc,heap     ] GC(387) Survivor regions: 4->4(39)
[2025-03-18T15:07:00.352+0100][4740.272s][info][gc,heap     ] GC(387) Old regions: 55->55
[2025-03-18T15:07:00.352+0100][4740.272s][info][gc,heap     ] GC(387) Humongous regions: 1->1
[2025-03-18T15:07:00.352+0100][4740.272s][info][gc,metaspace] GC(387) Metaspace: 28112K(28544K)->28112K(28544K) NonClass: 24479K(24704K)->24479K(24704K) Class: 3632K(3840K)->3632K(3840K)
[2025-03-18T15:07:00.352+0100][4740.272s][info][gc          ] GC(387) Pause Young (Normal) (G1 Evacuation Pause) 1446M->237M(2048M) 4.375ms
[2025-03-18T15:07:00.352+0100][4740.272s][info][gc,cpu      ] GC(387) User=0.02s Sys=0.00s Real=0.01s
[2025-03-18T15:07:09.923+0100][4749.843s][info][gc,start    ] GC(388) Pause Young (Normal) (G1 Evacuation Pause)
[2025-03-18T15:07:09.923+0100][4749.843s][info][gc,task     ] GC(388) Using 9 workers of 9 for evacuation
[2025-03-18T15:07:09.926+0100][4749.846s][info][gc,phases   ] GC(388)   Pre Evacuate Collection Set: 0.1ms
[2025-03-18T15:07:09.926+0100][4749.846s][info][gc,phases   ] GC(388)   Merge Heap Roots: 0.1ms
[2025-03-18T15:07:09.926+0100][4749.846s][info][gc,phases   ] GC(388)   Evacuate Collection Set: 2.4ms
[2025-03-18T15:07:09.926+0100][4749.846s][info][gc,phases   ] GC(388)   Post Evacuate Collection Set: 0.4ms
[2025-03-18T15:07:09.926+0100][4749.846s][info][gc,phases   ] GC(388)   Other: 0.0ms
[2025-03-18T15:07:09.926+0100][4749.846s][info][gc,heap     ] GC(388) Eden regions: 303->0(304)
[2025-03-18T15:07:09.926+0100][4749.846s][info][gc,heap     ] GC(388) Survivor regions: 4->3(39)
[2025-03-18T15:07:09.926+0100][4749.846s][info][gc,heap     ] GC(388) Old regions: 55->55
[2025-03-18T15:07:09.926+0100][4749.846s][info][gc,heap     ] GC(388) Humongous regions: 1->1
[2025-03-18T15:07:09.926+0100][4749.846s][info][gc,metaspace] GC(388) Metaspace: 28112K(28544K)->28112K(28544K) NonClass: 24479K(24704K)->24479K(24704K) Class: 3632K(3840K)->3632K(3840K)
[2025-03-18T15:07:09.926+0100][4749.846s][info][gc          ] GC(388) Pause Young (Normal) (G1 Evacuation Pause) 1449M->233M(2048M) 3.139ms
[2025-03-18T15:07:09.926+0100][4749.846s][info][gc,cpu      ] GC(388) User=0.02s Sys=0.00s Real=0.00s
[2025-03-18T15:07:26.890+0100][4766.810s][info][gc,start    ] GC(389) Pause Young (Normal) (G1 Evacuation Pause)
[2025-03-18T15:07:26.890+0100][4766.810s][info][gc,task     ] GC(389) Using 9 workers of 9 for evacuation
[2025-03-18T15:07:26.896+0100][4766.815s][info][gc,phases   ] GC(389)   Pre Evacuate Collection Set: 0.2ms
[2025-03-18T15:07:26.896+0100][4766.816s][info][gc,phases   ] GC(389)   Merge Heap Roots: 0.1ms
[2025-03-18T15:07:26.896+0100][4766.816s][info][gc,phases   ] GC(389)   Evacuate Collection Set: 4.5ms
[2025-03-18T15:07:26.896+0100][4766.816s][info][gc,phases   ] GC(389)   Post Evacuate Collection Set: 0.5ms
[2025-03-18T15:07:26.896+0100][4766.816s][info][gc,phases   ] GC(389)   Other: 0.1ms
[2025-03-18T15:07:26.896+0100][4766.816s][info][gc,heap     ] GC(389) Eden regions: 304->0(302)
[2025-03-18T15:07:26.896+0100][4766.816s][info][gc,heap     ] GC(389) Survivor regions: 3->5(39)
[2025-03-18T15:07:26.896+0100][4766.816s][info][gc,heap     ] GC(389) Old regions: 55->55
[2025-03-18T15:07:26.896+0100][4766.816s][info][gc,heap     ] GC(389) Humongous regions: 1->1
[2025-03-18T15:07:26.896+0100][4766.816s][info][gc,metaspace] GC(389) Metaspace: 28112K(28544K)->28112K(28544K) NonClass: 24479K(24704K)->24479K(24704K) Class: 3632K(3840K)->3632K(3840K)
[2025-03-18T15:07:26.896+0100][4766.816s][info][gc          ] GC(389) Pause Young (Normal) (G1 Evacuation Pause) 1449M->239M(2048M) 5.718ms
[2025-03-18T15:07:26.896+0100][4766.816s][info][gc,cpu      ] GC(389) User=0.04s Sys=0.01s Real=0.00s
[2025-03-18T15:07:44.380+0100][4784.300s][info][gc,start    ] GC(390) Pause Young (Normal) (G1 Evacuation Pause)
[2025-03-18T15:07:44.380+0100][4784.300s][info][gc,task     ] GC(390) Using 9 workers of 9 for evacuation
[2025-03-18T15:07:44.386+0100][4784.306s][info][gc,phases   ] GC(390)   Pre Evacuate Collection Set: 0.2ms
[2025-03-18T15:07:44.386+0100][4784.306s][info][gc,phases   ] GC(390)   Merge Heap Roots: 0.1ms
[2025-03-18T15:07:44.386+0100][4784.306s][info][gc,phases   ] GC(390)   Evacuate Collection Set: 5.0ms
[2025-03-18T15:07:44.386+0100][4784.306s][info][gc,phases   ] GC(390)   Post Evacuate Collection Set: 0.5ms
[2025-03-18T15:07:44.386+0100][4784.306s][info][gc,phases   ] GC(390)   Other: 0.1ms
[2025-03-18T15:07:44.386+0100][4784.306s][info][gc,heap     ] GC(390) Eden regions: 302->0(303)
[2025-03-18T15:07:44.386+0100][4784.306s][info][gc,heap     ] GC(390) Survivor regions: 5->4(39)
[2025-03-18T15:07:44.386+0100][4784.306s][info][gc,heap     ] GC(390) Old regions: 55->55
[2025-03-18T15:07:44.386+0100][4784.306s][info][gc,heap     ] GC(390) Humongous regions: 1->1
[2025-03-18T15:07:44.386+0100][4784.306s][info][gc,metaspace] GC(390) Metaspace: 28112K(28544K)->28112K(28544K) NonClass: 24479K(24704K)->24479K(24704K) Class: 3632K(3840K)->3632K(3840K)
[2025-03-18T15:07:44.386+0100][4784.306s][info][gc          ] GC(390) Pause Young (Normal) (G1 Evacuation Pause) 1447M->237M(2048M) 6.255ms
[2025-03-18T15:07:44.386+0100][4784.306s][info][gc,cpu      ] GC(390) User=0.04s Sys=0.01s Real=0.00s
[2025-03-18T15:08:01.880+0100][4801.787s][info][gc,start    ] GC(391) Pause Young (Normal) (G1 Evacuation Pause)
[2025-03-18T15:08:01.887+0100][4801.795s][info][gc,task     ] GC(391) Using 9 workers of 9 for evacuation
[2025-03-18T15:08:01.893+0100][4801.800s][info][gc,phases   ] GC(391)   Pre Evacuate Collection Set: 0.2ms
[2025-03-18T15:08:01.893+0100][4801.800s][info][gc,phases   ] GC(391)   Merge Heap Roots: 0.1ms
[2025-03-18T15:08:01.893+0100][4801.800s][info][gc,phases   ] GC(391)   Evacuate Collection Set: 4.5ms
[2025-03-18T15:08:01.893+0100][4801.800s][info][gc,phases   ] GC(391)   Post Evacuate Collection Set: 0.7ms
[2025-03-18T15:08:01.893+0100][4801.800s][info][gc,phases   ] GC(391)   Other: 0.1ms
[2025-03-18T15:08:01.893+0100][4801.800s][info][gc,heap     ] GC(391) Eden regions: 303->0(303)
[2025-03-18T15:08:01.893+0100][4801.800s][info][gc,heap     ] GC(391) Survivor regions: 4->4(39)
[2025-03-18T15:08:01.893+0100][4801.800s][info][gc,heap     ] GC(391) Old regions: 55->55
[2025-03-18T15:08:01.893+0100][4801.800s][info][gc,heap     ] GC(391) Humongous regions: 1->1
[2025-03-18T15:08:01.893+0100][4801.800s][info][gc,metaspace] GC(391) Metaspace: 28112K(28544K)->28112K(28544K) NonClass: 24479K(24704K)->24479K(24704K) Class: 3632K(3840K)->3632K(3840K)
[2025-03-18T15:08:01.893+0100][4801.800s][info][gc          ] GC(391) Pause Young (Normal) (G1 Evacuation Pause) 1449M->236M(2048M) 13.447ms
[2025-03-18T15:08:01.893+0100][4801.800s][info][gc,cpu      ] GC(391) User=0.04s Sys=0.01s Real=0.01s
[2025-03-18T15:08:19.374+0100][4819.274s][info][gc,start    ] GC(392) Pause Young (Normal) (G1 Evacuation Pause)
[2025-03-18T15:08:19.374+0100][4819.274s][info][gc,task     ] GC(392) Using 9 workers of 9 for evacuation
[2025-03-18T15:08:19.380+0100][4819.280s][info][gc,phases   ] GC(392)   Pre Evacuate Collection Set: 0.2ms
[2025-03-18T15:08:19.380+0100][4819.281s][info][gc,phases   ] GC(392)   Merge Heap Roots: 0.1ms
[2025-03-18T15:08:19.381+0100][4819.281s][info][gc,phases   ] GC(392)   Evacuate Collection Set: 4.9ms
[2025-03-18T15:08:19.381+0100][4819.281s][info][gc,phases   ] GC(392)   Post Evacuate Collection Set: 0.7ms
[2025-03-18T15:08:19.381+0100][4819.281s][info][gc,phases   ] GC(392)   Other: 0.1ms
[2025-03-18T15:08:19.381+0100][4819.281s][info][gc,heap     ] GC(392) Eden regions: 303->0(303)
[2025-03-18T15:08:19.381+0100][4819.281s][info][gc,heap     ] GC(392) Survivor regions: 4->4(39)
[2025-03-18T15:08:19.381+0100][4819.281s][info][gc,heap     ] GC(392) Old regions: 55->55
[2025-03-18T15:08:19.381+0100][4819.281s][info][gc,heap     ] GC(392) Humongous regions: 1->1
[2025-03-18T15:08:19.381+0100][4819.281s][info][gc,metaspace] GC(392) Metaspace: 28112K(28544K)->28112K(28544K) NonClass: 24479K(24704K)->24479K(24704K) Class: 3632K(3840K)->3632K(3840K)
[2025-03-18T15:08:19.381+0100][4819.281s][info][gc          ] GC(392) Pause Young (Normal) (G1 Evacuation Pause) 1448M->235M(2048M) 6.509ms
[2025-03-18T15:08:19.381+0100][4819.281s][info][gc,cpu      ] GC(392) User=0.04s Sys=0.00s Real=0.01s
[2025-03-18T15:08:36.864+0100][4836.762s][info][gc,start    ] GC(393) Pause Young (Normal) (G1 Evacuation Pause)
[2025-03-18T15:08:36.864+0100][4836.762s][info][gc,task     ] GC(393) Using 9 workers of 9 for evacuation
[2025-03-18T15:08:36.870+0100][4836.768s][info][gc,phases   ] GC(393)   Pre Evacuate Collection Set: 0.3ms
[2025-03-18T15:08:36.870+0100][4836.768s][info][gc,phases   ] GC(393)   Merge Heap Roots: 0.1ms
[2025-03-18T15:08:36.870+0100][4836.768s][info][gc,phases   ] GC(393)   Evacuate Collection Set: 4.7ms
[2025-03-18T15:08:36.870+0100][4836.768s][info][gc,phases   ] GC(393)   Post Evacuate Collection Set: 0.5ms
[2025-03-18T15:08:36.870+0100][4836.768s][info][gc,phases   ] GC(393)   Other: 0.1ms
[2025-03-18T15:08:36.870+0100][4836.768s][info][gc,heap     ] GC(393) Eden regions: 303->0(303)
[2025-03-18T15:08:36.870+0100][4836.768s][info][gc,heap     ] GC(393) Survivor regions: 4->4(39)
[2025-03-18T15:08:36.870+0100][4836.768s][info][gc,heap     ] GC(393) Old regions: 55->55
[2025-03-18T15:08:36.870+0100][4836.768s][info][gc,heap     ] GC(393) Humongous regions: 1->1
[2025-03-18T15:08:36.870+0100][4836.768s][info][gc,metaspace] GC(393) Metaspace: 28112K(28544K)->28112K(28544K) NonClass: 24479K(24704K)->24479K(24704K) Class: 3632K(3840K)->3632K(3840K)
[2025-03-18T15:08:36.870+0100][4836.768s][info][gc          ] GC(393) Pause Young (Normal) (G1 Evacuation Pause) 1447M->236M(2048M) 6.076ms
[2025-03-18T15:08:36.870+0100][4836.768s][info][gc,cpu      ] GC(393) User=0.04s Sys=0.00s Real=0.01s
[2025-03-18T15:08:54.372+0100][4854.269s][info][gc,start    ] GC(394) Pause Young (Normal) (G1 Evacuation Pause)
[2025-03-18T15:08:54.372+0100][4854.269s][info][gc,task     ] GC(394) Using 9 workers of 9 for evacuation
[2025-03-18T15:08:54.378+0100][4854.275s][info][gc,phases   ] GC(394)   Pre Evacuate Collection Set: 0.2ms
[2025-03-18T15:08:54.378+0100][4854.275s][info][gc,phases   ] GC(394)   Merge Heap Roots: 0.1ms
[2025-03-18T15:08:54.378+0100][4854.275s][info][gc,phases   ] GC(394)   Evacuate Collection Set: 4.5ms
[2025-03-18T15:08:54.378+0100][4854.275s][info][gc,phases   ] GC(394)   Post Evacuate Collection Set: 0.5ms
[2025-03-18T15:08:54.378+0100][4854.275s][info][gc,phases   ] GC(394)   Other: 0.1ms
[2025-03-18T15:08:54.378+0100][4854.275s][info][gc,heap     ] GC(394) Eden regions: 303->0(303)
[2025-03-18T15:08:54.378+0100][4854.275s][info][gc,heap     ] GC(394) Survivor regions: 4->4(39)
[2025-03-18T15:08:54.378+0100][4854.275s][info][gc,heap     ] GC(394) Old regions: 55->55
[2025-03-18T15:08:54.378+0100][4854.275s][info][gc,heap     ] GC(394) Humongous regions: 1->1
[2025-03-18T15:08:54.378+0100][4854.275s][info][gc,metaspace] GC(394) Metaspace: 28112K(28544K)->28112K(28544K) NonClass: 24479K(24704K)->24479K(24704K) Class: 3632K(3840K)->3632K(3840K)
[2025-03-18T15:08:54.378+0100][4854.275s][info][gc          ] GC(394) Pause Young (Normal) (G1 Evacuation Pause) 1448M->236M(2048M) 5.798ms
[2025-03-18T15:08:54.378+0100][4854.275s][info][gc,cpu      ] GC(394) User=0.04s Sys=0.00s Real=0.00s
[2025-03-18T15:09:11.868+0100][4871.765s][info][gc,start    ] GC(395) Pause Young (Normal) (G1 Evacuation Pause)
[2025-03-18T15:09:11.870+0100][4871.767s][info][gc,task     ] GC(395) Using 9 workers of 9 for evacuation
[2025-03-18T15:09:11.875+0100][4871.772s][info][gc,phases   ] GC(395)   Pre Evacuate Collection Set: 0.2ms
[2025-03-18T15:09:11.875+0100][4871.772s][info][gc,phases   ] GC(395)   Merge Heap Roots: 0.1ms
[2025-03-18T15:09:11.875+0100][4871.772s][info][gc,phases   ] GC(395)   Evacuate Collection Set: 4.4ms
[2025-03-18T15:09:11.875+0100][4871.772s][info][gc,phases   ] GC(395)   Post Evacuate Collection Set: 0.5ms
[2025-03-18T15:09:11.875+0100][4871.772s][info][gc,phases   ] GC(395)   Other: 0.1ms
[2025-03-18T15:09:11.875+0100][4871.772s][info][gc,heap     ] GC(395) Eden regions: 303->0(303)
[2025-03-18T15:09:11.875+0100][4871.772s][info][gc,heap     ] GC(395) Survivor regions: 4->4(39)
[2025-03-18T15:09:11.875+0100][4871.772s][info][gc,heap     ] GC(395) Old regions: 55->55
[2025-03-18T15:09:11.875+0100][4871.772s][info][gc,heap     ] GC(395) Humongous regions: 1->1
[2025-03-18T15:09:11.875+0100][4871.772s][info][gc,metaspace] GC(395) Metaspace: 28112K(28544K)->28112K(28544K) NonClass: 24479K(24704K)->24479K(24704K) Class: 3632K(3840K)->3632K(3840K)
[2025-03-18T15:09:11.876+0100][4871.772s][info][gc          ] GC(395) Pause Young (Normal) (G1 Evacuation Pause) 1448M->236M(2048M) 7.096ms
[2025-03-18T15:09:11.876+0100][4871.772s][info][gc,cpu      ] GC(395) User=0.04s Sys=0.00s Real=0.01s
[2025-03-18T15:09:29.380+0100][4889.277s][info][gc,start    ] GC(396) Pause Young (Normal) (G1 Evacuation Pause)
[2025-03-18T15:09:29.380+0100][4889.277s][info][gc,task     ] GC(396) Using 9 workers of 9 for evacuation
[2025-03-18T15:09:29.386+0100][4889.283s][info][gc,phases   ] GC(396)   Pre Evacuate Collection Set: 0.2ms
[2025-03-18T15:09:29.386+0100][4889.283s][info][gc,phases   ] GC(396)   Merge Heap Roots: 0.1ms
[2025-03-18T15:09:29.386+0100][4889.283s][info][gc,phases   ] GC(396)   Evacuate Collection Set: 4.6ms
[2025-03-18T15:09:29.386+0100][4889.283s][info][gc,phases   ] GC(396)   Post Evacuate Collection Set: 0.5ms
[2025-03-18T15:09:29.386+0100][4889.283s][info][gc,phases   ] GC(396)   Other: 0.1ms
[2025-03-18T15:09:29.386+0100][4889.283s][info][gc,heap     ] GC(396) Eden regions: 303->0(303)
[2025-03-18T15:09:29.386+0100][4889.283s][info][gc,heap     ] GC(396) Survivor regions: 4->4(39)
[2025-03-18T15:09:29.386+0100][4889.283s][info][gc,heap     ] GC(396) Old regions: 55->55
[2025-03-18T15:09:29.386+0100][4889.283s][info][gc,heap     ] GC(396) Humongous regions: 1->1
[2025-03-18T15:09:29.386+0100][4889.283s][info][gc,metaspace] GC(396) Metaspace: 28112K(28544K)->28112K(28544K) NonClass: 24479K(24704K)->24479K(24704K) Class: 3632K(3840K)->3632K(3840K)
[2025-03-18T15:09:29.386+0100][4889.283s][info][gc          ] GC(396) Pause Young (Normal) (G1 Evacuation Pause) 1448M->237M(2048M) 5.843ms
[2025-03-18T15:09:29.386+0100][4889.283s][info][gc,cpu      ] GC(396) User=0.04s Sys=0.00s Real=0.00s
[2025-03-18T15:09:46.862+0100][4906.759s][info][gc,start    ] GC(397) Pause Young (Normal) (G1 Evacuation Pause)
[2025-03-18T15:09:46.862+0100][4906.759s][info][gc,task     ] GC(397) Using 9 workers of 9 for evacuation
[2025-03-18T15:09:46.869+0100][4906.765s][info][gc,phases   ] GC(397)   Pre Evacuate Collection Set: 0.2ms
[2025-03-18T15:09:46.869+0100][4906.765s][info][gc,phases   ] GC(397)   Merge Heap Roots: 0.1ms
[2025-03-18T15:09:46.869+0100][4906.765s][info][gc,phases   ] GC(397)   Evacuate Collection Set: 5.2ms
[2025-03-18T15:09:46.869+0100][4906.765s][info][gc,phases   ] GC(397)   Post Evacuate Collection Set: 0.5ms
[2025-03-18T15:09:46.869+0100][4906.766s][info][gc,phases   ] GC(397)   Other: 0.1ms
[2025-03-18T15:09:46.869+0100][4906.766s][info][gc,heap     ] GC(397) Eden regions: 303->0(303)
[2025-03-18T15:09:46.869+0100][4906.766s][info][gc,heap     ] GC(397) Survivor regions: 4->4(39)
[2025-03-18T15:09:46.869+0100][4906.766s][info][gc,heap     ] GC(397) Old regions: 55->55
[2025-03-18T15:09:46.869+0100][4906.766s][info][gc,heap     ] GC(397) Humongous regions: 1->1
[2025-03-18T15:09:46.869+0100][4906.766s][info][gc,metaspace] GC(397) Metaspace: 28112K(28544K)->28112K(28544K) NonClass: 24479K(24704K)->24479K(24704K) Class: 3632K(3840K)->3632K(3840K)
[2025-03-18T15:09:46.869+0100][4906.766s][info][gc          ] GC(397) Pause Young (Normal) (G1 Evacuation Pause) 1449M->236M(2048M) 6.505ms
[2025-03-18T15:09:46.869+0100][4906.766s][info][gc,cpu      ] GC(397) User=0.05s Sys=0.00s Real=0.00s
[2025-03-18T15:10:04.359+0100][4924.256s][info][gc,start    ] GC(398) Pause Young (Normal) (G1 Evacuation Pause)
[2025-03-18T15:10:04.359+0100][4924.256s][info][gc,task     ] GC(398) Using 9 workers of 9 for evacuation
[2025-03-18T15:10:04.363+0100][4924.259s][info][gc,phases   ] GC(398)   Pre Evacuate Collection Set: 0.1ms
[2025-03-18T15:10:04.363+0100][4924.260s][info][gc,phases   ] GC(398)   Merge Heap Roots: 0.0ms
[2025-03-18T15:10:04.363+0100][4924.260s][info][gc,phases   ] GC(398)   Evacuate Collection Set: 2.7ms
[2025-03-18T15:10:04.363+0100][4924.260s][info][gc,phases   ] GC(398)   Post Evacuate Collection Set: 0.4ms
[2025-03-18T15:10:04.363+0100][4924.260s][info][gc,phases   ] GC(398)   Other: 0.0ms
[2025-03-18T15:10:04.363+0100][4924.260s][info][gc,heap     ] GC(398) Eden regions: 303->0(303)
[2025-03-18T15:10:04.363+0100][4924.260s][info][gc,heap     ] GC(398) Survivor regions: 4->4(39)
[2025-03-18T15:10:04.363+0100][4924.260s][info][gc,heap     ] GC(398) Old regions: 55->55
[2025-03-18T15:10:04.363+0100][4924.260s][info][gc,heap     ] GC(398) Humongous regions: 1->1
[2025-03-18T15:10:04.363+0100][4924.260s][info][gc,metaspace] GC(398) Metaspace: 28112K(28544K)->28112K(28544K) NonClass: 24479K(24704K)->24479K(24704K) Class: 3632K(3840K)->3632K(3840K)
[2025-03-18T15:10:04.363+0100][4924.260s][info][gc          ] GC(398) Pause Young (Normal) (G1 Evacuation Pause) 1448M->236M(2048M) 3.576ms
[2025-03-18T15:10:04.363+0100][4924.260s][info][gc,cpu      ] GC(398) User=0.02s Sys=0.00s Real=0.01s
[2025-03-18T15:10:21.883+0100][4941.780s][info][gc,start    ] GC(399) Pause Young (Normal) (G1 Evacuation Pause)
[2025-03-18T15:10:21.883+0100][4941.780s][info][gc,task     ] GC(399) Using 9 workers of 9 for evacuation
[2025-03-18T15:10:21.889+0100][4941.786s][info][gc,phases   ] GC(399)   Pre Evacuate Collection Set: 0.2ms
[2025-03-18T15:10:21.889+0100][4941.786s][info][gc,phases   ] GC(399)   Merge Heap Roots: 0.1ms
[2025-03-18T15:10:21.889+0100][4941.786s][info][gc,phases   ] GC(399)   Evacuate Collection Set: 4.6ms
[2025-03-18T15:10:21.889+0100][4941.786s][info][gc,phases   ] GC(399)   Post Evacuate Collection Set: 0.7ms
[2025-03-18T15:10:21.889+0100][4941.786s][info][gc,phases   ] GC(399)   Other: 0.1ms
[2025-03-18T15:10:21.889+0100][4941.786s][info][gc,heap     ] GC(399) Eden regions: 303->0(303)
[2025-03-18T15:10:21.889+0100][4941.786s][info][gc,heap     ] GC(399) Survivor regions: 4->4(39)
[2025-03-18T15:10:21.889+0100][4941.786s][info][gc,heap     ] GC(399) Old regions: 55->55
[2025-03-18T15:10:21.889+0100][4941.786s][info][gc,heap     ] GC(399) Humongous regions: 1->1
[2025-03-18T15:10:21.889+0100][4941.786s][info][gc,metaspace] GC(399) Metaspace: 28112K(28544K)->28112K(28544K) NonClass: 24479K(24704K)->24479K(24704K) Class: 3632K(3840K)->3632K(3840K)
[2025-03-18T15:10:21.889+0100][4941.786s][info][gc          ] GC(399) Pause Young (Normal) (G1 Evacuation Pause) 1448M->239M(2048M) 6.108ms
[2025-03-18T15:10:21.889+0100][4941.786s][info][gc,cpu      ] GC(399) User=0.04s Sys=0.01s Real=0.00s
[2025-03-18T15:10:39.390+0100][4959.287s][info][gc,start    ] GC(400) Pause Young (Normal) (G1 Evacuation Pause)
[2025-03-18T15:10:39.391+0100][4959.288s][info][gc,task     ] GC(400) Using 9 workers of 9 for evacuation
[2025-03-18T15:10:39.398+0100][4959.294s][info][gc,phases   ] GC(400)   Pre Evacuate Collection Set: 0.2ms
[2025-03-18T15:10:39.398+0100][4959.294s][info][gc,phases   ] GC(400)   Merge Heap Roots: 0.2ms
[2025-03-18T15:10:39.398+0100][4959.295s][info][gc,phases   ] GC(400)   Evacuate Collection Set: 5.1ms
[2025-03-18T15:10:39.398+0100][4959.295s][info][gc,phases   ] GC(400)   Post Evacuate Collection Set: 0.5ms
[2025-03-18T15:10:39.398+0100][4959.295s][info][gc,phases   ] GC(400)   Other: 0.1ms
[2025-03-18T15:10:39.398+0100][4959.295s][info][gc,heap     ] GC(400) Eden regions: 303->0(303)
[2025-03-18T15:10:39.398+0100][4959.295s][info][gc,heap     ] GC(400) Survivor regions: 4->4(39)
[2025-03-18T15:10:39.398+0100][4959.295s][info][gc,heap     ] GC(400) Old regions: 55->55
[2025-03-18T15:10:39.398+0100][4959.295s][info][gc,heap     ] GC(400) Humongous regions: 1->1
[2025-03-18T15:10:39.398+0100][4959.295s][info][gc,metaspace] GC(400) Metaspace: 28112K(28544K)->28112K(28544K) NonClass: 24479K(24704K)->24479K(24704K) Class: 3632K(3840K)->3632K(3840K)
[2025-03-18T15:10:39.398+0100][4959.295s][info][gc          ] GC(400) Pause Young (Normal) (G1 Evacuation Pause) 1451M->238M(2048M) 7.793ms
[2025-03-18T15:10:39.398+0100][4959.295s][info][gc,cpu      ] GC(400) User=0.04s Sys=0.00s Real=0.00s
[2025-03-18T15:10:56.882+0100][4976.779s][info][gc,start    ] GC(401) Pause Young (Normal) (G1 Evacuation Pause)
[2025-03-18T15:10:56.883+0100][4976.780s][info][gc,task     ] GC(401) Using 9 workers of 9 for evacuation
[2025-03-18T15:10:56.889+0100][4976.786s][info][gc,phases   ] GC(401)   Pre Evacuate Collection Set: 0.3ms
[2025-03-18T15:10:56.889+0100][4976.786s][info][gc,phases   ] GC(401)   Merge Heap Roots: 0.2ms
[2025-03-18T15:10:56.889+0100][4976.786s][info][gc,phases   ] GC(401)   Evacuate Collection Set: 5.0ms
[2025-03-18T15:10:56.889+0100][4976.786s][info][gc,phases   ] GC(401)   Post Evacuate Collection Set: 0.9ms
[2025-03-18T15:10:56.889+0100][4976.786s][info][gc,phases   ] GC(401)   Other: 0.1ms
[2025-03-18T15:10:56.889+0100][4976.786s][info][gc,heap     ] GC(401) Eden regions: 303->0(303)
[2025-03-18T15:10:56.889+0100][4976.786s][info][gc,heap     ] GC(401) Survivor regions: 4->4(39)
[2025-03-18T15:10:56.889+0100][4976.786s][info][gc,heap     ] GC(401) Old regions: 55->55
[2025-03-18T15:10:56.889+0100][4976.786s][info][gc,heap     ] GC(401) Humongous regions: 1->1
[2025-03-18T15:10:56.889+0100][4976.786s][info][gc,metaspace] GC(401) Metaspace: 28112K(28544K)->28112K(28544K) NonClass: 24479K(24704K)->24479K(24704K) Class: 3632K(3840K)->3632K(3840K)
[2025-03-18T15:10:56.889+0100][4976.786s][info][gc          ] GC(401) Pause Young (Normal) (G1 Evacuation Pause) 1450M->238M(2048M) 7.191ms
[2025-03-18T15:10:56.889+0100][4976.786s][info][gc,cpu      ] GC(401) User=0.04s Sys=0.01s Real=0.00s
[2025-03-18T15:11:14.379+0100][4994.276s][info][gc,start    ] GC(402) Pause Young (Normal) (G1 Evacuation Pause)
[2025-03-18T15:11:14.381+0100][4994.278s][info][gc,task     ] GC(402) Using 9 workers of 9 for evacuation
[2025-03-18T15:11:14.387+0100][4994.284s][info][gc,phases   ] GC(402)   Pre Evacuate Collection Set: 0.2ms
[2025-03-18T15:11:14.387+0100][4994.284s][info][gc,phases   ] GC(402)   Merge Heap Roots: 0.1ms
[2025-03-18T15:11:14.387+0100][4994.284s][info][gc,phases   ] GC(402)   Evacuate Collection Set: 4.7ms
[2025-03-18T15:11:14.387+0100][4994.284s][info][gc,phases   ] GC(402)   Post Evacuate Collection Set: 0.5ms
[2025-03-18T15:11:14.387+0100][4994.284s][info][gc,phases   ] GC(402)   Other: 0.1ms
[2025-03-18T15:11:14.387+0100][4994.284s][info][gc,heap     ] GC(402) Eden regions: 303->0(303)
[2025-03-18T15:11:14.387+0100][4994.284s][info][gc,heap     ] GC(402) Survivor regions: 4->4(39)
[2025-03-18T15:11:14.387+0100][4994.284s][info][gc,heap     ] GC(402) Old regions: 55->55
[2025-03-18T15:11:14.387+0100][4994.284s][info][gc,heap     ] GC(402) Humongous regions: 1->1
[2025-03-18T15:11:14.387+0100][4994.284s][info][gc,metaspace] GC(402) Metaspace: 28112K(28544K)->28112K(28544K) NonClass: 24479K(24704K)->24479K(24704K) Class: 3632K(3840K)->3632K(3840K)
[2025-03-18T15:11:14.387+0100][4994.284s][info][gc          ] GC(402) Pause Young (Normal) (G1 Evacuation Pause) 1450M->238M(2048M) 7.321ms
[2025-03-18T15:11:14.387+0100][4994.284s][info][gc,cpu      ] GC(402) User=0.04s Sys=0.01s Real=0.01s
[2025-03-18T15:11:31.879+0100][5011.776s][info][gc,start    ] GC(403) Pause Young (Normal) (G1 Evacuation Pause)
[2025-03-18T15:11:31.879+0100][5011.776s][info][gc,task     ] GC(403) Using 9 workers of 9 for evacuation
[2025-03-18T15:11:31.884+0100][5011.781s][info][gc,phases   ] GC(403)   Pre Evacuate Collection Set: 0.2ms
[2025-03-18T15:11:31.884+0100][5011.781s][info][gc,phases   ] GC(403)   Merge Heap Roots: 0.1ms
[2025-03-18T15:11:31.884+0100][5011.781s][info][gc,phases   ] GC(403)   Evacuate Collection Set: 4.1ms
[2025-03-18T15:11:31.884+0100][5011.781s][info][gc,phases   ] GC(403)   Post Evacuate Collection Set: 0.5ms
[2025-03-18T15:11:31.884+0100][5011.781s][info][gc,phases   ] GC(403)   Other: 0.1ms
[2025-03-18T15:11:31.884+0100][5011.781s][info][gc,heap     ] GC(403) Eden regions: 303->0(304)
[2025-03-18T15:11:31.884+0100][5011.781s][info][gc,heap     ] GC(403) Survivor regions: 4->3(39)
[2025-03-18T15:11:31.884+0100][5011.781s][info][gc,heap     ] GC(403) Old regions: 55->56
[2025-03-18T15:11:31.884+0100][5011.781s][info][gc,heap     ] GC(403) Humongous regions: 1->1
[2025-03-18T15:11:31.884+0100][5011.781s][info][gc,metaspace] GC(403) Metaspace: 28112K(28544K)->28112K(28544K) NonClass: 24479K(24704K)->24479K(24704K) Class: 3632K(3840K)->3632K(3840K)
[2025-03-18T15:11:31.884+0100][5011.781s][info][gc          ] GC(403) Pause Young (Normal) (G1 Evacuation Pause) 1450M->236M(2048M) 5.339ms
[2025-03-18T15:11:31.884+0100][5011.781s][info][gc,cpu      ] GC(403) User=0.04s Sys=0.00s Real=0.01s
[2025-03-18T15:11:44.885+0100][5024.782s][info][gc,start    ] GC(404) Pause Young (Normal) (G1 Evacuation Pause)
[2025-03-18T15:11:44.885+0100][5024.782s][info][gc,task     ] GC(404) Using 9 workers of 9 for evacuation
[2025-03-18T15:11:44.891+0100][5024.788s][info][gc,phases   ] GC(404)   Pre Evacuate Collection Set: 0.2ms
[2025-03-18T15:11:44.891+0100][5024.788s][info][gc,phases   ] GC(404)   Merge Heap Roots: 0.1ms
[2025-03-18T15:11:44.891+0100][5024.788s][info][gc,phases   ] GC(404)   Evacuate Collection Set: 5.2ms
[2025-03-18T15:11:44.891+0100][5024.789s][info][gc,phases   ] GC(404)   Post Evacuate Collection Set: 0.6ms
[2025-03-18T15:11:44.891+0100][5024.789s][info][gc,phases   ] GC(404)   Other: 0.1ms
[2025-03-18T15:11:44.891+0100][5024.789s][info][gc,heap     ] GC(404) Eden regions: 304->0(303)
[2025-03-18T15:11:44.891+0100][5024.789s][info][gc,heap     ] GC(404) Survivor regions: 3->4(39)
[2025-03-18T15:11:44.891+0100][5024.789s][info][gc,heap     ] GC(404) Old regions: 56->56
[2025-03-18T15:11:44.891+0100][5024.789s][info][gc,heap     ] GC(404) Humongous regions: 1->1
[2025-03-18T15:11:44.891+0100][5024.789s][info][gc,metaspace] GC(404) Metaspace: 28112K(28544K)->28112K(28544K) NonClass: 24479K(24704K)->24479K(24704K) Class: 3632K(3840K)->3632K(3840K)
[2025-03-18T15:11:44.892+0100][5024.789s][info][gc          ] GC(404) Pause Young (Normal) (G1 Evacuation Pause) 1452M->241M(2048M) 6.611ms
[2025-03-18T15:11:44.892+0100][5024.789s][info][gc,cpu      ] GC(404) User=0.04s Sys=0.00s Real=0.01s
[2025-03-18T15:12:01.872+0100][5041.770s][info][gc,start    ] GC(405) Pause Young (Normal) (G1 Evacuation Pause)
[2025-03-18T15:12:01.873+0100][5041.770s][info][gc,task     ] GC(405) Using 9 workers of 9 for evacuation
[2025-03-18T15:12:01.877+0100][5041.774s][info][gc,phases   ] GC(405)   Pre Evacuate Collection Set: 0.2ms
[2025-03-18T15:12:01.877+0100][5041.775s][info][gc,phases   ] GC(405)   Merge Heap Roots: 0.1ms
[2025-03-18T15:12:01.877+0100][5041.775s][info][gc,phases   ] GC(405)   Evacuate Collection Set: 3.2ms
[2025-03-18T15:12:01.877+0100][5041.775s][info][gc,phases   ] GC(405)   Post Evacuate Collection Set: 0.5ms
[2025-03-18T15:12:01.877+0100][5041.775s][info][gc,phases   ] GC(405)   Other: 0.1ms
[2025-03-18T15:12:01.877+0100][5041.775s][info][gc,heap     ] GC(405) Eden regions: 303->0(303)
[2025-03-18T15:12:01.877+0100][5041.775s][info][gc,heap     ] GC(405) Survivor regions: 4->4(39)
[2025-03-18T15:12:01.877+0100][5041.775s][info][gc,heap     ] GC(405) Old regions: 56->56
[2025-03-18T15:12:01.877+0100][5041.775s][info][gc,heap     ] GC(405) Humongous regions: 1->1
[2025-03-18T15:12:01.877+0100][5041.775s][info][gc,metaspace] GC(405) Metaspace: 28112K(28544K)->28112K(28544K) NonClass: 24479K(24704K)->24479K(24704K) Class: 3632K(3840K)->3632K(3840K)
[2025-03-18T15:12:01.878+0100][5041.775s][info][gc          ] GC(405) Pause Young (Normal) (G1 Evacuation Pause) 1453M->240M(2048M) 5.101ms
[2025-03-18T15:12:01.878+0100][5041.775s][info][gc,cpu      ] GC(405) User=0.03s Sys=0.00s Real=0.00s
[2025-03-18T15:12:19.388+0100][5059.286s][info][gc,start    ] GC(406) Pause Young (Normal) (G1 Evacuation Pause)
[2025-03-18T15:12:19.389+0100][5059.286s][info][gc,task     ] GC(406) Using 9 workers of 9 for evacuation
[2025-03-18T15:12:19.394+0100][5059.291s][info][gc,phases   ] GC(406)   Pre Evacuate Collection Set: 0.2ms
[2025-03-18T15:12:19.394+0100][5059.291s][info][gc,phases   ] GC(406)   Merge Heap Roots: 0.1ms
[2025-03-18T15:12:19.394+0100][5059.291s][info][gc,phases   ] GC(406)   Evacuate Collection Set: 4.6ms
[2025-03-18T15:12:19.394+0100][5059.291s][info][gc,phases   ] GC(406)   Post Evacuate Collection Set: 0.4ms
[2025-03-18T15:12:19.394+0100][5059.291s][info][gc,phases   ] GC(406)   Other: 0.1ms
[2025-03-18T15:12:19.394+0100][5059.291s][info][gc,heap     ] GC(406) Eden regions: 303->0(303)
[2025-03-18T15:12:19.394+0100][5059.291s][info][gc,heap     ] GC(406) Survivor regions: 4->4(39)
[2025-03-18T15:12:19.394+0100][5059.291s][info][gc,heap     ] GC(406) Old regions: 56->56
[2025-03-18T15:12:19.394+0100][5059.291s][info][gc,heap     ] GC(406) Humongous regions: 1->1
[2025-03-18T15:12:19.394+0100][5059.291s][info][gc,metaspace] GC(406) Metaspace: 28112K(28544K)->28112K(28544K) NonClass: 24479K(24704K)->24479K(24704K) Class: 3632K(3840K)->3632K(3840K)
[2025-03-18T15:12:19.394+0100][5059.291s][info][gc          ] GC(406) Pause Young (Normal) (G1 Evacuation Pause) 1452M->242M(2048M) 5.683ms
[2025-03-18T15:12:19.394+0100][5059.291s][info][gc,cpu      ] GC(406) User=0.03s Sys=0.01s Real=0.01s
[2025-03-18T15:12:33.857+0100][5073.755s][info][gc,start    ] GC(407) Pause Young (Normal) (G1 Evacuation Pause)
[2025-03-18T15:12:33.858+0100][5073.755s][info][gc,task     ] GC(407) Using 9 workers of 9 for evacuation
[2025-03-18T15:12:33.865+0100][5073.762s][info][gc,phases   ] GC(407)   Pre Evacuate Collection Set: 0.2ms
[2025-03-18T15:12:33.865+0100][5073.762s][info][gc,phases   ] GC(407)   Merge Heap Roots: 0.1ms
[2025-03-18T15:12:33.865+0100][5073.762s][info][gc,phases   ] GC(407)   Evacuate Collection Set: 6.0ms
[2025-03-18T15:12:33.865+0100][5073.762s][info][gc,phases   ] GC(407)   Post Evacuate Collection Set: 0.6ms
[2025-03-18T15:12:33.865+0100][5073.762s][info][gc,phases   ] GC(407)   Other: 0.2ms
[2025-03-18T15:12:33.865+0100][5073.762s][info][gc,heap     ] GC(407) Eden regions: 303->0(304)
[2025-03-18T15:12:33.865+0100][5073.762s][info][gc,heap     ] GC(407) Survivor regions: 4->3(39)
[2025-03-18T15:12:33.865+0100][5073.762s][info][gc,heap     ] GC(407) Old regions: 56->56
[2025-03-18T15:12:33.865+0100][5073.762s][info][gc,heap     ] GC(407) Humongous regions: 1->1
[2025-03-18T15:12:33.865+0100][5073.762s][info][gc,metaspace] GC(407) Metaspace: 28112K(28544K)->28112K(28544K) NonClass: 24479K(24704K)->24479K(24704K) Class: 3632K(3840K)->3632K(3840K)
[2025-03-18T15:12:33.865+0100][5073.762s][info][gc          ] GC(407) Pause Young (Normal) (G1 Evacuation Pause) 1454M->238M(2048M) 7.565ms
[2025-03-18T15:12:33.865+0100][5073.762s][info][gc,cpu      ] GC(407) User=0.05s Sys=0.00s Real=0.01s
[2025-03-18T15:12:49.861+0100][5089.759s][info][gc,start    ] GC(408) Pause Young (Normal) (G1 Evacuation Pause)
[2025-03-18T15:12:49.862+0100][5089.759s][info][gc,task     ] GC(408) Using 9 workers of 9 for evacuation
[2025-03-18T15:12:49.868+0100][5089.765s][info][gc,phases   ] GC(408)   Pre Evacuate Collection Set: 0.2ms
[2025-03-18T15:12:49.868+0100][5089.766s][info][gc,phases   ] GC(408)   Merge Heap Roots: 0.1ms
[2025-03-18T15:12:49.868+0100][5089.766s][info][gc,phases   ] GC(408)   Evacuate Collection Set: 5.3ms
[2025-03-18T15:12:49.868+0100][5089.766s][info][gc,phases   ] GC(408)   Post Evacuate Collection Set: 0.7ms
[2025-03-18T15:12:49.868+0100][5089.766s][info][gc,phases   ] GC(408)   Other: 0.1ms
[2025-03-18T15:12:49.868+0100][5089.766s][info][gc,heap     ] GC(408) Eden regions: 304->0(303)
[2025-03-18T15:12:49.868+0100][5089.766s][info][gc,heap     ] GC(408) Survivor regions: 3->4(39)
[2025-03-18T15:12:49.868+0100][5089.766s][info][gc,heap     ] GC(408) Old regions: 56->56
[2025-03-18T15:12:49.868+0100][5089.766s][info][gc,heap     ] GC(408) Humongous regions: 1->1
[2025-03-18T15:12:49.868+0100][5089.766s][info][gc,metaspace] GC(408) Metaspace: 28112K(28544K)->28112K(28544K) NonClass: 24479K(24704K)->24479K(24704K) Class: 3632K(3840K)->3632K(3840K)
[2025-03-18T15:12:49.868+0100][5089.766s][info][gc          ] GC(408) Pause Young (Normal) (G1 Evacuation Pause) 1454M->239M(2048M) 6.990ms
[2025-03-18T15:12:49.868+0100][5089.766s][info][gc,cpu      ] GC(408) User=0.05s Sys=0.00s Real=0.00s
[2025-03-18T15:13:07.366+0100][5107.263s][info][gc,start    ] GC(409) Pause Young (Normal) (G1 Evacuation Pause)
[2025-03-18T15:13:07.366+0100][5107.264s][info][gc,task     ] GC(409) Using 9 workers of 9 for evacuation
[2025-03-18T15:13:07.372+0100][5107.269s][info][gc,phases   ] GC(409)   Pre Evacuate Collection Set: 0.2ms
[2025-03-18T15:13:07.372+0100][5107.269s][info][gc,phases   ] GC(409)   Merge Heap Roots: 0.1ms
[2025-03-18T15:13:07.372+0100][5107.269s][info][gc,phases   ] GC(409)   Evacuate Collection Set: 4.5ms
[2025-03-18T15:13:07.372+0100][5107.269s][info][gc,phases   ] GC(409)   Post Evacuate Collection Set: 0.5ms
[2025-03-18T15:13:07.372+0100][5107.269s][info][gc,phases   ] GC(409)   Other: 0.1ms
[2025-03-18T15:13:07.372+0100][5107.269s][info][gc,heap     ] GC(409) Eden regions: 303->0(304)
[2025-03-18T15:13:07.372+0100][5107.269s][info][gc,heap     ] GC(409) Survivor regions: 4->3(39)
[2025-03-18T15:13:07.372+0100][5107.269s][info][gc,heap     ] GC(409) Old regions: 56->56
[2025-03-18T15:13:07.372+0100][5107.269s][info][gc,heap     ] GC(409) Humongous regions: 1->1
[2025-03-18T15:13:07.372+0100][5107.269s][info][gc,metaspace] GC(409) Metaspace: 28112K(28544K)->28112K(28544K) NonClass: 24479K(24704K)->24479K(24704K) Class: 3632K(3840K)->3632K(3840K)
[2025-03-18T15:13:07.372+0100][5107.269s][info][gc          ] GC(409) Pause Young (Normal) (G1 Evacuation Pause) 1451M->238M(2048M) 5.823ms
[2025-03-18T15:13:07.372+0100][5107.269s][info][gc,cpu      ] GC(409) User=0.04s Sys=0.00s Real=0.01s
[2025-03-18T15:13:24.882+0100][5124.780s][info][gc,start    ] GC(410) Pause Young (Normal) (G1 Evacuation Pause)
[2025-03-18T15:13:24.884+0100][5124.781s][info][gc,task     ] GC(410) Using 9 workers of 9 for evacuation
[2025-03-18T15:13:24.889+0100][5124.787s][info][gc,phases   ] GC(410)   Pre Evacuate Collection Set: 0.2ms
[2025-03-18T15:13:24.889+0100][5124.787s][info][gc,phases   ] GC(410)   Merge Heap Roots: 0.1ms
[2025-03-18T15:13:24.889+0100][5124.787s][info][gc,phases   ] GC(410)   Evacuate Collection Set: 4.3ms
[2025-03-18T15:13:24.889+0100][5124.787s][info][gc,phases   ] GC(410)   Post Evacuate Collection Set: 0.8ms
[2025-03-18T15:13:24.889+0100][5124.787s][info][gc,phases   ] GC(410)   Other: 0.1ms
[2025-03-18T15:13:24.889+0100][5124.787s][info][gc,heap     ] GC(410) Eden regions: 304->0(303)
[2025-03-18T15:13:24.889+0100][5124.787s][info][gc,heap     ] GC(410) Survivor regions: 3->4(39)
[2025-03-18T15:13:24.889+0100][5124.787s][info][gc,heap     ] GC(410) Old regions: 56->56
[2025-03-18T15:13:24.889+0100][5124.787s][info][gc,heap     ] GC(410) Humongous regions: 1->1
[2025-03-18T15:13:24.889+0100][5124.787s][info][gc,metaspace] GC(410) Metaspace: 28112K(28544K)->28112K(28544K) NonClass: 24479K(24704K)->24479K(24704K) Class: 3632K(3840K)->3632K(3840K)
[2025-03-18T15:13:24.889+0100][5124.787s][info][gc          ] GC(410) Pause Young (Normal) (G1 Evacuation Pause) 1454M->239M(2048M) 7.129ms
[2025-03-18T15:13:24.889+0100][5124.787s][info][gc,cpu      ] GC(410) User=0.03s Sys=0.00s Real=0.00s
[2025-03-18T15:13:42.377+0100][5142.274s][info][gc,start    ] GC(411) Pause Young (Normal) (G1 Evacuation Pause)
[2025-03-18T15:13:42.377+0100][5142.274s][info][gc,task     ] GC(411) Using 9 workers of 9 for evacuation
[2025-03-18T15:13:42.382+0100][5142.279s][info][gc,phases   ] GC(411)   Pre Evacuate Collection Set: 0.2ms
[2025-03-18T15:13:42.382+0100][5142.279s][info][gc,phases   ] GC(411)   Merge Heap Roots: 0.1ms
[2025-03-18T15:13:42.382+0100][5142.279s][info][gc,phases   ] GC(411)   Evacuate Collection Set: 3.9ms
[2025-03-18T15:13:42.382+0100][5142.279s][info][gc,phases   ] GC(411)   Post Evacuate Collection Set: 0.5ms
[2025-03-18T15:13:42.382+0100][5142.279s][info][gc,phases   ] GC(411)   Other: 0.1ms
[2025-03-18T15:13:42.382+0100][5142.279s][info][gc,heap     ] GC(411) Eden regions: 303->0(303)
[2025-03-18T15:13:42.382+0100][5142.279s][info][gc,heap     ] GC(411) Survivor regions: 4->4(39)
[2025-03-18T15:13:42.382+0100][5142.279s][info][gc,heap     ] GC(411) Old regions: 56->56
[2025-03-18T15:13:42.382+0100][5142.279s][info][gc,heap     ] GC(411) Humongous regions: 1->1
[2025-03-18T15:13:42.382+0100][5142.279s][info][gc,metaspace] GC(411) Metaspace: 28112K(28544K)->28112K(28544K) NonClass: 24479K(24704K)->24479K(24704K) Class: 3632K(3840K)->3632K(3840K)
[2025-03-18T15:13:42.382+0100][5142.279s][info][gc          ] GC(411) Pause Young (Normal) (G1 Evacuation Pause) 1451M->241M(2048M) 4.980ms
[2025-03-18T15:13:42.382+0100][5142.279s][info][gc,cpu      ] GC(411) User=0.03s Sys=0.00s Real=0.01s
[2025-03-18T15:14:00.362+0100][5160.260s][info][gc,start    ] GC(412) Pause Young (Normal) (G1 Evacuation Pause)
[2025-03-18T15:14:00.363+0100][5160.260s][info][gc,task     ] GC(412) Using 9 workers of 9 for evacuation
[2025-03-18T15:14:00.369+0100][5160.266s][info][gc,phases   ] GC(412)   Pre Evacuate Collection Set: 0.2ms
[2025-03-18T15:14:00.369+0100][5160.266s][info][gc,phases   ] GC(412)   Merge Heap Roots: 0.1ms
[2025-03-18T15:14:00.369+0100][5160.266s][info][gc,phases   ] GC(412)   Evacuate Collection Set: 4.8ms
[2025-03-18T15:14:00.369+0100][5160.266s][info][gc,phases   ] GC(412)   Post Evacuate Collection Set: 0.8ms
[2025-03-18T15:14:00.369+0100][5160.266s][info][gc,phases   ] GC(412)   Other: 0.1ms
[2025-03-18T15:14:00.369+0100][5160.266s][info][gc,heap     ] GC(412) Eden regions: 303->0(304)
[2025-03-18T15:14:00.369+0100][5160.266s][info][gc,heap     ] GC(412) Survivor regions: 4->3(39)
[2025-03-18T15:14:00.369+0100][5160.266s][info][gc,heap     ] GC(412) Old regions: 56->56
[2025-03-18T15:14:00.369+0100][5160.266s][info][gc,heap     ] GC(412) Humongous regions: 1->1
[2025-03-18T15:14:00.369+0100][5160.266s][info][gc,metaspace] GC(412) Metaspace: 28112K(28544K)->28112K(28544K) NonClass: 24479K(24704K)->24479K(24704K) Class: 3632K(3840K)->3632K(3840K)
[2025-03-18T15:14:00.369+0100][5160.266s][info][gc          ] GC(412) Pause Young (Normal) (G1 Evacuation Pause) 1453M->238M(2048M) 6.501ms
[2025-03-18T15:14:00.369+0100][5160.266s][info][gc,cpu      ] GC(412) User=0.05s Sys=0.00s Real=0.00s
[2025-03-18T15:14:13.083+0100][5172.980s][info][gc,start    ] GC(413) Pause Young (Normal) (G1 Evacuation Pause)
[2025-03-18T15:14:13.083+0100][5172.981s][info][gc,task     ] GC(413) Using 9 workers of 9 for evacuation
[2025-03-18T15:14:13.088+0100][5172.985s][info][gc,phases   ] GC(413)   Pre Evacuate Collection Set: 0.6ms
[2025-03-18T15:14:13.088+0100][5172.986s][info][gc,phases   ] GC(413)   Merge Heap Roots: 0.1ms
[2025-03-18T15:14:13.088+0100][5172.986s][info][gc,phases   ] GC(413)   Evacuate Collection Set: 3.6ms
[2025-03-18T15:14:13.088+0100][5172.986s][info][gc,phases   ] GC(413)   Post Evacuate Collection Set: 0.4ms
[2025-03-18T15:14:13.088+0100][5172.986s][info][gc,phases   ] GC(413)   Other: 0.1ms
[2025-03-18T15:14:13.088+0100][5172.986s][info][gc,heap     ] GC(413) Eden regions: 304->0(303)
[2025-03-18T15:14:13.088+0100][5172.986s][info][gc,heap     ] GC(413) Survivor regions: 3->4(39)
[2025-03-18T15:14:13.088+0100][5172.986s][info][gc,heap     ] GC(413) Old regions: 56->56
[2025-03-18T15:14:13.088+0100][5172.986s][info][gc,heap     ] GC(413) Humongous regions: 1->1
[2025-03-18T15:14:13.088+0100][5172.986s][info][gc,metaspace] GC(413) Metaspace: 28112K(28544K)->28112K(28544K) NonClass: 24479K(24704K)->24479K(24704K) Class: 3632K(3840K)->3632K(3840K)
[2025-03-18T15:14:13.088+0100][5172.986s][info][gc          ] GC(413) Pause Young (Normal) (G1 Evacuation Pause) 1454M->239M(2048M) 5.604ms
[2025-03-18T15:14:13.088+0100][5172.986s][info][gc,cpu      ] GC(413) User=0.02s Sys=0.00s Real=0.00s
[2025-03-18T15:14:29.877+0100][5189.774s][info][gc,start    ] GC(414) Pause Young (Normal) (G1 Evacuation Pause)
[2025-03-18T15:14:29.877+0100][5189.775s][info][gc,task     ] GC(414) Using 9 workers of 9 for evacuation
[2025-03-18T15:14:29.883+0100][5189.780s][info][gc,phases   ] GC(414)   Pre Evacuate Collection Set: 0.2ms
[2025-03-18T15:14:29.883+0100][5189.780s][info][gc,phases   ] GC(414)   Merge Heap Roots: 0.1ms
[2025-03-18T15:14:29.883+0100][5189.780s][info][gc,phases   ] GC(414)   Evacuate Collection Set: 4.5ms
[2025-03-18T15:14:29.883+0100][5189.780s][info][gc,phases   ] GC(414)   Post Evacuate Collection Set: 0.7ms
[2025-03-18T15:14:29.883+0100][5189.780s][info][gc,phases   ] GC(414)   Other: 0.1ms
[2025-03-18T15:14:29.883+0100][5189.780s][info][gc,heap     ] GC(414) Eden regions: 303->0(303)
[2025-03-18T15:14:29.883+0100][5189.780s][info][gc,heap     ] GC(414) Survivor regions: 4->4(39)
[2025-03-18T15:14:29.883+0100][5189.780s][info][gc,heap     ] GC(414) Old regions: 56->56
[2025-03-18T15:14:29.883+0100][5189.780s][info][gc,heap     ] GC(414) Humongous regions: 1->1
[2025-03-18T15:14:29.883+0100][5189.780s][info][gc,metaspace] GC(414) Metaspace: 28112K(28544K)->28112K(28544K) NonClass: 24479K(24704K)->24479K(24704K) Class: 3632K(3840K)->3632K(3840K)
[2025-03-18T15:14:29.883+0100][5189.780s][info][gc          ] GC(414) Pause Young (Normal) (G1 Evacuation Pause) 1451M->241M(2048M) 5.960ms
[2025-03-18T15:14:29.883+0100][5189.780s][info][gc,cpu      ] GC(414) User=0.04s Sys=0.00s Real=0.01s
[2025-03-18T15:14:47.368+0100][5207.265s][info][gc,start    ] GC(415) Pause Young (Normal) (G1 Evacuation Pause)
[2025-03-18T15:14:47.368+0100][5207.265s][info][gc,task     ] GC(415) Using 9 workers of 9 for evacuation
[2025-03-18T15:14:47.374+0100][5207.271s][info][gc,phases   ] GC(415)   Pre Evacuate Collection Set: 0.2ms
[2025-03-18T15:14:47.374+0100][5207.271s][info][gc,phases   ] GC(415)   Merge Heap Roots: 0.1ms
[2025-03-18T15:14:47.374+0100][5207.271s][info][gc,phases   ] GC(415)   Evacuate Collection Set: 4.8ms
[2025-03-18T15:14:47.374+0100][5207.271s][info][gc,phases   ] GC(415)   Post Evacuate Collection Set: 0.8ms
[2025-03-18T15:14:47.374+0100][5207.271s][info][gc,phases   ] GC(415)   Other: 0.1ms
[2025-03-18T15:14:47.374+0100][5207.272s][info][gc,heap     ] GC(415) Eden regions: 303->0(303)
[2025-03-18T15:14:47.374+0100][5207.272s][info][gc,heap     ] GC(415) Survivor regions: 4->4(39)
[2025-03-18T15:14:47.374+0100][5207.272s][info][gc,heap     ] GC(415) Old regions: 56->56
[2025-03-18T15:14:47.374+0100][5207.272s][info][gc,heap     ] GC(415) Humongous regions: 1->1
[2025-03-18T15:14:47.374+0100][5207.272s][info][gc,metaspace] GC(415) Metaspace: 28112K(28544K)->28112K(28544K) NonClass: 24479K(24704K)->24479K(24704K) Class: 3632K(3840K)->3632K(3840K)
[2025-03-18T15:14:47.374+0100][5207.272s][info][gc          ] GC(415) Pause Young (Normal) (G1 Evacuation Pause) 1453M->238M(2048M) 6.538ms
[2025-03-18T15:14:47.374+0100][5207.272s][info][gc,cpu      ] GC(415) User=0.05s Sys=0.00s Real=0.01s
[2025-03-18T15:15:04.869+0100][5224.766s][info][gc,start    ] GC(416) Pause Young (Normal) (G1 Evacuation Pause)
[2025-03-18T15:15:04.870+0100][5224.768s][info][gc,task     ] GC(416) Using 9 workers of 9 for evacuation
[2025-03-18T15:15:04.876+0100][5224.774s][info][gc,phases   ] GC(416)   Pre Evacuate Collection Set: 0.2ms
[2025-03-18T15:15:04.876+0100][5224.774s][info][gc,phases   ] GC(416)   Merge Heap Roots: 0.1ms
[2025-03-18T15:15:04.876+0100][5224.774s][info][gc,phases   ] GC(416)   Evacuate Collection Set: 5.0ms
[2025-03-18T15:15:04.876+0100][5224.774s][info][gc,phases   ] GC(416)   Post Evacuate Collection Set: 0.5ms
[2025-03-18T15:15:04.876+0100][5224.774s][info][gc,phases   ] GC(416)   Other: 0.1ms
[2025-03-18T15:15:04.876+0100][5224.774s][info][gc,heap     ] GC(416) Eden regions: 303->0(303)
[2025-03-18T15:15:04.876+0100][5224.774s][info][gc,heap     ] GC(416) Survivor regions: 4->4(39)
[2025-03-18T15:15:04.876+0100][5224.774s][info][gc,heap     ] GC(416) Old regions: 56->56
[2025-03-18T15:15:04.876+0100][5224.774s][info][gc,heap     ] GC(416) Humongous regions: 1->1
[2025-03-18T15:15:04.876+0100][5224.774s][info][gc,metaspace] GC(416) Metaspace: 28112K(28544K)->28112K(28544K) NonClass: 24479K(24704K)->24479K(24704K) Class: 3632K(3840K)->3632K(3840K)
[2025-03-18T15:15:04.876+0100][5224.774s][info][gc          ] GC(416) Pause Young (Normal) (G1 Evacuation Pause) 1450M->239M(2048M) 7.667ms
[2025-03-18T15:15:04.876+0100][5224.774s][info][gc,cpu      ] GC(416) User=0.04s Sys=0.01s Real=0.01s
[2025-03-18T15:15:17.724+0100][5237.622s][info][gc,start    ] GC(417) Pause Young (Normal) (G1 Evacuation Pause)
[2025-03-18T15:15:17.726+0100][5237.623s][info][gc,task     ] GC(417) Using 9 workers of 9 for evacuation
[2025-03-18T15:15:17.733+0100][5237.630s][info][gc,phases   ] GC(417)   Pre Evacuate Collection Set: 0.3ms
[2025-03-18T15:15:17.733+0100][5237.630s][info][gc,phases   ] GC(417)   Merge Heap Roots: 0.2ms
[2025-03-18T15:15:17.733+0100][5237.630s][info][gc,phases   ] GC(417)   Evacuate Collection Set: 5.8ms
[2025-03-18T15:15:17.733+0100][5237.630s][info][gc,phases   ] GC(417)   Post Evacuate Collection Set: 0.6ms
[2025-03-18T15:15:17.733+0100][5237.630s][info][gc,phases   ] GC(417)   Other: 0.1ms
[2025-03-18T15:15:17.733+0100][5237.631s][info][gc,heap     ] GC(417) Eden regions: 303->0(302)
[2025-03-18T15:15:17.733+0100][5237.631s][info][gc,heap     ] GC(417) Survivor regions: 4->5(39)
[2025-03-18T15:15:17.733+0100][5237.631s][info][gc,heap     ] GC(417) Old regions: 56->56
[2025-03-18T15:15:17.733+0100][5237.631s][info][gc,heap     ] GC(417) Humongous regions: 1->1
[2025-03-18T15:15:17.733+0100][5237.631s][info][gc,metaspace] GC(417) Metaspace: 28112K(28544K)->28112K(28544K) NonClass: 24479K(24704K)->24479K(24704K) Class: 3632K(3840K)->3632K(3840K)
[2025-03-18T15:15:17.733+0100][5237.631s][info][gc          ] GC(417) Pause Young (Normal) (G1 Evacuation Pause) 1451M->242M(2048M) 8.653ms
[2025-03-18T15:15:17.733+0100][5237.631s][info][gc,cpu      ] GC(417) User=0.04s Sys=0.01s Real=0.01s
[2025-03-18T15:15:29.942+0100][5249.840s][info][gc,start    ] GC(418) Pause Young (Normal) (G1 Evacuation Pause)
[2025-03-18T15:15:29.942+0100][5249.840s][info][gc,task     ] GC(418) Using 9 workers of 9 for evacuation
[2025-03-18T15:15:29.945+0100][5249.843s][info][gc,phases   ] GC(418)   Pre Evacuate Collection Set: 0.1ms
[2025-03-18T15:15:29.945+0100][5249.843s][info][gc,phases   ] GC(418)   Merge Heap Roots: 0.1ms
[2025-03-18T15:15:29.945+0100][5249.843s][info][gc,phases   ] GC(418)   Evacuate Collection Set: 2.5ms
[2025-03-18T15:15:29.945+0100][5249.843s][info][gc,phases   ] GC(418)   Post Evacuate Collection Set: 0.5ms
[2025-03-18T15:15:29.945+0100][5249.843s][info][gc,phases   ] GC(418)   Other: 0.1ms
[2025-03-18T15:15:29.945+0100][5249.843s][info][gc,heap     ] GC(418) Eden regions: 302->0(304)
[2025-03-18T15:15:29.945+0100][5249.843s][info][gc,heap     ] GC(418) Survivor regions: 5->3(39)
[2025-03-18T15:15:29.945+0100][5249.843s][info][gc,heap     ] GC(418) Old regions: 56->56
[2025-03-18T15:15:29.945+0100][5249.843s][info][gc,heap     ] GC(418) Humongous regions: 1->1
[2025-03-18T15:15:29.945+0100][5249.843s][info][gc,metaspace] GC(418) Metaspace: 28112K(28544K)->28112K(28544K) NonClass: 24479K(24704K)->24479K(24704K) Class: 3632K(3840K)->3632K(3840K)
[2025-03-18T15:15:29.946+0100][5249.843s][info][gc          ] GC(418) Pause Young (Normal) (G1 Evacuation Pause) 1450M->237M(2048M) 3.430ms
[2025-03-18T15:15:29.946+0100][5249.843s][info][gc,cpu      ] GC(418) User=0.02s Sys=0.01s Real=0.00s
[2025-03-18T15:15:36.043+0100][5255.941s][info][gc,start    ] GC(419) Pause Young (Normal) (G1 Evacuation Pause)
[2025-03-18T15:15:36.043+0100][5255.941s][info][gc,task     ] GC(419) Using 9 workers of 9 for evacuation
[2025-03-18T15:15:36.047+0100][5255.945s][info][gc,phases   ] GC(419)   Pre Evacuate Collection Set: 0.1ms
[2025-03-18T15:15:36.047+0100][5255.945s][info][gc,phases   ] GC(419)   Merge Heap Roots: 0.0ms
[2025-03-18T15:15:36.047+0100][5255.945s][info][gc,phases   ] GC(419)   Evacuate Collection Set: 3.5ms
[2025-03-18T15:15:36.047+0100][5255.945s][info][gc,phases   ] GC(419)   Post Evacuate Collection Set: 0.4ms
[2025-03-18T15:15:36.047+0100][5255.945s][info][gc,phases   ] GC(419)   Other: 0.0ms
[2025-03-18T15:15:36.047+0100][5255.945s][info][gc,heap     ] GC(419) Eden regions: 304->0(303)
[2025-03-18T15:15:36.047+0100][5255.945s][info][gc,heap     ] GC(419) Survivor regions: 3->4(39)
[2025-03-18T15:15:36.047+0100][5255.945s][info][gc,heap     ] GC(419) Old regions: 56->56
[2025-03-18T15:15:36.047+0100][5255.945s][info][gc,heap     ] GC(419) Humongous regions: 1->1
[2025-03-18T15:15:36.047+0100][5255.945s][info][gc,metaspace] GC(419) Metaspace: 28112K(28544K)->28112K(28544K) NonClass: 24479K(24704K)->24479K(24704K) Class: 3632K(3840K)->3632K(3840K)
[2025-03-18T15:15:36.047+0100][5255.945s][info][gc          ] GC(419) Pause Young (Normal) (G1 Evacuation Pause) 1453M->242M(2048M) 4.341ms
[2025-03-18T15:15:36.047+0100][5255.945s][info][gc,cpu      ] GC(419) User=0.02s Sys=0.01s Real=0.00s
[2025-03-18T15:15:39.687+0100][5259.585s][info][gc,start    ] GC(420) Pause Young (Normal) (G1 Evacuation Pause)
[2025-03-18T15:15:39.687+0100][5259.585s][info][gc,task     ] GC(420) Using 9 workers of 9 for evacuation
[2025-03-18T15:15:39.692+0100][5259.590s][info][gc,phases   ] GC(420)   Pre Evacuate Collection Set: 0.1ms
[2025-03-18T15:15:39.692+0100][5259.590s][info][gc,phases   ] GC(420)   Merge Heap Roots: 0.1ms
[2025-03-18T15:15:39.692+0100][5259.590s][info][gc,phases   ] GC(420)   Evacuate Collection Set: 3.8ms
[2025-03-18T15:15:39.692+0100][5259.590s][info][gc,phases   ] GC(420)   Post Evacuate Collection Set: 0.4ms
[2025-03-18T15:15:39.692+0100][5259.590s][info][gc,phases   ] GC(420)   Other: 0.1ms
[2025-03-18T15:15:39.692+0100][5259.590s][info][gc,heap     ] GC(420) Eden regions: 303->0(302)
[2025-03-18T15:15:39.692+0100][5259.590s][info][gc,heap     ] GC(420) Survivor regions: 4->5(39)
[2025-03-18T15:15:39.692+0100][5259.590s][info][gc,heap     ] GC(420) Old regions: 56->56
[2025-03-18T15:15:39.692+0100][5259.590s][info][gc,heap     ] GC(420) Humongous regions: 1->1
[2025-03-18T15:15:39.692+0100][5259.590s][info][gc,metaspace] GC(420) Metaspace: 28112K(28544K)->28112K(28544K) NonClass: 24479K(24704K)->24479K(24704K) Class: 3632K(3840K)->3632K(3840K)
[2025-03-18T15:15:39.692+0100][5259.590s][info][gc          ] GC(420) Pause Young (Normal) (G1 Evacuation Pause) 1454M->246M(2048M) 4.660ms
[2025-03-18T15:15:39.692+0100][5259.590s][info][gc,cpu      ] GC(420) User=0.03s Sys=0.01s Real=0.01s
[2025-03-18T15:15:46.868+0100][5266.765s][info][gc,start    ] GC(421) Pause Young (Normal) (G1 Evacuation Pause)
[2025-03-18T15:15:46.868+0100][5266.766s][info][gc,task     ] GC(421) Using 9 workers of 9 for evacuation
[2025-03-18T15:15:46.875+0100][5266.773s][info][gc,phases   ] GC(421)   Pre Evacuate Collection Set: 0.2ms
[2025-03-18T15:15:46.875+0100][5266.773s][info][gc,phases   ] GC(421)   Merge Heap Roots: 0.1ms
[2025-03-18T15:15:46.875+0100][5266.773s][info][gc,phases   ] GC(421)   Evacuate Collection Set: 6.3ms
[2025-03-18T15:15:46.875+0100][5266.773s][info][gc,phases   ] GC(421)   Post Evacuate Collection Set: 0.5ms
[2025-03-18T15:15:46.875+0100][5266.773s][info][gc,phases   ] GC(421)   Other: 0.1ms
[2025-03-18T15:15:46.875+0100][5266.773s][info][gc,heap     ] GC(421) Eden regions: 302->0(303)
[2025-03-18T15:15:46.875+0100][5266.773s][info][gc,heap     ] GC(421) Survivor regions: 5->4(39)
[2025-03-18T15:15:46.875+0100][5266.773s][info][gc,heap     ] GC(421) Old regions: 56->56
[2025-03-18T15:15:46.875+0100][5266.773s][info][gc,heap     ] GC(421) Humongous regions: 1->1
[2025-03-18T15:15:46.875+0100][5266.773s][info][gc,metaspace] GC(421) Metaspace: 28112K(28544K)->28112K(28544K) NonClass: 24479K(24704K)->24479K(24704K) Class: 3632K(3840K)->3632K(3840K)
[2025-03-18T15:15:46.875+0100][5266.773s][info][gc          ] GC(421) Pause Young (Normal) (G1 Evacuation Pause) 1454M->242M(2048M) 7.620ms
[2025-03-18T15:15:46.875+0100][5266.773s][info][gc,cpu      ] GC(421) User=0.05s Sys=0.00s Real=0.01s
[2025-03-18T15:16:04.342+0100][5284.239s][info][gc,start    ] GC(422) Pause Young (Normal) (G1 Evacuation Pause)
[2025-03-18T15:16:04.342+0100][5284.240s][info][gc,task     ] GC(422) Using 9 workers of 9 for evacuation
[2025-03-18T15:16:04.362+0100][5284.260s][info][gc,phases   ] GC(422)   Pre Evacuate Collection Set: 0.6ms
[2025-03-18T15:16:04.363+0100][5284.260s][info][gc,phases   ] GC(422)   Merge Heap Roots: 0.1ms
[2025-03-18T15:16:04.363+0100][5284.260s][info][gc,phases   ] GC(422)   Evacuate Collection Set: 18.8ms
[2025-03-18T15:16:04.363+0100][5284.260s][info][gc,phases   ] GC(422)   Post Evacuate Collection Set: 0.7ms
[2025-03-18T15:16:04.363+0100][5284.260s][info][gc,phases   ] GC(422)   Other: 0.2ms
[2025-03-18T15:16:04.363+0100][5284.260s][info][gc,heap     ] GC(422) Eden regions: 303->0(303)
[2025-03-18T15:16:04.363+0100][5284.260s][info][gc,heap     ] GC(422) Survivor regions: 4->4(39)
[2025-03-18T15:16:04.363+0100][5284.260s][info][gc,heap     ] GC(422) Old regions: 56->56
[2025-03-18T15:16:04.363+0100][5284.260s][info][gc,heap     ] GC(422) Humongous regions: 1->1
[2025-03-18T15:16:04.363+0100][5284.260s][info][gc,metaspace] GC(422) Metaspace: 28112K(28544K)->28112K(28544K) NonClass: 24479K(24704K)->24479K(24704K) Class: 3632K(3840K)->3632K(3840K)
[2025-03-18T15:16:04.363+0100][5284.260s][info][gc          ] GC(422) Pause Young (Normal) (G1 Evacuation Pause) 1454M->240M(2048M) 21.034ms
[2025-03-18T15:16:04.363+0100][5284.260s][info][gc,cpu      ] GC(422) User=0.04s Sys=0.01s Real=0.02s
[2025-03-18T15:16:21.848+0100][5301.746s][info][gc,start    ] GC(423) Pause Young (Normal) (G1 Evacuation Pause)
[2025-03-18T15:16:21.849+0100][5301.747s][info][gc,task     ] GC(423) Using 9 workers of 9 for evacuation
[2025-03-18T15:16:21.857+0100][5301.755s][info][gc,phases   ] GC(423)   Pre Evacuate Collection Set: 0.3ms
[2025-03-18T15:16:21.857+0100][5301.755s][info][gc,phases   ] GC(423)   Merge Heap Roots: 0.2ms
[2025-03-18T15:16:21.857+0100][5301.755s][info][gc,phases   ] GC(423)   Evacuate Collection Set: 6.1ms
[2025-03-18T15:16:21.857+0100][5301.755s][info][gc,phases   ] GC(423)   Post Evacuate Collection Set: 0.9ms
[2025-03-18T15:16:21.857+0100][5301.755s][info][gc,phases   ] GC(423)   Other: 0.1ms
[2025-03-18T15:16:21.857+0100][5301.755s][info][gc,heap     ] GC(423) Eden regions: 303->0(304)
[2025-03-18T15:16:21.857+0100][5301.755s][info][gc,heap     ] GC(423) Survivor regions: 4->3(39)
[2025-03-18T15:16:21.857+0100][5301.755s][info][gc,heap     ] GC(423) Old regions: 56->56
[2025-03-18T15:16:21.857+0100][5301.755s][info][gc,heap     ] GC(423) Humongous regions: 1->1
[2025-03-18T15:16:21.857+0100][5301.755s][info][gc,metaspace] GC(423) Metaspace: 28112K(28544K)->28112K(28544K) NonClass: 24479K(24704K)->24479K(24704K) Class: 3632K(3840K)->3632K(3840K)
[2025-03-18T15:16:21.857+0100][5301.755s][info][gc          ] GC(423) Pause Young (Normal) (G1 Evacuation Pause) 1452M->239M(2048M) 9.178ms
[2025-03-18T15:16:21.857+0100][5301.755s][info][gc,cpu      ] GC(423) User=0.05s Sys=0.00s Real=0.01s
[2025-03-18T15:16:39.338+0100][5319.235s][info][gc,start    ] GC(424) Pause Young (Normal) (G1 Evacuation Pause)
[2025-03-18T15:16:39.338+0100][5319.236s][info][gc,task     ] GC(424) Using 9 workers of 9 for evacuation
[2025-03-18T15:16:39.354+0100][5319.252s][info][gc,phases   ] GC(424)   Pre Evacuate Collection Set: 0.6ms
[2025-03-18T15:16:39.354+0100][5319.252s][info][gc,phases   ] GC(424)   Merge Heap Roots: 0.2ms
[2025-03-18T15:16:39.355+0100][5319.252s][info][gc,phases   ] GC(424)   Evacuate Collection Set: 14.7ms
[2025-03-18T15:16:39.355+0100][5319.252s][info][gc,phases   ] GC(424)   Post Evacuate Collection Set: 0.7ms
[2025-03-18T15:16:39.355+0100][5319.252s][info][gc,phases   ] GC(424)   Other: 0.2ms
[2025-03-18T15:16:39.355+0100][5319.252s][info][gc,heap     ] GC(424) Eden regions: 304->0(303)
[2025-03-18T15:16:39.355+0100][5319.252s][info][gc,heap     ] GC(424) Survivor regions: 3->4(39)
[2025-03-18T15:16:39.355+0100][5319.252s][info][gc,heap     ] GC(424) Old regions: 56->56
[2025-03-18T15:16:39.355+0100][5319.252s][info][gc,heap     ] GC(424) Humongous regions: 1->1
[2025-03-18T15:16:39.355+0100][5319.252s][info][gc,metaspace] GC(424) Metaspace: 28112K(28544K)->28112K(28544K) NonClass: 24479K(24704K)->24479K(24704K) Class: 3632K(3840K)->3632K(3840K)
[2025-03-18T15:16:39.355+0100][5319.252s][info][gc          ] GC(424) Pause Young (Normal) (G1 Evacuation Pause) 1455M->239M(2048M) 17.045ms
[2025-03-18T15:16:39.355+0100][5319.252s][info][gc,cpu      ] GC(424) User=0.05s Sys=0.00s Real=0.02s
[2025-03-18T15:16:56.858+0100][5336.756s][info][gc,start    ] GC(425) Pause Young (Normal) (G1 Evacuation Pause)
[2025-03-18T15:16:56.858+0100][5336.756s][info][gc,task     ] GC(425) Using 9 workers of 9 for evacuation
[2025-03-18T15:16:56.865+0100][5336.763s][info][gc,phases   ] GC(425)   Pre Evacuate Collection Set: 0.2ms
[2025-03-18T15:16:56.865+0100][5336.763s][info][gc,phases   ] GC(425)   Merge Heap Roots: 0.2ms
[2025-03-18T15:16:56.865+0100][5336.763s][info][gc,phases   ] GC(425)   Evacuate Collection Set: 6.0ms
[2025-03-18T15:16:56.865+0100][5336.763s][info][gc,phases   ] GC(425)   Post Evacuate Collection Set: 0.6ms
[2025-03-18T15:16:56.865+0100][5336.763s][info][gc,phases   ] GC(425)   Other: 0.1ms
[2025-03-18T15:16:56.865+0100][5336.763s][info][gc,heap     ] GC(425) Eden regions: 303->0(303)
[2025-03-18T15:16:56.865+0100][5336.763s][info][gc,heap     ] GC(425) Survivor regions: 4->4(39)
[2025-03-18T15:16:56.865+0100][5336.763s][info][gc,heap     ] GC(425) Old regions: 56->56
[2025-03-18T15:16:56.865+0100][5336.763s][info][gc,heap     ] GC(425) Humongous regions: 1->1
[2025-03-18T15:16:56.865+0100][5336.763s][info][gc,metaspace] GC(425) Metaspace: 28112K(28544K)->28112K(28544K) NonClass: 24479K(24704K)->24479K(24704K) Class: 3632K(3840K)->3632K(3840K)
[2025-03-18T15:16:56.865+0100][5336.763s][info][gc          ] GC(425) Pause Young (Normal) (G1 Evacuation Pause) 1451M->239M(2048M) 7.459ms
[2025-03-18T15:16:56.866+0100][5336.763s][info][gc,cpu      ] GC(425) User=0.05s Sys=0.01s Real=0.01s
[2025-03-18T15:17:14.344+0100][5354.242s][info][gc,start    ] GC(426) Pause Young (Normal) (G1 Evacuation Pause)
[2025-03-18T15:17:14.345+0100][5354.243s][info][gc,task     ] GC(426) Using 9 workers of 9 for evacuation
[2025-03-18T15:17:14.358+0100][5354.256s][info][gc,phases   ] GC(426)   Pre Evacuate Collection Set: 0.6ms
[2025-03-18T15:17:14.359+0100][5354.256s][info][gc,phases   ] GC(426)   Merge Heap Roots: 0.1ms
[2025-03-18T15:17:14.359+0100][5354.256s][info][gc,phases   ] GC(426)   Evacuate Collection Set: 12.1ms
[2025-03-18T15:17:14.359+0100][5354.256s][info][gc,phases   ] GC(426)   Post Evacuate Collection Set: 0.8ms
[2025-03-18T15:17:14.359+0100][5354.256s][info][gc,phases   ] GC(426)   Other: 0.2ms
[2025-03-18T15:17:14.359+0100][5354.257s][info][gc,heap     ] GC(426) Eden regions: 303->0(303)
[2025-03-18T15:17:14.359+0100][5354.257s][info][gc,heap     ] GC(426) Survivor regions: 4->4(39)
[2025-03-18T15:17:14.359+0100][5354.257s][info][gc,heap     ] GC(426) Old regions: 56->56
[2025-03-18T15:17:14.359+0100][5354.257s][info][gc,heap     ] GC(426) Humongous regions: 1->1
[2025-03-18T15:17:14.359+0100][5354.257s][info][gc,metaspace] GC(426) Metaspace: 28112K(28544K)->28112K(28544K) NonClass: 24479K(24704K)->24479K(24704K) Class: 3632K(3840K)->3632K(3840K)
[2025-03-18T15:17:14.359+0100][5354.257s][info][gc          ] GC(426) Pause Young (Normal) (G1 Evacuation Pause) 1451M->239M(2048M) 14.503ms
[2025-03-18T15:17:14.359+0100][5354.257s][info][gc,cpu      ] GC(426) User=0.05s Sys=0.01s Real=0.01s
[2025-03-18T15:17:31.860+0100][5371.758s][info][gc,start    ] GC(427) Pause Young (Normal) (G1 Evacuation Pause)
[2025-03-18T15:17:31.862+0100][5371.760s][info][gc,task     ] GC(427) Using 9 workers of 9 for evacuation
[2025-03-18T15:17:31.869+0100][5371.767s][info][gc,phases   ] GC(427)   Pre Evacuate Collection Set: 0.3ms
[2025-03-18T15:17:31.869+0100][5371.767s][info][gc,phases   ] GC(427)   Merge Heap Roots: 0.1ms
[2025-03-18T15:17:31.869+0100][5371.767s][info][gc,phases   ] GC(427)   Evacuate Collection Set: 6.2ms
[2025-03-18T15:17:31.869+0100][5371.767s][info][gc,phases   ] GC(427)   Post Evacuate Collection Set: 0.6ms
[2025-03-18T15:17:31.869+0100][5371.767s][info][gc,phases   ] GC(427)   Other: 0.1ms
[2025-03-18T15:17:31.869+0100][5371.767s][info][gc,heap     ] GC(427) Eden regions: 303->0(303)
[2025-03-18T15:17:31.869+0100][5371.767s][info][gc,heap     ] GC(427) Survivor regions: 4->4(39)
[2025-03-18T15:17:31.869+0100][5371.767s][info][gc,heap     ] GC(427) Old regions: 56->56
[2025-03-18T15:17:31.869+0100][5371.767s][info][gc,heap     ] GC(427) Humongous regions: 1->1
[2025-03-18T15:17:31.869+0100][5371.767s][info][gc,metaspace] GC(427) Metaspace: 28112K(28544K)->28112K(28544K) NonClass: 24479K(24704K)->24479K(24704K) Class: 3632K(3840K)->3632K(3840K)
[2025-03-18T15:17:31.869+0100][5371.767s][info][gc          ] GC(427) Pause Young (Normal) (G1 Evacuation Pause) 1451M->241M(2048M) 9.171ms
[2025-03-18T15:17:31.869+0100][5371.767s][info][gc,cpu      ] GC(427) User=0.05s Sys=0.00s Real=0.00s
[2025-03-18T15:17:45.723+0100][5385.621s][info][gc,start    ] GC(428) Pause Young (Normal) (G1 Evacuation Pause)
[2025-03-18T15:17:45.723+0100][5385.621s][info][gc,task     ] GC(428) Using 9 workers of 9 for evacuation
[2025-03-18T15:17:45.729+0100][5385.627s][info][gc,phases   ] GC(428)   Pre Evacuate Collection Set: 0.2ms
[2025-03-18T15:17:45.729+0100][5385.627s][info][gc,phases   ] GC(428)   Merge Heap Roots: 0.1ms
[2025-03-18T15:17:45.729+0100][5385.627s][info][gc,phases   ] GC(428)   Evacuate Collection Set: 5.1ms
[2025-03-18T15:17:45.729+0100][5385.627s][info][gc,phases   ] GC(428)   Post Evacuate Collection Set: 0.4ms
[2025-03-18T15:17:45.729+0100][5385.627s][info][gc,phases   ] GC(428)   Other: 0.1ms
[2025-03-18T15:17:45.729+0100][5385.627s][info][gc,heap     ] GC(428) Eden regions: 303->0(303)
[2025-03-18T15:17:45.729+0100][5385.627s][info][gc,heap     ] GC(428) Survivor regions: 4->4(39)
[2025-03-18T15:17:45.729+0100][5385.627s][info][gc,heap     ] GC(428) Old regions: 56->56
[2025-03-18T15:17:45.729+0100][5385.627s][info][gc,heap     ] GC(428) Humongous regions: 1->1
[2025-03-18T15:17:45.729+0100][5385.627s][info][gc,metaspace] GC(428) Metaspace: 28112K(28544K)->28112K(28544K) NonClass: 24479K(24704K)->24479K(24704K) Class: 3632K(3840K)->3632K(3840K)
[2025-03-18T15:17:45.729+0100][5385.627s][info][gc          ] GC(428) Pause Young (Normal) (G1 Evacuation Pause) 1453M->243M(2048M) 6.331ms
[2025-03-18T15:17:45.729+0100][5385.627s][info][gc,cpu      ] GC(428) User=0.04s Sys=0.00s Real=0.00s
[2025-03-18T15:18:01.383+0100][5401.281s][info][gc,start    ] GC(429) Pause Young (Normal) (G1 Evacuation Pause)
[2025-03-18T15:18:01.384+0100][5401.282s][info][gc,task     ] GC(429) Using 9 workers of 9 for evacuation
[2025-03-18T15:18:01.389+0100][5401.287s][info][gc,phases   ] GC(429)   Pre Evacuate Collection Set: 0.2ms
[2025-03-18T15:18:01.389+0100][5401.287s][info][gc,phases   ] GC(429)   Merge Heap Roots: 0.2ms
[2025-03-18T15:18:01.389+0100][5401.287s][info][gc,phases   ] GC(429)   Evacuate Collection Set: 4.7ms
[2025-03-18T15:18:01.389+0100][5401.287s][info][gc,phases   ] GC(429)   Post Evacuate Collection Set: 0.4ms
[2025-03-18T15:18:01.389+0100][5401.287s][info][gc,phases   ] GC(429)   Other: 0.1ms
[2025-03-18T15:18:01.389+0100][5401.287s][info][gc,heap     ] GC(429) Eden regions: 303->0(302)
[2025-03-18T15:18:01.389+0100][5401.287s][info][gc,heap     ] GC(429) Survivor regions: 4->5(39)
[2025-03-18T15:18:01.389+0100][5401.287s][info][gc,heap     ] GC(429) Old regions: 56->56
[2025-03-18T15:18:01.389+0100][5401.287s][info][gc,heap     ] GC(429) Humongous regions: 1->1
[2025-03-18T15:18:01.389+0100][5401.287s][info][gc,metaspace] GC(429) Metaspace: 28112K(28544K)->28112K(28544K) NonClass: 24479K(24704K)->24479K(24704K) Class: 3632K(3840K)->3632K(3840K)
[2025-03-18T15:18:01.389+0100][5401.287s][info][gc          ] GC(429) Pause Young (Normal) (G1 Evacuation Pause) 1455M->245M(2048M) 5.973ms
[2025-03-18T15:18:01.389+0100][5401.287s][info][gc,cpu      ] GC(429) User=0.04s Sys=0.00s Real=0.00s
[2025-03-18T15:18:08.323+0100][5408.221s][info][gc,start    ] GC(430) Pause Young (Normal) (G1 Evacuation Pause)
[2025-03-18T15:18:08.323+0100][5408.221s][info][gc,task     ] GC(430) Using 9 workers of 9 for evacuation
[2025-03-18T15:18:08.327+0100][5408.225s][info][gc,phases   ] GC(430)   Pre Evacuate Collection Set: 0.1ms
[2025-03-18T15:18:08.327+0100][5408.225s][info][gc,phases   ] GC(430)   Merge Heap Roots: 0.1ms
[2025-03-18T15:18:08.327+0100][5408.225s][info][gc,phases   ] GC(430)   Evacuate Collection Set: 3.5ms
[2025-03-18T15:18:08.327+0100][5408.225s][info][gc,phases   ] GC(430)   Post Evacuate Collection Set: 0.4ms
[2025-03-18T15:18:08.327+0100][5408.225s][info][gc,phases   ] GC(430)   Other: 0.1ms
[2025-03-18T15:18:08.327+0100][5408.225s][info][gc,heap     ] GC(430) Eden regions: 302->0(302)
[2025-03-18T15:18:08.327+0100][5408.225s][info][gc,heap     ] GC(430) Survivor regions: 5->5(39)
[2025-03-18T15:18:08.327+0100][5408.225s][info][gc,heap     ] GC(430) Old regions: 56->56
[2025-03-18T15:18:08.328+0100][5408.225s][info][gc,heap     ] GC(430) Humongous regions: 1->1
[2025-03-18T15:18:08.328+0100][5408.225s][info][gc,metaspace] GC(430) Metaspace: 28112K(28544K)->28112K(28544K) NonClass: 24479K(24704K)->24479K(24704K) Class: 3632K(3840K)->3632K(3840K)
[2025-03-18T15:18:08.328+0100][5408.226s][info][gc          ] GC(430) Pause Young (Normal) (G1 Evacuation Pause) 1453M->247M(2048M) 4.468ms
[2025-03-18T15:18:08.328+0100][5408.226s][info][gc,cpu      ] GC(430) User=0.03s Sys=0.00s Real=0.00s
[2025-03-18T15:18:17.310+0100][5417.208s][info][gc,start    ] GC(431) Pause Young (Normal) (G1 Evacuation Pause)
[2025-03-18T15:18:17.311+0100][5417.209s][info][gc,task     ] GC(431) Using 9 workers of 9 for evacuation
[2025-03-18T15:18:17.329+0100][5417.227s][info][gc,phases   ] GC(431)   Pre Evacuate Collection Set: 0.9ms
[2025-03-18T15:18:17.329+0100][5417.227s][info][gc,phases   ] GC(431)   Merge Heap Roots: 0.2ms
[2025-03-18T15:18:17.329+0100][5417.227s][info][gc,phases   ] GC(431)   Evacuate Collection Set: 16.2ms
[2025-03-18T15:18:17.329+0100][5417.227s][info][gc,phases   ] GC(431)   Post Evacuate Collection Set: 0.9ms
[2025-03-18T15:18:17.329+0100][5417.227s][info][gc,phases   ] GC(431)   Other: 0.2ms
[2025-03-18T15:18:17.330+0100][5417.228s][info][gc,heap     ] GC(431) Eden regions: 302->0(303)
[2025-03-18T15:18:17.330+0100][5417.228s][info][gc,heap     ] GC(431) Survivor regions: 5->4(39)
[2025-03-18T15:18:17.330+0100][5417.228s][info][gc,heap     ] GC(431) Old regions: 56->56
[2025-03-18T15:18:17.330+0100][5417.228s][info][gc,heap     ] GC(431) Humongous regions: 1->1
[2025-03-18T15:18:17.330+0100][5417.228s][info][gc,metaspace] GC(431) Metaspace: 28112K(28544K)->28112K(28544K) NonClass: 24479K(24704K)->24479K(24704K) Class: 3632K(3840K)->3632K(3840K)
[2025-03-18T15:18:17.330+0100][5417.228s][info][gc          ] GC(431) Pause Young (Normal) (G1 Evacuation Pause) 1455M->242M(2048M) 19.892ms
[2025-03-18T15:18:17.330+0100][5417.228s][info][gc,cpu      ] GC(431) User=0.06s Sys=0.01s Real=0.02s
[2025-03-18T15:18:22.364+0100][5422.262s][info][gc,start    ] GC(432) Pause Young (Normal) (G1 Evacuation Pause)
[2025-03-18T15:18:22.364+0100][5422.262s][info][gc,task     ] GC(432) Using 9 workers of 9 for evacuation
[2025-03-18T15:18:22.372+0100][5422.270s][info][gc,phases   ] GC(432)   Pre Evacuate Collection Set: 0.2ms
[2025-03-18T15:18:22.372+0100][5422.270s][info][gc,phases   ] GC(432)   Merge Heap Roots: 0.1ms
[2025-03-18T15:18:22.372+0100][5422.270s][info][gc,phases   ] GC(432)   Evacuate Collection Set: 6.5ms
[2025-03-18T15:18:22.372+0100][5422.270s][info][gc,phases   ] GC(432)   Post Evacuate Collection Set: 0.6ms
[2025-03-18T15:18:22.372+0100][5422.270s][info][gc,phases   ] GC(432)   Other: 0.1ms
[2025-03-18T15:18:22.372+0100][5422.270s][info][gc,heap     ] GC(432) Eden regions: 303->0(302)
[2025-03-18T15:18:22.372+0100][5422.270s][info][gc,heap     ] GC(432) Survivor regions: 4->5(39)
[2025-03-18T15:18:22.372+0100][5422.270s][info][gc,heap     ] GC(432) Old regions: 56->56
[2025-03-18T15:18:22.372+0100][5422.270s][info][gc,heap     ] GC(432) Humongous regions: 1->1
[2025-03-18T15:18:22.372+0100][5422.270s][info][gc,metaspace] GC(432) Metaspace: 28112K(28544K)->28112K(28544K) NonClass: 24479K(24704K)->24479K(24704K) Class: 3632K(3840K)->3632K(3840K)
[2025-03-18T15:18:22.372+0100][5422.270s][info][gc          ] GC(432) Pause Young (Normal) (G1 Evacuation Pause) 1454M->244M(2048M) 7.857ms
[2025-03-18T15:18:22.372+0100][5422.270s][info][gc,cpu      ] GC(432) User=0.06s Sys=0.00s Real=0.01s
[2025-03-18T15:18:33.964+0100][5433.862s][info][gc,start    ] GC(433) Pause Young (Normal) (G1 Evacuation Pause)
[2025-03-18T15:18:33.965+0100][5433.863s][info][gc,task     ] GC(433) Using 9 workers of 9 for evacuation
[2025-03-18T15:18:33.969+0100][5433.867s][info][gc,phases   ] GC(433)   Pre Evacuate Collection Set: 0.1ms
[2025-03-18T15:18:33.969+0100][5433.867s][info][gc,phases   ] GC(433)   Merge Heap Roots: 0.1ms
[2025-03-18T15:18:33.969+0100][5433.867s][info][gc,phases   ] GC(433)   Evacuate Collection Set: 3.0ms
[2025-03-18T15:18:33.969+0100][5433.867s][info][gc,phases   ] GC(433)   Post Evacuate Collection Set: 0.4ms
[2025-03-18T15:18:33.969+0100][5433.867s][info][gc,phases   ] GC(433)   Other: 0.1ms
[2025-03-18T15:18:33.969+0100][5433.867s][info][gc,heap     ] GC(433) Eden regions: 302->0(303)
[2025-03-18T15:18:33.969+0100][5433.867s][info][gc,heap     ] GC(433) Survivor regions: 5->4(39)
[2025-03-18T15:18:33.969+0100][5433.867s][info][gc,heap     ] GC(433) Old regions: 56->57
[2025-03-18T15:18:33.969+0100][5433.867s][info][gc,heap     ] GC(433) Humongous regions: 1->1
[2025-03-18T15:18:33.969+0100][5433.867s][info][gc,metaspace] GC(433) Metaspace: 28112K(28544K)->28112K(28544K) NonClass: 24479K(24704K)->24479K(24704K) Class: 3632K(3840K)->3632K(3840K)
[2025-03-18T15:18:33.969+0100][5433.867s][info][gc          ] GC(433) Pause Young (Normal) (G1 Evacuation Pause) 1452M->243M(2048M) 4.953ms
[2025-03-18T15:18:33.969+0100][5433.867s][info][gc,cpu      ] GC(433) User=0.03s Sys=0.00s Real=0.00s
[2025-03-18T15:18:48.706+0100][5448.604s][info][gc,start    ] GC(434) Pause Young (Normal) (G1 Evacuation Pause)
[2025-03-18T15:18:48.708+0100][5448.606s][info][gc,task     ] GC(434) Using 9 workers of 9 for evacuation
[2025-03-18T15:18:48.712+0100][5448.610s][info][gc,phases   ] GC(434)   Pre Evacuate Collection Set: 0.1ms
[2025-03-18T15:18:48.714+0100][5448.612s][info][gc,phases   ] GC(434)   Merge Heap Roots: 0.1ms
[2025-03-18T15:18:48.714+0100][5448.612s][info][gc,phases   ] GC(434)   Evacuate Collection Set: 3.3ms
[2025-03-18T15:18:48.714+0100][5448.612s][info][gc,phases   ] GC(434)   Post Evacuate Collection Set: 0.4ms
[2025-03-18T15:18:48.714+0100][5448.612s][info][gc,phases   ] GC(434)   Other: 0.1ms
[2025-03-18T15:18:48.714+0100][5448.612s][info][gc,heap     ] GC(434) Eden regions: 303->0(302)
[2025-03-18T15:18:48.714+0100][5448.612s][info][gc,heap     ] GC(434) Survivor regions: 4->5(39)
[2025-03-18T15:18:48.714+0100][5448.612s][info][gc,heap     ] GC(434) Old regions: 57->57
[2025-03-18T15:18:48.714+0100][5448.612s][info][gc,heap     ] GC(434) Humongous regions: 1->1
[2025-03-18T15:18:48.714+0100][5448.612s][info][gc,metaspace] GC(434) Metaspace: 28112K(28544K)->28112K(28544K) NonClass: 24479K(24704K)->24479K(24704K) Class: 3632K(3840K)->3632K(3840K)
[2025-03-18T15:18:48.714+0100][5448.612s][info][gc          ] GC(434) Pause Young (Normal) (G1 Evacuation Pause) 1455M->247M(2048M) 7.395ms
[2025-03-18T15:18:48.714+0100][5448.612s][info][gc,cpu      ] GC(434) User=0.03s Sys=0.00s Real=0.01s
[2025-03-18T15:18:56.883+0100][5456.781s][info][gc,start    ] GC(435) Pause Young (Normal) (G1 Evacuation Pause)
[2025-03-18T15:18:56.883+0100][5456.781s][info][gc,task     ] GC(435) Using 9 workers of 9 for evacuation
[2025-03-18T15:18:56.889+0100][5456.787s][info][gc,phases   ] GC(435)   Pre Evacuate Collection Set: 0.2ms
[2025-03-18T15:18:56.889+0100][5456.787s][info][gc,phases   ] GC(435)   Merge Heap Roots: 0.1ms
[2025-03-18T15:18:56.889+0100][5456.788s][info][gc,phases   ] GC(435)   Evacuate Collection Set: 5.2ms
[2025-03-18T15:18:56.889+0100][5456.788s][info][gc,phases   ] GC(435)   Post Evacuate Collection Set: 0.5ms
[2025-03-18T15:18:56.889+0100][5456.788s][info][gc,phases   ] GC(435)   Other: 0.1ms
[2025-03-18T15:18:56.889+0100][5456.788s][info][gc,heap     ] GC(435) Eden regions: 302->0(302)
[2025-03-18T15:18:56.889+0100][5456.788s][info][gc,heap     ] GC(435) Survivor regions: 5->5(39)
[2025-03-18T15:18:56.889+0100][5456.788s][info][gc,heap     ] GC(435) Old regions: 57->57
[2025-03-18T15:18:56.889+0100][5456.788s][info][gc,heap     ] GC(435) Humongous regions: 1->1
[2025-03-18T15:18:56.889+0100][5456.788s][info][gc,metaspace] GC(435) Metaspace: 28112K(28544K)->28112K(28544K) NonClass: 24479K(24704K)->24479K(24704K) Class: 3632K(3840K)->3632K(3840K)
[2025-03-18T15:18:56.890+0100][5456.788s][info][gc          ] GC(435) Pause Young (Normal) (G1 Evacuation Pause) 1455M->246M(2048M) 6.344ms
[2025-03-18T15:18:56.890+0100][5456.788s][info][gc,cpu      ] GC(435) User=0.04s Sys=0.00s Real=0.01s
[2025-03-18T15:19:14.376+0100][5474.274s][info][gc,start    ] GC(436) Pause Young (Normal) (G1 Evacuation Pause)
[2025-03-18T15:19:14.376+0100][5474.274s][info][gc,task     ] GC(436) Using 9 workers of 9 for evacuation
[2025-03-18T15:19:14.382+0100][5474.280s][info][gc,phases   ] GC(436)   Pre Evacuate Collection Set: 0.3ms
[2025-03-18T15:19:14.382+0100][5474.280s][info][gc,phases   ] GC(436)   Merge Heap Roots: 0.1ms
[2025-03-18T15:19:14.382+0100][5474.280s][info][gc,phases   ] GC(436)   Evacuate Collection Set: 5.1ms
[2025-03-18T15:19:14.382+0100][5474.280s][info][gc,phases   ] GC(436)   Post Evacuate Collection Set: 0.5ms
[2025-03-18T15:19:14.382+0100][5474.280s][info][gc,phases   ] GC(436)   Other: 0.1ms
[2025-03-18T15:19:14.382+0100][5474.280s][info][gc,heap     ] GC(436) Eden regions: 302->0(303)
[2025-03-18T15:19:14.382+0100][5474.280s][info][gc,heap     ] GC(436) Survivor regions: 5->4(39)
[2025-03-18T15:19:14.382+0100][5474.280s][info][gc,heap     ] GC(436) Old regions: 57->57
[2025-03-18T15:19:14.382+0100][5474.280s][info][gc,heap     ] GC(436) Humongous regions: 1->1
[2025-03-18T15:19:14.382+0100][5474.280s][info][gc,metaspace] GC(436) Metaspace: 28112K(28544K)->28112K(28544K) NonClass: 24479K(24704K)->24479K(24704K) Class: 3632K(3840K)->3632K(3840K)
[2025-03-18T15:19:14.382+0100][5474.280s][info][gc          ] GC(436) Pause Young (Normal) (G1 Evacuation Pause) 1454M->246M(2048M) 6.407ms
[2025-03-18T15:19:14.382+0100][5474.280s][info][gc,cpu      ] GC(436) User=0.04s Sys=0.00s Real=0.01s
[2025-03-18T15:19:31.274+0100][5491.172s][info][gc,start    ] GC(437) Pause Young (Normal) (G1 Evacuation Pause)
[2025-03-18T15:19:31.275+0100][5491.173s][info][gc,task     ] GC(437) Using 9 workers of 9 for evacuation
[2025-03-18T15:19:31.280+0100][5491.178s][info][gc,phases   ] GC(437)   Pre Evacuate Collection Set: 0.1ms
[2025-03-18T15:19:31.280+0100][5491.178s][info][gc,phases   ] GC(437)   Merge Heap Roots: 0.1ms
[2025-03-18T15:19:31.280+0100][5491.178s][info][gc,phases   ] GC(437)   Evacuate Collection Set: 4.0ms
[2025-03-18T15:19:31.280+0100][5491.178s][info][gc,phases   ] GC(437)   Post Evacuate Collection Set: 0.5ms
[2025-03-18T15:19:31.280+0100][5491.178s][info][gc,phases   ] GC(437)   Other: 0.1ms
[2025-03-18T15:19:31.280+0100][5491.178s][info][gc,heap     ] GC(437) Eden regions: 303->0(303)
[2025-03-18T15:19:31.280+0100][5491.178s][info][gc,heap     ] GC(437) Survivor regions: 4->4(39)
[2025-03-18T15:19:31.280+0100][5491.178s][info][gc,heap     ] GC(437) Old regions: 57->57
[2025-03-18T15:19:31.280+0100][5491.178s][info][gc,heap     ] GC(437) Humongous regions: 1->1
[2025-03-18T15:19:31.280+0100][5491.178s][info][gc,metaspace] GC(437) Metaspace: 28112K(28544K)->28112K(28544K) NonClass: 24479K(24704K)->24479K(24704K) Class: 3632K(3840K)->3632K(3840K)
[2025-03-18T15:19:31.280+0100][5491.178s][info][gc          ] GC(437) Pause Young (Normal) (G1 Evacuation Pause) 1458M->245M(2048M) 5.881ms
[2025-03-18T15:19:31.280+0100][5491.178s][info][gc,cpu      ] GC(437) User=0.03s Sys=0.01s Real=0.01s
[2025-03-18T15:19:34.475+0100][5494.373s][info][gc,start    ] GC(438) Pause Young (Normal) (G1 Evacuation Pause)
[2025-03-18T15:19:34.475+0100][5494.373s][info][gc,task     ] GC(438) Using 9 workers of 9 for evacuation
[2025-03-18T15:19:34.481+0100][5494.379s][info][gc,phases   ] GC(438)   Pre Evacuate Collection Set: 0.1ms
[2025-03-18T15:19:34.481+0100][5494.379s][info][gc,phases   ] GC(438)   Merge Heap Roots: 0.1ms
[2025-03-18T15:19:34.481+0100][5494.379s][info][gc,phases   ] GC(438)   Evacuate Collection Set: 4.8ms
[2025-03-18T15:19:34.481+0100][5494.379s][info][gc,phases   ] GC(438)   Post Evacuate Collection Set: 0.6ms
[2025-03-18T15:19:34.481+0100][5494.379s][info][gc,phases   ] GC(438)   Other: 0.0ms
[2025-03-18T15:19:34.481+0100][5494.379s][info][gc,heap     ] GC(438) Eden regions: 303->0(301)
[2025-03-18T15:19:34.481+0100][5494.379s][info][gc,heap     ] GC(438) Survivor regions: 4->6(39)
[2025-03-18T15:19:34.481+0100][5494.379s][info][gc,heap     ] GC(438) Old regions: 57->57
[2025-03-18T15:19:34.481+0100][5494.379s][info][gc,heap     ] GC(438) Humongous regions: 1->1
[2025-03-18T15:19:34.481+0100][5494.379s][info][gc,metaspace] GC(438) Metaspace: 28112K(28544K)->28112K(28544K) NonClass: 24479K(24704K)->24479K(24704K) Class: 3632K(3840K)->3632K(3840K)
[2025-03-18T15:19:34.481+0100][5494.379s][info][gc          ] GC(438) Pause Young (Normal) (G1 Evacuation Pause) 1457M->251M(2048M) 5.847ms
[2025-03-18T15:19:34.481+0100][5494.379s][info][gc,cpu      ] GC(438) User=0.04s Sys=0.01s Real=0.01s
[2025-03-18T15:19:35.897+0100][5495.795s][info][gc,start    ] GC(439) Pause Young (Normal) (G1 Evacuation Pause)
[2025-03-18T15:19:35.897+0100][5495.795s][info][gc,task     ] GC(439) Using 9 workers of 9 for evacuation
[2025-03-18T15:19:35.901+0100][5495.799s][info][gc,phases   ] GC(439)   Pre Evacuate Collection Set: 0.1ms
[2025-03-18T15:19:35.901+0100][5495.799s][info][gc,phases   ] GC(439)   Merge Heap Roots: 0.1ms
[2025-03-18T15:19:35.901+0100][5495.799s][info][gc,phases   ] GC(439)   Evacuate Collection Set: 3.3ms
[2025-03-18T15:19:35.901+0100][5495.799s][info][gc,phases   ] GC(439)   Post Evacuate Collection Set: 0.5ms
[2025-03-18T15:19:35.901+0100][5495.799s][info][gc,phases   ] GC(439)   Other: 0.1ms
[2025-03-18T15:19:35.901+0100][5495.799s][info][gc,heap     ] GC(439) Eden regions: 301->0(302)
[2025-03-18T15:19:35.901+0100][5495.799s][info][gc,heap     ] GC(439) Survivor regions: 6->5(39)
[2025-03-18T15:19:35.901+0100][5495.799s][info][gc,heap     ] GC(439) Old regions: 57->57
[2025-03-18T15:19:35.901+0100][5495.799s][info][gc,heap     ] GC(439) Humongous regions: 1->1
[2025-03-18T15:19:35.901+0100][5495.799s][info][gc,metaspace] GC(439) Metaspace: 28112K(28544K)->28112K(28544K) NonClass: 24479K(24704K)->24479K(24704K) Class: 3632K(3840K)->3632K(3840K)
[2025-03-18T15:19:35.901+0100][5495.799s][info][gc          ] GC(439) Pause Young (Normal) (G1 Evacuation Pause) 1455M->249M(2048M) 4.118ms
[2025-03-18T15:19:35.901+0100][5495.799s][info][gc,cpu      ] GC(439) User=0.03s Sys=0.00s Real=0.01s
[2025-03-18T15:19:42.357+0100][5502.255s][info][gc,start    ] GC(440) Pause Young (Normal) (G1 Evacuation Pause)
[2025-03-18T15:19:42.357+0100][5502.255s][info][gc,task     ] GC(440) Using 9 workers of 9 for evacuation
[2025-03-18T15:19:42.365+0100][5502.263s][info][gc,phases   ] GC(440)   Pre Evacuate Collection Set: 0.3ms
[2025-03-18T15:19:42.365+0100][5502.263s][info][gc,phases   ] GC(440)   Merge Heap Roots: 0.1ms
[2025-03-18T15:19:42.365+0100][5502.263s][info][gc,phases   ] GC(440)   Evacuate Collection Set: 7.3ms
[2025-03-18T15:19:42.365+0100][5502.263s][info][gc,phases   ] GC(440)   Post Evacuate Collection Set: 0.6ms
[2025-03-18T15:19:42.365+0100][5502.263s][info][gc,phases   ] GC(440)   Other: 0.1ms
[2025-03-18T15:19:42.365+0100][5502.263s][info][gc,heap     ] GC(440) Eden regions: 302->0(302)
[2025-03-18T15:19:42.365+0100][5502.263s][info][gc,heap     ] GC(440) Survivor regions: 5->5(39)
[2025-03-18T15:19:42.365+0100][5502.263s][info][gc,heap     ] GC(440) Old regions: 57->57
[2025-03-18T15:19:42.365+0100][5502.264s][info][gc,heap     ] GC(440) Humongous regions: 1->1
[2025-03-18T15:19:42.365+0100][5502.264s][info][gc,metaspace] GC(440) Metaspace: 28112K(28544K)->28112K(28544K) NonClass: 24479K(24704K)->24479K(24704K) Class: 3632K(3840K)->3632K(3840K)
[2025-03-18T15:19:42.365+0100][5502.264s][info][gc          ] GC(440) Pause Young (Normal) (G1 Evacuation Pause) 1457M->247M(2048M) 8.736ms
[2025-03-18T15:19:42.365+0100][5502.264s][info][gc,cpu      ] GC(440) User=0.06s Sys=0.01s Real=0.01s
[2025-03-18T15:19:54.366+0100][5514.264s][info][gc,start    ] GC(441) Pause Young (Normal) (G1 Evacuation Pause)
[2025-03-18T15:19:54.367+0100][5514.266s][info][gc,task     ] GC(441) Using 9 workers of 9 for evacuation
[2025-03-18T15:19:54.376+0100][5514.274s][info][gc,phases   ] GC(441)   Pre Evacuate Collection Set: 0.2ms
[2025-03-18T15:19:54.376+0100][5514.274s][info][gc,phases   ] GC(441)   Merge Heap Roots: 0.1ms
[2025-03-18T15:19:54.376+0100][5514.274s][info][gc,phases   ] GC(441)   Evacuate Collection Set: 7.2ms
[2025-03-18T15:19:54.376+0100][5514.274s][info][gc,phases   ] GC(441)   Post Evacuate Collection Set: 0.6ms
[2025-03-18T15:19:54.376+0100][5514.274s][info][gc,phases   ] GC(441)   Other: 0.1ms
[2025-03-18T15:19:54.376+0100][5514.274s][info][gc,heap     ] GC(441) Eden regions: 302->0(302)
[2025-03-18T15:19:54.376+0100][5514.274s][info][gc,heap     ] GC(441) Survivor regions: 5->5(39)
[2025-03-18T15:19:54.376+0100][5514.274s][info][gc,heap     ] GC(441) Old regions: 57->57
[2025-03-18T15:19:54.376+0100][5514.274s][info][gc,heap     ] GC(441) Humongous regions: 1->1
[2025-03-18T15:19:54.376+0100][5514.274s][info][gc,metaspace] GC(441) Metaspace: 28112K(28544K)->28112K(28544K) NonClass: 24479K(24704K)->24479K(24704K) Class: 3632K(3840K)->3632K(3840K)
[2025-03-18T15:19:54.376+0100][5514.274s][info][gc          ] GC(441) Pause Young (Normal) (G1 Evacuation Pause) 1455M->248M(2048M) 10.022ms
[2025-03-18T15:19:54.376+0100][5514.274s][info][gc,cpu      ] GC(441) User=0.06s Sys=0.00s Real=0.01s
[2025-03-18T15:20:11.872+0100][5531.770s][info][gc,start    ] GC(442) Pause Young (Normal) (G1 Evacuation Pause)
[2025-03-18T15:20:11.873+0100][5531.771s][info][gc,task     ] GC(442) Using 9 workers of 9 for evacuation
[2025-03-18T15:20:11.880+0100][5531.778s][info][gc,phases   ] GC(442)   Pre Evacuate Collection Set: 0.2ms
[2025-03-18T15:20:11.880+0100][5531.778s][info][gc,phases   ] GC(442)   Merge Heap Roots: 0.1ms
[2025-03-18T15:20:11.880+0100][5531.778s][info][gc,phases   ] GC(442)   Evacuate Collection Set: 6.6ms
[2025-03-18T15:20:11.880+0100][5531.778s][info][gc,phases   ] GC(442)   Post Evacuate Collection Set: 0.4ms
[2025-03-18T15:20:11.880+0100][5531.778s][info][gc,phases   ] GC(442)   Other: 0.1ms
[2025-03-18T15:20:11.880+0100][5531.778s][info][gc,heap     ] GC(442) Eden regions: 302->0(302)
[2025-03-18T15:20:11.880+0100][5531.778s][info][gc,heap     ] GC(442) Survivor regions: 5->5(39)
[2025-03-18T15:20:11.880+0100][5531.778s][info][gc,heap     ] GC(442) Old regions: 57->57
[2025-03-18T15:20:11.880+0100][5531.778s][info][gc,heap     ] GC(442) Humongous regions: 1->1
[2025-03-18T15:20:11.880+0100][5531.778s][info][gc,metaspace] GC(442) Metaspace: 28112K(28544K)->28112K(28544K) NonClass: 24479K(24704K)->24479K(24704K) Class: 3632K(3840K)->3632K(3840K)
[2025-03-18T15:20:11.880+0100][5531.778s][info][gc          ] GC(442) Pause Young (Normal) (G1 Evacuation Pause) 1456M->249M(2048M) 8.186ms
[2025-03-18T15:20:11.880+0100][5531.778s][info][gc,cpu      ] GC(442) User=0.05s Sys=0.00s Real=0.01s
[2025-03-18T15:20:20.794+0100][5540.693s][info][gc,start    ] GC(443) Pause Young (Normal) (G1 Evacuation Pause)
[2025-03-18T15:20:20.796+0100][5540.694s][info][gc,task     ] GC(443) Using 9 workers of 9 for evacuation
[2025-03-18T15:20:20.818+0100][5540.717s][info][gc,phases   ] GC(443)   Pre Evacuate Collection Set: 0.6ms
[2025-03-18T15:20:20.819+0100][5540.717s][info][gc,phases   ] GC(443)   Merge Heap Roots: 0.1ms
[2025-03-18T15:20:20.819+0100][5540.717s][info][gc,phases   ] GC(443)   Evacuate Collection Set: 20.8ms
[2025-03-18T15:20:20.819+0100][5540.717s][info][gc,phases   ] GC(443)   Post Evacuate Collection Set: 0.7ms
[2025-03-18T15:20:20.819+0100][5540.717s][info][gc,phases   ] GC(443)   Other: 0.2ms
[2025-03-18T15:20:20.819+0100][5540.717s][info][gc,heap     ] GC(443) Eden regions: 302->0(302)
[2025-03-18T15:20:20.819+0100][5540.717s][info][gc,heap     ] GC(443) Survivor regions: 5->5(39)
[2025-03-18T15:20:20.819+0100][5540.717s][info][gc,heap     ] GC(443) Old regions: 57->57
[2025-03-18T15:20:20.819+0100][5540.717s][info][gc,heap     ] GC(443) Humongous regions: 1->1
[2025-03-18T15:20:20.819+0100][5540.717s][info][gc,metaspace] GC(443) Metaspace: 28112K(28544K)->28112K(28544K) NonClass: 24479K(24704K)->24479K(24704K) Class: 3632K(3840K)->3632K(3840K)
[2025-03-18T15:20:20.819+0100][5540.717s][info][gc          ] GC(443) Pause Young (Normal) (G1 Evacuation Pause) 1457M->247M(2048M) 24.431ms
[2025-03-18T15:20:20.819+0100][5540.717s][info][gc,cpu      ] GC(443) User=0.07s Sys=0.00s Real=0.02s
[2025-03-18T15:20:31.922+0100][5551.820s][info][gc,start    ] GC(444) Pause Young (Normal) (G1 Evacuation Pause)
[2025-03-18T15:20:31.923+0100][5551.821s][info][gc,task     ] GC(444) Using 9 workers of 9 for evacuation
[2025-03-18T15:20:31.927+0100][5551.826s][info][gc,phases   ] GC(444)   Pre Evacuate Collection Set: 0.2ms
[2025-03-18T15:20:31.927+0100][5551.826s][info][gc,phases   ] GC(444)   Merge Heap Roots: 0.1ms
[2025-03-18T15:20:31.927+0100][5551.826s][info][gc,phases   ] GC(444)   Evacuate Collection Set: 4.2ms
[2025-03-18T15:20:31.927+0100][5551.826s][info][gc,phases   ] GC(444)   Post Evacuate Collection Set: 0.4ms
[2025-03-18T15:20:31.927+0100][5551.826s][info][gc,phases   ] GC(444)   Other: 0.0ms
[2025-03-18T15:20:31.927+0100][5551.826s][info][gc,heap     ] GC(444) Eden regions: 302->0(301)
[2025-03-18T15:20:31.927+0100][5551.826s][info][gc,heap     ] GC(444) Survivor regions: 5->6(39)
[2025-03-18T15:20:31.927+0100][5551.826s][info][gc,heap     ] GC(444) Old regions: 57->57
[2025-03-18T15:20:31.927+0100][5551.826s][info][gc,heap     ] GC(444) Humongous regions: 1->1
[2025-03-18T15:20:31.927+0100][5551.826s][info][gc,metaspace] GC(444) Metaspace: 28112K(28544K)->28112K(28544K) NonClass: 24479K(24704K)->24479K(24704K) Class: 3632K(3840K)->3632K(3840K)
[2025-03-18T15:20:31.927+0100][5551.826s][info][gc          ] GC(444) Pause Young (Normal) (G1 Evacuation Pause) 1455M->251M(2048M) 5.305ms
[2025-03-18T15:20:31.927+0100][5551.826s][info][gc,cpu      ] GC(444) User=0.03s Sys=0.01s Real=0.00s
[2025-03-18T15:20:38.378+0100][5558.276s][info][gc,start    ] GC(445) Pause Young (Normal) (G1 Evacuation Pause)
[2025-03-18T15:20:38.378+0100][5558.276s][info][gc,task     ] GC(445) Using 9 workers of 9 for evacuation
[2025-03-18T15:20:38.385+0100][5558.283s][info][gc,phases   ] GC(445)   Pre Evacuate Collection Set: 0.2ms
[2025-03-18T15:20:38.385+0100][5558.284s][info][gc,phases   ] GC(445)   Merge Heap Roots: 0.1ms
[2025-03-18T15:20:38.385+0100][5558.284s][info][gc,phases   ] GC(445)   Evacuate Collection Set: 6.4ms
[2025-03-18T15:20:38.385+0100][5558.284s][info][gc,phases   ] GC(445)   Post Evacuate Collection Set: 0.5ms
[2025-03-18T15:20:38.385+0100][5558.284s][info][gc,phases   ] GC(445)   Other: 0.1ms
[2025-03-18T15:20:38.385+0100][5558.284s][info][gc,heap     ] GC(445) Eden regions: 301->0(301)
[2025-03-18T15:20:38.385+0100][5558.284s][info][gc,heap     ] GC(445) Survivor regions: 6->6(39)
[2025-03-18T15:20:38.385+0100][5558.284s][info][gc,heap     ] GC(445) Old regions: 57->57
[2025-03-18T15:20:38.385+0100][5558.284s][info][gc,heap     ] GC(445) Humongous regions: 1->1
[2025-03-18T15:20:38.385+0100][5558.284s][info][gc,metaspace] GC(445) Metaspace: 28112K(28544K)->28112K(28544K) NonClass: 24479K(24704K)->24479K(24704K) Class: 3632K(3840K)->3632K(3840K)
[2025-03-18T15:20:38.385+0100][5558.284s][info][gc          ] GC(445) Pause Young (Normal) (G1 Evacuation Pause) 1455M->251M(2048M) 7.564ms
[2025-03-18T15:20:38.385+0100][5558.284s][info][gc,cpu      ] GC(445) User=0.05s Sys=0.00s Real=0.01s
[2025-03-18T15:20:45.917+0100][5565.816s][info][gc,start    ] GC(446) Pause Young (Normal) (G1 Evacuation Pause)
[2025-03-18T15:20:45.917+0100][5565.816s][info][gc,task     ] GC(446) Using 9 workers of 9 for evacuation
[2025-03-18T15:20:45.922+0100][5565.820s][info][gc,phases   ] GC(446)   Pre Evacuate Collection Set: 0.1ms
[2025-03-18T15:20:45.922+0100][5565.820s][info][gc,phases   ] GC(446)   Merge Heap Roots: 0.1ms
[2025-03-18T15:20:45.922+0100][5565.820s][info][gc,phases   ] GC(446)   Evacuate Collection Set: 4.0ms
[2025-03-18T15:20:45.922+0100][5565.820s][info][gc,phases   ] GC(446)   Post Evacuate Collection Set: 0.5ms
[2025-03-18T15:20:45.922+0100][5565.820s][info][gc,phases   ] GC(446)   Other: 0.1ms
[2025-03-18T15:20:45.922+0100][5565.820s][info][gc,heap     ] GC(446) Eden regions: 301->0(301)
[2025-03-18T15:20:45.922+0100][5565.820s][info][gc,heap     ] GC(446) Survivor regions: 6->6(39)
[2025-03-18T15:20:45.922+0100][5565.820s][info][gc,heap     ] GC(446) Old regions: 57->57
[2025-03-18T15:20:45.922+0100][5565.820s][info][gc,heap     ] GC(446) Humongous regions: 1->1
[2025-03-18T15:20:45.922+0100][5565.820s][info][gc,metaspace] GC(446) Metaspace: 28112K(28544K)->28112K(28544K) NonClass: 24479K(24704K)->24479K(24704K) Class: 3632K(3840K)->3632K(3840K)
[2025-03-18T15:20:45.922+0100][5565.820s][info][gc          ] GC(446) Pause Young (Normal) (G1 Evacuation Pause) 1455M->255M(2048M) 4.846ms
[2025-03-18T15:20:45.922+0100][5565.820s][info][gc,cpu      ] GC(446) User=0.04s Sys=0.00s Real=0.01s
[2025-03-18T15:20:56.852+0100][5576.750s][info][gc,start    ] GC(447) Pause Young (Normal) (G1 Evacuation Pause)
[2025-03-18T15:20:56.852+0100][5576.750s][info][gc,task     ] GC(447) Using 9 workers of 9 for evacuation
[2025-03-18T15:20:56.867+0100][5576.765s][info][gc,phases   ] GC(447)   Pre Evacuate Collection Set: 0.6ms
[2025-03-18T15:20:56.867+0100][5576.765s][info][gc,phases   ] GC(447)   Merge Heap Roots: 0.2ms
[2025-03-18T15:20:56.867+0100][5576.765s][info][gc,phases   ] GC(447)   Evacuate Collection Set: 13.2ms
[2025-03-18T15:20:56.867+0100][5576.765s][info][gc,phases   ] GC(447)   Post Evacuate Collection Set: 0.9ms
[2025-03-18T15:20:56.867+0100][5576.765s][info][gc,phases   ] GC(447)   Other: 0.2ms
[2025-03-18T15:20:56.867+0100][5576.766s][info][gc,heap     ] GC(447) Eden regions: 301->0(302)
[2025-03-18T15:20:56.867+0100][5576.766s][info][gc,heap     ] GC(447) Survivor regions: 6->5(39)
[2025-03-18T15:20:56.867+0100][5576.766s][info][gc,heap     ] GC(447) Old regions: 57->58
[2025-03-18T15:20:56.867+0100][5576.766s][info][gc,heap     ] GC(447) Humongous regions: 1->1
[2025-03-18T15:20:56.867+0100][5576.766s][info][gc,metaspace] GC(447) Metaspace: 28112K(28544K)->28112K(28544K) NonClass: 24479K(24704K)->24479K(24704K) Class: 3632K(3840K)->3632K(3840K)
[2025-03-18T15:20:56.867+0100][5576.766s][info][gc          ] GC(447) Pause Young (Normal) (G1 Evacuation Pause) 1459M->249M(2048M) 15.690ms
[2025-03-18T15:20:56.867+0100][5576.766s][info][gc,cpu      ] GC(447) User=0.08s Sys=0.00s Real=0.01s
[2025-03-18T15:21:10.357+0100][5590.255s][info][gc,start    ] GC(448) Pause Young (Normal) (G1 Evacuation Pause)
[2025-03-18T15:21:10.357+0100][5590.256s][info][gc,task     ] GC(448) Using 9 workers of 9 for evacuation
[2025-03-18T15:21:10.367+0100][5590.265s][info][gc,phases   ] GC(448)   Pre Evacuate Collection Set: 0.2ms
[2025-03-18T15:21:10.367+0100][5590.265s][info][gc,phases   ] GC(448)   Merge Heap Roots: 0.1ms
[2025-03-18T15:21:10.367+0100][5590.265s][info][gc,phases   ] GC(448)   Evacuate Collection Set: 8.2ms
[2025-03-18T15:21:10.367+0100][5590.265s][info][gc,phases   ] GC(448)   Post Evacuate Collection Set: 0.6ms
[2025-03-18T15:21:10.367+0100][5590.265s][info][gc,phases   ] GC(448)   Other: 0.1ms
[2025-03-18T15:21:10.367+0100][5590.265s][info][gc,heap     ] GC(448) Eden regions: 302->0(302)
[2025-03-18T15:21:10.367+0100][5590.265s][info][gc,heap     ] GC(448) Survivor regions: 5->5(39)
[2025-03-18T15:21:10.367+0100][5590.265s][info][gc,heap     ] GC(448) Old regions: 58->58
[2025-03-18T15:21:10.367+0100][5590.265s][info][gc,heap     ] GC(448) Humongous regions: 1->1
[2025-03-18T15:21:10.367+0100][5590.265s][info][gc,metaspace] GC(448) Metaspace: 28112K(28544K)->28112K(28544K) NonClass: 24479K(24704K)->24479K(24704K) Class: 3632K(3840K)->3632K(3840K)
[2025-03-18T15:21:10.367+0100][5590.265s][info][gc          ] GC(448) Pause Young (Normal) (G1 Evacuation Pause) 1457M->250M(2048M) 9.692ms
[2025-03-18T15:21:10.367+0100][5590.265s][info][gc,cpu      ] GC(448) User=0.07s Sys=0.00s Real=0.01s
[2025-03-18T15:21:26.358+0100][5606.257s][info][gc,start    ] GC(449) Pause Young (Normal) (G1 Evacuation Pause)
[2025-03-18T15:21:26.358+0100][5606.257s][info][gc,task     ] GC(449) Using 9 workers of 9 for evacuation
[2025-03-18T15:21:26.367+0100][5606.265s][info][gc,phases   ] GC(449)   Pre Evacuate Collection Set: 0.2ms
[2025-03-18T15:21:26.367+0100][5606.265s][info][gc,phases   ] GC(449)   Merge Heap Roots: 0.1ms
[2025-03-18T15:21:26.367+0100][5606.265s][info][gc,phases   ] GC(449)   Evacuate Collection Set: 7.6ms
[2025-03-18T15:21:26.367+0100][5606.265s][info][gc,phases   ] GC(449)   Post Evacuate Collection Set: 0.5ms
[2025-03-18T15:21:26.367+0100][5606.265s][info][gc,phases   ] GC(449)   Other: 0.1ms
[2025-03-18T15:21:26.367+0100][5606.266s][info][gc,heap     ] GC(449) Eden regions: 302->0(303)
[2025-03-18T15:21:26.367+0100][5606.266s][info][gc,heap     ] GC(449) Survivor regions: 5->4(39)
[2025-03-18T15:21:26.367+0100][5606.266s][info][gc,heap     ] GC(449) Old regions: 58->58
[2025-03-18T15:21:26.367+0100][5606.266s][info][gc,heap     ] GC(449) Humongous regions: 1->1
[2025-03-18T15:21:26.367+0100][5606.266s][info][gc,metaspace] GC(449) Metaspace: 28112K(28544K)->28112K(28544K) NonClass: 24479K(24704K)->24479K(24704K) Class: 3632K(3840K)->3632K(3840K)
[2025-03-18T15:21:26.367+0100][5606.266s][info][gc          ] GC(449) Pause Young (Normal) (G1 Evacuation Pause) 1458M->249M(2048M) 8.959ms
[2025-03-18T15:21:26.367+0100][5606.266s][info][gc,cpu      ] GC(449) User=0.06s Sys=0.00s Real=0.01s
[2025-03-18T15:21:43.853+0100][5623.752s][info][gc,start    ] GC(450) Pause Young (Normal) (G1 Evacuation Pause)
[2025-03-18T15:21:43.855+0100][5623.753s][info][gc,task     ] GC(450) Using 9 workers of 9 for evacuation
[2025-03-18T15:21:43.864+0100][5623.762s][info][gc,phases   ] GC(450)   Pre Evacuate Collection Set: 0.2ms
[2025-03-18T15:21:43.864+0100][5623.762s][info][gc,phases   ] GC(450)   Merge Heap Roots: 0.1ms
[2025-03-18T15:21:43.864+0100][5623.762s][info][gc,phases   ] GC(450)   Evacuate Collection Set: 7.7ms
[2025-03-18T15:21:43.864+0100][5623.762s][info][gc,phases   ] GC(450)   Post Evacuate Collection Set: 0.6ms
[2025-03-18T15:21:43.864+0100][5623.762s][info][gc,phases   ] GC(450)   Other: 0.1ms
[2025-03-18T15:21:43.864+0100][5623.762s][info][gc,heap     ] GC(450) Eden regions: 303->0(302)
[2025-03-18T15:21:43.864+0100][5623.762s][info][gc,heap     ] GC(450) Survivor regions: 4->5(39)
[2025-03-18T15:21:43.864+0100][5623.762s][info][gc,heap     ] GC(450) Old regions: 58->58
[2025-03-18T15:21:43.864+0100][5623.762s][info][gc,heap     ] GC(450) Humongous regions: 1->1
[2025-03-18T15:21:43.864+0100][5623.762s][info][gc,metaspace] GC(450) Metaspace: 28112K(28544K)->28112K(28544K) NonClass: 24479K(24704K)->24479K(24704K) Class: 3632K(3840K)->3632K(3840K)
[2025-03-18T15:21:43.864+0100][5623.762s][info][gc          ] GC(450) Pause Young (Normal) (G1 Evacuation Pause) 1461M->251M(2048M) 10.508ms
[2025-03-18T15:21:43.864+0100][5623.762s][info][gc,cpu      ] GC(450) User=0.06s Sys=0.00s Real=0.01s
[2025-03-18T15:21:58.888+0100][5638.786s][info][gc,start    ] GC(451) Pause Young (Normal) (G1 Evacuation Pause)
[2025-03-18T15:21:58.888+0100][5638.786s][info][gc,task     ] GC(451) Using 9 workers of 9 for evacuation
[2025-03-18T15:21:58.891+0100][5638.790s][info][gc,phases   ] GC(451)   Pre Evacuate Collection Set: 0.1ms
[2025-03-18T15:21:58.891+0100][5638.790s][info][gc,phases   ] GC(451)   Merge Heap Roots: 0.1ms
[2025-03-18T15:21:58.891+0100][5638.790s][info][gc,phases   ] GC(451)   Evacuate Collection Set: 3.1ms
[2025-03-18T15:21:58.891+0100][5638.790s][info][gc,phases   ] GC(451)   Post Evacuate Collection Set: 0.4ms
[2025-03-18T15:21:58.891+0100][5638.790s][info][gc,phases   ] GC(451)   Other: 0.0ms
[2025-03-18T15:21:58.891+0100][5638.790s][info][gc,heap     ] GC(451) Eden regions: 302->0(303)
[2025-03-18T15:21:58.891+0100][5638.790s][info][gc,heap     ] GC(451) Survivor regions: 5->4(39)
[2025-03-18T15:21:58.891+0100][5638.790s][info][gc,heap     ] GC(451) Old regions: 58->58
[2025-03-18T15:21:58.891+0100][5638.790s][info][gc,heap     ] GC(451) Humongous regions: 1->1
[2025-03-18T15:21:58.891+0100][5638.790s][info][gc,metaspace] GC(451) Metaspace: 28112K(28544K)->28112K(28544K) NonClass: 24479K(24704K)->24479K(24704K) Class: 3632K(3840K)->3632K(3840K)
[2025-03-18T15:21:58.891+0100][5638.790s][info][gc          ] GC(451) Pause Young (Normal) (G1 Evacuation Pause) 1459M->249M(2048M) 3.870ms
[2025-03-18T15:21:58.891+0100][5638.790s][info][gc,cpu      ] GC(451) User=0.02s Sys=0.00s Real=0.01s
[2025-03-18T15:22:13.369+0100][5653.268s][info][gc,start    ] GC(452) Pause Young (Normal) (G1 Evacuation Pause)
[2025-03-18T15:22:13.370+0100][5653.268s][info][gc,task     ] GC(452) Using 9 workers of 9 for evacuation
[2025-03-18T15:22:13.377+0100][5653.276s][info][gc,phases   ] GC(452)   Pre Evacuate Collection Set: 0.2ms
[2025-03-18T15:22:13.377+0100][5653.276s][info][gc,phases   ] GC(452)   Merge Heap Roots: 0.1ms
[2025-03-18T15:22:13.377+0100][5653.276s][info][gc,phases   ] GC(452)   Evacuate Collection Set: 6.6ms
[2025-03-18T15:22:13.377+0100][5653.276s][info][gc,phases   ] GC(452)   Post Evacuate Collection Set: 0.5ms
[2025-03-18T15:22:13.377+0100][5653.276s][info][gc,phases   ] GC(452)   Other: 0.1ms
[2025-03-18T15:22:13.377+0100][5653.276s][info][gc,heap     ] GC(452) Eden regions: 303->0(302)
[2025-03-18T15:22:13.377+0100][5653.276s][info][gc,heap     ] GC(452) Survivor regions: 4->5(39)
[2025-03-18T15:22:13.377+0100][5653.276s][info][gc,heap     ] GC(452) Old regions: 58->58
[2025-03-18T15:22:13.377+0100][5653.276s][info][gc,heap     ] GC(452) Humongous regions: 1->1
[2025-03-18T15:22:13.377+0100][5653.276s][info][gc,metaspace] GC(452) Metaspace: 28112K(28544K)->28112K(28544K) NonClass: 24479K(24704K)->24479K(24704K) Class: 3632K(3840K)->3632K(3840K)
[2025-03-18T15:22:13.377+0100][5653.276s][info][gc          ] GC(452) Pause Young (Normal) (G1 Evacuation Pause) 1461M->253M(2048M) 7.920ms
[2025-03-18T15:22:13.377+0100][5653.276s][info][gc,cpu      ] GC(452) User=0.06s Sys=0.00s Real=0.01s
[2025-03-18T15:22:30.867+0100][5670.765s][info][gc,start    ] GC(453) Pause Young (Normal) (G1 Evacuation Pause)
[2025-03-18T15:22:30.867+0100][5670.766s][info][gc,task     ] GC(453) Using 9 workers of 9 for evacuation
[2025-03-18T15:22:30.875+0100][5670.773s][info][gc,phases   ] GC(453)   Pre Evacuate Collection Set: 0.3ms
[2025-03-18T15:22:30.875+0100][5670.774s][info][gc,phases   ] GC(453)   Merge Heap Roots: 0.1ms
[2025-03-18T15:22:30.875+0100][5670.774s][info][gc,phases   ] GC(453)   Evacuate Collection Set: 6.9ms
[2025-03-18T15:22:30.875+0100][5670.774s][info][gc,phases   ] GC(453)   Post Evacuate Collection Set: 0.6ms
[2025-03-18T15:22:30.875+0100][5670.774s][info][gc,phases   ] GC(453)   Other: 0.1ms
[2025-03-18T15:22:30.875+0100][5670.774s][info][gc,heap     ] GC(453) Eden regions: 302->0(302)
[2025-03-18T15:22:30.875+0100][5670.774s][info][gc,heap     ] GC(453) Survivor regions: 5->5(39)
[2025-03-18T15:22:30.875+0100][5670.774s][info][gc,heap     ] GC(453) Old regions: 58->58
[2025-03-18T15:22:30.875+0100][5670.774s][info][gc,heap     ] GC(453) Humongous regions: 1->1
[2025-03-18T15:22:30.875+0100][5670.774s][info][gc,metaspace] GC(453) Metaspace: 28112K(28544K)->28112K(28544K) NonClass: 24479K(24704K)->24479K(24704K) Class: 3632K(3840K)->3632K(3840K)
[2025-03-18T15:22:30.875+0100][5670.774s][info][gc          ] GC(453) Pause Young (Normal) (G1 Evacuation Pause) 1461M->252M(2048M) 8.350ms
[2025-03-18T15:22:30.875+0100][5670.774s][info][gc,cpu      ] GC(453) User=0.06s Sys=0.01s Real=0.01s
[2025-03-18T15:22:42.380+0100][5682.279s][info][gc,start    ] GC(454) Pause Young (Normal) (G1 Evacuation Pause)
[2025-03-18T15:22:42.381+0100][5682.279s][info][gc,task     ] GC(454) Using 9 workers of 9 for evacuation
[2025-03-18T15:22:42.388+0100][5682.286s][info][gc,phases   ] GC(454)   Pre Evacuate Collection Set: 0.2ms
[2025-03-18T15:22:42.388+0100][5682.286s][info][gc,phases   ] GC(454)   Merge Heap Roots: 0.1ms
[2025-03-18T15:22:42.388+0100][5682.286s][info][gc,phases   ] GC(454)   Evacuate Collection Set: 5.9ms
[2025-03-18T15:22:42.388+0100][5682.286s][info][gc,phases   ] GC(454)   Post Evacuate Collection Set: 0.4ms
[2025-03-18T15:22:42.388+0100][5682.286s][info][gc,phases   ] GC(454)   Other: 0.1ms
[2025-03-18T15:22:42.388+0100][5682.286s][info][gc,heap     ] GC(454) Eden regions: 302->0(302)
[2025-03-18T15:22:42.388+0100][5682.286s][info][gc,heap     ] GC(454) Survivor regions: 5->5(39)
[2025-03-18T15:22:42.388+0100][5682.286s][info][gc,heap     ] GC(454) Old regions: 58->59
[2025-03-18T15:22:42.388+0100][5682.286s][info][gc,heap     ] GC(454) Humongous regions: 1->1
[2025-03-18T15:22:42.388+0100][5682.286s][info][gc,metaspace] GC(454) Metaspace: 28112K(28544K)->28112K(28544K) NonClass: 24479K(24704K)->24479K(24704K) Class: 3632K(3840K)->3632K(3840K)
[2025-03-18T15:22:42.388+0100][5682.286s][info][gc          ] GC(454) Pause Young (Normal) (G1 Evacuation Pause) 1460M->253M(2048M) 7.449ms
[2025-03-18T15:22:42.388+0100][5682.286s][info][gc,cpu      ] GC(454) User=0.04s Sys=0.00s Real=0.00s
[2025-03-18T15:22:50.387+0100][5690.286s][info][gc,start    ] GC(455) Pause Young (Normal) (G1 Evacuation Pause)
[2025-03-18T15:22:50.388+0100][5690.287s][info][gc,task     ] GC(455) Using 9 workers of 9 for evacuation
[2025-03-18T15:22:50.395+0100][5690.294s][info][gc,phases   ] GC(455)   Pre Evacuate Collection Set: 0.2ms
[2025-03-18T15:22:50.395+0100][5690.294s][info][gc,phases   ] GC(455)   Merge Heap Roots: 0.1ms
[2025-03-18T15:22:50.395+0100][5690.294s][info][gc,phases   ] GC(455)   Evacuate Collection Set: 6.0ms
[2025-03-18T15:22:50.395+0100][5690.294s][info][gc,phases   ] GC(455)   Post Evacuate Collection Set: 0.6ms
[2025-03-18T15:22:50.395+0100][5690.294s][info][gc,phases   ] GC(455)   Other: 0.1ms
[2025-03-18T15:22:50.395+0100][5690.294s][info][gc,heap     ] GC(455) Eden regions: 302->0(302)
[2025-03-18T15:22:50.395+0100][5690.294s][info][gc,heap     ] GC(455) Survivor regions: 5->5(39)
[2025-03-18T15:22:50.395+0100][5690.294s][info][gc,heap     ] GC(455) Old regions: 59->59
[2025-03-18T15:22:50.395+0100][5690.294s][info][gc,heap     ] GC(455) Humongous regions: 1->1
[2025-03-18T15:22:50.395+0100][5690.294s][info][gc,metaspace] GC(455) Metaspace: 28112K(28544K)->28112K(28544K) NonClass: 24479K(24704K)->24479K(24704K) Class: 3632K(3840K)->3632K(3840K)
[2025-03-18T15:22:50.395+0100][5690.294s][info][gc          ] GC(455) Pause Young (Normal) (G1 Evacuation Pause) 1461M->256M(2048M) 8.095ms
[2025-03-18T15:22:50.395+0100][5690.294s][info][gc,cpu      ] GC(455) User=0.05s Sys=0.01s Real=0.01s
[2025-03-18T15:23:03.340+0100][5703.238s][info][gc,start    ] GC(456) Pause Young (Normal) (G1 Evacuation Pause)
[2025-03-18T15:23:03.340+0100][5703.239s][info][gc,task     ] GC(456) Using 9 workers of 9 for evacuation
[2025-03-18T15:23:03.344+0100][5703.242s][info][gc,phases   ] GC(456)   Pre Evacuate Collection Set: 0.1ms
[2025-03-18T15:23:03.344+0100][5703.243s][info][gc,phases   ] GC(456)   Merge Heap Roots: 0.0ms
[2025-03-18T15:23:03.344+0100][5703.243s][info][gc,phases   ] GC(456)   Evacuate Collection Set: 3.3ms
[2025-03-18T15:23:03.344+0100][5703.243s][info][gc,phases   ] GC(456)   Post Evacuate Collection Set: 0.4ms
[2025-03-18T15:23:03.344+0100][5703.243s][info][gc,phases   ] GC(456)   Other: 0.1ms
[2025-03-18T15:23:03.344+0100][5703.243s][info][gc,heap     ] GC(456) Eden regions: 302->0(303)
[2025-03-18T15:23:03.344+0100][5703.243s][info][gc,heap     ] GC(456) Survivor regions: 5->4(39)
[2025-03-18T15:23:03.344+0100][5703.243s][info][gc,heap     ] GC(456) Old regions: 59->59
[2025-03-18T15:23:03.344+0100][5703.243s][info][gc,heap     ] GC(456) Humongous regions: 1->1
[2025-03-18T15:23:03.344+0100][5703.243s][info][gc,metaspace] GC(456) Metaspace: 28112K(28544K)->28112K(28544K) NonClass: 24479K(24704K)->24479K(24704K) Class: 3632K(3840K)->3632K(3840K)
[2025-03-18T15:23:03.344+0100][5703.243s][info][gc          ] GC(456) Pause Young (Normal) (G1 Evacuation Pause) 1464M->252M(2048M) 4.170ms
[2025-03-18T15:23:03.344+0100][5703.243s][info][gc,cpu      ] GC(456) User=0.03s Sys=0.00s Real=0.00s
[2025-03-18T15:23:19.851+0100][5719.750s][info][gc,start    ] GC(457) Pause Young (Normal) (G1 Evacuation Pause)
[2025-03-18T15:23:19.852+0100][5719.751s][info][gc,task     ] GC(457) Using 9 workers of 9 for evacuation
[2025-03-18T15:23:19.863+0100][5719.761s][info][gc,phases   ] GC(457)   Pre Evacuate Collection Set: 0.7ms
[2025-03-18T15:23:19.863+0100][5719.761s][info][gc,phases   ] GC(457)   Merge Heap Roots: 0.1ms
[2025-03-18T15:23:19.863+0100][5719.761s][info][gc,phases   ] GC(457)   Evacuate Collection Set: 8.5ms
[2025-03-18T15:23:19.863+0100][5719.761s][info][gc,phases   ] GC(457)   Post Evacuate Collection Set: 0.8ms
[2025-03-18T15:23:19.863+0100][5719.761s][info][gc,phases   ] GC(457)   Other: 0.2ms
[2025-03-18T15:23:19.863+0100][5719.761s][info][gc,heap     ] GC(457) Eden regions: 303->0(303)
[2025-03-18T15:23:19.863+0100][5719.761s][info][gc,heap     ] GC(457) Survivor regions: 4->4(39)
[2025-03-18T15:23:19.863+0100][5719.762s][info][gc,heap     ] GC(457) Old regions: 59->59
[2025-03-18T15:23:19.863+0100][5719.762s][info][gc,heap     ] GC(457) Humongous regions: 1->1
[2025-03-18T15:23:19.863+0100][5719.762s][info][gc,metaspace] GC(457) Metaspace: 28112K(28544K)->28112K(28544K) NonClass: 24479K(24704K)->24479K(24704K) Class: 3632K(3840K)->3632K(3840K)
[2025-03-18T15:23:19.863+0100][5719.762s][info][gc          ] GC(457) Pause Young (Normal) (G1 Evacuation Pause) 1464M->250M(2048M) 11.399ms
[2025-03-18T15:23:19.863+0100][5719.762s][info][gc,cpu      ] GC(457) User=0.05s Sys=0.00s Real=0.01s
[2025-03-18T15:23:32.376+0100][5732.275s][info][gc,start    ] GC(458) Pause Young (Normal) (G1 Evacuation Pause)
[2025-03-18T15:23:32.378+0100][5732.276s][info][gc,task     ] GC(458) Using 9 workers of 9 for evacuation
[2025-03-18T15:23:32.385+0100][5732.284s][info][gc,phases   ] GC(458)   Pre Evacuate Collection Set: 0.3ms
[2025-03-18T15:23:32.385+0100][5732.284s][info][gc,phases   ] GC(458)   Merge Heap Roots: 0.1ms
[2025-03-18T15:23:32.385+0100][5732.284s][info][gc,phases   ] GC(458)   Evacuate Collection Set: 6.3ms
[2025-03-18T15:23:32.385+0100][5732.284s][info][gc,phases   ] GC(458)   Post Evacuate Collection Set: 0.7ms
[2025-03-18T15:23:32.385+0100][5732.284s][info][gc,phases   ] GC(458)   Other: 0.1ms
[2025-03-18T15:23:32.385+0100][5732.284s][info][gc,heap     ] GC(458) Eden regions: 303->0(303)
[2025-03-18T15:23:32.385+0100][5732.284s][info][gc,heap     ] GC(458) Survivor regions: 4->4(39)
[2025-03-18T15:23:32.385+0100][5732.284s][info][gc,heap     ] GC(458) Old regions: 59->59
[2025-03-18T15:23:32.385+0100][5732.284s][info][gc,heap     ] GC(458) Humongous regions: 1->1
[2025-03-18T15:23:32.385+0100][5732.284s][info][gc,metaspace] GC(458) Metaspace: 28112K(28544K)->28112K(28544K) NonClass: 24479K(24704K)->24479K(24704K) Class: 3632K(3840K)->3632K(3840K)
[2025-03-18T15:23:32.385+0100][5732.284s][info][gc          ] GC(458) Pause Young (Normal) (G1 Evacuation Pause) 1462M->254M(2048M) 9.292ms
[2025-03-18T15:23:32.385+0100][5732.284s][info][gc,cpu      ] GC(458) User=0.05s Sys=0.01s Real=0.01s
[2025-03-18T15:23:49.861+0100][5749.760s][info][gc,start    ] GC(459) Pause Young (Normal) (G1 Evacuation Pause)
[2025-03-18T15:23:49.862+0100][5749.760s][info][gc,task     ] GC(459) Using 9 workers of 9 for evacuation
[2025-03-18T15:23:49.871+0100][5749.769s][info][gc,phases   ] GC(459)   Pre Evacuate Collection Set: 1.1ms
[2025-03-18T15:23:49.871+0100][5749.769s][info][gc,phases   ] GC(459)   Merge Heap Roots: 0.3ms
[2025-03-18T15:23:49.871+0100][5749.769s][info][gc,phases   ] GC(459)   Evacuate Collection Set: 6.6ms
[2025-03-18T15:23:49.871+0100][5749.769s][info][gc,phases   ] GC(459)   Post Evacuate Collection Set: 0.9ms
[2025-03-18T15:23:49.871+0100][5749.769s][info][gc,phases   ] GC(459)   Other: 0.2ms
[2025-03-18T15:23:49.871+0100][5749.769s][info][gc,heap     ] GC(459) Eden regions: 303->0(303)
[2025-03-18T15:23:49.871+0100][5749.769s][info][gc,heap     ] GC(459) Survivor regions: 4->4(39)
[2025-03-18T15:23:49.871+0100][5749.770s][info][gc,heap     ] GC(459) Old regions: 59->59
[2025-03-18T15:23:49.871+0100][5749.770s][info][gc,heap     ] GC(459) Humongous regions: 1->1
[2025-03-18T15:23:49.871+0100][5749.770s][info][gc,metaspace] GC(459) Metaspace: 28112K(28544K)->28112K(28544K) NonClass: 24479K(24704K)->24479K(24704K) Class: 3632K(3840K)->3632K(3840K)
[2025-03-18T15:23:49.871+0100][5749.770s][info][gc          ] GC(459) Pause Young (Normal) (G1 Evacuation Pause) 1466M->253M(2048M) 9.827ms
[2025-03-18T15:23:49.871+0100][5749.770s][info][gc,cpu      ] GC(459) User=0.05s Sys=0.02s Real=0.01s
[2025-03-18T15:24:07.351+0100][5767.249s][info][gc,start    ] GC(460) Pause Young (Normal) (G1 Evacuation Pause)
[2025-03-18T15:24:07.352+0100][5767.251s][info][gc,task     ] GC(460) Using 9 workers of 9 for evacuation
[2025-03-18T15:24:07.361+0100][5767.260s][info][gc,phases   ] GC(460)   Pre Evacuate Collection Set: 0.3ms
[2025-03-18T15:24:07.361+0100][5767.260s][info][gc,phases   ] GC(460)   Merge Heap Roots: 0.1ms
[2025-03-18T15:24:07.361+0100][5767.260s][info][gc,phases   ] GC(460)   Evacuate Collection Set: 7.8ms
[2025-03-18T15:24:07.361+0100][5767.260s][info][gc,phases   ] GC(460)   Post Evacuate Collection Set: 0.6ms
[2025-03-18T15:24:07.361+0100][5767.260s][info][gc,phases   ] GC(460)   Other: 0.1ms
[2025-03-18T15:24:07.361+0100][5767.260s][info][gc,heap     ] GC(460) Eden regions: 303->0(304)
[2025-03-18T15:24:07.361+0100][5767.260s][info][gc,heap     ] GC(460) Survivor regions: 4->3(39)
[2025-03-18T15:24:07.361+0100][5767.260s][info][gc,heap     ] GC(460) Old regions: 59->59
[2025-03-18T15:24:07.361+0100][5767.260s][info][gc,heap     ] GC(460) Humongous regions: 1->1
[2025-03-18T15:24:07.361+0100][5767.260s][info][gc,metaspace] GC(460) Metaspace: 28112K(28544K)->28112K(28544K) NonClass: 24479K(24704K)->24479K(24704K) Class: 3632K(3840K)->3632K(3840K)
[2025-03-18T15:24:07.361+0100][5767.260s][info][gc          ] GC(460) Pause Young (Normal) (G1 Evacuation Pause) 1465M->251M(2048M) 10.770ms
[2025-03-18T15:24:07.361+0100][5767.260s][info][gc,cpu      ] GC(460) User=0.05s Sys=0.01s Real=0.01s
[2025-03-18T15:24:24.841+0100][5784.740s][info][gc,start    ] GC(461) Pause Young (Normal) (G1 Evacuation Pause)
[2025-03-18T15:24:24.843+0100][5784.742s][info][gc,task     ] GC(461) Using 9 workers of 9 for evacuation
[2025-03-18T15:24:24.860+0100][5784.759s][info][gc,phases   ] GC(461)   Pre Evacuate Collection Set: 0.8ms
[2025-03-18T15:24:24.860+0100][5784.759s][info][gc,phases   ] GC(461)   Merge Heap Roots: 0.1ms
[2025-03-18T15:24:24.860+0100][5784.759s][info][gc,phases   ] GC(461)   Evacuate Collection Set: 15.3ms
[2025-03-18T15:24:24.860+0100][5784.759s][info][gc,phases   ] GC(461)   Post Evacuate Collection Set: 0.7ms
[2025-03-18T15:24:24.860+0100][5784.759s][info][gc,phases   ] GC(461)   Other: 0.2ms
[2025-03-18T15:24:24.860+0100][5784.759s][info][gc,heap     ] GC(461) Eden regions: 304->0(303)
[2025-03-18T15:24:24.860+0100][5784.759s][info][gc,heap     ] GC(461) Survivor regions: 3->4(39)
[2025-03-18T15:24:24.860+0100][5784.759s][info][gc,heap     ] GC(461) Old regions: 59->59
[2025-03-18T15:24:24.860+0100][5784.759s][info][gc,heap     ] GC(461) Humongous regions: 1->1
[2025-03-18T15:24:24.860+0100][5784.759s][info][gc,metaspace] GC(461) Metaspace: 28112K(28544K)->28112K(28544K) NonClass: 24479K(24704K)->24479K(24704K) Class: 3632K(3840K)->3632K(3840K)
[2025-03-18T15:24:24.860+0100][5784.759s][info][gc          ] GC(461) Pause Young (Normal) (G1 Evacuation Pause) 1467M->251M(2048M) 18.987ms
[2025-03-18T15:24:24.860+0100][5784.759s][info][gc,cpu      ] GC(461) User=0.05s Sys=0.01s Real=0.02s
[2025-03-18T15:24:42.337+0100][5802.236s][info][gc,start    ] GC(462) Pause Young (Normal) (G1 Evacuation Pause)
[2025-03-18T15:24:42.339+0100][5802.238s][info][gc,task     ] GC(462) Using 9 workers of 9 for evacuation
[2025-03-18T15:24:42.355+0100][5802.254s][info][gc,phases   ] GC(462)   Pre Evacuate Collection Set: 0.3ms
[2025-03-18T15:24:42.355+0100][5802.254s][info][gc,phases   ] GC(462)   Merge Heap Roots: 0.2ms
[2025-03-18T15:24:42.355+0100][5802.254s][info][gc,phases   ] GC(462)   Evacuate Collection Set: 14.9ms
[2025-03-18T15:24:42.355+0100][5802.254s][info][gc,phases   ] GC(462)   Post Evacuate Collection Set: 0.9ms
[2025-03-18T15:24:42.355+0100][5802.254s][info][gc,phases   ] GC(462)   Other: 0.1ms
[2025-03-18T15:24:42.355+0100][5802.254s][info][gc,heap     ] GC(462) Eden regions: 303->0(304)
[2025-03-18T15:24:42.355+0100][5802.254s][info][gc,heap     ] GC(462) Survivor regions: 4->3(39)
[2025-03-18T15:24:42.355+0100][5802.254s][info][gc,heap     ] GC(462) Old regions: 59->60
[2025-03-18T15:24:42.355+0100][5802.254s][info][gc,heap     ] GC(462) Humongous regions: 1->1
[2025-03-18T15:24:42.355+0100][5802.254s][info][gc,metaspace] GC(462) Metaspace: 28112K(28544K)->28112K(28544K) NonClass: 24479K(24704K)->24479K(24704K) Class: 3632K(3840K)->3632K(3840K)
[2025-03-18T15:24:42.355+0100][5802.254s][info][gc          ] GC(462) Pause Young (Normal) (G1 Evacuation Pause) 1463M->252M(2048M) 18.039ms
[2025-03-18T15:24:42.355+0100][5802.254s][info][gc,cpu      ] GC(462) User=0.03s Sys=0.00s Real=0.02s
[2025-03-18T15:24:59.426+0100][5819.325s][info][gc,start    ] GC(463) Pause Young (Normal) (G1 Evacuation Pause)
[2025-03-18T15:24:59.427+0100][5819.326s][info][gc,task     ] GC(463) Using 9 workers of 9 for evacuation
[2025-03-18T15:24:59.430+0100][5819.328s][info][gc,phases   ] GC(463)   Pre Evacuate Collection Set: 0.1ms
[2025-03-18T15:24:59.430+0100][5819.329s][info][gc,phases   ] GC(463)   Merge Heap Roots: 0.0ms
[2025-03-18T15:24:59.430+0100][5819.329s][info][gc,phases   ] GC(463)   Evacuate Collection Set: 2.5ms
[2025-03-18T15:24:59.430+0100][5819.329s][info][gc,phases   ] GC(463)   Post Evacuate Collection Set: 0.3ms
[2025-03-18T15:24:59.430+0100][5819.329s][info][gc,phases   ] GC(463)   Other: 0.0ms
[2025-03-18T15:24:59.430+0100][5819.329s][info][gc,heap     ] GC(463) Eden regions: 304->0(304)
[2025-03-18T15:24:59.430+0100][5819.329s][info][gc,heap     ] GC(463) Survivor regions: 3->3(39)
[2025-03-18T15:24:59.430+0100][5819.329s][info][gc,heap     ] GC(463) Old regions: 60->60
[2025-03-18T15:24:59.430+0100][5819.329s][info][gc,heap     ] GC(463) Humongous regions: 1->1
[2025-03-18T15:24:59.430+0100][5819.329s][info][gc,metaspace] GC(463) Metaspace: 28112K(28544K)->28112K(28544K) NonClass: 24479K(24704K)->24479K(24704K) Class: 3632K(3840K)->3632K(3840K)
[2025-03-18T15:24:59.430+0100][5819.329s][info][gc          ] GC(463) Pause Young (Normal) (G1 Evacuation Pause) 1468M->251M(2048M) 4.011ms
[2025-03-18T15:24:59.430+0100][5819.329s][info][gc,cpu      ] GC(463) User=0.02s Sys=0.00s Real=0.01s
[2025-03-18T15:25:13.338+0100][5833.237s][info][gc,start    ] GC(464) Pause Young (Normal) (G1 Evacuation Pause)
[2025-03-18T15:25:13.339+0100][5833.238s][info][gc,task     ] GC(464) Using 9 workers of 9 for evacuation
[2025-03-18T15:25:13.352+0100][5833.251s][info][gc,phases   ] GC(464)   Pre Evacuate Collection Set: 0.6ms
[2025-03-18T15:25:13.352+0100][5833.251s][info][gc,phases   ] GC(464)   Merge Heap Roots: 0.1ms
[2025-03-18T15:25:13.352+0100][5833.251s][info][gc,phases   ] GC(464)   Evacuate Collection Set: 10.6ms
[2025-03-18T15:25:13.352+0100][5833.251s][info][gc,phases   ] GC(464)   Post Evacuate Collection Set: 0.9ms
[2025-03-18T15:25:13.352+0100][5833.251s][info][gc,phases   ] GC(464)   Other: 0.2ms
[2025-03-18T15:25:13.352+0100][5833.251s][info][gc,heap     ] GC(464) Eden regions: 304->0(304)
[2025-03-18T15:25:13.352+0100][5833.251s][info][gc,heap     ] GC(464) Survivor regions: 3->3(39)
[2025-03-18T15:25:13.352+0100][5833.251s][info][gc,heap     ] GC(464) Old regions: 60->60
[2025-03-18T15:25:13.352+0100][5833.251s][info][gc,heap     ] GC(464) Humongous regions: 1->1
[2025-03-18T15:25:13.352+0100][5833.251s][info][gc,metaspace] GC(464) Metaspace: 28112K(28544K)->28112K(28544K) NonClass: 24479K(24704K)->24479K(24704K) Class: 3632K(3840K)->3632K(3840K)
[2025-03-18T15:25:13.352+0100][5833.251s][info][gc          ] GC(464) Pause Young (Normal) (G1 Evacuation Pause) 1467M->251M(2048M) 14.411ms
[2025-03-18T15:25:13.352+0100][5833.251s][info][gc,cpu      ] GC(464) User=0.05s Sys=0.00s Real=0.02s
[2025-03-18T15:25:29.816+0100][5849.715s][info][gc,start    ] GC(465) Pause Young (Normal) (G1 Evacuation Pause)
[2025-03-18T15:25:29.818+0100][5849.717s][info][gc,task     ] GC(465) Using 9 workers of 9 for evacuation
[2025-03-18T15:25:29.825+0100][5849.724s][info][gc,phases   ] GC(465)   Pre Evacuate Collection Set: 0.3ms
[2025-03-18T15:25:29.825+0100][5849.724s][info][gc,phases   ] GC(465)   Merge Heap Roots: 0.1ms
[2025-03-18T15:25:29.825+0100][5849.724s][info][gc,phases   ] GC(465)   Evacuate Collection Set: 5.8ms
[2025-03-18T15:25:29.825+0100][5849.724s][info][gc,phases   ] GC(465)   Post Evacuate Collection Set: 0.7ms
[2025-03-18T15:25:29.825+0100][5849.724s][info][gc,phases   ] GC(465)   Other: 0.2ms
[2025-03-18T15:25:29.825+0100][5849.724s][info][gc,heap     ] GC(465) Eden regions: 304->0(304)
[2025-03-18T15:25:29.825+0100][5849.724s][info][gc,heap     ] GC(465) Survivor regions: 3->3(39)
[2025-03-18T15:25:29.825+0100][5849.724s][info][gc,heap     ] GC(465) Old regions: 60->60
[2025-03-18T15:25:29.825+0100][5849.724s][info][gc,heap     ] GC(465) Humongous regions: 1->1
[2025-03-18T15:25:29.825+0100][5849.724s][info][gc,metaspace] GC(465) Metaspace: 28112K(28544K)->28112K(28544K) NonClass: 24479K(24704K)->24479K(24704K) Class: 3632K(3840K)->3632K(3840K)
[2025-03-18T15:25:29.825+0100][5849.724s][info][gc          ] GC(465) Pause Young (Normal) (G1 Evacuation Pause) 1467M->251M(2048M) 8.671ms
[2025-03-18T15:25:29.825+0100][5849.724s][info][gc,cpu      ] GC(465) User=0.04s Sys=0.00s Real=0.01s
[2025-03-18T15:25:42.358+0100][5862.258s][info][gc,start    ] GC(466) Pause Young (Normal) (G1 Evacuation Pause)
[2025-03-18T15:25:42.360+0100][5862.259s][info][gc,task     ] GC(466) Using 9 workers of 9 for evacuation
[2025-03-18T15:25:42.367+0100][5862.266s][info][gc,phases   ] GC(466)   Pre Evacuate Collection Set: 0.2ms
[2025-03-18T15:25:42.367+0100][5862.266s][info][gc,phases   ] GC(466)   Merge Heap Roots: 0.1ms
[2025-03-18T15:25:42.367+0100][5862.266s][info][gc,phases   ] GC(466)   Evacuate Collection Set: 5.7ms
[2025-03-18T15:25:42.367+0100][5862.266s][info][gc,phases   ] GC(466)   Post Evacuate Collection Set: 0.8ms
[2025-03-18T15:25:42.367+0100][5862.266s][info][gc,phases   ] GC(466)   Other: 0.1ms
[2025-03-18T15:25:42.367+0100][5862.266s][info][gc,heap     ] GC(466) Eden regions: 304->0(303)
[2025-03-18T15:25:42.367+0100][5862.266s][info][gc,heap     ] GC(466) Survivor regions: 3->4(39)
[2025-03-18T15:25:42.367+0100][5862.266s][info][gc,heap     ] GC(466) Old regions: 60->60
[2025-03-18T15:25:42.367+0100][5862.266s][info][gc,heap     ] GC(466) Humongous regions: 1->1
[2025-03-18T15:25:42.367+0100][5862.266s][info][gc,metaspace] GC(466) Metaspace: 28112K(28544K)->28112K(28544K) NonClass: 24479K(24704K)->24479K(24704K) Class: 3632K(3840K)->3632K(3840K)
[2025-03-18T15:25:42.367+0100][5862.266s][info][gc          ] GC(466) Pause Young (Normal) (G1 Evacuation Pause) 1467M->254M(2048M) 8.620ms
[2025-03-18T15:25:42.367+0100][5862.266s][info][gc,cpu      ] GC(466) User=0.05s Sys=0.00s Real=0.01s
[2025-03-18T15:25:59.864+0100][5879.764s][info][gc,start    ] GC(467) Pause Young (Normal) (G1 Evacuation Pause)
[2025-03-18T15:25:59.865+0100][5879.764s][info][gc,task     ] GC(467) Using 9 workers of 9 for evacuation
[2025-03-18T15:25:59.871+0100][5879.770s][info][gc,phases   ] GC(467)   Pre Evacuate Collection Set: 0.2ms
[2025-03-18T15:25:59.871+0100][5879.770s][info][gc,phases   ] GC(467)   Merge Heap Roots: 0.1ms
[2025-03-18T15:25:59.871+0100][5879.770s][info][gc,phases   ] GC(467)   Evacuate Collection Set: 5.6ms
[2025-03-18T15:25:59.871+0100][5879.770s][info][gc,phases   ] GC(467)   Post Evacuate Collection Set: 0.6ms
[2025-03-18T15:25:59.871+0100][5879.770s][info][gc,phases   ] GC(467)   Other: 0.1ms
[2025-03-18T15:25:59.871+0100][5879.770s][info][gc,heap     ] GC(467) Eden regions: 303->0(303)
[2025-03-18T15:25:59.871+0100][5879.770s][info][gc,heap     ] GC(467) Survivor regions: 4->4(39)
[2025-03-18T15:25:59.871+0100][5879.770s][info][gc,heap     ] GC(467) Old regions: 60->60
[2025-03-18T15:25:59.871+0100][5879.771s][info][gc,heap     ] GC(467) Humongous regions: 1->1
[2025-03-18T15:25:59.871+0100][5879.771s][info][gc,metaspace] GC(467) Metaspace: 28112K(28544K)->28112K(28544K) NonClass: 24479K(24704K)->24479K(24704K) Class: 3632K(3840K)->3632K(3840K)
[2025-03-18T15:25:59.871+0100][5879.771s][info][gc          ] GC(467) Pause Young (Normal) (G1 Evacuation Pause) 1466M->254M(2048M) 7.029ms
[2025-03-18T15:25:59.871+0100][5879.771s][info][gc,cpu      ] GC(467) User=0.04s Sys=0.00s Real=0.01s
[2025-03-18T15:26:17.370+0100][5897.269s][info][gc,start    ] GC(468) Pause Young (Normal) (G1 Evacuation Pause)
[2025-03-18T15:26:17.372+0100][5897.271s][info][gc,task     ] GC(468) Using 9 workers of 9 for evacuation
[2025-03-18T15:26:17.378+0100][5897.277s][info][gc,phases   ] GC(468)   Pre Evacuate Collection Set: 0.2ms
[2025-03-18T15:26:17.378+0100][5897.277s][info][gc,phases   ] GC(468)   Merge Heap Roots: 0.1ms
[2025-03-18T15:26:17.378+0100][5897.277s][info][gc,phases   ] GC(468)   Evacuate Collection Set: 5.5ms
[2025-03-18T15:26:17.378+0100][5897.277s][info][gc,phases   ] GC(468)   Post Evacuate Collection Set: 0.6ms
[2025-03-18T15:26:17.378+0100][5897.277s][info][gc,phases   ] GC(468)   Other: 0.1ms
[2025-03-18T15:26:17.378+0100][5897.277s][info][gc,heap     ] GC(468) Eden regions: 303->0(303)
[2025-03-18T15:26:17.378+0100][5897.277s][info][gc,heap     ] GC(468) Survivor regions: 4->4(39)
[2025-03-18T15:26:17.378+0100][5897.277s][info][gc,heap     ] GC(468) Old regions: 60->60
[2025-03-18T15:26:17.378+0100][5897.277s][info][gc,heap     ] GC(468) Humongous regions: 1->1
[2025-03-18T15:26:17.378+0100][5897.277s][info][gc,metaspace] GC(468) Metaspace: 28112K(28544K)->28112K(28544K) NonClass: 24479K(24704K)->24479K(24704K) Class: 3632K(3840K)->3632K(3840K)
[2025-03-18T15:26:17.378+0100][5897.278s][info][gc          ] GC(468) Pause Young (Normal) (G1 Evacuation Pause) 1466M->254M(2048M) 8.358ms
[2025-03-18T15:26:17.378+0100][5897.278s][info][gc,cpu      ] GC(468) User=0.04s Sys=0.00s Real=0.00s
[2025-03-18T15:26:34.851+0100][5914.751s][info][gc,start    ] GC(469) Pause Young (Normal) (G1 Evacuation Pause)
[2025-03-18T15:26:34.852+0100][5914.751s][info][gc,task     ] GC(469) Using 9 workers of 9 for evacuation
[2025-03-18T15:26:34.864+0100][5914.763s][info][gc,phases   ] GC(469)   Pre Evacuate Collection Set: 0.5ms
[2025-03-18T15:26:34.864+0100][5914.763s][info][gc,phases   ] GC(469)   Merge Heap Roots: 0.1ms
[2025-03-18T15:26:34.864+0100][5914.763s][info][gc,phases   ] GC(469)   Evacuate Collection Set: 10.1ms
[2025-03-18T15:26:34.864+0100][5914.763s][info][gc,phases   ] GC(469)   Post Evacuate Collection Set: 0.9ms
[2025-03-18T15:26:34.864+0100][5914.763s][info][gc,phases   ] GC(469)   Other: 0.2ms
[2025-03-18T15:26:34.864+0100][5914.763s][info][gc,heap     ] GC(469) Eden regions: 303->0(304)
[2025-03-18T15:26:34.864+0100][5914.763s][info][gc,heap     ] GC(469) Survivor regions: 4->3(39)
[2025-03-18T15:26:34.864+0100][5914.763s][info][gc,heap     ] GC(469) Old regions: 60->60
[2025-03-18T15:26:34.864+0100][5914.763s][info][gc,heap     ] GC(469) Humongous regions: 1->1
[2025-03-18T15:26:34.864+0100][5914.763s][info][gc,metaspace] GC(469) Metaspace: 28112K(28544K)->28112K(28544K) NonClass: 24479K(24704K)->24479K(24704K) Class: 3632K(3840K)->3632K(3840K)
[2025-03-18T15:26:34.864+0100][5914.763s][info][gc          ] GC(469) Pause Young (Normal) (G1 Evacuation Pause) 1466M->252M(2048M) 12.538ms
[2025-03-18T15:26:34.864+0100][5914.763s][info][gc,cpu      ] GC(469) User=0.05s Sys=0.00s Real=0.01s
[2025-03-18T15:26:51.528+0100][5931.427s][info][gc,start    ] GC(470) Pause Young (Normal) (G1 Evacuation Pause)
[2025-03-18T15:26:51.529+0100][5931.428s][info][gc,task     ] GC(470) Using 9 workers of 9 for evacuation
[2025-03-18T15:26:51.533+0100][5931.432s][info][gc,phases   ] GC(470)   Pre Evacuate Collection Set: 0.3ms
[2025-03-18T15:26:51.533+0100][5931.432s][info][gc,phases   ] GC(470)   Merge Heap Roots: 0.1ms
[2025-03-18T15:26:51.533+0100][5931.432s][info][gc,phases   ] GC(470)   Evacuate Collection Set: 3.3ms
[2025-03-18T15:26:51.533+0100][5931.432s][info][gc,phases   ] GC(470)   Post Evacuate Collection Set: 0.6ms
[2025-03-18T15:26:51.533+0100][5931.432s][info][gc,phases   ] GC(470)   Other: 0.1ms
[2025-03-18T15:26:51.533+0100][5931.432s][info][gc,heap     ] GC(470) Eden regions: 304->0(303)
[2025-03-18T15:26:51.533+0100][5931.432s][info][gc,heap     ] GC(470) Survivor regions: 3->4(39)
[2025-03-18T15:26:51.533+0100][5931.432s][info][gc,heap     ] GC(470) Old regions: 60->60
[2025-03-18T15:26:51.533+0100][5931.432s][info][gc,heap     ] GC(470) Humongous regions: 1->1
[2025-03-18T15:26:51.533+0100][5931.432s][info][gc,metaspace] GC(470) Metaspace: 28112K(28544K)->28112K(28544K) NonClass: 24479K(24704K)->24479K(24704K) Class: 3632K(3840K)->3632K(3840K)
[2025-03-18T15:26:51.533+0100][5931.432s][info][gc          ] GC(470) Pause Young (Normal) (G1 Evacuation Pause) 1468M->257M(2048M) 5.493ms
[2025-03-18T15:26:51.533+0100][5931.432s][info][gc,cpu      ] GC(470) User=0.02s Sys=0.01s Real=0.01s
[2025-03-18T15:27:02.990+0100][5942.889s][info][gc,start    ] GC(471) Pause Young (Normal) (G1 Evacuation Pause)
[2025-03-18T15:27:02.990+0100][5942.889s][info][gc,task     ] GC(471) Using 9 workers of 9 for evacuation
[2025-03-18T15:27:02.994+0100][5942.893s][info][gc,phases   ] GC(471)   Pre Evacuate Collection Set: 0.1ms
[2025-03-18T15:27:02.994+0100][5942.893s][info][gc,phases   ] GC(471)   Merge Heap Roots: 0.1ms
[2025-03-18T15:27:02.994+0100][5942.893s][info][gc,phases   ] GC(471)   Evacuate Collection Set: 3.2ms
[2025-03-18T15:27:02.994+0100][5942.893s][info][gc,phases   ] GC(471)   Post Evacuate Collection Set: 0.4ms
[2025-03-18T15:27:02.994+0100][5942.893s][info][gc,phases   ] GC(471)   Other: 0.1ms
[2025-03-18T15:27:02.994+0100][5942.893s][info][gc,heap     ] GC(471) Eden regions: 303->0(303)
[2025-03-18T15:27:02.994+0100][5942.893s][info][gc,heap     ] GC(471) Survivor regions: 4->4(39)
[2025-03-18T15:27:02.994+0100][5942.893s][info][gc,heap     ] GC(471) Old regions: 60->60
[2025-03-18T15:27:02.994+0100][5942.893s][info][gc,heap     ] GC(471) Humongous regions: 1->1
[2025-03-18T15:27:02.994+0100][5942.893s][info][gc,metaspace] GC(471) Metaspace: 28112K(28544K)->28112K(28544K) NonClass: 24479K(24704K)->24479K(24704K) Class: 3632K(3840K)->3632K(3840K)
[2025-03-18T15:27:02.994+0100][5942.893s][info][gc          ] GC(471) Pause Young (Normal) (G1 Evacuation Pause) 1469M->255M(2048M) 4.413ms
[2025-03-18T15:27:02.994+0100][5942.893s][info][gc,cpu      ] GC(471) User=0.03s Sys=0.00s Real=0.00s
[2025-03-18T15:27:13.485+0100][5953.385s][info][gc,start    ] GC(472) Pause Young (Normal) (G1 Evacuation Pause)
[2025-03-18T15:27:13.486+0100][5953.385s][info][gc,task     ] GC(472) Using 9 workers of 9 for evacuation
[2025-03-18T15:27:13.490+0100][5953.389s][info][gc,phases   ] GC(472)   Pre Evacuate Collection Set: 0.1ms
[2025-03-18T15:27:13.490+0100][5953.389s][info][gc,phases   ] GC(472)   Merge Heap Roots: 0.1ms
[2025-03-18T15:27:13.490+0100][5953.389s][info][gc,phases   ] GC(472)   Evacuate Collection Set: 3.1ms
[2025-03-18T15:27:13.490+0100][5953.389s][info][gc,phases   ] GC(472)   Post Evacuate Collection Set: 0.4ms
[2025-03-18T15:27:13.490+0100][5953.389s][info][gc,phases   ] GC(472)   Other: 0.1ms
[2025-03-18T15:27:13.490+0100][5953.389s][info][gc,heap     ] GC(472) Eden regions: 303->0(303)
[2025-03-18T15:27:13.490+0100][5953.389s][info][gc,heap     ] GC(472) Survivor regions: 4->4(39)
[2025-03-18T15:27:13.490+0100][5953.389s][info][gc,heap     ] GC(472) Old regions: 60->60
[2025-03-18T15:27:13.490+0100][5953.389s][info][gc,heap     ] GC(472) Humongous regions: 1->1
[2025-03-18T15:27:13.490+0100][5953.389s][info][gc,metaspace] GC(472) Metaspace: 28112K(28544K)->28112K(28544K) NonClass: 24479K(24704K)->24479K(24704K) Class: 3632K(3840K)->3632K(3840K)
[2025-03-18T15:27:13.490+0100][5953.389s][info][gc          ] GC(472) Pause Young (Normal) (G1 Evacuation Pause) 1467M->255M(2048M) 4.192ms
[2025-03-18T15:27:13.490+0100][5953.389s][info][gc,cpu      ] GC(472) User=0.02s Sys=0.00s Real=0.01s
[2025-03-18T15:27:24.763+0100][5964.662s][info][gc,start    ] GC(473) Pause Young (Normal) (G1 Evacuation Pause)
[2025-03-18T15:27:24.763+0100][5964.663s][info][gc,task     ] GC(473) Using 9 workers of 9 for evacuation
[2025-03-18T15:27:24.767+0100][5964.666s][info][gc,phases   ] GC(473)   Pre Evacuate Collection Set: 0.1ms
[2025-03-18T15:27:24.767+0100][5964.666s][info][gc,phases   ] GC(473)   Merge Heap Roots: 0.1ms
[2025-03-18T15:27:24.767+0100][5964.666s][info][gc,phases   ] GC(473)   Evacuate Collection Set: 3.2ms
[2025-03-18T15:27:24.767+0100][5964.666s][info][gc,phases   ] GC(473)   Post Evacuate Collection Set: 0.4ms
[2025-03-18T15:27:24.767+0100][5964.666s][info][gc,phases   ] GC(473)   Other: 0.1ms
[2025-03-18T15:27:24.767+0100][5964.666s][info][gc,heap     ] GC(473) Eden regions: 303->0(303)
[2025-03-18T15:27:24.767+0100][5964.666s][info][gc,heap     ] GC(473) Survivor regions: 4->4(39)
[2025-03-18T15:27:24.767+0100][5964.666s][info][gc,heap     ] GC(473) Old regions: 60->60
[2025-03-18T15:27:24.767+0100][5964.666s][info][gc,heap     ] GC(473) Humongous regions: 1->1
[2025-03-18T15:27:24.767+0100][5964.666s][info][gc,metaspace] GC(473) Metaspace: 28149K(28608K)->28149K(28608K) NonClass: 24512K(24768K)->24512K(24768K) Class: 3637K(3840K)->3637K(3840K)
[2025-03-18T15:27:24.767+0100][5964.666s][info][gc          ] GC(473) Pause Young (Normal) (G1 Evacuation Pause) 1467M->256M(2048M) 3.940ms
[2025-03-18T15:27:24.767+0100][5964.666s][info][gc,cpu      ] GC(473) User=0.02s Sys=0.00s Real=0.00s
[2025-03-18T15:27:38.410+0100][5978.310s][info][gc,start    ] GC(474) Pause Young (Normal) (G1 Evacuation Pause)
[2025-03-18T15:27:38.410+0100][5978.310s][info][gc,task     ] GC(474) Using 9 workers of 9 for evacuation
[2025-03-18T15:27:38.413+0100][5978.313s][info][gc,phases   ] GC(474)   Pre Evacuate Collection Set: 0.1ms
[2025-03-18T15:27:38.413+0100][5978.313s][info][gc,phases   ] GC(474)   Merge Heap Roots: 0.1ms
[2025-03-18T15:27:38.413+0100][5978.313s][info][gc,phases   ] GC(474)   Evacuate Collection Set: 2.2ms
[2025-03-18T15:27:38.413+0100][5978.313s][info][gc,phases   ] GC(474)   Post Evacuate Collection Set: 0.3ms
[2025-03-18T15:27:38.413+0100][5978.313s][info][gc,phases   ] GC(474)   Other: 0.0ms
[2025-03-18T15:27:38.413+0100][5978.313s][info][gc,heap     ] GC(474) Eden regions: 303->0(304)
[2025-03-18T15:27:38.413+0100][5978.313s][info][gc,heap     ] GC(474) Survivor regions: 4->3(39)
[2025-03-18T15:27:38.413+0100][5978.313s][info][gc,heap     ] GC(474) Old regions: 60->60
[2025-03-18T15:27:38.413+0100][5978.313s][info][gc,heap     ] GC(474) Humongous regions: 1->1
[2025-03-18T15:27:38.413+0100][5978.313s][info][gc,metaspace] GC(474) Metaspace: 28149K(28608K)->28149K(28608K) NonClass: 24512K(24768K)->24512K(24768K) Class: 3637K(3840K)->3637K(3840K)
[2025-03-18T15:27:38.413+0100][5978.313s][info][gc          ] GC(474) Pause Young (Normal) (G1 Evacuation Pause) 1468M->253M(2048M) 2.993ms
[2025-03-18T15:27:38.413+0100][5978.313s][info][gc,cpu      ] GC(474) User=0.02s Sys=0.00s Real=0.00s
[2025-03-18T15:27:51.360+0100][5991.260s][info][gc,start    ] GC(475) Pause Young (Normal) (G1 Evacuation Pause)
[2025-03-18T15:27:51.361+0100][5991.261s][info][gc,task     ] GC(475) Using 9 workers of 9 for evacuation
[2025-03-18T15:27:51.365+0100][5991.265s][info][gc,phases   ] GC(475)   Pre Evacuate Collection Set: 0.1ms
[2025-03-18T15:27:51.365+0100][5991.265s][info][gc,phases   ] GC(475)   Merge Heap Roots: 0.1ms
[2025-03-18T15:27:51.365+0100][5991.265s][info][gc,phases   ] GC(475)   Evacuate Collection Set: 3.3ms
[2025-03-18T15:27:51.365+0100][5991.265s][info][gc,phases   ] GC(475)   Post Evacuate Collection Set: 0.4ms
[2025-03-18T15:27:51.365+0100][5991.265s][info][gc,phases   ] GC(475)   Other: 0.1ms
[2025-03-18T15:27:51.365+0100][5991.265s][info][gc,heap     ] GC(475) Eden regions: 304->0(303)
[2025-03-18T15:27:51.365+0100][5991.265s][info][gc,heap     ] GC(475) Survivor regions: 3->4(39)
[2025-03-18T15:27:51.365+0100][5991.265s][info][gc,heap     ] GC(475) Old regions: 60->60
[2025-03-18T15:27:51.365+0100][5991.265s][info][gc,heap     ] GC(475) Humongous regions: 1->1
[2025-03-18T15:27:51.365+0100][5991.265s][info][gc,metaspace] GC(475) Metaspace: 28151K(28608K)->28151K(28608K) NonClass: 24513K(24768K)->24513K(24768K) Class: 3637K(3840K)->3637K(3840K)
[2025-03-18T15:27:51.365+0100][5991.265s][info][gc          ] GC(475) Pause Young (Normal) (G1 Evacuation Pause) 1469M->257M(2048M) 5.112ms
[2025-03-18T15:27:51.365+0100][5991.265s][info][gc,cpu      ] GC(475) User=0.03s Sys=0.00s Real=0.00s
[2025-03-18T15:28:08.863+0100][6008.763s][info][gc,start    ] GC(476) Pause Young (Normal) (G1 Evacuation Pause)
[2025-03-18T15:28:08.864+0100][6008.763s][info][gc,task     ] GC(476) Using 9 workers of 9 for evacuation
[2025-03-18T15:28:08.870+0100][6008.769s][info][gc,phases   ] GC(476)   Pre Evacuate Collection Set: 0.2ms
[2025-03-18T15:28:08.870+0100][6008.769s][info][gc,phases   ] GC(476)   Merge Heap Roots: 0.1ms
[2025-03-18T15:28:08.870+0100][6008.769s][info][gc,phases   ] GC(476)   Evacuate Collection Set: 4.9ms
[2025-03-18T15:28:08.870+0100][6008.769s][info][gc,phases   ] GC(476)   Post Evacuate Collection Set: 0.5ms
[2025-03-18T15:28:08.870+0100][6008.769s][info][gc,phases   ] GC(476)   Other: 0.1ms
[2025-03-18T15:28:08.870+0100][6008.769s][info][gc,heap     ] GC(476) Eden regions: 303->0(303)
[2025-03-18T15:28:08.870+0100][6008.769s][info][gc,heap     ] GC(476) Survivor regions: 4->4(39)
[2025-03-18T15:28:08.870+0100][6008.769s][info][gc,heap     ] GC(476) Old regions: 60->60
[2025-03-18T15:28:08.870+0100][6008.769s][info][gc,heap     ] GC(476) Humongous regions: 1->1
[2025-03-18T15:28:08.870+0100][6008.769s][info][gc,metaspace] GC(476) Metaspace: 28151K(28608K)->28151K(28608K) NonClass: 24513K(24768K)->24513K(24768K) Class: 3637K(3840K)->3637K(3840K)
[2025-03-18T15:28:08.870+0100][6008.769s][info][gc          ] GC(476) Pause Young (Normal) (G1 Evacuation Pause) 1469M->256M(2048M) 6.285ms
[2025-03-18T15:28:08.870+0100][6008.769s][info][gc,cpu      ] GC(476) User=0.04s Sys=0.00s Real=0.01s
[2025-03-18T15:28:26.357+0100][6026.256s][info][gc,start    ] GC(477) Pause Young (Normal) (G1 Evacuation Pause)
[2025-03-18T15:28:26.357+0100][6026.256s][info][gc,task     ] GC(477) Using 9 workers of 9 for evacuation
[2025-03-18T15:28:26.364+0100][6026.264s][info][gc,phases   ] GC(477)   Pre Evacuate Collection Set: 0.2ms
[2025-03-18T15:28:26.365+0100][6026.264s][info][gc,phases   ] GC(477)   Merge Heap Roots: 0.1ms
[2025-03-18T15:28:26.365+0100][6026.264s][info][gc,phases   ] GC(477)   Evacuate Collection Set: 6.4ms
[2025-03-18T15:28:26.365+0100][6026.264s][info][gc,phases   ] GC(477)   Post Evacuate Collection Set: 0.8ms
[2025-03-18T15:28:26.365+0100][6026.264s][info][gc,phases   ] GC(477)   Other: 0.1ms
[2025-03-18T15:28:26.365+0100][6026.264s][info][gc,heap     ] GC(477) Eden regions: 303->0(303)
[2025-03-18T15:28:26.365+0100][6026.264s][info][gc,heap     ] GC(477) Survivor regions: 4->4(39)
[2025-03-18T15:28:26.365+0100][6026.264s][info][gc,heap     ] GC(477) Old regions: 60->60
[2025-03-18T15:28:26.365+0100][6026.264s][info][gc,heap     ] GC(477) Humongous regions: 1->1
[2025-03-18T15:28:26.365+0100][6026.264s][info][gc,metaspace] GC(477) Metaspace: 28151K(28608K)->28151K(28608K) NonClass: 24513K(24768K)->24513K(24768K) Class: 3637K(3840K)->3637K(3840K)
[2025-03-18T15:28:26.365+0100][6026.264s][info][gc          ] GC(477) Pause Young (Normal) (G1 Evacuation Pause) 1468M->255M(2048M) 8.083ms
[2025-03-18T15:28:26.365+0100][6026.264s][info][gc,cpu      ] GC(477) User=0.06s Sys=0.00s Real=0.01s
[2025-03-18T15:28:43.858+0100][6043.758s][info][gc,start    ] GC(478) Pause Young (Normal) (G1 Evacuation Pause)
[2025-03-18T15:28:43.859+0100][6043.758s][info][gc,task     ] GC(478) Using 9 workers of 9 for evacuation
[2025-03-18T15:28:43.864+0100][6043.764s][info][gc,phases   ] GC(478)   Pre Evacuate Collection Set: 0.2ms
[2025-03-18T15:28:43.864+0100][6043.764s][info][gc,phases   ] GC(478)   Merge Heap Roots: 0.1ms
[2025-03-18T15:28:43.864+0100][6043.764s][info][gc,phases   ] GC(478)   Evacuate Collection Set: 4.8ms
[2025-03-18T15:28:43.865+0100][6043.764s][info][gc,phases   ] GC(478)   Post Evacuate Collection Set: 0.5ms
[2025-03-18T15:28:43.865+0100][6043.764s][info][gc,phases   ] GC(478)   Other: 0.1ms
[2025-03-18T15:28:43.865+0100][6043.764s][info][gc,heap     ] GC(478) Eden regions: 303->0(303)
[2025-03-18T15:28:43.865+0100][6043.764s][info][gc,heap     ] GC(478) Survivor regions: 4->4(39)
[2025-03-18T15:28:43.865+0100][6043.764s][info][gc,heap     ] GC(478) Old regions: 60->60
[2025-03-18T15:28:43.865+0100][6043.764s][info][gc,heap     ] GC(478) Humongous regions: 1->1
[2025-03-18T15:28:43.865+0100][6043.764s][info][gc,metaspace] GC(478) Metaspace: 28151K(28608K)->28151K(28608K) NonClass: 24513K(24768K)->24513K(24768K) Class: 3637K(3840K)->3637K(3840K)
[2025-03-18T15:28:43.865+0100][6043.764s][info][gc          ] GC(478) Pause Young (Normal) (G1 Evacuation Pause) 1467M->255M(2048M) 6.181ms
[2025-03-18T15:28:43.865+0100][6043.764s][info][gc,cpu      ] GC(478) User=0.04s Sys=0.00s Real=0.01s
[2025-03-18T15:29:01.359+0100][6061.258s][info][gc,start    ] GC(479) Pause Young (Normal) (G1 Evacuation Pause)
[2025-03-18T15:29:01.360+0100][6061.260s][info][gc,task     ] GC(479) Using 9 workers of 9 for evacuation
[2025-03-18T15:29:01.369+0100][6061.268s][info][gc,phases   ] GC(479)   Pre Evacuate Collection Set: 0.3ms
[2025-03-18T15:29:01.369+0100][6061.268s][info][gc,phases   ] GC(479)   Merge Heap Roots: 0.1ms
[2025-03-18T15:29:01.369+0100][6061.268s][info][gc,phases   ] GC(479)   Evacuate Collection Set: 7.3ms
[2025-03-18T15:29:01.369+0100][6061.268s][info][gc,phases   ] GC(479)   Post Evacuate Collection Set: 0.6ms
[2025-03-18T15:29:01.369+0100][6061.268s][info][gc,phases   ] GC(479)   Other: 0.1ms
[2025-03-18T15:29:01.369+0100][6061.268s][info][gc,heap     ] GC(479) Eden regions: 303->0(303)
[2025-03-18T15:29:01.369+0100][6061.268s][info][gc,heap     ] GC(479) Survivor regions: 4->4(39)
[2025-03-18T15:29:01.369+0100][6061.268s][info][gc,heap     ] GC(479) Old regions: 60->60
[2025-03-18T15:29:01.369+0100][6061.268s][info][gc,heap     ] GC(479) Humongous regions: 1->1
[2025-03-18T15:29:01.369+0100][6061.268s][info][gc,metaspace] GC(479) Metaspace: 28151K(28608K)->28151K(28608K) NonClass: 24513K(24768K)->24513K(24768K) Class: 3637K(3840K)->3637K(3840K)
[2025-03-18T15:29:01.369+0100][6061.268s][info][gc          ] GC(479) Pause Young (Normal) (G1 Evacuation Pause) 1467M->255M(2048M) 10.235ms
[2025-03-18T15:29:01.369+0100][6061.268s][info][gc,cpu      ] GC(479) User=0.06s Sys=0.00s Real=0.01s
[2025-03-18T15:29:18.840+0100][6078.739s][info][gc,start    ] GC(480) Pause Young (Normal) (G1 Evacuation Pause)
[2025-03-18T15:29:18.840+0100][6078.740s][info][gc,task     ] GC(480) Using 9 workers of 9 for evacuation
[2025-03-18T15:29:18.853+0100][6078.753s][info][gc,phases   ] GC(480)   Pre Evacuate Collection Set: 0.4ms
[2025-03-18T15:29:18.854+0100][6078.753s][info][gc,phases   ] GC(480)   Merge Heap Roots: 0.2ms
[2025-03-18T15:29:18.854+0100][6078.753s][info][gc,phases   ] GC(480)   Evacuate Collection Set: 11.8ms
[2025-03-18T15:29:18.854+0100][6078.753s][info][gc,phases   ] GC(480)   Post Evacuate Collection Set: 0.6ms
[2025-03-18T15:29:18.854+0100][6078.753s][info][gc,phases   ] GC(480)   Other: 0.1ms
[2025-03-18T15:29:18.854+0100][6078.753s][info][gc,heap     ] GC(480) Eden regions: 303->0(303)
[2025-03-18T15:29:18.854+0100][6078.753s][info][gc,heap     ] GC(480) Survivor regions: 4->4(39)
[2025-03-18T15:29:18.854+0100][6078.753s][info][gc,heap     ] GC(480) Old regions: 60->60
[2025-03-18T15:29:18.854+0100][6078.753s][info][gc,heap     ] GC(480) Humongous regions: 1->1
[2025-03-18T15:29:18.854+0100][6078.753s][info][gc,metaspace] GC(480) Metaspace: 28151K(28608K)->28151K(28608K) NonClass: 24513K(24768K)->24513K(24768K) Class: 3637K(3840K)->3637K(3840K)
[2025-03-18T15:29:18.854+0100][6078.753s][info][gc          ] GC(480) Pause Young (Normal) (G1 Evacuation Pause) 1467M->254M(2048M) 13.830ms
[2025-03-18T15:29:18.854+0100][6078.753s][info][gc,cpu      ] GC(480) User=0.04s Sys=0.00s Real=0.01s
[2025-03-18T15:29:32.335+0100][6092.234s][info][gc,start    ] GC(481) Pause Young (Normal) (G1 Evacuation Pause)
[2025-03-18T15:29:32.336+0100][6092.235s][info][gc,task     ] GC(481) Using 9 workers of 9 for evacuation
[2025-03-18T15:29:32.340+0100][6092.239s][info][gc,phases   ] GC(481)   Pre Evacuate Collection Set: 0.2ms
[2025-03-18T15:29:32.340+0100][6092.239s][info][gc,phases   ] GC(481)   Merge Heap Roots: 0.1ms
[2025-03-18T15:29:32.340+0100][6092.239s][info][gc,phases   ] GC(481)   Evacuate Collection Set: 3.3ms
[2025-03-18T15:29:32.340+0100][6092.239s][info][gc,phases   ] GC(481)   Post Evacuate Collection Set: 0.5ms
[2025-03-18T15:29:32.340+0100][6092.239s][info][gc,phases   ] GC(481)   Other: 0.1ms
[2025-03-18T15:29:32.340+0100][6092.240s][info][gc,heap     ] GC(481) Eden regions: 303->0(304)
[2025-03-18T15:29:32.340+0100][6092.240s][info][gc,heap     ] GC(481) Survivor regions: 4->3(39)
[2025-03-18T15:29:32.340+0100][6092.240s][info][gc,heap     ] GC(481) Old regions: 60->60
[2025-03-18T15:29:32.340+0100][6092.240s][info][gc,heap     ] GC(481) Humongous regions: 1->1
[2025-03-18T15:29:32.340+0100][6092.240s][info][gc,metaspace] GC(481) Metaspace: 28151K(28608K)->28151K(28608K) NonClass: 24513K(24768K)->24513K(24768K) Class: 3637K(3840K)->3637K(3840K)
[2025-03-18T15:29:32.340+0100][6092.240s][info][gc          ] GC(481) Pause Young (Normal) (G1 Evacuation Pause) 1466M->253M(2048M) 5.293ms
[2025-03-18T15:29:32.340+0100][6092.240s][info][gc,cpu      ] GC(481) User=0.02s Sys=0.00s Real=0.01s
[2025-03-18T15:29:48.837+0100][6108.736s][info][gc,start    ] GC(482) Pause Young (Normal) (G1 Evacuation Pause)
[2025-03-18T15:29:48.838+0100][6108.738s][info][gc,task     ] GC(482) Using 9 workers of 9 for evacuation
[2025-03-18T15:29:48.854+0100][6108.754s][info][gc,phases   ] GC(482)   Pre Evacuate Collection Set: 0.9ms
[2025-03-18T15:29:48.855+0100][6108.754s][info][gc,phases   ] GC(482)   Merge Heap Roots: 0.3ms
[2025-03-18T15:29:48.855+0100][6108.754s][info][gc,phases   ] GC(482)   Evacuate Collection Set: 14.1ms
[2025-03-18T15:29:48.855+0100][6108.754s][info][gc,phases   ] GC(482)   Post Evacuate Collection Set: 0.6ms
[2025-03-18T15:29:48.855+0100][6108.754s][info][gc,phases   ] GC(482)   Other: 0.3ms
[2025-03-18T15:29:48.855+0100][6108.754s][info][gc,heap     ] GC(482) Eden regions: 304->0(304)
[2025-03-18T15:29:48.855+0100][6108.754s][info][gc,heap     ] GC(482) Survivor regions: 3->3(39)
[2025-03-18T15:29:48.855+0100][6108.754s][info][gc,heap     ] GC(482) Old regions: 60->60
[2025-03-18T15:29:48.855+0100][6108.754s][info][gc,heap     ] GC(482) Humongous regions: 1->1
[2025-03-18T15:29:48.855+0100][6108.754s][info][gc,metaspace] GC(482) Metaspace: 28151K(28608K)->28151K(28608K) NonClass: 24513K(24768K)->24513K(24768K) Class: 3637K(3840K)->3637K(3840K)
[2025-03-18T15:29:48.855+0100][6108.754s][info][gc          ] GC(482) Pause Young (Normal) (G1 Evacuation Pause) 1469M->254M(2048M) 17.961ms
[2025-03-18T15:29:48.855+0100][6108.754s][info][gc,cpu      ] GC(482) User=0.04s Sys=0.00s Real=0.02s
[2025-03-18T15:30:06.353+0100][6126.253s][info][gc,start    ] GC(483) Pause Young (Normal) (G1 Evacuation Pause)
[2025-03-18T15:30:06.353+0100][6126.253s][info][gc,task     ] GC(483) Using 9 workers of 9 for evacuation
[2025-03-18T15:30:06.358+0100][6126.257s][info][gc,phases   ] GC(483)   Pre Evacuate Collection Set: 0.1ms
[2025-03-18T15:30:06.358+0100][6126.257s][info][gc,phases   ] GC(483)   Merge Heap Roots: 0.1ms
[2025-03-18T15:30:06.358+0100][6126.257s][info][gc,phases   ] GC(483)   Evacuate Collection Set: 3.7ms
[2025-03-18T15:30:06.358+0100][6126.257s][info][gc,phases   ] GC(483)   Post Evacuate Collection Set: 0.4ms
[2025-03-18T15:30:06.358+0100][6126.257s][info][gc,phases   ] GC(483)   Other: 0.1ms
[2025-03-18T15:30:06.358+0100][6126.257s][info][gc,heap     ] GC(483) Eden regions: 304->0(303)
[2025-03-18T15:30:06.358+0100][6126.257s][info][gc,heap     ] GC(483) Survivor regions: 3->4(39)
[2025-03-18T15:30:06.358+0100][6126.257s][info][gc,heap     ] GC(483) Old regions: 60->60
[2025-03-18T15:30:06.358+0100][6126.257s][info][gc,heap     ] GC(483) Humongous regions: 1->1
[2025-03-18T15:30:06.358+0100][6126.257s][info][gc,metaspace] GC(483) Metaspace: 28151K(28608K)->28151K(28608K) NonClass: 24513K(24768K)->24513K(24768K) Class: 3637K(3840K)->3637K(3840K)
[2025-03-18T15:30:06.358+0100][6126.258s][info][gc          ] GC(483) Pause Young (Normal) (G1 Evacuation Pause) 1470M->256M(2048M) 4.798ms
[2025-03-18T15:30:06.358+0100][6126.258s][info][gc,cpu      ] GC(483) User=0.02s Sys=0.01s Real=0.00s
[2025-03-18T15:30:23.856+0100][6143.756s][info][gc,start    ] GC(484) Pause Young (Normal) (G1 Evacuation Pause)
[2025-03-18T15:30:23.857+0100][6143.756s][info][gc,task     ] GC(484) Using 9 workers of 9 for evacuation
[2025-03-18T15:30:23.865+0100][6143.764s][info][gc,phases   ] GC(484)   Pre Evacuate Collection Set: 0.2ms
[2025-03-18T15:30:23.865+0100][6143.764s][info][gc,phases   ] GC(484)   Merge Heap Roots: 0.1ms
[2025-03-18T15:30:23.865+0100][6143.764s][info][gc,phases   ] GC(484)   Evacuate Collection Set: 6.8ms
[2025-03-18T15:30:23.865+0100][6143.764s][info][gc,phases   ] GC(484)   Post Evacuate Collection Set: 0.8ms
[2025-03-18T15:30:23.865+0100][6143.764s][info][gc,phases   ] GC(484)   Other: 0.2ms
[2025-03-18T15:30:23.865+0100][6143.764s][info][gc,heap     ] GC(484) Eden regions: 303->0(303)
[2025-03-18T15:30:23.865+0100][6143.764s][info][gc,heap     ] GC(484) Survivor regions: 4->4(39)
[2025-03-18T15:30:23.865+0100][6143.764s][info][gc,heap     ] GC(484) Old regions: 60->60
[2025-03-18T15:30:23.865+0100][6143.764s][info][gc,heap     ] GC(484) Humongous regions: 1->1
[2025-03-18T15:30:23.865+0100][6143.764s][info][gc,metaspace] GC(484) Metaspace: 28151K(28608K)->28151K(28608K) NonClass: 24513K(24768K)->24513K(24768K) Class: 3637K(3840K)->3637K(3840K)
[2025-03-18T15:30:23.865+0100][6143.764s][info][gc          ] GC(484) Pause Young (Normal) (G1 Evacuation Pause) 1468M->256M(2048M) 8.695ms
[2025-03-18T15:30:23.865+0100][6143.764s][info][gc,cpu      ] GC(484) User=0.05s Sys=0.01s Real=0.01s
[2025-03-18T15:30:36.377+0100][6156.277s][info][gc,start    ] GC(485) Pause Young (Normal) (G1 Evacuation Pause)
[2025-03-18T15:30:36.378+0100][6156.278s][info][gc,task     ] GC(485) Using 9 workers of 9 for evacuation
[2025-03-18T15:30:36.382+0100][6156.282s][info][gc,phases   ] GC(485)   Pre Evacuate Collection Set: 0.1ms
[2025-03-18T15:30:36.382+0100][6156.282s][info][gc,phases   ] GC(485)   Merge Heap Roots: 0.1ms
[2025-03-18T15:30:36.382+0100][6156.282s][info][gc,phases   ] GC(485)   Evacuate Collection Set: 3.4ms
[2025-03-18T15:30:36.382+0100][6156.282s][info][gc,phases   ] GC(485)   Post Evacuate Collection Set: 0.5ms
[2025-03-18T15:30:36.382+0100][6156.282s][info][gc,phases   ] GC(485)   Other: 0.1ms
[2025-03-18T15:30:36.382+0100][6156.282s][info][gc,heap     ] GC(485) Eden regions: 303->0(304)
[2025-03-18T15:30:36.382+0100][6156.282s][info][gc,heap     ] GC(485) Survivor regions: 4->3(39)
[2025-03-18T15:30:36.382+0100][6156.282s][info][gc,heap     ] GC(485) Old regions: 60->60
[2025-03-18T15:30:36.382+0100][6156.282s][info][gc,heap     ] GC(485) Humongous regions: 1->1
[2025-03-18T15:30:36.382+0100][6156.282s][info][gc,metaspace] GC(485) Metaspace: 28151K(28608K)->28151K(28608K) NonClass: 24513K(24768K)->24513K(24768K) Class: 3637K(3840K)->3637K(3840K)
[2025-03-18T15:30:36.382+0100][6156.282s][info][gc          ] GC(485) Pause Young (Normal) (G1 Evacuation Pause) 1468M->254M(2048M) 5.385ms
[2025-03-18T15:30:36.382+0100][6156.282s][info][gc,cpu      ] GC(485) User=0.03s Sys=0.00s Real=0.01s
[2025-03-18T15:30:53.368+0100][6173.265s][info][gc,start    ] GC(486) Pause Young (Normal) (G1 Evacuation Pause)
[2025-03-18T15:30:53.370+0100][6173.266s][info][gc,task     ] GC(486) Using 9 workers of 9 for evacuation
[2025-03-18T15:30:53.374+0100][6173.270s][info][gc,phases   ] GC(486)   Pre Evacuate Collection Set: 0.2ms
[2025-03-18T15:30:53.374+0100][6173.271s][info][gc,phases   ] GC(486)   Merge Heap Roots: 0.1ms
[2025-03-18T15:30:53.374+0100][6173.271s][info][gc,phases   ] GC(486)   Evacuate Collection Set: 3.2ms
[2025-03-18T15:30:53.374+0100][6173.271s][info][gc,phases   ] GC(486)   Post Evacuate Collection Set: 0.5ms
[2025-03-18T15:30:53.374+0100][6173.271s][info][gc,phases   ] GC(486)   Other: 0.1ms
[2025-03-18T15:30:53.374+0100][6173.271s][info][gc,heap     ] GC(486) Eden regions: 304->0(304)
[2025-03-18T15:30:53.374+0100][6173.271s][info][gc,heap     ] GC(486) Survivor regions: 3->3(39)
[2025-03-18T15:30:53.374+0100][6173.271s][info][gc,heap     ] GC(486) Old regions: 60->60
[2025-03-18T15:30:53.374+0100][6173.271s][info][gc,heap     ] GC(486) Humongous regions: 1->1
[2025-03-18T15:30:53.374+0100][6173.271s][info][gc,metaspace] GC(486) Metaspace: 28151K(28608K)->28151K(28608K) NonClass: 24513K(24768K)->24513K(24768K) Class: 3637K(3840K)->3637K(3840K)
[2025-03-18T15:30:53.374+0100][6173.271s][info][gc          ] GC(486) Pause Young (Normal) (G1 Evacuation Pause) 1470M->253M(2048M) 5.367ms
[2025-03-18T15:30:53.374+0100][6173.271s][info][gc,cpu      ] GC(486) User=0.03s Sys=0.00s Real=0.01s
[2025-03-18T15:31:02.354+0100][6182.247s][info][gc,start    ] GC(487) Pause Young (Normal) (G1 Evacuation Pause)
[2025-03-18T15:31:02.355+0100][6182.248s][info][gc,task     ] GC(487) Using 9 workers of 9 for evacuation
[2025-03-18T15:31:02.361+0100][6182.254s][info][gc,phases   ] GC(487)   Pre Evacuate Collection Set: 0.1ms
[2025-03-18T15:31:02.361+0100][6182.254s][info][gc,phases   ] GC(487)   Merge Heap Roots: 0.1ms
[2025-03-18T15:31:02.361+0100][6182.254s][info][gc,phases   ] GC(487)   Evacuate Collection Set: 4.6ms
[2025-03-18T15:31:02.361+0100][6182.254s][info][gc,phases   ] GC(487)   Post Evacuate Collection Set: 0.6ms
[2025-03-18T15:31:02.361+0100][6182.254s][info][gc,phases   ] GC(487)   Other: 0.1ms
[2025-03-18T15:31:02.361+0100][6182.254s][info][gc,heap     ] GC(487) Eden regions: 304->0(303)
[2025-03-18T15:31:02.361+0100][6182.254s][info][gc,heap     ] GC(487) Survivor regions: 3->4(39)
[2025-03-18T15:31:02.361+0100][6182.254s][info][gc,heap     ] GC(487) Old regions: 60->61
[2025-03-18T15:31:02.361+0100][6182.254s][info][gc,heap     ] GC(487) Humongous regions: 1->1
[2025-03-18T15:31:02.361+0100][6182.254s][info][gc,metaspace] GC(487) Metaspace: 28151K(28608K)->28151K(28608K) NonClass: 24513K(24768K)->24513K(24768K) Class: 3637K(3840K)->3637K(3840K)
[2025-03-18T15:31:02.361+0100][6182.254s][info][gc          ] GC(487) Pause Young (Normal) (G1 Evacuation Pause) 1469M->258M(2048M) 6.479ms
[2025-03-18T15:31:02.361+0100][6182.254s][info][gc,cpu      ] GC(487) User=0.04s Sys=0.00s Real=0.01s
[2025-03-18T15:31:18.265+0100][6198.154s][info][gc,start    ] GC(488) Pause Young (Normal) (G1 Evacuation Pause)
[2025-03-18T15:31:18.265+0100][6198.154s][info][gc,task     ] GC(488) Using 9 workers of 9 for evacuation
[2025-03-18T15:31:18.269+0100][6198.158s][info][gc,phases   ] GC(488)   Pre Evacuate Collection Set: 0.1ms
[2025-03-18T15:31:18.269+0100][6198.158s][info][gc,phases   ] GC(488)   Merge Heap Roots: 0.1ms
[2025-03-18T15:31:18.269+0100][6198.158s][info][gc,phases   ] GC(488)   Evacuate Collection Set: 3.0ms
[2025-03-18T15:31:18.269+0100][6198.158s][info][gc,phases   ] GC(488)   Post Evacuate Collection Set: 0.4ms
[2025-03-18T15:31:18.269+0100][6198.158s][info][gc,phases   ] GC(488)   Other: 0.1ms
[2025-03-18T15:31:18.269+0100][6198.158s][info][gc,heap     ] GC(488) Eden regions: 303->0(303)
[2025-03-18T15:31:18.269+0100][6198.158s][info][gc,heap     ] GC(488) Survivor regions: 4->4(39)
[2025-03-18T15:31:18.269+0100][6198.158s][info][gc,heap     ] GC(488) Old regions: 61->61
[2025-03-18T15:31:18.269+0100][6198.158s][info][gc,heap     ] GC(488) Humongous regions: 1->1
[2025-03-18T15:31:18.269+0100][6198.158s][info][gc,metaspace] GC(488) Metaspace: 28151K(28608K)->28151K(28608K) NonClass: 24513K(24768K)->24513K(24768K) Class: 3637K(3840K)->3637K(3840K)
[2025-03-18T15:31:18.269+0100][6198.158s][info][gc          ] GC(488) Pause Young (Normal) (G1 Evacuation Pause) 1470M->258M(2048M) 4.128ms
[2025-03-18T15:31:18.269+0100][6198.158s][info][gc,cpu      ] GC(488) User=0.03s Sys=0.01s Real=0.00s
[2025-03-18T15:31:30.867+0100][6210.756s][info][gc,start    ] GC(489) Pause Young (Normal) (G1 Evacuation Pause)
[2025-03-18T15:31:30.868+0100][6210.756s][info][gc,task     ] GC(489) Using 9 workers of 9 for evacuation
[2025-03-18T15:31:30.873+0100][6210.762s][info][gc,phases   ] GC(489)   Pre Evacuate Collection Set: 0.2ms
[2025-03-18T15:31:30.873+0100][6210.762s][info][gc,phases   ] GC(489)   Merge Heap Roots: 0.1ms
[2025-03-18T15:31:30.873+0100][6210.762s][info][gc,phases   ] GC(489)   Evacuate Collection Set: 4.9ms
[2025-03-18T15:31:30.873+0100][6210.762s][info][gc,phases   ] GC(489)   Post Evacuate Collection Set: 0.5ms
[2025-03-18T15:31:30.873+0100][6210.762s][info][gc,phases   ] GC(489)   Other: 0.1ms
[2025-03-18T15:31:30.873+0100][6210.762s][info][gc,heap     ] GC(489) Eden regions: 303->0(303)
[2025-03-18T15:31:30.874+0100][6210.762s][info][gc,heap     ] GC(489) Survivor regions: 4->4(39)
[2025-03-18T15:31:30.874+0100][6210.762s][info][gc,heap     ] GC(489) Old regions: 61->61
[2025-03-18T15:31:30.874+0100][6210.762s][info][gc,heap     ] GC(489) Humongous regions: 1->1
[2025-03-18T15:31:30.874+0100][6210.762s][info][gc,metaspace] GC(489) Metaspace: 28184K(28608K)->28184K(28608K) NonClass: 24543K(24768K)->24543K(24768K) Class: 3640K(3840K)->3640K(3840K)
[2025-03-18T15:31:30.874+0100][6210.762s][info][gc          ] GC(489) Pause Young (Normal) (G1 Evacuation Pause) 1470M->258M(2048M) 6.088ms
[2025-03-18T15:31:30.874+0100][6210.762s][info][gc,cpu      ] GC(489) User=0.04s Sys=0.01s Real=0.01s
[2025-03-18T15:31:39.901+0100][6219.789s][info][gc,start    ] GC(490) Pause Young (Normal) (G1 Evacuation Pause)
[2025-03-18T15:31:39.902+0100][6219.790s][info][gc,task     ] GC(490) Using 9 workers of 9 for evacuation
[2025-03-18T15:31:39.906+0100][6219.794s][info][gc,phases   ] GC(490)   Pre Evacuate Collection Set: 0.1ms
[2025-03-18T15:31:39.906+0100][6219.794s][info][gc,phases   ] GC(490)   Merge Heap Roots: 0.1ms
[2025-03-18T15:31:39.906+0100][6219.794s][info][gc,phases   ] GC(490)   Evacuate Collection Set: 3.7ms
[2025-03-18T15:31:39.906+0100][6219.794s][info][gc,phases   ] GC(490)   Post Evacuate Collection Set: 0.4ms
[2025-03-18T15:31:39.906+0100][6219.794s][info][gc,phases   ] GC(490)   Other: 0.1ms
[2025-03-18T15:31:39.906+0100][6219.794s][info][gc,heap     ] GC(490) Eden regions: 303->0(303)
[2025-03-18T15:31:39.906+0100][6219.794s][info][gc,heap     ] GC(490) Survivor regions: 4->4(39)
[2025-03-18T15:31:39.906+0100][6219.794s][info][gc,heap     ] GC(490) Old regions: 61->61
[2025-03-18T15:31:39.906+0100][6219.794s][info][gc,heap     ] GC(490) Humongous regions: 1->1
[2025-03-18T15:31:39.906+0100][6219.794s][info][gc,metaspace] GC(490) Metaspace: 28184K(28608K)->28184K(28608K) NonClass: 24543K(24768K)->24543K(24768K) Class: 3640K(3840K)->3640K(3840K)
[2025-03-18T15:31:39.906+0100][6219.794s][info][gc          ] GC(490) Pause Young (Normal) (G1 Evacuation Pause) 1470M->260M(2048M) 4.541ms
[2025-03-18T15:31:39.906+0100][6219.794s][info][gc,cpu      ] GC(490) User=0.03s Sys=0.00s Real=0.00s
[2025-03-18T15:31:56.859+0100][6236.747s][info][gc,start    ] GC(491) Pause Young (Normal) (G1 Evacuation Pause)
[2025-03-18T15:31:56.860+0100][6236.748s][info][gc,task     ] GC(491) Using 9 workers of 9 for evacuation
[2025-03-18T15:31:56.864+0100][6236.751s][info][gc,phases   ] GC(491)   Pre Evacuate Collection Set: 0.1ms
[2025-03-18T15:31:56.864+0100][6236.751s][info][gc,phases   ] GC(491)   Merge Heap Roots: 0.1ms
[2025-03-18T15:31:56.864+0100][6236.751s][info][gc,phases   ] GC(491)   Evacuate Collection Set: 3.2ms
[2025-03-18T15:31:56.864+0100][6236.752s][info][gc,phases   ] GC(491)   Post Evacuate Collection Set: 0.5ms
[2025-03-18T15:31:56.864+0100][6236.752s][info][gc,phases   ] GC(491)   Other: 0.0ms
[2025-03-18T15:31:56.864+0100][6236.752s][info][gc,heap     ] GC(491) Eden regions: 303->0(303)
[2025-03-18T15:31:56.864+0100][6236.752s][info][gc,heap     ] GC(491) Survivor regions: 4->4(39)
[2025-03-18T15:31:56.864+0100][6236.752s][info][gc,heap     ] GC(491) Old regions: 61->61
[2025-03-18T15:31:56.864+0100][6236.752s][info][gc,heap     ] GC(491) Humongous regions: 1->1
[2025-03-18T15:31:56.864+0100][6236.752s][info][gc,metaspace] GC(491) Metaspace: 28184K(28608K)->28184K(28608K) NonClass: 24543K(24768K)->24543K(24768K) Class: 3640K(3840K)->3640K(3840K)
[2025-03-18T15:31:56.864+0100][6236.752s][info][gc          ] GC(491) Pause Young (Normal) (G1 Evacuation Pause) 1472M->259M(2048M) 5.023ms
[2025-03-18T15:31:56.864+0100][6236.752s][info][gc,cpu      ] GC(491) User=0.03s Sys=0.00s Real=0.01s
[2025-03-18T15:32:14.381+0100][6254.268s][info][gc,start    ] GC(492) Pause Young (Normal) (G1 Evacuation Pause)
[2025-03-18T15:32:14.382+0100][6254.270s][info][gc,task     ] GC(492) Using 9 workers of 9 for evacuation
[2025-03-18T15:32:14.390+0100][6254.277s][info][gc,phases   ] GC(492)   Pre Evacuate Collection Set: 0.8ms
[2025-03-18T15:32:14.390+0100][6254.277s][info][gc,phases   ] GC(492)   Merge Heap Roots: 0.2ms
[2025-03-18T15:32:14.390+0100][6254.277s][info][gc,phases   ] GC(492)   Evacuate Collection Set: 5.3ms
[2025-03-18T15:32:14.390+0100][6254.277s][info][gc,phases   ] GC(492)   Post Evacuate Collection Set: 0.7ms
[2025-03-18T15:32:14.390+0100][6254.277s][info][gc,phases   ] GC(492)   Other: 0.2ms
[2025-03-18T15:32:14.390+0100][6254.277s][info][gc,heap     ] GC(492) Eden regions: 303->0(302)
[2025-03-18T15:32:14.390+0100][6254.277s][info][gc,heap     ] GC(492) Survivor regions: 4->5(39)
[2025-03-18T15:32:14.390+0100][6254.277s][info][gc,heap     ] GC(492) Old regions: 61->61
[2025-03-18T15:32:14.390+0100][6254.277s][info][gc,heap     ] GC(492) Humongous regions: 1->1
[2025-03-18T15:32:14.390+0100][6254.277s][info][gc,metaspace] GC(492) Metaspace: 28184K(28608K)->28184K(28608K) NonClass: 24543K(24768K)->24543K(24768K) Class: 3640K(3840K)->3640K(3840K)
[2025-03-18T15:32:14.390+0100][6254.277s][info][gc          ] GC(492) Pause Young (Normal) (G1 Evacuation Pause) 1471M->261M(2048M) 9.005ms
[2025-03-18T15:32:14.390+0100][6254.277s][info][gc,cpu      ] GC(492) User=0.03s Sys=0.02s Real=0.01s
[2025-03-18T15:32:31.853+0100][6271.740s][info][gc,start    ] GC(493) Pause Young (Normal) (G1 Evacuation Pause)
[2025-03-18T15:32:31.854+0100][6271.742s][info][gc,task     ] GC(493) Using 9 workers of 9 for evacuation
[2025-03-18T15:32:31.860+0100][6271.748s][info][gc,phases   ] GC(493)   Pre Evacuate Collection Set: 0.2ms
[2025-03-18T15:32:31.860+0100][6271.748s][info][gc,phases   ] GC(493)   Merge Heap Roots: 0.1ms
[2025-03-18T15:32:31.860+0100][6271.748s][info][gc,phases   ] GC(493)   Evacuate Collection Set: 5.1ms
[2025-03-18T15:32:31.860+0100][6271.748s][info][gc,phases   ] GC(493)   Post Evacuate Collection Set: 0.7ms
[2025-03-18T15:32:31.860+0100][6271.748s][info][gc,phases   ] GC(493)   Other: 0.1ms
[2025-03-18T15:32:31.860+0100][6271.748s][info][gc,heap     ] GC(493) Eden regions: 302->0(303)
[2025-03-18T15:32:31.860+0100][6271.748s][info][gc,heap     ] GC(493) Survivor regions: 5->4(39)
[2025-03-18T15:32:31.860+0100][6271.748s][info][gc,heap     ] GC(493) Old regions: 61->61
[2025-03-18T15:32:31.860+0100][6271.748s][info][gc,heap     ] GC(493) Humongous regions: 1->1
[2025-03-18T15:32:31.860+0100][6271.748s][info][gc,metaspace] GC(493) Metaspace: 28184K(28608K)->28184K(28608K) NonClass: 24543K(24768K)->24543K(24768K) Class: 3640K(3840K)->3640K(3840K)
[2025-03-18T15:32:31.860+0100][6271.748s][info][gc          ] GC(493) Pause Young (Normal) (G1 Evacuation Pause) 1469M->259M(2048M) 7.703ms
[2025-03-18T15:32:31.860+0100][6271.748s][info][gc,cpu      ] GC(493) User=0.04s Sys=0.01s Real=0.01s
[2025-03-18T15:32:48.870+0100][6288.757s][info][gc,start    ] GC(494) Pause Young (Normal) (G1 Evacuation Pause)
[2025-03-18T15:32:48.871+0100][6288.758s][info][gc,task     ] GC(494) Using 9 workers of 9 for evacuation
[2025-03-18T15:32:48.876+0100][6288.763s][info][gc,phases   ] GC(494)   Pre Evacuate Collection Set: 0.1ms
[2025-03-18T15:32:48.876+0100][6288.763s][info][gc,phases   ] GC(494)   Merge Heap Roots: 0.1ms
[2025-03-18T15:32:48.876+0100][6288.763s][info][gc,phases   ] GC(494)   Evacuate Collection Set: 4.2ms
[2025-03-18T15:32:48.876+0100][6288.763s][info][gc,phases   ] GC(494)   Post Evacuate Collection Set: 0.4ms
[2025-03-18T15:32:48.876+0100][6288.763s][info][gc,phases   ] GC(494)   Other: 0.1ms
[2025-03-18T15:32:48.876+0100][6288.763s][info][gc,heap     ] GC(494) Eden regions: 303->0(302)
[2025-03-18T15:32:48.876+0100][6288.763s][info][gc,heap     ] GC(494) Survivor regions: 4->5(39)
[2025-03-18T15:32:48.876+0100][6288.763s][info][gc,heap     ] GC(494) Old regions: 61->61
[2025-03-18T15:32:48.876+0100][6288.763s][info][gc,heap     ] GC(494) Humongous regions: 1->1
[2025-03-18T15:32:48.876+0100][6288.763s][info][gc,metaspace] GC(494) Metaspace: 28184K(28608K)->28184K(28608K) NonClass: 24543K(24768K)->24543K(24768K) Class: 3640K(3840K)->3640K(3840K)
[2025-03-18T15:32:48.876+0100][6288.763s][info][gc          ] GC(494) Pause Young (Normal) (G1 Evacuation Pause) 1471M->261M(2048M) 5.994ms
[2025-03-18T15:32:48.876+0100][6288.763s][info][gc,cpu      ] GC(494) User=0.03s Sys=0.01s Real=0.00s
[2025-03-18T15:33:05.431+0100][6305.319s][info][gc,start    ] GC(495) Pause Young (Normal) (G1 Evacuation Pause)
[2025-03-18T15:33:05.431+0100][6305.319s][info][gc,task     ] GC(495) Using 9 workers of 9 for evacuation
[2025-03-18T15:33:05.435+0100][6305.323s][info][gc,phases   ] GC(495)   Pre Evacuate Collection Set: 0.1ms
[2025-03-18T15:33:05.435+0100][6305.323s][info][gc,phases   ] GC(495)   Merge Heap Roots: 0.1ms
[2025-03-18T15:33:05.435+0100][6305.323s][info][gc,phases   ] GC(495)   Evacuate Collection Set: 3.2ms
[2025-03-18T15:33:05.435+0100][6305.323s][info][gc,phases   ] GC(495)   Post Evacuate Collection Set: 0.3ms
[2025-03-18T15:33:05.435+0100][6305.323s][info][gc,phases   ] GC(495)   Other: 0.1ms
[2025-03-18T15:33:05.435+0100][6305.323s][info][gc,heap     ] GC(495) Eden regions: 302->0(304)
[2025-03-18T15:33:05.435+0100][6305.323s][info][gc,heap     ] GC(495) Survivor regions: 5->3(39)
[2025-03-18T15:33:05.435+0100][6305.323s][info][gc,heap     ] GC(495) Old regions: 61->61
[2025-03-18T15:33:05.435+0100][6305.323s][info][gc,heap     ] GC(495) Humongous regions: 1->1
[2025-03-18T15:33:05.435+0100][6305.323s][info][gc,metaspace] GC(495) Metaspace: 28184K(28608K)->28184K(28608K) NonClass: 24543K(24768K)->24543K(24768K) Class: 3640K(3840K)->3640K(3840K)
[2025-03-18T15:33:05.435+0100][6305.323s][info][gc          ] GC(495) Pause Young (Normal) (G1 Evacuation Pause) 1469M->256M(2048M) 4.218ms
[2025-03-18T15:33:05.435+0100][6305.323s][info][gc,cpu      ] GC(495) User=0.03s Sys=0.00s Real=0.00s
[2025-03-18T15:33:19.852+0100][6319.740s][info][gc,start    ] GC(496) Pause Young (Normal) (G1 Evacuation Pause)
[2025-03-18T15:33:19.853+0100][6319.740s][info][gc,task     ] GC(496) Using 9 workers of 9 for evacuation
[2025-03-18T15:33:19.857+0100][6319.745s][info][gc,phases   ] GC(496)   Pre Evacuate Collection Set: 0.1ms
[2025-03-18T15:33:19.857+0100][6319.745s][info][gc,phases   ] GC(496)   Merge Heap Roots: 0.1ms
[2025-03-18T15:33:19.857+0100][6319.745s][info][gc,phases   ] GC(496)   Evacuate Collection Set: 3.4ms
[2025-03-18T15:33:19.857+0100][6319.745s][info][gc,phases   ] GC(496)   Post Evacuate Collection Set: 0.5ms
[2025-03-18T15:33:19.857+0100][6319.745s][info][gc,phases   ] GC(496)   Other: 0.1ms
[2025-03-18T15:33:19.857+0100][6319.745s][info][gc,heap     ] GC(496) Eden regions: 304->0(304)
[2025-03-18T15:33:19.857+0100][6319.745s][info][gc,heap     ] GC(496) Survivor regions: 3->3(39)
[2025-03-18T15:33:19.857+0100][6319.745s][info][gc,heap     ] GC(496) Old regions: 61->61
[2025-03-18T15:33:19.857+0100][6319.745s][info][gc,heap     ] GC(496) Humongous regions: 1->1
[2025-03-18T15:33:19.857+0100][6319.745s][info][gc,metaspace] GC(496) Metaspace: 28184K(28608K)->28184K(28608K) NonClass: 24543K(24768K)->24543K(24768K) Class: 3640K(3840K)->3640K(3840K)
[2025-03-18T15:33:19.857+0100][6319.745s][info][gc          ] GC(496) Pause Young (Normal) (G1 Evacuation Pause) 1472M->256M(2048M) 5.143ms
[2025-03-18T15:33:19.857+0100][6319.745s][info][gc,cpu      ] GC(496) User=0.03s Sys=0.00s Real=0.00s
[2025-03-18T15:33:37.347+0100][6337.234s][info][gc,start    ] GC(497) Pause Young (Normal) (G1 Evacuation Pause)
[2025-03-18T15:33:37.347+0100][6337.235s][info][gc,task     ] GC(497) Using 9 workers of 9 for evacuation
[2025-03-18T15:33:37.356+0100][6337.244s][info][gc,phases   ] GC(497)   Pre Evacuate Collection Set: 0.3ms
[2025-03-18T15:33:37.356+0100][6337.244s][info][gc,phases   ] GC(497)   Merge Heap Roots: 0.1ms
[2025-03-18T15:33:37.356+0100][6337.244s][info][gc,phases   ] GC(497)   Evacuate Collection Set: 8.1ms
[2025-03-18T15:33:37.356+0100][6337.244s][info][gc,phases   ] GC(497)   Post Evacuate Collection Set: 0.5ms
[2025-03-18T15:33:37.356+0100][6337.244s][info][gc,phases   ] GC(497)   Other: 0.2ms
[2025-03-18T15:33:37.356+0100][6337.244s][info][gc,heap     ] GC(497) Eden regions: 304->0(304)
[2025-03-18T15:33:37.356+0100][6337.244s][info][gc,heap     ] GC(497) Survivor regions: 3->3(39)
[2025-03-18T15:33:37.356+0100][6337.244s][info][gc,heap     ] GC(497) Old regions: 61->61
[2025-03-18T15:33:37.356+0100][6337.244s][info][gc,heap     ] GC(497) Humongous regions: 1->1
[2025-03-18T15:33:37.356+0100][6337.244s][info][gc,metaspace] GC(497) Metaspace: 28184K(28608K)->28184K(28608K) NonClass: 24543K(24768K)->24543K(24768K) Class: 3640K(3840K)->3640K(3840K)
[2025-03-18T15:33:37.356+0100][6337.244s][info][gc          ] GC(497) Pause Young (Normal) (G1 Evacuation Pause) 1472M->256M(2048M) 9.856ms
[2025-03-18T15:33:37.356+0100][6337.244s][info][gc,cpu      ] GC(497) User=0.04s Sys=0.01s Real=0.01s
[2025-03-18T15:33:54.364+0100][6354.252s][info][gc,start    ] GC(498) Pause Young (Normal) (G1 Evacuation Pause)
[2025-03-18T15:33:54.365+0100][6354.252s][info][gc,task     ] GC(498) Using 9 workers of 9 for evacuation
[2025-03-18T15:33:54.370+0100][6354.257s][info][gc,phases   ] GC(498)   Pre Evacuate Collection Set: 0.1ms
[2025-03-18T15:33:54.370+0100][6354.257s][info][gc,phases   ] GC(498)   Merge Heap Roots: 0.1ms
[2025-03-18T15:33:54.370+0100][6354.258s][info][gc,phases   ] GC(498)   Evacuate Collection Set: 4.5ms
[2025-03-18T15:33:54.370+0100][6354.258s][info][gc,phases   ] GC(498)   Post Evacuate Collection Set: 0.4ms
[2025-03-18T15:33:54.370+0100][6354.258s][info][gc,phases   ] GC(498)   Other: 0.1ms
[2025-03-18T15:33:54.370+0100][6354.258s][info][gc,heap     ] GC(498) Eden regions: 304->0(302)
[2025-03-18T15:33:54.370+0100][6354.258s][info][gc,heap     ] GC(498) Survivor regions: 3->5(39)
[2025-03-18T15:33:54.370+0100][6354.258s][info][gc,heap     ] GC(498) Old regions: 61->61
[2025-03-18T15:33:54.370+0100][6354.258s][info][gc,heap     ] GC(498) Humongous regions: 1->1
[2025-03-18T15:33:54.370+0100][6354.258s][info][gc,metaspace] GC(498) Metaspace: 28184K(28608K)->28184K(28608K) NonClass: 24543K(24768K)->24543K(24768K) Class: 3640K(3840K)->3640K(3840K)
[2025-03-18T15:33:54.370+0100][6354.258s][info][gc          ] GC(498) Pause Young (Normal) (G1 Evacuation Pause) 1472M->262M(2048M) 5.682ms
[2025-03-18T15:33:54.370+0100][6354.258s][info][gc,cpu      ] GC(498) User=0.03s Sys=0.00s Real=0.01s
[2025-03-18T15:34:06.869+0100][6366.757s][info][gc,start    ] GC(499) Pause Young (Normal) (G1 Evacuation Pause)
[2025-03-18T15:34:06.870+0100][6366.758s][info][gc,task     ] GC(499) Using 9 workers of 9 for evacuation
[2025-03-18T15:34:06.877+0100][6366.764s][info][gc,phases   ] GC(499)   Pre Evacuate Collection Set: 0.2ms
[2025-03-18T15:34:06.877+0100][6366.764s][info][gc,phases   ] GC(499)   Merge Heap Roots: 0.1ms
[2025-03-18T15:34:06.877+0100][6366.764s][info][gc,phases   ] GC(499)   Evacuate Collection Set: 5.6ms
[2025-03-18T15:34:06.877+0100][6366.764s][info][gc,phases   ] GC(499)   Post Evacuate Collection Set: 0.5ms
[2025-03-18T15:34:06.877+0100][6366.764s][info][gc,phases   ] GC(499)   Other: 0.1ms
[2025-03-18T15:34:06.877+0100][6366.764s][info][gc,heap     ] GC(499) Eden regions: 302->0(302)
[2025-03-18T15:34:06.877+0100][6366.764s][info][gc,heap     ] GC(499) Survivor regions: 5->5(39)
[2025-03-18T15:34:06.877+0100][6366.764s][info][gc,heap     ] GC(499) Old regions: 61->61
[2025-03-18T15:34:06.877+0100][6366.764s][info][gc,heap     ] GC(499) Humongous regions: 1->1
[2025-03-18T15:34:06.877+0100][6366.764s][info][gc,metaspace] GC(499) Metaspace: 28184K(28608K)->28184K(28608K) NonClass: 24543K(24768K)->24543K(24768K) Class: 3640K(3840K)->3640K(3840K)
[2025-03-18T15:34:06.877+0100][6366.764s][info][gc          ] GC(499) Pause Young (Normal) (G1 Evacuation Pause) 1470M->263M(2048M) 7.533ms
[2025-03-18T15:34:06.877+0100][6366.764s][info][gc,cpu      ] GC(499) User=0.04s Sys=0.01s Real=0.01s
[2025-03-18T15:34:24.357+0100][6384.244s][info][gc,start    ] GC(500) Pause Young (Normal) (G1 Evacuation Pause)
[2025-03-18T15:34:24.358+0100][6384.245s][info][gc,task     ] GC(500) Using 9 workers of 9 for evacuation
[2025-03-18T15:34:24.362+0100][6384.250s][info][gc,phases   ] GC(500)   Pre Evacuate Collection Set: 0.1ms
[2025-03-18T15:34:24.362+0100][6384.250s][info][gc,phases   ] GC(500)   Merge Heap Roots: 0.1ms
[2025-03-18T15:34:24.362+0100][6384.250s][info][gc,phases   ] GC(500)   Evacuate Collection Set: 3.5ms
[2025-03-18T15:34:24.362+0100][6384.250s][info][gc,phases   ] GC(500)   Post Evacuate Collection Set: 0.4ms
[2025-03-18T15:34:24.362+0100][6384.250s][info][gc,phases   ] GC(500)   Other: 0.1ms
[2025-03-18T15:34:24.362+0100][6384.250s][info][gc,heap     ] GC(500) Eden regions: 302->0(303)
[2025-03-18T15:34:24.362+0100][6384.250s][info][gc,heap     ] GC(500) Survivor regions: 5->4(39)
[2025-03-18T15:34:24.362+0100][6384.250s][info][gc,heap     ] GC(500) Old regions: 61->61
[2025-03-18T15:34:24.362+0100][6384.250s][info][gc,heap     ] GC(500) Humongous regions: 1->1
[2025-03-18T15:34:24.362+0100][6384.250s][info][gc,metaspace] GC(500) Metaspace: 28184K(28608K)->28184K(28608K) NonClass: 24543K(24768K)->24543K(24768K) Class: 3640K(3840K)->3640K(3840K)
[2025-03-18T15:34:24.362+0100][6384.250s][info][gc          ] GC(500) Pause Young (Normal) (G1 Evacuation Pause) 1471M->260M(2048M) 5.342ms
[2025-03-18T15:34:24.362+0100][6384.250s][info][gc,cpu      ] GC(500) User=0.03s Sys=0.00s Real=0.01s
[2025-03-18T15:34:32.555+0100][6392.443s][info][gc,start    ] GC(501) Pause Young (Concurrent Start) (CodeCache GC Threshold)
[2025-03-18T15:34:32.556+0100][6392.444s][info][gc,task     ] GC(501) Using 9 workers of 9 for evacuation
[2025-03-18T15:34:32.559+0100][6392.447s][info][gc,phases   ] GC(501)   Pre Evacuate Collection Set: 0.2ms
[2025-03-18T15:34:32.559+0100][6392.447s][info][gc,phases   ] GC(501)   Merge Heap Roots: 0.1ms
[2025-03-18T15:34:32.559+0100][6392.447s][info][gc,phases   ] GC(501)   Evacuate Collection Set: 2.4ms
[2025-03-18T15:34:32.559+0100][6392.447s][info][gc,phases   ] GC(501)   Post Evacuate Collection Set: 0.4ms
[2025-03-18T15:34:32.559+0100][6392.447s][info][gc,phases   ] GC(501)   Other: 0.1ms
[2025-03-18T15:34:32.559+0100][6392.447s][info][gc,heap     ] GC(501) Eden regions: 191->0(304)
[2025-03-18T15:34:32.559+0100][6392.447s][info][gc,heap     ] GC(501) Survivor regions: 4->3(39)
[2025-03-18T15:34:32.559+0100][6392.447s][info][gc,heap     ] GC(501) Old regions: 61->61
[2025-03-18T15:34:32.559+0100][6392.447s][info][gc,heap     ] GC(501) Humongous regions: 1->1
[2025-03-18T15:34:32.559+0100][6392.447s][info][gc,metaspace] GC(501) Metaspace: 28184K(28608K)->28184K(28608K) NonClass: 24543K(24768K)->24543K(24768K) Class: 3640K(3840K)->3640K(3840K)
[2025-03-18T15:34:32.559+0100][6392.447s][info][gc          ] GC(501) Pause Young (Concurrent Start) (CodeCache GC Threshold) 1020M->256M(2048M) 4.142ms
[2025-03-18T15:34:32.559+0100][6392.447s][info][gc,cpu      ] GC(501) User=0.02s Sys=0.01s Real=0.00s
[2025-03-18T15:34:32.559+0100][6392.447s][info][gc          ] GC(502) Concurrent Mark Cycle
[2025-03-18T15:34:32.559+0100][6392.447s][info][gc,marking  ] GC(502) Concurrent Scan Root Regions
[2025-03-18T15:34:32.562+0100][6392.449s][info][gc,marking  ] GC(502) Concurrent Scan Root Regions 2.537ms
[2025-03-18T15:34:32.562+0100][6392.449s][info][gc,marking  ] GC(502) Concurrent Mark
[2025-03-18T15:34:32.562+0100][6392.449s][info][gc,marking  ] GC(502) Concurrent Mark From Roots
[2025-03-18T15:34:32.562+0100][6392.449s][info][gc,task     ] GC(502) Using 2 workers of 2 for marking
[2025-03-18T15:34:32.729+0100][6392.616s][info][gc,marking  ] GC(502) Concurrent Mark From Roots 166.752ms
[2025-03-18T15:34:32.729+0100][6392.616s][info][gc,marking  ] GC(502) Concurrent Preclean
[2025-03-18T15:34:32.729+0100][6392.616s][info][gc,marking  ] GC(502) Concurrent Preclean 0.242ms
[2025-03-18T15:34:32.729+0100][6392.616s][info][gc,start    ] GC(502) Pause Remark
[2025-03-18T15:34:32.748+0100][6392.635s][info][gc          ] GC(502) Pause Remark 293M->293M(2048M) 18.578ms
[2025-03-18T15:34:32.748+0100][6392.635s][info][gc,cpu      ] GC(502) User=0.03s Sys=0.06s Real=0.02s
[2025-03-18T15:34:32.748+0100][6392.635s][info][gc,marking  ] GC(502) Concurrent Mark 185.798ms
[2025-03-18T15:34:32.748+0100][6392.635s][info][gc,marking  ] GC(502) Concurrent Rebuild Remembered Sets and Scrub Regions
[2025-03-18T15:34:32.843+0100][6392.731s][info][gc,marking  ] GC(502) Concurrent Rebuild Remembered Sets and Scrub Regions 95.633ms
[2025-03-18T15:34:32.844+0100][6392.731s][info][gc,start    ] GC(502) Pause Cleanup
[2025-03-18T15:34:32.844+0100][6392.731s][info][gc          ] GC(502) Pause Cleanup 312M->312M(2048M) 0.131ms
[2025-03-18T15:34:32.844+0100][6392.731s][info][gc,cpu      ] GC(502) User=0.00s Sys=0.00s Real=0.00s
[2025-03-18T15:34:32.844+0100][6392.731s][info][gc,marking  ] GC(502) Concurrent Clear Claimed Marks
[2025-03-18T15:34:32.844+0100][6392.731s][info][gc,marking  ] GC(502) Concurrent Clear Claimed Marks 0.028ms
[2025-03-18T15:34:32.844+0100][6392.731s][info][gc,marking  ] GC(502) Concurrent Cleanup for Next Mark
[2025-03-18T15:34:32.849+0100][6392.736s][info][gc,marking  ] GC(502) Concurrent Cleanup for Next Mark 4.847ms
[2025-03-18T15:34:32.849+0100][6392.736s][info][gc          ] GC(502) Concurrent Mark Cycle 289.311ms
[2025-03-18T15:34:46.918+0100][6406.806s][info][gc,start    ] GC(503) Pause Young (Prepare Mixed) (G1 Evacuation Pause)
[2025-03-18T15:34:46.919+0100][6406.807s][info][gc,task     ] GC(503) Using 9 workers of 9 for evacuation
[2025-03-18T15:34:46.923+0100][6406.810s][info][gc,phases   ] GC(503)   Pre Evacuate Collection Set: 0.2ms
[2025-03-18T15:34:46.923+0100][6406.810s][info][gc,phases   ] GC(503)   Merge Heap Roots: 0.1ms
[2025-03-18T15:34:46.923+0100][6406.810s][info][gc,phases   ] GC(503)   Evacuate Collection Set: 2.7ms
[2025-03-18T15:34:46.923+0100][6406.810s][info][gc,phases   ] GC(503)   Post Evacuate Collection Set: 0.4ms
[2025-03-18T15:34:46.923+0100][6406.810s][info][gc,phases   ] GC(503)   Other: 0.1ms
[2025-03-18T15:34:46.923+0100][6406.810s][info][gc,heap     ] GC(503) Eden regions: 304->0(304)
[2025-03-18T15:34:46.923+0100][6406.810s][info][gc,heap     ] GC(503) Survivor regions: 3->3(39)
[2025-03-18T15:34:46.923+0100][6406.810s][info][gc,heap     ] GC(503) Old regions: 61->61
[2025-03-18T15:34:46.923+0100][6406.810s][info][gc,heap     ] GC(503) Humongous regions: 1->1
[2025-03-18T15:34:46.923+0100][6406.810s][info][gc,metaspace] GC(503) Metaspace: 28065K(28608K)->28065K(28608K) NonClass: 24458K(24768K)->24458K(24768K) Class: 3606K(3840K)->3606K(3840K)
[2025-03-18T15:34:46.923+0100][6406.810s][info][gc          ] GC(503) Pause Young (Prepare Mixed) (G1 Evacuation Pause) 1472M->256M(2048M) 4.419ms
[2025-03-18T15:34:46.923+0100][6406.810s][info][gc,cpu      ] GC(503) User=0.02s Sys=0.00s Real=0.01s
[2025-03-18T15:35:04.853+0100][6424.741s][info][gc,start    ] GC(504) Pause Young (Mixed) (G1 Evacuation Pause)
[2025-03-18T15:35:04.855+0100][6424.742s][info][gc,task     ] GC(504) Using 9 workers of 9 for evacuation
[2025-03-18T15:35:04.869+0100][6424.756s][info][gc,phases   ] GC(504)   Pre Evacuate Collection Set: 0.2ms
[2025-03-18T15:35:04.869+0100][6424.756s][info][gc,phases   ] GC(504)   Merge Heap Roots: 0.1ms
[2025-03-18T15:35:04.869+0100][6424.756s][info][gc,phases   ] GC(504)   Evacuate Collection Set: 12.9ms
[2025-03-18T15:35:04.869+0100][6424.756s][info][gc,phases   ] GC(504)   Post Evacuate Collection Set: 0.6ms
[2025-03-18T15:35:04.869+0100][6424.756s][info][gc,phases   ] GC(504)   Other: 0.1ms
[2025-03-18T15:35:04.869+0100][6424.756s][info][gc,heap     ] GC(504) Eden regions: 304->0(303)
[2025-03-18T15:35:04.869+0100][6424.756s][info][gc,heap     ] GC(504) Survivor regions: 3->4(39)
[2025-03-18T15:35:04.869+0100][6424.756s][info][gc,heap     ] GC(504) Old regions: 61->58
[2025-03-18T15:35:04.869+0100][6424.756s][info][gc,heap     ] GC(504) Humongous regions: 1->1
[2025-03-18T15:35:04.869+0100][6424.756s][info][gc,metaspace] GC(504) Metaspace: 28065K(28608K)->28065K(28608K) NonClass: 24458K(24768K)->24458K(24768K) Class: 3606K(3840K)->3606K(3840K)
[2025-03-18T15:35:04.869+0100][6424.756s][info][gc          ] GC(504) Pause Young (Mixed) (G1 Evacuation Pause) 1472M->247M(2048M) 15.365ms
[2025-03-18T15:35:04.869+0100][6424.756s][info][gc,cpu      ] GC(504) User=0.02s Sys=0.04s Real=0.01s
[2025-03-18T15:35:22.359+0100][6442.246s][info][gc,start    ] GC(505) Pause Young (Normal) (G1 Evacuation Pause)
[2025-03-18T15:35:22.359+0100][6442.247s][info][gc,task     ] GC(505) Using 9 workers of 9 for evacuation
[2025-03-18T15:35:22.364+0100][6442.251s][info][gc,phases   ] GC(505)   Pre Evacuate Collection Set: 0.2ms
[2025-03-18T15:35:22.364+0100][6442.251s][info][gc,phases   ] GC(505)   Merge Heap Roots: 0.1ms
[2025-03-18T15:35:22.364+0100][6442.251s][info][gc,phases   ] GC(505)   Evacuate Collection Set: 3.7ms
[2025-03-18T15:35:22.364+0100][6442.251s][info][gc,phases   ] GC(505)   Post Evacuate Collection Set: 0.4ms
[2025-03-18T15:35:22.364+0100][6442.251s][info][gc,phases   ] GC(505)   Other: 0.1ms
[2025-03-18T15:35:22.364+0100][6442.251s][info][gc,heap     ] GC(505) Eden regions: 303->0(303)
[2025-03-18T15:35:22.364+0100][6442.251s][info][gc,heap     ] GC(505) Survivor regions: 4->4(39)
[2025-03-18T15:35:22.364+0100][6442.251s][info][gc,heap     ] GC(505) Old regions: 58->58
[2025-03-18T15:35:22.364+0100][6442.251s][info][gc,heap     ] GC(505) Humongous regions: 1->1
[2025-03-18T15:35:22.364+0100][6442.251s][info][gc,metaspace] GC(505) Metaspace: 28065K(28608K)->28065K(28608K) NonClass: 24458K(24768K)->24458K(24768K) Class: 3606K(3840K)->3606K(3840K)
[2025-03-18T15:35:22.364+0100][6442.251s][info][gc          ] GC(505) Pause Young (Normal) (G1 Evacuation Pause) 1459M->248M(2048M) 4.885ms
[2025-03-18T15:35:22.364+0100][6442.251s][info][gc,cpu      ] GC(505) User=0.02s Sys=0.01s Real=0.01s
[2025-03-18T15:35:39.863+0100][6459.751s][info][gc,start    ] GC(506) Pause Young (Normal) (G1 Evacuation Pause)
[2025-03-18T15:35:39.864+0100][6459.752s][info][gc,task     ] GC(506) Using 9 workers of 9 for evacuation
[2025-03-18T15:35:39.873+0100][6459.760s][info][gc,phases   ] GC(506)   Pre Evacuate Collection Set: 0.3ms
[2025-03-18T15:35:39.873+0100][6459.760s][info][gc,phases   ] GC(506)   Merge Heap Roots: 0.1ms
[2025-03-18T15:35:39.873+0100][6459.760s][info][gc,phases   ] GC(506)   Evacuate Collection Set: 7.1ms
[2025-03-18T15:35:39.873+0100][6459.760s][info][gc,phases   ] GC(506)   Post Evacuate Collection Set: 0.7ms
[2025-03-18T15:35:39.873+0100][6459.760s][info][gc,phases   ] GC(506)   Other: 0.1ms
[2025-03-18T15:35:39.873+0100][6459.760s][info][gc,heap     ] GC(506) Eden regions: 303->0(303)
[2025-03-18T15:35:39.873+0100][6459.760s][info][gc,heap     ] GC(506) Survivor regions: 4->4(39)
[2025-03-18T15:35:39.873+0100][6459.760s][info][gc,heap     ] GC(506) Old regions: 58->58
[2025-03-18T15:35:39.873+0100][6459.760s][info][gc,heap     ] GC(506) Humongous regions: 1->1
[2025-03-18T15:35:39.873+0100][6459.760s][info][gc,metaspace] GC(506) Metaspace: 28065K(28608K)->28065K(28608K) NonClass: 24458K(24768K)->24458K(24768K) Class: 3606K(3840K)->3606K(3840K)
[2025-03-18T15:35:39.873+0100][6459.760s][info][gc          ] GC(506) Pause Young (Normal) (G1 Evacuation Pause) 1460M->249M(2048M) 9.419ms
[2025-03-18T15:35:39.873+0100][6459.760s][info][gc,cpu      ] GC(506) User=0.03s Sys=0.02s Real=0.01s
[2025-03-18T15:35:57.385+0100][6477.272s][info][gc,start    ] GC(507) Pause Young (Normal) (G1 Evacuation Pause)
[2025-03-18T15:35:57.386+0100][6477.273s][info][gc,task     ] GC(507) Using 9 workers of 9 for evacuation
[2025-03-18T15:35:57.402+0100][6477.289s][info][gc,phases   ] GC(507)   Pre Evacuate Collection Set: 1.0ms
[2025-03-18T15:35:57.402+0100][6477.289s][info][gc,phases   ] GC(507)   Merge Heap Roots: 0.2ms
[2025-03-18T15:35:57.402+0100][6477.289s][info][gc,phases   ] GC(507)   Evacuate Collection Set: 13.9ms
[2025-03-18T15:35:57.402+0100][6477.289s][info][gc,phases   ] GC(507)   Post Evacuate Collection Set: 0.8ms
[2025-03-18T15:35:57.402+0100][6477.289s][info][gc,phases   ] GC(507)   Other: 0.2ms
[2025-03-18T15:35:57.402+0100][6477.289s][info][gc,heap     ] GC(507) Eden regions: 303->0(303)
[2025-03-18T15:35:57.402+0100][6477.289s][info][gc,heap     ] GC(507) Survivor regions: 4->4(39)
[2025-03-18T15:35:57.402+0100][6477.289s][info][gc,heap     ] GC(507) Old regions: 58->58
[2025-03-18T15:35:57.402+0100][6477.289s][info][gc,heap     ] GC(507) Humongous regions: 1->1
[2025-03-18T15:35:57.402+0100][6477.289s][info][gc,metaspace] GC(507) Metaspace: 28065K(28608K)->28065K(28608K) NonClass: 24458K(24768K)->24458K(24768K) Class: 3606K(3840K)->3606K(3840K)
[2025-03-18T15:35:57.402+0100][6477.289s][info][gc          ] GC(507) Pause Young (Normal) (G1 Evacuation Pause) 1461M->249M(2048M) 16.993ms
[2025-03-18T15:35:57.402+0100][6477.289s][info][gc,cpu      ] GC(507) User=0.03s Sys=0.03s Real=0.02s
[2025-03-18T15:36:09.613+0100][6489.500s][info][gc,heap,exit] Heap
[2025-03-18T15:36:09.613+0100][6489.500s][info][gc,heap,exit]  garbage-first heap   total 2097152K, used 1122265K [0x0000000700000000, 0x0000000800000000)
[2025-03-18T15:36:09.613+0100][6489.500s][info][gc,heap,exit]   region size 4096K, 216 young (884736K), 4 survivors (16384K)
[2025-03-18T15:36:09.613+0100][6489.500s][info][gc,heap,exit]  Metaspace       used 28069K, committed 28608K, reserved 1114112K
[2025-03-18T15:36:09.613+0100][6489.500s][info][gc,heap,exit]   class space    used 3607K, committed 3840K, reserved 1048576K
